B|2935|0|1|answer|number|na|answer|bigint|na|7|
B|2936|0|1|answer|bigint|na|answer|number|na|7|
B|2937|0|1|answer|number|na|answer|bigint|na|7|
B|2938|0|1|answer|bigint|na|answer|number|na|7|
B|2939|9223372036854775295|9223372036854775296|answer|boolean|exact|answer|boolean|inexact|65|
B|2940|9223372036854775295|9223372036854775296|answer|boolean|exact|answer|boolean|inexact|65|
B|2941|0|1|answer|number|na|answer|bigint|na|7|
B|2942|0|1|answer|bigint|na|answer|number|na|7|
B|2943|9223372036854775295|9223372036854775296|answer|boolean|exact|answer|boolean|inexact|65|
B|2944|9223372036854775295|9223372036854775296|answer|boolean|exact|answer|boolean|inexact|65|
B|2945|0|1|answer|number|na|answer|bigint|na|7|
B|2946|0|1|answer|bigint|na|answer|number|na|7|
B|2947|9007199254740992|9007199254740993|answer|boolean|exact|answer|boolean|inexact|55|
B|2948|9007199254740993|9007199254740994|answer|boolean|inexact|answer|boolean|exact|64|
B|2949|9007199254740992|9007199254740993|answer|boolean|exact|answer|boolean|inexact|55|
B|2950|9007199254740993|9007199254740994|answer|boolean|inexact|answer|boolean|exact|64|
B|2951|0|1|answer|number|na|answer|bigint|na|7|
B|2952|0|1|answer|bigint|na|answer|number|na|7|
B|2953|18446744073709550591|18446744073709550592|answer|boolean|exact|answer|boolean|inexact|65|
B|2954|18446744073709550591|18446744073709550592|answer|boolean|exact|answer|boolean|inexact|65|
B|2955|0|1|answer|number|na|answer|bigint|na|7|
B|2956|0|1|answer|bigint|na|answer|number|na|7|
B|3372|9223372036854775295|9223372036854775296|answer|boolean|exact|answer|boolean|inexact|65|
B|3373|9223372036854775295|9223372036854775296|answer|boolean|exact|answer|boolean|inexact|65|
B|3374|9223372036854775295|9223372036854775296|answer|boolean|exact|answer|boolean|inexact|65|
B|3375|9223372036854775295|9223372036854775296|answer|boolean|exact|answer|boolean|inexact|65|
B|3376|9007199254740992|9007199254740993|answer|boolean|exact|answer|boolean|inexact|55|
B|3377|9007199254740993|9007199254740994|answer|boolean|inexact|answer|boolean|exact|64|
B|3378|9007199254740992|9007199254740993|answer|boolean|exact|answer|boolean|inexact|55|
B|3379|9007199254740993|9007199254740994|answer|boolean|inexact|answer|boolean|exact|64|
B|3380|18446744073709550591|18446744073709550592|answer|boolean|exact|answer|boolean|inexact|65|
B|3381|18446744073709550591|18446744073709550592|answer|boolean|exact|answer|boolean|inexact|65|
B|3382|0|1|raise|RangeError|na|answer|bigint|na|7|
B|3383|0|1|raise|RangeError|na|answer|bigint|na|7|
B|3386|0|1|raise|RangeError|na|answer|bigint|na|7|
B|3387|0|1|raise|RangeError|na|answer|bigint|na|7|
B|3388|0|1|raise|RangeError|na|answer|bigint|na|7|
B|3389|0|1|raise|RangeError|na|answer|bigint|na|7|
B|3392|0|1|raise|RangeError|na|answer|bigint|na|7|
B|3393|0|1|raise|RangeError|na|answer|bigint|na|7|
B|3396|0|1|raise|RangeError|na|answer|bigint|na|7|
B|3397|0|1|raise|RangeError|na|answer|bigint|na|7|
B|3400|0|1|raise|RangeError|na|answer|bigint|na|7|
B|3401|0|1|raise|RangeError|na|answer|bigint|na|7|
