B|1954|0|1|answer|Int64|exact|answer|Int64|inexact|7|
B|1955|1|2|answer|Int64|exact|answer|Int64|inexact|7|
B|1964|9223372036854775765|9223372036854775766|answer|Int64|exact|answer|Int64|inexact|65|
B|1965|219604096115589900|219604096115589901|answer|Int64|exact|answer|Int64|inexact|65|
B|1966|9223372036854775765|9223372036854775766|answer|Int64|exact|answer|Int64|inexact|65|
B|1967|219604096115589900|219604096115589901|answer|Int64|exact|answer|Int64|inexact|65|
B|1968|0|1|answer|Int64|exact|answer|Int64|inexact|7|
B|1969|1|2|answer|Int64|exact|answer|Int64|inexact|7|
B|1970|9214364837600034814|9214364837600034815|answer|Int64|exact|answer|Int64|inexact|65|
B|1971|1023|1024|answer|Int64|exact|answer|Int64|inexact|55|
B|1972|9223372036854775765|9223372036854775766|answer|Int64|exact|answer|Int64|inexact|65|
B|1973|219604096115589900|219604096115589901|answer|Int64|exact|answer|Int64|inexact|65|
B|1992|18446744073709551573|18446744073709551574|answer|UInt64|exact|answer|UInt64|inexact|65|
B|1993|41|42|answer|UInt64|inexact|answer|UInt64|exact|8|
B|1994|439208192231179800|439208192231179801|answer|UInt64|exact|answer|UInt64|inexact|65|
B|1995|9223372036854775808|9223372036854775809|answer|UInt64|exact|answer|UInt64|inexact|64|
B|1996|9223372036854775806|9223372036854775807|answer|UInt64|inexact|answer|UInt64|exact|65|
B|1997|2|3|answer|UInt64|exact|answer|UInt64|inexact|7|
B|1998|1|2|answer|UInt64|exact|answer|UInt64|inexact|7|
B|1999|18437736874454810622|18437736874454810623|answer|UInt64|exact|answer|UInt64|inexact|65|
B|2000|9007199254740992|9007199254740993|answer|UInt64|inexact|answer|UInt64|exact|55|
B|2001|2047|2048|answer|UInt64|exact|answer|UInt64|inexact|55|
B|2002|0|1|answer|UInt64|exact|answer|UInt64|inexact|7|
B|2003|18446744073709551614|18446744073709551615|answer|UInt64|inexact|answer|UInt64|exact|65|
B|2004|1|2|answer|UInt64|exact|answer|UInt64|inexact|7|
B|2031|0|1|answer|Int64|exact|answer|Int64|inexact|7|
B|2032|1|2|answer|Int64|exact|answer|Int64|inexact|7|
B|2041|0|1|raise|DivideByZeroException|na|answer|Int32|na|7|
B|2042|0|1|raise|DivideByZeroException|na|answer|Int32|na|7|
B|2043|0|1|raise|DivideByZeroException|na|answer|Int32|na|7|
B|2044|0|1|raise|DivideByZeroException|na|answer|Int32|na|7|
B|2045|9223372036854775765|9223372036854775766|answer|Int64|exact|answer|Int64|inexact|65|
B|2046|219604096115589900|219604096115589901|answer|Int64|exact|answer|Int64|inexact|65|
B|2047|0|1|raise|DivideByZeroException|na|answer|Int64|na|7|
B|2048|0|1|raise|DivideByZeroException|na|answer|Int64|na|7|
B|2049|0|1|raise|DivideByZeroException|na|answer|Int64|na|7|
B|2050|0|1|raise|DivideByZeroException|na|answer|Int64|na|7|
B|2051|0|1|raise|DivideByZeroException|na|answer|BigInteger|na|7|
B|2052|0|1|raise|DivideByZeroException|na|answer|BigInteger|na|7|
B|2053|0|1|raise|DivideByZeroException|na|answer|BigInteger|na|7|
B|2054|0|1|raise|DivideByZeroException|na|answer|BigInteger|na|7|
B|2055|0|1|raise|DivideByZeroException|na|answer|Int32|na|7|
B|2056|0|1|raise|DivideByZeroException|na|answer|Int32|na|7|
B|2057|0|1|raise|DivideByZeroException|na|answer|Int32|na|7|
B|2058|0|1|raise|DivideByZeroException|na|answer|Int32|na|7|
B|2059|0|1|raise|DivideByZeroException|na|answer|Int64|na|7|
B|2060|0|1|raise|DivideByZeroException|na|answer|Int64|na|7|
B|2061|0|1|raise|DivideByZeroException|na|answer|Int64|na|7|
B|2062|0|1|raise|DivideByZeroException|na|answer|Int64|na|7|
B|2063|0|1|answer|Int64|exact|answer|Int64|inexact|7|
B|2064|1|2|answer|Int64|exact|answer|Int64|inexact|7|
B|2065|0|1|raise|DivideByZeroException|na|answer|Int64|na|7|
B|2066|0|1|raise|DivideByZeroException|na|answer|Int64|na|7|
B|2067|0|1|raise|DivideByZeroException|na|answer|Int64|na|7|
B|2068|0|1|raise|DivideByZeroException|na|answer|Int64|na|7|
B|2069|9223372036854775765|9223372036854775766|answer|Int64|exact|answer|Int64|inexact|65|
B|2070|219604096115589900|219604096115589901|answer|Int64|exact|answer|Int64|inexact|65|
B|2071|0|1|raise|DivideByZeroException|na|answer|Int64|na|7|
B|2072|0|1|raise|DivideByZeroException|na|answer|Int64|na|7|
B|2073|0|1|raise|DivideByZeroException|na|answer|Int64|na|7|
B|2074|0|1|raise|DivideByZeroException|na|answer|Int64|na|7|
B|2075|0|1|answer|Int64|exact|answer|Int64|inexact|7|
B|2076|1|2|answer|Int64|exact|answer|Int64|inexact|7|
B|2077|0|1|raise|DivideByZeroException|na|answer|Int64|na|7|
B|2078|0|1|raise|DivideByZeroException|na|answer|Int64|na|7|
B|2079|9214364837600034814|9214364837600034815|answer|Int64|exact|answer|Int64|inexact|65|
B|2080|1023|1024|answer|Int64|exact|answer|Int64|inexact|55|
B|2081|0|1|raise|DivideByZeroException|na|answer|Int64|na|7|
B|2082|0|1|raise|DivideByZeroException|na|answer|Int64|na|7|
B|2083|0|1|raise|DivideByZeroException|na|answer|BigInteger|na|7|
B|2084|0|1|raise|DivideByZeroException|na|answer|BigInteger|na|7|
B|2085|0|1|raise|DivideByZeroException|na|answer|BigInteger|na|7|
B|2086|0|1|raise|DivideByZeroException|na|answer|BigInteger|na|7|
B|2087|0|1|raise|DivideByZeroException|na|answer|BigInteger|na|7|
B|2088|0|1|raise|DivideByZeroException|na|answer|BigInteger|na|7|
B|2089|0|1|raise|DivideByZeroException|na|answer|BigInteger|na|7|
B|2090|0|1|raise|DivideByZeroException|na|answer|BigInteger|na|7|
B|2091|0|1|raise|DivideByZeroException|na|answer|Int64|na|7|
B|2092|0|1|raise|DivideByZeroException|na|answer|Int64|na|7|
B|2093|0|1|raise|DivideByZeroException|na|answer|Int64|na|7|
B|2094|0|1|raise|DivideByZeroException|na|answer|Int64|na|7|
B|2095|0|1|answer|Int64|exact|answer|Int64|inexact|7|
B|2096|1|2|answer|Int64|exact|answer|Int64|inexact|7|
B|2097|0|1|raise|DivideByZeroException|na|answer|Int64|na|7|
B|2098|0|1|raise|DivideByZeroException|na|answer|Int64|na|7|
B|2099|0|1|raise|DivideByZeroException|na|answer|Int64|na|7|
B|2100|0|1|raise|DivideByZeroException|na|answer|Int64|na|7|
B|2101|18446744073709551573|18446744073709551574|answer|UInt64|exact|answer|UInt64|inexact|65|
B|2102|42|43|answer|UInt64|exact|answer|UInt64|inexact|54|
B|2103|439208192231179800|439208192231179801|answer|UInt64|exact|answer|UInt64|inexact|65|
B|2104|0|1|raise|DivideByZeroException|na|answer|UInt64|na|7|
B|2105|0|1|raise|DivideByZeroException|na|answer|UInt64|na|7|
B|2106|0|1|answer|UInt64|exact|answer|UInt64|inexact|7|
B|2107|0|1|raise|DivideByZeroException|na|answer|UInt64|na|7|
B|2108|0|1|raise|DivideByZeroException|na|answer|UInt64|na|7|
B|2109|9223372036854775808|9223372036854775809|answer|UInt64|exact|answer|UInt64|inexact|64|
B|2110|2|3|answer|UInt64|exact|answer|UInt64|inexact|7|
B|2111|0|1|raise|DivideByZeroException|na|answer|UInt64|na|7|
B|2112|0|1|raise|DivideByZeroException|na|answer|UInt64|na|7|
B|2113|9223372036854775808|9223372036854775809|answer|UInt64|exact|answer|UInt64|inexact|64|
B|2114|1|2|answer|UInt64|exact|answer|UInt64|inexact|7|
B|2115|0|1|raise|DivideByZeroException|na|answer|UInt64|na|7|
B|2116|0|1|raise|DivideByZeroException|na|answer|UInt64|na|7|
B|2117|18437736874454810622|18437736874454810623|answer|UInt64|exact|answer|UInt64|inexact|65|
B|2118|9007199254740993|9007199254740994|answer|UInt64|exact|answer|UInt64|inexact|64|
B|2119|2047|2048|answer|UInt64|exact|answer|UInt64|inexact|55|
B|2120|0|1|raise|DivideByZeroException|na|answer|UInt64|na|7|
B|2121|0|1|raise|DivideByZeroException|na|answer|UInt64|na|7|
B|2122|0|1|answer|UInt64|exact|answer|UInt64|inexact|7|
B|2123|1|2|answer|UInt64|exact|answer|UInt64|inexact|7|
B|2124|0|1|raise|DivideByZeroException|na|answer|UInt64|na|7|
B|2125|0|1|raise|DivideByZeroException|na|answer|UInt64|na|7|
B|2126|0|1|raise|DivideByZeroException|na|answer|BigInteger|na|7|
B|2127|0|1|raise|DivideByZeroException|na|answer|BigInteger|na|7|
B|2128|0|1|raise|DivideByZeroException|na|answer|BigInteger|na|7|
B|2129|0|1|raise|DivideByZeroException|na|answer|BigInteger|na|7|
B|2130|0|1|raise|DivideByZeroException|na|answer|BigInteger|na|7|
B|2131|0|1|raise|DivideByZeroException|na|answer|BigInteger|na|7|
B|2132|0|1|raise|DivideByZeroException|na|answer|BigInteger|na|7|
B|2133|0|1|raise|DivideByZeroException|na|answer|BigInteger|na|7|
B|2134|0|1|raise|DivideByZeroException|na|answer|BigInteger|na|7|
B|2135|0|1|raise|DivideByZeroException|na|answer|BigInteger|na|7|
B|2136|0|1|raise|DivideByZeroException|na|answer|BigInteger|na|7|
B|2137|0|1|raise|DivideByZeroException|na|answer|BigInteger|na|7|
B|2138|0|1|raise|DivideByZeroException|na|answer|BigInteger|na|7|
B|2139|0|1|raise|DivideByZeroException|na|answer|BigInteger|na|7|
B|2140|0|1|raise|DivideByZeroException|na|answer|BigInteger|na|7|
B|2141|0|1|raise|DivideByZeroException|na|answer|BigInteger|na|7|
B|2142|0|1|raise|DivideByZeroException|na|answer|BigInteger|na|7|
B|2143|0|1|raise|DivideByZeroException|na|answer|BigInteger|na|7|
B|2144|0|1|raise|DivideByZeroException|na|answer|BigInteger|na|7|
B|2145|0|1|raise|DivideByZeroException|na|answer|BigInteger|na|7|
B|2146|0|1|raise|DivideByZeroException|na|answer|BigInteger|na|7|
B|2147|0|1|raise|DivideByZeroException|na|answer|BigInteger|na|7|
B|2148|0|1|raise|DivideByZeroException|na|answer|BigInteger|na|7|
B|2149|0|1|raise|DivideByZeroException|na|answer|BigInteger|na|7|
B|2150|0|1|raise|DivideByZeroException|na|answer|BigInteger|na|7|
B|2151|0|1|raise|DivideByZeroException|na|answer|BigInteger|na|7|
B|2152|0|1|raise|DivideByZeroException|na|answer|BigInteger|na|7|
B|2153|0|1|raise|DivideByZeroException|na|answer|BigInteger|na|7|
B|2154|0|1|raise|DivideByZeroException|na|answer|BigInteger|na|7|
B|2155|0|1|raise|DivideByZeroException|na|answer|BigInteger|na|7|
B|2156|0|1|raise|DivideByZeroException|na|answer|BigInteger|na|7|
B|2157|0|1|raise|DivideByZeroException|na|answer|BigInteger|na|7|
B|2158|0|1|raise|DivideByZeroException|na|answer|BigInteger|na|7|
B|2159|0|1|raise|DivideByZeroException|na|answer|BigInteger|na|7|
B|2160|0|1|raise|DivideByZeroException|na|answer|BigInteger|na|7|
B|2161|0|1|raise|DivideByZeroException|na|answer|BigInteger|na|7|
B|2162|0|1|raise|DivideByZeroException|na|answer|BigInteger|na|7|
B|2163|0|1|raise|DivideByZeroException|na|answer|BigInteger|na|7|
B|2164|0|1|raise|DivideByZeroException|na|answer|BigInteger|na|7|
B|2165|0|1|raise|DivideByZeroException|na|answer|BigInteger|na|7|
B|2166|0|1|raise|DivideByZeroException|na|answer|BigInteger|na|7|
B|2167|0|1|raise|DivideByZeroException|na|answer|BigInteger|na|7|
B|2168|0|1|raise|DivideByZeroException|na|answer|BigInteger|na|7|
B|2169|0|1|raise|DivideByZeroException|na|answer|BigInteger|na|7|
B|2170|0|1|raise|DivideByZeroException|na|answer|BigInteger|na|7|
B|2171|0|1|raise|DivideByZeroException|na|answer|BigInteger|na|7|
B|2172|0|1|raise|DivideByZeroException|na|answer|BigInteger|na|7|
B|2173|0|1|raise|DivideByZeroException|na|answer|BigInteger|na|7|
B|2174|0|1|raise|DivideByZeroException|na|answer|BigInteger|na|7|
B|2175|0|1|raise|DivideByZeroException|na|answer|BigInteger|na|7|
B|2176|0|1|raise|DivideByZeroException|na|answer|BigInteger|na|7|
B|2177|0|1|raise|DivideByZeroException|na|answer|BigInteger|na|7|
B|2178|0|1|raise|DivideByZeroException|na|answer|BigInteger|na|7|
B|2179|0|1|raise|DivideByZeroException|na|answer|BigInteger|na|7|
B|2180|0|1|raise|DivideByZeroException|na|answer|BigInteger|na|7|
B|2181|0|1|raise|DivideByZeroException|na|answer|BigInteger|na|7|
B|2182|0|1|raise|DivideByZeroException|na|answer|BigInteger|na|7|
B|2183|0|1|raise|DivideByZeroException|na|answer|BigInteger|na|7|
B|2184|0|1|raise|DivideByZeroException|na|answer|BigInteger|na|7|
B|2185|0|1|raise|DivideByZeroException|na|answer|BigInteger|na|7|
B|2186|0|1|raise|DivideByZeroException|na|answer|BigInteger|na|7|
B|2187|0|1|raise|DivideByZeroException|na|answer|BigInteger|na|7|
B|2188|0|1|raise|DivideByZeroException|na|answer|BigInteger|na|7|
B|2189|0|1|raise|DivideByZeroException|na|answer|BigInteger|na|7|
B|2190|0|1|raise|DivideByZeroException|na|answer|BigInteger|na|7|
B|2191|0|1|raise|DivideByZeroException|na|answer|BigInteger|na|7|
B|2192|0|1|raise|DivideByZeroException|na|answer|BigInteger|na|7|
B|2193|0|1|raise|DivideByZeroException|na|answer|BigInteger|na|7|
B|2194|0|1|raise|DivideByZeroException|na|answer|BigInteger|na|7|
B|2195|0|1|raise|DivideByZeroException|na|answer|BigInteger|na|7|
B|2196|0|1|raise|DivideByZeroException|na|answer|BigInteger|na|7|
B|2197|0|1|raise|DivideByZeroException|na|answer|BigInteger|na|7|
B|2198|0|1|raise|DivideByZeroException|na|answer|Int32|na|7|
B|2199|0|1|raise|DivideByZeroException|na|answer|Int32|na|7|
B|2200|0|1|raise|DivideByZeroException|na|answer|Int32|na|7|
B|2201|0|1|raise|DivideByZeroException|na|answer|Int32|na|7|
B|2202|9223372036854775765|9223372036854775766|answer|Int64|exact|answer|Int64|inexact|65|
B|2203|219604096115589900|219604096115589901|answer|Int64|exact|answer|Int64|inexact|65|
B|2204|0|1|raise|DivideByZeroException|na|answer|Int64|na|7|
B|2205|0|1|raise|DivideByZeroException|na|answer|Int64|na|7|
B|2206|0|1|raise|DivideByZeroException|na|answer|Int64|na|7|
B|2207|0|1|raise|DivideByZeroException|na|answer|Int64|na|7|
B|2208|0|1|raise|DivideByZeroException|na|answer|BigInteger|na|7|
B|2209|0|1|raise|DivideByZeroException|na|answer|BigInteger|na|7|
B|2210|0|1|raise|DivideByZeroException|na|answer|BigInteger|na|7|
B|2211|0|1|raise|DivideByZeroException|na|answer|BigInteger|na|7|
B|2212|0|1|raise|DivideByZeroException|na|answer|Int32|na|7|
B|2213|0|1|raise|DivideByZeroException|na|answer|Int32|na|7|
B|2214|0|1|raise|DivideByZeroException|na|answer|Int32|na|7|
B|2215|0|1|raise|DivideByZeroException|na|answer|Int32|na|7|
