B|270|2147483605|2147483606|answer|int32_t|exact|answer|int32_t|inexact|55|
B|271|2147483689|2147483690|answer|int32_t|exact|answer|int32_t|inexact|55|
B|272|51130563|51130564|answer|int32_t|exact|answer|int32_t|inexact|55|
B|273|2147483647|2147483648|answer|bool|exact|answer|bool|inexact|55|
B|274|2147483647|2147483648|answer|bool|exact|answer|bool|inexact|55|
B|275|2147483647|2147483648|answer|bool|exact|answer|bool|inexact|55|
B|276|2147483647|2147483648|answer|bool|exact|answer|bool|inexact|55|
B|277|2147483647|2147483648|answer|int32_t|exact|answer|int32_t|inexact|55|
B|278|2147483647|2147483648|answer|int32_t|exact|answer|int32_t|inexact|55|
B|279|4616194009658818559|4616194009658818560|answer|bool|exact|answer|bool|inexact|65|
B|280|9223372039002259455|9223372039002259456|answer|bool|exact|answer|bool|inexact|65|
B|281|9007201402224639|9007201402224640|answer|bool|exact|answer|bool|inexact|65|
B|282|9007201402224639|9007201402224640|answer|bool|exact|answer|bool|inexact|65|
B|283|4616194009658818559|4616194009658818560|answer|bool|exact|answer|bool|inexact|65|
B|284|9223372039002259455|9223372039002259456|answer|bool|exact|answer|bool|inexact|65|
B|285|9223372036854775808|9223372036854775809|answer|bool|inexact|answer|bool|exact|64|
B|286|9223372036854775808|9223372036854775809|answer|bool|inexact|answer|bool|exact|64|
B|287|9223372034707292158|9223372034707292159|answer|int32_t|inexact|answer|int32_t|exact|65|
B|288|9223372039002259454|9223372039002259455|answer|int32_t|exact|answer|int32_t|inexact|65|
B|289|0|1|answer|int32_t|exact|answer|int32_t|inexact|7|
B|290|9223372034707292159|9223372034707292160|answer|bool|inexact|answer|bool|exact|65|
B|291|4616194009658818559|4616194009658818560|answer|bool|inexact|answer|bool|exact|65|
B|292|9223372039002259455|9223372039002259456|answer|bool|exact|answer|bool|inexact|65|
B|293|4616194009658818559|4616194009658818560|answer|bool|inexact|answer|bool|exact|65|
B|294|9223372039002259455|9223372039002259456|answer|bool|exact|answer|bool|inexact|65|
B|295|9223372034707292159|9223372034707292160|answer|bool|inexact|answer|bool|exact|65|
B|296|9223372041149743102|9223372041149743103|answer|bool|exact|answer|bool|inexact|65|
B|297|9223372041149743102|9223372041149743103|answer|bool|exact|answer|bool|inexact|65|
B|298|9223372034707292159|9223372034707292160|answer|int32_t|inexact|answer|int32_t|exact|65|
B|299|9223372039002259455|9223372039002259456|answer|int32_t|exact|answer|int32_t|inexact|65|
B|300|0|1|answer|int32_t|exact|answer|int32_t|inexact|7|
B|301|4616194009658818559|4616194009658818560|answer|bool|inexact|answer|bool|exact|65|
B|302|9223372039002259455|9223372039002259456|answer|bool|exact|answer|bool|inexact|65|
B|303|0|1|answer|bool|exact|answer|bool|inexact|7|
B|304|9007201402224639|9007201402224640|answer|bool|inexact|answer|bool|exact|65|
B|305|9223372039002259455|9223372039002259456|answer|bool|exact|answer|bool|inexact|65|
B|306|0|1|answer|bool|exact|answer|bool|inexact|7|
B|307|9007201402224639|9007201402224640|answer|bool|inexact|answer|bool|exact|65|
B|308|9223372039002259455|9223372039002259456|answer|bool|exact|answer|bool|inexact|65|
B|309|4616194009658818559|4616194009658818560|answer|bool|inexact|answer|bool|exact|65|
B|310|9223372039002259455|9223372039002259456|answer|bool|exact|answer|bool|inexact|65|
B|311|0|1|answer|bool|inexact|answer|bool|exact|7|
B|312|0|1|answer|bool|inexact|answer|bool|exact|7|
B|313|9007197107257344|9007197107257345|answer|int32_t|inexact|answer|int32_t|exact|55|
B|314|9007201402224640|9007201402224641|answer|int32_t|exact|answer|int32_t|inexact|65|
B|315|0|1|answer|int32_t|exact|answer|int32_t|inexact|7|
B|316|0|1|answer|bool|exact|answer|bool|inexact|7|
B|317|9007197107257343|9007197107257344|answer|bool|inexact|answer|bool|exact|55|
B|318|9007201402224639|9007201402224640|answer|bool|exact|answer|bool|inexact|65|
B|319|1|2|answer|bool|exact|answer|bool|inexact|7|
B|320|8725726425513983|8725726425513984|answer|bool|inexact|answer|bool|exact|55|
B|321|9007201402224639|9007201402224640|answer|bool|exact|answer|bool|inexact|65|
B|322|1|2|answer|bool|exact|answer|bool|inexact|7|
B|323|8725726425513983|8725726425513984|answer|bool|inexact|answer|bool|exact|55|
B|324|9007201402224639|9007201402224640|answer|bool|exact|answer|bool|inexact|65|
B|325|0|1|answer|bool|exact|answer|bool|inexact|7|
B|326|9007197107257343|9007197107257344|answer|bool|inexact|answer|bool|exact|55|
B|327|9007201402224639|9007201402224640|answer|bool|exact|answer|bool|inexact|65|
B|328|18446744071562067966|18446744071562067967|answer|int32_t|inexact|answer|int32_t|exact|65|
B|329|0|1|answer|int32_t|exact|answer|int32_t|inexact|7|
B|330|18446744071562067967|18446744071562067968|answer|bool|inexact|answer|bool|exact|65|
B|331|4616194009658818559|4616194009658818560|answer|bool|inexact|answer|bool|exact|65|
B|332|9223372039002259455|9223372039002259456|answer|bool|inexact|answer|bool|exact|65|
B|333|4616194009658818559|4616194009658818560|answer|bool|inexact|answer|bool|exact|65|
B|334|9223372039002259455|9223372039002259456|answer|bool|inexact|answer|bool|exact|65|
B|335|18446744071562067967|18446744071562067968|answer|bool|inexact|answer|bool|exact|65|
B|336|4616194011806302206|4616194011806302207|answer|bool|exact|answer|bool|inexact|65|
B|337|4616194011806302206|4616194011806302207|answer|bool|exact|answer|bool|inexact|65|
B|338|2147483647|2147483648|answer|int64_t|exact|answer|int64_t|inexact|55|
B|339|2147483647|2147483648|answer|int64_t|exact|answer|int64_t|inexact|55|
B|340|2147483647|2147483648|answer|int64_t|exact|answer|int64_t|inexact|55|
B|341|2147483647|2147483648|answer|bool|exact|answer|bool|inexact|55|
B|342|2147483647|2147483648|answer|bool|exact|answer|bool|inexact|55|
B|343|2147483647|2147483648|answer|bool|exact|answer|bool|inexact|55|
B|344|2147483647|2147483648|answer|bool|exact|answer|bool|inexact|55|
B|345|2147483647|2147483648|answer|int64_t|exact|answer|int64_t|inexact|55|
B|346|2147483647|2147483648|answer|int64_t|exact|answer|int64_t|inexact|55|
B|347|4616194009658818559|4616194009658818560|answer|bool|exact|answer|bool|inexact|65|
B|348|9223372039002259455|9223372039002259456|answer|bool|exact|answer|bool|inexact|65|
B|349|9007201402224639|9007201402224640|answer|bool|exact|answer|bool|inexact|65|
B|350|9007201402224639|9007201402224640|answer|bool|exact|answer|bool|inexact|65|
B|351|4616194009658818559|4616194009658818560|answer|bool|exact|answer|bool|inexact|65|
B|352|9223372039002259455|9223372039002259456|answer|bool|exact|answer|bool|inexact|65|
B|353|9223372036854775808|9223372036854775809|answer|bool|inexact|answer|bool|exact|64|
B|354|9223372036854775808|9223372036854775809|answer|bool|inexact|answer|bool|exact|64|
B|355|0|1|answer|int64_t|exact|answer|int64_t|inexact|7|
B|356|2147483647|2147483648|answer|int64_t|exact|answer|int64_t|inexact|55|
B|357|1|2|answer|int64_t|exact|answer|int64_t|inexact|7|
B|358|9223372036854775806|9223372036854775807|answer|bool|exact|answer|bool|inexact|65|
B|359|9223372036854775806|9223372036854775807|answer|bool|exact|answer|bool|inexact|65|
B|360|9223372036854775806|9223372036854775807|answer|bool|exact|answer|bool|inexact|65|
B|361|9223372036854775806|9223372036854775807|answer|bool|exact|answer|bool|inexact|65|
B|362|2147483647|2147483648|answer|int64_t|exact|answer|int64_t|inexact|55|
B|363|18446744071562067967|18446744071562067968|answer|int64_t|inexact|answer|int64_t|exact|65|
B|364|0|1|answer|int64_t|exact|answer|int64_t|inexact|7|
B|365|9223372036854775808|9223372036854775809|answer|bool|inexact|answer|bool|exact|64|
B|366|9223372036854775808|9223372036854775809|answer|bool|inexact|answer|bool|exact|64|
B|367|9223372036854775808|9223372036854775809|answer|bool|inexact|answer|bool|exact|64|
B|368|9223372036854775808|9223372036854775809|answer|bool|inexact|answer|bool|exact|64|
B|369|2147483647|2147483648|answer|int64_t|exact|answer|int64_t|inexact|55|
B|370|2147483647|2147483648|answer|int64_t|exact|answer|int64_t|inexact|55|
B|371|1023|1024|answer|int64_t|exact|answer|int64_t|inexact|55|
B|372|9007199254740992|9007199254740993|answer|bool|exact|answer|bool|inexact|55|
B|373|9007199254740993|9007199254740994|answer|bool|exact|answer|bool|inexact|64|
B|374|9007199254740993|9007199254740994|answer|bool|exact|answer|bool|inexact|64|
B|375|9007199254740992|9007199254740993|answer|bool|exact|answer|bool|inexact|55|
B|376|9007199254740992|9007199254740993|answer|bool|exact|answer|bool|inexact|55|
B|377|9007199254740993|9007199254740994|answer|bool|inexact|answer|bool|exact|64|
B|378|9007199254740992|9007199254740993|answer|bool|exact|answer|bool|inexact|55|
B|379|9007199254740993|9007199254740994|answer|bool|inexact|answer|bool|exact|64|
B|380|18446744071562067967|18446744071562067968|answer|int64_t|inexact|answer|int64_t|exact|65|
B|381|0|1|answer|int64_t|exact|answer|int64_t|inexact|7|
B|382|18446744071562067967|18446744071562067968|answer|bool|inexact|answer|bool|exact|65|
B|383|4616194009658818559|4616194009658818560|answer|bool|inexact|answer|bool|exact|65|
B|384|9223372039002259455|9223372039002259456|answer|bool|inexact|answer|bool|exact|65|
B|385|4616194009658818559|4616194009658818560|answer|bool|inexact|answer|bool|exact|65|
B|386|9223372039002259455|9223372039002259456|answer|bool|inexact|answer|bool|exact|65|
B|387|18446744071562067967|18446744071562067968|answer|bool|inexact|answer|bool|exact|65|
B|388|4616194011806302206|4616194011806302207|answer|bool|exact|answer|bool|inexact|65|
B|389|4616194011806302206|4616194011806302207|answer|bool|exact|answer|bool|inexact|65|
B|390|2147483647|2147483648|answer|uint64_t|exact|answer|uint64_t|inexact|55|
B|391|41|42|answer|uint64_t|inexact|answer|uint64_t|exact|8|
B|392|2147483647|2147483648|answer|uint64_t|exact|answer|uint64_t|inexact|55|
B|393|18446744071562067967|18446744071562067968|answer|uint64_t|inexact|answer|uint64_t|exact|65|
B|394|2147483647|2147483648|answer|uint64_t|exact|answer|uint64_t|inexact|55|
B|395|4294967295|4294967296|answer|bool|exact|answer|bool|inexact|55|
B|396|4616189618054758441|4616189618054758442|answer|bool|inexact|answer|bool|exact|65|
B|397|9223372036854775849|9223372036854775850|answer|bool|inexact|answer|bool|exact|65|
B|398|4294967295|4294967296|answer|bool|exact|answer|bool|inexact|55|
B|399|4616189618054758442|4616189618054758443|answer|bool|inexact|answer|bool|exact|65|
B|400|9223372036854775850|9223372036854775851|answer|bool|inexact|answer|bool|exact|65|
B|401|4294967295|4294967296|answer|bool|exact|answer|bool|inexact|55|
B|402|4616189618054758442|4616189618054758443|answer|bool|inexact|answer|bool|exact|65|
B|403|9223372036854775850|9223372036854775851|answer|bool|inexact|answer|bool|exact|65|
B|404|4294967295|4294967296|answer|bool|exact|answer|bool|inexact|55|
B|405|4616189618054758441|4616189618054758442|answer|bool|inexact|answer|bool|exact|65|
B|406|9223372036854775849|9223372036854775850|answer|bool|inexact|answer|bool|exact|65|
B|407|2147483647|2147483648|answer|uint64_t|exact|answer|uint64_t|inexact|55|
B|408|18446744071562067967|18446744071562067968|answer|uint64_t|inexact|answer|uint64_t|exact|65|
B|409|2147483647|2147483648|answer|uint64_t|exact|answer|uint64_t|inexact|55|
B|410|18446744071562067967|18446744071562067968|answer|uint64_t|inexact|answer|uint64_t|exact|65|
B|411|9223372036854775808|9223372036854775809|answer|bool|inexact|answer|bool|exact|64|
B|412|9223372036854775808|9223372036854775809|answer|bool|inexact|answer|bool|exact|64|
B|413|9223372036854775808|9223372036854775809|answer|bool|inexact|answer|bool|exact|64|
B|414|9223372036854775808|9223372036854775809|answer|bool|inexact|answer|bool|exact|64|
B|415|2147483647|2147483648|answer|uint64_t|exact|answer|uint64_t|inexact|55|
B|416|18446744071562067967|18446744071562067968|answer|uint64_t|inexact|answer|uint64_t|exact|65|
B|417|2|3|answer|uint64_t|exact|answer|uint64_t|inexact|7|
B|418|9223372039002259455|9223372039002259456|answer|bool|inexact|answer|bool|exact|65|
B|419|4616194009658818559|4616194009658818560|answer|bool|exact|answer|bool|inexact|65|
B|420|9223372039002259455|9223372039002259456|answer|bool|inexact|answer|bool|exact|65|
B|421|4616194009658818559|4616194009658818560|answer|bool|exact|answer|bool|inexact|65|
B|422|9223372039002259455|9223372039002259456|answer|bool|inexact|answer|bool|exact|65|
B|423|9223372039002259455|9223372039002259456|answer|bool|inexact|answer|bool|exact|65|
B|424|9223372036854775806|9223372036854775807|answer|bool|exact|answer|bool|inexact|65|
B|425|9223372036854775806|9223372036854775807|answer|bool|exact|answer|bool|inexact|65|
B|426|2147483647|2147483648|answer|uint64_t|exact|answer|uint64_t|inexact|55|
B|427|18446744071562067967|18446744071562067968|answer|uint64_t|inexact|answer|uint64_t|exact|65|
B|428|1|2|answer|uint64_t|exact|answer|uint64_t|inexact|7|
B|429|4616194009658818559|4616194009658818560|answer|bool|exact|answer|bool|inexact|65|
B|430|9223372039002259455|9223372039002259456|answer|bool|inexact|answer|bool|exact|65|
B|431|4616194009658818559|4616194009658818560|answer|bool|exact|answer|bool|inexact|65|
B|432|4616194009658818559|4616194009658818560|answer|bool|exact|answer|bool|inexact|65|
B|433|4616194009658818559|4616194009658818560|answer|bool|exact|answer|bool|inexact|65|
B|434|9223372039002259455|9223372039002259456|answer|bool|inexact|answer|bool|exact|65|
B|435|9223372036854775808|9223372036854775809|answer|bool|inexact|answer|bool|exact|64|
B|436|9223372036854775808|9223372036854775809|answer|bool|inexact|answer|bool|exact|64|
B|437|2147483647|2147483648|answer|uint64_t|exact|answer|uint64_t|inexact|55|
B|438|18446744071562067967|18446744071562067968|answer|uint64_t|inexact|answer|uint64_t|exact|65|
B|439|2047|2048|answer|uint64_t|exact|answer|uint64_t|inexact|55|
B|440|9007197107257343|9007197107257344|answer|bool|exact|answer|bool|inexact|55|
B|441|4616194009658818559|4616194009658818560|answer|bool|inexact|answer|bool|exact|65|
B|442|9223372039002259455|9223372039002259456|answer|bool|inexact|answer|bool|exact|65|
B|443|9223372039002259455|9223372039002259456|answer|bool|inexact|answer|bool|exact|65|
B|444|9223372039002259455|9223372039002259456|answer|bool|inexact|answer|bool|exact|65|
B|445|9007197107257343|9007197107257344|answer|bool|exact|answer|bool|inexact|55|
B|446|4616194009658818559|4616194009658818560|answer|bool|inexact|answer|bool|exact|65|
B|447|9223372039002259455|9223372039002259456|answer|bool|inexact|answer|bool|exact|65|
B|448|9007199254740992|9007199254740993|answer|bool|exact|answer|bool|inexact|55|
B|449|9007199254740993|9007199254740994|answer|bool|inexact|answer|bool|exact|64|
B|450|9007199254740992|9007199254740993|answer|bool|exact|answer|bool|inexact|55|
B|451|9007199254740993|9007199254740994|answer|bool|inexact|answer|bool|exact|64|
B|452|0|1|answer|uint64_t|exact|answer|uint64_t|inexact|7|
B|453|18446744073709551614|18446744073709551615|answer|uint64_t|inexact|answer|uint64_t|exact|65|
B|454|1|2|answer|uint64_t|exact|answer|uint64_t|inexact|7|
B|455|4616194011806302206|4616194011806302207|answer|bool|exact|answer|bool|inexact|65|
B|456|4616194011806302206|4616194011806302207|answer|bool|exact|answer|bool|inexact|65|
B|457|4616194011806302206|4616194011806302207|answer|bool|exact|answer|bool|inexact|65|
B|458|4616194011806302206|4616194011806302207|answer|bool|exact|answer|bool|inexact|65|
B|459|2147483647|2147483648|answer|__int128|exact|answer|__int128|inexact|55|
B|460|2147483647|2147483648|answer|__int128|exact|answer|__int128|inexact|55|
B|461|2147483647|2147483648|answer|__int128|exact|answer|__int128|inexact|55|
B|462|2147483647|2147483648|answer|bool|exact|answer|bool|inexact|55|
B|463|2147483647|2147483648|answer|bool|exact|answer|bool|inexact|55|
B|464|2147483647|2147483648|answer|bool|exact|answer|bool|inexact|55|
B|465|2147483647|2147483648|answer|bool|exact|answer|bool|inexact|55|
B|466|2147483647|2147483648|answer|__int128|exact|answer|__int128|inexact|55|
B|467|2147483647|2147483648|answer|__int128|exact|answer|__int128|inexact|55|
B|468|4616194009658818559|4616194009658818560|answer|bool|exact|answer|bool|inexact|65|
B|469|9223372039002259455|9223372039002259456|answer|bool|exact|answer|bool|inexact|65|
B|470|9007201402224639|9007201402224640|answer|bool|exact|answer|bool|inexact|65|
B|471|9007201402224639|9007201402224640|answer|bool|exact|answer|bool|inexact|65|
B|472|4616194009658818559|4616194009658818560|answer|bool|exact|answer|bool|inexact|65|
B|473|9223372039002259455|9223372039002259456|answer|bool|exact|answer|bool|inexact|65|
B|474|9223372036854775808|9223372036854775809|answer|bool|inexact|answer|bool|exact|64|
B|475|9223372036854775808|9223372036854775809|answer|bool|inexact|answer|bool|exact|64|
B|476|2147483647|2147483648|answer|__int128|exact|answer|__int128|inexact|55|
B|477|2147483647|2147483648|answer|__int128|exact|answer|__int128|inexact|55|
B|478|2147483647|2147483648|answer|__int128|exact|answer|__int128|inexact|55|
B|479|9223372036854775806|9223372036854775807|answer|bool|exact|answer|bool|inexact|65|
B|480|9223372036854775806|9223372036854775807|answer|bool|exact|answer|bool|inexact|65|
B|481|9223372036854775806|9223372036854775807|answer|bool|exact|answer|bool|inexact|65|
B|482|9223372036854775806|9223372036854775807|answer|bool|exact|answer|bool|inexact|65|
B|483|2147483647|2147483648|answer|__int128|exact|answer|__int128|inexact|55|
B|484|2147483647|2147483648|answer|__int128|exact|answer|__int128|inexact|55|
B|485|2147483647|2147483648|answer|__int128|exact|answer|__int128|inexact|55|
B|486|9223372036854775808|9223372036854775809|answer|bool|exact|answer|bool|inexact|64|
B|487|9223372036854775808|9223372036854775809|answer|bool|exact|answer|bool|inexact|64|
B|488|9223372036854775808|9223372036854775809|answer|bool|inexact|answer|bool|exact|64|
B|489|9223372036854775808|9223372036854775809|answer|bool|inexact|answer|bool|exact|64|
B|490|2147483647|2147483648|answer|__int128|exact|answer|__int128|inexact|55|
B|491|2147483647|2147483648|answer|__int128|exact|answer|__int128|inexact|55|
B|492|2147483647|2147483648|answer|__int128|exact|answer|__int128|inexact|55|
B|493|9007199254740992|9007199254740993|answer|bool|exact|answer|bool|inexact|55|
B|494|9007199254740993|9007199254740994|answer|bool|exact|answer|bool|inexact|64|
B|495|9007199254740993|9007199254740994|answer|bool|exact|answer|bool|inexact|64|
B|496|9007199254740992|9007199254740993|answer|bool|exact|answer|bool|inexact|55|
B|497|9007199254740992|9007199254740993|answer|bool|exact|answer|bool|inexact|55|
B|498|9007199254740993|9007199254740994|answer|bool|inexact|answer|bool|exact|64|
B|499|9007199254740992|9007199254740993|answer|bool|exact|answer|bool|inexact|55|
B|500|9007199254740993|9007199254740994|answer|bool|inexact|answer|bool|exact|64|
B|501|2147483647|2147483648|answer|__int128|exact|answer|__int128|inexact|55|
B|502|2147483647|2147483648|answer|__int128|exact|answer|__int128|inexact|55|
B|503|2147483647|2147483648|answer|__int128|exact|answer|__int128|inexact|55|
B|504|18446744073709551614|18446744073709551615|answer|bool|exact|answer|bool|inexact|65|
B|505|18446744073709551614|18446744073709551615|answer|bool|exact|answer|bool|inexact|65|
B|506|18446744073709551614|18446744073709551615|answer|bool|exact|answer|bool|inexact|65|
B|507|18446744073709551614|18446744073709551615|answer|bool|exact|answer|bool|inexact|65|
B|566|9223372036854775765|9223372036854775766|answer|int64_t|exact|answer|int64_t|inexact|65|
B|567|9223372036854775849|9223372036854775850|answer|int64_t|exact|answer|int64_t|inexact|65|
B|568|219604096115589900|219604096115589901|answer|int64_t|exact|answer|int64_t|inexact|65|
B|569|0|1|answer|int64_t|exact|answer|int64_t|inexact|7|
B|570|9223372036854775808|9223372036854775809|death|SIGFPE|na|answer|int64_t|na|64|
B|571|9223372036854775808|9223372036854775809|death|SIGFPE|na|answer|int64_t|na|64|
B|572|9223372036854775806|9223372036854775807|answer|bool|inexact|answer|bool|exact|65|
B|573|18446744073709551614|18446744073709551615|answer|bool|inexact|answer|bool|exact|65|
B|574|9223372036854775806|9223372036854775807|answer|bool|inexact|answer|bool|exact|65|
B|575|18446744073709551614|18446744073709551615|answer|bool|inexact|answer|bool|exact|65|
B|576|9223372036854775806|9223372036854775807|answer|bool|exact|answer|bool|inexact|65|
B|577|18446744073709551614|18446744073709551615|answer|bool|exact|answer|bool|inexact|65|
B|578|9223372036854775806|9223372036854775807|answer|bool|exact|answer|bool|inexact|65|
B|579|18446744073709551614|18446744073709551615|answer|bool|exact|answer|bool|inexact|65|
B|580|0|1|answer|int64_t|exact|answer|int64_t|inexact|7|
B|581|0|1|answer|bool|exact|answer|bool|inexact|7|
B|582|9223372036854775808|9223372036854775809|answer|bool|exact|answer|bool|inexact|64|
B|583|0|1|answer|bool|exact|answer|bool|inexact|7|
B|584|9223372036854775808|9223372036854775809|answer|bool|exact|answer|bool|inexact|64|
B|585|0|1|answer|bool|inexact|answer|bool|exact|7|
B|586|9223372036854775808|9223372036854775809|answer|bool|inexact|answer|bool|exact|64|
B|587|0|1|answer|bool|inexact|answer|bool|exact|7|
B|588|9223372036854775808|9223372036854775809|answer|bool|inexact|answer|bool|exact|64|
B|589|0|1|answer|int64_t|exact|answer|int64_t|inexact|7|
B|590|0|1|answer|bool|exact|answer|bool|inexact|7|
B|591|9007199254740992|9007199254740993|answer|bool|inexact|answer|bool|exact|55|
B|592|1|2|answer|bool|exact|answer|bool|inexact|7|
B|593|9007199254740993|9007199254740994|answer|bool|inexact|answer|bool|exact|64|
B|594|1|2|answer|bool|exact|answer|bool|inexact|7|
B|595|9007199254740993|9007199254740994|answer|bool|inexact|answer|bool|exact|64|
B|596|0|1|answer|bool|exact|answer|bool|inexact|7|
B|597|9007199254740992|9007199254740993|answer|bool|inexact|answer|bool|exact|55|
B|598|9007199254740992|9007199254740993|answer|bool|exact|answer|bool|inexact|55|
B|599|9007199254740993|9007199254740994|answer|bool|inexact|answer|bool|exact|64|
B|600|9007199254740992|9007199254740993|answer|bool|exact|answer|bool|inexact|55|
B|601|9007199254740993|9007199254740994|answer|bool|inexact|answer|bool|exact|64|
B|602|9223372036854775806|9223372036854775807|answer|int64_t|inexact|answer|int64_t|exact|65|
B|603|0|1|answer|int64_t|exact|answer|int64_t|inexact|7|
B|604|9223372036854775808|9223372036854775809|death|SIGFPE|na|answer|int64_t|na|64|
B|605|9223372036854775808|9223372036854775809|death|SIGFPE|na|answer|int64_t|na|64|
B|606|9223372036854775765|9223372036854775766|answer|int64_t|exact|answer|int64_t|inexact|65|
B|607|9223372036854775849|9223372036854775850|answer|int64_t|exact|answer|int64_t|inexact|65|
B|608|219604096115589900|219604096115589901|answer|int64_t|exact|answer|int64_t|inexact|65|
B|609|0|1|answer|int64_t|exact|answer|int64_t|inexact|7|
B|610|18446744073709551614|18446744073709551615|answer|int64_t|exact|answer|int64_t|inexact|65|
B|611|1|2|answer|int64_t|exact|answer|int64_t|inexact|7|
B|612|0|1|answer|int64_t|exact|answer|int64_t|inexact|7|
B|613|9214364837600034814|9214364837600034815|answer|int64_t|exact|answer|int64_t|inexact|65|
B|614|9232379236109516800|9232379236109516801|answer|int64_t|exact|answer|int64_t|inexact|65|
B|615|1023|1024|answer|int64_t|exact|answer|int64_t|inexact|55|
B|616|9223372036854775806|9223372036854775807|answer|int64_t|inexact|answer|int64_t|exact|65|
B|617|0|1|answer|int64_t|exact|answer|int64_t|inexact|7|
B|618|9223372036854775808|9223372036854775809|death|SIGFPE|na|answer|int64_t|na|64|
B|619|9223372036854775808|9223372036854775809|death|SIGFPE|na|answer|int64_t|na|64|
B|620|18446744073709551573|18446744073709551574|answer|uint64_t|exact|answer|uint64_t|inexact|65|
B|621|41|42|answer|uint64_t|inexact|answer|uint64_t|exact|8|
B|622|439208192231179800|439208192231179801|answer|uint64_t|exact|answer|uint64_t|inexact|65|
B|623|9223372036854775808|9223372036854775809|answer|uint64_t|exact|answer|uint64_t|inexact|64|
B|624|9223372036854775806|9223372036854775807|answer|uint64_t|inexact|answer|uint64_t|exact|65|
B|625|2|3|answer|uint64_t|exact|answer|uint64_t|inexact|7|
B|626|1|2|answer|uint64_t|exact|answer|uint64_t|inexact|7|
B|627|18437736874454810622|18437736874454810623|answer|uint64_t|exact|answer|uint64_t|inexact|65|
B|628|9007199254740992|9007199254740993|answer|uint64_t|inexact|answer|uint64_t|exact|55|
B|629|2047|2048|answer|uint64_t|exact|answer|uint64_t|inexact|55|
B|630|0|1|answer|uint64_t|exact|answer|uint64_t|inexact|7|
B|631|18446744073709551614|18446744073709551615|answer|uint64_t|inexact|answer|uint64_t|exact|65|
B|632|1|2|answer|uint64_t|exact|answer|uint64_t|inexact|7|
B|633|9223372036854775808|9223372036854775809|answer|bool|exact|answer|bool|inexact|64|
B|634|9223372036854775808|9223372036854775809|answer|bool|exact|answer|bool|inexact|64|
B|635|9223372036854775808|9223372036854775809|answer|bool|inexact|answer|bool|exact|64|
B|636|9223372036854775808|9223372036854775809|answer|bool|inexact|answer|bool|exact|64|
B|637|18446744073709551614|18446744073709551615|answer|bool|exact|answer|bool|inexact|65|
B|638|18446744073709551614|18446744073709551615|answer|bool|exact|answer|bool|inexact|65|
B|639|18446744073709551614|18446744073709551615|answer|bool|exact|answer|bool|inexact|65|
B|640|18446744073709551614|18446744073709551615|answer|bool|exact|answer|bool|inexact|65|
B|671|18446744073709551573|18446744073709551574|answer|uint64_t|exact|answer|uint64_t|inexact|65|
B|672|41|42|answer|uint64_t|inexact|answer|uint64_t|exact|8|
B|673|439208192231179800|439208192231179801|answer|uint64_t|exact|answer|uint64_t|inexact|65|
B|674|2|3|answer|uint64_t|exact|answer|uint64_t|inexact|7|
B|675|9223372036854775806|9223372036854775807|answer|bool|exact|answer|bool|inexact|65|
B|676|18446744073709551614|18446744073709551615|answer|bool|inexact|answer|bool|exact|65|
B|677|9223372036854775806|9223372036854775807|answer|bool|exact|answer|bool|inexact|65|
B|678|18446744073709551614|18446744073709551615|answer|bool|inexact|answer|bool|exact|65|
B|679|9223372036854775806|9223372036854775807|answer|bool|exact|answer|bool|inexact|65|
B|680|18446744073709551614|18446744073709551615|answer|bool|exact|answer|bool|inexact|65|
B|681|9223372036854775806|9223372036854775807|answer|bool|exact|answer|bool|inexact|65|
B|682|18446744073709551614|18446744073709551615|answer|bool|exact|answer|bool|inexact|65|
B|683|0|1|answer|uint64_t|exact|answer|uint64_t|inexact|7|
B|684|0|1|answer|bool|exact|answer|bool|inexact|7|
B|685|9223372036854775808|9223372036854775809|answer|bool|inexact|answer|bool|exact|64|
B|686|0|1|answer|bool|exact|answer|bool|inexact|7|
B|687|9223372036854775808|9223372036854775809|answer|bool|inexact|answer|bool|exact|64|
B|688|0|1|answer|bool|inexact|answer|bool|exact|7|
B|689|9223372036854775808|9223372036854775809|answer|bool|inexact|answer|bool|exact|64|
B|690|0|1|answer|bool|inexact|answer|bool|exact|7|
B|691|9223372036854775808|9223372036854775809|answer|bool|inexact|answer|bool|exact|64|
B|692|0|1|answer|uint64_t|exact|answer|uint64_t|inexact|7|
B|693|0|1|answer|bool|exact|answer|bool|inexact|7|
B|694|9007199254740992|9007199254740993|answer|bool|inexact|answer|bool|exact|55|
B|695|1|2|answer|bool|exact|answer|bool|inexact|7|
B|696|9007199254740993|9007199254740994|answer|bool|inexact|answer|bool|exact|64|
B|697|1|2|answer|bool|exact|answer|bool|inexact|7|
B|698|9007199254740993|9007199254740994|answer|bool|inexact|answer|bool|exact|64|
B|699|0|1|answer|bool|exact|answer|bool|inexact|7|
B|700|9007199254740992|9007199254740993|answer|bool|inexact|answer|bool|exact|55|
B|701|9007199254740992|9007199254740993|answer|bool|exact|answer|bool|inexact|55|
B|702|9007199254740993|9007199254740994|answer|bool|inexact|answer|bool|exact|64|
B|703|9007199254740992|9007199254740993|answer|bool|exact|answer|bool|inexact|55|
B|704|9007199254740993|9007199254740994|answer|bool|inexact|answer|bool|exact|64|
B|705|0|1|answer|uint64_t|exact|answer|uint64_t|inexact|7|
B|706|18446744073709551614|18446744073709551615|answer|uint64_t|inexact|answer|uint64_t|exact|65|
B|707|1|2|answer|uint64_t|exact|answer|uint64_t|inexact|7|
B|708|18446744073709551573|18446744073709551574|answer|uint64_t|exact|answer|uint64_t|inexact|65|
B|709|41|42|answer|uint64_t|inexact|answer|uint64_t|exact|8|
B|710|439208192231179800|439208192231179801|answer|uint64_t|exact|answer|uint64_t|inexact|65|
B|711|9223372036854775808|9223372036854775809|answer|uint64_t|exact|answer|uint64_t|inexact|64|
B|712|9223372036854775806|9223372036854775807|answer|uint64_t|inexact|answer|uint64_t|exact|65|
B|713|2|3|answer|uint64_t|exact|answer|uint64_t|inexact|7|
B|714|1|2|answer|uint64_t|exact|answer|uint64_t|inexact|7|
B|715|18437736874454810622|18437736874454810623|answer|uint64_t|exact|answer|uint64_t|inexact|65|
B|716|9007199254740992|9007199254740993|answer|uint64_t|inexact|answer|uint64_t|exact|55|
B|717|2047|2048|answer|uint64_t|exact|answer|uint64_t|inexact|55|
B|718|0|1|answer|uint64_t|exact|answer|uint64_t|inexact|7|
B|719|18446744073709551614|18446744073709551615|answer|uint64_t|inexact|answer|uint64_t|exact|65|
B|720|1|2|answer|uint64_t|exact|answer|uint64_t|inexact|7|
B|721|18446744073709551573|18446744073709551574|answer|uint64_t|exact|answer|uint64_t|inexact|65|
B|722|41|42|answer|uint64_t|inexact|answer|uint64_t|exact|8|
B|723|439208192231179800|439208192231179801|answer|uint64_t|exact|answer|uint64_t|inexact|65|
B|724|9223372036854775808|9223372036854775809|answer|uint64_t|exact|answer|uint64_t|inexact|64|
B|725|9223372036854775806|9223372036854775807|answer|uint64_t|inexact|answer|uint64_t|exact|65|
B|726|2|3|answer|uint64_t|exact|answer|uint64_t|inexact|7|
B|727|1|2|answer|uint64_t|exact|answer|uint64_t|inexact|7|
B|728|18437736874454810622|18437736874454810623|answer|uint64_t|exact|answer|uint64_t|inexact|65|
B|729|9007199254740992|9007199254740993|answer|uint64_t|inexact|answer|uint64_t|exact|55|
B|730|2047|2048|answer|uint64_t|exact|answer|uint64_t|inexact|55|
B|731|0|1|answer|uint64_t|exact|answer|uint64_t|inexact|7|
B|732|18446744073709551614|18446744073709551615|answer|uint64_t|inexact|answer|uint64_t|exact|65|
B|733|1|2|answer|uint64_t|exact|answer|uint64_t|inexact|7|
B|734|9223372036854775808|9223372036854775809|answer|__int128|exact|answer|__int128|inexact|64|
B|773|0|1|answer|__int128|exact|answer|__int128|inexact|7|
B|774|9223372036854775806|9223372036854775807|answer|bool|inexact|answer|bool|exact|65|
B|775|9223372036854775806|9223372036854775807|answer|bool|inexact|answer|bool|exact|65|
B|776|9223372036854775806|9223372036854775807|answer|bool|exact|answer|bool|inexact|65|
B|777|9223372036854775806|9223372036854775807|answer|bool|exact|answer|bool|inexact|65|
B|778|0|1|answer|__int128|exact|answer|__int128|inexact|7|
B|779|0|1|answer|bool|exact|answer|bool|inexact|7|
B|780|9223372036854775808|9223372036854775809|answer|bool|inexact|answer|bool|exact|64|
B|781|0|1|answer|bool|exact|answer|bool|inexact|7|
B|782|9223372036854775808|9223372036854775809|answer|bool|inexact|answer|bool|exact|64|
B|783|0|1|answer|bool|inexact|answer|bool|exact|7|
B|784|9223372036854775808|9223372036854775809|answer|bool|inexact|answer|bool|exact|64|
B|785|0|1|answer|bool|inexact|answer|bool|exact|7|
B|786|9223372036854775808|9223372036854775809|answer|bool|inexact|answer|bool|exact|64|
B|787|0|1|answer|__int128|exact|answer|__int128|inexact|7|
B|788|0|1|answer|bool|exact|answer|bool|inexact|7|
B|789|9007199254740992|9007199254740993|answer|bool|inexact|answer|bool|exact|55|
B|790|1|2|answer|bool|exact|answer|bool|inexact|7|
B|791|9007199254740993|9007199254740994|answer|bool|inexact|answer|bool|exact|64|
B|792|1|2|answer|bool|exact|answer|bool|inexact|7|
B|793|9007199254740993|9007199254740994|answer|bool|inexact|answer|bool|exact|64|
B|794|0|1|answer|bool|exact|answer|bool|inexact|7|
B|795|9007199254740992|9007199254740993|answer|bool|inexact|answer|bool|exact|55|
B|796|9007199254740992|9007199254740993|answer|bool|exact|answer|bool|inexact|55|
B|797|9007199254740993|9007199254740994|answer|bool|inexact|answer|bool|exact|64|
B|798|9007199254740992|9007199254740993|answer|bool|exact|answer|bool|inexact|55|
B|799|9007199254740993|9007199254740994|answer|bool|inexact|answer|bool|exact|64|
B|800|0|1|answer|__int128|exact|answer|__int128|inexact|7|
B|801|18446744073709551614|18446744073709551615|answer|bool|inexact|answer|bool|exact|65|
B|802|18446744073709551614|18446744073709551615|answer|bool|inexact|answer|bool|exact|65|
B|803|18446744073709551614|18446744073709551615|answer|bool|exact|answer|bool|inexact|65|
B|804|18446744073709551614|18446744073709551615|answer|bool|exact|answer|bool|inexact|65|
B|805|0|1|answer|__int128|exact|answer|__int128|inexact|7|
B|806|9223372036854775808|9223372036854775809|answer|bool|inexact|answer|bool|exact|64|
B|807|9223372036854775808|9223372036854775809|answer|bool|inexact|answer|bool|exact|64|
B|808|9223372036854775808|9223372036854775809|answer|bool|inexact|answer|bool|exact|64|
B|809|9223372036854775808|9223372036854775809|answer|bool|inexact|answer|bool|exact|64|
B|810|0|1|answer|__int128|exact|answer|__int128|inexact|7|
B|811|18446744073709551614|18446744073709551615|answer|bool|inexact|answer|bool|exact|65|
B|812|18446744073709551614|18446744073709551615|answer|bool|inexact|answer|bool|exact|65|
B|813|18446744073709551614|18446744073709551615|answer|bool|exact|answer|bool|inexact|65|
B|814|18446744073709551614|18446744073709551615|answer|bool|exact|answer|bool|inexact|65|
B|815|9223372036854775808|9223372036854775809|answer|__int128|exact|answer|__int128|inexact|64|
B|816|9223372036854775808|9223372036854775809|answer|__int128|exact|answer|__int128|inexact|64|
B|875|2147483605|2147483606|answer|int32_t|exact|answer|int32_t|inexact|55|
B|876|2147483690|2147483691|answer|int32_t|exact|answer|int32_t|inexact|55|
B|877|51130563|51130564|answer|int32_t|exact|answer|int32_t|inexact|55|
B|878|0|1|death|SIGFPE|na|answer|int32_t|na|7|
B|879|9223372036854775808|9223372036854775809|death|SIGFPE|na|answer|int32_t|na|64|
B|880|0|1|death|SIGFPE|na|answer|int32_t|na|7|
B|881|9223372036854775808|9223372036854775809|death|SIGFPE|na|answer|int32_t|na|64|
B|882|2147483647|2147483648|answer|bool|exact|answer|bool|inexact|55|
B|883|2147483647|2147483648|answer|bool|exact|answer|bool|inexact|55|
B|884|2147483647|2147483648|answer|bool|exact|answer|bool|inexact|55|
B|885|2147483647|2147483648|answer|bool|exact|answer|bool|inexact|55|
B|886|2147483647|2147483648|answer|int32_t|exact|answer|int32_t|inexact|55|
B|887|2147483648|2147483649|answer|int32_t|exact|answer|int32_t|inexact|55|
B|888|0|1|death|SIGFPE|na|answer|int32_t|na|7|
B|889|9223372036854775808|9223372036854775809|death|SIGFPE|na|answer|int32_t|na|64|
B|890|0|1|death|SIGFPE|na|answer|int32_t|na|7|
B|891|9223372036854775808|9223372036854775809|death|SIGFPE|na|answer|int32_t|na|64|
B|892|9007201402224639|9007201402224640|answer|bool|exact|answer|bool|inexact|65|
B|893|4616194009658818559|4616194009658818560|answer|bool|exact|answer|bool|inexact|65|
B|894|9223372039002259455|9223372039002259456|answer|bool|exact|answer|bool|inexact|65|
B|895|4616194009658818559|4616194009658818560|answer|bool|exact|answer|bool|inexact|65|
B|896|9223372039002259455|9223372039002259456|answer|bool|exact|answer|bool|inexact|65|
B|897|9007201402224639|9007201402224640|answer|bool|exact|answer|bool|inexact|65|
B|898|9223372036854775808|9223372036854775809|answer|bool|inexact|answer|bool|exact|64|
B|899|9223372036854775808|9223372036854775809|answer|bool|inexact|answer|bool|exact|64|
B|900|9223372034707292159|9223372034707292160|answer|int32_t|inexact|answer|int32_t|exact|65|
B|901|9223372039002259455|9223372039002259456|answer|int32_t|exact|answer|int32_t|inexact|65|
B|902|0|1|answer|int32_t|exact|answer|int32_t|inexact|7|
B|903|0|1|death|SIGFPE|na|answer|int32_t|na|7|
B|904|9223372036854775808|9223372036854775809|death|SIGFPE|na|answer|int32_t|na|64|
B|905|0|1|death|SIGFPE|na|answer|int32_t|na|7|
B|906|9223372036854775808|9223372036854775809|death|SIGFPE|na|answer|int32_t|na|64|
B|907|4616194009658818559|4616194009658818560|answer|bool|inexact|answer|bool|exact|65|
B|908|9223372039002259455|9223372039002259456|answer|bool|exact|answer|bool|inexact|65|
B|909|9223372034707292159|9223372034707292160|answer|bool|inexact|answer|bool|exact|65|
B|910|9223372034707292159|9223372034707292160|answer|bool|inexact|answer|bool|exact|65|
B|911|4616194009658818559|4616194009658818560|answer|bool|inexact|answer|bool|exact|65|
B|912|9223372039002259455|9223372039002259456|answer|bool|exact|answer|bool|inexact|65|
B|913|9223372041149743102|9223372041149743103|answer|bool|exact|answer|bool|inexact|65|
B|914|9223372041149743102|9223372041149743103|answer|bool|exact|answer|bool|inexact|65|
B|915|9223372034707292160|9223372034707292161|answer|int32_t|inexact|answer|int32_t|exact|65|
B|916|9223372039002259456|9223372039002259457|answer|int32_t|exact|answer|int32_t|inexact|65|
B|917|0|1|answer|int32_t|exact|answer|int32_t|inexact|7|
B|918|0|1|death|SIGFPE|na|answer|int32_t|na|7|
B|919|9223372036854775808|9223372036854775809|death|SIGFPE|na|answer|int32_t|na|64|
B|920|0|1|death|SIGFPE|na|answer|int32_t|na|7|
B|921|9223372036854775808|9223372036854775809|death|SIGFPE|na|answer|int32_t|na|64|
B|922|0|1|answer|bool|exact|answer|bool|inexact|7|
B|923|9007201402224639|9007201402224640|answer|bool|inexact|answer|bool|exact|65|
B|924|9223372039002259455|9223372039002259456|answer|bool|exact|answer|bool|inexact|65|
B|925|4616194009658818559|4616194009658818560|answer|bool|inexact|answer|bool|exact|65|
B|926|9223372039002259455|9223372039002259456|answer|bool|exact|answer|bool|inexact|65|
B|927|4616194009658818559|4616194009658818560|answer|bool|inexact|answer|bool|exact|65|
B|928|9223372039002259455|9223372039002259456|answer|bool|exact|answer|bool|inexact|65|
B|929|0|1|answer|bool|exact|answer|bool|inexact|7|
B|930|9007201402224639|9007201402224640|answer|bool|inexact|answer|bool|exact|65|
B|931|9223372039002259455|9223372039002259456|answer|bool|exact|answer|bool|inexact|65|
B|932|0|1|answer|bool|inexact|answer|bool|exact|7|
B|933|0|1|answer|bool|inexact|answer|bool|exact|7|
B|934|9007197107257345|9007197107257346|answer|int32_t|inexact|answer|int32_t|exact|55|
B|935|9007201402224641|9007201402224642|answer|int32_t|exact|answer|int32_t|inexact|65|
B|936|0|1|answer|int32_t|exact|answer|int32_t|inexact|7|
B|937|0|1|death|SIGFPE|na|answer|int32_t|na|7|
B|938|9223372036854775808|9223372036854775809|death|SIGFPE|na|answer|int32_t|na|64|
B|939|0|1|death|SIGFPE|na|answer|int32_t|na|7|
B|940|9223372036854775808|9223372036854775809|death|SIGFPE|na|answer|int32_t|na|64|
B|941|1|2|answer|bool|exact|answer|bool|inexact|7|
B|942|8725726425513983|8725726425513984|answer|bool|inexact|answer|bool|exact|55|
B|943|9007201402224639|9007201402224640|answer|bool|exact|answer|bool|inexact|65|
B|944|0|1|answer|bool|exact|answer|bool|inexact|7|
B|945|9007197107257343|9007197107257344|answer|bool|inexact|answer|bool|exact|55|
B|946|9007201402224639|9007201402224640|answer|bool|exact|answer|bool|inexact|65|
B|947|0|1|answer|bool|exact|answer|bool|inexact|7|
B|948|9007197107257343|9007197107257344|answer|bool|inexact|answer|bool|exact|55|
B|949|9007201402224639|9007201402224640|answer|bool|exact|answer|bool|inexact|65|
B|950|1|2|answer|bool|exact|answer|bool|inexact|7|
B|951|8725726425513983|8725726425513984|answer|bool|inexact|answer|bool|exact|55|
B|952|9007201402224639|9007201402224640|answer|bool|exact|answer|bool|inexact|65|
B|953|18446744071562067967|18446744071562067968|answer|int32_t|inexact|answer|int32_t|exact|65|
B|954|0|1|answer|int32_t|exact|answer|int32_t|inexact|7|
B|955|0|1|death|SIGFPE|na|answer|int32_t|na|7|
B|956|9223372036854775808|9223372036854775809|death|SIGFPE|na|answer|int32_t|na|64|
B|957|0|1|death|SIGFPE|na|answer|int32_t|na|7|
B|958|9223372036854775808|9223372036854775809|death|SIGFPE|na|answer|int32_t|na|64|
B|959|4616194009658818559|4616194009658818560|answer|bool|inexact|answer|bool|exact|65|
B|960|9223372039002259455|9223372039002259456|answer|bool|inexact|answer|bool|exact|65|
B|961|18446744071562067967|18446744071562067968|answer|bool|inexact|answer|bool|exact|65|
B|962|18446744071562067967|18446744071562067968|answer|bool|inexact|answer|bool|exact|65|
B|963|4616194009658818559|4616194009658818560|answer|bool|inexact|answer|bool|exact|65|
B|964|9223372039002259455|9223372039002259456|answer|bool|inexact|answer|bool|exact|65|
B|965|4616194011806302206|4616194011806302207|answer|bool|exact|answer|bool|inexact|65|
B|966|4616194011806302206|4616194011806302207|answer|bool|exact|answer|bool|inexact|65|
B|967|9223372036854775765|9223372036854775766|answer|int64_t|exact|answer|int64_t|inexact|65|
B|968|9223372036854775850|9223372036854775851|answer|int64_t|exact|answer|int64_t|inexact|65|
B|969|219604096115589900|219604096115589901|answer|int64_t|exact|answer|int64_t|inexact|65|
B|970|0|1|death|SIGFPE|na|answer|int64_t|na|7|
B|971|0|1|death|SIGFPE|na|answer|int64_t|na|7|
B|972|9223372036854775808|9223372036854775809|answer|int64_t|exact|answer|int64_t|inexact|64|
B|973|0|1|death|SIGFPE|na|answer|int64_t|na|7|
B|974|0|1|death|SIGFPE|na|answer|int64_t|na|7|
B|975|0|1|answer|int64_t|exact|answer|int64_t|inexact|7|
B|976|0|1|death|SIGFPE|na|answer|int64_t|na|7|
B|977|0|1|death|SIGFPE|na|answer|int64_t|na|7|
B|978|9223372036854775806|9223372036854775807|answer|bool|inexact|answer|bool|exact|65|
B|979|18446744073709551614|18446744073709551615|answer|bool|inexact|answer|bool|exact|65|
B|980|9223372036854775806|9223372036854775807|answer|bool|inexact|answer|bool|exact|65|
B|981|18446744073709551614|18446744073709551615|answer|bool|inexact|answer|bool|exact|65|
B|982|9223372036854775806|9223372036854775807|answer|bool|exact|answer|bool|inexact|65|
B|983|18446744073709551614|18446744073709551615|answer|bool|exact|answer|bool|inexact|65|
B|984|9223372036854775806|9223372036854775807|answer|bool|exact|answer|bool|inexact|65|
B|985|18446744073709551614|18446744073709551615|answer|bool|exact|answer|bool|inexact|65|
B|986|0|1|answer|int64_t|exact|answer|int64_t|inexact|7|
B|987|0|1|death|SIGFPE|na|answer|int64_t|na|7|
B|988|0|1|death|SIGFPE|na|answer|int64_t|na|7|
B|989|0|1|answer|bool|exact|answer|bool|inexact|7|
B|990|9223372036854775808|9223372036854775809|answer|bool|exact|answer|bool|inexact|64|
B|991|0|1|answer|bool|exact|answer|bool|inexact|7|
B|992|9223372036854775808|9223372036854775809|answer|bool|exact|answer|bool|inexact|64|
B|993|0|1|answer|bool|inexact|answer|bool|exact|7|
B|994|9223372036854775808|9223372036854775809|answer|bool|inexact|answer|bool|exact|64|
B|995|0|1|answer|bool|inexact|answer|bool|exact|7|
B|996|9223372036854775808|9223372036854775809|answer|bool|inexact|answer|bool|exact|64|
B|997|0|1|answer|int64_t|exact|answer|int64_t|inexact|7|
B|998|0|1|death|SIGFPE|na|answer|int64_t|na|7|
B|999|0|1|death|SIGFPE|na|answer|int64_t|na|7|
B|1000|1|2|answer|bool|exact|answer|bool|inexact|7|
B|1001|9007199254740993|9007199254740994|answer|bool|inexact|answer|bool|exact|64|
B|1002|0|1|answer|bool|exact|answer|bool|inexact|7|
B|1003|9007199254740992|9007199254740993|answer|bool|inexact|answer|bool|exact|55|
B|1004|0|1|answer|bool|exact|answer|bool|inexact|7|
B|1005|9007199254740992|9007199254740993|answer|bool|inexact|answer|bool|exact|55|
B|1006|1|2|answer|bool|exact|answer|bool|inexact|7|
B|1007|9007199254740993|9007199254740994|answer|bool|inexact|answer|bool|exact|64|
B|1008|9007199254740992|9007199254740993|answer|bool|exact|answer|bool|inexact|55|
B|1009|9007199254740993|9007199254740994|answer|bool|inexact|answer|bool|exact|64|
B|1010|9007199254740992|9007199254740993|answer|bool|exact|answer|bool|inexact|55|
B|1011|9007199254740993|9007199254740994|answer|bool|inexact|answer|bool|exact|64|
B|1012|0|1|answer|int64_t|exact|answer|int64_t|inexact|7|
B|1013|0|1|death|SIGFPE|na|answer|int64_t|na|7|
B|1014|0|1|death|SIGFPE|na|answer|int64_t|na|7|
B|1015|18446744073709551573|18446744073709551574|answer|uint64_t|exact|answer|uint64_t|inexact|65|
B|1016|42|43|answer|uint64_t|exact|answer|uint64_t|inexact|54|
B|1017|439208192231179800|439208192231179801|answer|uint64_t|exact|answer|uint64_t|inexact|65|
B|1018|0|1|death|SIGFPE|na|answer|uint64_t|na|7|
B|1019|0|1|death|SIGFPE|na|answer|uint64_t|na|7|
B|1020|0|1|answer|uint64_t|exact|answer|uint64_t|inexact|7|
B|1021|0|1|death|SIGFPE|na|answer|uint64_t|na|7|
B|1022|0|1|death|SIGFPE|na|answer|uint64_t|na|7|
B|1023|2|3|answer|uint64_t|exact|answer|uint64_t|inexact|7|
B|1024|0|1|death|SIGFPE|na|answer|uint64_t|na|7|
B|1025|0|1|death|SIGFPE|na|answer|uint64_t|na|7|
B|1026|9223372036854775806|9223372036854775807|answer|bool|exact|answer|bool|inexact|65|
B|1027|18446744073709551614|18446744073709551615|answer|bool|inexact|answer|bool|exact|65|
B|1028|9223372036854775806|9223372036854775807|answer|bool|exact|answer|bool|inexact|65|
B|1029|18446744073709551614|18446744073709551615|answer|bool|inexact|answer|bool|exact|65|
B|1030|9223372036854775806|9223372036854775807|answer|bool|exact|answer|bool|inexact|65|
B|1031|18446744073709551614|18446744073709551615|answer|bool|exact|answer|bool|inexact|65|
B|1032|9223372036854775806|9223372036854775807|answer|bool|exact|answer|bool|inexact|65|
B|1033|18446744073709551614|18446744073709551615|answer|bool|exact|answer|bool|inexact|65|
B|1034|0|1|answer|uint64_t|exact|answer|uint64_t|inexact|7|
B|1035|0|1|death|SIGFPE|na|answer|uint64_t|na|7|
B|1036|0|1|death|SIGFPE|na|answer|uint64_t|na|7|
B|1037|0|1|answer|bool|exact|answer|bool|inexact|7|
B|1038|9223372036854775808|9223372036854775809|answer|bool|inexact|answer|bool|exact|64|
B|1039|0|1|answer|bool|exact|answer|bool|inexact|7|
B|1040|9223372036854775808|9223372036854775809|answer|bool|inexact|answer|bool|exact|64|
B|1041|0|1|answer|bool|inexact|answer|bool|exact|7|
B|1042|9223372036854775808|9223372036854775809|answer|bool|inexact|answer|bool|exact|64|
B|1043|0|1|answer|bool|inexact|answer|bool|exact|7|
B|1044|9223372036854775808|9223372036854775809|answer|bool|inexact|answer|bool|exact|64|
B|1045|0|1|answer|uint64_t|exact|answer|uint64_t|inexact|7|
B|1046|0|1|death|SIGFPE|na|answer|uint64_t|na|7|
B|1047|0|1|death|SIGFPE|na|answer|uint64_t|na|7|
B|1048|1|2|answer|bool|exact|answer|bool|inexact|7|
B|1049|9007199254740993|9007199254740994|answer|bool|inexact|answer|bool|exact|64|
B|1050|0|1|answer|bool|exact|answer|bool|inexact|7|
B|1051|9007199254740992|9007199254740993|answer|bool|inexact|answer|bool|exact|55|
B|1052|0|1|answer|bool|exact|answer|bool|inexact|7|
B|1053|9007199254740992|9007199254740993|answer|bool|inexact|answer|bool|exact|55|
B|1054|1|2|answer|bool|exact|answer|bool|inexact|7|
B|1055|9007199254740993|9007199254740994|answer|bool|inexact|answer|bool|exact|64|
B|1056|9007199254740992|9007199254740993|answer|bool|exact|answer|bool|inexact|55|
B|1057|9007199254740993|9007199254740994|answer|bool|inexact|answer|bool|exact|64|
B|1058|9007199254740992|9007199254740993|answer|bool|exact|answer|bool|inexact|55|
B|1059|9007199254740993|9007199254740994|answer|bool|inexact|answer|bool|exact|64|
B|1060|0|1|answer|uint64_t|exact|answer|uint64_t|inexact|7|
B|1061|1|2|answer|uint64_t|exact|answer|uint64_t|inexact|7|
B|1062|0|1|death|SIGFPE|na|answer|uint64_t|na|7|
B|1063|0|1|death|SIGFPE|na|answer|uint64_t|na|7|
B|1064|0|1|death|SIGFPE|na|answer|__int128|na|7|
B|1065|0|1|death|SIGFPE|na|answer|__int128|na|7|
B|1066|0|1|death|SIGFPE|na|answer|__int128|na|7|
B|1067|0|1|death|SIGFPE|na|answer|__int128|na|7|
B|1068|0|1|answer|__int128|exact|answer|__int128|inexact|7|
B|1069|0|1|death|SIGFPE|na|answer|__int128|na|7|
B|1070|0|1|death|SIGFPE|na|answer|__int128|na|7|
B|1071|9223372036854775806|9223372036854775807|answer|bool|inexact|answer|bool|exact|65|
B|1072|9223372036854775806|9223372036854775807|answer|bool|inexact|answer|bool|exact|65|
B|1073|9223372036854775806|9223372036854775807|answer|bool|exact|answer|bool|inexact|65|
B|1074|9223372036854775806|9223372036854775807|answer|bool|exact|answer|bool|inexact|65|
B|1075|0|1|answer|__int128|exact|answer|__int128|inexact|7|
B|1076|0|1|death|SIGFPE|na|answer|__int128|na|7|
B|1077|0|1|death|SIGFPE|na|answer|__int128|na|7|
B|1078|0|1|answer|bool|exact|answer|bool|inexact|7|
B|1079|9223372036854775808|9223372036854775809|answer|bool|inexact|answer|bool|exact|64|
B|1080|0|1|answer|bool|exact|answer|bool|inexact|7|
B|1081|9223372036854775808|9223372036854775809|answer|bool|inexact|answer|bool|exact|64|
B|1082|0|1|answer|bool|inexact|answer|bool|exact|7|
B|1083|9223372036854775808|9223372036854775809|answer|bool|inexact|answer|bool|exact|64|
B|1084|0|1|answer|bool|inexact|answer|bool|exact|7|
B|1085|9223372036854775808|9223372036854775809|answer|bool|inexact|answer|bool|exact|64|
B|1086|0|1|answer|__int128|exact|answer|__int128|inexact|7|
B|1087|0|1|death|SIGFPE|na|answer|__int128|na|7|
B|1088|0|1|death|SIGFPE|na|answer|__int128|na|7|
B|1089|1|2|answer|bool|exact|answer|bool|inexact|7|
B|1090|9007199254740993|9007199254740994|answer|bool|inexact|answer|bool|exact|64|
B|1091|0|1|answer|bool|exact|answer|bool|inexact|7|
B|1092|9007199254740992|9007199254740993|answer|bool|inexact|answer|bool|exact|55|
B|1093|0|1|answer|bool|exact|answer|bool|inexact|7|
B|1094|9007199254740992|9007199254740993|answer|bool|inexact|answer|bool|exact|55|
B|1095|1|2|answer|bool|exact|answer|bool|inexact|7|
B|1096|9007199254740993|9007199254740994|answer|bool|inexact|answer|bool|exact|64|
B|1097|9007199254740992|9007199254740993|answer|bool|exact|answer|bool|inexact|55|
B|1098|9007199254740993|9007199254740994|answer|bool|inexact|answer|bool|exact|64|
B|1099|9007199254740992|9007199254740993|answer|bool|exact|answer|bool|inexact|55|
B|1100|9007199254740993|9007199254740994|answer|bool|inexact|answer|bool|exact|64|
B|1101|0|1|answer|__int128|exact|answer|__int128|inexact|7|
B|1102|0|1|death|SIGFPE|na|answer|__int128|na|7|
B|1103|0|1|death|SIGFPE|na|answer|__int128|na|7|
B|1104|18446744073709551614|18446744073709551615|answer|bool|inexact|answer|bool|exact|65|
B|1105|18446744073709551614|18446744073709551615|answer|bool|inexact|answer|bool|exact|65|
B|1106|18446744073709551614|18446744073709551615|answer|bool|exact|answer|bool|inexact|65|
B|1107|18446744073709551614|18446744073709551615|answer|bool|exact|answer|bool|inexact|65|
B|1108|2147483647|2147483648|answer|int64_t|exact|answer|int64_t|inexact|55|
B|1109|2147483647|2147483648|answer|int64_t|exact|answer|int64_t|inexact|55|
B|1110|2147483647|2147483648|answer|int64_t|exact|answer|int64_t|inexact|55|
B|1111|0|1|death|SIGFPE|na|answer|int64_t|na|7|
B|1112|9223372036854775808|9223372036854775809|death|SIGFPE|na|answer|int64_t|na|64|
B|1113|0|1|death|SIGFPE|na|answer|int64_t|na|7|
B|1114|9223372036854775808|9223372036854775809|death|SIGFPE|na|answer|int64_t|na|64|
B|1115|2147483647|2147483648|answer|bool|exact|answer|bool|inexact|55|
B|1116|2147483647|2147483648|answer|bool|exact|answer|bool|inexact|55|
B|1117|2147483647|2147483648|answer|bool|exact|answer|bool|inexact|55|
B|1118|2147483647|2147483648|answer|bool|exact|answer|bool|inexact|55|
B|1119|2147483647|2147483648|answer|int64_t|exact|answer|int64_t|inexact|55|
B|1120|2147483647|2147483648|answer|int64_t|exact|answer|int64_t|inexact|55|
B|1121|0|1|death|SIGFPE|na|answer|int64_t|na|7|
B|1122|9223372036854775808|9223372036854775809|death|SIGFPE|na|answer|int64_t|na|64|
B|1123|0|1|death|SIGFPE|na|answer|int64_t|na|7|
B|1124|9223372036854775808|9223372036854775809|death|SIGFPE|na|answer|int64_t|na|64|
B|1125|9007201402224639|9007201402224640|answer|bool|exact|answer|bool|inexact|65|
B|1126|4616194009658818559|4616194009658818560|answer|bool|exact|answer|bool|inexact|65|
B|1127|9223372039002259455|9223372039002259456|answer|bool|exact|answer|bool|inexact|65|
B|1128|4616194009658818559|4616194009658818560|answer|bool|exact|answer|bool|inexact|65|
B|1129|9223372039002259455|9223372039002259456|answer|bool|exact|answer|bool|inexact|65|
B|1130|9007201402224639|9007201402224640|answer|bool|exact|answer|bool|inexact|65|
B|1131|9223372036854775808|9223372036854775809|answer|bool|inexact|answer|bool|exact|64|
B|1132|9223372036854775808|9223372036854775809|answer|bool|inexact|answer|bool|exact|64|
B|1133|0|1|answer|int64_t|exact|answer|int64_t|inexact|7|
B|1134|2147483647|2147483648|answer|int64_t|exact|answer|int64_t|inexact|55|
B|1135|18446744071562067967|18446744071562067968|answer|int64_t|inexact|answer|int64_t|exact|65|
B|1136|1|2|answer|int64_t|exact|answer|int64_t|inexact|7|
B|1137|0|1|death|SIGFPE|na|answer|int64_t|na|7|
B|1138|9223372036854775808|9223372036854775809|death|SIGFPE|na|answer|int64_t|na|64|
B|1139|0|1|death|SIGFPE|na|answer|int64_t|na|7|
B|1140|9223372036854775808|9223372036854775809|death|SIGFPE|na|answer|int64_t|na|64|
B|1141|9223372036854775806|9223372036854775807|answer|bool|exact|answer|bool|inexact|65|
B|1142|9223372036854775806|9223372036854775807|answer|bool|exact|answer|bool|inexact|65|
B|1143|9223372036854775806|9223372036854775807|answer|bool|exact|answer|bool|inexact|65|
B|1144|9223372036854775806|9223372036854775807|answer|bool|exact|answer|bool|inexact|65|
B|1145|0|1|answer|int64_t|inexact|answer|int64_t|exact|7|
B|1146|2147483647|2147483648|answer|int64_t|exact|answer|int64_t|inexact|55|
B|1147|18446744071562067967|18446744071562067968|answer|int64_t|inexact|answer|int64_t|exact|65|
B|1148|0|1|answer|int64_t|exact|answer|int64_t|inexact|7|
B|1149|0|1|death|SIGFPE|na|answer|int64_t|na|7|
B|1150|9011593006284798|9011593006284799|answer|int64_t|na|death|SIGFPE|na|65|
B|1151|0|1|death|SIGFPE|na|answer|int64_t|na|7|
B|1152|9011593006284798|9011593006284799|answer|int64_t|na|death|SIGFPE|na|65|
B|1153|9223372036854775808|9223372036854775809|answer|bool|inexact|answer|bool|exact|64|
B|1154|9223372036854775808|9223372036854775809|answer|bool|inexact|answer|bool|exact|64|
B|1155|9223372036854775808|9223372036854775809|answer|bool|inexact|answer|bool|exact|64|
B|1156|9223372036854775808|9223372036854775809|answer|bool|inexact|answer|bool|exact|64|
B|1157|2147483647|2147483648|answer|int64_t|exact|answer|int64_t|inexact|55|
B|1158|2147483647|2147483648|answer|int64_t|exact|answer|int64_t|inexact|55|
B|1159|1023|1024|answer|int64_t|exact|answer|int64_t|inexact|55|
B|1160|0|1|death|SIGFPE|na|answer|int64_t|na|7|
B|1161|9223372036854775808|9223372036854775809|death|SIGFPE|na|answer|int64_t|na|64|
B|1162|0|1|death|SIGFPE|na|answer|int64_t|na|7|
B|1163|9223372036854775808|9223372036854775809|death|SIGFPE|na|answer|int64_t|na|64|
B|1164|9007199254740993|9007199254740994|answer|bool|exact|answer|bool|inexact|64|
B|1165|9007199254740992|9007199254740993|answer|bool|exact|answer|bool|inexact|55|
B|1166|9007199254740992|9007199254740993|answer|bool|exact|answer|bool|inexact|55|
B|1167|9007199254740993|9007199254740994|answer|bool|exact|answer|bool|inexact|64|
B|1168|9007199254740992|9007199254740993|answer|bool|exact|answer|bool|inexact|55|
B|1169|9007199254740993|9007199254740994|answer|bool|inexact|answer|bool|exact|64|
B|1170|9007199254740992|9007199254740993|answer|bool|exact|answer|bool|inexact|55|
B|1171|9007199254740993|9007199254740994|answer|bool|inexact|answer|bool|exact|64|
B|1172|18446744071562067967|18446744071562067968|answer|int64_t|inexact|answer|int64_t|exact|65|
B|1173|0|1|answer|int64_t|exact|answer|int64_t|inexact|7|
B|1174|0|1|death|SIGFPE|na|answer|int64_t|na|7|
B|1175|9223372036854775808|9223372036854775809|death|SIGFPE|na|answer|int64_t|na|64|
B|1176|0|1|death|SIGFPE|na|answer|int64_t|na|7|
B|1177|9223372036854775808|9223372036854775809|death|SIGFPE|na|answer|int64_t|na|64|
B|1178|4616194009658818559|4616194009658818560|answer|bool|inexact|answer|bool|exact|65|
B|1179|9223372039002259455|9223372039002259456|answer|bool|inexact|answer|bool|exact|65|
B|1180|18446744071562067967|18446744071562067968|answer|bool|inexact|answer|bool|exact|65|
B|1181|18446744071562067967|18446744071562067968|answer|bool|inexact|answer|bool|exact|65|
B|1182|4616194009658818559|4616194009658818560|answer|bool|inexact|answer|bool|exact|65|
B|1183|9223372039002259455|9223372039002259456|answer|bool|inexact|answer|bool|exact|65|
B|1184|4616194011806302206|4616194011806302207|answer|bool|exact|answer|bool|inexact|65|
B|1185|4616194011806302206|4616194011806302207|answer|bool|exact|answer|bool|inexact|65|
B|1186|9223372036854775765|9223372036854775766|answer|int64_t|exact|answer|int64_t|inexact|65|
B|1187|9223372036854775850|9223372036854775851|answer|int64_t|exact|answer|int64_t|inexact|65|
B|1188|219604096115589900|219604096115589901|answer|int64_t|exact|answer|int64_t|inexact|65|
B|1189|0|1|death|SIGFPE|na|answer|int64_t|na|7|
B|1190|0|1|death|SIGFPE|na|answer|int64_t|na|7|
B|1191|9223372036854775808|9223372036854775809|answer|int64_t|exact|answer|int64_t|inexact|64|
B|1192|0|1|death|SIGFPE|na|answer|int64_t|na|7|
B|1193|0|1|death|SIGFPE|na|answer|int64_t|na|7|
B|1194|0|1|answer|int64_t|exact|answer|int64_t|inexact|7|
B|1195|1|2|answer|int64_t|exact|answer|int64_t|inexact|7|
B|1196|0|1|death|SIGFPE|na|answer|int64_t|na|7|
B|1197|0|1|death|SIGFPE|na|answer|int64_t|na|7|
B|1198|0|1|answer|int64_t|inexact|answer|int64_t|exact|7|
B|1199|0|1|answer|int64_t|exact|answer|int64_t|inexact|7|
B|1200|0|1|death|SIGFPE|na|answer|int64_t|na|7|
B|1201|18446744073709551614|18446744073709551615|answer|int64_t|na|death|SIGFPE|na|65|
B|1202|0|1|death|SIGFPE|na|answer|int64_t|na|7|
B|1203|18446744073709551614|18446744073709551615|answer|int64_t|na|death|SIGFPE|na|65|
B|1204|9214364837600034814|9214364837600034815|answer|int64_t|exact|answer|int64_t|inexact|65|
B|1205|9232379236109516801|9232379236109516802|answer|int64_t|exact|answer|int64_t|inexact|65|
B|1206|1023|1024|answer|int64_t|exact|answer|int64_t|inexact|55|
B|1207|0|1|death|SIGFPE|na|answer|int64_t|na|7|
B|1208|0|1|death|SIGFPE|na|answer|int64_t|na|7|
B|1209|0|1|answer|int64_t|exact|answer|int64_t|inexact|7|
B|1210|0|1|death|SIGFPE|na|answer|int64_t|na|7|
B|1211|0|1|death|SIGFPE|na|answer|int64_t|na|7|
B|1212|18446744073709551573|18446744073709551574|answer|uint64_t|exact|answer|uint64_t|inexact|65|
B|1213|42|43|answer|uint64_t|exact|answer|uint64_t|inexact|54|
B|1214|439208192231179800|439208192231179801|answer|uint64_t|exact|answer|uint64_t|inexact|65|
B|1215|0|1|death|SIGFPE|na|answer|uint64_t|na|7|
B|1216|0|1|death|SIGFPE|na|answer|uint64_t|na|7|
B|1217|0|1|answer|uint64_t|exact|answer|uint64_t|inexact|7|
B|1218|0|1|death|SIGFPE|na|answer|uint64_t|na|7|
B|1219|0|1|death|SIGFPE|na|answer|uint64_t|na|7|
B|1220|9223372036854775808|9223372036854775809|answer|uint64_t|exact|answer|uint64_t|inexact|64|
B|1221|2|3|answer|uint64_t|exact|answer|uint64_t|inexact|7|
B|1222|0|1|death|SIGFPE|na|answer|uint64_t|na|7|
B|1223|0|1|death|SIGFPE|na|answer|uint64_t|na|7|
B|1224|9223372036854775808|9223372036854775809|answer|uint64_t|exact|answer|uint64_t|inexact|64|
B|1225|1|2|answer|uint64_t|exact|answer|uint64_t|inexact|7|
B|1226|0|1|death|SIGFPE|na|answer|uint64_t|na|7|
B|1227|0|1|death|SIGFPE|na|answer|uint64_t|na|7|
B|1228|18437736874454810622|18437736874454810623|answer|uint64_t|exact|answer|uint64_t|inexact|65|
B|1229|9007199254740993|9007199254740994|answer|uint64_t|exact|answer|uint64_t|inexact|64|
B|1230|2047|2048|answer|uint64_t|exact|answer|uint64_t|inexact|55|
B|1231|0|1|death|SIGFPE|na|answer|uint64_t|na|7|
B|1232|0|1|death|SIGFPE|na|answer|uint64_t|na|7|
B|1233|0|1|answer|uint64_t|exact|answer|uint64_t|inexact|7|
B|1234|1|2|answer|uint64_t|exact|answer|uint64_t|inexact|7|
B|1235|0|1|death|SIGFPE|na|answer|uint64_t|na|7|
B|1236|0|1|death|SIGFPE|na|answer|uint64_t|na|7|
B|1237|0|1|death|SIGFPE|na|answer|__int128|na|7|
B|1238|0|1|death|SIGFPE|na|answer|__int128|na|7|
B|1239|0|1|death|SIGFPE|na|answer|__int128|na|7|
B|1240|0|1|death|SIGFPE|na|answer|__int128|na|7|
B|1241|0|1|death|SIGFPE|na|answer|__int128|na|7|
B|1242|0|1|death|SIGFPE|na|answer|__int128|na|7|
B|1243|0|1|answer|__int128|exact|answer|__int128|inexact|7|
B|1244|0|1|death|SIGFPE|na|answer|__int128|na|7|
B|1245|0|1|death|SIGFPE|na|answer|__int128|na|7|
B|1246|9223372036854775808|9223372036854775809|answer|bool|inexact|answer|bool|exact|64|
B|1247|9223372036854775808|9223372036854775809|answer|bool|inexact|answer|bool|exact|64|
B|1248|9223372036854775808|9223372036854775809|answer|bool|inexact|answer|bool|exact|64|
B|1249|9223372036854775808|9223372036854775809|answer|bool|inexact|answer|bool|exact|64|
B|1250|0|1|death|SIGFPE|na|answer|__int128|na|7|
B|1251|0|1|death|SIGFPE|na|answer|__int128|na|7|
B|1252|0|1|answer|__int128|exact|answer|__int128|inexact|7|
B|1253|0|1|death|SIGFPE|na|answer|__int128|na|7|
B|1254|0|1|death|SIGFPE|na|answer|__int128|na|7|
B|1255|18446744073709551614|18446744073709551615|answer|bool|inexact|answer|bool|exact|65|
B|1256|18446744073709551614|18446744073709551615|answer|bool|inexact|answer|bool|exact|65|
B|1257|18446744073709551614|18446744073709551615|answer|bool|exact|answer|bool|inexact|65|
B|1258|18446744073709551614|18446744073709551615|answer|bool|exact|answer|bool|inexact|65|
B|1259|2147483647|2147483648|answer|uint64_t|exact|answer|uint64_t|inexact|55|
B|1260|42|43|answer|uint64_t|exact|answer|uint64_t|inexact|54|
B|1261|2147483647|2147483648|answer|uint64_t|exact|answer|uint64_t|inexact|55|
B|1262|0|1|death|SIGFPE|na|answer|uint64_t|na|7|
B|1263|9223372036854775808|9223372036854775809|death|SIGFPE|na|answer|uint64_t|na|64|
B|1264|0|1|death|SIGFPE|na|answer|uint64_t|na|7|
B|1265|9223372036854775808|9223372036854775809|death|SIGFPE|na|answer|uint64_t|na|64|
B|1266|4294967295|4294967296|answer|bool|exact|answer|bool|inexact|55|
B|1267|4616189618054758442|4616189618054758443|answer|bool|inexact|answer|bool|exact|65|
B|1268|9223372036854775850|9223372036854775851|answer|bool|inexact|answer|bool|exact|65|
B|1269|4294967295|4294967296|answer|bool|exact|answer|bool|inexact|55|
B|1270|4616189618054758441|4616189618054758442|answer|bool|inexact|answer|bool|exact|65|
B|1271|9223372036854775849|9223372036854775850|answer|bool|inexact|answer|bool|exact|65|
B|1272|4294967295|4294967296|answer|bool|exact|answer|bool|inexact|55|
B|1273|4616189618054758441|4616189618054758442|answer|bool|inexact|answer|bool|exact|65|
B|1274|9223372036854775849|9223372036854775850|answer|bool|inexact|answer|bool|exact|65|
B|1275|4294967295|4294967296|answer|bool|exact|answer|bool|inexact|55|
B|1276|4616189618054758442|4616189618054758443|answer|bool|inexact|answer|bool|exact|65|
B|1277|9223372036854775850|9223372036854775851|answer|bool|inexact|answer|bool|exact|65|
B|1278|2147483647|2147483648|answer|uint64_t|exact|answer|uint64_t|inexact|55|
B|1279|18446744071562067967|18446744071562067968|answer|uint64_t|inexact|answer|uint64_t|exact|65|
B|1280|0|1|answer|uint64_t|exact|answer|uint64_t|inexact|7|
B|1281|0|1|death|SIGFPE|na|answer|uint64_t|na|7|
B|1282|9223372036854775808|9223372036854775809|death|SIGFPE|na|answer|uint64_t|na|64|
B|1283|0|1|death|SIGFPE|na|answer|uint64_t|na|7|
B|1284|9223372036854775808|9223372036854775809|death|SIGFPE|na|answer|uint64_t|na|64|
B|1285|9223372036854775808|9223372036854775809|answer|bool|inexact|answer|bool|exact|64|
B|1286|9223372036854775808|9223372036854775809|answer|bool|inexact|answer|bool|exact|64|
B|1287|9223372036854775808|9223372036854775809|answer|bool|inexact|answer|bool|exact|64|
B|1288|9223372036854775808|9223372036854775809|answer|bool|inexact|answer|bool|exact|64|
B|1289|2147483647|2147483648|answer|uint64_t|exact|answer|uint64_t|inexact|55|
B|1290|2147483647|2147483648|answer|uint64_t|exact|answer|uint64_t|inexact|55|
B|1291|2|3|answer|uint64_t|exact|answer|uint64_t|inexact|7|
B|1292|0|1|death|SIGFPE|na|answer|uint64_t|na|7|
B|1293|9223372036854775808|9223372036854775809|death|SIGFPE|na|answer|uint64_t|na|64|
B|1294|0|1|death|SIGFPE|na|answer|uint64_t|na|7|
B|1295|9223372036854775808|9223372036854775809|death|SIGFPE|na|answer|uint64_t|na|64|
B|1296|4616194009658818559|4616194009658818560|answer|bool|exact|answer|bool|inexact|65|
B|1297|9223372039002259455|9223372039002259456|answer|bool|inexact|answer|bool|exact|65|
B|1298|9223372039002259455|9223372039002259456|answer|bool|inexact|answer|bool|exact|65|
B|1299|9223372039002259455|9223372039002259456|answer|bool|inexact|answer|bool|exact|65|
B|1300|4616194009658818559|4616194009658818560|answer|bool|exact|answer|bool|inexact|65|
B|1301|9223372039002259455|9223372039002259456|answer|bool|inexact|answer|bool|exact|65|
B|1302|9223372036854775806|9223372036854775807|answer|bool|exact|answer|bool|inexact|65|
B|1303|9223372036854775806|9223372036854775807|answer|bool|exact|answer|bool|inexact|65|
B|1304|2147483647|2147483648|answer|uint64_t|exact|answer|uint64_t|inexact|55|
B|1305|2147483647|2147483648|answer|uint64_t|exact|answer|uint64_t|inexact|55|
B|1306|1|2|answer|uint64_t|exact|answer|uint64_t|inexact|7|
B|1307|0|1|death|SIGFPE|na|answer|uint64_t|na|7|
B|1308|9223372036854775808|9223372036854775809|death|SIGFPE|na|answer|uint64_t|na|64|
B|1309|0|1|death|SIGFPE|na|answer|uint64_t|na|7|
B|1310|9223372036854775808|9223372036854775809|death|SIGFPE|na|answer|uint64_t|na|64|
B|1311|4616194009658818559|4616194009658818560|answer|bool|exact|answer|bool|inexact|65|
B|1312|4616194009658818559|4616194009658818560|answer|bool|exact|answer|bool|inexact|65|
B|1313|9223372039002259455|9223372039002259456|answer|bool|inexact|answer|bool|exact|65|
B|1314|4616194009658818559|4616194009658818560|answer|bool|exact|answer|bool|inexact|65|
B|1315|9223372039002259455|9223372039002259456|answer|bool|inexact|answer|bool|exact|65|
B|1316|4616194009658818559|4616194009658818560|answer|bool|exact|answer|bool|inexact|65|
B|1317|9223372036854775808|9223372036854775809|answer|bool|inexact|answer|bool|exact|64|
B|1318|9223372036854775808|9223372036854775809|answer|bool|inexact|answer|bool|exact|64|
B|1319|2147483647|2147483648|answer|uint64_t|exact|answer|uint64_t|inexact|55|
B|1320|2147483647|2147483648|answer|uint64_t|exact|answer|uint64_t|inexact|55|
B|1321|2047|2048|answer|uint64_t|exact|answer|uint64_t|inexact|55|
B|1322|0|1|death|SIGFPE|na|answer|uint64_t|na|7|
B|1323|9223372036854775808|9223372036854775809|death|SIGFPE|na|answer|uint64_t|na|64|
B|1324|0|1|death|SIGFPE|na|answer|uint64_t|na|7|
B|1325|9223372036854775808|9223372036854775809|death|SIGFPE|na|answer|uint64_t|na|64|
B|1326|9223372039002259455|9223372039002259456|answer|bool|inexact|answer|bool|exact|65|
B|1327|9007197107257343|9007197107257344|answer|bool|exact|answer|bool|inexact|55|
B|1328|4616194009658818559|4616194009658818560|answer|bool|inexact|answer|bool|exact|65|
B|1329|9223372039002259455|9223372039002259456|answer|bool|inexact|answer|bool|exact|65|
B|1330|9007197107257343|9007197107257344|answer|bool|exact|answer|bool|inexact|55|
B|1331|4616194009658818559|4616194009658818560|answer|bool|inexact|answer|bool|exact|65|
B|1332|9223372039002259455|9223372039002259456|answer|bool|inexact|answer|bool|exact|65|
B|1333|9223372039002259455|9223372039002259456|answer|bool|inexact|answer|bool|exact|65|
B|1334|9007199254740992|9007199254740993|answer|bool|exact|answer|bool|inexact|55|
B|1335|9007199254740993|9007199254740994|answer|bool|inexact|answer|bool|exact|64|
B|1336|9007199254740992|9007199254740993|answer|bool|exact|answer|bool|inexact|55|
B|1337|9007199254740993|9007199254740994|answer|bool|inexact|answer|bool|exact|64|
B|1338|0|1|answer|uint64_t|exact|answer|uint64_t|inexact|7|
B|1339|2147483647|2147483648|answer|uint64_t|exact|answer|uint64_t|inexact|55|
B|1340|18446744071562067967|18446744071562067968|answer|uint64_t|inexact|answer|uint64_t|exact|65|
B|1341|1|2|answer|uint64_t|exact|answer|uint64_t|inexact|7|
B|1342|0|1|death|SIGFPE|na|answer|uint64_t|na|7|
B|1343|9223372036854775808|9223372036854775809|death|SIGFPE|na|answer|uint64_t|na|64|
B|1344|0|1|death|SIGFPE|na|answer|uint64_t|na|7|
B|1345|9223372036854775808|9223372036854775809|death|SIGFPE|na|answer|uint64_t|na|64|
B|1346|4616194011806302206|4616194011806302207|answer|bool|exact|answer|bool|inexact|65|
B|1347|4616194011806302206|4616194011806302207|answer|bool|exact|answer|bool|inexact|65|
B|1348|4616194011806302206|4616194011806302207|answer|bool|exact|answer|bool|inexact|65|
B|1349|4616194011806302206|4616194011806302207|answer|bool|exact|answer|bool|inexact|65|
B|1350|18446744073709551573|18446744073709551574|answer|uint64_t|exact|answer|uint64_t|inexact|65|
B|1351|42|43|answer|uint64_t|exact|answer|uint64_t|inexact|54|
B|1352|439208192231179800|439208192231179801|answer|uint64_t|exact|answer|uint64_t|inexact|65|
B|1353|0|1|death|SIGFPE|na|answer|uint64_t|na|7|
B|1354|0|1|death|SIGFPE|na|answer|uint64_t|na|7|
B|1355|0|1|answer|uint64_t|exact|answer|uint64_t|inexact|7|
B|1356|0|1|death|SIGFPE|na|answer|uint64_t|na|7|
B|1357|0|1|death|SIGFPE|na|answer|uint64_t|na|7|
B|1358|9223372036854775808|9223372036854775809|answer|uint64_t|exact|answer|uint64_t|inexact|64|
B|1359|2|3|answer|uint64_t|exact|answer|uint64_t|inexact|7|
B|1360|0|1|death|SIGFPE|na|answer|uint64_t|na|7|
B|1361|0|1|death|SIGFPE|na|answer|uint64_t|na|7|
B|1362|9223372036854775808|9223372036854775809|answer|uint64_t|exact|answer|uint64_t|inexact|64|
B|1363|1|2|answer|uint64_t|exact|answer|uint64_t|inexact|7|
B|1364|0|1|death|SIGFPE|na|answer|uint64_t|na|7|
B|1365|0|1|death|SIGFPE|na|answer|uint64_t|na|7|
B|1366|18437736874454810622|18437736874454810623|answer|uint64_t|exact|answer|uint64_t|inexact|65|
B|1367|9007199254740993|9007199254740994|answer|uint64_t|exact|answer|uint64_t|inexact|64|
B|1368|2047|2048|answer|uint64_t|exact|answer|uint64_t|inexact|55|
B|1369|0|1|death|SIGFPE|na|answer|uint64_t|na|7|
B|1370|0|1|death|SIGFPE|na|answer|uint64_t|na|7|
B|1371|0|1|answer|uint64_t|exact|answer|uint64_t|inexact|7|
B|1372|1|2|answer|uint64_t|exact|answer|uint64_t|inexact|7|
B|1373|0|1|death|SIGFPE|na|answer|uint64_t|na|7|
B|1374|0|1|death|SIGFPE|na|answer|uint64_t|na|7|
B|1375|18446744073709551573|18446744073709551574|answer|uint64_t|exact|answer|uint64_t|inexact|65|
B|1376|42|43|answer|uint64_t|exact|answer|uint64_t|inexact|54|
B|1377|439208192231179800|439208192231179801|answer|uint64_t|exact|answer|uint64_t|inexact|65|
B|1378|0|1|death|SIGFPE|na|answer|uint64_t|na|7|
B|1379|0|1|death|SIGFPE|na|answer|uint64_t|na|7|
B|1380|0|1|answer|uint64_t|exact|answer|uint64_t|inexact|7|
B|1381|0|1|death|SIGFPE|na|answer|uint64_t|na|7|
B|1382|0|1|death|SIGFPE|na|answer|uint64_t|na|7|
B|1383|9223372036854775808|9223372036854775809|answer|uint64_t|exact|answer|uint64_t|inexact|64|
B|1384|2|3|answer|uint64_t|exact|answer|uint64_t|inexact|7|
B|1385|0|1|death|SIGFPE|na|answer|uint64_t|na|7|
B|1386|0|1|death|SIGFPE|na|answer|uint64_t|na|7|
B|1387|9223372036854775808|9223372036854775809|answer|uint64_t|exact|answer|uint64_t|inexact|64|
B|1388|1|2|answer|uint64_t|exact|answer|uint64_t|inexact|7|
B|1389|0|1|death|SIGFPE|na|answer|uint64_t|na|7|
B|1390|0|1|death|SIGFPE|na|answer|uint64_t|na|7|
B|1391|18437736874454810622|18437736874454810623|answer|uint64_t|exact|answer|uint64_t|inexact|65|
B|1392|9007199254740993|9007199254740994|answer|uint64_t|exact|answer|uint64_t|inexact|64|
B|1393|2047|2048|answer|uint64_t|exact|answer|uint64_t|inexact|55|
B|1394|0|1|death|SIGFPE|na|answer|uint64_t|na|7|
B|1395|0|1|death|SIGFPE|na|answer|uint64_t|na|7|
B|1396|0|1|answer|uint64_t|exact|answer|uint64_t|inexact|7|
B|1397|1|2|answer|uint64_t|exact|answer|uint64_t|inexact|7|
B|1398|0|1|death|SIGFPE|na|answer|uint64_t|na|7|
B|1399|0|1|death|SIGFPE|na|answer|uint64_t|na|7|
B|1400|0|1|death|SIGFPE|na|answer|__int128|na|7|
B|1401|0|1|death|SIGFPE|na|answer|__int128|na|7|
B|1402|0|1|death|SIGFPE|na|answer|__int128|na|7|
B|1403|0|1|death|SIGFPE|na|answer|__int128|na|7|
B|1404|0|1|death|SIGFPE|na|answer|__int128|na|7|
B|1405|0|1|death|SIGFPE|na|answer|__int128|na|7|
B|1406|0|1|death|SIGFPE|na|answer|__int128|na|7|
B|1407|0|1|death|SIGFPE|na|answer|__int128|na|7|
B|1408|0|1|death|SIGFPE|na|answer|__int128|na|7|
B|1409|0|1|death|SIGFPE|na|answer|__int128|na|7|
B|1410|9223372036854775808|9223372036854775809|answer|__int128|exact|answer|__int128|inexact|64|
B|1411|0|1|death|SIGFPE|na|answer|__int128|na|7|
B|1412|0|1|death|SIGFPE|na|answer|__int128|na|7|
B|1413|2147483647|2147483648|answer|__int128|exact|answer|__int128|inexact|55|
B|1414|2147483647|2147483648|answer|__int128|exact|answer|__int128|inexact|55|
B|1415|2147483647|2147483648|answer|__int128|exact|answer|__int128|inexact|55|
B|1416|0|1|death|SIGFPE|na|answer|__int128|na|7|
B|1417|9223372036854775808|9223372036854775809|death|SIGFPE|na|answer|__int128|na|64|
B|1418|0|1|death|SIGFPE|na|answer|__int128|na|7|
B|1419|9223372036854775808|9223372036854775809|death|SIGFPE|na|answer|__int128|na|64|
B|1420|2147483647|2147483648|answer|bool|exact|answer|bool|inexact|55|
B|1421|2147483647|2147483648|answer|bool|exact|answer|bool|inexact|55|
B|1422|2147483647|2147483648|answer|bool|exact|answer|bool|inexact|55|
B|1423|2147483647|2147483648|answer|bool|exact|answer|bool|inexact|55|
B|1424|2147483647|2147483648|answer|__int128|exact|answer|__int128|inexact|55|
B|1425|2147483647|2147483648|answer|__int128|exact|answer|__int128|inexact|55|
B|1426|0|1|death|SIGFPE|na|answer|__int128|na|7|
B|1427|9223372036854775808|9223372036854775809|death|SIGFPE|na|answer|__int128|na|64|
B|1428|0|1|death|SIGFPE|na|answer|__int128|na|7|
B|1429|9223372036854775808|9223372036854775809|death|SIGFPE|na|answer|__int128|na|64|
B|1430|9007201402224639|9007201402224640|answer|bool|exact|answer|bool|inexact|65|
B|1431|4616194009658818559|4616194009658818560|answer|bool|exact|answer|bool|inexact|65|
B|1432|9223372039002259455|9223372039002259456|answer|bool|exact|answer|bool|inexact|65|
B|1433|4616194009658818559|4616194009658818560|answer|bool|exact|answer|bool|inexact|65|
B|1434|9223372039002259455|9223372039002259456|answer|bool|exact|answer|bool|inexact|65|
B|1435|9007201402224639|9007201402224640|answer|bool|exact|answer|bool|inexact|65|
B|1436|9223372036854775808|9223372036854775809|answer|bool|inexact|answer|bool|exact|64|
B|1437|9223372036854775808|9223372036854775809|answer|bool|inexact|answer|bool|exact|64|
B|1438|2147483647|2147483648|answer|__int128|exact|answer|__int128|inexact|55|
B|1439|2147483647|2147483648|answer|__int128|exact|answer|__int128|inexact|55|
B|1440|2147483647|2147483648|answer|__int128|exact|answer|__int128|inexact|55|
B|1441|0|1|death|SIGFPE|na|answer|__int128|na|7|
B|1442|9223372036854775808|9223372036854775809|death|SIGFPE|na|answer|__int128|na|64|
B|1443|0|1|death|SIGFPE|na|answer|__int128|na|7|
B|1444|9223372036854775808|9223372036854775809|death|SIGFPE|na|answer|__int128|na|64|
B|1445|9223372036854775806|9223372036854775807|answer|bool|exact|answer|bool|inexact|65|
B|1446|9223372036854775806|9223372036854775807|answer|bool|exact|answer|bool|inexact|65|
B|1447|9223372036854775806|9223372036854775807|answer|bool|exact|answer|bool|inexact|65|
B|1448|9223372036854775806|9223372036854775807|answer|bool|exact|answer|bool|inexact|65|
B|1449|2147483647|2147483648|answer|__int128|exact|answer|__int128|inexact|55|
B|1450|2147483647|2147483648|answer|__int128|exact|answer|__int128|inexact|55|
B|1451|2147483647|2147483648|answer|__int128|exact|answer|__int128|inexact|55|
B|1452|0|1|death|SIGFPE|na|answer|__int128|na|7|
B|1453|9223372036854775808|9223372036854775809|death|SIGFPE|na|answer|__int128|na|64|
B|1454|0|1|death|SIGFPE|na|answer|__int128|na|7|
B|1455|9223372036854775808|9223372036854775809|death|SIGFPE|na|answer|__int128|na|64|
B|1456|9223372036854775808|9223372036854775809|answer|bool|exact|answer|bool|inexact|64|
B|1457|9223372036854775808|9223372036854775809|answer|bool|exact|answer|bool|inexact|64|
B|1458|9223372036854775808|9223372036854775809|answer|bool|inexact|answer|bool|exact|64|
B|1459|9223372036854775808|9223372036854775809|answer|bool|inexact|answer|bool|exact|64|
B|1460|2147483647|2147483648|answer|__int128|exact|answer|__int128|inexact|55|
B|1461|2147483647|2147483648|answer|__int128|exact|answer|__int128|inexact|55|
B|1462|2147483647|2147483648|answer|__int128|exact|answer|__int128|inexact|55|
B|1463|0|1|death|SIGFPE|na|answer|__int128|na|7|
B|1464|9223372036854775808|9223372036854775809|death|SIGFPE|na|answer|__int128|na|64|
B|1465|0|1|death|SIGFPE|na|answer|__int128|na|7|
B|1466|9223372036854775808|9223372036854775809|death|SIGFPE|na|answer|__int128|na|64|
B|1467|9007199254740993|9007199254740994|answer|bool|exact|answer|bool|inexact|64|
B|1468|9007199254740992|9007199254740993|answer|bool|exact|answer|bool|inexact|55|
B|1469|9007199254740992|9007199254740993|answer|bool|exact|answer|bool|inexact|55|
B|1470|9007199254740993|9007199254740994|answer|bool|exact|answer|bool|inexact|64|
B|1471|9007199254740992|9007199254740993|answer|bool|exact|answer|bool|inexact|55|
B|1472|9007199254740993|9007199254740994|answer|bool|inexact|answer|bool|exact|64|
B|1473|9007199254740992|9007199254740993|answer|bool|exact|answer|bool|inexact|55|
B|1474|9007199254740993|9007199254740994|answer|bool|inexact|answer|bool|exact|64|
B|1475|2147483647|2147483648|answer|__int128|exact|answer|__int128|inexact|55|
B|1476|2147483647|2147483648|answer|__int128|exact|answer|__int128|inexact|55|
B|1477|2147483647|2147483648|answer|__int128|exact|answer|__int128|inexact|55|
B|1478|0|1|death|SIGFPE|na|answer|__int128|na|7|
B|1479|9223372036854775808|9223372036854775809|death|SIGFPE|na|answer|__int128|na|64|
B|1480|0|1|death|SIGFPE|na|answer|__int128|na|7|
B|1481|9223372036854775808|9223372036854775809|death|SIGFPE|na|answer|__int128|na|64|
B|1482|18446744073709551614|18446744073709551615|answer|bool|exact|answer|bool|inexact|65|
B|1483|18446744073709551614|18446744073709551615|answer|bool|exact|answer|bool|inexact|65|
B|1484|18446744073709551614|18446744073709551615|answer|bool|exact|answer|bool|inexact|65|
B|1485|18446744073709551614|18446744073709551615|answer|bool|exact|answer|bool|inexact|65|
B|1486|0|1|death|SIGFPE|na|answer|__int128|na|7|
B|1487|0|1|death|SIGFPE|na|answer|__int128|na|7|
B|1488|0|1|death|SIGFPE|na|answer|__int128|na|7|
B|1489|0|1|death|SIGFPE|na|answer|__int128|na|7|
B|1490|0|1|death|SIGFPE|na|answer|__int128|na|7|
B|1491|0|1|death|SIGFPE|na|answer|__int128|na|7|
B|1492|0|1|death|SIGFPE|na|answer|__int128|na|7|
B|1493|0|1|death|SIGFPE|na|answer|__int128|na|7|
B|1494|9223372036854775808|9223372036854775809|answer|bool|exact|answer|bool|inexact|64|
B|1495|9223372036854775808|9223372036854775809|answer|bool|exact|answer|bool|inexact|64|
B|1496|9223372036854775808|9223372036854775809|answer|bool|inexact|answer|bool|exact|64|
B|1497|9223372036854775808|9223372036854775809|answer|bool|inexact|answer|bool|exact|64|
B|1498|0|1|death|SIGFPE|na|answer|__int128|na|7|
B|1499|0|1|death|SIGFPE|na|answer|__int128|na|7|
B|1500|0|1|death|SIGFPE|na|answer|__int128|na|7|
B|1501|0|1|death|SIGFPE|na|answer|__int128|na|7|
B|1502|18446744073709551614|18446744073709551615|answer|bool|exact|answer|bool|inexact|65|
B|1503|18446744073709551614|18446744073709551615|answer|bool|exact|answer|bool|inexact|65|
B|1504|18446744073709551614|18446744073709551615|answer|bool|exact|answer|bool|inexact|65|
B|1505|18446744073709551614|18446744073709551615|answer|bool|exact|answer|bool|inexact|65|
B|1506|0|1|death|SIGFPE|na|answer|__int128|na|7|
B|1507|0|1|death|SIGFPE|na|answer|__int128|na|7|
B|1508|0|1|death|SIGFPE|na|answer|__int128|na|7|
B|1509|0|1|death|SIGFPE|na|answer|__int128|na|7|
B|1510|0|1|death|SIGFPE|na|answer|__int128|na|7|
B|1511|0|1|death|SIGFPE|na|answer|__int128|na|7|
B|1512|0|1|death|SIGFPE|na|answer|__int128|na|7|
B|1513|0|1|death|SIGFPE|na|answer|__int128|na|7|
B|1514|0|1|death|SIGFPE|na|answer|__int128|na|7|
B|1515|0|1|death|SIGFPE|na|answer|__int128|na|7|
B|1516|9223372036854775808|9223372036854775809|answer|__int128|exact|answer|__int128|inexact|64|
B|1517|0|1|death|SIGFPE|na|answer|__int128|na|7|
B|1518|0|1|death|SIGFPE|na|answer|__int128|na|7|
B|1519|0|1|death|SIGFPE|na|answer|__int128|na|7|
B|1520|0|1|death|SIGFPE|na|answer|__int128|na|7|
B|1521|0|1|death|SIGFPE|na|answer|__int128|na|7|
B|1522|0|1|death|SIGFPE|na|answer|__int128|na|7|
B|1523|0|1|death|SIGFPE|na|answer|__int128|na|7|
B|1524|0|1|death|SIGFPE|na|answer|__int128|na|7|
B|1525|0|1|death|SIGFPE|na|answer|__int128|na|7|
B|1526|0|1|death|SIGFPE|na|answer|__int128|na|7|
B|1527|0|1|death|SIGFPE|na|answer|__int128|na|7|
B|1528|0|1|death|SIGFPE|na|answer|__int128|na|7|
B|1529|9223372036854775808|9223372036854775809|answer|__int128|exact|answer|__int128|inexact|64|
B|1530|0|1|death|SIGFPE|na|answer|__int128|na|7|
B|1531|0|1|death|SIGFPE|na|answer|__int128|na|7|
