B|6066|9223372036854775765|9223372036854775766|answer|integer|exact|answer|double|inexact|65|answer|double|exact
B|6067|219604096115589900|219604096115589901|answer|integer|exact|answer|double|inexact|65|answer|double|exact
B|6068|42|43|answer|integer|na|answer|double|na|54|
B|6070|0|1|answer|integer|exact|answer|double|inexact|7|answer|double|exact
B|6071|1|2|answer|integer|exact|answer|double|inexact|7|
B|6072|0|1|answer|integer|na|answer|double|na|7|
B|6073|9223372036854775806|9223372036854775807|answer|double|na|answer|integer|na|65|
N|6074|answer|boolean|inexact|answer|boolean|inexact
N|6075|answer|boolean|inexact|answer|boolean|inexact
N|6076|answer|boolean|inexact|answer|boolean|inexact
N|6077|answer|boolean|inexact|answer|boolean|inexact
B|6079|9223372036854775808|9223372036854775809|answer|double|exact|answer|double|inexact|64|
N|6080|answer|double|exact|answer|double|exact
B|6081|9223372036854775295|9223372036854775296|answer|boolean|exact|answer|boolean|inexact|65|
B|6082|9223372036854775295|9223372036854775296|answer|boolean|exact|answer|boolean|inexact|65|
B|6083|9223372036854775295|9223372036854775296|answer|boolean|exact|answer|boolean|inexact|65|
B|6084|9223372036854775295|9223372036854775296|answer|boolean|exact|answer|boolean|inexact|65|
B|6085|9214364837600034814|9214364837600034815|answer|integer|exact|answer|double|exact|65|answer|double|inexact
B|6086|1023|1024|answer|integer|exact|answer|double|inexact|55|
B|6087|0|1|answer|integer|na|answer|double|na|7|
B|6088|9007199254740992|9007199254740993|answer|double|na|answer|integer|na|55|
B|6089|9007199254740993|9007199254740994|answer|integer|na|answer|double|na|64|
N|6091|answer|double|inexact|answer|double|inexact
B|6092|0|1|answer|double|exact|answer|double|inexact|7|
B|6093|9223372036854775765|9223372036854775766|answer|integer|exact|answer|double|inexact|65|answer|double|exact
B|6094|219604096115589900|219604096115589901|answer|integer|exact|answer|double|inexact|65|answer|double|exact
B|6095|42|43|answer|integer|na|answer|double|na|54|
B|6097|0|1|answer|integer|exact|answer|double|inexact|7|answer|double|exact
B|6098|1|2|answer|integer|exact|answer|double|inexact|7|
B|6099|0|1|answer|integer|na|answer|double|na|7|
B|6100|9223372036854775806|9223372036854775807|answer|double|na|answer|integer|na|65|
N|6101|answer|boolean|inexact|answer|boolean|inexact
N|6102|answer|boolean|inexact|answer|boolean|inexact
N|6103|answer|boolean|inexact|answer|boolean|inexact
N|6104|answer|boolean|inexact|answer|boolean|inexact
B|6106|9223372036854775808|9223372036854775809|answer|double|exact|answer|double|inexact|64|
N|6107|answer|double|exact|answer|double|exact
B|6108|9223372036854775295|9223372036854775296|answer|boolean|exact|answer|boolean|inexact|65|
B|6109|9223372036854775295|9223372036854775296|answer|boolean|exact|answer|boolean|inexact|65|
B|6110|9223372036854775295|9223372036854775296|answer|boolean|exact|answer|boolean|inexact|65|
B|6111|9223372036854775295|9223372036854775296|answer|boolean|exact|answer|boolean|inexact|65|
B|6112|9214364837600034814|9214364837600034815|answer|integer|exact|answer|double|exact|65|answer|double|inexact
B|6113|1023|1024|answer|integer|exact|answer|double|inexact|55|
B|6114|0|1|answer|integer|na|answer|double|na|7|
B|6115|9007199254740992|9007199254740993|answer|double|na|answer|integer|na|55|
B|6116|9007199254740993|9007199254740994|answer|integer|na|answer|double|na|64|
N|6118|answer|double|inexact|answer|double|inexact
B|6119|0|1|answer|double|exact|answer|double|inexact|7|
B|6130|9223372036854775765|9223372036854775766|answer|integer|exact|answer|double|inexact|65|answer|double|exact
B|6131|219604096115589900|219604096115589901|answer|integer|exact|answer|double|inexact|65|answer|double|exact
B|6132|42|43|answer|integer|na|answer|double|na|54|
B|6134|0|1|answer|integer|exact|answer|double|inexact|7|answer|double|exact
B|6135|1|2|answer|integer|exact|answer|double|inexact|7|
B|6136|0|1|answer|integer|na|answer|double|na|7|
B|6137|9223372036854775806|9223372036854775807|answer|double|na|answer|integer|na|65|
B|6138|9223372036854776832|9223372036854776833|answer|boolean|inexact|answer|boolean|exact|65|
B|6139|9223372036854776832|9223372036854776833|answer|boolean|inexact|answer|boolean|exact|65|
B|6140|9223372036854776832|9223372036854776833|answer|boolean|inexact|answer|boolean|exact|65|
B|6141|9223372036854776832|9223372036854776833|answer|boolean|inexact|answer|boolean|exact|65|
B|6143|9223372036854775808|9223372036854775809|answer|double|exact|answer|double|inexact|64|
N|6144|answer|double|exact|answer|double|exact
B|6145|9223372036854775295|9223372036854775296|answer|boolean|exact|answer|boolean|inexact|65|
B|6146|9223372036854775295|9223372036854775296|answer|boolean|exact|answer|boolean|inexact|65|
B|6147|9223372036854775295|9223372036854775296|answer|boolean|exact|answer|boolean|inexact|65|
B|6148|9223372036854775295|9223372036854775296|answer|boolean|exact|answer|boolean|inexact|65|
B|6149|9214364837600034814|9214364837600034815|answer|integer|exact|answer|double|exact|65|answer|double|inexact
B|6150|1023|1024|answer|integer|exact|answer|double|inexact|55|
B|6151|0|1|answer|integer|na|answer|double|na|7|
B|6152|9007199254740992|9007199254740993|answer|double|na|answer|integer|na|55|
B|6153|9007199254740993|9007199254740994|answer|integer|na|answer|double|na|64|
B|6155|9223372036854777854|9223372036854777855|answer|double|inexact|answer|double|exact|65|
B|6156|0|1|answer|double|exact|answer|double|inexact|7|
B|6157|9223372036854775765|9223372036854775766|answer|integer|exact|answer|double|inexact|65|answer|double|exact
B|6158|219604096115589900|219604096115589901|answer|integer|exact|answer|double|inexact|65|answer|double|exact
B|6159|42|43|answer|integer|na|answer|double|na|54|
B|6161|0|1|answer|integer|exact|answer|double|inexact|7|answer|double|exact
B|6162|1|2|answer|integer|exact|answer|double|inexact|7|
B|6163|0|1|answer|integer|na|answer|double|na|7|
B|6164|9223372036854775806|9223372036854775807|answer|double|na|answer|integer|na|65|
B|6166|9223372036854775808|9223372036854775809|answer|double|exact|answer|double|inexact|64|
N|6167|answer|double|exact|answer|double|exact
B|6168|9214364837600034814|9214364837600034815|answer|integer|exact|answer|double|exact|65|answer|double|inexact
B|6169|1023|1024|answer|integer|exact|answer|double|inexact|55|
B|6170|0|1|answer|integer|na|answer|double|na|7|
B|6171|9007199254740992|9007199254740993|answer|double|na|answer|integer|na|55|
B|6172|9007199254740993|9007199254740994|answer|integer|na|answer|double|na|64|
B|6174|9223372036854777854|9223372036854777855|answer|double|inexact|answer|double|exact|65|
B|6175|0|1|answer|double|exact|answer|double|inexact|7|
B|6208|9223372036854775765|9223372036854775766|answer|integer|exact|answer|double|inexact|65|answer|double|exact
B|6209|219604096115589900|219604096115589901|answer|integer|exact|answer|double|inexact|65|answer|double|exact
B|6210|0|1|raise|DivisionByZeroError|na|answer|integer|na|7|answer|double|na
B|6211|42|43|answer|integer|na|answer|double|na|54|
B|6212|0|1|raise|DivisionByZeroError|na|answer|integer|na|7|
N|6213|answer|integer|na|answer|integer|na
N|6214|answer|integer|na|answer|integer|na
N|6215|answer|integer|na|answer|integer|na
B|6217|0|1|raise|DivisionByZeroError|na|answer|integer|na|7|
B|6218|0|1|raise|DivisionByZeroError|na|answer|integer|na|7|
N|6219|answer|integer|na|answer|integer|na
N|6220|answer|integer|na|answer|integer|na
N|6221|answer|integer|na|answer|integer|na
B|6222|0|1|answer|integer|exact|answer|double|inexact|7|answer|double|exact
B|6223|1|2|answer|integer|exact|answer|double|inexact|7|
B|6224|0|1|raise|DivisionByZeroError|na|answer|double|na|7|answer|integer|na
B|6225|9223372036854775806|9223372036854775807|answer|double|na|answer|integer|na|65|
B|6226|0|1|raise|DivisionByZeroError|na|answer|integer|na|7|
N|6227|answer|integer|na|answer|integer|na
N|6228|answer|boolean|inexact|answer|boolean|inexact
N|6229|answer|boolean|inexact|answer|boolean|inexact
N|6230|answer|boolean|inexact|answer|boolean|inexact
N|6231|answer|boolean|inexact|answer|boolean|inexact
N|6232|answer|integer|na|answer|integer|na
N|6233|answer|integer|na|answer|integer|na
B|6235|9223372036854775808|9223372036854775809|answer|double|exact|answer|double|inexact|64|
N|6236|answer|double|exact|answer|double|exact
B|6237|0|1|raise|DivisionByZeroError|na|answer|double|na|7|
B|6238|0|1|raise|DivisionByZeroError|na|answer|integer|na|7|
N|6239|answer|integer|na|answer|integer|na
B|6240|9223372036854775295|9223372036854775296|answer|boolean|exact|answer|boolean|inexact|65|
B|6241|9223372036854775295|9223372036854775296|answer|boolean|exact|answer|boolean|inexact|65|
B|6242|9223372036854775295|9223372036854775296|answer|boolean|exact|answer|boolean|inexact|65|
B|6243|9223372036854775295|9223372036854775296|answer|boolean|exact|answer|boolean|inexact|65|
N|6244|answer|integer|na|answer|integer|na
N|6245|answer|integer|na|answer|integer|na
B|6246|9214364837600034814|9214364837600034815|answer|integer|exact|answer|double|exact|65|answer|double|inexact
B|6247|1023|1024|answer|integer|exact|answer|double|inexact|55|
B|6248|0|1|raise|DivisionByZeroError|na|answer|double|na|7|answer|integer|na
B|6249|9007199254740992|9007199254740993|answer|double|na|answer|integer|na|55|
B|6250|9007199254740993|9007199254740994|answer|integer|na|answer|double|na|64|
B|6251|0|1|raise|DivisionByZeroError|na|answer|integer|na|7|
N|6252|answer|integer|na|answer|integer|na
N|6253|answer|integer|na|answer|integer|na
N|6254|answer|integer|na|answer|integer|na
N|6256|answer|double|inexact|answer|double|inexact
B|6257|0|1|answer|double|exact|answer|double|inexact|7|
B|6258|0|1|raise|DivisionByZeroError|na|answer|double|na|7|
B|6259|0|1|raise|DivisionByZeroError|na|answer|integer|na|7|
N|6260|answer|integer|na|answer|integer|na
N|6261|answer|integer|na|answer|integer|na
N|6262|answer|integer|na|answer|integer|na
B|6263|9223372036854775765|9223372036854775766|answer|integer|exact|answer|double|inexact|65|answer|double|exact
B|6264|219604096115589900|219604096115589901|answer|integer|exact|answer|double|inexact|65|answer|double|exact
B|6265|0|1|raise|DivisionByZeroError|na|answer|integer|na|7|answer|double|na
B|6266|42|43|answer|integer|na|answer|double|na|54|
B|6267|0|1|raise|DivisionByZeroError|na|answer|integer|na|7|
B|6269|0|1|raise|DivisionByZeroError|na|answer|integer|na|7|
B|6270|0|1|raise|DivisionByZeroError|na|answer|integer|na|7|
B|6271|0|1|answer|integer|exact|answer|double|inexact|7|answer|double|exact
B|6272|1|2|answer|integer|exact|answer|double|inexact|7|
B|6273|0|1|raise|DivisionByZeroError|na|answer|double|na|7|answer|integer|na
B|6274|9223372036854775806|9223372036854775807|answer|double|na|answer|integer|na|65|
B|6275|0|1|raise|DivisionByZeroError|na|answer|integer|na|7|
B|6276|9223372036854776832|9223372036854776833|answer|boolean|inexact|answer|boolean|exact|65|
B|6277|9223372036854776832|9223372036854776833|answer|boolean|inexact|answer|boolean|exact|65|
B|6278|9223372036854776832|9223372036854776833|answer|boolean|inexact|answer|boolean|exact|65|
B|6279|9223372036854776832|9223372036854776833|answer|boolean|inexact|answer|boolean|exact|65|
B|6281|9223372036854775808|9223372036854775809|answer|double|exact|answer|double|inexact|64|
N|6282|answer|double|exact|answer|double|exact
B|6283|0|1|raise|DivisionByZeroError|na|answer|double|na|7|
B|6284|0|1|raise|DivisionByZeroError|na|answer|integer|na|7|
B|6285|9223372036854775295|9223372036854775296|answer|boolean|exact|answer|boolean|inexact|65|
B|6286|9223372036854775295|9223372036854775296|answer|boolean|exact|answer|boolean|inexact|65|
B|6287|9223372036854775295|9223372036854775296|answer|boolean|exact|answer|boolean|inexact|65|
B|6288|9223372036854775295|9223372036854775296|answer|boolean|exact|answer|boolean|inexact|65|
B|6289|9214364837600034814|9214364837600034815|answer|integer|exact|answer|double|exact|65|answer|double|inexact
B|6290|1023|1024|answer|integer|exact|answer|double|inexact|55|
B|6291|0|1|raise|DivisionByZeroError|na|answer|double|na|7|answer|integer|na
B|6292|9007199254740992|9007199254740993|answer|double|na|answer|integer|na|55|
B|6293|9007199254740993|9007199254740994|answer|integer|na|answer|double|na|64|
B|6294|0|1|raise|DivisionByZeroError|na|answer|integer|na|7|
B|6296|9223372036854777854|9223372036854777855|answer|double|inexact|answer|double|exact|65|
B|6297|0|1|answer|double|exact|answer|double|inexact|7|
B|6298|0|1|raise|DivisionByZeroError|na|answer|double|na|7|
B|6299|0|1|raise|DivisionByZeroError|na|answer|integer|na|7|
B|6300|9223372036854775765|9223372036854775766|answer|integer|exact|answer|double|inexact|65|answer|double|exact
B|6301|219604096115589900|219604096115589901|answer|integer|exact|answer|double|inexact|65|answer|double|exact
B|6302|0|1|raise|DivisionByZeroError|na|answer|integer|na|7|answer|double|na
B|6303|42|43|answer|integer|na|answer|double|na|54|
B|6304|0|1|raise|DivisionByZeroError|na|answer|integer|na|7|
N|6305|answer|integer|na|answer|integer|na
B|6309|0|1|raise|DivisionByZeroError|na|answer|integer|na|7|
B|6310|0|1|raise|DivisionByZeroError|na|answer|integer|na|7|
N|6311|answer|integer|na|answer|integer|na
B|6314|0|1|answer|integer|exact|answer|double|inexact|7|answer|double|exact
B|6315|1|2|answer|integer|exact|answer|double|inexact|7|
B|6316|0|1|raise|DivisionByZeroError|na|answer|double|na|7|answer|integer|na
B|6317|9223372036854775806|9223372036854775807|answer|double|na|answer|integer|na|65|
B|6318|0|1|raise|DivisionByZeroError|na|answer|integer|na|7|
N|6319|answer|integer|na|answer|integer|na
N|6320|answer|boolean|inexact|answer|boolean|inexact
N|6321|answer|boolean|inexact|answer|boolean|inexact
N|6322|answer|boolean|inexact|answer|boolean|inexact
N|6323|answer|boolean|inexact|answer|boolean|inexact
B|6327|9223372036854775808|9223372036854775809|answer|double|exact|answer|double|inexact|64|
N|6328|answer|double|exact|answer|double|exact
B|6329|0|1|raise|DivisionByZeroError|na|answer|double|na|7|
B|6330|0|1|raise|DivisionByZeroError|na|answer|integer|na|7|
N|6331|answer|integer|na|answer|integer|na
B|6332|9223372036854775295|9223372036854775296|answer|boolean|exact|answer|boolean|inexact|65|
B|6333|9223372036854775295|9223372036854775296|answer|boolean|exact|answer|boolean|inexact|65|
B|6334|9223372036854775295|9223372036854775296|answer|boolean|exact|answer|boolean|inexact|65|
B|6335|9223372036854775295|9223372036854775296|answer|boolean|exact|answer|boolean|inexact|65|
B|6338|9214364837600034814|9214364837600034815|answer|integer|exact|answer|double|exact|65|answer|double|inexact
B|6339|1023|1024|answer|integer|exact|answer|double|inexact|55|
B|6340|0|1|raise|DivisionByZeroError|na|answer|double|na|7|answer|integer|na
B|6341|9007199254740992|9007199254740993|answer|double|na|answer|integer|na|55|
B|6342|9007199254740993|9007199254740994|answer|integer|na|answer|double|na|64|
B|6343|0|1|raise|DivisionByZeroError|na|answer|integer|na|7|
N|6344|answer|integer|na|answer|integer|na
N|6348|answer|double|inexact|answer|double|inexact
B|6349|0|1|answer|double|exact|answer|double|inexact|7|
B|6350|0|1|raise|DivisionByZeroError|na|answer|double|na|7|
B|6351|0|1|raise|DivisionByZeroError|na|answer|integer|na|7|
N|6352|answer|integer|na|answer|integer|na
B|6355|9223372036854775765|9223372036854775766|answer|integer|exact|answer|double|inexact|65|answer|double|exact
B|6356|219604096115589900|219604096115589901|answer|integer|exact|answer|double|inexact|65|answer|double|exact
B|6357|0|1|raise|DivisionByZeroError|na|answer|integer|na|7|answer|double|na
B|6358|42|43|answer|integer|na|answer|double|na|54|
B|6359|0|1|raise|DivisionByZeroError|na|answer|integer|na|7|
B|6361|0|1|raise|DivisionByZeroError|na|answer|integer|na|7|
B|6362|0|1|raise|DivisionByZeroError|na|answer|integer|na|7|
B|6363|0|1|answer|integer|exact|answer|double|inexact|7|answer|double|exact
B|6364|1|2|answer|integer|exact|answer|double|inexact|7|
B|6365|0|1|raise|DivisionByZeroError|na|answer|double|na|7|answer|integer|na
B|6366|9223372036854775806|9223372036854775807|answer|double|na|answer|integer|na|65|
B|6367|0|1|raise|DivisionByZeroError|na|answer|integer|na|7|
B|6369|9223372036854775808|9223372036854775809|answer|double|exact|answer|double|inexact|64|
N|6370|answer|double|exact|answer|double|exact
B|6371|0|1|raise|DivisionByZeroError|na|answer|double|na|7|
B|6372|0|1|raise|DivisionByZeroError|na|answer|integer|na|7|
B|6373|9214364837600034814|9214364837600034815|answer|integer|exact|answer|double|exact|65|answer|double|inexact
B|6374|1023|1024|answer|integer|exact|answer|double|inexact|55|
B|6375|0|1|raise|DivisionByZeroError|na|answer|double|na|7|answer|integer|na
B|6376|9007199254740992|9007199254740993|answer|double|na|answer|integer|na|55|
B|6377|9007199254740993|9007199254740994|answer|integer|na|answer|double|na|64|
B|6378|0|1|raise|DivisionByZeroError|na|answer|integer|na|7|
B|6380|9223372036854777854|9223372036854777855|answer|double|inexact|answer|double|exact|65|
B|6381|0|1|answer|double|exact|answer|double|inexact|7|
B|6382|0|1|raise|DivisionByZeroError|na|answer|double|na|7|
B|6383|0|1|raise|DivisionByZeroError|na|answer|integer|na|7|
