B|2488|0|1|answer|Long|exact|answer|Long|inexact|7|
B|2489|1|2|answer|Long|exact|answer|Long|inexact|7|
B|2490|0|1|answer|Long|exact|answer|Long|inexact|7|
B|2491|1|2|answer|Long|exact|answer|Long|inexact|7|
B|2500|0|1|answer|Long|exact|answer|Long|inexact|7|
B|2501|1|2|answer|Long|exact|answer|Long|inexact|7|
B|2502|0|1|answer|Long|exact|answer|Long|inexact|7|
B|2503|1|2|answer|Long|exact|answer|Long|inexact|7|
B|2512|9223372036854775765|9223372036854775766|answer|Long|exact|answer|Long|inexact|65|
B|2513|219604096115589900|219604096115589901|answer|Long|exact|answer|Long|inexact|65|
B|2514|9223372036854775765|9223372036854775766|answer|Long|exact|answer|Long|inexact|65|
B|2515|219604096115589900|219604096115589901|answer|Long|exact|answer|Long|inexact|65|
B|2516|9223372036854775765|9223372036854775766|answer|Long|exact|answer|Long|inexact|65|
B|2517|219604096115589900|219604096115589901|answer|Long|exact|answer|Long|inexact|65|
B|2518|0|1|answer|Long|exact|answer|Long|inexact|7|
B|2519|1|2|answer|Long|exact|answer|Long|inexact|7|
B|2520|9214364837600034814|9214364837600034815|answer|Long|exact|answer|Long|inexact|65|
B|2521|1023|1024|answer|Long|exact|answer|Long|inexact|55|
B|2522|9223372036854775765|9223372036854775766|answer|Long|exact|answer|Long|inexact|65|
B|2523|219604096115589900|219604096115589901|answer|Long|exact|answer|Long|inexact|65|
B|2524|9223372036854775765|9223372036854775766|answer|Long|exact|answer|Long|inexact|65|
B|2525|219604096115589900|219604096115589901|answer|Long|exact|answer|Long|inexact|65|
B|2526|0|1|answer|Long|exact|answer|Long|inexact|7|
B|2527|1|2|answer|Long|exact|answer|Long|inexact|7|
B|2528|9214364837600034814|9214364837600034815|answer|Long|exact|answer|Long|inexact|65|
B|2529|1023|1024|answer|Long|exact|answer|Long|inexact|55|
B|2548|0|1|answer|Long|exact|answer|Long|inexact|7|
B|2549|1|2|answer|Long|exact|answer|Long|inexact|7|
B|2550|0|1|answer|Long|exact|answer|Long|inexact|7|
B|2551|1|2|answer|Long|exact|answer|Long|inexact|7|
B|2560|9223372036854775765|9223372036854775766|answer|Long|exact|answer|Long|inexact|65|
B|2561|219604096115589900|219604096115589901|answer|Long|exact|answer|Long|inexact|65|
B|2562|9223372036854775765|9223372036854775766|answer|Long|exact|answer|Long|inexact|65|
B|2563|219604096115589900|219604096115589901|answer|Long|exact|answer|Long|inexact|65|
B|2564|9223372036854775765|9223372036854775766|answer|Long|exact|answer|Long|inexact|65|
B|2565|219604096115589900|219604096115589901|answer|Long|exact|answer|Long|inexact|65|
B|2566|0|1|answer|Long|exact|answer|Long|inexact|7|
B|2567|1|2|answer|Long|exact|answer|Long|inexact|7|
B|2568|9214364837600034814|9214364837600034815|answer|Long|exact|answer|Long|inexact|65|
B|2569|1023|1024|answer|Long|exact|answer|Long|inexact|55|
B|2570|9223372036854775765|9223372036854775766|answer|Long|exact|answer|Long|inexact|65|
B|2571|219604096115589900|219604096115589901|answer|Long|exact|answer|Long|inexact|65|
B|2572|9223372036854775765|9223372036854775766|answer|Long|exact|answer|Long|inexact|65|
B|2573|219604096115589900|219604096115589901|answer|Long|exact|answer|Long|inexact|65|
B|2574|0|1|answer|Long|exact|answer|Long|inexact|7|
B|2575|1|2|answer|Long|exact|answer|Long|inexact|7|
B|2576|9223372036854775806|9223372036854775807|answer|Boolean|exact|answer|Boolean|inexact|65|
B|2577|9223372036854775806|9223372036854775807|answer|Boolean|exact|answer|Boolean|inexact|65|
B|2578|9214364837600034814|9214364837600034815|answer|Long|exact|answer|Long|inexact|65|
B|2579|1023|1024|answer|Long|exact|answer|Long|inexact|55|
B|2580|9007199254740992|9007199254740993|answer|Boolean|exact|answer|Boolean|inexact|55|
B|2581|9007199254740993|9007199254740994|answer|Boolean|inexact|answer|Boolean|exact|64|
B|2582|9007199254740992|9007199254740993|answer|Boolean|exact|answer|Boolean|inexact|55|
B|2583|9007199254740993|9007199254740994|answer|Boolean|inexact|answer|Boolean|exact|64|
B|2602|41|42|answer|Boolean|exact|answer|Boolean|inexact|8|
B|2603|42|43|answer|Boolean|inexact|answer|Boolean|exact|54|
B|2604|41|42|answer|Boolean|exact|answer|Boolean|inexact|8|
B|2605|42|43|answer|Boolean|inexact|answer|Boolean|exact|54|
B|2606|0|1|answer|Boolean|inexact|answer|Boolean|exact|7|
B|2607|0|1|answer|Boolean|inexact|answer|Boolean|exact|7|
B|2608|9223372036854775806|9223372036854775807|answer|Boolean|exact|answer|Boolean|inexact|65|
B|2609|9223372036854775806|9223372036854775807|answer|Boolean|exact|answer|Boolean|inexact|65|
B|2610|9223372036854775808|9223372036854775809|answer|Boolean|inexact|answer|Boolean|exact|64|
B|2611|9223372036854775808|9223372036854775809|answer|Boolean|inexact|answer|Boolean|exact|64|
B|2612|9007199254740992|9007199254740993|answer|Boolean|exact|answer|Boolean|inexact|55|
B|2613|9007199254740993|9007199254740994|answer|Boolean|inexact|answer|Boolean|exact|64|
B|2614|9007199254740992|9007199254740993|answer|Boolean|exact|answer|Boolean|inexact|55|
B|2615|9007199254740993|9007199254740994|answer|Boolean|inexact|answer|Boolean|exact|64|
B|2616|18446744073709551614|18446744073709551615|answer|Boolean|exact|answer|Boolean|inexact|65|
B|2617|18446744073709551614|18446744073709551615|answer|Boolean|exact|answer|Boolean|inexact|65|
B|2618|0|1|raise|java.lang.ArithmeticException|na|answer|Integer|na|7|
B|2619|0|1|raise|java.lang.ArithmeticException|na|answer|Integer|na|7|
B|2620|0|1|raise|java.lang.ArithmeticException|na|answer|Integer|na|7|
B|2621|0|1|raise|java.lang.ArithmeticException|na|answer|Integer|na|7|
B|2622|0|1|raise|java.lang.ArithmeticException|na|answer|Integer|na|7|
B|2623|0|1|raise|java.lang.ArithmeticException|na|answer|Integer|na|7|
B|2624|0|1|raise|java.lang.ArithmeticException|na|answer|Integer|na|7|
B|2625|0|1|raise|java.lang.ArithmeticException|na|answer|Integer|na|7|
B|2626|9223372036854775765|9223372036854775766|answer|Long|exact|answer|Long|inexact|65|
B|2627|219604096115589900|219604096115589901|answer|Long|exact|answer|Long|inexact|65|
B|2628|0|1|raise|java.lang.ArithmeticException|na|answer|Long|na|7|
B|2629|0|1|raise|java.lang.ArithmeticException|na|answer|Long|na|7|
B|2630|0|1|raise|java.lang.ArithmeticException|na|answer|Long|na|7|
B|2631|0|1|raise|java.lang.ArithmeticException|na|answer|Long|na|7|
B|2632|0|1|raise|java.lang.ArithmeticException|na|answer|Integer|na|7|
B|2633|0|1|raise|java.lang.ArithmeticException|na|answer|Integer|na|7|
B|2634|0|1|raise|java.lang.ArithmeticException|na|answer|Integer|na|7|
B|2635|0|1|raise|java.lang.ArithmeticException|na|answer|Integer|na|7|
B|2636|9223372036854775765|9223372036854775766|answer|Long|exact|answer|Long|inexact|65|
B|2637|219604096115589900|219604096115589901|answer|Long|exact|answer|Long|inexact|65|
B|2638|0|1|raise|java.lang.ArithmeticException|na|answer|Long|na|7|
B|2639|0|1|raise|java.lang.ArithmeticException|na|answer|Long|na|7|
B|2640|0|1|raise|java.lang.ArithmeticException|na|answer|Long|na|7|
B|2641|0|1|raise|java.lang.ArithmeticException|na|answer|Long|na|7|
B|2642|0|1|raise|java.lang.ArithmeticException|na|answer|Integer|na|7|
B|2643|0|1|raise|java.lang.ArithmeticException|na|answer|Integer|na|7|
B|2644|0|1|raise|java.lang.ArithmeticException|na|answer|Integer|na|7|
B|2645|0|1|raise|java.lang.ArithmeticException|na|answer|Integer|na|7|
B|2646|0|1|raise|java.lang.ArithmeticException|na|answer|Integer|na|7|
B|2647|0|1|raise|java.lang.ArithmeticException|na|answer|Integer|na|7|
B|2648|0|1|raise|java.lang.ArithmeticException|na|answer|Integer|na|7|
B|2649|0|1|raise|java.lang.ArithmeticException|na|answer|Integer|na|7|
B|2650|9223372036854775765|9223372036854775766|answer|Long|exact|answer|Long|inexact|65|
B|2651|219604096115589900|219604096115589901|answer|Long|exact|answer|Long|inexact|65|
B|2652|0|1|raise|java.lang.ArithmeticException|na|answer|Long|na|7|
B|2653|0|1|raise|java.lang.ArithmeticException|na|answer|Long|na|7|
B|2654|0|1|raise|java.lang.ArithmeticException|na|answer|Long|na|7|
B|2655|0|1|raise|java.lang.ArithmeticException|na|answer|Long|na|7|
B|2656|0|1|raise|java.lang.ArithmeticException|na|answer|Integer|na|7|
B|2657|0|1|raise|java.lang.ArithmeticException|na|answer|Integer|na|7|
B|2658|0|1|raise|java.lang.ArithmeticException|na|answer|Integer|na|7|
B|2659|0|1|raise|java.lang.ArithmeticException|na|answer|Integer|na|7|
B|2660|9223372036854775765|9223372036854775766|answer|Long|exact|answer|Long|inexact|65|
B|2661|219604096115589900|219604096115589901|answer|Long|exact|answer|Long|inexact|65|
B|2662|0|1|raise|java.lang.ArithmeticException|na|answer|Long|na|7|
B|2663|0|1|raise|java.lang.ArithmeticException|na|answer|Long|na|7|
B|2664|0|1|raise|java.lang.ArithmeticException|na|answer|Long|na|7|
B|2665|0|1|raise|java.lang.ArithmeticException|na|answer|Long|na|7|
B|2666|0|1|raise|java.lang.ArithmeticException|na|answer|Long|na|7|
B|2667|0|1|raise|java.lang.ArithmeticException|na|answer|Long|na|7|
B|2668|0|1|raise|java.lang.ArithmeticException|na|answer|Long|na|7|
B|2669|0|1|raise|java.lang.ArithmeticException|na|answer|Long|na|7|
B|2670|0|1|answer|Long|exact|answer|Long|inexact|7|
B|2671|1|2|answer|Long|exact|answer|Long|inexact|7|
B|2672|0|1|raise|java.lang.ArithmeticException|na|answer|Long|na|7|
B|2673|0|1|raise|java.lang.ArithmeticException|na|answer|Long|na|7|
B|2674|0|1|raise|java.lang.ArithmeticException|na|answer|Long|na|7|
B|2675|0|1|raise|java.lang.ArithmeticException|na|answer|Long|na|7|
B|2676|0|1|raise|java.lang.ArithmeticException|na|answer|Long|na|7|
B|2677|0|1|raise|java.lang.ArithmeticException|na|answer|Long|na|7|
B|2678|0|1|raise|java.lang.ArithmeticException|na|answer|Long|na|7|
B|2679|0|1|raise|java.lang.ArithmeticException|na|answer|Long|na|7|
B|2680|0|1|answer|Long|exact|answer|Long|inexact|7|
B|2681|1|2|answer|Long|exact|answer|Long|inexact|7|
B|2682|0|1|raise|java.lang.ArithmeticException|na|answer|Long|na|7|
B|2683|0|1|raise|java.lang.ArithmeticException|na|answer|Long|na|7|
B|2684|0|1|raise|java.lang.ArithmeticException|na|answer|Long|na|7|
B|2685|0|1|raise|java.lang.ArithmeticException|na|answer|Long|na|7|
B|2686|9223372036854775765|9223372036854775766|answer|Long|exact|answer|Long|inexact|65|
B|2687|219604096115589900|219604096115589901|answer|Long|exact|answer|Long|inexact|65|
B|2688|0|1|raise|java.lang.ArithmeticException|na|answer|Long|na|7|
B|2689|0|1|raise|java.lang.ArithmeticException|na|answer|Long|na|7|
B|2690|0|1|raise|java.lang.ArithmeticException|na|answer|Long|na|7|
B|2691|0|1|raise|java.lang.ArithmeticException|na|answer|Long|na|7|
B|2692|0|1|answer|Long|exact|answer|Long|inexact|7|
B|2693|1|2|answer|Long|exact|answer|Long|inexact|7|
B|2694|0|1|raise|java.lang.ArithmeticException|na|answer|Long|na|7|
B|2695|0|1|raise|java.lang.ArithmeticException|na|answer|Long|na|7|
B|2696|9214364837600034814|9214364837600034815|answer|Long|exact|answer|Long|inexact|65|
B|2697|1023|1024|answer|Long|exact|answer|Long|inexact|55|
B|2698|0|1|raise|java.lang.ArithmeticException|na|answer|Long|na|7|
B|2699|0|1|raise|java.lang.ArithmeticException|na|answer|Long|na|7|
B|2700|0|1|raise|java.lang.ArithmeticException|na|answer|Long|na|7|
B|2701|0|1|raise|java.lang.ArithmeticException|na|answer|Long|na|7|
B|2702|0|1|raise|java.lang.ArithmeticException|na|answer|Long|na|7|
B|2703|0|1|raise|java.lang.ArithmeticException|na|answer|Long|na|7|
B|2704|0|1|answer|Long|exact|answer|Long|inexact|7|
B|2705|1|2|answer|Long|exact|answer|Long|inexact|7|
B|2706|0|1|raise|java.lang.ArithmeticException|na|answer|Long|na|7|
B|2707|0|1|raise|java.lang.ArithmeticException|na|answer|Long|na|7|
B|2708|0|1|raise|java.lang.ArithmeticException|na|answer|Long|na|7|
B|2709|0|1|raise|java.lang.ArithmeticException|na|answer|Long|na|7|
B|2710|9223372036854775765|9223372036854775766|answer|Long|exact|answer|Long|inexact|65|
B|2711|219604096115589900|219604096115589901|answer|Long|exact|answer|Long|inexact|65|
B|2712|0|1|raise|java.lang.ArithmeticException|na|answer|Long|na|7|
B|2713|0|1|raise|java.lang.ArithmeticException|na|answer|Long|na|7|
B|2714|0|1|raise|java.lang.ArithmeticException|na|answer|Long|na|7|
B|2715|0|1|raise|java.lang.ArithmeticException|na|answer|Long|na|7|
B|2716|0|1|answer|Long|exact|answer|Long|inexact|7|
B|2717|1|2|answer|Long|exact|answer|Long|inexact|7|
B|2718|0|1|raise|java.lang.ArithmeticException|na|answer|Long|na|7|
B|2719|0|1|raise|java.lang.ArithmeticException|na|answer|Long|na|7|
B|2720|9214364837600034814|9214364837600034815|answer|Long|exact|answer|Long|inexact|65|
B|2721|1023|1024|answer|Long|exact|answer|Long|inexact|55|
B|2722|0|1|raise|java.lang.ArithmeticException|na|answer|Long|na|7|
B|2723|0|1|raise|java.lang.ArithmeticException|na|answer|Long|na|7|
B|2724|0|1|raise|java.lang.ArithmeticException|na|answer|Integer|na|7|
B|2725|0|1|raise|java.lang.ArithmeticException|na|answer|Integer|na|7|
B|2726|0|1|raise|java.lang.ArithmeticException|na|answer|Integer|na|7|
B|2727|0|1|raise|java.lang.ArithmeticException|na|answer|Integer|na|7|
B|2728|0|1|raise|java.lang.ArithmeticException|na|answer|Integer|na|7|
B|2729|0|1|raise|java.lang.ArithmeticException|na|answer|Integer|na|7|
B|2730|0|1|raise|java.lang.ArithmeticException|na|answer|Integer|na|7|
B|2731|0|1|raise|java.lang.ArithmeticException|na|answer|Integer|na|7|
B|2732|9223372036854775765|9223372036854775766|answer|Long|exact|answer|Long|inexact|65|
B|2733|219604096115589900|219604096115589901|answer|Long|exact|answer|Long|inexact|65|
B|2734|0|1|raise|java.lang.ArithmeticException|na|answer|Long|na|7|
B|2735|0|1|raise|java.lang.ArithmeticException|na|answer|Long|na|7|
B|2736|0|1|raise|java.lang.ArithmeticException|na|answer|Long|na|7|
B|2737|0|1|raise|java.lang.ArithmeticException|na|answer|Long|na|7|
B|2738|0|1|raise|java.lang.ArithmeticException|na|answer|Integer|na|7|
B|2739|0|1|raise|java.lang.ArithmeticException|na|answer|Integer|na|7|
B|2740|0|1|raise|java.lang.ArithmeticException|na|answer|Integer|na|7|
B|2741|0|1|raise|java.lang.ArithmeticException|na|answer|Integer|na|7|
B|2742|9223372036854775765|9223372036854775766|answer|Long|exact|answer|Long|inexact|65|
B|2743|219604096115589900|219604096115589901|answer|Long|exact|answer|Long|inexact|65|
B|2744|0|1|raise|java.lang.ArithmeticException|na|answer|Long|na|7|
B|2745|0|1|raise|java.lang.ArithmeticException|na|answer|Long|na|7|
B|2746|0|1|raise|java.lang.ArithmeticException|na|answer|Long|na|7|
B|2747|0|1|raise|java.lang.ArithmeticException|na|answer|Long|na|7|
B|2748|0|1|raise|java.lang.ArithmeticException|na|answer|Long|na|7|
B|2749|0|1|raise|java.lang.ArithmeticException|na|answer|Long|na|7|
B|2750|0|1|raise|java.lang.ArithmeticException|na|answer|Long|na|7|
B|2751|0|1|raise|java.lang.ArithmeticException|na|answer|Long|na|7|
B|2752|0|1|answer|Long|exact|answer|Long|inexact|7|
B|2753|1|2|answer|Long|exact|answer|Long|inexact|7|
B|2754|0|1|raise|java.lang.ArithmeticException|na|answer|Long|na|7|
B|2755|0|1|raise|java.lang.ArithmeticException|na|answer|Long|na|7|
B|2756|0|1|raise|java.lang.ArithmeticException|na|answer|Long|na|7|
B|2757|0|1|raise|java.lang.ArithmeticException|na|answer|Long|na|7|
B|2758|0|1|raise|java.lang.ArithmeticException|na|answer|Long|na|7|
B|2759|0|1|raise|java.lang.ArithmeticException|na|answer|Long|na|7|
B|2760|0|1|raise|java.lang.ArithmeticException|na|answer|Long|na|7|
B|2761|0|1|raise|java.lang.ArithmeticException|na|answer|Long|na|7|
B|2762|0|1|answer|Long|exact|answer|Long|inexact|7|
B|2763|1|2|answer|Long|exact|answer|Long|inexact|7|
B|2764|0|1|raise|java.lang.ArithmeticException|na|answer|Long|na|7|
B|2765|0|1|raise|java.lang.ArithmeticException|na|answer|Long|na|7|
B|2766|0|1|raise|java.lang.ArithmeticException|na|answer|Long|na|7|
B|2767|0|1|raise|java.lang.ArithmeticException|na|answer|Long|na|7|
B|2768|9223372036854775765|9223372036854775766|answer|Long|exact|answer|Long|inexact|65|
B|2769|219604096115589900|219604096115589901|answer|Long|exact|answer|Long|inexact|65|
B|2770|0|1|raise|java.lang.ArithmeticException|na|answer|Long|na|7|
B|2771|0|1|raise|java.lang.ArithmeticException|na|answer|Long|na|7|
B|2772|0|1|raise|java.lang.ArithmeticException|na|answer|Long|na|7|
B|2773|0|1|raise|java.lang.ArithmeticException|na|answer|Long|na|7|
B|2774|0|1|answer|Long|exact|answer|Long|inexact|7|
B|2775|1|2|answer|Long|exact|answer|Long|inexact|7|
B|2776|0|1|raise|java.lang.ArithmeticException|na|answer|Long|na|7|
B|2777|0|1|raise|java.lang.ArithmeticException|na|answer|Long|na|7|
B|2778|9214364837600034814|9214364837600034815|answer|Long|exact|answer|Long|inexact|65|
B|2779|1023|1024|answer|Long|exact|answer|Long|inexact|55|
B|2780|0|1|raise|java.lang.ArithmeticException|na|answer|Long|na|7|
B|2781|0|1|raise|java.lang.ArithmeticException|na|answer|Long|na|7|
B|2782|0|1|raise|java.lang.ArithmeticException|na|answer|Long|na|7|
B|2783|0|1|raise|java.lang.ArithmeticException|na|answer|Long|na|7|
B|2784|0|1|raise|java.lang.ArithmeticException|na|answer|Long|na|7|
B|2785|0|1|raise|java.lang.ArithmeticException|na|answer|Long|na|7|
B|2786|0|1|answer|Long|exact|answer|Long|inexact|7|
B|2787|1|2|answer|Long|exact|answer|Long|inexact|7|
B|2788|0|1|raise|java.lang.ArithmeticException|na|answer|Long|na|7|
B|2789|0|1|raise|java.lang.ArithmeticException|na|answer|Long|na|7|
B|2790|0|1|raise|java.lang.ArithmeticException|na|answer|Long|na|7|
B|2791|0|1|raise|java.lang.ArithmeticException|na|answer|Long|na|7|
B|2792|9223372036854775765|9223372036854775766|answer|Long|exact|answer|Long|inexact|65|
B|2793|219604096115589900|219604096115589901|answer|Long|exact|answer|Long|inexact|65|
B|2794|0|1|raise|java.lang.ArithmeticException|na|answer|Long|na|7|
B|2795|0|1|raise|java.lang.ArithmeticException|na|answer|Long|na|7|
B|2796|0|1|raise|java.lang.ArithmeticException|na|answer|Long|na|7|
B|2797|0|1|raise|java.lang.ArithmeticException|na|answer|Long|na|7|
B|2798|0|1|answer|Long|exact|answer|Long|inexact|7|
B|2799|1|2|answer|Long|exact|answer|Long|inexact|7|
B|2800|0|1|raise|java.lang.ArithmeticException|na|answer|Long|na|7|
B|2801|0|1|raise|java.lang.ArithmeticException|na|answer|Long|na|7|
B|2802|9223372036854775806|9223372036854775807|answer|Boolean|exact|answer|Boolean|inexact|65|
B|2803|9223372036854775806|9223372036854775807|answer|Boolean|exact|answer|Boolean|inexact|65|
B|2804|9214364837600034814|9214364837600034815|answer|Long|exact|answer|Long|inexact|65|
B|2805|1023|1024|answer|Long|exact|answer|Long|inexact|55|
B|2806|0|1|raise|java.lang.ArithmeticException|na|answer|Long|na|7|
B|2807|0|1|raise|java.lang.ArithmeticException|na|answer|Long|na|7|
B|2808|9007199254740992|9007199254740993|answer|Boolean|exact|answer|Boolean|inexact|55|
B|2809|9007199254740993|9007199254740994|answer|Boolean|inexact|answer|Boolean|exact|64|
B|2810|9007199254740992|9007199254740993|answer|Boolean|exact|answer|Boolean|inexact|55|
B|2811|9007199254740993|9007199254740994|answer|Boolean|inexact|answer|Boolean|exact|64|
B|2812|41|42|answer|Boolean|exact|answer|Boolean|inexact|8|
B|2813|42|43|answer|Boolean|inexact|answer|Boolean|exact|54|
B|2814|41|42|answer|Boolean|exact|answer|Boolean|inexact|8|
B|2815|42|43|answer|Boolean|inexact|answer|Boolean|exact|54|
B|2816|0|1|answer|Boolean|inexact|answer|Boolean|exact|7|
B|2817|0|1|answer|Boolean|inexact|answer|Boolean|exact|7|
B|2818|9223372036854775806|9223372036854775807|answer|Boolean|exact|answer|Boolean|inexact|65|
B|2819|9223372036854775806|9223372036854775807|answer|Boolean|exact|answer|Boolean|inexact|65|
B|2820|9223372036854775808|9223372036854775809|answer|Boolean|inexact|answer|Boolean|exact|64|
B|2821|9223372036854775808|9223372036854775809|answer|Boolean|inexact|answer|Boolean|exact|64|
B|2822|9007199254740992|9007199254740993|answer|Boolean|exact|answer|Boolean|inexact|55|
B|2823|9007199254740993|9007199254740994|answer|Boolean|inexact|answer|Boolean|exact|64|
B|2824|9007199254740992|9007199254740993|answer|Boolean|exact|answer|Boolean|inexact|55|
B|2825|9007199254740993|9007199254740994|answer|Boolean|inexact|answer|Boolean|exact|64|
B|2826|18446744073709551614|18446744073709551615|answer|Boolean|exact|answer|Boolean|inexact|65|
B|2827|18446744073709551614|18446744073709551615|answer|Boolean|exact|answer|Boolean|inexact|65|
