B|0|9223372036854775765|9223372036854775766|answer|int64|exact|answer|int64|inexact|65|
B|1|219604096115589900|219604096115589901|answer|int64|exact|answer|int64|inexact|65|
B|2|0|1|answer|int64|exact|answer|int64|inexact|7|
B|3|1|2|answer|int64|exact|answer|int64|inexact|7|
B|4|9214364837600034814|9214364837600034815|answer|int64|exact|answer|int64|inexact|65|
B|5|1023|1024|answer|int64|exact|answer|int64|inexact|55|
B|6|18446744073709551573|18446744073709551574|answer|uint64|exact|answer|uint64|inexact|65|
B|7|41|42|answer|uint64|inexact|answer|uint64|exact|8|
B|8|439208192231179800|439208192231179801|answer|uint64|exact|answer|uint64|inexact|65|
B|9|9223372036854775808|9223372036854775809|answer|uint64|exact|answer|uint64|inexact|64|
B|10|9223372036854775806|9223372036854775807|answer|uint64|inexact|answer|uint64|exact|65|
B|11|2|3|answer|uint64|exact|answer|uint64|inexact|7|
B|12|1|2|answer|uint64|exact|answer|uint64|inexact|7|
B|13|18437736874454810622|18437736874454810623|answer|uint64|exact|answer|uint64|inexact|65|
B|14|9007199254740992|9007199254740993|answer|uint64|inexact|answer|uint64|exact|55|
B|15|2047|2048|answer|uint64|exact|answer|uint64|inexact|55|
B|16|0|1|answer|uint64|exact|answer|uint64|inexact|7|
B|17|18446744073709551614|18446744073709551615|answer|uint64|inexact|answer|uint64|exact|65|
B|18|1|2|answer|uint64|exact|answer|uint64|inexact|7|
B|19|9223372036854775765|9223372036854775766|answer|int|exact|answer|int|inexact|65|
B|20|219604096115589900|219604096115589901|answer|int|exact|answer|int|inexact|65|
B|21|0|1|answer|int|exact|answer|int|inexact|7|
B|22|1|2|answer|int|exact|answer|int|inexact|7|
B|23|9214364837600034814|9214364837600034815|answer|int|exact|answer|int|inexact|65|
B|24|1023|1024|answer|int|exact|answer|int|inexact|55|
B|25|0|1|raise|runtime error: integer divide by zero|na|answer|int32|na|7|
B|26|0|1|raise|runtime error: integer divide by zero|na|answer|int32|na|7|
B|27|0|1|raise|runtime error: integer divide by zero|na|answer|int32|na|7|
B|28|0|1|raise|runtime error: integer divide by zero|na|answer|int32|na|7|
B|29|9223372036854775765|9223372036854775766|answer|int64|exact|answer|int64|inexact|65|
B|30|219604096115589900|219604096115589901|answer|int64|exact|answer|int64|inexact|65|
B|31|0|1|raise|runtime error: integer divide by zero|na|answer|int64|na|7|
B|32|0|1|raise|runtime error: integer divide by zero|na|answer|int64|na|7|
B|33|0|1|raise|runtime error: integer divide by zero|na|answer|int64|na|7|
B|34|0|1|raise|runtime error: integer divide by zero|na|answer|int64|na|7|
B|35|0|1|answer|int64|exact|answer|int64|inexact|7|
B|36|1|2|answer|int64|exact|answer|int64|inexact|7|
B|37|0|1|raise|runtime error: integer divide by zero|na|answer|int64|na|7|
B|38|0|1|raise|runtime error: integer divide by zero|na|answer|int64|na|7|
B|39|9214364837600034814|9214364837600034815|answer|int64|exact|answer|int64|inexact|65|
B|40|1023|1024|answer|int64|exact|answer|int64|inexact|55|
B|41|0|1|raise|runtime error: integer divide by zero|na|answer|int64|na|7|
B|42|0|1|raise|runtime error: integer divide by zero|na|answer|int64|na|7|
B|43|18446744073709551573|18446744073709551574|answer|uint64|exact|answer|uint64|inexact|65|
B|44|42|43|answer|uint64|exact|answer|uint64|inexact|54|
B|45|439208192231179800|439208192231179801|answer|uint64|exact|answer|uint64|inexact|65|
B|46|0|1|raise|runtime error: integer divide by zero|na|answer|uint64|na|7|
B|47|0|1|raise|runtime error: integer divide by zero|na|answer|uint64|na|7|
B|48|0|1|answer|uint64|exact|answer|uint64|inexact|7|
B|49|0|1|raise|runtime error: integer divide by zero|na|answer|uint64|na|7|
B|50|0|1|raise|runtime error: integer divide by zero|na|answer|uint64|na|7|
B|51|9223372036854775808|9223372036854775809|answer|uint64|exact|answer|uint64|inexact|64|
B|52|2|3|answer|uint64|exact|answer|uint64|inexact|7|
B|53|0|1|raise|runtime error: integer divide by zero|na|answer|uint64|na|7|
B|54|0|1|raise|runtime error: integer divide by zero|na|answer|uint64|na|7|
B|55|9223372036854775808|9223372036854775809|answer|uint64|exact|answer|uint64|inexact|64|
B|56|1|2|answer|uint64|exact|answer|uint64|inexact|7|
B|57|0|1|raise|runtime error: integer divide by zero|na|answer|uint64|na|7|
B|58|0|1|raise|runtime error: integer divide by zero|na|answer|uint64|na|7|
B|59|18437736874454810622|18437736874454810623|answer|uint64|exact|answer|uint64|inexact|65|
B|60|9007199254740993|9007199254740994|answer|uint64|exact|answer|uint64|inexact|64|
B|61|2047|2048|answer|uint64|exact|answer|uint64|inexact|55|
B|62|0|1|raise|runtime error: integer divide by zero|na|answer|uint64|na|7|
B|63|0|1|raise|runtime error: integer divide by zero|na|answer|uint64|na|7|
B|64|0|1|answer|uint64|exact|answer|uint64|inexact|7|
B|65|1|2|answer|uint64|exact|answer|uint64|inexact|7|
B|66|0|1|raise|runtime error: integer divide by zero|na|answer|uint64|na|7|
B|67|0|1|raise|runtime error: integer divide by zero|na|answer|uint64|na|7|
B|68|9223372036854775765|9223372036854775766|answer|int|exact|answer|int|inexact|65|
B|69|219604096115589900|219604096115589901|answer|int|exact|answer|int|inexact|65|
B|70|0|1|raise|runtime error: integer divide by zero|na|answer|int|na|7|
B|71|0|1|raise|runtime error: integer divide by zero|na|answer|int|na|7|
B|72|0|1|raise|runtime error: integer divide by zero|na|answer|int|na|7|
B|73|0|1|raise|runtime error: integer divide by zero|na|answer|int|na|7|
B|74|0|1|answer|int|exact|answer|int|inexact|7|
B|75|1|2|answer|int|exact|answer|int|inexact|7|
B|76|0|1|raise|runtime error: integer divide by zero|na|answer|int|na|7|
B|77|0|1|raise|runtime error: integer divide by zero|na|answer|int|na|7|
B|78|9214364837600034814|9214364837600034815|answer|int|exact|answer|int|inexact|65|
B|79|1023|1024|answer|int|exact|answer|int|inexact|55|
B|80|0|1|raise|runtime error: integer divide by zero|na|answer|int|na|7|
B|81|0|1|raise|runtime error: integer divide by zero|na|answer|int|na|7|
