B|5290|41|42|answer|TrueClass|exact|answer|FalseClass|exact|8|
B|5291|42|43|answer|TrueClass|exact|answer|FalseClass|exact|54|
B|5292|42|43|answer|FalseClass|exact|answer|TrueClass|exact|54|
B|5293|41|42|answer|FalseClass|exact|answer|TrueClass|exact|8|
B|5294|41|42|answer|FalseClass|exact|answer|TrueClass|exact|8|
B|5295|42|43|answer|TrueClass|exact|answer|FalseClass|exact|54|
B|5296|41|42|answer|TrueClass|exact|answer|FalseClass|exact|8|
B|5297|42|43|answer|FalseClass|exact|answer|TrueClass|exact|54|
B|5298|41|42|answer|FalseClass|na|answer|TrueClass|na|8|
B|5299|42|43|answer|TrueClass|na|answer|FalseClass|na|54|
B|5300|0|1|answer|TrueClass|exact|answer|FalseClass|exact|7|
B|5301|0|1|answer|FalseClass|exact|answer|TrueClass|exact|7|
B|5302|0|1|answer|TrueClass|exact|answer|FalseClass|exact|7|
B|5303|0|1|answer|FalseClass|exact|answer|TrueClass|exact|7|
B|5304|0|1|answer|TrueClass|na|answer|FalseClass|na|7|
B|5305|9223372036854775806|9223372036854775807|answer|TrueClass|exact|answer|FalseClass|exact|65|
B|5306|9223372036854775806|9223372036854775807|answer|FalseClass|exact|answer|TrueClass|exact|65|
B|5307|9223372036854775806|9223372036854775807|answer|FalseClass|exact|answer|TrueClass|exact|65|
B|5308|9223372036854775806|9223372036854775807|answer|TrueClass|exact|answer|FalseClass|exact|65|
B|5311|9223372036854775806|9223372036854775807|answer|FalseClass|na|answer|TrueClass|na|65|
B|5312|9223372036854775808|9223372036854775809|answer|TrueClass|exact|answer|FalseClass|exact|64|
B|5313|9223372036854775808|9223372036854775809|answer|FalseClass|exact|answer|TrueClass|exact|64|
B|5314|9223372036854775808|9223372036854775809|answer|TrueClass|exact|answer|FalseClass|exact|64|
B|5315|9223372036854775808|9223372036854775809|answer|FalseClass|exact|answer|TrueClass|exact|64|
B|5318|9223372036854775808|9223372036854775809|answer|TrueClass|na|answer|FalseClass|na|64|
B|5319|9007199254740992|9007199254740993|answer|TrueClass|exact|answer|FalseClass|exact|55|
B|5320|9007199254740993|9007199254740994|answer|TrueClass|exact|answer|FalseClass|exact|64|
B|5321|9007199254740993|9007199254740994|answer|FalseClass|exact|answer|TrueClass|exact|64|
B|5322|9007199254740992|9007199254740993|answer|FalseClass|exact|answer|TrueClass|exact|55|
B|5323|9007199254740992|9007199254740993|answer|FalseClass|exact|answer|TrueClass|exact|55|
B|5324|9007199254740993|9007199254740994|answer|TrueClass|exact|answer|FalseClass|exact|64|
B|5325|9007199254740992|9007199254740993|answer|TrueClass|exact|answer|FalseClass|exact|55|
B|5326|9007199254740993|9007199254740994|answer|FalseClass|exact|answer|TrueClass|exact|64|
B|5329|9007199254740992|9007199254740993|answer|FalseClass|na|answer|TrueClass|na|55|
B|5330|9007199254740993|9007199254740994|answer|TrueClass|na|answer|FalseClass|na|64|
B|5331|18446744073709551614|18446744073709551615|answer|TrueClass|exact|answer|FalseClass|exact|65|
B|5332|18446744073709551614|18446744073709551615|answer|FalseClass|exact|answer|TrueClass|exact|65|
B|5333|18446744073709551614|18446744073709551615|answer|FalseClass|exact|answer|TrueClass|exact|65|
B|5334|18446744073709551614|18446744073709551615|answer|TrueClass|exact|answer|FalseClass|exact|65|
B|5337|18446744073709551614|18446744073709551615|answer|FalseClass|na|answer|TrueClass|na|65|
B|5439|41|42|answer|TrueClass|exact|answer|FalseClass|exact|8|
B|5440|42|43|answer|TrueClass|exact|answer|FalseClass|exact|54|
B|5441|42|43|answer|FalseClass|exact|answer|TrueClass|exact|54|
B|5442|41|42|answer|FalseClass|exact|answer|TrueClass|exact|8|
B|5443|41|42|answer|FalseClass|exact|answer|TrueClass|exact|8|
B|5444|42|43|answer|TrueClass|exact|answer|FalseClass|exact|54|
B|5445|41|42|answer|TrueClass|exact|answer|FalseClass|exact|8|
B|5446|42|43|answer|FalseClass|exact|answer|TrueClass|exact|54|
B|5447|41|42|answer|FalseClass|na|answer|TrueClass|na|8|
B|5448|42|43|answer|TrueClass|na|answer|FalseClass|na|54|
B|5449|0|1|answer|TrueClass|exact|answer|FalseClass|exact|7|
B|5450|0|1|answer|FalseClass|exact|answer|TrueClass|exact|7|
B|5451|0|1|answer|TrueClass|exact|answer|FalseClass|exact|7|
B|5452|0|1|answer|FalseClass|exact|answer|TrueClass|exact|7|
B|5453|0|1|answer|TrueClass|na|answer|FalseClass|na|7|
B|5454|9223372036854775806|9223372036854775807|answer|TrueClass|exact|answer|FalseClass|exact|65|
B|5455|9223372036854775806|9223372036854775807|answer|FalseClass|exact|answer|TrueClass|exact|65|
B|5456|9223372036854775806|9223372036854775807|answer|FalseClass|exact|answer|TrueClass|exact|65|
B|5457|9223372036854775806|9223372036854775807|answer|TrueClass|exact|answer|FalseClass|exact|65|
B|5459|9223372036854775806|9223372036854775807|answer|FalseClass|na|answer|TrueClass|na|65|
B|5460|9223372036854775808|9223372036854775809|answer|TrueClass|exact|answer|FalseClass|exact|64|
B|5461|9223372036854775808|9223372036854775809|answer|FalseClass|exact|answer|TrueClass|exact|64|
B|5462|9223372036854775808|9223372036854775809|answer|TrueClass|exact|answer|FalseClass|exact|64|
B|5463|9223372036854775808|9223372036854775809|answer|FalseClass|exact|answer|TrueClass|exact|64|
B|5465|9223372036854775808|9223372036854775809|answer|TrueClass|na|answer|FalseClass|na|64|
B|5466|9007199254740992|9007199254740993|answer|TrueClass|exact|answer|FalseClass|exact|55|
B|5467|9007199254740993|9007199254740994|answer|TrueClass|exact|answer|FalseClass|exact|64|
B|5468|9007199254740993|9007199254740994|answer|FalseClass|exact|answer|TrueClass|exact|64|
B|5469|9007199254740992|9007199254740993|answer|FalseClass|exact|answer|TrueClass|exact|55|
B|5470|9007199254740992|9007199254740993|answer|FalseClass|exact|answer|TrueClass|exact|55|
B|5471|9007199254740993|9007199254740994|answer|TrueClass|exact|answer|FalseClass|exact|64|
B|5472|9007199254740992|9007199254740993|answer|TrueClass|exact|answer|FalseClass|exact|55|
B|5473|9007199254740993|9007199254740994|answer|FalseClass|exact|answer|TrueClass|exact|64|
B|5475|9007199254740992|9007199254740993|answer|FalseClass|na|answer|TrueClass|na|55|
B|5476|9007199254740993|9007199254740994|answer|TrueClass|na|answer|FalseClass|na|64|
B|5477|18446744073709551614|18446744073709551615|answer|TrueClass|exact|answer|FalseClass|exact|65|
B|5478|18446744073709551614|18446744073709551615|answer|FalseClass|exact|answer|TrueClass|exact|65|
B|5479|18446744073709551614|18446744073709551615|answer|FalseClass|exact|answer|TrueClass|exact|65|
B|5480|18446744073709551614|18446744073709551615|answer|TrueClass|exact|answer|FalseClass|exact|65|
B|5482|18446744073709551614|18446744073709551615|answer|FalseClass|na|answer|TrueClass|na|65|
B|5580|0|1|raise|ZeroDivisionError|na|answer|Integer|na|7|
B|5581|0|1|raise|ZeroDivisionError|na|answer|Integer|na|7|
B|5582|42|43|answer|FalseClass|exact|answer|TrueClass|exact|54|
B|5583|41|42|answer|FalseClass|exact|answer|TrueClass|exact|8|
B|5584|41|42|answer|TrueClass|exact|answer|FalseClass|exact|8|
B|5585|42|43|answer|TrueClass|exact|answer|FalseClass|exact|54|
B|5586|41|42|answer|FalseClass|exact|answer|TrueClass|exact|8|
B|5587|42|43|answer|TrueClass|exact|answer|FalseClass|exact|54|
B|5588|41|42|answer|TrueClass|exact|answer|FalseClass|exact|8|
B|5589|42|43|answer|FalseClass|exact|answer|TrueClass|exact|54|
B|5592|41|42|answer|FalseClass|na|answer|TrueClass|na|8|
B|5593|42|43|answer|TrueClass|na|answer|FalseClass|na|54|
B|5594|0|1|raise|ZeroDivisionError|na|answer|Integer|na|7|
B|5595|0|1|raise|ZeroDivisionError|na|answer|Integer|na|7|
B|5596|0|1|answer|FalseClass|exact|answer|TrueClass|exact|7|
B|5597|0|1|answer|TrueClass|exact|answer|FalseClass|exact|7|
B|5598|0|1|answer|TrueClass|exact|answer|FalseClass|exact|7|
B|5599|0|1|answer|FalseClass|exact|answer|TrueClass|exact|7|
B|5600|0|1|answer|TrueClass|na|answer|FalseClass|na|7|
B|5601|0|1|raise|ZeroDivisionError|na|answer|Integer|na|7|
B|5602|0|1|raise|ZeroDivisionError|na|answer|Integer|na|7|
B|5603|9223372036854775806|9223372036854775807|answer|FalseClass|exact|answer|TrueClass|exact|65|
B|5604|9223372036854775806|9223372036854775807|answer|TrueClass|exact|answer|FalseClass|exact|65|
B|5605|9223372036854775806|9223372036854775807|answer|FalseClass|exact|answer|TrueClass|exact|65|
B|5606|9223372036854775806|9223372036854775807|answer|TrueClass|exact|answer|FalseClass|exact|65|
B|5609|9223372036854775806|9223372036854775807|answer|FalseClass|na|answer|TrueClass|na|65|
B|5610|0|1|raise|ZeroDivisionError|na|answer|Integer|na|7|
B|5611|0|1|raise|ZeroDivisionError|na|answer|Integer|na|7|
B|5612|9223372036854775808|9223372036854775809|answer|FalseClass|exact|answer|TrueClass|exact|64|
B|5613|9223372036854775808|9223372036854775809|answer|TrueClass|exact|answer|FalseClass|exact|64|
B|5614|9223372036854775808|9223372036854775809|answer|TrueClass|exact|answer|FalseClass|exact|64|
B|5615|9223372036854775808|9223372036854775809|answer|FalseClass|exact|answer|TrueClass|exact|64|
B|5618|9223372036854775808|9223372036854775809|answer|TrueClass|na|answer|FalseClass|na|64|
B|5619|0|1|raise|ZeroDivisionError|na|answer|Integer|na|7|
B|5620|0|1|raise|ZeroDivisionError|na|answer|Integer|na|7|
B|5621|9007199254740993|9007199254740994|answer|FalseClass|exact|answer|TrueClass|exact|64|
B|5622|9007199254740992|9007199254740993|answer|FalseClass|exact|answer|TrueClass|exact|55|
B|5623|9007199254740992|9007199254740993|answer|TrueClass|exact|answer|FalseClass|exact|55|
B|5624|9007199254740993|9007199254740994|answer|TrueClass|exact|answer|FalseClass|exact|64|
B|5625|9007199254740992|9007199254740993|answer|FalseClass|exact|answer|TrueClass|exact|55|
B|5626|9007199254740993|9007199254740994|answer|TrueClass|exact|answer|FalseClass|exact|64|
B|5627|9007199254740992|9007199254740993|answer|TrueClass|exact|answer|FalseClass|exact|55|
B|5628|9007199254740993|9007199254740994|answer|FalseClass|exact|answer|TrueClass|exact|64|
B|5631|9007199254740992|9007199254740993|answer|FalseClass|na|answer|TrueClass|na|55|
B|5632|9007199254740993|9007199254740994|answer|TrueClass|na|answer|FalseClass|na|64|
B|5633|0|1|raise|ZeroDivisionError|na|answer|Integer|na|7|
B|5634|0|1|raise|ZeroDivisionError|na|answer|Integer|na|7|
B|5635|18446744073709551614|18446744073709551615|answer|FalseClass|exact|answer|TrueClass|exact|65|
B|5636|18446744073709551614|18446744073709551615|answer|TrueClass|exact|answer|FalseClass|exact|65|
B|5637|18446744073709551614|18446744073709551615|answer|FalseClass|exact|answer|TrueClass|exact|65|
B|5638|18446744073709551614|18446744073709551615|answer|TrueClass|exact|answer|FalseClass|exact|65|
B|5641|18446744073709551614|18446744073709551615|answer|FalseClass|na|answer|TrueClass|na|65|
B|5642|0|1|raise|ZeroDivisionError|na|answer|Rational|na|7|
B|5643|0|1|raise|ZeroDivisionError|na|answer|Rational|na|7|
B|5644|42|43|answer|FalseClass|exact|answer|TrueClass|exact|54|
B|5645|41|42|answer|FalseClass|exact|answer|TrueClass|exact|8|
B|5646|41|42|answer|TrueClass|exact|answer|FalseClass|exact|8|
B|5647|42|43|answer|TrueClass|exact|answer|FalseClass|exact|54|
B|5648|41|42|answer|FalseClass|exact|answer|TrueClass|exact|8|
B|5649|42|43|answer|TrueClass|exact|answer|FalseClass|exact|54|
B|5650|41|42|answer|TrueClass|exact|answer|FalseClass|exact|8|
B|5651|42|43|answer|FalseClass|exact|answer|TrueClass|exact|54|
B|5654|41|42|answer|FalseClass|na|answer|TrueClass|na|8|
B|5655|42|43|answer|TrueClass|na|answer|FalseClass|na|54|
B|5656|0|1|raise|ZeroDivisionError|na|answer|Rational|na|7|
B|5657|0|1|raise|ZeroDivisionError|na|answer|Rational|na|7|
B|5658|0|1|answer|FalseClass|exact|answer|TrueClass|exact|7|
B|5659|0|1|answer|TrueClass|exact|answer|FalseClass|exact|7|
B|5660|0|1|answer|TrueClass|exact|answer|FalseClass|exact|7|
B|5661|0|1|answer|FalseClass|exact|answer|TrueClass|exact|7|
B|5662|0|1|answer|TrueClass|na|answer|FalseClass|na|7|
B|5663|0|1|raise|ZeroDivisionError|na|answer|Rational|na|7|
B|5664|0|1|raise|ZeroDivisionError|na|answer|Rational|na|7|
B|5665|9223372036854775806|9223372036854775807|answer|FalseClass|exact|answer|TrueClass|exact|65|
B|5666|9223372036854775806|9223372036854775807|answer|TrueClass|exact|answer|FalseClass|exact|65|
B|5667|9223372036854775806|9223372036854775807|answer|FalseClass|exact|answer|TrueClass|exact|65|
B|5668|9223372036854775806|9223372036854775807|answer|TrueClass|exact|answer|FalseClass|exact|65|
B|5671|9223372036854775806|9223372036854775807|answer|FalseClass|na|answer|TrueClass|na|65|
B|5672|0|1|raise|ZeroDivisionError|na|answer|Rational|na|7|
B|5673|0|1|raise|ZeroDivisionError|na|answer|Rational|na|7|
B|5674|9223372036854775808|9223372036854775809|answer|FalseClass|exact|answer|TrueClass|exact|64|
B|5675|9223372036854775808|9223372036854775809|answer|TrueClass|exact|answer|FalseClass|exact|64|
B|5676|9223372036854775808|9223372036854775809|answer|TrueClass|exact|answer|FalseClass|exact|64|
B|5677|9223372036854775808|9223372036854775809|answer|FalseClass|exact|answer|TrueClass|exact|64|
B|5680|9223372036854775808|9223372036854775809|answer|TrueClass|na|answer|FalseClass|na|64|
B|5681|0|1|raise|ZeroDivisionError|na|answer|Rational|na|7|
B|5682|0|1|raise|ZeroDivisionError|na|answer|Rational|na|7|
B|5683|9007199254740993|9007199254740994|answer|FalseClass|exact|answer|TrueClass|exact|64|
B|5684|9007199254740992|9007199254740993|answer|FalseClass|exact|answer|TrueClass|exact|55|
B|5685|9007199254740992|9007199254740993|answer|TrueClass|exact|answer|FalseClass|exact|55|
B|5686|9007199254740993|9007199254740994|answer|TrueClass|exact|answer|FalseClass|exact|64|
B|5687|9007199254740992|9007199254740993|answer|FalseClass|exact|answer|TrueClass|exact|55|
B|5688|9007199254740993|9007199254740994|answer|TrueClass|exact|answer|FalseClass|exact|64|
B|5689|9007199254740992|9007199254740993|answer|TrueClass|exact|answer|FalseClass|exact|55|
B|5690|9007199254740993|9007199254740994|answer|FalseClass|exact|answer|TrueClass|exact|64|
B|5693|9007199254740992|9007199254740993|answer|FalseClass|na|answer|TrueClass|na|55|
B|5694|9007199254740993|9007199254740994|answer|TrueClass|na|answer|FalseClass|na|64|
B|5695|0|1|raise|ZeroDivisionError|na|answer|Rational|na|7|
B|5696|0|1|raise|ZeroDivisionError|na|answer|Rational|na|7|
B|5697|18446744073709551614|18446744073709551615|answer|FalseClass|exact|answer|TrueClass|exact|65|
B|5698|18446744073709551614|18446744073709551615|answer|TrueClass|exact|answer|FalseClass|exact|65|
B|5699|18446744073709551614|18446744073709551615|answer|FalseClass|exact|answer|TrueClass|exact|65|
B|5700|18446744073709551614|18446744073709551615|answer|TrueClass|exact|answer|FalseClass|exact|65|
B|5703|18446744073709551614|18446744073709551615|answer|FalseClass|na|answer|TrueClass|na|65|
