B|2308|0|1|answer|Long|exact|answer|Long|inexact|7|
B|2309|1|2|answer|Long|exact|answer|Long|inexact|7|
B|2318|9223372036854775765|9223372036854775766|answer|Long|exact|answer|Long|inexact|65|
B|2319|219604096115589900|219604096115589901|answer|Long|exact|answer|Long|inexact|65|
B|2320|9223372036854775765|9223372036854775766|answer|Long|exact|answer|Long|inexact|65|
B|2321|219604096115589900|219604096115589901|answer|Long|exact|answer|Long|inexact|65|
B|2322|0|1|answer|Long|exact|answer|Long|inexact|7|
B|2323|1|2|answer|Long|exact|answer|Long|inexact|7|
B|2324|9214364837600034814|9214364837600034815|answer|Long|exact|answer|Long|inexact|65|
B|2325|1023|1024|answer|Long|exact|answer|Long|inexact|55|
N|2344|answer|BigInteger|exact|answer|BigInteger|exact
N|2345|answer|BigInteger|exact|answer|BigInteger|exact
N|2346|answer|BigInteger|exact|answer|BigInteger|exact
N|2347|answer|BigInteger|exact|answer|BigInteger|exact
B|2350|0|1|raise|java.lang.ArithmeticException|na|answer|Int|na|7|
B|2351|0|1|raise|java.lang.ArithmeticException|na|answer|Int|na|7|
B|2352|0|1|raise|java.lang.ArithmeticException|na|answer|Int|na|7|
B|2353|0|1|raise|java.lang.ArithmeticException|na|answer|Int|na|7|
B|2354|9223372036854775765|9223372036854775766|answer|Long|exact|answer|Long|inexact|65|
B|2355|219604096115589900|219604096115589901|answer|Long|exact|answer|Long|inexact|65|
B|2356|0|1|raise|java.lang.ArithmeticException|na|answer|Long|na|7|
B|2357|0|1|raise|java.lang.ArithmeticException|na|answer|Long|na|7|
B|2358|0|1|raise|java.lang.ArithmeticException|na|answer|Long|na|7|
B|2359|0|1|raise|java.lang.ArithmeticException|na|answer|Long|na|7|
B|2360|0|1|raise|java.lang.ArithmeticException|na|answer|Long|na|7|
B|2361|0|1|raise|java.lang.ArithmeticException|na|answer|Long|na|7|
B|2362|0|1|raise|java.lang.ArithmeticException|na|answer|Long|na|7|
B|2363|0|1|raise|java.lang.ArithmeticException|na|answer|Long|na|7|
B|2364|0|1|answer|Long|exact|answer|Long|inexact|7|
B|2365|1|2|answer|Long|exact|answer|Long|inexact|7|
B|2366|0|1|raise|java.lang.ArithmeticException|na|answer|Long|na|7|
B|2367|0|1|raise|java.lang.ArithmeticException|na|answer|Long|na|7|
B|2368|0|1|raise|java.lang.ArithmeticException|na|answer|Long|na|7|
B|2369|0|1|raise|java.lang.ArithmeticException|na|answer|Long|na|7|
B|2370|9223372036854775765|9223372036854775766|answer|Long|exact|answer|Long|inexact|65|
B|2371|219604096115589900|219604096115589901|answer|Long|exact|answer|Long|inexact|65|
B|2372|0|1|raise|java.lang.ArithmeticException|na|answer|Long|na|7|
B|2373|0|1|raise|java.lang.ArithmeticException|na|answer|Long|na|7|
B|2374|0|1|raise|java.lang.ArithmeticException|na|answer|Long|na|7|
B|2375|0|1|raise|java.lang.ArithmeticException|na|answer|Long|na|7|
B|2376|0|1|answer|Long|exact|answer|Long|inexact|7|
B|2377|1|2|answer|Long|exact|answer|Long|inexact|7|
B|2378|0|1|raise|java.lang.ArithmeticException|na|answer|Long|na|7|
B|2379|0|1|raise|java.lang.ArithmeticException|na|answer|Long|na|7|
B|2380|9214364837600034814|9214364837600034815|answer|Long|exact|answer|Long|inexact|65|
B|2381|1023|1024|answer|Long|exact|answer|Long|inexact|55|
B|2382|0|1|raise|java.lang.ArithmeticException|na|answer|Long|na|7|
B|2383|0|1|raise|java.lang.ArithmeticException|na|answer|Long|na|7|
B|2384|0|1|raise|java.lang.ArithmeticException|na|answer|ULong|na|7|
B|2385|0|1|raise|java.lang.ArithmeticException|na|answer|ULong|na|7|
B|2386|0|1|raise|java.lang.ArithmeticException|na|answer|ULong|na|7|
B|2387|0|1|raise|java.lang.ArithmeticException|na|answer|ULong|na|7|
B|2388|0|1|raise|java.lang.ArithmeticException|na|answer|ULong|na|7|
B|2389|0|1|raise|java.lang.ArithmeticException|na|answer|ULong|na|7|
B|2390|0|1|raise|java.lang.ArithmeticException|na|answer|ULong|na|7|
B|2391|0|1|raise|java.lang.ArithmeticException|na|answer|ULong|na|7|
B|2392|0|1|raise|java.lang.ArithmeticException|na|answer|ULong|na|7|
B|2393|0|1|raise|java.lang.ArithmeticException|na|answer|ULong|na|7|
B|2394|0|1|raise|java.lang.ArithmeticException|na|answer|ULong|na|7|
B|2395|0|1|raise|java.lang.ArithmeticException|na|answer|ULong|na|7|
N|2396|answer|BigInteger|exact|answer|BigInteger|exact
B|2397|0|1|raise|java.lang.ArithmeticException|na|answer|BigInteger|na|7|
B|2398|0|1|raise|java.lang.ArithmeticException|na|answer|BigInteger|na|7|
N|2399|answer|BigInteger|exact|answer|BigInteger|exact
B|2400|0|1|raise|java.lang.ArithmeticException|na|answer|BigInteger|na|7|
B|2401|0|1|raise|java.lang.ArithmeticException|na|answer|BigInteger|na|7|
B|2402|0|1|raise|java.lang.ArithmeticException|na|answer|BigInteger|na|7|
B|2403|0|1|raise|java.lang.ArithmeticException|na|answer|BigInteger|na|7|
N|2404|answer|BigInteger|exact|answer|BigInteger|exact
B|2405|0|1|raise|java.lang.ArithmeticException|na|answer|BigInteger|na|7|
B|2406|0|1|raise|java.lang.ArithmeticException|na|answer|BigInteger|na|7|
N|2407|answer|BigInteger|exact|answer|BigInteger|exact
B|2408|0|1|raise|java.lang.ArithmeticException|na|answer|BigInteger|na|7|
B|2409|0|1|raise|java.lang.ArithmeticException|na|answer|BigInteger|na|7|
B|2410|0|1|raise|java.lang.ArithmeticException|na|answer|BigInteger|na|7|
B|2411|0|1|raise|java.lang.ArithmeticException|na|answer|BigInteger|na|7|
