B|1732|219604096115589900|219604096115589901|answer|int|exact|answer|int|inexact|65|
B|1733|1|2|answer|int|exact|answer|int|inexact|7|
B|1734|1023|1024|answer|int|exact|answer|int|inexact|55|
B|1735|41|42|answer|bool|exact|answer|bool|inexact|8|
B|1736|42|43|answer|bool|inexact|answer|bool|exact|54|
B|1737|0|1|answer|bool|inexact|answer|bool|exact|7|
B|1738|9223372036854775806|9223372036854775807|answer|bool|exact|answer|bool|inexact|65|
B|1739|9007199254740992|9007199254740993|answer|bool|exact|answer|bool|inexact|55|
B|1740|9007199254740993|9007199254740994|answer|bool|inexact|answer|bool|exact|64|
B|1741|1125899906842660|1125899906842661|answer|double|exact|answer|double|inexact|54|
B|1742|0|1|answer|double|exact|answer|double|inexact|7|
B|1743|9007199254740992|9007199254740993|answer|double|exact|answer|double|inexact|55|
B|1744|9223372036854775295|9223372036854775296|answer|bool|exact|answer|bool|inexact|65|
B|1745|9223372036854775295|9223372036854775296|answer|bool|exact|answer|bool|inexact|65|
B|1746|9223372036854775295|9223372036854775296|answer|bool|exact|answer|bool|inexact|65|
B|1747|0|1|answer|double|exact|answer|double|inexact|7|
B|1748|0|1|answer|double|exact|answer|double|inexact|7|
B|1755|41|42|answer|bool|exact|answer|bool|inexact|8|
B|1756|42|43|answer|bool|inexact|answer|bool|exact|54|
B|1757|0|1|answer|bool|inexact|answer|bool|exact|7|
B|1758|9223372036854775806|9223372036854775807|answer|bool|exact|answer|bool|inexact|65|
B|1760|9007199254740992|9007199254740993|answer|bool|exact|answer|bool|inexact|55|
B|1761|9007199254740993|9007199254740994|answer|bool|inexact|answer|bool|exact|64|
B|1763|41|42|answer|bool|exact|answer|bool|inexact|8|
B|1764|42|43|answer|bool|inexact|answer|bool|exact|54|
B|1765|0|1|answer|bool|inexact|answer|bool|exact|7|
B|1766|9223372036854775806|9223372036854775807|answer|bool|exact|answer|bool|inexact|65|
B|1767|9223372036854775808|9223372036854775809|answer|bool|inexact|answer|bool|exact|64|
B|1768|9007199254740992|9007199254740993|answer|bool|exact|answer|bool|inexact|55|
B|1769|9007199254740993|9007199254740994|answer|bool|inexact|answer|bool|exact|64|
B|1770|18446744073709551614|18446744073709551615|answer|bool|exact|answer|bool|inexact|65|
B|1773|1125899906842660|1125899906842661|answer|double|exact|answer|double|inexact|54|
B|1774|9223372036854775808|9223372036854775809|answer|double|exact|answer|double|inexact|64|
B|1775|0|1|answer|double|exact|answer|double|inexact|7|
B|1776|9223372036854776832|9223372036854776833|answer|bool|inexact|answer|bool|exact|65|
B|1777|9223372036854776832|9223372036854776833|answer|bool|inexact|answer|bool|exact|65|
B|1778|9223372036854776832|9223372036854776833|answer|bool|inexact|answer|bool|exact|65|
B|1779|0|1|answer|double|exact|answer|double|inexact|7|
B|1780|41|42|answer|bool|exact|answer|bool|inexact|8|
B|1781|42|43|answer|bool|inexact|answer|bool|exact|54|
B|1782|0|1|answer|bool|inexact|answer|bool|exact|7|
B|1783|9223372036854775806|9223372036854775807|answer|bool|exact|answer|bool|inexact|65|
B|1784|9223372036854775808|9223372036854775809|answer|bool|inexact|answer|bool|exact|64|
B|1785|9007199254740992|9007199254740993|answer|bool|exact|answer|bool|inexact|55|
B|1786|9007199254740993|9007199254740994|answer|bool|inexact|answer|bool|exact|64|
B|1787|18446744073709551614|18446744073709551615|answer|bool|exact|answer|bool|inexact|65|
B|1788|1125899906842660|1125899906842661|answer|double|exact|answer|double|inexact|54|
B|1789|9223372036854775808|9223372036854775809|answer|double|exact|answer|double|inexact|64|
B|1790|0|1|answer|double|exact|answer|double|inexact|7|
B|1791|9223372036854776832|9223372036854776833|answer|bool|inexact|answer|bool|exact|65|
B|1792|9223372036854776832|9223372036854776833|answer|bool|inexact|answer|bool|exact|65|
B|1793|9223372036854776832|9223372036854776833|answer|bool|inexact|answer|bool|exact|65|
B|1794|9007199254740992|9007199254740993|answer|double|exact|answer|double|inexact|55|
B|1795|9223372036854775808|9223372036854775809|answer|double|exact|answer|double|inexact|64|
B|1796|9223372036854775295|9223372036854775296|answer|bool|exact|answer|bool|inexact|65|
B|1797|9223372036854775295|9223372036854775296|answer|bool|exact|answer|bool|inexact|65|
B|1798|9223372036854775295|9223372036854775296|answer|bool|exact|answer|bool|inexact|65|
B|1799|0|1|answer|double|exact|answer|double|inexact|7|
B|1800|0|1|answer|double|exact|answer|double|inexact|7|
B|1813|219604096115589900|219604096115589901|answer|int|exact|answer|int|inexact|65|
B|1814|0|1|raise|IntegerDivisionByZeroException|na|answer|int|na|7|
B|1815|0|1|raise|IntegerDivisionByZeroException|na|answer|int|na|7|
B|1816|0|1|raise|IntegerDivisionByZeroException|na|answer|int|na|7|
B|1817|0|1|raise|IntegerDivisionByZeroException|na|answer|int|na|7|
B|1818|1|2|answer|int|exact|answer|int|inexact|7|
B|1819|0|1|raise|IntegerDivisionByZeroException|na|answer|int|na|7|
B|1820|0|1|raise|IntegerDivisionByZeroException|na|answer|int|na|7|
B|1821|1023|1024|answer|int|exact|answer|int|inexact|55|
B|1822|0|1|raise|IntegerDivisionByZeroException|na|answer|int|na|7|
B|1823|0|1|raise|IntegerDivisionByZeroException|na|answer|int|na|7|
B|1824|41|42|answer|bool|exact|answer|bool|inexact|8|
B|1825|42|43|answer|bool|inexact|answer|bool|exact|54|
B|1826|0|1|answer|bool|inexact|answer|bool|exact|7|
B|1827|9223372036854775806|9223372036854775807|answer|bool|exact|answer|bool|inexact|65|
B|1828|9007199254740992|9007199254740993|answer|bool|exact|answer|bool|inexact|55|
B|1829|9007199254740993|9007199254740994|answer|bool|inexact|answer|bool|exact|64|
B|1830|1125899906842660|1125899906842661|answer|double|exact|answer|double|inexact|54|
B|1831|9223372036854775808|9223372036854775809|answer|double|exact|answer|double|inexact|64|
B|1832|0|1|raise|UnsupportedError|na|answer|int|na|7|
B|1833|0|1|raise|UnsupportedError|na|answer|int|na|7|
B|1834|0|1|answer|double|exact|answer|double|inexact|7|
B|1835|9223372036854776832|9223372036854776833|answer|bool|inexact|answer|bool|exact|65|
B|1836|9223372036854776832|9223372036854776833|answer|bool|inexact|answer|bool|exact|65|
B|1837|9223372036854776832|9223372036854776833|answer|bool|inexact|answer|bool|exact|65|
B|1838|0|1|raise|UnsupportedError|na|answer|int|na|7|
B|1839|0|1|answer|double|exact|answer|double|inexact|7|
B|1840|0|1|raise|UnsupportedError|na|answer|int|na|7|
B|1841|41|42|answer|bool|exact|answer|bool|inexact|8|
B|1842|42|43|answer|bool|inexact|answer|bool|exact|54|
B|1844|0|1|answer|bool|inexact|answer|bool|exact|7|
B|1845|9223372036854775806|9223372036854775807|answer|bool|exact|answer|bool|inexact|65|
B|1848|9007199254740992|9007199254740993|answer|bool|exact|answer|bool|inexact|55|
B|1849|9007199254740993|9007199254740994|answer|bool|inexact|answer|bool|exact|64|
B|1852|0|1|raise|IntegerDivisionByZeroException|na|answer|_BigIntImpl|na|7|
B|1853|0|1|raise|IntegerDivisionByZeroException|na|answer|_BigIntImpl|na|7|
B|1854|0|1|raise|IntegerDivisionByZeroException|na|answer|_BigIntImpl|na|7|
B|1855|0|1|raise|IntegerDivisionByZeroException|na|answer|_BigIntImpl|na|7|
B|1856|0|1|raise|IntegerDivisionByZeroException|na|answer|_BigIntImpl|na|7|
B|1857|0|1|raise|IntegerDivisionByZeroException|na|answer|_BigIntImpl|na|7|
B|1858|0|1|raise|IntegerDivisionByZeroException|na|answer|_BigIntImpl|na|7|
B|1859|0|1|raise|IntegerDivisionByZeroException|na|answer|_BigIntImpl|na|7|
B|1860|0|1|raise|IntegerDivisionByZeroException|na|answer|_BigIntImpl|na|7|
B|1861|0|1|raise|IntegerDivisionByZeroException|na|answer|_BigIntImpl|na|7|
B|1862|0|1|raise|IntegerDivisionByZeroException|na|answer|_BigIntImpl|na|7|
B|1863|0|1|raise|IntegerDivisionByZeroException|na|answer|_BigIntImpl|na|7|
B|1864|41|42|answer|bool|exact|answer|bool|inexact|8|
B|1865|42|43|answer|bool|inexact|answer|bool|exact|54|
B|1866|0|1|answer|bool|inexact|answer|bool|exact|7|
B|1867|9223372036854775806|9223372036854775807|answer|bool|exact|answer|bool|inexact|65|
B|1868|9223372036854775808|9223372036854775809|answer|bool|inexact|answer|bool|exact|64|
B|1869|9007199254740992|9007199254740993|answer|bool|exact|answer|bool|inexact|55|
B|1870|9007199254740993|9007199254740994|answer|bool|inexact|answer|bool|exact|64|
B|1871|18446744073709551614|18446744073709551615|answer|bool|exact|answer|bool|inexact|65|
B|1872|1125899906842660|1125899906842661|answer|double|exact|answer|double|inexact|54|
B|1873|0|1|raise|UnsupportedError|na|answer|int|na|7|
B|1874|0|1|raise|UnsupportedError|na|answer|int|na|7|
B|1875|0|1|answer|double|exact|answer|double|inexact|7|
B|1876|0|1|raise|UnsupportedError|na|answer|int|na|7|
B|1877|9007199254740992|9007199254740993|answer|double|exact|answer|double|inexact|55|
B|1878|9223372036854775295|9223372036854775296|answer|bool|exact|answer|bool|inexact|65|
B|1879|9223372036854775295|9223372036854775296|answer|bool|exact|answer|bool|inexact|65|
B|1880|9223372036854775295|9223372036854775296|answer|bool|exact|answer|bool|inexact|65|
B|1881|0|1|raise|UnsupportedError|na|answer|int|na|7|
B|1882|0|1|answer|double|exact|answer|double|inexact|7|
B|1883|0|1|raise|UnsupportedError|na|answer|int|na|7|
B|1884|0|1|answer|double|exact|answer|double|inexact|7|
B|1885|0|1|raise|UnsupportedError|na|answer|int|na|7|
B|1886|41|42|answer|bool|exact|answer|bool|inexact|8|
B|1887|42|43|answer|bool|inexact|answer|bool|exact|54|
B|1888|0|1|answer|bool|inexact|answer|bool|exact|7|
B|1889|9223372036854775806|9223372036854775807|answer|bool|exact|answer|bool|inexact|65|
B|1890|9223372036854775808|9223372036854775809|answer|bool|inexact|answer|bool|exact|64|
B|1891|9007199254740992|9007199254740993|answer|bool|exact|answer|bool|inexact|55|
B|1892|9007199254740993|9007199254740994|answer|bool|inexact|answer|bool|exact|64|
B|1893|18446744073709551614|18446744073709551615|answer|bool|exact|answer|bool|inexact|65|
B|1894|1125899906842660|1125899906842661|answer|double|exact|answer|double|inexact|54|
B|1895|9223372036854775808|9223372036854775809|answer|double|exact|answer|double|inexact|64|
B|1896|0|1|raise|UnsupportedError|na|answer|int|na|7|
B|1897|0|1|raise|UnsupportedError|na|answer|int|na|7|
B|1898|0|1|answer|double|exact|answer|double|inexact|7|
B|1899|9223372036854776832|9223372036854776833|answer|bool|inexact|answer|bool|exact|65|
B|1900|9223372036854776832|9223372036854776833|answer|bool|inexact|answer|bool|exact|65|
B|1901|9223372036854776832|9223372036854776833|answer|bool|inexact|answer|bool|exact|65|
B|1902|0|1|raise|UnsupportedError|na|answer|int|na|7|
B|1903|9007199254740992|9007199254740993|answer|double|exact|answer|double|inexact|55|
B|1904|9223372036854775808|9223372036854775809|answer|double|exact|answer|double|inexact|64|
B|1905|9223372036854775295|9223372036854775296|answer|bool|exact|answer|bool|inexact|65|
B|1906|9223372036854775295|9223372036854775296|answer|bool|exact|answer|bool|inexact|65|
B|1907|9223372036854775295|9223372036854775296|answer|bool|exact|answer|bool|inexact|65|
B|1908|0|1|raise|UnsupportedError|na|answer|int|na|7|
B|1909|0|1|answer|double|exact|answer|double|inexact|7|
B|1910|0|1|raise|UnsupportedError|na|answer|int|na|7|
B|1911|0|1|answer|double|exact|answer|double|inexact|7|
B|1912|0|1|raise|UnsupportedError|na|answer|int|na|7|
