B|82|9223372036854775765|9223372036854775766|answer|i64|exact|raise|panic|na|65|
B|83|219604096115589900|219604096115589901|answer|i64|exact|raise|panic|na|65|
B|84|0|1|answer|i64|exact|raise|panic|na|7|
B|85|1|2|answer|i64|exact|raise|panic|na|7|
B|86|9214364837600034814|9214364837600034815|answer|i64|exact|raise|panic|na|65|
B|87|1023|1024|answer|i64|exact|raise|panic|na|55|
B|88|18446744073709551573|18446744073709551574|answer|u64|exact|raise|panic|na|65|
B|89|41|42|raise|panic|na|answer|u64|exact|8|
B|90|439208192231179800|439208192231179801|answer|u64|exact|raise|panic|na|65|
B|91|9223372036854775808|9223372036854775809|answer|u64|exact|raise|panic|na|64|
B|92|9223372036854775806|9223372036854775807|raise|panic|na|answer|u64|exact|65|
B|93|2|3|answer|u64|exact|raise|panic|na|7|
B|94|1|2|answer|u64|exact|raise|panic|na|7|
B|95|18437736874454810622|18437736874454810623|answer|u64|exact|raise|panic|na|65|
B|96|9007199254740992|9007199254740993|raise|panic|na|answer|u64|exact|55|
B|97|2047|2048|answer|u64|exact|raise|panic|na|55|
B|98|0|1|answer|u64|exact|raise|panic|na|7|
B|99|18446744073709551614|18446744073709551615|raise|panic|na|answer|u64|exact|65|
B|100|1|2|answer|u64|exact|raise|panic|na|7|
B|101|9223372036854775808|9223372036854775809|answer|i128|exact|raise|panic|na|64|
B|102|0|1|raise|panic|na|answer|i32|na|7|
B|103|0|1|raise|panic|na|answer|i32|na|7|
B|104|31|32|answer|i32|na|raise|panic|na|7|
B|105|31|32|answer|i32|na|raise|panic|na|7|
B|106|0|1|raise|panic|na|answer|i32|na|7|
B|107|0|1|raise|panic|na|answer|i32|na|7|
B|108|31|32|answer|i32|na|raise|panic|na|7|
B|109|31|32|answer|i32|na|raise|panic|na|7|
B|110|31|32|answer|i32|na|raise|panic|na|7|
B|111|31|32|answer|i32|na|raise|panic|na|7|
B|112|31|32|answer|i32|na|raise|panic|na|7|
B|113|31|32|answer|i32|na|raise|panic|na|7|
B|114|31|32|answer|i32|na|raise|panic|na|7|
B|115|31|32|answer|i32|na|raise|panic|na|7|
B|116|31|32|answer|i32|na|raise|panic|na|7|
B|117|31|32|answer|i32|na|raise|panic|na|7|
B|118|31|32|answer|i32|na|raise|panic|na|7|
B|119|31|32|answer|i32|na|raise|panic|na|7|
B|120|31|32|answer|i32|na|raise|panic|na|7|
B|121|31|32|answer|i32|na|raise|panic|na|7|
B|122|9223372036854775765|9223372036854775766|answer|i64|exact|raise|panic|na|65|
B|123|219604096115589900|219604096115589901|answer|i64|exact|raise|panic|na|65|
B|124|0|1|raise|panic|na|answer|i64|na|7|
B|125|0|1|raise|panic|na|answer|i64|na|7|
B|126|63|64|answer|i64|na|raise|panic|na|55|
B|127|63|64|answer|i64|na|raise|panic|na|55|
B|128|0|1|raise|panic|na|answer|i64|na|7|
B|129|0|1|raise|panic|na|answer|i64|na|7|
B|130|63|64|answer|i64|na|raise|panic|na|55|
B|131|63|64|answer|i64|na|raise|panic|na|55|
B|132|0|1|answer|i64|exact|raise|panic|na|7|
B|133|1|2|answer|i64|exact|raise|panic|na|7|
B|134|0|1|raise|panic|na|answer|i64|na|7|
B|135|0|1|raise|panic|na|answer|i64|na|7|
B|136|63|64|answer|i64|na|raise|panic|na|55|
B|137|63|64|answer|i64|na|raise|panic|na|55|
B|138|9214364837600034814|9214364837600034815|answer|i64|exact|raise|panic|na|65|
B|139|1023|1024|answer|i64|exact|raise|panic|na|55|
B|140|0|1|raise|panic|na|answer|i64|na|7|
B|141|0|1|raise|panic|na|answer|i64|na|7|
B|142|63|64|answer|i64|na|raise|panic|na|55|
B|143|63|64|answer|i64|na|raise|panic|na|55|
B|144|63|64|answer|i64|na|raise|panic|na|55|
B|145|63|64|answer|i64|na|raise|panic|na|55|
B|146|63|64|answer|i64|na|raise|panic|na|55|
B|147|63|64|answer|i64|na|raise|panic|na|55|
B|148|63|64|answer|i64|na|raise|panic|na|55|
B|149|63|64|answer|i64|na|raise|panic|na|55|
B|150|63|64|answer|i64|na|raise|panic|na|55|
B|151|63|64|answer|i64|na|raise|panic|na|55|
B|152|63|64|answer|i64|na|raise|panic|na|55|
B|153|63|64|answer|i64|na|raise|panic|na|55|
B|154|63|64|answer|i64|na|raise|panic|na|55|
B|155|63|64|answer|i64|na|raise|panic|na|55|
B|156|63|64|answer|i64|na|raise|panic|na|55|
B|157|63|64|answer|i64|na|raise|panic|na|55|
B|158|63|64|answer|i64|na|raise|panic|na|55|
B|159|63|64|answer|i64|na|raise|panic|na|55|
B|160|63|64|answer|u64|na|raise|panic|na|55|
B|161|63|64|answer|u64|na|raise|panic|na|55|
B|162|63|64|answer|u64|na|raise|panic|na|55|
B|163|63|64|answer|u64|na|raise|panic|na|55|
B|164|63|64|answer|u64|na|raise|panic|na|55|
B|165|63|64|answer|u64|na|raise|panic|na|55|
B|166|63|64|answer|u64|na|raise|panic|na|55|
B|167|63|64|answer|u64|na|raise|panic|na|55|
B|168|63|64|answer|u64|na|raise|panic|na|55|
B|169|63|64|answer|u64|na|raise|panic|na|55|
B|170|63|64|answer|u64|na|raise|panic|na|55|
B|171|63|64|answer|u64|na|raise|panic|na|55|
B|172|18446744073709551573|18446744073709551574|answer|u64|exact|raise|panic|na|65|
B|173|42|43|answer|u64|exact|raise|panic|na|54|
B|174|439208192231179800|439208192231179801|answer|u64|exact|raise|panic|na|65|
B|175|0|1|raise|panic|na|answer|u64|na|7|
B|176|0|1|raise|panic|na|answer|u64|na|7|
B|177|63|64|answer|u64|na|raise|panic|na|55|
B|178|63|64|answer|u64|na|raise|panic|na|55|
B|179|0|1|answer|u64|exact|raise|panic|na|7|
B|180|0|1|raise|panic|na|answer|u64|na|7|
B|181|0|1|raise|panic|na|answer|u64|na|7|
B|182|63|64|answer|u64|na|raise|panic|na|55|
B|183|63|64|answer|u64|na|raise|panic|na|55|
B|184|9223372036854775808|9223372036854775809|answer|u64|exact|raise|panic|na|64|
B|185|2|3|answer|u64|exact|raise|panic|na|7|
B|186|0|1|raise|panic|na|answer|u64|na|7|
B|187|0|1|raise|panic|na|answer|u64|na|7|
B|188|63|64|answer|u64|na|raise|panic|na|55|
B|189|63|64|answer|u64|na|raise|panic|na|55|
B|190|9223372036854775808|9223372036854775809|answer|u64|exact|raise|panic|na|64|
B|191|1|2|answer|u64|exact|raise|panic|na|7|
B|192|0|1|raise|panic|na|answer|u64|na|7|
B|193|0|1|raise|panic|na|answer|u64|na|7|
B|194|63|64|answer|u64|na|raise|panic|na|55|
B|195|63|64|answer|u64|na|raise|panic|na|55|
B|196|18437736874454810622|18437736874454810623|answer|u64|exact|raise|panic|na|65|
B|197|9007199254740993|9007199254740994|answer|u64|exact|raise|panic|na|64|
B|198|2047|2048|answer|u64|exact|raise|panic|na|55|
B|199|0|1|raise|panic|na|answer|u64|na|7|
B|200|0|1|raise|panic|na|answer|u64|na|7|
B|201|63|64|answer|u64|na|raise|panic|na|55|
B|202|63|64|answer|u64|na|raise|panic|na|55|
B|203|0|1|answer|u64|exact|raise|panic|na|7|
B|204|1|2|answer|u64|exact|raise|panic|na|7|
B|205|0|1|raise|panic|na|answer|u64|na|7|
B|206|0|1|raise|panic|na|answer|u64|na|7|
B|207|63|64|answer|u64|na|raise|panic|na|55|
B|208|63|64|answer|u64|na|raise|panic|na|55|
B|209|63|64|answer|u64|na|raise|panic|na|55|
B|210|63|64|answer|u64|na|raise|panic|na|55|
B|211|63|64|answer|u64|na|raise|panic|na|55|
B|212|63|64|answer|u64|na|raise|panic|na|55|
B|213|63|64|answer|u64|na|raise|panic|na|55|
B|214|63|64|answer|u64|na|raise|panic|na|55|
B|215|63|64|answer|u64|na|raise|panic|na|55|
B|216|63|64|answer|u64|na|raise|panic|na|55|
B|217|63|64|answer|u64|na|raise|panic|na|55|
B|218|63|64|answer|u64|na|raise|panic|na|55|
B|219|63|64|answer|u64|na|raise|panic|na|55|
B|220|63|64|answer|u64|na|raise|panic|na|55|
B|221|127|128|answer|i128|na|raise|panic|na|55|
B|222|127|128|answer|i128|na|raise|panic|na|55|
B|223|127|128|answer|i128|na|raise|panic|na|55|
B|224|127|128|answer|i128|na|raise|panic|na|55|
B|225|127|128|answer|i128|na|raise|panic|na|55|
B|226|127|128|answer|i128|na|raise|panic|na|55|
B|227|127|128|answer|i128|na|raise|panic|na|55|
B|228|127|128|answer|i128|na|raise|panic|na|55|
B|229|127|128|answer|i128|na|raise|panic|na|55|
B|230|127|128|answer|i128|na|raise|panic|na|55|
B|231|127|128|answer|i128|na|raise|panic|na|55|
B|232|127|128|answer|i128|na|raise|panic|na|55|
B|233|127|128|answer|i128|na|raise|panic|na|55|
B|234|127|128|answer|i128|na|raise|panic|na|55|
B|235|127|128|answer|i128|na|raise|panic|na|55|
B|236|127|128|answer|i128|na|raise|panic|na|55|
B|237|127|128|answer|i128|na|raise|panic|na|55|
B|238|127|128|answer|i128|na|raise|panic|na|55|
B|239|127|128|answer|i128|na|raise|panic|na|55|
B|240|127|128|answer|i128|na|raise|panic|na|55|
B|241|127|128|answer|i128|na|raise|panic|na|55|
B|242|127|128|answer|i128|na|raise|panic|na|55|
B|243|127|128|answer|i128|na|raise|panic|na|55|
B|244|127|128|answer|i128|na|raise|panic|na|55|
B|245|0|1|raise|panic|na|answer|i128|na|7|
B|246|0|1|raise|panic|na|answer|i128|na|7|
B|247|127|128|answer|i128|na|raise|panic|na|55|
B|248|127|128|answer|i128|na|raise|panic|na|55|
B|249|0|1|raise|panic|na|answer|i128|na|7|
B|250|0|1|raise|panic|na|answer|i128|na|7|
B|251|127|128|answer|i128|na|raise|panic|na|55|
B|252|127|128|answer|i128|na|raise|panic|na|55|
B|253|0|1|raise|panic|na|answer|i128|na|7|
B|254|0|1|raise|panic|na|answer|i128|na|7|
B|255|127|128|answer|i128|na|raise|panic|na|55|
B|256|127|128|answer|i128|na|raise|panic|na|55|
B|257|0|1|raise|panic|na|answer|i128|na|7|
B|258|0|1|raise|panic|na|answer|i128|na|7|
B|259|127|128|answer|i128|na|raise|panic|na|55|
B|260|127|128|answer|i128|na|raise|panic|na|55|
B|261|0|1|raise|panic|na|answer|i128|na|7|
B|262|0|1|raise|panic|na|answer|i128|na|7|
B|263|127|128|answer|i128|na|raise|panic|na|55|
B|264|127|128|answer|i128|na|raise|panic|na|55|
B|265|9223372036854775808|9223372036854775809|answer|i128|exact|raise|panic|na|64|
B|266|0|1|raise|panic|na|answer|i128|na|7|
B|267|0|1|raise|panic|na|answer|i128|na|7|
B|268|127|128|answer|i128|na|raise|panic|na|55|
B|269|127|128|answer|i128|na|raise|panic|na|55|
