# script: /drop/iv_rust_c0.sh
# started: 2026-08-21T18:39:55+00:00
# timeout: 3600s
# work free before: 3438 MB
------------------------------------------------------------
=== layer-3 INTERVAL ruling C -- rust -- 7232 probes ===
2026-08-21T18:39:55Z
free /work: 3439 MB
interval ruling C rust: 116 shifted cells + 110 composed cells, 32 samples each = 7232 probes
chunking: 7232 probes -> 5 chunk files, at most 1500 probes per file
[progress] rust chunk 1/5  1500 probes  build 0.38s  run 0.00s  elapsed 0.4s  restarts 0
[progress] rust chunk 2/5  1500 probes  build 0.34s  run 0.00s  elapsed 0.7s  restarts 0
[progress] rust chunk 3/5  1500 probes  build 0.37s  run 0.00s  elapsed 1.1s  restarts 0
[progress] rust chunk 4/5  1500 probes  build 0.39s  run 0.00s  elapsed 1.5s  restarts 0
[progress] rust chunk 5/5  1232 probes  build 0.34s  run 0.00s  elapsed 1.9s  restarts 0
== interval ruling C rust: 7232 probes, 5016 answers, 2216 raises, 0 aborts, 0 buildfail, 1.85 s
== TIMING rust: 5 chunk FILES compiled (cap 1500 probes per file), 5 compile invocations totalling 1.82 s; execution 0.02 s; driver overhead 0.01 s; wall 1.85 s
swept /work/iv_rust_c0; /work free: 3439 MB
2026-08-21T18:39:57Z
=== interval ruling-C lane rust done ===
------------------------------------------------------------
# exit 0 in 2.0s
# work free after: 3438 MB (consumed 0 MB)
