# script: /drop/iv_ruby_c0.sh
# started: 2026-08-21T18:39:57+00:00
# timeout: 3600s
# work free before: 3438 MB
------------------------------------------------------------
=== layer-3 INTERVAL ruling C -- ruby -- 50688 probes ===
2026-08-21T18:39:57Z
interval ruling C ruby: 6 numeric holders, 22 operations, 36 ordered pairs, 32 samples per side, 2 variants -> 50688 probes IN ONE PROCESS
[restart 1] S18_2_4_6 stopped the process (stalled>10s); continuing at 1991/50688 after 10.3 s
[restart 2] S18_2_4_19 stopped the process (stalled>10s); continuing at 2004/50688 after 20.5 s
[restart 3] S18_3_4_6 stopped the process (stalled>10s); continuing at 6215/50688 after 30.6 s
[restart 4] S18_3_4_19 stopped the process (stalled>10s); continuing at 6228/50688 after 40.7 s
[restart 5] S18_4_2_6 stopped the process (stalled>10s); continuing at 9031/50688 after 50.9 s
[restart 6] S18_4_2_19 stopped the process (stalled>10s); continuing at 9044/50688 after 61.1 s
[restart 7] S18_4_3_6 stopped the process (stalled>10s); continuing at 9735/50688 after 71.2 s
[restart 8] S18_4_3_19 stopped the process (stalled>10s); continuing at 9748/50688 after 81.4 s
[restart 9] S18_4_4_6 stopped the process (stalled>10s); continuing at 10439/50688 after 91.5 s
[restart 10] S18_4_4_19 stopped the process (stalled>10s); continuing at 10452/50688 after 101.7 s
[restart 11] S18_5_4_19 stopped the process (stalled>10s); continuing at 14676/50688 after 111.9 s
[restart 12] S18_6_4_19 stopped the process (stalled>10s); continuing at 18900/50688 after 122.2 s
[restart 13] S18_7_2_6 stopped the process (stalled>10s); continuing at 21703/50688 after 132.4 s
[restart 14] S18_7_2_19 stopped the process (stalled>10s); continuing at 21716/50688 after 142.5 s
[restart 15] S18_7_3_6 stopped the process (stalled>10s); continuing at 22407/50688 after 152.6 s
[restart 16] S18_7_3_19 stopped the process (stalled>10s); continuing at 22420/50688 after 162.7 s
[restart 17] S18_7_4_6 stopped the process (stalled>10s); continuing at 23111/50688 after 172.8 s
[restart 18] S18_7_4_19 stopped the process (stalled>10s); continuing at 23124/50688 after 182.9 s
[restart 19] C18_2_4_7 stopped the process (stalled>10s); continuing at 27336/50688 after 193.3 s
[restart 20] C18_2_4_20 stopped the process (stalled>10s); continuing at 27349/50688 after 203.4 s
[restart 21] C18_2_7_7 stopped the process (stalled>10s); continuing at 29448/50688 after 213.7 s
[restart 22] C18_2_7_15 stopped the process (stalled>10s); continuing at 29456/50688 after 223.8 s
[restart 23] C18_3_4_7 stopped the process (stalled>10s); continuing at 31560/50688 after 233.9 s
[restart 24] C18_3_4_20 stopped the process (stalled>10s); continuing at 31573/50688 after 244.0 s
[restart 25] C18_3_7_7 stopped the process (stalled>10s); continuing at 33672/50688 after 254.2 s
[restart 26] C18_3_7_15 stopped the process (stalled>10s); continuing at 33680/50688 after 264.3 s
[restart 27] C18_4_2_7 stopped the process (stalled>10s); continuing at 34376/50688 after 274.4 s
[restart 28] C18_4_2_20 stopped the process (stalled>10s); continuing at 34389/50688 after 284.5 s
[restart 29] C18_4_3_7 stopped the process (stalled>10s); continuing at 35080/50688 after 294.6 s
[restart 30] C18_4_3_20 stopped the process (stalled>10s); continuing at 35093/50688 after 304.7 s
[restart 31] C18_4_4_7 stopped the process (stalled>10s); continuing at 35784/50688 after 314.8 s
[restart 32] C18_4_4_20 stopped the process (stalled>10s); continuing at 35797/50688 after 324.9 s
[restart 33] C18_4_5_7 stopped the process (stalled>10s); continuing at 36488/50688 after 335.0 s
[restart 34] C18_4_5_15 stopped the process (stalled>10s); continuing at 36496/50688 after 345.1 s
[restart 35] C18_4_6_7 stopped the process (stalled>10s); continuing at 37192/50688 after 355.1 s
[restart 36] C18_4_6_15 stopped the process (stalled>10s); continuing at 37200/50688 after 365.2 s
[restart 37] C18_4_7_7 stopped the process (stalled>10s); continuing at 37896/50688 after 375.3 s
[restart 38] C18_4_7_15 stopped the process (stalled>10s); continuing at 37904/50688 after 385.4 s
[restart 39] C18_5_4_7 stopped the process (stalled>10s); continuing at 40008/50688 after 395.6 s
[restart 40] C18_5_4_19 stopped the process (stalled>10s); continuing at 40020/50688 after 405.6 s
[restart 41] C18_5_4_20 stopped the process (stalled>10s); continuing at 40021/50688 after 415.7 s
[restart 42] C18_6_4_19 stopped the process (stalled>10s); continuing at 44244/50688 after 426.0 s
[restart 43] C18_6_4_20 stopped the process (stalled>10s); continuing at 44245/50688 after 436.0 s
[restart 44] C18_7_2_6 stopped the process (stalled>10s); continuing at 47047/50688 after 446.1 s
[restart 45] C18_7_2_7 stopped the process (stalled>10s); continuing at 47048/50688 after 456.1 s
[restart 46] C18_7_2_19 stopped the process (stalled>10s); continuing at 47060/50688 after 466.2 s
[restart 47] C18_7_2_20 stopped the process (stalled>10s); continuing at 47061/50688 after 476.2 s
[restart 48] C18_7_3_6 stopped the process (stalled>10s); continuing at 47751/50688 after 486.3 s
[restart 49] C18_7_3_7 stopped the process (stalled>10s); continuing at 47752/50688 after 496.3 s
[restart 50] C18_7_3_19 stopped the process (stalled>10s); continuing at 47764/50688 after 506.4 s
[restart 51] C18_7_3_20 stopped the process (stalled>10s); continuing at 47765/50688 after 516.4 s
[restart 52] C18_7_4_6 stopped the process (stalled>10s); continuing at 48455/50688 after 526.5 s
[restart 53] C18_7_4_7 stopped the process (stalled>10s); continuing at 48456/50688 after 536.6 s
[restart 54] C18_7_4_19 stopped the process (stalled>10s); continuing at 48468/50688 after 546.6 s
[restart 55] C18_7_4_20 stopped the process (stalled>10s); continuing at 48469/50688 after 556.6 s
== interval ruling C ruby: 50688 probes, 31734 answers, 12136 raises, 6763 operand-declines (composed probe NOT run), 55 aborts, 0 refusals, 0 missing, 55 restarts, 556.80 s
== TIMING ruby: 0 files compiled (route C is eval, nothing is compiled); 56 ruby process(es) -- 1 plus 55 restarts past a probe that stopped it; wall 556.80 s of which 550.00 s is the 10 s inactivity budget spent on stalls and 6.80 s is actual evaluation
2026-08-21T18:49:14Z
=== interval ruling-C lane ruby done ===
------------------------------------------------------------
# exit 0 in 556.9s
# work free after: 3438 MB (consumed 0 MB)
