# script: /drop/kx_csharp.sh
# started: 2026-08-19T19:55:20+00:00
# timeout: 3600s
# work free before: 2231 MB
------------------------------------------------------------
=== layer-3 CONSTRUCTS -- csharp -- 3850 acceptance probes ===
2026-08-19T19:55:20Z
scratch check: free /work 2264 MB
CONSTRUCTS csharp: 3850 acceptance probes, route A1 Roslyn CSharpCompilation.GetDiagnostics in-process
scratch: 2261 MB free on /work
stage A: 3850 sources written
driver build rc=0 
[progress] csharp accept [96/3850]   2.5%  elapsed 00:00:01  ETA 00:00:59  mean 16.0 ms
[progress] csharp accept [192/3850]   5.0%  elapsed 00:00:02  ETA 00:00:53  mean 14.5 ms
[progress] csharp accept [288/3850]   7.5%  elapsed 00:00:04  ETA 00:00:50  mean 14.2 ms
[progress] csharp accept [384/3850]  10.0%  elapsed 00:00:05  ETA 00:00:48  mean 13.9 ms
[progress] csharp accept [480/3850]  12.5%  elapsed 00:00:06  ETA 00:00:47  mean 14.0 ms
[progress] csharp accept [576/3850]  15.0%  elapsed 00:00:07  ETA 00:00:44  mean 13.7 ms
[progress] csharp accept [672/3850]  17.5%  elapsed 00:00:09  ETA 00:00:42  mean 13.4 ms
[progress] csharp accept [768/3850]  19.9%  elapsed 00:00:10  ETA 00:00:40  mean 13.2 ms
[progress] csharp accept [864/3850]  22.4%  elapsed 00:00:11  ETA 00:00:38  mean 12.9 ms
[progress] csharp accept [960/3850]  24.9%  elapsed 00:00:11  ETA 00:00:35  mean 12.3 ms
[progress] csharp accept [1056/3850]  27.4%  elapsed 00:00:12  ETA 00:00:32  mean 11.8 ms
[progress] csharp accept [1152/3850]  29.9%  elapsed 00:00:13  ETA 00:00:30  mean 11.4 ms
[progress] csharp accept [1248/3850]  32.4%  elapsed 00:00:13  ETA 00:00:28  mean 11.0 ms
[progress] csharp accept [1344/3850]  34.9%  elapsed 00:00:14  ETA 00:00:26  mean 10.6 ms
[progress] csharp accept [1440/3850]  37.4%  elapsed 00:00:14  ETA 00:00:24  mean 10.2 ms
[progress] csharp accept [1536/3850]  39.9%  elapsed 00:00:15  ETA 00:00:22  mean 9.9 ms
[progress] csharp accept [1632/3850]  42.4%  elapsed 00:00:15  ETA 00:00:21  mean 9.6 ms
[progress] csharp accept [1728/3850]  44.9%  elapsed 00:00:16  ETA 00:00:19  mean 9.3 ms
[progress] csharp accept [1824/3850]  47.4%  elapsed 00:00:16  ETA 00:00:18  mean 9.1 ms
[progress] csharp accept [1920/3850]  49.9%  elapsed 00:00:16  ETA 00:00:17  mean 8.8 ms
[progress] csharp accept [2016/3850]  52.4%  elapsed 00:00:17  ETA 00:00:15  mean 8.6 ms
[progress] csharp accept [2112/3850]  54.9%  elapsed 00:00:17  ETA 00:00:14  mean 8.4 ms
[progress] csharp accept [2208/3850]  57.4%  elapsed 00:00:18  ETA 00:00:13  mean 8.3 ms
[progress] csharp accept [2304/3850]  59.8%  elapsed 00:00:18  ETA 00:00:12  mean 8.1 ms
[progress] csharp accept [2400/3850]  62.3%  elapsed 00:00:19  ETA 00:00:11  mean 8.0 ms
[progress] csharp accept [2496/3850]  64.8%  elapsed 00:00:19  ETA 00:00:10  mean 7.9 ms
[progress] csharp accept [2592/3850]  67.3%  elapsed 00:00:20  ETA 00:00:09  mean 7.8 ms
[progress] csharp accept [2688/3850]  69.8%  elapsed 00:00:20  ETA 00:00:08  mean 7.7 ms
[progress] csharp accept [2784/3850]  72.3%  elapsed 00:00:21  ETA 00:00:08  mean 7.6 ms
[progress] csharp accept [2880/3850]  74.8%  elapsed 00:00:21  ETA 00:00:07  mean 7.5 ms
[progress] csharp accept [2976/3850]  77.3%  elapsed 00:00:21  ETA 00:00:06  mean 7.4 ms
[progress] csharp accept [3072/3850]  79.8%  elapsed 00:00:22  ETA 00:00:05  mean 7.3 ms
[progress] csharp accept [3168/3850]  82.3%  elapsed 00:00:22  ETA 00:00:04  mean 7.2 ms
[progress] csharp accept [3264/3850]  84.8%  elapsed 00:00:23  ETA 00:00:04  mean 7.1 ms
[progress] csharp accept [3360/3850]  87.3%  elapsed 00:00:23  ETA 00:00:03  mean 7.0 ms
[progress] csharp accept [3456/3850]  89.8%  elapsed 00:00:24  ETA 00:00:02  mean 7.0 ms
[progress] csharp accept [3552/3850]  92.3%  elapsed 00:00:24  ETA 00:00:02  mean 6.9 ms
[progress] csharp accept [3648/3850]  94.8%  elapsed 00:00:24  ETA 00:00:01  mean 6.8 ms
[progress] csharp accept [3744/3850]  97.2%  elapsed 00:00:25  ETA 00:00:00  mean 6.7 ms
[progress] csharp accept [3840/3850]  99.7%  elapsed 00:00:25  ETA 00:00:00  mean 6.6 ms
inner __TOTAL_MS__|24971|3850
== stage A csharp: 3850 probes, 269 ACCEPT, 3581 REFUSE, 25.5 s
stage B: 269 accepted probes, 1 chunks of 300
[progress] csharp exec chunk [1/1] probes 269/269  elapsed 00:00:00  ETA 00:00:00  free 2214 MB
== stage B csharp: 269 accepted, 221 answer/trace rows, 48 raises, 0 deaths, 0 codegen refusals, 0.5 s
=== constructs csharp done ===
2026-08-19T19:55:47Z
------------------------------------------------------------
# exit 0 in 26.2s
# work free after: 2215 MB (consumed 16 MB)
