# script: /drop/kx_cpp.sh
# started: 2026-08-19T19:56:18+00:00
# timeout: 3600s
# work free before: 2198 MB
------------------------------------------------------------
=== layer-3 CONSTRUCTS -- cpp -- 2482 acceptance probes ===
2026-08-19T19:56:18Z
scratch check: free /work 2200 MB
CONSTRUCTS cpp: 2482 acceptance probes, route A2 g++ -std=c++20 -fsyntax-only per file
scratch: 2197 MB free on /work
stage A: 2482 sources written
[progress] cpp accept [62/2482]   2.5%  elapsed 00:00:04  ETA 00:02:56  mean 72.8 ms
[progress] cpp accept [124/2482]   5.0%  elapsed 00:00:08  ETA 00:02:34  mean 65.5 ms
[progress] cpp accept [186/2482]   7.5%  elapsed 00:00:11  ETA 00:02:23  mean 62.7 ms
[progress] cpp accept [248/2482]  10.0%  elapsed 00:00:15  ETA 00:02:20  mean 63.0 ms
[progress] cpp accept [310/2482]  12.5%  elapsed 00:00:19  ETA 00:02:14  mean 62.0 ms
[progress] cpp accept [372/2482]  15.0%  elapsed 00:00:22  ETA 00:02:08  mean 60.9 ms
[progress] cpp accept [434/2482]  17.5%  elapsed 00:00:26  ETA 00:02:04  mean 60.6 ms
[progress] cpp accept [496/2482]  20.0%  elapsed 00:00:29  ETA 00:01:59  mean 60.2 ms
[progress] cpp accept [558/2482]  22.5%  elapsed 00:00:33  ETA 00:01:55  mean 59.9 ms
[progress] cpp accept [620/2482]  25.0%  elapsed 00:00:37  ETA 00:01:51  mean 59.8 ms
[progress] cpp accept [682/2482]  27.5%  elapsed 00:00:40  ETA 00:01:46  mean 59.3 ms
[progress] cpp accept [744/2482]  30.0%  elapsed 00:00:43  ETA 00:01:41  mean 58.6 ms
[progress] cpp accept [806/2482]  32.5%  elapsed 00:00:46  ETA 00:01:37  mean 58.3 ms
[progress] cpp accept [868/2482]  35.0%  elapsed 00:00:50  ETA 00:01:33  mean 58.0 ms
[progress] cpp accept [930/2482]  37.5%  elapsed 00:00:53  ETA 00:01:28  mean 57.3 ms
[progress] cpp accept [992/2482]  40.0%  elapsed 00:00:56  ETA 00:01:24  mean 57.0 ms
[progress] cpp accept [1054/2482]  42.5%  elapsed 00:00:59  ETA 00:01:21  mean 56.9 ms
[progress] cpp accept [1116/2482]  45.0%  elapsed 00:01:02  ETA 00:01:17  mean 56.4 ms
[progress] cpp accept [1178/2482]  47.5%  elapsed 00:01:06  ETA 00:01:13  mean 56.3 ms
[progress] cpp accept [1240/2482]  50.0%  elapsed 00:01:10  ETA 00:01:10  mean 57.0 ms
[progress] cpp accept [1302/2482]  52.5%  elapsed 00:01:15  ETA 00:01:08  mean 57.9 ms
[progress] cpp accept [1364/2482]  55.0%  elapsed 00:01:19  ETA 00:01:04  mean 58.0 ms
[progress] cpp accept [1426/2482]  57.5%  elapsed 00:01:22  ETA 00:01:01  mean 57.8 ms
[progress] cpp accept [1488/2482]  60.0%  elapsed 00:01:25  ETA 00:00:57  mean 57.6 ms
[progress] cpp accept [1550/2482]  62.4%  elapsed 00:01:28  ETA 00:00:53  mean 57.4 ms
[progress] cpp accept [1612/2482]  64.9%  elapsed 00:01:32  ETA 00:00:49  mean 57.3 ms
[progress] cpp accept [1674/2482]  67.4%  elapsed 00:01:35  ETA 00:00:46  mean 57.3 ms
[progress] cpp accept [1736/2482]  69.9%  elapsed 00:01:39  ETA 00:00:42  mean 57.4 ms
[progress] cpp accept [1798/2482]  72.4%  elapsed 00:01:43  ETA 00:00:39  mean 57.4 ms
[progress] cpp accept [1860/2482]  74.9%  elapsed 00:01:46  ETA 00:00:35  mean 57.4 ms
[progress] cpp accept [1922/2482]  77.4%  elapsed 00:01:50  ETA 00:00:32  mean 57.6 ms
[progress] cpp accept [1984/2482]  79.9%  elapsed 00:01:54  ETA 00:00:28  mean 57.7 ms
[progress] cpp accept [2046/2482]  82.4%  elapsed 00:01:57  ETA 00:00:25  mean 57.6 ms
[progress] cpp accept [2108/2482]  84.9%  elapsed 00:02:02  ETA 00:00:21  mean 58.2 ms
[progress] cpp accept [2170/2482]  87.4%  elapsed 00:02:06  ETA 00:00:18  mean 58.4 ms
[progress] cpp accept [2232/2482]  89.9%  elapsed 00:02:10  ETA 00:00:14  mean 58.6 ms
[progress] cpp accept [2294/2482]  92.4%  elapsed 00:02:14  ETA 00:00:11  mean 58.8 ms
[progress] cpp accept [2356/2482]  94.9%  elapsed 00:02:19  ETA 00:00:07  mean 59.1 ms
[progress] cpp accept [2418/2482]  97.4%  elapsed 00:02:22  ETA 00:00:03  mean 58.9 ms
[progress] cpp accept [2480/2482]  99.9%  elapsed 00:02:25  ETA 00:00:00  mean 58.9 ms
== stage A cpp: 2482 probes, 309 ACCEPT, 2173 REFUSE, 146.0 s
stage B: 309 accepted probes, 2 chunks of 200
[progress] cpp exec chunk [1/2] probes 200/309  elapsed 00:00:02  ETA 00:00:02  free 2178 MB
[progress] cpp exec chunk [2/2] probes 309/309  elapsed 00:00:02  ETA 00:00:00  free 2178 MB
== stage B cpp: 309 accepted, 287 answer/trace rows, 0 raises, 22 deaths, 0 codegen refusals, 2.9 s
=== constructs cpp done ===
2026-08-19T19:58:47Z
------------------------------------------------------------
# exit 0 in 149.0s
# work free after: 2178 MB (consumed 20 MB)
