# script: /drop/kx_dart.sh
# started: 2026-08-19T19:58:47+00:00
# timeout: 3600s
# work free before: 2178 MB
------------------------------------------------------------
=== layer-3 CONSTRUCTS -- dart -- 2685 acceptance probes ===
2026-08-19T19:58:47Z
scratch check: free /work 2179 MB
CONSTRUCTS dart: 2685 acceptance probes, route A2 dart analyze --format=machine, severity ERROR only
scratch: 2178 MB free on /work
stage A: 2685 sources written
[progress] dart accept [67/2685]   2.5%  elapsed 00:00:00  ETA 00:00:37  mean 14.3 ms
[progress] dart accept [134/2685]   5.0%  elapsed 00:00:00  ETA 00:00:18  mean 7.2 ms
[progress] dart accept [201/2685]   7.5%  elapsed 00:00:00  ETA 00:00:11  mean 4.8 ms
[progress] dart accept [268/2685]  10.0%  elapsed 00:00:00  ETA 00:00:08  mean 3.6 ms
[progress] dart accept [335/2685]  12.5%  elapsed 00:00:00  ETA 00:00:06  mean 2.9 ms
[progress] dart accept [402/2685]  15.0%  elapsed 00:00:01  ETA 00:00:11  mean 4.8 ms
[progress] dart accept [469/2685]  17.5%  elapsed 00:00:01  ETA 00:00:09  mean 4.1 ms
[progress] dart accept [536/2685]  20.0%  elapsed 00:00:01  ETA 00:00:07  mean 3.6 ms
[progress] dart accept [603/2685]  22.5%  elapsed 00:00:01  ETA 00:00:06  mean 3.2 ms
[progress] dart accept [670/2685]  25.0%  elapsed 00:00:01  ETA 00:00:05  mean 2.9 ms
[progress] dart accept [737/2685]  27.4%  elapsed 00:00:01  ETA 00:00:05  mean 2.6 ms
[progress] dart accept [804/2685]  29.9%  elapsed 00:00:02  ETA 00:00:07  mean 3.7 ms
[progress] dart accept [871/2685]  32.4%  elapsed 00:00:02  ETA 00:00:06  mean 3.4 ms
[progress] dart accept [938/2685]  34.9%  elapsed 00:00:02  ETA 00:00:05  mean 3.2 ms
[progress] dart accept [1005/2685]  37.4%  elapsed 00:00:02  ETA 00:00:05  mean 3.0 ms
[progress] dart accept [1072/2685]  39.9%  elapsed 00:00:02  ETA 00:00:04  mean 2.8 ms
[progress] dart accept [1139/2685]  42.4%  elapsed 00:00:02  ETA 00:00:04  mean 2.6 ms
[progress] dart accept [1206/2685]  44.9%  elapsed 00:00:04  ETA 00:00:05  mean 3.4 ms
[progress] dart accept [1273/2685]  47.4%  elapsed 00:00:04  ETA 00:00:04  mean 3.2 ms
[progress] dart accept [1340/2685]  49.9%  elapsed 00:00:04  ETA 00:00:04  mean 3.1 ms
[progress] dart accept [1407/2685]  52.4%  elapsed 00:00:04  ETA 00:00:03  mean 2.9 ms
[progress] dart accept [1474/2685]  54.9%  elapsed 00:00:04  ETA 00:00:03  mean 2.8 ms
[progress] dart accept [1541/2685]  57.4%  elapsed 00:00:04  ETA 00:00:03  mean 2.7 ms
[progress] dart accept [1608/2685]  59.9%  elapsed 00:00:05  ETA 00:00:03  mean 3.3 ms
[progress] dart accept [1675/2685]  62.4%  elapsed 00:00:05  ETA 00:00:03  mean 3.1 ms
[progress] dart accept [1742/2685]  64.9%  elapsed 00:00:05  ETA 00:00:02  mean 3.0 ms
[progress] dart accept [1809/2685]  67.4%  elapsed 00:00:05  ETA 00:00:02  mean 2.9 ms
[progress] dart accept [1876/2685]  69.9%  elapsed 00:00:05  ETA 00:00:02  mean 2.8 ms
[progress] dart accept [1943/2685]  72.4%  elapsed 00:00:05  ETA 00:00:02  mean 2.7 ms
[progress] dart accept [2010/2685]  74.9%  elapsed 00:00:06  ETA 00:00:02  mean 3.2 ms
[progress] dart accept [2077/2685]  77.4%  elapsed 00:00:06  ETA 00:00:01  mean 3.1 ms
[progress] dart accept [2144/2685]  79.9%  elapsed 00:00:06  ETA 00:00:01  mean 3.0 ms
[progress] dart accept [2211/2685]  82.3%  elapsed 00:00:06  ETA 00:00:01  mean 2.9 ms
[progress] dart accept [2278/2685]  84.8%  elapsed 00:00:06  ETA 00:00:01  mean 2.8 ms
[progress] dart accept [2345/2685]  87.3%  elapsed 00:00:06  ETA 00:00:00  mean 2.7 ms
[progress] dart accept [2412/2685]  89.8%  elapsed 00:00:07  ETA 00:00:00  mean 3.0 ms
[progress] dart accept [2479/2685]  92.3%  elapsed 00:00:07  ETA 00:00:00  mean 2.9 ms
[progress] dart accept [2546/2685]  94.8%  elapsed 00:00:07  ETA 00:00:00  mean 2.8 ms
[progress] dart accept [2613/2685]  97.3%  elapsed 00:00:07  ETA 00:00:00  mean 2.8 ms
[progress] dart accept [2680/2685]  99.8%  elapsed 00:00:07  ETA 00:00:00  mean 2.7 ms
== stage A dart: 2685 probes, 426 ACCEPT, 2259 REFUSE, 7.2 s
stage B: 426 accepted probes, 2 chunks of 300
[progress] dart exec chunk [1/2] probes 300/426  elapsed 00:00:00  ETA 00:00:00  free 2090 MB
[progress] dart exec chunk [2/2] probes 426/426  elapsed 00:00:01  ETA 00:00:00  free 2090 MB
== stage B dart: 426 accepted, 219 answer/trace rows, 207 raises, 0 deaths, 0 codegen refusals, 1.7 s
=== constructs dart done ===
2026-08-19T19:58:56Z
------------------------------------------------------------
# exit 0 in 9.1s
# work free after: 2096 MB (consumed 82 MB)
