# script: /drop/kx_java.sh
# started: 2026-08-19T19:58:56+00:00
# timeout: 3600s
# work free before: 2096 MB
------------------------------------------------------------
=== layer-3 CONSTRUCTS -- java -- 4298 acceptance probes ===
2026-08-19T19:58:56Z
scratch check: free /work 2098 MB
CONSTRUCTS java: 4298 acceptance probes, route A1 javax.tools JavacTask.analyze in-process, one JVM
scratch: 2096 MB free on /work
stage A: 4298 sources written
driver build rc=0 
[progress] java accept [107/4298]   2.5%  elapsed 00:00:02  ETA 00:01:29  mean 21.4 ms
[progress] java accept [214/4298]   5.0%  elapsed 00:00:03  ETA 00:01:02  mean 15.4 ms
[progress] java accept [321/4298]   7.5%  elapsed 00:00:04  ETA 00:00:50  mean 12.8 ms
[progress] java accept [428/4298]  10.0%  elapsed 00:00:04  ETA 00:00:43  mean 11.3 ms
[progress] java accept [535/4298]  12.4%  elapsed 00:00:05  ETA 00:00:39  mean 10.4 ms
[progress] java accept [642/4298]  14.9%  elapsed 00:00:06  ETA 00:00:35  mean 9.8 ms
[progress] java accept [749/4298]  17.4%  elapsed 00:00:07  ETA 00:00:33  mean 9.4 ms
[progress] java accept [856/4298]  19.9%  elapsed 00:00:07  ETA 00:00:31  mean 9.1 ms
[progress] java accept [963/4298]  22.4%  elapsed 00:00:08  ETA 00:00:29  mean 8.8 ms
[progress] java accept [1070/4298]  24.9%  elapsed 00:00:09  ETA 00:00:27  mean 8.5 ms
[progress] java accept [1177/4298]  27.4%  elapsed 00:00:09  ETA 00:00:26  mean 8.3 ms
[progress] java accept [1284/4298]  29.9%  elapsed 00:00:10  ETA 00:00:24  mean 8.2 ms
[progress] java accept [1391/4298]  32.4%  elapsed 00:00:11  ETA 00:00:23  mean 8.0 ms
[progress] java accept [1498/4298]  34.9%  elapsed 00:00:11  ETA 00:00:22  mean 7.9 ms
[progress] java accept [1605/4298]  37.3%  elapsed 00:00:12  ETA 00:00:20  mean 7.7 ms
[progress] java accept [1712/4298]  39.8%  elapsed 00:00:13  ETA 00:00:19  mean 7.6 ms
[progress] java accept [1819/4298]  42.3%  elapsed 00:00:13  ETA 00:00:18  mean 7.5 ms
[progress] java accept [1926/4298]  44.8%  elapsed 00:00:14  ETA 00:00:17  mean 7.4 ms
[progress] java accept [2033/4298]  47.3%  elapsed 00:00:14  ETA 00:00:16  mean 7.3 ms
[progress] java accept [2140/4298]  49.8%  elapsed 00:00:15  ETA 00:00:15  mean 7.3 ms
[progress] java accept [2247/4298]  52.3%  elapsed 00:00:16  ETA 00:00:14  mean 7.2 ms
[progress] java accept [2354/4298]  54.8%  elapsed 00:00:16  ETA 00:00:13  mean 7.2 ms
[progress] java accept [2461/4298]  57.3%  elapsed 00:00:17  ETA 00:00:13  mean 7.1 ms
[progress] java accept [2568/4298]  59.7%  elapsed 00:00:18  ETA 00:00:12  mean 7.0 ms
[progress] java accept [2675/4298]  62.2%  elapsed 00:00:18  ETA 00:00:11  mean 7.0 ms
[progress] java accept [2782/4298]  64.7%  elapsed 00:00:19  ETA 00:00:10  mean 6.9 ms
[progress] java accept [2889/4298]  67.2%  elapsed 00:00:19  ETA 00:00:09  mean 6.9 ms
[progress] java accept [2996/4298]  69.7%  elapsed 00:00:20  ETA 00:00:08  mean 6.8 ms
[progress] java accept [3103/4298]  72.2%  elapsed 00:00:21  ETA 00:00:08  mean 6.8 ms
[progress] java accept [3210/4298]  74.7%  elapsed 00:00:21  ETA 00:00:07  mean 6.8 ms
[progress] java accept [3317/4298]  77.2%  elapsed 00:00:22  ETA 00:00:06  mean 6.7 ms
[progress] java accept [3424/4298]  79.7%  elapsed 00:00:22  ETA 00:00:05  mean 6.7 ms
[progress] java accept [3531/4298]  82.2%  elapsed 00:00:23  ETA 00:00:05  mean 6.7 ms
[progress] java accept [3638/4298]  84.6%  elapsed 00:00:24  ETA 00:00:04  mean 6.7 ms
[progress] java accept [3745/4298]  87.1%  elapsed 00:00:24  ETA 00:00:03  mean 6.6 ms
[progress] java accept [3852/4298]  89.6%  elapsed 00:00:25  ETA 00:00:02  mean 6.6 ms
[progress] java accept [3959/4298]  92.1%  elapsed 00:00:26  ETA 00:00:02  mean 6.6 ms
[progress] java accept [4066/4298]  94.6%  elapsed 00:00:26  ETA 00:00:01  mean 6.6 ms
[progress] java accept [4173/4298]  97.1%  elapsed 00:00:27  ETA 00:00:00  mean 6.5 ms
[progress] java accept [4280/4298]  99.6%  elapsed 00:00:27  ETA 00:00:00  mean 6.5 ms
inner __TOTAL_MS__|27375|4298
== stage A java: 4298 probes, 269 ACCEPT, 4029 REFUSE, 28.0 s
stage B: 269 accepted probes, 1 chunks of 300
[progress] java exec chunk [1/1] probes 269/269  elapsed 00:00:00  ETA 00:00:00  free 2062 MB
== stage B java: 269 accepted, 254 answer/trace rows, 15 raises, 0 deaths, 0 codegen refusals, 0.7 s
=== constructs java done ===
2026-08-19T19:59:25Z
------------------------------------------------------------
# exit 0 in 28.9s
# work free after: 2062 MB (consumed 34 MB)
