# script: /drop/kx_kotlin.sh
# started: 2026-08-19T20:00:13+00:00
# timeout: 3600s
# work free before: 2057 MB
------------------------------------------------------------
=== layer-3 CONSTRUCTS -- kotlin -- 2912 acceptance probes ===
2026-08-19T20:00:13Z
scratch check: free /work 2059 MB
CONSTRUCTS kotlin: 2912 acceptance probes, route A1 K2JVMCompiler in a warm JVM, in-process
scratch: 2057 MB free on /work
stage A: 2912 sources written
WARNING: A terminally deprecated method in sun.misc.Unsafe has been called
WARNING: sun.misc.Unsafe::objectFieldOffset has been called by com.intellij.util.containers.Unsafe (file:/persist/kotlinc/lib/kotlin-compiler.jar)
WARNING: Please consider reporting this to the maintainers of class com.intellij.util.containers.Unsafe
WARNING: sun.misc.Unsafe::objectFieldOffset will be removed in a future release
driver build rc=0 
[progress] kotlin accept [72/2912]   2.5%  elapsed 00:00:13  ETA 00:09:08  mean 193.2 ms
[progress] kotlin accept [144/2912]   4.9%  elapsed 00:00:19  ETA 00:06:24  mean 138.8 ms
[progress] kotlin accept [216/2912]   7.4%  elapsed 00:00:25  ETA 00:05:17  mean 117.9 ms
[progress] kotlin accept [288/2912]   9.9%  elapsed 00:00:30  ETA 00:04:37  mean 105.8 ms
[progress] kotlin accept [360/2912]  12.4%  elapsed 00:00:36  ETA 00:04:18  mean 101.3 ms
[progress] kotlin accept [432/2912]  14.8%  elapsed 00:00:42  ETA 00:04:01  mean 97.3 ms
[progress] kotlin accept [504/2912]  17.3%  elapsed 00:00:47  ETA 00:03:44  mean 93.4 ms
[progress] kotlin accept [576/2912]  19.8%  elapsed 00:00:52  ETA 00:03:31  mean 90.4 ms
[progress] kotlin accept [648/2912]  22.3%  elapsed 00:00:56  ETA 00:03:19  mean 87.9 ms
[progress] kotlin accept [720/2912]  24.7%  elapsed 00:01:01  ETA 00:03:08  mean 85.9 ms
[progress] kotlin accept [792/2912]  27.2%  elapsed 00:01:07  ETA 00:03:01  mean 85.6 ms
[progress] kotlin accept [864/2912]  29.7%  elapsed 00:01:12  ETA 00:02:51  mean 83.7 ms
[progress] kotlin accept [936/2912]  32.1%  elapsed 00:01:17  ETA 00:02:42  mean 82.5 ms
[progress] kotlin accept [1008/2912]  34.6%  elapsed 00:01:21  ETA 00:02:34  mean 81.1 ms
[progress] kotlin accept [1080/2912]  37.1%  elapsed 00:01:26  ETA 00:02:26  mean 80.0 ms
[progress] kotlin accept [1152/2912]  39.6%  elapsed 00:01:30  ETA 00:02:18  mean 78.9 ms
[progress] kotlin accept [1224/2912]  42.0%  elapsed 00:01:35  ETA 00:02:11  mean 78.1 ms
[progress] kotlin accept [1296/2912]  44.5%  elapsed 00:01:40  ETA 00:02:05  mean 77.4 ms
[progress] kotlin accept [1368/2912]  47.0%  elapsed 00:01:44  ETA 00:01:58  mean 76.6 ms
[progress] kotlin accept [1440/2912]  49.5%  elapsed 00:01:49  ETA 00:01:52  mean 76.2 ms
[progress] kotlin accept [1512/2912]  51.9%  elapsed 00:01:54  ETA 00:01:46  mean 75.8 ms
[progress] kotlin accept [1584/2912]  54.4%  elapsed 00:01:59  ETA 00:01:39  mean 75.3 ms
[progress] kotlin accept [1656/2912]  56.9%  elapsed 00:02:04  ETA 00:01:34  mean 74.9 ms
[progress] kotlin accept [1728/2912]  59.3%  elapsed 00:02:08  ETA 00:01:28  mean 74.5 ms
[progress] kotlin accept [1800/2912]  61.8%  elapsed 00:02:13  ETA 00:01:22  mean 74.0 ms
[progress] kotlin accept [1872/2912]  64.3%  elapsed 00:02:17  ETA 00:01:16  mean 73.5 ms
[progress] kotlin accept [1944/2912]  66.8%  elapsed 00:02:22  ETA 00:01:10  mean 73.1 ms
[progress] kotlin accept [2016/2912]  69.2%  elapsed 00:02:26  ETA 00:01:05  mean 72.8 ms
[progress] kotlin accept [2088/2912]  71.7%  elapsed 00:02:31  ETA 00:00:59  mean 72.5 ms
[progress] kotlin accept [2160/2912]  74.2%  elapsed 00:02:35  ETA 00:00:54  mean 72.2 ms
[progress] kotlin accept [2232/2912]  76.6%  elapsed 00:02:40  ETA 00:00:48  mean 71.9 ms
[progress] kotlin accept [2304/2912]  79.1%  elapsed 00:02:45  ETA 00:00:43  mean 71.6 ms
[progress] kotlin accept [2376/2912]  81.6%  elapsed 00:02:49  ETA 00:00:38  mean 71.3 ms
[progress] kotlin accept [2448/2912]  84.1%  elapsed 00:02:53  ETA 00:00:32  mean 71.1 ms
[progress] kotlin accept [2520/2912]  86.5%  elapsed 00:02:58  ETA 00:00:27  mean 70.8 ms
[progress] kotlin accept [2592/2912]  89.0%  elapsed 00:03:02  ETA 00:00:22  mean 70.6 ms
[progress] kotlin accept [2664/2912]  91.5%  elapsed 00:03:07  ETA 00:00:17  mean 70.3 ms
[progress] kotlin accept [2736/2912]  94.0%  elapsed 00:03:11  ETA 00:00:12  mean 70.1 ms
[progress] kotlin accept [2808/2912]  96.4%  elapsed 00:03:16  ETA 00:00:07  mean 70.0 ms
[progress] kotlin accept [2880/2912]  98.9%  elapsed 00:03:21  ETA 00:00:02  mean 70.0 ms
inner __TOTAL_MS__|201038|2912
== stage A kotlin: 2912 probes, 192 ACCEPT, 2720 REFUSE, 203.6 s
stage B: 192 accepted probes, 1 chunks of 300
[progress] kotlin exec chunk [1/1] probes 192/192  elapsed 00:00:05  ETA 00:00:00  free 2033 MB
== stage B kotlin: 192 accepted, 181 answer/trace rows, 11 raises, 0 deaths, 0 codegen refusals, 5.1 s
=== constructs kotlin done ===
2026-08-19T20:03:42Z
------------------------------------------------------------
# exit 0 in 208.9s
# work free after: 2034 MB (consumed 23 MB)
