# script: /drop/kx_rust.sh
# started: 2026-08-19T19:55:47+00:00
# timeout: 3600s
# work free before: 2215 MB
------------------------------------------------------------
=== layer-3 CONSTRUCTS -- rust -- 2122 acceptance probes ===
2026-08-19T19:55:47Z
scratch check: free /work 2216 MB
CONSTRUCTS rust: 2122 acceptance probes, route A2 rustc --emit=metadata per file
scratch: 2215 MB free on /work
stage A: 2122 sources written
[progress] rust accept [53/2122]   2.5%  elapsed 00:00:00  ETA 00:00:32  mean 15.8 ms
[progress] rust accept [106/2122]   5.0%  elapsed 00:00:01  ETA 00:00:30  mean 15.3 ms
[progress] rust accept [159/2122]   7.5%  elapsed 00:00:02  ETA 00:00:27  mean 13.9 ms
[progress] rust accept [212/2122]  10.0%  elapsed 00:00:02  ETA 00:00:26  mean 13.8 ms
[progress] rust accept [265/2122]  12.5%  elapsed 00:00:03  ETA 00:00:25  mean 13.8 ms
[progress] rust accept [318/2122]  15.0%  elapsed 00:00:04  ETA 00:00:24  mean 13.7 ms
[progress] rust accept [371/2122]  17.5%  elapsed 00:00:05  ETA 00:00:24  mean 13.9 ms
[progress] rust accept [424/2122]  20.0%  elapsed 00:00:05  ETA 00:00:23  mean 14.0 ms
[progress] rust accept [477/2122]  22.5%  elapsed 00:00:06  ETA 00:00:22  mean 14.0 ms
[progress] rust accept [530/2122]  25.0%  elapsed 00:00:07  ETA 00:00:22  mean 14.3 ms
[progress] rust accept [583/2122]  27.5%  elapsed 00:00:08  ETA 00:00:21  mean 14.3 ms
[progress] rust accept [636/2122]  30.0%  elapsed 00:00:09  ETA 00:00:21  mean 14.2 ms
[progress] rust accept [689/2122]  32.5%  elapsed 00:00:09  ETA 00:00:20  mean 14.3 ms
[progress] rust accept [742/2122]  35.0%  elapsed 00:00:10  ETA 00:00:19  mean 14.3 ms
[progress] rust accept [795/2122]  37.5%  elapsed 00:00:11  ETA 00:00:19  mean 14.4 ms
[progress] rust accept [848/2122]  40.0%  elapsed 00:00:12  ETA 00:00:18  mean 14.4 ms
[progress] rust accept [901/2122]  42.5%  elapsed 00:00:12  ETA 00:00:17  mean 14.4 ms
[progress] rust accept [954/2122]  45.0%  elapsed 00:00:13  ETA 00:00:16  mean 14.4 ms
[progress] rust accept [1007/2122]  47.5%  elapsed 00:00:14  ETA 00:00:16  mean 14.5 ms
[progress] rust accept [1060/2122]  50.0%  elapsed 00:00:15  ETA 00:00:15  mean 14.5 ms
[progress] rust accept [1113/2122]  52.5%  elapsed 00:00:16  ETA 00:00:14  mean 14.5 ms
[progress] rust accept [1166/2122]  54.9%  elapsed 00:00:16  ETA 00:00:13  mean 14.5 ms
[progress] rust accept [1219/2122]  57.4%  elapsed 00:00:17  ETA 00:00:13  mean 14.5 ms
[progress] rust accept [1272/2122]  59.9%  elapsed 00:00:18  ETA 00:00:12  mean 14.6 ms
[progress] rust accept [1325/2122]  62.4%  elapsed 00:00:19  ETA 00:00:11  mean 14.5 ms
[progress] rust accept [1378/2122]  64.9%  elapsed 00:00:20  ETA 00:00:10  mean 14.5 ms
[progress] rust accept [1431/2122]  67.4%  elapsed 00:00:20  ETA 00:00:10  mean 14.5 ms
[progress] rust accept [1484/2122]  69.9%  elapsed 00:00:21  ETA 00:00:09  mean 14.5 ms
[progress] rust accept [1537/2122]  72.4%  elapsed 00:00:22  ETA 00:00:08  mean 14.5 ms
[progress] rust accept [1590/2122]  74.9%  elapsed 00:00:23  ETA 00:00:07  mean 14.5 ms
[progress] rust accept [1643/2122]  77.4%  elapsed 00:00:23  ETA 00:00:06  mean 14.6 ms
[progress] rust accept [1696/2122]  79.9%  elapsed 00:00:24  ETA 00:00:06  mean 14.5 ms
[progress] rust accept [1749/2122]  82.4%  elapsed 00:00:25  ETA 00:00:05  mean 14.6 ms
[progress] rust accept [1802/2122]  84.9%  elapsed 00:00:26  ETA 00:00:04  mean 14.6 ms
[progress] rust accept [1855/2122]  87.4%  elapsed 00:00:27  ETA 00:00:03  mean 14.6 ms
[progress] rust accept [1908/2122]  89.9%  elapsed 00:00:27  ETA 00:00:03  mean 14.6 ms
[progress] rust accept [1961/2122]  92.4%  elapsed 00:00:28  ETA 00:00:02  mean 14.7 ms
[progress] rust accept [2014/2122]  94.9%  elapsed 00:00:29  ETA 00:00:01  mean 14.7 ms
[progress] rust accept [2067/2122]  97.4%  elapsed 00:00:30  ETA 00:00:00  mean 14.7 ms
[progress] rust accept [2120/2122]  99.9%  elapsed 00:00:31  ETA 00:00:00  mean 14.7 ms
== stage A rust: 2122 probes, 63 ACCEPT, 2059 REFUSE, 31.1 s
stage B: 63 accepted probes, 1 chunks of 200
[progress] rust exec chunk [1/1] probes 63/63  elapsed 00:00:00  ETA 00:00:00  free 2193 MB
== stage B rust: 63 accepted, 61 answer/trace rows, 2 raises, 0 deaths, 0 codegen refusals, 0.2 s
=== constructs rust done ===
2026-08-19T19:56:18Z
------------------------------------------------------------
# exit 0 in 31.4s
# work free after: 2198 MB (consumed 17 MB)
