# script: /drop/kx_swift.sh
# started: 2026-08-19T19:59:25+00:00
# timeout: 3600s
# work free before: 2062 MB
------------------------------------------------------------
=== layer-3 CONSTRUCTS -- swift -- 706 acceptance probes ===
2026-08-19T19:59:25Z
scratch check: free /work 2065 MB
CONSTRUCTS swift: 706 acceptance probes, route A2 the FULL swiftc, never -typecheck
scratch: 2063 MB free on /work
stage A: 706 sources written
[progress] swift accept [50/706]   7.1%  elapsed 00:00:03  ETA 00:00:46  mean 70.5 ms
[progress] swift accept [100/706]  14.2%  elapsed 00:00:06  ETA 00:00:38  mean 64.1 ms
[progress] swift accept [150/706]  21.2%  elapsed 00:00:09  ETA 00:00:35  mean 63.2 ms
[progress] swift accept [200/706]  28.3%  elapsed 00:00:12  ETA 00:00:31  mean 63.1 ms
[progress] swift accept [250/706]  35.4%  elapsed 00:00:15  ETA 00:00:29  mean 63.6 ms
[progress] swift accept [300/706]  42.5%  elapsed 00:00:18  ETA 00:00:25  mean 62.4 ms
[progress] swift accept [350/706]  49.6%  elapsed 00:00:22  ETA 00:00:22  mean 63.4 ms
[progress] swift accept [400/706]  56.7%  elapsed 00:00:25  ETA 00:00:19  mean 63.1 ms
[progress] swift accept [450/706]  63.7%  elapsed 00:00:28  ETA 00:00:16  mean 64.0 ms
[progress] swift accept [500/706]  70.8%  elapsed 00:00:31  ETA 00:00:13  mean 63.4 ms
[progress] swift accept [550/706]  77.9%  elapsed 00:00:34  ETA 00:00:09  mean 63.3 ms
[progress] swift accept [600/706]  85.0%  elapsed 00:00:39  ETA 00:00:06  mean 65.7 ms
[progress] swift accept [650/706]  92.1%  elapsed 00:00:43  ETA 00:00:03  mean 67.7 ms
[progress] swift accept [700/706]  99.2%  elapsed 00:00:46  ETA 00:00:00  mean 67.1 ms
== stage A swift: 706 probes, 55 ACCEPT, 651 REFUSE, 47.0 s
stage B: 55 accepted probes, 1 chunks of 150
[progress] swift exec chunk [1/1] probes 55/55  elapsed 00:00:01  ETA 00:00:00  free 2057 MB
== stage B swift: 55 accepted, 49 answer/trace rows, 0 raises, 6 deaths, 0 codegen refusals, 1.0 s
=== constructs swift done ===
2026-08-19T20:00:13Z
------------------------------------------------------------
# exit 0 in 48.1s
# work free after: 2057 MB (consumed 5 MB)
