# script: /drop/kx_typescript.sh
# started: 2026-08-19T19:55:14+00:00
# timeout: 3600s
# work free before: 2240 MB
------------------------------------------------------------
=== layer-3 CONSTRUCTS -- typescript -- 2287 acceptance probes ===
2026-08-19T19:55:14Z
scratch check: free /work 2241 MB
CONSTRUCTS typescript: 2287 acceptance probes, route A1 shipped typescript.js Program diagnostics
scratch: 2240 MB free on /work
stage A: 2287 sources written
inner __NOTE__|typescript 5.9.3 from /persist/tv/ts5/node_modules/typescript/lib/typescript.js
[progress] typescript accept [57/2287]   2.5%  elapsed 00:00:01  ETA 00:00:42  mean 19.0 ms
[progress] typescript accept [114/2287]   5.0%  elapsed 00:00:01  ETA 00:00:22  mean 10.5 ms
[progress] typescript accept [171/2287]   7.5%  elapsed 00:00:01  ETA 00:00:16  mean 7.6 ms
[progress] typescript accept [228/2287]  10.0%  elapsed 00:00:01  ETA 00:00:12  mean 6.1 ms
[progress] typescript accept [285/2287]  12.5%  elapsed 00:00:01  ETA 00:00:10  mean 5.3 ms
[progress] typescript accept [342/2287]  15.0%  elapsed 00:00:01  ETA 00:00:09  mean 4.6 ms
[progress] typescript accept [399/2287]  17.4%  elapsed 00:00:01  ETA 00:00:07  mean 4.2 ms
[progress] typescript accept [456/2287]  19.9%  elapsed 00:00:01  ETA 00:00:07  mean 3.9 ms
[progress] typescript accept [513/2287]  22.4%  elapsed 00:00:02  ETA 00:00:07  mean 4.3 ms
[progress] typescript accept [570/2287]  24.9%  elapsed 00:00:02  ETA 00:00:07  mean 4.2 ms
[progress] typescript accept [627/2287]  27.4%  elapsed 00:00:02  ETA 00:00:06  mean 4.0 ms
[progress] typescript accept [684/2287]  29.9%  elapsed 00:00:02  ETA 00:00:06  mean 3.8 ms
[progress] typescript accept [741/2287]  32.4%  elapsed 00:00:02  ETA 00:00:05  mean 3.6 ms
[progress] typescript accept [798/2287]  34.9%  elapsed 00:00:02  ETA 00:00:05  mean 3.5 ms
[progress] typescript accept [855/2287]  37.4%  elapsed 00:00:02  ETA 00:00:04  mean 3.4 ms
[progress] typescript accept [912/2287]  39.9%  elapsed 00:00:03  ETA 00:00:04  mean 3.3 ms
[progress] typescript accept [969/2287]  42.4%  elapsed 00:00:03  ETA 00:00:04  mean 3.2 ms
[progress] typescript accept [1026/2287]  44.9%  elapsed 00:00:03  ETA 00:00:04  mean 3.4 ms
[progress] typescript accept [1083/2287]  47.4%  elapsed 00:00:03  ETA 00:00:03  mean 3.3 ms
[progress] typescript accept [1140/2287]  49.8%  elapsed 00:00:03  ETA 00:00:03  mean 3.2 ms
[progress] typescript accept [1197/2287]  52.3%  elapsed 00:00:03  ETA 00:00:03  mean 3.1 ms
[progress] typescript accept [1254/2287]  54.8%  elapsed 00:00:03  ETA 00:00:03  mean 3.1 ms
[progress] typescript accept [1311/2287]  57.3%  elapsed 00:00:03  ETA 00:00:02  mean 3.0 ms
[progress] typescript accept [1368/2287]  59.8%  elapsed 00:00:03  ETA 00:00:02  mean 2.9 ms
[progress] typescript accept [1425/2287]  62.3%  elapsed 00:00:04  ETA 00:00:02  mean 2.9 ms
[progress] typescript accept [1482/2287]  64.8%  elapsed 00:00:04  ETA 00:00:02  mean 2.8 ms
[progress] typescript accept [1539/2287]  67.3%  elapsed 00:00:04  ETA 00:00:02  mean 2.9 ms
[progress] typescript accept [1596/2287]  69.8%  elapsed 00:00:04  ETA 00:00:02  mean 2.9 ms
[progress] typescript accept [1653/2287]  72.3%  elapsed 00:00:04  ETA 00:00:01  mean 2.9 ms
[progress] typescript accept [1710/2287]  74.8%  elapsed 00:00:04  ETA 00:00:01  mean 2.8 ms
[progress] typescript accept [1767/2287]  77.3%  elapsed 00:00:04  ETA 00:00:01  mean 2.8 ms
[progress] typescript accept [1824/2287]  79.8%  elapsed 00:00:04  ETA 00:00:01  mean 2.7 ms
[progress] typescript accept [1881/2287]  82.2%  elapsed 00:00:05  ETA 00:00:01  mean 2.7 ms
[progress] typescript accept [1938/2287]  84.7%  elapsed 00:00:05  ETA 00:00:00  mean 2.7 ms
[progress] typescript accept [1995/2287]  87.2%  elapsed 00:00:05  ETA 00:00:00  mean 2.6 ms
[progress] typescript accept [2052/2287]  89.7%  elapsed 00:00:05  ETA 00:00:00  mean 2.7 ms
[progress] typescript accept [2109/2287]  92.2%  elapsed 00:00:05  ETA 00:00:00  mean 2.7 ms
[progress] typescript accept [2166/2287]  94.7%  elapsed 00:00:05  ETA 00:00:00  mean 2.7 ms
[progress] typescript accept [2223/2287]  97.2%  elapsed 00:00:05  ETA 00:00:00  mean 2.7 ms
[progress] typescript accept [2280/2287]  99.7%  elapsed 00:00:06  ETA 00:00:00  mean 2.6 ms
inner __TOTAL_MS__|5857|2287
== stage A typescript: 2287 probes, 174 ACCEPT, 2113 REFUSE, 6.1 s
stage B: 174 accepted probes, 1 chunks of 400
[progress] typescript exec chunk [1/1] probes 174/174  elapsed 00:00:00  ETA 00:00:00  free 2231 MB
== stage B typescript: 174 accepted, 174 answer/trace rows, 0 raises, 0 deaths, 0 codegen refusals, 0.4 s
=== constructs typescript done ===
2026-08-19T19:55:20Z
------------------------------------------------------------
# exit 0 in 6.5s
# work free after: 2231 MB (consumed 9 MB)
