# script: /drop/kc_python.sh
# started: 2026-08-19T18:52:56+00:00
# timeout: 3600s
# work free before: 2566 MB
------------------------------------------------------------
=== layer-3 CONSTRUCTS -- python ===
2026-08-19T18:52:56Z
free /work: 2567 MB
CONSTRUCTS python: 24 holders, 117 values, 12 constructs, 59797 probes
[progress] python constructs [5000/59797]   8.4%  elapsed 00:00:00  ETA 00:00:01  mean 0.02 ms
[progress] python constructs [10000/59797]  16.7%  elapsed 00:00:00  ETA 00:00:00  mean 0.02 ms
[progress] python constructs [15000/59797]  25.1%  elapsed 00:00:00  ETA 00:00:00  mean 0.02 ms
[progress] python constructs [20000/59797]  33.4%  elapsed 00:00:00  ETA 00:00:00  mean 0.02 ms
SystemError: deallocated bytearray object has exported buffers
SystemError: deallocated bytearray object has exported buffers
[progress] python constructs [25000/59797]  41.8%  elapsed 00:00:04  ETA 00:00:06  mean 0.18 ms
SystemError: deallocated bytearray object has exported buffers
SystemError: deallocated bytearray object has exported buffers
[progress] python constructs [30000/59797]  50.2%  elapsed 00:00:08  ETA 00:00:08  mean 0.29 ms
[progress] python constructs [35000/59797]  58.5%  elapsed 00:00:08  ETA 00:00:06  mean 0.25 ms
[progress] python constructs [40000/59797]  66.9%  elapsed 00:00:08  ETA 00:00:04  mean 0.22 ms
[progress] python constructs [45000/59797]  75.3%  elapsed 00:00:16  ETA 00:00:05  mean 0.37 ms
[progress] python constructs [50000/59797]  83.6%  elapsed 00:00:16  ETA 00:00:03  mean 0.33 ms
[progress] python constructs [55000/59797]  92.0%  elapsed 00:00:16  ETA 00:00:01  mean 0.31 ms
== python constructs: 59797 probes, 1538 answers, 6502 traces, 51757 raises, 0 refusals, 0 budget, 16.9 s
=== constructs python done ===
2026-08-19T18:53:13Z
------------------------------------------------------------
# exit 0 in 17.0s
# work free after: 2566 MB (consumed 0 MB)
