# script: /drop/kc_ruby.sh
# started: 2026-08-19T19:09:07+00:00
# timeout: 3600s
# work free before: 2281 MB
------------------------------------------------------------
=== layer-3 CONSTRUCTS -- ruby ===
2026-08-19T19:09:07Z
free /work: 2282 MB
CONSTRUCTS ruby: 22 holders, 109 values, 11 constructs, 48297 probes
[progress] ruby constructs [5000/48297]  10.4%  elapsed 00:00:00  ETA 00:00:00  mean 0.02 ms
[progress] ruby constructs [10000/48297]  20.7%  elapsed 00:00:00  ETA 00:00:00  mean 0.02 ms
[progress] ruby constructs [15000/48297]  31.1%  elapsed 00:00:00  ETA 00:00:00  mean 0.02 ms
[progress] ruby constructs [20000/48297]  41.4%  elapsed 00:00:00  ETA 00:00:00  mean 0.02 ms
[progress] ruby constructs [25000/48297]  51.8%  elapsed 00:00:00  ETA 00:00:00  mean 0.02 ms
[progress] ruby constructs [30000/48297]  62.1%  elapsed 00:00:00  ETA 00:00:00  mean 0.02 ms
[progress] ruby constructs [35000/48297]  72.5%  elapsed 00:00:00  ETA 00:00:00  mean 0.02 ms
[progress] ruby constructs [40000/48297]  82.8%  elapsed 00:00:00  ETA 00:00:00  mean 0.02 ms
[progress] ruby constructs [45000/48297]  93.2%  elapsed 00:00:00  ETA 00:00:00  mean 0.02 ms
== ruby constructs: 48297 probes, 2571 answers, 6034 traces, 39692 raises, 0 refusals, 0.8 s
=== constructs ruby done ===
2026-08-19T19:09:08Z
------------------------------------------------------------
# exit 0 in 0.9s
# work free after: 2281 MB (consumed 0 MB)
