# script: /drop/kg_go.sh
# started: 2026-08-19T19:03:39+00:00
# timeout: 3600s
# work free before: 2290 MB
------------------------------------------------------------
=== layer-3 CONSTRUCTS -- go -- acceptance + execution -- 1710 probes ===
2026-08-19T19:03:39Z
free /work: 2538 MB
CONSTRUCTS go: 1710 acceptance probes, one `go build` each
[progress] go constructs [100/1710]   5.8%  elapsed 00:00:01  ETA 00:00:31  mean 19.4 ms
[progress] go constructs [200/1710]  11.7%  elapsed 00:00:03  ETA 00:00:25  mean 16.9 ms
[progress] go constructs [300/1710]  17.5%  elapsed 00:00:05  ETA 00:00:24  mean 17.2 ms
[progress] go constructs [400/1710]  23.4%  elapsed 00:00:06  ETA 00:00:22  mean 16.9 ms
[progress] go constructs [500/1710]  29.2%  elapsed 00:00:08  ETA 00:00:21  mean 17.6 ms
[progress] go constructs [600/1710]  35.1%  elapsed 00:00:10  ETA 00:00:18  mean 17.0 ms
[progress] go constructs [700/1710]  40.9%  elapsed 00:00:11  ETA 00:00:16  mean 16.7 ms
[progress] go constructs [800/1710]  46.8%  elapsed 00:00:13  ETA 00:00:15  mean 16.6 ms
[progress] go constructs [900/1710]  52.6%  elapsed 00:00:14  ETA 00:00:13  mean 16.4 ms
[progress] go constructs [1000/1710]  58.5%  elapsed 00:00:16  ETA 00:00:11  mean 16.3 ms
[progress] go constructs [1100/1710]  64.3%  elapsed 00:00:17  ETA 00:00:09  mean 16.1 ms
[progress] go constructs [1200/1710]  70.2%  elapsed 00:00:19  ETA 00:00:08  mean 15.9 ms
[progress] go constructs [1300/1710]  76.0%  elapsed 00:00:20  ETA 00:00:06  mean 15.8 ms
[progress] go constructs [1400/1710]  81.9%  elapsed 00:00:21  ETA 00:00:04  mean 15.6 ms
[progress] go constructs [1500/1710]  87.7%  elapsed 00:00:23  ETA 00:00:03  mean 15.5 ms
[progress] go constructs [1600/1710]  93.6%  elapsed 00:00:24  ETA 00:00:01  mean 15.5 ms
[progress] go constructs [1700/1710]  99.4%  elapsed 00:00:26  ETA 00:00:00  mean 15.7 ms
== go constructs: 1710 probes, 104 ACCEPT, 1606 REFUSE, 26.8 s
=== constructs go done ===
2026-08-19T19:04:06Z
------------------------------------------------------------
# exit 0 in 27.0s
# work free after: 2281 MB (consumed 9 MB)
