# script: /drop/l3_python.sh
# started: 2026-08-17T15:24:29+00:00
# timeout: 3600s
# work free before: 3296 MB
------------------------------------------------------------
=== layer-3 kind fuzz -- python ===
2026-08-17T15:24:29Z
Python 3.13.14
<probe:cmp.is_.fractional.float.base_1_5.fractional.float.base_1_5.direct>:1: SyntaxWarning: "is" with 'float' literal. Did you mean "=="?
<probe:cmp.is_.nesting.tuple.seq_in_seq.nesting.tuple.seq_in_seq.direct>:1: SyntaxWarning: "is" with 'tuple' literal. Did you mean "=="?
<probe:cmp.is_.sequence.tuple.base.sequence.tuple.base.direct>:1: SyntaxWarning: "is" with 'tuple' literal. Did you mean "=="?
<probe:cmp.is_.text.str.base_hello.text.str.base_hello.direct>:1: SyntaxWarning: "is" with 'str' literal. Did you mean "=="?
<probe:cmp.is_.whole.int.base_42.whole.int.base_42.direct>:1: SyntaxWarning: "is" with 'int' literal. Did you mean "=="?
<probe:cmp.is_.nesting.list.seq_in_seq.nesting.tuple.seq_in_seq.direct>:1: SyntaxWarning: "is" with 'tuple' literal. Did you mean "=="?
<probe:cmp.is_.nesting.dict.seq_in_seq.nesting.tuple.seq_in_seq.direct>:1: SyntaxWarning: "is" with 'tuple' literal. Did you mean "=="?
<probe:cmp.is_.nesting.tuple.seq_in_seq.nesting.list.seq_in_seq.direct>:1: SyntaxWarning: "is" with 'tuple' literal. Did you mean "=="?
<probe:cmp.is_.nesting.tuple.seq_in_seq.nesting.dict.seq_in_seq.direct>:1: SyntaxWarning: "is" with 'tuple' literal. Did you mean "=="?
<probe:cmp.is_.sequence.list.base.sequence.tuple.base.direct>:1: SyntaxWarning: "is" with 'tuple' literal. Did you mean "=="?
<probe:cmp.is_.sequence.tuple.base.sequence.list.base.direct>:1: SyntaxWarning: "is" with 'tuple' literal. Did you mean "=="?
<probe:cmp.is_.nothing.NoneType.null.whole.int.base_42.direct>:1: SyntaxWarning: "is" with 'int' literal. Did you mean "=="?
<probe:cmp.is_.nothing.NoneType.null.fractional.float.base_1_5.direct>:1: SyntaxWarning: "is" with 'float' literal. Did you mean "=="?
<probe:cmp.is_.nothing.NoneType.null.text.str.base_hello.direct>:1: SyntaxWarning: "is" with 'str' literal. Did you mean "=="?
<probe:cmp.is_.truth.bool.true.whole.int.base_42.direct>:1: SyntaxWarning: "is" with 'int' literal. Did you mean "=="?
<probe:cmp.is_.truth.bool.true.fractional.float.base_1_5.direct>:1: SyntaxWarning: "is" with 'float' literal. Did you mean "=="?
<probe:cmp.is_.truth.bool.true.text.str.base_hello.direct>:1: SyntaxWarning: "is" with 'str' literal. Did you mean "=="?
<probe:cmp.is_.whole.int.base_42.nothing.NoneType.null.direct>:1: SyntaxWarning: "is" with 'int' literal. Did you mean "=="?
<probe:cmp.is_.whole.int.base_42.truth.bool.true.direct>:1: SyntaxWarning: "is" with 'int' literal. Did you mean "=="?
<probe:cmp.is_.whole.int.base_42.fractional.float.base_1_5.direct>:1: SyntaxWarning: "is" with 'int' literal. Did you mean "=="?
<probe:cmp.is_.whole.int.base_42.text.str.base_hello.direct>:1: SyntaxWarning: "is" with 'int' literal. Did you mean "=="?
<probe:cmp.is_.whole.int.base_42.sequence.list.base.direct>:1: SyntaxWarning: "is" with 'int' literal. Did you mean "=="?
<probe:cmp.is_.whole.int.base_42.keyed.dict.flat.direct>:1: SyntaxWarning: "is" with 'int' literal. Did you mean "=="?
<probe:cmp.is_.fractional.float.base_1_5.nothing.NoneType.null.direct>:1: SyntaxWarning: "is" with 'float' literal. Did you mean "=="?
<probe:cmp.is_.fractional.float.base_1_5.truth.bool.true.direct>:1: SyntaxWarning: "is" with 'float' literal. Did you mean "=="?
<probe:cmp.is_.fractional.float.base_1_5.whole.int.base_42.direct>:1: SyntaxWarning: "is" with 'float' literal. Did you mean "=="?
<probe:cmp.is_.fractional.float.base_1_5.text.str.base_hello.direct>:1: SyntaxWarning: "is" with 'float' literal. Did you mean "=="?
<probe:cmp.is_.fractional.float.base_1_5.sequence.list.base.direct>:1: SyntaxWarning: "is" with 'float' literal. Did you mean "=="?
<probe:cmp.is_.fractional.float.base_1_5.keyed.dict.flat.direct>:1: SyntaxWarning: "is" with 'float' literal. Did you mean "=="?
<probe:cmp.is_.text.str.base_hello.nothing.NoneType.null.direct>:1: SyntaxWarning: "is" with 'str' literal. Did you mean "=="?
<probe:cmp.is_.text.str.base_hello.truth.bool.true.direct>:1: SyntaxWarning: "is" with 'str' literal. Did you mean "=="?
<probe:cmp.is_.text.str.base_hello.whole.int.base_42.direct>:1: SyntaxWarning: "is" with 'str' literal. Did you mean "=="?
<probe:cmp.is_.text.str.base_hello.fractional.float.base_1_5.direct>:1: SyntaxWarning: "is" with 'str' literal. Did you mean "=="?
<probe:cmp.is_.text.str.base_hello.sequence.list.base.direct>:1: SyntaxWarning: "is" with 'str' literal. Did you mean "=="?
<probe:cmp.is_.text.str.base_hello.keyed.dict.flat.direct>:1: SyntaxWarning: "is" with 'str' literal. Did you mean "=="?
<probe:cmp.is_.sequence.list.base.whole.int.base_42.direct>:1: SyntaxWarning: "is" with 'int' literal. Did you mean "=="?
<probe:cmp.is_.sequence.list.base.fractional.float.base_1_5.direct>:1: SyntaxWarning: "is" with 'float' literal. Did you mean "=="?
<probe:cmp.is_.sequence.list.base.text.str.base_hello.direct>:1: SyntaxWarning: "is" with 'str' literal. Did you mean "=="?
<probe:cmp.is_.keyed.dict.flat.whole.int.base_42.direct>:1: SyntaxWarning: "is" with 'int' literal. Did you mean "=="?
<probe:cmp.is_.keyed.dict.flat.fractional.float.base_1_5.direct>:1: SyntaxWarning: "is" with 'float' literal. Did you mean "=="?
<probe:cmp.is_.keyed.dict.flat.text.str.base_hello.direct>:1: SyntaxWarning: "is" with 'str' literal. Did you mean "=="?
<probe:cmp.is_.truth.bool.false.whole.int.base_42.direct>:1: SyntaxWarning: "is" with 'int' literal. Did you mean "=="?
<probe:cmp.is_.whole.int.base_42.truth.bool.false.direct>:1: SyntaxWarning: "is" with 'int' literal. Did you mean "=="?
<probe:cmp.is_.whole.int.base_zero.whole.int.base_zero.direct>:1: SyntaxWarning: "is" with 'int' literal. Did you mean "=="?
<probe:cmp.is_.whole.int.base_zero.whole.int.base_42.direct>:1: SyntaxWarning: "is" with 'int' literal. Did you mean "=="?
<probe:cmp.is_.whole.int.base_42.whole.int.base_zero.direct>:1: SyntaxWarning: "is" with 'int' literal. Did you mean "=="?
<probe:cmp.is_.whole.int.i64max.whole.int.i64max.direct>:1: SyntaxWarning: "is" with 'int' literal. Did you mean "=="?
<probe:cmp.is_.whole.int.i64max.whole.int.base_42.direct>:1: SyntaxWarning: "is" with 'int' literal. Did you mean "=="?
<probe:cmp.is_.whole.int.base_42.whole.int.i64max.direct>:1: SyntaxWarning: "is" with 'int' literal. Did you mean "=="?
<probe:cmp.is_.whole.int.i64max_plus1.whole.int.i64max_plus1.direct>:1: SyntaxWarning: "is" with 'int' literal. Did you mean "=="?
<probe:cmp.is_.whole.int.i64max_plus1.whole.int.base_42.direct>:1: SyntaxWarning: "is" with 'int' literal. Did you mean "=="?
<probe:cmp.is_.whole.int.base_42.whole.int.i64max_plus1.direct>:1: SyntaxWarning: "is" with 'int' literal. Did you mean "=="?
<probe:cmp.is_.whole.int.p53_plus1.whole.int.p53_plus1.direct>:1: SyntaxWarning: "is" with 'int' literal. Did you mean "=="?
<probe:cmp.is_.whole.int.p53_plus1.whole.int.base_42.direct>:1: SyntaxWarning: "is" with 'int' literal. Did you mean "=="?
<probe:cmp.is_.whole.int.base_42.whole.int.p53_plus1.direct>:1: SyntaxWarning: "is" with 'int' literal. Did you mean "=="?
<probe:cmp.is_.whole.int.u64max.whole.int.u64max.direct>:1: SyntaxWarning: "is" with 'int' literal. Did you mean "=="?
<probe:cmp.is_.whole.int.u64max.whole.int.base_42.direct>:1: SyntaxWarning: "is" with 'int' literal. Did you mean "=="?
<probe:cmp.is_.whole.int.base_42.whole.int.u64max.direct>:1: SyntaxWarning: "is" with 'int' literal. Did you mean "=="?
<probe:cmp.is_.fractional.float.base_pi.fractional.float.base_pi.direct>:1: SyntaxWarning: "is" with 'float' literal. Did you mean "=="?
<probe:cmp.is_.fractional.float.base_pi.whole.int.base_42.direct>:1: SyntaxWarning: "is" with 'float' literal. Did you mean "=="?
<probe:cmp.is_.whole.int.base_42.fractional.float.base_pi.direct>:1: SyntaxWarning: "is" with 'int' literal. Did you mean "=="?
<probe:cmp.is_.fractional.float.negzero.fractional.float.negzero.direct>:1: SyntaxWarning: "is" with 'float' literal. Did you mean "=="?
<probe:cmp.is_.fractional.float.negzero.whole.int.base_42.direct>:1: SyntaxWarning: "is" with 'float' literal. Did you mean "=="?
<probe:cmp.is_.whole.int.base_42.fractional.float.negzero.direct>:1: SyntaxWarning: "is" with 'int' literal. Did you mean "=="?
<probe:cmp.is_.fractional.float.point1.fractional.float.point1.direct>:1: SyntaxWarning: "is" with 'float' literal. Did you mean "=="?
<probe:cmp.is_.fractional.float.point1.whole.int.base_42.direct>:1: SyntaxWarning: "is" with 'float' literal. Did you mean "=="?
<probe:cmp.is_.whole.int.base_42.fractional.float.point1.direct>:1: SyntaxWarning: "is" with 'int' literal. Did you mean "=="?
<probe:cmp.is_.text.str.base_empty.text.str.base_empty.direct>:1: SyntaxWarning: "is" with 'str' literal. Did you mean "=="?
<probe:cmp.is_.text.str.base_empty.whole.int.base_42.direct>:1: SyntaxWarning: "is" with 'str' literal. Did you mean "=="?
<probe:cmp.is_.whole.int.base_42.text.str.base_empty.direct>:1: SyntaxWarning: "is" with 'int' literal. Did you mean "=="?
<probe:cmp.is_.text.str.base_lines.text.str.base_lines.direct>:1: SyntaxWarning: "is" with 'str' literal. Did you mean "=="?
<probe:cmp.is_.text.str.base_lines.whole.int.base_42.direct>:1: SyntaxWarning: "is" with 'str' literal. Did you mean "=="?
<probe:cmp.is_.whole.int.base_42.text.str.base_lines.direct>:1: SyntaxWarning: "is" with 'int' literal. Did you mean "=="?
<probe:cmp.is_.text.str.eacute.text.str.eacute.direct>:1: SyntaxWarning: "is" with 'str' literal. Did you mean "=="?
<probe:cmp.is_.text.str.eacute.whole.int.base_42.direct>:1: SyntaxWarning: "is" with 'str' literal. Did you mean "=="?
<probe:cmp.is_.whole.int.base_42.text.str.eacute.direct>:1: SyntaxWarning: "is" with 'int' literal. Did you mean "=="?
<probe:cmp.is_.text.str.clef.text.str.clef.direct>:1: SyntaxWarning: "is" with 'str' literal. Did you mean "=="?
<probe:cmp.is_.text.str.clef.whole.int.base_42.direct>:1: SyntaxWarning: "is" with 'str' literal. Did you mean "=="?
<probe:cmp.is_.whole.int.base_42.text.str.clef.direct>:1: SyntaxWarning: "is" with 'int' literal. Did you mean "=="?
<probe:cmp.is_.text.str.escapes.text.str.escapes.direct>:1: SyntaxWarning: "is" with 'str' literal. Did you mean "=="?
<probe:cmp.is_.text.str.escapes.whole.int.base_42.direct>:1: SyntaxWarning: "is" with 'str' literal. Did you mean "=="?
<probe:cmp.is_.whole.int.base_42.text.str.escapes.direct>:1: SyntaxWarning: "is" with 'int' literal. Did you mean "=="?
<probe:cmp.is_.sequence.list.empty.whole.int.base_42.direct>:1: SyntaxWarning: "is" with 'int' literal. Did you mean "=="?
<probe:cmp.is_.whole.int.base_42.sequence.list.empty.direct>:1: SyntaxWarning: "is" with 'int' literal. Did you mean "=="?
<probe:cmp.is_.sequence.list.strs.whole.int.base_42.direct>:1: SyntaxWarning: "is" with 'int' literal. Did you mean "=="?
<probe:cmp.is_.whole.int.base_42.sequence.list.strs.direct>:1: SyntaxWarning: "is" with 'int' literal. Did you mean "=="?
<probe:cmp.is_.sequence.list.mixed.whole.int.base_42.direct>:1: SyntaxWarning: "is" with 'int' literal. Did you mean "=="?
<probe:cmp.is_.whole.int.base_42.sequence.list.mixed.direct>:1: SyntaxWarning: "is" with 'int' literal. Did you mean "=="?
<probe:cmp.is_.sequence.list.bigint.whole.int.base_42.direct>:1: SyntaxWarning: "is" with 'int' literal. Did you mean "=="?
<probe:cmp.is_.whole.int.base_42.sequence.list.bigint.direct>:1: SyntaxWarning: "is" with 'int' literal. Did you mean "=="?
<probe:cmp.is_.keyed.dict.empty.whole.int.base_42.direct>:1: SyntaxWarning: "is" with 'int' literal. Did you mean "=="?
<probe:cmp.is_.whole.int.base_42.keyed.dict.empty.direct>:1: SyntaxWarning: "is" with 'int' literal. Did you mean "=="?
<probe:cmp.is_.keyed.dict.intlike.whole.int.base_42.direct>:1: SyntaxWarning: "is" with 'int' literal. Did you mean "=="?
<probe:cmp.is_.whole.int.base_42.keyed.dict.intlike.direct>:1: SyntaxWarning: "is" with 'int' literal. Did you mean "=="?
<probe:cmp.is_.keyed.dict.emptykey.whole.int.base_42.direct>:1: SyntaxWarning: "is" with 'int' literal. Did you mean "=="?
<probe:cmp.is_.whole.int.base_42.keyed.dict.emptykey.direct>:1: SyntaxWarning: "is" with 'int' literal. Did you mean "=="?
<probe:cmp.is_.keyed.dict.nested.whole.int.base_42.direct>:1: SyntaxWarning: "is" with 'int' literal. Did you mean "=="?
<probe:cmp.is_.whole.int.base_42.keyed.dict.nested.direct>:1: SyntaxWarning: "is" with 'int' literal. Did you mean "=="?
<probe:cmp.is_not.fractional.float.base_1_5.fractional.float.base_1_5.direct>:1: SyntaxWarning: "is not" with 'float' literal. Did you mean "!="?
<probe:cmp.is_not.nesting.tuple.seq_in_seq.nesting.tuple.seq_in_seq.direct>:1: SyntaxWarning: "is not" with 'tuple' literal. Did you mean "!="?
<probe:cmp.is_not.sequence.tuple.base.sequence.tuple.base.direct>:1: SyntaxWarning: "is not" with 'tuple' literal. Did you mean "!="?
<probe:cmp.is_not.text.str.base_hello.text.str.base_hello.direct>:1: SyntaxWarning: "is not" with 'str' literal. Did you mean "!="?
<probe:cmp.is_not.whole.int.base_42.whole.int.base_42.direct>:1: SyntaxWarning: "is not" with 'int' literal. Did you mean "!="?
<probe:cmp.is_not.nesting.list.seq_in_seq.nesting.tuple.seq_in_seq.direct>:1: SyntaxWarning: "is not" with 'tuple' literal. Did you mean "!="?
<probe:cmp.is_not.nesting.dict.seq_in_seq.nesting.tuple.seq_in_seq.direct>:1: SyntaxWarning: "is not" with 'tuple' literal. Did you mean "!="?
<probe:cmp.is_not.nesting.tuple.seq_in_seq.nesting.list.seq_in_seq.direct>:1: SyntaxWarning: "is not" with 'tuple' literal. Did you mean "!="?
<probe:cmp.is_not.nesting.tuple.seq_in_seq.nesting.dict.seq_in_seq.direct>:1: SyntaxWarning: "is not" with 'tuple' literal. Did you mean "!="?
<probe:cmp.is_not.sequence.list.base.sequence.tuple.base.direct>:1: SyntaxWarning: "is not" with 'tuple' literal. Did you mean "!="?
<probe:cmp.is_not.sequence.tuple.base.sequence.list.base.direct>:1: SyntaxWarning: "is not" with 'tuple' literal. Did you mean "!="?
<probe:cmp.is_not.nothing.NoneType.null.whole.int.base_42.direct>:1: SyntaxWarning: "is not" with 'int' literal. Did you mean "!="?
<probe:cmp.is_not.nothing.NoneType.null.fractional.float.base_1_5.direct>:1: SyntaxWarning: "is not" with 'float' literal. Did you mean "!="?
<probe:cmp.is_not.nothing.NoneType.null.text.str.base_hello.direct>:1: SyntaxWarning: "is not" with 'str' literal. Did you mean "!="?
<probe:cmp.is_not.truth.bool.true.whole.int.base_42.direct>:1: SyntaxWarning: "is not" with 'int' literal. Did you mean "!="?
<probe:cmp.is_not.truth.bool.true.fractional.float.base_1_5.direct>:1: SyntaxWarning: "is not" with 'float' literal. Did you mean "!="?
<probe:cmp.is_not.truth.bool.true.text.str.base_hello.direct>:1: SyntaxWarning: "is not" with 'str' literal. Did you mean "!="?
<probe:cmp.is_not.whole.int.base_42.nothing.NoneType.null.direct>:1: SyntaxWarning: "is not" with 'int' literal. Did you mean "!="?
<probe:cmp.is_not.whole.int.base_42.truth.bool.true.direct>:1: SyntaxWarning: "is not" with 'int' literal. Did you mean "!="?
<probe:cmp.is_not.whole.int.base_42.fractional.float.base_1_5.direct>:1: SyntaxWarning: "is not" with 'int' literal. Did you mean "!="?
<probe:cmp.is_not.whole.int.base_42.text.str.base_hello.direct>:1: SyntaxWarning: "is not" with 'int' literal. Did you mean "!="?
<probe:cmp.is_not.whole.int.base_42.sequence.list.base.direct>:1: SyntaxWarning: "is not" with 'int' literal. Did you mean "!="?
<probe:cmp.is_not.whole.int.base_42.keyed.dict.flat.direct>:1: SyntaxWarning: "is not" with 'int' literal. Did you mean "!="?
<probe:cmp.is_not.fractional.float.base_1_5.nothing.NoneType.null.direct>:1: SyntaxWarning: "is not" with 'float' literal. Did you mean "!="?
<probe:cmp.is_not.fractional.float.base_1_5.truth.bool.true.direct>:1: SyntaxWarning: "is not" with 'float' literal. Did you mean "!="?
<probe:cmp.is_not.fractional.float.base_1_5.whole.int.base_42.direct>:1: SyntaxWarning: "is not" with 'float' literal. Did you mean "!="?
<probe:cmp.is_not.fractional.float.base_1_5.text.str.base_hello.direct>:1: SyntaxWarning: "is not" with 'float' literal. Did you mean "!="?
<probe:cmp.is_not.fractional.float.base_1_5.sequence.list.base.direct>:1: SyntaxWarning: "is not" with 'float' literal. Did you mean "!="?
<probe:cmp.is_not.fractional.float.base_1_5.keyed.dict.flat.direct>:1: SyntaxWarning: "is not" with 'float' literal. Did you mean "!="?
<probe:cmp.is_not.text.str.base_hello.nothing.NoneType.null.direct>:1: SyntaxWarning: "is not" with 'str' literal. Did you mean "!="?
<probe:cmp.is_not.text.str.base_hello.truth.bool.true.direct>:1: SyntaxWarning: "is not" with 'str' literal. Did you mean "!="?
<probe:cmp.is_not.text.str.base_hello.whole.int.base_42.direct>:1: SyntaxWarning: "is not" with 'str' literal. Did you mean "!="?
<probe:cmp.is_not.text.str.base_hello.fractional.float.base_1_5.direct>:1: SyntaxWarning: "is not" with 'str' literal. Did you mean "!="?
<probe:cmp.is_not.text.str.base_hello.sequence.list.base.direct>:1: SyntaxWarning: "is not" with 'str' literal. Did you mean "!="?
<probe:cmp.is_not.text.str.base_hello.keyed.dict.flat.direct>:1: SyntaxWarning: "is not" with 'str' literal. Did you mean "!="?
<probe:cmp.is_not.sequence.list.base.whole.int.base_42.direct>:1: SyntaxWarning: "is not" with 'int' literal. Did you mean "!="?
<probe:cmp.is_not.sequence.list.base.fractional.float.base_1_5.direct>:1: SyntaxWarning: "is not" with 'float' literal. Did you mean "!="?
<probe:cmp.is_not.sequence.list.base.text.str.base_hello.direct>:1: SyntaxWarning: "is not" with 'str' literal. Did you mean "!="?
<probe:cmp.is_not.keyed.dict.flat.whole.int.base_42.direct>:1: SyntaxWarning: "is not" with 'int' literal. Did you mean "!="?
<probe:cmp.is_not.keyed.dict.flat.fractional.float.base_1_5.direct>:1: SyntaxWarning: "is not" with 'float' literal. Did you mean "!="?
<probe:cmp.is_not.keyed.dict.flat.text.str.base_hello.direct>:1: SyntaxWarning: "is not" with 'str' literal. Did you mean "!="?
<probe:cmp.is_not.truth.bool.false.whole.int.base_42.direct>:1: SyntaxWarning: "is not" with 'int' literal. Did you mean "!="?
<probe:cmp.is_not.whole.int.base_42.truth.bool.false.direct>:1: SyntaxWarning: "is not" with 'int' literal. Did you mean "!="?
<probe:cmp.is_not.whole.int.base_zero.whole.int.base_zero.direct>:1: SyntaxWarning: "is not" with 'int' literal. Did you mean "!="?
<probe:cmp.is_not.whole.int.base_zero.whole.int.base_42.direct>:1: SyntaxWarning: "is not" with 'int' literal. Did you mean "!="?
<probe:cmp.is_not.whole.int.base_42.whole.int.base_zero.direct>:1: SyntaxWarning: "is not" with 'int' literal. Did you mean "!="?
<probe:cmp.is_not.whole.int.i64max.whole.int.i64max.direct>:1: SyntaxWarning: "is not" with 'int' literal. Did you mean "!="?
<probe:cmp.is_not.whole.int.i64max.whole.int.base_42.direct>:1: SyntaxWarning: "is not" with 'int' literal. Did you mean "!="?
<probe:cmp.is_not.whole.int.base_42.whole.int.i64max.direct>:1: SyntaxWarning: "is not" with 'int' literal. Did you mean "!="?
<probe:cmp.is_not.whole.int.i64max_plus1.whole.int.i64max_plus1.direct>:1: SyntaxWarning: "is not" with 'int' literal. Did you mean "!="?
<probe:cmp.is_not.whole.int.i64max_plus1.whole.int.base_42.direct>:1: SyntaxWarning: "is not" with 'int' literal. Did you mean "!="?
<probe:cmp.is_not.whole.int.base_42.whole.int.i64max_plus1.direct>:1: SyntaxWarning: "is not" with 'int' literal. Did you mean "!="?
<probe:cmp.is_not.whole.int.p53_plus1.whole.int.p53_plus1.direct>:1: SyntaxWarning: "is not" with 'int' literal. Did you mean "!="?
<probe:cmp.is_not.whole.int.p53_plus1.whole.int.base_42.direct>:1: SyntaxWarning: "is not" with 'int' literal. Did you mean "!="?
<probe:cmp.is_not.whole.int.base_42.whole.int.p53_plus1.direct>:1: SyntaxWarning: "is not" with 'int' literal. Did you mean "!="?
<probe:cmp.is_not.whole.int.u64max.whole.int.u64max.direct>:1: SyntaxWarning: "is not" with 'int' literal. Did you mean "!="?
<probe:cmp.is_not.whole.int.u64max.whole.int.base_42.direct>:1: SyntaxWarning: "is not" with 'int' literal. Did you mean "!="?
<probe:cmp.is_not.whole.int.base_42.whole.int.u64max.direct>:1: SyntaxWarning: "is not" with 'int' literal. Did you mean "!="?
<probe:cmp.is_not.fractional.float.base_pi.fractional.float.base_pi.direct>:1: SyntaxWarning: "is not" with 'float' literal. Did you mean "!="?
<probe:cmp.is_not.fractional.float.base_pi.whole.int.base_42.direct>:1: SyntaxWarning: "is not" with 'float' literal. Did you mean "!="?
<probe:cmp.is_not.whole.int.base_42.fractional.float.base_pi.direct>:1: SyntaxWarning: "is not" with 'int' literal. Did you mean "!="?
<probe:cmp.is_not.fractional.float.negzero.fractional.float.negzero.direct>:1: SyntaxWarning: "is not" with 'float' literal. Did you mean "!="?
<probe:cmp.is_not.fractional.float.negzero.whole.int.base_42.direct>:1: SyntaxWarning: "is not" with 'float' literal. Did you mean "!="?
<probe:cmp.is_not.whole.int.base_42.fractional.float.negzero.direct>:1: SyntaxWarning: "is not" with 'int' literal. Did you mean "!="?
<probe:cmp.is_not.fractional.float.point1.fractional.float.point1.direct>:1: SyntaxWarning: "is not" with 'float' literal. Did you mean "!="?
<probe:cmp.is_not.fractional.float.point1.whole.int.base_42.direct>:1: SyntaxWarning: "is not" with 'float' literal. Did you mean "!="?
<probe:cmp.is_not.whole.int.base_42.fractional.float.point1.direct>:1: SyntaxWarning: "is not" with 'int' literal. Did you mean "!="?
<probe:cmp.is_not.text.str.base_empty.text.str.base_empty.direct>:1: SyntaxWarning: "is not" with 'str' literal. Did you mean "!="?
<probe:cmp.is_not.text.str.base_empty.whole.int.base_42.direct>:1: SyntaxWarning: "is not" with 'str' literal. Did you mean "!="?
<probe:cmp.is_not.whole.int.base_42.text.str.base_empty.direct>:1: SyntaxWarning: "is not" with 'int' literal. Did you mean "!="?
<probe:cmp.is_not.text.str.base_lines.text.str.base_lines.direct>:1: SyntaxWarning: "is not" with 'str' literal. Did you mean "!="?
<probe:cmp.is_not.text.str.base_lines.whole.int.base_42.direct>:1: SyntaxWarning: "is not" with 'str' literal. Did you mean "!="?
<probe:cmp.is_not.whole.int.base_42.text.str.base_lines.direct>:1: SyntaxWarning: "is not" with 'int' literal. Did you mean "!="?
<probe:cmp.is_not.text.str.eacute.text.str.eacute.direct>:1: SyntaxWarning: "is not" with 'str' literal. Did you mean "!="?
<probe:cmp.is_not.text.str.eacute.whole.int.base_42.direct>:1: SyntaxWarning: "is not" with 'str' literal. Did you mean "!="?
<probe:cmp.is_not.whole.int.base_42.text.str.eacute.direct>:1: SyntaxWarning: "is not" with 'int' literal. Did you mean "!="?
<probe:cmp.is_not.text.str.clef.text.str.clef.direct>:1: SyntaxWarning: "is not" with 'str' literal. Did you mean "!="?
<probe:cmp.is_not.text.str.clef.whole.int.base_42.direct>:1: SyntaxWarning: "is not" with 'str' literal. Did you mean "!="?
<probe:cmp.is_not.whole.int.base_42.text.str.clef.direct>:1: SyntaxWarning: "is not" with 'int' literal. Did you mean "!="?
<probe:cmp.is_not.text.str.escapes.text.str.escapes.direct>:1: SyntaxWarning: "is not" with 'str' literal. Did you mean "!="?
<probe:cmp.is_not.text.str.escapes.whole.int.base_42.direct>:1: SyntaxWarning: "is not" with 'str' literal. Did you mean "!="?
<probe:cmp.is_not.whole.int.base_42.text.str.escapes.direct>:1: SyntaxWarning: "is not" with 'int' literal. Did you mean "!="?
<probe:cmp.is_not.sequence.list.empty.whole.int.base_42.direct>:1: SyntaxWarning: "is not" with 'int' literal. Did you mean "!="?
<probe:cmp.is_not.whole.int.base_42.sequence.list.empty.direct>:1: SyntaxWarning: "is not" with 'int' literal. Did you mean "!="?
<probe:cmp.is_not.sequence.list.strs.whole.int.base_42.direct>:1: SyntaxWarning: "is not" with 'int' literal. Did you mean "!="?
<probe:cmp.is_not.whole.int.base_42.sequence.list.strs.direct>:1: SyntaxWarning: "is not" with 'int' literal. Did you mean "!="?
<probe:cmp.is_not.sequence.list.mixed.whole.int.base_42.direct>:1: SyntaxWarning: "is not" with 'int' literal. Did you mean "!="?
<probe:cmp.is_not.whole.int.base_42.sequence.list.mixed.direct>:1: SyntaxWarning: "is not" with 'int' literal. Did you mean "!="?
<probe:cmp.is_not.sequence.list.bigint.whole.int.base_42.direct>:1: SyntaxWarning: "is not" with 'int' literal. Did you mean "!="?
<probe:cmp.is_not.whole.int.base_42.sequence.list.bigint.direct>:1: SyntaxWarning: "is not" with 'int' literal. Did you mean "!="?
<probe:cmp.is_not.keyed.dict.empty.whole.int.base_42.direct>:1: SyntaxWarning: "is not" with 'int' literal. Did you mean "!="?
<probe:cmp.is_not.whole.int.base_42.keyed.dict.empty.direct>:1: SyntaxWarning: "is not" with 'int' literal. Did you mean "!="?
<probe:cmp.is_not.keyed.dict.intlike.whole.int.base_42.direct>:1: SyntaxWarning: "is not" with 'int' literal. Did you mean "!="?
<probe:cmp.is_not.whole.int.base_42.keyed.dict.intlike.direct>:1: SyntaxWarning: "is not" with 'int' literal. Did you mean "!="?
<probe:cmp.is_not.keyed.dict.emptykey.whole.int.base_42.direct>:1: SyntaxWarning: "is not" with 'int' literal. Did you mean "!="?
<probe:cmp.is_not.whole.int.base_42.keyed.dict.emptykey.direct>:1: SyntaxWarning: "is not" with 'int' literal. Did you mean "!="?
<probe:cmp.is_not.keyed.dict.nested.whole.int.base_42.direct>:1: SyntaxWarning: "is not" with 'int' literal. Did you mean "!="?
<probe:cmp.is_not.whole.int.base_42.keyed.dict.nested.direct>:1: SyntaxWarning: "is not" with 'int' literal. Did you mean "!="?
/work/l3_python/driver.py:52: DeprecationWarning: Bitwise inversion '~' on bool is deprecated and will be removed in Python 3.16. This returns the bitwise inversion of the underlying int object and is usually not what you expect from negating a bool. Use the 'not' operator for boolean negation or ~int(x) if you really want the bitwise inversion of the underlying int.
  codes[pid] = compile(probe["src"], "<probe:" + pid + ">", "exec")
<probe:idx.i0.nothing.NoneType.null.direct>:1: SyntaxWarning: 'NoneType' object is not subscriptable; perhaps you missed a comma?
<probe:idx.i1.nothing.NoneType.null.direct>:1: SyntaxWarning: 'NoneType' object is not subscriptable; perhaps you missed a comma?
<probe:idx.ineg.nothing.NoneType.null.direct>:1: SyntaxWarning: 'NoneType' object is not subscriptable; perhaps you missed a comma?
<probe:idx.ibig.nothing.NoneType.null.direct>:1: SyntaxWarning: 'NoneType' object is not subscriptable; perhaps you missed a comma?
<probe:idx.key_a.nothing.NoneType.null.direct>:1: SyntaxWarning: 'NoneType' object is not subscriptable; perhaps you missed a comma?
<probe:idx.key_absent.nothing.NoneType.null.direct>:1: SyntaxWarning: 'NoneType' object is not subscriptable; perhaps you missed a comma?
<probe:idx.ifloat.nothing.NoneType.null.direct>:1: SyntaxWarning: 'NoneType' object is not subscriptable; perhaps you missed a comma?
<probe:idx.itrue.nothing.NoneType.null.direct>:1: SyntaxWarning: 'NoneType' object is not subscriptable; perhaps you missed a comma?
<probe:idx.inone.nothing.NoneType.null.direct>:1: SyntaxWarning: 'NoneType' object is not subscriptable; perhaps you missed a comma?
<probe:idx.ikeytuple.nothing.NoneType.null.direct>:1: SyntaxWarning: 'NoneType' object is not subscriptable; perhaps you missed a comma?
<probe:slice.s02.nothing.NoneType.null.direct>:1: SyntaxWarning: 'NoneType' object is not subscriptable; perhaps you missed a comma?
<probe:slice.sall.nothing.NoneType.null.direct>:1: SyntaxWarning: 'NoneType' object is not subscriptable; perhaps you missed a comma?
<probe:slice.srev.nothing.NoneType.null.direct>:1: SyntaxWarning: 'NoneType' object is not subscriptable; perhaps you missed a comma?
<probe:slice.sstep2.nothing.NoneType.null.direct>:1: SyntaxWarning: 'NoneType' object is not subscriptable; perhaps you missed a comma?
<probe:slice.soob.nothing.NoneType.null.direct>:1: SyntaxWarning: 'NoneType' object is not subscriptable; perhaps you missed a comma?
<probe:slice.sfloat.nothing.NoneType.null.direct>:1: SyntaxWarning: 'NoneType' object is not subscriptable; perhaps you missed a comma?
<probe:idx.i0.truth.bool.true.direct>:1: SyntaxWarning: 'bool' object is not subscriptable; perhaps you missed a comma?
<probe:idx.i1.truth.bool.true.direct>:1: SyntaxWarning: 'bool' object is not subscriptable; perhaps you missed a comma?
<probe:idx.ineg.truth.bool.true.direct>:1: SyntaxWarning: 'bool' object is not subscriptable; perhaps you missed a comma?
<probe:idx.ibig.truth.bool.true.direct>:1: SyntaxWarning: 'bool' object is not subscriptable; perhaps you missed a comma?
<probe:idx.key_a.truth.bool.true.direct>:1: SyntaxWarning: 'bool' object is not subscriptable; perhaps you missed a comma?
<probe:idx.key_absent.truth.bool.true.direct>:1: SyntaxWarning: 'bool' object is not subscriptable; perhaps you missed a comma?
<probe:idx.ifloat.truth.bool.true.direct>:1: SyntaxWarning: 'bool' object is not subscriptable; perhaps you missed a comma?
<probe:idx.itrue.truth.bool.true.direct>:1: SyntaxWarning: 'bool' object is not subscriptable; perhaps you missed a comma?
<probe:idx.inone.truth.bool.true.direct>:1: SyntaxWarning: 'bool' object is not subscriptable; perhaps you missed a comma?
<probe:idx.ikeytuple.truth.bool.true.direct>:1: SyntaxWarning: 'bool' object is not subscriptable; perhaps you missed a comma?
<probe:slice.s02.truth.bool.true.direct>:1: SyntaxWarning: 'bool' object is not subscriptable; perhaps you missed a comma?
<probe:slice.sall.truth.bool.true.direct>:1: SyntaxWarning: 'bool' object is not subscriptable; perhaps you missed a comma?
<probe:slice.srev.truth.bool.true.direct>:1: SyntaxWarning: 'bool' object is not subscriptable; perhaps you missed a comma?
<probe:slice.sstep2.truth.bool.true.direct>:1: SyntaxWarning: 'bool' object is not subscriptable; perhaps you missed a comma?
<probe:slice.soob.truth.bool.true.direct>:1: SyntaxWarning: 'bool' object is not subscriptable; perhaps you missed a comma?
<probe:slice.sfloat.truth.bool.true.direct>:1: SyntaxWarning: 'bool' object is not subscriptable; perhaps you missed a comma?
<probe:idx.i0.truth.bool.false.direct>:1: SyntaxWarning: 'bool' object is not subscriptable; perhaps you missed a comma?
<probe:idx.i1.truth.bool.false.direct>:1: SyntaxWarning: 'bool' object is not subscriptable; perhaps you missed a comma?
<probe:idx.ineg.truth.bool.false.direct>:1: SyntaxWarning: 'bool' object is not subscriptable; perhaps you missed a comma?
<probe:idx.ibig.truth.bool.false.direct>:1: SyntaxWarning: 'bool' object is not subscriptable; perhaps you missed a comma?
<probe:idx.key_a.truth.bool.false.direct>:1: SyntaxWarning: 'bool' object is not subscriptable; perhaps you missed a comma?
<probe:idx.key_absent.truth.bool.false.direct>:1: SyntaxWarning: 'bool' object is not subscriptable; perhaps you missed a comma?
<probe:idx.ifloat.truth.bool.false.direct>:1: SyntaxWarning: 'bool' object is not subscriptable; perhaps you missed a comma?
<probe:idx.itrue.truth.bool.false.direct>:1: SyntaxWarning: 'bool' object is not subscriptable; perhaps you missed a comma?
<probe:idx.inone.truth.bool.false.direct>:1: SyntaxWarning: 'bool' object is not subscriptable; perhaps you missed a comma?
<probe:idx.ikeytuple.truth.bool.false.direct>:1: SyntaxWarning: 'bool' object is not subscriptable; perhaps you missed a comma?
<probe:slice.s02.truth.bool.false.direct>:1: SyntaxWarning: 'bool' object is not subscriptable; perhaps you missed a comma?
<probe:slice.sall.truth.bool.false.direct>:1: SyntaxWarning: 'bool' object is not subscriptable; perhaps you missed a comma?
<probe:slice.srev.truth.bool.false.direct>:1: SyntaxWarning: 'bool' object is not subscriptable; perhaps you missed a comma?
<probe:slice.sstep2.truth.bool.false.direct>:1: SyntaxWarning: 'bool' object is not subscriptable; perhaps you missed a comma?
<probe:slice.soob.truth.bool.false.direct>:1: SyntaxWarning: 'bool' object is not subscriptable; perhaps you missed a comma?
<probe:slice.sfloat.truth.bool.false.direct>:1: SyntaxWarning: 'bool' object is not subscriptable; perhaps you missed a comma?
<probe:idx.i0.whole.int.base_zero.direct>:1: SyntaxWarning: 'int' object is not subscriptable; perhaps you missed a comma?
<probe:idx.i1.whole.int.base_zero.direct>:1: SyntaxWarning: 'int' object is not subscriptable; perhaps you missed a comma?
<probe:idx.ineg.whole.int.base_zero.direct>:1: SyntaxWarning: 'int' object is not subscriptable; perhaps you missed a comma?
<probe:idx.ibig.whole.int.base_zero.direct>:1: SyntaxWarning: 'int' object is not subscriptable; perhaps you missed a comma?
<probe:idx.key_a.whole.int.base_zero.direct>:1: SyntaxWarning: 'int' object is not subscriptable; perhaps you missed a comma?
<probe:idx.key_absent.whole.int.base_zero.direct>:1: SyntaxWarning: 'int' object is not subscriptable; perhaps you missed a comma?
<probe:idx.ifloat.whole.int.base_zero.direct>:1: SyntaxWarning: 'int' object is not subscriptable; perhaps you missed a comma?
<probe:idx.itrue.whole.int.base_zero.direct>:1: SyntaxWarning: 'int' object is not subscriptable; perhaps you missed a comma?
<probe:idx.inone.whole.int.base_zero.direct>:1: SyntaxWarning: 'int' object is not subscriptable; perhaps you missed a comma?
<probe:idx.ikeytuple.whole.int.base_zero.direct>:1: SyntaxWarning: 'int' object is not subscriptable; perhaps you missed a comma?
<probe:slice.s02.whole.int.base_zero.direct>:1: SyntaxWarning: 'int' object is not subscriptable; perhaps you missed a comma?
<probe:slice.sall.whole.int.base_zero.direct>:1: SyntaxWarning: 'int' object is not subscriptable; perhaps you missed a comma?
<probe:slice.srev.whole.int.base_zero.direct>:1: SyntaxWarning: 'int' object is not subscriptable; perhaps you missed a comma?
<probe:slice.sstep2.whole.int.base_zero.direct>:1: SyntaxWarning: 'int' object is not subscriptable; perhaps you missed a comma?
<probe:slice.soob.whole.int.base_zero.direct>:1: SyntaxWarning: 'int' object is not subscriptable; perhaps you missed a comma?
<probe:slice.sfloat.whole.int.base_zero.direct>:1: SyntaxWarning: 'int' object is not subscriptable; perhaps you missed a comma?
<probe:idx.i0.whole.int.base_42.direct>:1: SyntaxWarning: 'int' object is not subscriptable; perhaps you missed a comma?
<probe:idx.i1.whole.int.base_42.direct>:1: SyntaxWarning: 'int' object is not subscriptable; perhaps you missed a comma?
<probe:idx.ineg.whole.int.base_42.direct>:1: SyntaxWarning: 'int' object is not subscriptable; perhaps you missed a comma?
<probe:idx.ibig.whole.int.base_42.direct>:1: SyntaxWarning: 'int' object is not subscriptable; perhaps you missed a comma?
<probe:idx.key_a.whole.int.base_42.direct>:1: SyntaxWarning: 'int' object is not subscriptable; perhaps you missed a comma?
<probe:idx.key_absent.whole.int.base_42.direct>:1: SyntaxWarning: 'int' object is not subscriptable; perhaps you missed a comma?
<probe:idx.ifloat.whole.int.base_42.direct>:1: SyntaxWarning: 'int' object is not subscriptable; perhaps you missed a comma?
<probe:idx.itrue.whole.int.base_42.direct>:1: SyntaxWarning: 'int' object is not subscriptable; perhaps you missed a comma?
<probe:idx.inone.whole.int.base_42.direct>:1: SyntaxWarning: 'int' object is not subscriptable; perhaps you missed a comma?
<probe:idx.ikeytuple.whole.int.base_42.direct>:1: SyntaxWarning: 'int' object is not subscriptable; perhaps you missed a comma?
<probe:slice.s02.whole.int.base_42.direct>:1: SyntaxWarning: 'int' object is not subscriptable; perhaps you missed a comma?
<probe:slice.sall.whole.int.base_42.direct>:1: SyntaxWarning: 'int' object is not subscriptable; perhaps you missed a comma?
<probe:slice.srev.whole.int.base_42.direct>:1: SyntaxWarning: 'int' object is not subscriptable; perhaps you missed a comma?
<probe:slice.sstep2.whole.int.base_42.direct>:1: SyntaxWarning: 'int' object is not subscriptable; perhaps you missed a comma?
<probe:slice.soob.whole.int.base_42.direct>:1: SyntaxWarning: 'int' object is not subscriptable; perhaps you missed a comma?
<probe:slice.sfloat.whole.int.base_42.direct>:1: SyntaxWarning: 'int' object is not subscriptable; perhaps you missed a comma?
<probe:idx.i0.whole.int.i64max.direct>:1: SyntaxWarning: 'int' object is not subscriptable; perhaps you missed a comma?
<probe:idx.i1.whole.int.i64max.direct>:1: SyntaxWarning: 'int' object is not subscriptable; perhaps you missed a comma?
<probe:idx.ineg.whole.int.i64max.direct>:1: SyntaxWarning: 'int' object is not subscriptable; perhaps you missed a comma?
<probe:idx.ibig.whole.int.i64max.direct>:1: SyntaxWarning: 'int' object is not subscriptable; perhaps you missed a comma?
<probe:idx.key_a.whole.int.i64max.direct>:1: SyntaxWarning: 'int' object is not subscriptable; perhaps you missed a comma?
<probe:idx.key_absent.whole.int.i64max.direct>:1: SyntaxWarning: 'int' object is not subscriptable; perhaps you missed a comma?
<probe:idx.ifloat.whole.int.i64max.direct>:1: SyntaxWarning: 'int' object is not subscriptable; perhaps you missed a comma?
<probe:idx.itrue.whole.int.i64max.direct>:1: SyntaxWarning: 'int' object is not subscriptable; perhaps you missed a comma?
<probe:idx.inone.whole.int.i64max.direct>:1: SyntaxWarning: 'int' object is not subscriptable; perhaps you missed a comma?
<probe:idx.ikeytuple.whole.int.i64max.direct>:1: SyntaxWarning: 'int' object is not subscriptable; perhaps you missed a comma?
<probe:slice.s02.whole.int.i64max.direct>:1: SyntaxWarning: 'int' object is not subscriptable; perhaps you missed a comma?
<probe:slice.sall.whole.int.i64max.direct>:1: SyntaxWarning: 'int' object is not subscriptable; perhaps you missed a comma?
<probe:slice.srev.whole.int.i64max.direct>:1: SyntaxWarning: 'int' object is not subscriptable; perhaps you missed a comma?
<probe:slice.sstep2.whole.int.i64max.direct>:1: SyntaxWarning: 'int' object is not subscriptable; perhaps you missed a comma?
<probe:slice.soob.whole.int.i64max.direct>:1: SyntaxWarning: 'int' object is not subscriptable; perhaps you missed a comma?
<probe:slice.sfloat.whole.int.i64max.direct>:1: SyntaxWarning: 'int' object is not subscriptable; perhaps you missed a comma?
<probe:idx.i0.whole.int.i64max_plus1.direct>:1: SyntaxWarning: 'int' object is not subscriptable; perhaps you missed a comma?
<probe:idx.i1.whole.int.i64max_plus1.direct>:1: SyntaxWarning: 'int' object is not subscriptable; perhaps you missed a comma?
<probe:idx.ineg.whole.int.i64max_plus1.direct>:1: SyntaxWarning: 'int' object is not subscriptable; perhaps you missed a comma?
<probe:idx.ibig.whole.int.i64max_plus1.direct>:1: SyntaxWarning: 'int' object is not subscriptable; perhaps you missed a comma?
<probe:idx.key_a.whole.int.i64max_plus1.direct>:1: SyntaxWarning: 'int' object is not subscriptable; perhaps you missed a comma?
<probe:idx.key_absent.whole.int.i64max_plus1.direct>:1: SyntaxWarning: 'int' object is not subscriptable; perhaps you missed a comma?
<probe:idx.ifloat.whole.int.i64max_plus1.direct>:1: SyntaxWarning: 'int' object is not subscriptable; perhaps you missed a comma?
<probe:idx.itrue.whole.int.i64max_plus1.direct>:1: SyntaxWarning: 'int' object is not subscriptable; perhaps you missed a comma?
<probe:idx.inone.whole.int.i64max_plus1.direct>:1: SyntaxWarning: 'int' object is not subscriptable; perhaps you missed a comma?
<probe:idx.ikeytuple.whole.int.i64max_plus1.direct>:1: SyntaxWarning: 'int' object is not subscriptable; perhaps you missed a comma?
<probe:slice.s02.whole.int.i64max_plus1.direct>:1: SyntaxWarning: 'int' object is not subscriptable; perhaps you missed a comma?
<probe:slice.sall.whole.int.i64max_plus1.direct>:1: SyntaxWarning: 'int' object is not subscriptable; perhaps you missed a comma?
<probe:slice.srev.whole.int.i64max_plus1.direct>:1: SyntaxWarning: 'int' object is not subscriptable; perhaps you missed a comma?
<probe:slice.sstep2.whole.int.i64max_plus1.direct>:1: SyntaxWarning: 'int' object is not subscriptable; perhaps you missed a comma?
<probe:slice.soob.whole.int.i64max_plus1.direct>:1: SyntaxWarning: 'int' object is not subscriptable; perhaps you missed a comma?
<probe:slice.sfloat.whole.int.i64max_plus1.direct>:1: SyntaxWarning: 'int' object is not subscriptable; perhaps you missed a comma?
<probe:idx.i0.whole.int.p53_plus1.direct>:1: SyntaxWarning: 'int' object is not subscriptable; perhaps you missed a comma?
<probe:idx.i1.whole.int.p53_plus1.direct>:1: SyntaxWarning: 'int' object is not subscriptable; perhaps you missed a comma?
<probe:idx.ineg.whole.int.p53_plus1.direct>:1: SyntaxWarning: 'int' object is not subscriptable; perhaps you missed a comma?
<probe:idx.ibig.whole.int.p53_plus1.direct>:1: SyntaxWarning: 'int' object is not subscriptable; perhaps you missed a comma?
<probe:idx.key_a.whole.int.p53_plus1.direct>:1: SyntaxWarning: 'int' object is not subscriptable; perhaps you missed a comma?
<probe:idx.key_absent.whole.int.p53_plus1.direct>:1: SyntaxWarning: 'int' object is not subscriptable; perhaps you missed a comma?
<probe:idx.ifloat.whole.int.p53_plus1.direct>:1: SyntaxWarning: 'int' object is not subscriptable; perhaps you missed a comma?
<probe:idx.itrue.whole.int.p53_plus1.direct>:1: SyntaxWarning: 'int' object is not subscriptable; perhaps you missed a comma?
<probe:idx.inone.whole.int.p53_plus1.direct>:1: SyntaxWarning: 'int' object is not subscriptable; perhaps you missed a comma?
<probe:idx.ikeytuple.whole.int.p53_plus1.direct>:1: SyntaxWarning: 'int' object is not subscriptable; perhaps you missed a comma?
<probe:slice.s02.whole.int.p53_plus1.direct>:1: SyntaxWarning: 'int' object is not subscriptable; perhaps you missed a comma?
<probe:slice.sall.whole.int.p53_plus1.direct>:1: SyntaxWarning: 'int' object is not subscriptable; perhaps you missed a comma?
<probe:slice.srev.whole.int.p53_plus1.direct>:1: SyntaxWarning: 'int' object is not subscriptable; perhaps you missed a comma?
<probe:slice.sstep2.whole.int.p53_plus1.direct>:1: SyntaxWarning: 'int' object is not subscriptable; perhaps you missed a comma?
<probe:slice.soob.whole.int.p53_plus1.direct>:1: SyntaxWarning: 'int' object is not subscriptable; perhaps you missed a comma?
<probe:slice.sfloat.whole.int.p53_plus1.direct>:1: SyntaxWarning: 'int' object is not subscriptable; perhaps you missed a comma?
<probe:idx.i0.whole.int.u64max.direct>:1: SyntaxWarning: 'int' object is not subscriptable; perhaps you missed a comma?
<probe:idx.i1.whole.int.u64max.direct>:1: SyntaxWarning: 'int' object is not subscriptable; perhaps you missed a comma?
<probe:idx.ineg.whole.int.u64max.direct>:1: SyntaxWarning: 'int' object is not subscriptable; perhaps you missed a comma?
<probe:idx.ibig.whole.int.u64max.direct>:1: SyntaxWarning: 'int' object is not subscriptable; perhaps you missed a comma?
<probe:idx.key_a.whole.int.u64max.direct>:1: SyntaxWarning: 'int' object is not subscriptable; perhaps you missed a comma?
<probe:idx.key_absent.whole.int.u64max.direct>:1: SyntaxWarning: 'int' object is not subscriptable; perhaps you missed a comma?
<probe:idx.ifloat.whole.int.u64max.direct>:1: SyntaxWarning: 'int' object is not subscriptable; perhaps you missed a comma?
<probe:idx.itrue.whole.int.u64max.direct>:1: SyntaxWarning: 'int' object is not subscriptable; perhaps you missed a comma?
<probe:idx.inone.whole.int.u64max.direct>:1: SyntaxWarning: 'int' object is not subscriptable; perhaps you missed a comma?
<probe:idx.ikeytuple.whole.int.u64max.direct>:1: SyntaxWarning: 'int' object is not subscriptable; perhaps you missed a comma?
<probe:slice.s02.whole.int.u64max.direct>:1: SyntaxWarning: 'int' object is not subscriptable; perhaps you missed a comma?
<probe:slice.sall.whole.int.u64max.direct>:1: SyntaxWarning: 'int' object is not subscriptable; perhaps you missed a comma?
<probe:slice.srev.whole.int.u64max.direct>:1: SyntaxWarning: 'int' object is not subscriptable; perhaps you missed a comma?
<probe:slice.sstep2.whole.int.u64max.direct>:1: SyntaxWarning: 'int' object is not subscriptable; perhaps you missed a comma?
<probe:slice.soob.whole.int.u64max.direct>:1: SyntaxWarning: 'int' object is not subscriptable; perhaps you missed a comma?
<probe:slice.sfloat.whole.int.u64max.direct>:1: SyntaxWarning: 'int' object is not subscriptable; perhaps you missed a comma?
<probe:idx.i0.fractional.float.base_1_5.direct>:1: SyntaxWarning: 'float' object is not subscriptable; perhaps you missed a comma?
<probe:idx.i1.fractional.float.base_1_5.direct>:1: SyntaxWarning: 'float' object is not subscriptable; perhaps you missed a comma?
<probe:idx.ineg.fractional.float.base_1_5.direct>:1: SyntaxWarning: 'float' object is not subscriptable; perhaps you missed a comma?
<probe:idx.ibig.fractional.float.base_1_5.direct>:1: SyntaxWarning: 'float' object is not subscriptable; perhaps you missed a comma?
<probe:idx.key_a.fractional.float.base_1_5.direct>:1: SyntaxWarning: 'float' object is not subscriptable; perhaps you missed a comma?
<probe:idx.key_absent.fractional.float.base_1_5.direct>:1: SyntaxWarning: 'float' object is not subscriptable; perhaps you missed a comma?
<probe:idx.ifloat.fractional.float.base_1_5.direct>:1: SyntaxWarning: 'float' object is not subscriptable; perhaps you missed a comma?
<probe:idx.itrue.fractional.float.base_1_5.direct>:1: SyntaxWarning: 'float' object is not subscriptable; perhaps you missed a comma?
<probe:idx.inone.fractional.float.base_1_5.direct>:1: SyntaxWarning: 'float' object is not subscriptable; perhaps you missed a comma?
<probe:idx.ikeytuple.fractional.float.base_1_5.direct>:1: SyntaxWarning: 'float' object is not subscriptable; perhaps you missed a comma?
<probe:slice.s02.fractional.float.base_1_5.direct>:1: SyntaxWarning: 'float' object is not subscriptable; perhaps you missed a comma?
<probe:slice.sall.fractional.float.base_1_5.direct>:1: SyntaxWarning: 'float' object is not subscriptable; perhaps you missed a comma?
<probe:slice.srev.fractional.float.base_1_5.direct>:1: SyntaxWarning: 'float' object is not subscriptable; perhaps you missed a comma?
<probe:slice.sstep2.fractional.float.base_1_5.direct>:1: SyntaxWarning: 'float' object is not subscriptable; perhaps you missed a comma?
<probe:slice.soob.fractional.float.base_1_5.direct>:1: SyntaxWarning: 'float' object is not subscriptable; perhaps you missed a comma?
<probe:slice.sfloat.fractional.float.base_1_5.direct>:1: SyntaxWarning: 'float' object is not subscriptable; perhaps you missed a comma?
<probe:idx.i0.fractional.float.base_pi.direct>:1: SyntaxWarning: 'float' object is not subscriptable; perhaps you missed a comma?
<probe:idx.i1.fractional.float.base_pi.direct>:1: SyntaxWarning: 'float' object is not subscriptable; perhaps you missed a comma?
<probe:idx.ineg.fractional.float.base_pi.direct>:1: SyntaxWarning: 'float' object is not subscriptable; perhaps you missed a comma?
<probe:idx.ibig.fractional.float.base_pi.direct>:1: SyntaxWarning: 'float' object is not subscriptable; perhaps you missed a comma?
<probe:idx.key_a.fractional.float.base_pi.direct>:1: SyntaxWarning: 'float' object is not subscriptable; perhaps you missed a comma?
<probe:idx.key_absent.fractional.float.base_pi.direct>:1: SyntaxWarning: 'float' object is not subscriptable; perhaps you missed a comma?
<probe:idx.ifloat.fractional.float.base_pi.direct>:1: SyntaxWarning: 'float' object is not subscriptable; perhaps you missed a comma?
<probe:idx.itrue.fractional.float.base_pi.direct>:1: SyntaxWarning: 'float' object is not subscriptable; perhaps you missed a comma?
<probe:idx.inone.fractional.float.base_pi.direct>:1: SyntaxWarning: 'float' object is not subscriptable; perhaps you missed a comma?
<probe:idx.ikeytuple.fractional.float.base_pi.direct>:1: SyntaxWarning: 'float' object is not subscriptable; perhaps you missed a comma?
<probe:slice.s02.fractional.float.base_pi.direct>:1: SyntaxWarning: 'float' object is not subscriptable; perhaps you missed a comma?
<probe:slice.sall.fractional.float.base_pi.direct>:1: SyntaxWarning: 'float' object is not subscriptable; perhaps you missed a comma?
<probe:slice.srev.fractional.float.base_pi.direct>:1: SyntaxWarning: 'float' object is not subscriptable; perhaps you missed a comma?
<probe:slice.sstep2.fractional.float.base_pi.direct>:1: SyntaxWarning: 'float' object is not subscriptable; perhaps you missed a comma?
<probe:slice.soob.fractional.float.base_pi.direct>:1: SyntaxWarning: 'float' object is not subscriptable; perhaps you missed a comma?
<probe:slice.sfloat.fractional.float.base_pi.direct>:1: SyntaxWarning: 'float' object is not subscriptable; perhaps you missed a comma?
<probe:idx.i0.fractional.float.negzero.direct>:1: SyntaxWarning: 'float' object is not subscriptable; perhaps you missed a comma?
<probe:idx.i1.fractional.float.negzero.direct>:1: SyntaxWarning: 'float' object is not subscriptable; perhaps you missed a comma?
<probe:idx.ineg.fractional.float.negzero.direct>:1: SyntaxWarning: 'float' object is not subscriptable; perhaps you missed a comma?
<probe:idx.ibig.fractional.float.negzero.direct>:1: SyntaxWarning: 'float' object is not subscriptable; perhaps you missed a comma?
<probe:idx.key_a.fractional.float.negzero.direct>:1: SyntaxWarning: 'float' object is not subscriptable; perhaps you missed a comma?
<probe:idx.key_absent.fractional.float.negzero.direct>:1: SyntaxWarning: 'float' object is not subscriptable; perhaps you missed a comma?
<probe:idx.ifloat.fractional.float.negzero.direct>:1: SyntaxWarning: 'float' object is not subscriptable; perhaps you missed a comma?
<probe:idx.itrue.fractional.float.negzero.direct>:1: SyntaxWarning: 'float' object is not subscriptable; perhaps you missed a comma?
<probe:idx.inone.fractional.float.negzero.direct>:1: SyntaxWarning: 'float' object is not subscriptable; perhaps you missed a comma?
<probe:idx.ikeytuple.fractional.float.negzero.direct>:1: SyntaxWarning: 'float' object is not subscriptable; perhaps you missed a comma?
<probe:slice.s02.fractional.float.negzero.direct>:1: SyntaxWarning: 'float' object is not subscriptable; perhaps you missed a comma?
<probe:slice.sall.fractional.float.negzero.direct>:1: SyntaxWarning: 'float' object is not subscriptable; perhaps you missed a comma?
<probe:slice.srev.fractional.float.negzero.direct>:1: SyntaxWarning: 'float' object is not subscriptable; perhaps you missed a comma?
<probe:slice.sstep2.fractional.float.negzero.direct>:1: SyntaxWarning: 'float' object is not subscriptable; perhaps you missed a comma?
<probe:slice.soob.fractional.float.negzero.direct>:1: SyntaxWarning: 'float' object is not subscriptable; perhaps you missed a comma?
<probe:slice.sfloat.fractional.float.negzero.direct>:1: SyntaxWarning: 'float' object is not subscriptable; perhaps you missed a comma?
<probe:idx.i0.fractional.float.point1.direct>:1: SyntaxWarning: 'float' object is not subscriptable; perhaps you missed a comma?
<probe:idx.i1.fractional.float.point1.direct>:1: SyntaxWarning: 'float' object is not subscriptable; perhaps you missed a comma?
<probe:idx.ineg.fractional.float.point1.direct>:1: SyntaxWarning: 'float' object is not subscriptable; perhaps you missed a comma?
<probe:idx.ibig.fractional.float.point1.direct>:1: SyntaxWarning: 'float' object is not subscriptable; perhaps you missed a comma?
<probe:idx.key_a.fractional.float.point1.direct>:1: SyntaxWarning: 'float' object is not subscriptable; perhaps you missed a comma?
<probe:idx.key_absent.fractional.float.point1.direct>:1: SyntaxWarning: 'float' object is not subscriptable; perhaps you missed a comma?
<probe:idx.ifloat.fractional.float.point1.direct>:1: SyntaxWarning: 'float' object is not subscriptable; perhaps you missed a comma?
<probe:idx.itrue.fractional.float.point1.direct>:1: SyntaxWarning: 'float' object is not subscriptable; perhaps you missed a comma?
<probe:idx.inone.fractional.float.point1.direct>:1: SyntaxWarning: 'float' object is not subscriptable; perhaps you missed a comma?
<probe:idx.ikeytuple.fractional.float.point1.direct>:1: SyntaxWarning: 'float' object is not subscriptable; perhaps you missed a comma?
<probe:slice.s02.fractional.float.point1.direct>:1: SyntaxWarning: 'float' object is not subscriptable; perhaps you missed a comma?
<probe:slice.sall.fractional.float.point1.direct>:1: SyntaxWarning: 'float' object is not subscriptable; perhaps you missed a comma?
<probe:slice.srev.fractional.float.point1.direct>:1: SyntaxWarning: 'float' object is not subscriptable; perhaps you missed a comma?
<probe:slice.sstep2.fractional.float.point1.direct>:1: SyntaxWarning: 'float' object is not subscriptable; perhaps you missed a comma?
<probe:slice.soob.fractional.float.point1.direct>:1: SyntaxWarning: 'float' object is not subscriptable; perhaps you missed a comma?
<probe:slice.sfloat.fractional.float.point1.direct>:1: SyntaxWarning: 'float' object is not subscriptable; perhaps you missed a comma?
<probe:idx.key_a.text.str.base_empty.direct>:1: SyntaxWarning: str indices must be integers or slices, not str; perhaps you missed a comma?
<probe:idx.key_absent.text.str.base_empty.direct>:1: SyntaxWarning: str indices must be integers or slices, not str; perhaps you missed a comma?
<probe:idx.ifloat.text.str.base_empty.direct>:1: SyntaxWarning: str indices must be integers or slices, not float; perhaps you missed a comma?
<probe:idx.inone.text.str.base_empty.direct>:1: SyntaxWarning: str indices must be integers or slices, not NoneType; perhaps you missed a comma?
<probe:idx.ikeytuple.text.str.base_empty.direct>:1: SyntaxWarning: str indices must be integers or slices, not tuple; perhaps you missed a comma?
<probe:idx.key_a.text.str.base_hello.direct>:1: SyntaxWarning: str indices must be integers or slices, not str; perhaps you missed a comma?
<probe:idx.key_absent.text.str.base_hello.direct>:1: SyntaxWarning: str indices must be integers or slices, not str; perhaps you missed a comma?
<probe:idx.ifloat.text.str.base_hello.direct>:1: SyntaxWarning: str indices must be integers or slices, not float; perhaps you missed a comma?
<probe:idx.inone.text.str.base_hello.direct>:1: SyntaxWarning: str indices must be integers or slices, not NoneType; perhaps you missed a comma?
<probe:idx.ikeytuple.text.str.base_hello.direct>:1: SyntaxWarning: str indices must be integers or slices, not tuple; perhaps you missed a comma?
<probe:idx.key_a.text.str.base_lines.direct>:1: SyntaxWarning: str indices must be integers or slices, not str; perhaps you missed a comma?
<probe:idx.key_absent.text.str.base_lines.direct>:1: SyntaxWarning: str indices must be integers or slices, not str; perhaps you missed a comma?
<probe:idx.ifloat.text.str.base_lines.direct>:1: SyntaxWarning: str indices must be integers or slices, not float; perhaps you missed a comma?
<probe:idx.inone.text.str.base_lines.direct>:1: SyntaxWarning: str indices must be integers or slices, not NoneType; perhaps you missed a comma?
<probe:idx.ikeytuple.text.str.base_lines.direct>:1: SyntaxWarning: str indices must be integers or slices, not tuple; perhaps you missed a comma?
<probe:idx.key_a.text.str.eacute.direct>:1: SyntaxWarning: str indices must be integers or slices, not str; perhaps you missed a comma?
<probe:idx.key_absent.text.str.eacute.direct>:1: SyntaxWarning: str indices must be integers or slices, not str; perhaps you missed a comma?
<probe:idx.ifloat.text.str.eacute.direct>:1: SyntaxWarning: str indices must be integers or slices, not float; perhaps you missed a comma?
<probe:idx.inone.text.str.eacute.direct>:1: SyntaxWarning: str indices must be integers or slices, not NoneType; perhaps you missed a comma?
<probe:idx.ikeytuple.text.str.eacute.direct>:1: SyntaxWarning: str indices must be integers or slices, not tuple; perhaps you missed a comma?
<probe:idx.key_a.text.str.clef.direct>:1: SyntaxWarning: str indices must be integers or slices, not str; perhaps you missed a comma?
<probe:idx.key_absent.text.str.clef.direct>:1: SyntaxWarning: str indices must be integers or slices, not str; perhaps you missed a comma?
<probe:idx.ifloat.text.str.clef.direct>:1: SyntaxWarning: str indices must be integers or slices, not float; perhaps you missed a comma?
<probe:idx.inone.text.str.clef.direct>:1: SyntaxWarning: str indices must be integers or slices, not NoneType; perhaps you missed a comma?
<probe:idx.ikeytuple.text.str.clef.direct>:1: SyntaxWarning: str indices must be integers or slices, not tuple; perhaps you missed a comma?
<probe:idx.key_a.text.str.escapes.direct>:1: SyntaxWarning: str indices must be integers or slices, not str; perhaps you missed a comma?
<probe:idx.key_absent.text.str.escapes.direct>:1: SyntaxWarning: str indices must be integers or slices, not str; perhaps you missed a comma?
<probe:idx.ifloat.text.str.escapes.direct>:1: SyntaxWarning: str indices must be integers or slices, not float; perhaps you missed a comma?
<probe:idx.inone.text.str.escapes.direct>:1: SyntaxWarning: str indices must be integers or slices, not NoneType; perhaps you missed a comma?
<probe:idx.ikeytuple.text.str.escapes.direct>:1: SyntaxWarning: str indices must be integers or slices, not tuple; perhaps you missed a comma?
<probe:idx.key_a.sequence.list.empty.direct>:1: SyntaxWarning: list indices must be integers or slices, not str; perhaps you missed a comma?
<probe:idx.key_absent.sequence.list.empty.direct>:1: SyntaxWarning: list indices must be integers or slices, not str; perhaps you missed a comma?
<probe:idx.ifloat.sequence.list.empty.direct>:1: SyntaxWarning: list indices must be integers or slices, not float; perhaps you missed a comma?
<probe:idx.inone.sequence.list.empty.direct>:1: SyntaxWarning: list indices must be integers or slices, not NoneType; perhaps you missed a comma?
<probe:idx.ikeytuple.sequence.list.empty.direct>:1: SyntaxWarning: list indices must be integers or slices, not tuple; perhaps you missed a comma?
<probe:idx.key_a.sequence.list.base.direct>:1: SyntaxWarning: list indices must be integers or slices, not str; perhaps you missed a comma?
<probe:idx.key_absent.sequence.list.base.direct>:1: SyntaxWarning: list indices must be integers or slices, not str; perhaps you missed a comma?
<probe:idx.ifloat.sequence.list.base.direct>:1: SyntaxWarning: list indices must be integers or slices, not float; perhaps you missed a comma?
<probe:idx.inone.sequence.list.base.direct>:1: SyntaxWarning: list indices must be integers or slices, not NoneType; perhaps you missed a comma?
<probe:idx.ikeytuple.sequence.list.base.direct>:1: SyntaxWarning: list indices must be integers or slices, not tuple; perhaps you missed a comma?
<probe:idx.key_a.sequence.list.strs.direct>:1: SyntaxWarning: list indices must be integers or slices, not str; perhaps you missed a comma?
<probe:idx.key_absent.sequence.list.strs.direct>:1: SyntaxWarning: list indices must be integers or slices, not str; perhaps you missed a comma?
<probe:idx.ifloat.sequence.list.strs.direct>:1: SyntaxWarning: list indices must be integers or slices, not float; perhaps you missed a comma?
<probe:idx.inone.sequence.list.strs.direct>:1: SyntaxWarning: list indices must be integers or slices, not NoneType; perhaps you missed a comma?
<probe:idx.ikeytuple.sequence.list.strs.direct>:1: SyntaxWarning: list indices must be integers or slices, not tuple; perhaps you missed a comma?
<probe:idx.key_a.sequence.list.mixed.direct>:1: SyntaxWarning: list indices must be integers or slices, not str; perhaps you missed a comma?
<probe:idx.key_absent.sequence.list.mixed.direct>:1: SyntaxWarning: list indices must be integers or slices, not str; perhaps you missed a comma?
<probe:idx.ifloat.sequence.list.mixed.direct>:1: SyntaxWarning: list indices must be integers or slices, not float; perhaps you missed a comma?
<probe:idx.inone.sequence.list.mixed.direct>:1: SyntaxWarning: list indices must be integers or slices, not NoneType; perhaps you missed a comma?
<probe:idx.ikeytuple.sequence.list.mixed.direct>:1: SyntaxWarning: list indices must be integers or slices, not tuple; perhaps you missed a comma?
<probe:idx.key_a.sequence.list.bigint.direct>:1: SyntaxWarning: list indices must be integers or slices, not str; perhaps you missed a comma?
<probe:idx.key_absent.sequence.list.bigint.direct>:1: SyntaxWarning: list indices must be integers or slices, not str; perhaps you missed a comma?
<probe:idx.ifloat.sequence.list.bigint.direct>:1: SyntaxWarning: list indices must be integers or slices, not float; perhaps you missed a comma?
<probe:idx.inone.sequence.list.bigint.direct>:1: SyntaxWarning: list indices must be integers or slices, not NoneType; perhaps you missed a comma?
<probe:idx.ikeytuple.sequence.list.bigint.direct>:1: SyntaxWarning: list indices must be integers or slices, not tuple; perhaps you missed a comma?
<probe:idx.key_a.sequence.tuple.empty.direct>:1: SyntaxWarning: tuple indices must be integers or slices, not str; perhaps you missed a comma?
<probe:idx.key_absent.sequence.tuple.empty.direct>:1: SyntaxWarning: tuple indices must be integers or slices, not str; perhaps you missed a comma?
<probe:idx.ifloat.sequence.tuple.empty.direct>:1: SyntaxWarning: tuple indices must be integers or slices, not float; perhaps you missed a comma?
<probe:idx.inone.sequence.tuple.empty.direct>:1: SyntaxWarning: tuple indices must be integers or slices, not NoneType; perhaps you missed a comma?
<probe:idx.ikeytuple.sequence.tuple.empty.direct>:1: SyntaxWarning: tuple indices must be integers or slices, not tuple; perhaps you missed a comma?
<probe:idx.key_a.sequence.tuple.base.direct>:1: SyntaxWarning: tuple indices must be integers or slices, not str; perhaps you missed a comma?
<probe:idx.key_absent.sequence.tuple.base.direct>:1: SyntaxWarning: tuple indices must be integers or slices, not str; perhaps you missed a comma?
<probe:idx.ifloat.sequence.tuple.base.direct>:1: SyntaxWarning: tuple indices must be integers or slices, not float; perhaps you missed a comma?
<probe:idx.inone.sequence.tuple.base.direct>:1: SyntaxWarning: tuple indices must be integers or slices, not NoneType; perhaps you missed a comma?
<probe:idx.ikeytuple.sequence.tuple.base.direct>:1: SyntaxWarning: tuple indices must be integers or slices, not tuple; perhaps you missed a comma?
<probe:idx.key_a.sequence.tuple.strs.direct>:1: SyntaxWarning: tuple indices must be integers or slices, not str; perhaps you missed a comma?
<probe:idx.key_absent.sequence.tuple.strs.direct>:1: SyntaxWarning: tuple indices must be integers or slices, not str; perhaps you missed a comma?
<probe:idx.ifloat.sequence.tuple.strs.direct>:1: SyntaxWarning: tuple indices must be integers or slices, not float; perhaps you missed a comma?
<probe:idx.inone.sequence.tuple.strs.direct>:1: SyntaxWarning: tuple indices must be integers or slices, not NoneType; perhaps you missed a comma?
<probe:idx.ikeytuple.sequence.tuple.strs.direct>:1: SyntaxWarning: tuple indices must be integers or slices, not tuple; perhaps you missed a comma?
<probe:idx.key_a.sequence.tuple.mixed.direct>:1: SyntaxWarning: tuple indices must be integers or slices, not str; perhaps you missed a comma?
<probe:idx.key_absent.sequence.tuple.mixed.direct>:1: SyntaxWarning: tuple indices must be integers or slices, not str; perhaps you missed a comma?
<probe:idx.ifloat.sequence.tuple.mixed.direct>:1: SyntaxWarning: tuple indices must be integers or slices, not float; perhaps you missed a comma?
<probe:idx.inone.sequence.tuple.mixed.direct>:1: SyntaxWarning: tuple indices must be integers or slices, not NoneType; perhaps you missed a comma?
<probe:idx.ikeytuple.sequence.tuple.mixed.direct>:1: SyntaxWarning: tuple indices must be integers or slices, not tuple; perhaps you missed a comma?
<probe:idx.key_a.sequence.tuple.bigint.direct>:1: SyntaxWarning: tuple indices must be integers or slices, not str; perhaps you missed a comma?
<probe:idx.key_absent.sequence.tuple.bigint.direct>:1: SyntaxWarning: tuple indices must be integers or slices, not str; perhaps you missed a comma?
<probe:idx.ifloat.sequence.tuple.bigint.direct>:1: SyntaxWarning: tuple indices must be integers or slices, not float; perhaps you missed a comma?
<probe:idx.inone.sequence.tuple.bigint.direct>:1: SyntaxWarning: tuple indices must be integers or slices, not NoneType; perhaps you missed a comma?
<probe:idx.ikeytuple.sequence.tuple.bigint.direct>:1: SyntaxWarning: tuple indices must be integers or slices, not tuple; perhaps you missed a comma?
<probe:idx.key_a.nesting.list.seq_in_seq.direct>:1: SyntaxWarning: list indices must be integers or slices, not str; perhaps you missed a comma?
<probe:idx.key_absent.nesting.list.seq_in_seq.direct>:1: SyntaxWarning: list indices must be integers or slices, not str; perhaps you missed a comma?
<probe:idx.ifloat.nesting.list.seq_in_seq.direct>:1: SyntaxWarning: list indices must be integers or slices, not float; perhaps you missed a comma?
<probe:idx.inone.nesting.list.seq_in_seq.direct>:1: SyntaxWarning: list indices must be integers or slices, not NoneType; perhaps you missed a comma?
<probe:idx.ikeytuple.nesting.list.seq_in_seq.direct>:1: SyntaxWarning: list indices must be integers or slices, not tuple; perhaps you missed a comma?
<probe:idx.key_a.nesting.list.mixed_depth.direct>:1: SyntaxWarning: list indices must be integers or slices, not str; perhaps you missed a comma?
<probe:idx.key_absent.nesting.list.mixed_depth.direct>:1: SyntaxWarning: list indices must be integers or slices, not str; perhaps you missed a comma?
<probe:idx.ifloat.nesting.list.mixed_depth.direct>:1: SyntaxWarning: list indices must be integers or slices, not float; perhaps you missed a comma?
<probe:idx.inone.nesting.list.mixed_depth.direct>:1: SyntaxWarning: list indices must be integers or slices, not NoneType; perhaps you missed a comma?
<probe:idx.ikeytuple.nesting.list.mixed_depth.direct>:1: SyntaxWarning: list indices must be integers or slices, not tuple; perhaps you missed a comma?
<probe:idx.key_a.nesting.tuple.seq_in_seq.direct>:1: SyntaxWarning: tuple indices must be integers or slices, not str; perhaps you missed a comma?
<probe:idx.key_absent.nesting.tuple.seq_in_seq.direct>:1: SyntaxWarning: tuple indices must be integers or slices, not str; perhaps you missed a comma?
<probe:idx.ifloat.nesting.tuple.seq_in_seq.direct>:1: SyntaxWarning: tuple indices must be integers or slices, not float; perhaps you missed a comma?
<probe:idx.inone.nesting.tuple.seq_in_seq.direct>:1: SyntaxWarning: tuple indices must be integers or slices, not NoneType; perhaps you missed a comma?
<probe:idx.ikeytuple.nesting.tuple.seq_in_seq.direct>:1: SyntaxWarning: tuple indices must be integers or slices, not tuple; perhaps you missed a comma?
<probe:idx.key_a.nesting.tuple.seq_in_map.direct>:1: SyntaxWarning: tuple indices must be integers or slices, not str; perhaps you missed a comma?
<probe:idx.key_absent.nesting.tuple.seq_in_map.direct>:1: SyntaxWarning: tuple indices must be integers or slices, not str; perhaps you missed a comma?
<probe:idx.ifloat.nesting.tuple.seq_in_map.direct>:1: SyntaxWarning: tuple indices must be integers or slices, not float; perhaps you missed a comma?
<probe:idx.inone.nesting.tuple.seq_in_map.direct>:1: SyntaxWarning: tuple indices must be integers or slices, not NoneType; perhaps you missed a comma?
<probe:idx.ikeytuple.nesting.tuple.seq_in_map.direct>:1: SyntaxWarning: tuple indices must be integers or slices, not tuple; perhaps you missed a comma?
<probe:idx.key_a.nesting.tuple.mixed_depth.direct>:1: SyntaxWarning: tuple indices must be integers or slices, not str; perhaps you missed a comma?
<probe:idx.key_absent.nesting.tuple.mixed_depth.direct>:1: SyntaxWarning: tuple indices must be integers or slices, not str; perhaps you missed a comma?
<probe:idx.ifloat.nesting.tuple.mixed_depth.direct>:1: SyntaxWarning: tuple indices must be integers or slices, not float; perhaps you missed a comma?
<probe:idx.inone.nesting.tuple.mixed_depth.direct>:1: SyntaxWarning: tuple indices must be integers or slices, not NoneType; perhaps you missed a comma?
<probe:idx.ikeytuple.nesting.tuple.mixed_depth.direct>:1: SyntaxWarning: tuple indices must be integers or slices, not tuple; perhaps you missed a comma?
<probe:place.assert_statement.star.nesting.tuple.seq_in_seq.direct>:1: SyntaxWarning: assertion is always true, perhaps remove parentheses?
<probe:place.assert_statement.star.sequence.tuple.base.direct>:1: SyntaxWarning: assertion is always true, perhaps remove parentheses?
<probe:place.call.function.fractional.float.base_1_5.direct>:1: SyntaxWarning: 'float' object is not callable; perhaps you missed a comma?
<probe:place.call.function.keyed.dict.flat.direct>:1: SyntaxWarning: 'dict' object is not callable; perhaps you missed a comma?
<probe:place.call.function.nesting.dict.seq_in_seq.direct>:1: SyntaxWarning: 'dict' object is not callable; perhaps you missed a comma?
<probe:place.call.function.nesting.list.seq_in_seq.direct>:1: SyntaxWarning: 'list' object is not callable; perhaps you missed a comma?
<probe:place.call.function.nesting.tuple.seq_in_seq.direct>:1: SyntaxWarning: 'tuple' object is not callable; perhaps you missed a comma?
<probe:place.call.function.nothing.NoneType.null.direct>:1: SyntaxWarning: 'NoneType' object is not callable; perhaps you missed a comma?
<probe:place.call.function.sequence.list.base.direct>:1: SyntaxWarning: 'list' object is not callable; perhaps you missed a comma?
<probe:place.call.function.sequence.tuple.base.direct>:1: SyntaxWarning: 'tuple' object is not callable; perhaps you missed a comma?
<probe:place.call.function.text.str.base_hello.direct>:1: SyntaxWarning: 'str' object is not callable; perhaps you missed a comma?
<probe:place.call.function.truth.bool.true.direct>:1: SyntaxWarning: 'bool' object is not callable; perhaps you missed a comma?
<probe:place.call.function.whole.int.base_42.direct>:1: SyntaxWarning: 'int' object is not callable; perhaps you missed a comma?
compiled 19636, refused 388
ran 19636
1.5
{'a': 1, 'b': 2, 'c': 3}
{'a': [[1, 2], [3, 4]]}
[[1, 2], [3, 4]]
((1, 2), (3, 4))
None
[1, 2, 3]
(1, 2, 3)
hello
True
42
driver exit=0 seconds=65
=== l3_python complete: 20024 result lines ===
------------------------------------------------------------
# exit 0 in 64.6s
# work free after: 3296 MB (consumed 0 MB)
