# script: /drop/o2_l6_unique_opcodes.sh
# started: 2026-09-06T00:55:18+00:00
# timeout: 7200s
# work free before: 2048 MB
------------------------------------------------------------
======== [1/1] unique_opcodes.py ========
(peak RSS reported by the script itself via resource.getrusage; container has no /usr/bin/time)
[c] unique opcodes: 127
[cpp] unique opcodes: 130
[cpython] unique opcodes: 3
[go] unique opcodes: 60
[java] unique opcodes: 6
[php] unique opcodes: 3
[ruby] unique opcodes: 3
[rust] unique opcodes: 72
[swift] unique opcodes: 96
cross-language rows: 162
cross-check mismatches: 0
wrote PseudoCoupHQ/Research/oracle/arch_opcodes/unique_opcodes.json
wrote PseudoCoupHQ/Research/oracle/arch_opcodes/unique_opcodes.md
PEAK_RSS_KB=51876 PEAK_RSS_MB=50.7
exit 0
------------------------------------------------------------
# exit 0 in 1.1s
# work free after: 2048 MB (consumed 0 MB)
