# script: /drop/o2_l5_single_opcode.sh
# started: 2026-09-06T00:55:16+00:00
# timeout: 7200s
# work free before: 2048 MB
------------------------------------------------------------
======== [1/1] single_opcode_units.py ========
(peak RSS reported by the script itself via resource.getrusage; container has no /usr/bin/time)
languages seen: ['c', 'cpp', 'cpython', 'go', 'java', 'php', 'ruby', 'rust', 'swift']
[c] read=10620 with_body=10367 without_body=253
[cpp] read=17840 with_body=17569 without_body=271
[cpython] read=1 with_body=1 without_body=0
[go] read=590 with_body=577 without_body=13
[java] read=2 with_body=2 without_body=0
[php] read=4 with_body=4 without_body=0
[ruby] read=4 with_body=2 without_body=2
[rust] read=695 with_body=685 without_body=10
[swift] read=1322 with_body=1229 without_body=93
[c] narrow: 83 distinct single-opcode bodies
[c] wide: 109 distinct single-opcode bodies
[cpp] narrow: 82 distinct single-opcode bodies
[cpp] wide: 107 distinct single-opcode bodies
[cpython] narrow: 1 distinct single-opcode bodies
[cpython] wide: 1 distinct single-opcode bodies
[go] narrow: 27 distinct single-opcode bodies
[go] wide: 27 distinct single-opcode bodies
[java] narrow: 0 distinct single-opcode bodies
[java] wide: 1 distinct single-opcode bodies
[php] narrow: 3 distinct single-opcode bodies
[php] wide: 3 distinct single-opcode bodies
[ruby] narrow: 2 distinct single-opcode bodies
[ruby] wide: 2 distinct single-opcode bodies
[rust] narrow: 48 distinct single-opcode bodies
[rust] wide: 48 distinct single-opcode bodies
[swift] narrow: 19 distinct single-opcode bodies
[swift] wide: 19 distinct single-opcode bodies
wrote PseudoCoupHQ/Research/oracle/arch_opcodes/single_opcode_units.json
wrote PseudoCoupHQ/Research/oracle/arch_opcodes/single_opcode_units.md
PEAK_RSS_KB=47192 PEAK_RSS_MB=46.1
exit 0
------------------------------------------------------------
# exit 0 in 1.3s
# work free after: 2048 MB (consumed 0 MB)
