# script: /drop/o2_l7_spelling_guard_final.sh
# started: 2026-09-06T00:55:35+00:00
# timeout: 7200s
# work free before: 2048 MB
------------------------------------------------------------
======== [1/2] check_no_spelling_keys.py /projects/PseudoCoupHQ/Research/oracle/arch_opcodes/single_opcode_units.json ========
operator inventory: 91 tokens read from probe_manifest_*.json
FAIL single_opcode_units.json -- 183 spelling-keyed place(s)
     $.single_opcode_groups.c.narrow[6].mnemonic
         operator token 'and' on a grouping object (it holds several units) -- this is a grouping/row key, not a per-unit label
     $.single_opcode_groups.c.narrow[7].mnemonic
         operator token 'and' on a grouping object (it holds several units) -- this is a grouping/row key, not a per-unit label
     $.single_opcode_groups.c.narrow[8].mnemonic
         operator token 'and' on a grouping object (it holds several units) -- this is a grouping/row key, not a per-unit label
     $.single_opcode_groups.c.narrow[9].mnemonic
         operator token 'and' on a grouping object (it holds several units) -- this is a grouping/row key, not a per-unit label
     $.single_opcode_groups.c.narrow[48].mnemonic
         operator token 'not' on a grouping object (it holds several units) -- this is a grouping/row key, not a per-unit label
     $.single_opcode_groups.c.narrow[49].mnemonic
         operator token 'not' on a grouping object (it holds several units) -- this is a grouping/row key, not a per-unit label
     $.single_opcode_groups.c.narrow[50].mnemonic
         operator token 'or' on a grouping object (it holds several units) -- this is a grouping/row key, not a per-unit label
     $.single_opcode_groups.c.narrow[51].mnemonic
         operator token 'or' on a grouping object (it holds several units) -- this is a grouping/row key, not a per-unit label
     $.single_opcode_groups.c.narrow[52].mnemonic
         operator token 'or' on a grouping object (it holds several units) -- this is a grouping/row key, not a per-unit label
     $.single_opcode_groups.c.narrow[53].mnemonic
         operator token 'or' on a grouping object (it holds several units) -- this is a grouping/row key, not a per-unit label
     $.single_opcode_groups.c.narrow[54].mnemonic
         operator token 'or' on a grouping object (it holds several units) -- this is a grouping/row key, not a per-unit label
     $.single_opcode_groups.c.narrow[55].mnemonic
         operator token 'or' on a grouping object (it holds several units) -- this is a grouping/row key, not a per-unit label
     $.single_opcode_groups.c.narrow[74].mnemonic
         operator token 'xor' on a grouping object (it holds several units) -- this is a grouping/row key, not a per-unit label
     $.single_opcode_groups.c.narrow[75].mnemonic
         operator token 'xor' on a grouping object (it holds several units) -- this is a grouping/row key, not a per-unit label
     $.single_opcode_groups.c.narrow[76].mnemonic
         operator token 'xor' on a grouping object (it holds several units) -- this is a grouping/row key, not a per-unit label
     $.single_opcode_groups.c.narrow[77].mnemonic
         operator token 'xor' on a grouping object (it holds several units) -- this is a grouping/row key, not a per-unit label
     $.single_opcode_groups.c.narrow[78].mnemonic
         operator token 'xor' on a grouping object (it holds several units) -- this is a grouping/row key, not a per-unit label
     $.single_opcode_groups.c.narrow[79].mnemonic
         operator token 'xor' on a grouping object (it holds several units) -- this is a grouping/row key, not a per-unit label
     $.single_opcode_groups.c.narrow[80].mnemonic
         operator token 'xor' on a grouping object (it holds several units) -- this is a grouping/row key, not a per-unit label
     $.single_opcode_groups.c.narrow[81].mnemonic
         operator token 'xor' on a grouping object (it holds several units) -- this is a grouping/row key, not a per-unit label
     ... and 163 more
exit 1 for /projects/PseudoCoupHQ/Research/oracle/arch_opcodes/single_opcode_units.json
======== [2/2] check_no_spelling_keys.py /projects/PseudoCoupHQ/Research/oracle/arch_opcodes/unique_opcodes.json ========
operator inventory: 91 tokens read from probe_manifest_*.json
FAIL unique_opcodes.json -- 25 spelling-keyed place(s)
     $.cross_language_rows[4].mnemonic
         operator token 'and' on a structure field -- this is a grouping/row key, not a per-unit label
     $.cross_language_rows[114].mnemonic
         operator token 'not' on a structure field -- this is a grouping/row key, not a per-unit label
     $.cross_language_rows[115].mnemonic
         operator token 'or' on a structure field -- this is a grouping/row key, not a per-unit label
     $.cross_language_rows[159].mnemonic
         operator token 'xor' on a structure field -- this is a grouping/row key, not a per-unit label
     $.per_language.c[2].mnemonic
         operator token 'xor' on a structure field -- this is a grouping/row key, not a per-unit label
     $.per_language.c[5].mnemonic
         operator token 'or' on a structure field -- this is a grouping/row key, not a per-unit label
     $.per_language.c[8].mnemonic
         operator token 'and' on a structure field -- this is a grouping/row key, not a per-unit label
     $.per_language.c[87].mnemonic
         operator token 'not' on a structure field -- this is a grouping/row key, not a per-unit label
     $.per_language.cpp[3].mnemonic
         operator token 'or' on a structure field -- this is a grouping/row key, not a per-unit label
     $.per_language.cpp[5].mnemonic
         operator token 'and' on a structure field -- this is a grouping/row key, not a per-unit label
     $.per_language.cpp[9].mnemonic
         operator token 'xor' on a structure field -- this is a grouping/row key, not a per-unit label
     $.per_language.cpp[84].mnemonic
         operator token 'not' on a structure field -- this is a grouping/row key, not a per-unit label
     $.per_language.go[4].mnemonic
         operator token 'and' on a structure field -- this is a grouping/row key, not a per-unit label
     $.per_language.go[12].mnemonic
         operator token 'not' on a structure field -- this is a grouping/row key, not a per-unit label
     $.per_language.go[13].mnemonic
         operator token 'or' on a structure field -- this is a grouping/row key, not a per-unit label
     $.per_language.go[16].mnemonic
         operator token 'xor' on a structure field -- this is a grouping/row key, not a per-unit label
     $.per_language.java[3].mnemonic
         operator token 'and' on a structure field -- this is a grouping/row key, not a per-unit label
     $.per_language.rust[3].mnemonic
         operator token 'and' on a structure field -- this is a grouping/row key, not a per-unit label
     $.per_language.rust[4].mnemonic
         operator token 'xor' on a structure field -- this is a grouping/row key, not a per-unit label
     $.per_language.rust[9].mnemonic
         operator token 'or' on a structure field -- this is a grouping/row key, not a per-unit label
     ... and 5 more
exit 1 for /projects/PseudoCoupHQ/Research/oracle/arch_opcodes/unique_opcodes.json
------------------------------------------------------------
# exit 1 in 0.2s
# work free after: 2048 MB (consumed 0 MB)
