  operator_for keys usable in cpp: 22 (of 23 filled; 1 have no unit at the widths the key reads)
    at [64, 64]   (a &&& b)
    at [64, 64]   (a + b)
    at [64, 64]   (a - b)
    at [64, 64]   (a ^^^ b)
    at [64, 64]   (a ||| b)
    at [64, 64]   (mult_to_bits_half (l := xlen) Signedness.Signed Signedness.Signed a b VectorHalf.Low)
    at [64, 64]   (shift_bits_left a (Sail.BitVec.extractLsb b (log2_xlen -i 1) 0))
    at [64, 64]   (shift_bits_right a (Sail.BitVec.extractLsb b (log2_xlen -i 1) 0))
    at [64, 64]   (shift_bits_right_arith a (Sail.BitVec.extractLsb b (log2_xlen -i 1) 0))
    at [32, 32]   (sign_extend (m := 64) ((Sail.BitVec.extractLsb a 31 0) + (Sail.BitVec.extractLsb b 31 0)))
    at [32, 32]   (sign_extend (m := 64) ((Sail.BitVec.extractLsb a 31 0) - (Sail.BitVec.extractLsb b 31 0)))
    at [32, 32]   (sign_extend (m := 64) (shift_bits_left (Sail.BitVec.extractLsb a 31 0) (Sail.BitVec.extractLsb (Sail.BitVec.e
    at [32, 32]   (sign_extend (m := 64) (shift_bits_right_arith (Sail.BitVec.extractLsb a 31 0) (Sail.BitVec.extractLsb (Sail.B
    at [32, 32]   (sign_extend (m := 64) (to_bits_truncate (l := 32) ((BitVec.toInt (Sail.BitVec.extractLsb a 31 0)) *i (BitVec.
    at [32, 32]   (sign_extend (m := 64) (to_bits_truncate (l := 32) (if (((BitVec.toInt (Sail.BitVec.extractLsb b 31 0)) == 0) 
    at [32, 32]   (sign_extend (m := 64) (to_bits_truncate (l := 32) (if (((if (((BitVec.toInt (Sail.BitVec.extractLsb b 31 0)) 
    at [64, 64]   (to_bits_truncate (l := 64) (if (((BitVec.toInt b) == 0) : Bool) then (BitVec.toInt a) else (Int.tmod (BitVec.
    at [64, 64]   (to_bits_truncate (l := 64) (if (((BitVec.toNatInt b) == 0) : Bool) then (BitVec.toNatInt a) else (Int.tmod (B
    at [64, 64]   (to_bits_truncate (l := 64) (if (((BitVec.toNatInt b) == 0) : Bool) then (Neg.neg 1) else (Int.tdiv (BitVec.to
    at [64, 64]   (to_bits_truncate (l := 64) (if (((if (((BitVec.toInt b) == 0) : Bool) then (Neg.neg 1) else (Int.tdiv (BitVec
    at [64, 64]   (zero_extend (m := 64) (bool_to_bit (zopz0zI_s a b)))
    at [64, 64]   (zero_extend (m := 64) (bool_to_bit (zopz0zI_u a b)))
  ZIMOP_MOP_RR__one            REFUSED  no key of operator_for matches: (zeros (n := 64))
  ZIMOP_MOP_R__one             REFUSED  no key of operator_for matches: (zeros (n := 64))
  ZBS_RTYPE__BCLR              REFUSED  no key of operator_for matches: (Complement.complement (shift_bits_left (zero_ex
  ZBS_RTYPE__BEXT              REFUSED  no key of operator_for matches: (zero_extend (m := 64) (bool_to_bit ((rs1_val &&
  ZBS_RTYPE__BINV              REFUSED  no key of operator_for matches: (shift_bits_left (zero_extend (m := 64) 1#1) (Sa
  ZBS_RTYPE__BSET              REFUSED  no key of operator_for matches: (shift_bits_left (zero_extend (m := 64) 1#1) (Sa
  ZBS_IOP__BCLRI               REFUSED  no key of operator_for matches: (Complement.complement (shift_bits_left (zero_ex
  ZBS_IOP__BEXTI               REFUSED  no key of operator_for matches: (zero_extend (m := 64) (bool_to_bit ((rs1_val &&
  ZBS_IOP__BINVI               REFUSED  no key of operator_for matches: (shift_bits_left (zero_extend (m := 64) 1#1) sha
  ZBS_IOP__BSETI               REFUSED  no key of operator_for matches: (shift_bits_left (zero_extend (m := 64) 1#1) sha
  ZBKB_RTYPE__PACK             REFUSED  no key of operator_for matches: ((Sail.BitVec.extractLsb rs2_val ((xlen_bytes *i
  ZBKB_RTYPE__PACKH            REFUSED  no key of operator_for matches: (zero_extend (m := 64) ((Sail.BitVec.extractLsb 
  ZBB_RTYPEW__ROLW             REFUSED  no key of operator_for matches: (sign_extend (m := 64) (rotate_bits_left (Sail.B
  ZBB_RTYPEW__RORW             REFUSED  no key of operator_for matches: (sign_extend (m := 64) (rotate_bits_right (Sail.
  ZBB_RTYPE__ANDN              REFUSED  no key of operator_for matches: (Complement.complement rs2_val)
  ZBB_RTYPE__ORN               REFUSED  no key of operator_for matches: (Complement.complement rs2_val)
  ZBB_RTYPE__XNOR              REFUSED  no key of operator_for matches: (Complement.complement (rs1_val ^^^ rs2_val))
  ZBB_RTYPE__MAX               REFUSED  no key of operator_for matches: (if ((zopz0zK_s rs1_val rs2_val) : Bool) then rs
  ZBB_RTYPE__MAXU              REFUSED  no key of operator_for matches: (if ((zopz0zK_u rs1_val rs2_val) : Bool) then rs
  ZBB_RTYPE__MIN               REFUSED  no key of operator_for matches: (if ((zopz0zI_s rs1_val rs2_val) : Bool) then rs
  ZBB_RTYPE__MINU              REFUSED  no key of operator_for matches: (if ((zopz0zI_u rs1_val rs2_val) : Bool) then rs
  ZBB_RTYPE__ROL               REFUSED  no key of operator_for matches: (rotate_bits_left rs1_val (Sail.BitVec.extractLs
  ZBB_RTYPE__ROR               REFUSED  no key of operator_for matches: (rotate_bits_right rs1_val (Sail.BitVec.extractL
  ZBB_EXTOP__SEXTB             REFUSED  no key of operator_for matches: (sign_extend (m := 64) (Sail.BitVec.extractLsb r
  ZBB_EXTOP__SEXTH             REFUSED  no key of operator_for matches: (sign_extend (m := 64) (Sail.BitVec.extractLsb r
  ZBB_EXTOP__ZEXTH             REFUSED  no key of operator_for matches: (zero_extend (m := 64) (Sail.BitVec.extractLsb r
  ZBA_RTYPEUW__one             REFUSED  no key of operator_for matches: (shift_bits_left (zero_extend (m := 64) (Sail.Bi
  ZBA_RTYPE__one               REFUSED  no key of operator_for matches: (shift_bits_left v_rs1 shamt)
  SLLIUW__one                  REFUSED  no key of operator_for matches: (shift_bits_left (zero_extend (m := 64) (Sail.Bi
  SHIFTIWOP__SLLIW             REFUSED  no key of operator_for matches: (sign_extend (m := 64) (shift_bits_left (Sail.Bi
  SHIFTIWOP__SRLIW             REFUSED  no key of operator_for matches: (sign_extend (m := 64) (shift_bits_right (Sail.B
  SHIFTIWOP__SRAIW             REFUSED  no key of operator_for matches: (sign_extend (m := 64) (shift_bits_right_arith (
  SHIFTIOP__SLLI               op_692(a, shamt)
  SHIFTIOP__SRLI               op_728(a, shamt)
  SHIFTIOP__SRAI               op_721(a, shamt)
  SHA512SUM1R__one             REFUSED  no key of operator_for matches: (sign_extend (m := 64) ((v_rs1 <<< 23) ^^^ ((v_r
  SHA512SUM0R__one             REFUSED  no key of operator_for matches: (sign_extend (m := 64) ((v_rs1 <<< 25) ^^^ ((v_r
  SHA512SIG1L__one             REFUSED  no key of operator_for matches: (sign_extend (m := 64) ((v_rs1 <<< 3) ^^^ ((v_rs
  SHA512SIG1H__one             REFUSED  no key of operator_for matches: (sign_extend (m := 64) ((v_rs1 <<< 3) ^^^ ((v_rs
  SHA512SIG0L__one             REFUSED  no key of operator_for matches: (sign_extend (m := 64) ((v_rs1 >>> 1) ^^^ ((v_rs
  SHA512SIG0H__one             REFUSED  no key of operator_for matches: (sign_extend (m := 64) ((v_rs1 >>> 1) ^^^ ((v_rs
  RTYPEW__ADDW                 op_102(a, b)
  RTYPEW__SUBW                 op_138(a, b)
  RTYPEW__SLLW                 op_678(a, b)
  RTYPEW__SRLW                 REFUSED  (sign_extend (m := 64) (shift_bits_right (Sail.BitVec.extractLsb a 31 0) (Sail.B
  RTYPEW__SRAW                 op_714(a, b)
  RTYPE__ADD                   op_116(a, b)
  RTYPE__SUB                   op_152(a, b)
  RTYPE__SLL                   op_692(a, b)
  RTYPE__SLT                   op_649(a, b)
  RTYPE__SLTU                  op_656(a, b)
  RTYPE__XOR                   op_404(a, b)
  RTYPE__SRL                   op_728(a, b)
  RTYPE__SRA                   op_721(a, b)
  RTYPE__OR                    op_368(a, b)
  RTYPE__AND                   op_440(a, b)
  RORIW__one                   REFUSED  no key of operator_for matches: (sign_extend (m := 64) (rotate_bits_right (Sail.
  RORI__one                    REFUSED  no key of operator_for matches: (rotate_bits_right v_rs1 (Sail.BitVec.extractLsb
  REV8__one                    REFUSED  no key of operator_for matches: (rev8 v_rs1)
  REMW__false                  op_246(a, b)
  REMW__true                   REFUSED  no key of operator_for matches: (sign_extend (m := 64) (to_bits_truncate (l := 3
  REM__false                   op_253(a, b)
  REM__true                    op_260(a, b)
  MULW__one                    op_174(a, b)
  MUL__High_Signed_Signed      REFUSED  no key of operator_for matches: (mult_to_bits_half (l := xlen) Signedness.Signed
  MUL__High_Signed_Unsigned    REFUSED  no key of operator_for matches: (mult_to_bits_half (l := xlen) Signedness.Signed
  MUL__High_Unsigned_Signed    REFUSED  no key of operator_for matches: (mult_to_bits_half (l := xlen) Signedness.Unsign
  MUL__High_Unsigned_Unsigned  REFUSED  no key of operator_for matches: (mult_to_bits_half (l := xlen) Signedness.Unsign
  MUL__Low_Signed_Signed       op_188(a, b)
  MUL__Low_Signed_Unsigned     REFUSED  no key of operator_for matches: (mult_to_bits_half (l := xlen) Signedness.Signed
  MUL__Low_Unsigned_Signed     REFUSED  no key of operator_for matches: (mult_to_bits_half (l := xlen) Signedness.Unsign
  MUL__Low_Unsigned_Unsigned   REFUSED  no key of operator_for matches: (mult_to_bits_half (l := xlen) Signedness.Unsign
  ITYPE__ADDI                  REFUSED  no key of operator_for matches: (sign_extend (m := 64) imm)
  ITYPE__SLTI                  REFUSED  no key of operator_for matches: (sign_extend (m := 64) imm)
  ITYPE__SLTIU                 REFUSED  no key of operator_for matches: (sign_extend (m := 64) imm)
  ITYPE__XORI                  REFUSED  no key of operator_for matches: (sign_extend (m := 64) imm)
  ITYPE__ORI                   REFUSED  no key of operator_for matches: (sign_extend (m := 64) imm)
  ITYPE__ANDI                  REFUSED  no key of operator_for matches: (sign_extend (m := 64) imm)
  DIVW__false                  op_210(a, b)
  DIVW__true                   REFUSED  no key of operator_for matches: (sign_extend (m := 64) (to_bits_truncate (l := 3
  DIV__false                   op_217(a, b)
  DIV__true                    op_224(a, b)
  C_ZEXT_B__one                REFUSED  no key of operator_for matches: (zero_extend (m := 64) (Sail.BitVec.extractLsb v
  C_NOT__one                   REFUSED  no key of operator_for matches: (Complement.complement v_r)
  CTZW__one                    REFUSED  no key of operator_for matches: (to_bits (l := 64) (BitVec.countTrailingZeros (S
  CTZ__one                     REFUSED  no key of operator_for matches: (to_bits (l := 64) (BitVec.countTrailingZeros v_
  CLZW__one                    REFUSED  no key of operator_for matches: (to_bits (l := 64) (BitVec.countLeadingZeros (Sa
  CLZ__one                     REFUSED  no key of operator_for matches: (to_bits (l := 64) (BitVec.countLeadingZeros v_r
  CLMULR__one                  REFUSED  no key of operator_for matches: (carryless_mulr v_rs1 v_rs2)
  CLMULH__one                  REFUSED  no key of operator_for matches: (Sail.BitVec.extractLsb (carryless_mul v_rs1 v_r
  CLMUL__one                   REFUSED  no key of operator_for matches: (Sail.BitVec.extractLsb (carryless_mul v_rs1 v_r
  BREV8__one                   REFUSED  no key of operator_for matches: (brev8 v_rs1)
  ADDIW__one                   REFUSED  no key of operator_for matches: (sign_extend (m := 64) (Sail.BitVec.extractLsb (
  render: 25 emulations written, 68 refused
