  proof lib LeanIM; executable lib LeanIMPrExecutable; decoder state: s0
  no-effect clauses (the body is the retire): 5
  emitted definitions scanned: 4750; lean-sail definitions indexed: 149
  decode: 23 words, lean rc=0, 9.5s
  register expressions evaluated: 2 of 2 (2.9s)
  certifying with 2 Lean job(s) at a time
  SHIFTIOP__SLLI__cpp                      CERTIFIED   15.7s  (pure_RTYPE (a) (b) (LeanIM.rop.SLL))
  SHIFTIOP__SRLI__cpp                      CERTIFIED   15.7s  (pure_RTYPE (a) (b) (LeanIM.rop.SRL))
  SHIFTIOP__SRAI__cpp                      CERTIFIED   14.8s  (pure_RTYPE (a) (b) (LeanIM.rop.SRA))
  RTYPEW__ADDW__cpp                        CERTIFIED   14.8s  (pure_RTYPEW (a) (b) (ADDW))
  RTYPEW__SUBW__cpp                        CERTIFIED   14.8s  (pure_RTYPEW (a) (b) (SUBW))
  RTYPEW__SLLW__cpp                        CERTIFIED   14.7s  (pure_RTYPEW (a) (b) (LeanIM.ropw.SLLW))
  RTYPEW__SRAW__cpp                        CERTIFIED   14.7s  (pure_RTYPEW (a) (b) (LeanIM.ropw.SRAW))
  RTYPE__ADD__cpp                          CERTIFIED   14.7s  (pure_RTYPE (a) (b) (ADD))
  RTYPE__SUB__cpp                          CERTIFIED   14.9s  (pure_RTYPE (a) (b) (SUB))
  RTYPE__SLL__cpp                          CERTIFIED   14.9s  (pure_RTYPE (a) (b) (LeanIM.rop.SLL))
  RTYPE__SLT__cpp                          CERTIFIED   14.8s  (pure_RTYPE (a) (b) (LeanIM.rop.SLT))
  RTYPE__SLTU__cpp                         CERTIFIED   14.8s  (pure_RTYPE (a) (b) (LeanIM.rop.SLTU))
  RTYPE__XOR__cpp                          CERTIFIED   15.0s  (pure_RTYPE (a) (b) (XOR))
  RTYPE__SRL__cpp                          CERTIFIED   14.9s  (pure_RTYPE (a) (b) (LeanIM.rop.SRL))
  RTYPE__SRA__cpp                          CERTIFIED   14.8s  (pure_RTYPE (a) (b) (LeanIM.rop.SRA))
  RTYPE__OR__cpp                           CERTIFIED   14.8s  (pure_RTYPE (a) (b) (OR))
  RTYPE__AND__cpp                          CERTIFIED   14.8s  (pure_RTYPE (a) (b) (AND))
  REMW__false__cpp                         CERTIFIED   14.7s  (pure_REMW (a) (b) (false))
  REM__false__cpp                          CERTIFIED   14.8s  (pure_REM (a) (b) (false))
  REM__true__cpp                           CERTIFIED   14.8s  (pure_REM (a) (b) (true))
  MULW__one__cpp                           CERTIFIED   14.7s  (pure_MULW (a) (b))
  MUL__Low_Signed_Signed__cpp              CERTIFIED   14.8s  (pure_MUL (a) (b) ({ result_part := Low, signed_rs1 := Signed, signed_rs2 := Signed }))
  DIVW__false__cpp                         CERTIFIED   14.8s  (pure_DIVW (a) (b) (false))
  DIV__false__cpp                          CERTIFIED   14.8s  (pure_DIV (a) (b) (false))
  DIV__true__cpp                           CERTIFIED   14.6s  (pure_DIV (a) (b) (true))
  walk: certified 25, failed 0, refused 0, of 25
