  proof lib LeanIM; executable lib LeanIMPrExecutable; decoder state: s0
  no-effect clauses (the body is the retire): 5
  emitted definitions scanned: 4750; lean-sail definitions indexed: 149
  decode: 322 words, lean rc=0, 100.0s
  register expressions evaluated: 7 of 8 (4.2s)
  certifying with 4 Lean job(s) at a time
  emul_au_285_c_div_i64_u64                REFUSED  no certified pure form for BTYPE (an element the rule does not know: let taken ← (( do)
  emul_au_301_c_rem_i64_u64                REFUSED  no certified pure form for BTYPE (an element the rule does not know: let taken ← (( do)
  emul_au_334_c_land_i64_bool              REFUSED  no certified pure form for ZICOND_RTYPE (an element the rule does not know: let condition ← (( do)
  emul_au_340_c_land_bool_i64              REFUSED  no certified pure form for ZICOND_RTYPE (an element the rule does not know: let condition ← (( do)
  emul_au_273_c_mul_i64_bool               REFUSED  no certified pure form for ZICOND_RTYPE (an element the rule does not know: let condition ← (( do)
  emul_au_276_c_mul_bool_i64               REFUSED  no certified pure form for ZICOND_RTYPE (an element the rule does not know: let condition ← (( do)
  emul_au_330_c_land_i32_bool              REFUSED  no certified pure form for ZICOND_RTYPE (an element the rule does not know: let condition ← (( do)
  emul_au_339_c_land_bool_i32              REFUSED  no certified pure form for ZICOND_RTYPE (an element the rule does not know: let condition ← (( do)
  emul_au_181_c_neg_bool                   REFUSED  no certified pure form for ZICOND_RTYPE (an element the rule does not know: let condition ← (( do)
  emul_au_272_c_mul_i32_bool               REFUSED  no certified pure form for ZICOND_RTYPE (an element the rule does not know: let condition ← (( do)
  emul_au_275_c_mul_bool_i32               REFUSED  no certified pure form for ZICOND_RTYPE (an element the rule does not know: let condition ← (( do)
  emul_au_279_c_div_i32_i32                REFUSED  no certified pure form for BTYPE (an element the rule does not know: let taken ← (( do)
  emul_au_280_c_div_i32_i64                REFUSED  no certified pure form for BTYPE (an element the rule does not know: let taken ← (( do)
  emul_au_281_c_div_i32_u64                REFUSED  no certified pure form for BTYPE (an element the rule does not know: let taken ← (( do)
  emul_au_283_c_div_i64_i32                REFUSED  no certified pure form for BTYPE (an element the rule does not know: let taken ← (( do)
  emul_au_284_c_div_i64_i64                REFUSED  no certified pure form for BTYPE (an element the rule does not know: let taken ← (( do)
  emul_au_287_c_div_u64_i32                REFUSED  no certified pure form for BTYPE (an element the rule does not know: let taken ← (( do)
  emul_au_291_c_div_bool_i32               REFUSED  no certified pure form for BTYPE (an element the rule does not know: let taken ← (( do)
  emul_au_292_c_div_bool_i64               REFUSED  no certified pure form for BTYPE (an element the rule does not know: let taken ← (( do)
  emul_au_293_c_div_bool_u64               REFUSED  no certified pure form for BTYPE (an element the rule does not know: let taken ← (( do)
  emul_au_295_c_rem_i32_i32                REFUSED  no certified pure form for BTYPE (an element the rule does not know: let taken ← (( do)
  emul_au_296_c_rem_i32_i64                REFUSED  no certified pure form for BTYPE (an element the rule does not know: let taken ← (( do)
  emul_au_297_c_rem_i32_u64                REFUSED  no certified pure form for BTYPE (an element the rule does not know: let taken ← (( do)
  emul_au_299_c_rem_i64_i32                REFUSED  no certified pure form for BTYPE (an element the rule does not know: let taken ← (( do)
  emul_au_300_c_rem_i64_i64                REFUSED  no certified pure form for BTYPE (an element the rule does not know: let taken ← (( do)
  emul_au_303_c_rem_u64_i32                REFUSED  no certified pure form for BTYPE (an element the rule does not know: let taken ← (( do)
  emul_au_307_c_rem_bool_i32               REFUSED  no certified pure form for BTYPE (an element the rule does not know: let taken ← (( do)
  emul_au_308_c_rem_bool_i64               REFUSED  no certified pure form for BTYPE (an element the rule does not know: let taken ← (( do)
  emul_au_309_c_rem_bool_u64               REFUSED  no certified pure form for BTYPE (an element the rule does not know: let taken ← (( do)
  emul_au_419_go_cmpl_i64                  REFUSED  register of read r not resolved
  emul_au_439_go_shl_i64_u64               REFUSED  no certified pure form for ZICOND_RTYPE (an element the rule does not know: let condition ← (( do)
  emul_au_428_go_div_i32_i32               REFUSED  no certified pure form for BTYPE (an element the rule does not know: let taken ← (( do)
  emul_au_429_go_div_i64_i64               REFUSED  no certified pure form for BTYPE (an element the rule does not know: let taken ← (( do)
  emul_au_430_go_div_u64_u64               REFUSED  no certified pure form for BTYPE (an element the rule does not know: let taken ← (( do)
  emul_au_431_go_rem_i32_i32               REFUSED  no certified pure form for BTYPE (an element the rule does not know: let taken ← (( do)
  emul_au_432_go_rem_i64_i64               REFUSED  no certified pure form for BTYPE (an element the rule does not know: let taken ← (( do)
  emul_au_433_go_rem_u64_u64               REFUSED  no certified pure form for BTYPE (an element the rule does not know: let taken ← (( do)
  emul_au_434_go_shl_i32_i32               REFUSED  no certified pure form for ZICOND_RTYPE (an element the rule does not know: let condition ← (( do)
  emul_au_435_go_shl_i32_i64               REFUSED  no certified pure form for ZICOND_RTYPE (an element the rule does not know: let condition ← (( do)
  emul_au_436_go_shl_i32_u64               REFUSED  no certified pure form for ZICOND_RTYPE (an element the rule does not know: let condition ← (( do)
  emul_au_437_go_shl_i64_i32               REFUSED  no certified pure form for ZICOND_RTYPE (an element the rule does not know: let condition ← (( do)
  emul_au_438_go_shl_i64_i64               REFUSED  no certified pure form for ZICOND_RTYPE (an element the rule does not know: let condition ← (( do)
  emul_au_440_go_shl_u64_i32               REFUSED  no certified pure form for ZICOND_RTYPE (an element the rule does not know: let condition ← (( do)
  emul_au_441_go_shl_u64_i64               REFUSED  no certified pure form for ZICOND_RTYPE (an element the rule does not know: let condition ← (( do)
  emul_au_443_go_shr_i32_i32               REFUSED  no certified pure form for ZICOND_RTYPE (an element the rule does not know: let condition ← (( do)
  emul_au_446_go_shr_i64_i32               REFUSED  no certified pure form for ZICOND_RTYPE (an element the rule does not know: let condition ← (( do)
  emul_au_449_go_shr_u64_i32               REFUSED  no certified pure form for ZICOND_RTYPE (an element the rule does not know: let condition ← (( do)
  emul_au_450_go_shr_u64_i64               REFUSED  no certified pure form for ZICOND_RTYPE (an element the rule does not know: let condition ← (( do)
  emul_au_451_go_shr_u64_u64               REFUSED  no certified pure form for ZICOND_RTYPE (an element the rule does not know: let condition ← (( do)
  emul_au_237_c_postdec_f64                CERTIFIED   18.5s  a
  emul_au_198_c_sizeof_i64                 CERTIFIED   17.8s  (pure_ITYPE (zero_reg) (((sign_extend (m := 12) (0x08#6)))) (ADDI))
  emul_au_348_c_bor_i64_i64                CERTIFIED   18.6s  (pure_RTYPE (a) (b) (OR))
  emul_au_364_c_bxor_i64_i64               CERTIFIED   18.6s  (pure_RTYPE (a) (b) (XOR))
  emul_au_380_c_band_i64_i64               CERTIFIED   18.4s  (pure_RTYPE (a) (b) (AND))
  emul_au_316_c_lor_i64_i64                CERTIFIED   18.8s  (pure_RTYPE (zero_reg) ((pure_RTYPE (a) (b) (OR))) (LeanIM.rop.SLTU))
  emul_au_332_c_land_i64_i64               CERTIFIED   18.7s  (pure_RTYPE ((pure_RTYPE (zero_reg) (a) (LeanIM.rop.SLTU))) ((pure_RTYPE (zero_reg) (b) (L
  emul_au_244_c_add_i64_i64                CERTIFIED   18.3s  (pure_RTYPE (a) (b) (ADD))
  emul_au_260_c_sub_i64_i64                CERTIFIED   19.4s  (pure_RTYPE (a) (b) (SUB))
  emul_au_278_c_mul_bool_bool              CERTIFIED   19.0s  (pure_ITYPE ((pure_RTYPE (a) (b) (AND))) ((sign_extend (m := 12) (0x01#6))) (ANDI))
  emul_au_396_c_eq_i64_i64                 CERTIFIED   18.7s  (pure_ITYPE ((pure_RTYPE (a) (b) (XOR))) (0x001#12) (LeanIM.iop.SLTIU))
  emul_au_182_c_pos_i32                    CERTIFIED   18.7s  (pure_ZBA_RTYPEUW (a) (zero_reg) (0b00#2))
  emul_au_326_c_lor_bool_bool              CERTIFIED   18.9s  (pure_ITYPE ((pure_RTYPE (a) (b) (OR))) ((sign_extend (m := 12) (0x01#6))) (ANDI))
  emul_au_185_c_pos_f32                    CERTIFIED   18.9s  (pure_ZBA_RTYPEUW (a) (zero_reg) (0b00#2))
  emul_au_238_c_postdec_bool               CERTIFIED   19.0s  (pure_ITYPE (a) ((sign_extend (m := 12) (0x01#6))) (ANDI))
  emul_au_374_c_bxor_bool_bool             CERTIFIED   18.6s  (pure_ITYPE ((pure_RTYPE (a) (b) (XOR))) ((sign_extend (m := 12) (0x01#6))) (ANDI))
  emul_au_175_c_not_i64                    CERTIFIED   18.9s  (pure_ITYPE (a) (0x001#12) (LeanIM.iop.SLTIU))
  emul_au_192_c_preinc_bool                CERTIFIED   19.2s  (pure_ITYPE (zero_reg) (((sign_extend (m := 12) (0x01#6)))) (ADDI))
  emul_au_312_c_lor_i32_i64                CERTIFIED   18.7s  (pure_RTYPE (zero_reg) ((pure_RTYPE ((pure_ADDIW (a) ((sign_extend (m := 12) (0x00#6))))) 
  emul_au_315_c_lor_i64_i32                CERTIFIED   18.5s  (pure_RTYPE (zero_reg) ((pure_RTYPE (a) ((pure_ADDIW (b) ((sign_extend (m := 12) (0x00#6))
  emul_au_318_c_lor_i64_bool               CERTIFIED   19.0s  (pure_RTYPE ((pure_RTYPE (zero_reg) (a) (LeanIM.rop.SLTU))) ((pure_ITYPE (b) ((sign_extend
  emul_au_324_c_lor_bool_i64               CERTIFIED   19.0s  (pure_RTYPE ((pure_ITYPE (a) ((sign_extend (m := 12) (0x01#6))) (ANDI))) ((pure_RTYPE (zer
  emul_au_328_c_land_i32_i64               CERTIFIED   18.7s  (pure_RTYPE ((pure_RTYPE (zero_reg) ((pure_ADDIW (a) ((sign_extend (m := 12) (0x00#6))))) 
  emul_au_331_c_land_i64_i32               CERTIFIED   18.9s  (pure_RTYPE ((pure_RTYPE (zero_reg) (a) (LeanIM.rop.SLTU))) ((pure_RTYPE (zero_reg) ((pure
  emul_au_344_c_bor_i32_i64                CERTIFIED   17.5s  (pure_RTYPE ((pure_ADDIW (a) ((sign_extend (m := 12) (0x00#6))))) (b) (OR))
  emul_au_347_c_bor_i64_i32                CERTIFIED   16.5s  (pure_RTYPE (a) ((pure_ADDIW (b) ((sign_extend (m := 12) (0x00#6))))) (OR))
  emul_au_350_c_bor_i64_bool               CERTIFIED   16.6s  (pure_RTYPE (a) ((pure_ITYPE (b) ((sign_extend (m := 12) (0x01#6))) (ANDI))) (OR))
  emul_au_356_c_bor_bool_i64               CERTIFIED   17.4s  (pure_RTYPE ((pure_ITYPE (a) ((sign_extend (m := 12) (0x01#6))) (ANDI))) (b) (OR))
  emul_au_360_c_bxor_i32_i64               CERTIFIED   16.4s  (pure_RTYPE ((pure_ADDIW (a) ((sign_extend (m := 12) (0x00#6))))) (b) (XOR))
  emul_au_363_c_bxor_i64_i32               CERTIFIED   16.7s  (pure_RTYPE (a) ((pure_ADDIW (b) ((sign_extend (m := 12) (0x00#6))))) (XOR))
  emul_au_366_c_bxor_i64_bool              CERTIFIED   16.7s  (pure_RTYPE (a) ((pure_ITYPE (b) ((sign_extend (m := 12) (0x01#6))) (ANDI))) (XOR))
  emul_au_372_c_bxor_bool_i64              CERTIFIED   16.4s  (pure_RTYPE ((pure_ITYPE (a) ((sign_extend (m := 12) (0x01#6))) (ANDI))) (b) (XOR))
  emul_au_376_c_band_i32_i64               CERTIFIED   16.9s  (pure_RTYPE ((pure_ADDIW (a) ((sign_extend (m := 12) (0x00#6))))) (b) (AND))
  emul_au_379_c_band_i64_i32               CERTIFIED   16.8s  (pure_RTYPE (a) ((pure_ADDIW (b) ((sign_extend (m := 12) (0x00#6))))) (AND))
  emul_au_382_c_band_i64_bool              CERTIFIED   16.6s  (pure_ITYPE ((pure_RTYPE (a) (b) (AND))) ((sign_extend (m := 12) (0x01#6))) (ANDI))
  emul_au_388_c_band_bool_i64              CERTIFIED   17.0s  (pure_ITYPE ((pure_RTYPE (a) (b) (AND))) ((sign_extend (m := 12) (0x01#6))) (ANDI))
  emul_au_196_c_predec_bool                CERTIFIED   16.9s  (pure_ZBB_RTYPE ((pure_ITYPE (zero_reg) (((sign_extend (m := 12) (0x01#6)))) (ADDI))) (a) 
  emul_au_179_c_neg_i64                    CERTIFIED   16.4s  (pure_RTYPE (zero_reg) (a) (LeanIM.rop.SUB))
  emul_au_197_c_sizeof_i32                 CERTIFIED   16.5s  (pure_ITYPE (zero_reg) (((sign_extend (m := 12) (0x04#6)))) (ADDI))
  emul_au_200_c_sizeof_f32                 CERTIFIED   16.9s  (pure_ITYPE (zero_reg) (((sign_extend (m := 12) (0x04#6)))) (ADDI))
  emul_au_408_c_ne_i32_i64                 CERTIFIED   17.2s  (pure_RTYPE (zero_reg) ((pure_RTYPE ((pure_ADDIW (a) ((sign_extend (m := 12) (0x00#6))))) 
  emul_au_190_c_preinc_i64                 CERTIFIED   16.6s  (pure_ITYPE (a) (((sign_extend (m := 12) (0x01#6)))) (ADDI))
  emul_au_194_c_predec_i64                 CERTIFIED   16.4s  (pure_ITYPE (a) (((sign_extend (m := 12) (0x3f#6)))) (ADDI))
  emul_au_240_c_add_i32_i64                CERTIFIED   16.9s  (pure_RTYPE ((pure_ADDIW (a) ((sign_extend (m := 12) (0x00#6))))) (b) (ADD))
  emul_au_243_c_add_i64_i32                CERTIFIED   17.1s  (pure_RTYPE (a) ((pure_ADDIW (b) ((sign_extend (m := 12) (0x00#6))))) (ADD))
  emul_au_246_c_add_i64_bool               CERTIFIED   16.9s  (pure_RTYPE (a) ((pure_ITYPE (b) ((sign_extend (m := 12) (0x01#6))) (ANDI))) (ADD))
  emul_au_252_c_add_bool_i64               CERTIFIED   16.5s  (pure_RTYPE ((pure_ITYPE (a) ((sign_extend (m := 12) (0x01#6))) (ANDI))) (b) (ADD))
  emul_au_256_c_sub_i32_i64                CERTIFIED   16.6s  (pure_RTYPE ((pure_ADDIW (a) ((sign_extend (m := 12) (0x00#6))))) (b) (SUB))
  emul_au_259_c_sub_i64_i32                CERTIFIED   16.8s  (pure_RTYPE (a) ((pure_ADDIW (b) ((sign_extend (m := 12) (0x00#6))))) (SUB))
  emul_au_262_c_sub_i64_bool               CERTIFIED   16.6s  (pure_RTYPE (a) ((pure_ITYPE (b) ((sign_extend (m := 12) (0x01#6))) (ANDI))) (SUB))
  emul_au_268_c_sub_bool_i64               CERTIFIED   17.0s  (pure_RTYPE ((pure_ITYPE (a) ((sign_extend (m := 12) (0x01#6))) (ANDI))) (b) (SUB))
  emul_au_286_c_div_i64_bool               CERTIFIED   16.2s  a
  emul_au_302_c_rem_i64_bool               CERTIFIED   16.3s  (pure_ITYPE (zero_reg) (((sign_extend (m := 12) (0x00#6)))) (ADDI))
  emul_au_343_c_bor_i32_i32                CERTIFIED   17.1s  (pure_ZBA_RTYPEUW ((pure_RTYPE (a) (b) (OR))) (zero_reg) (0b00#2))
  emul_au_359_c_bxor_i32_i32               CERTIFIED   16.6s  (pure_ZBA_RTYPEUW ((pure_RTYPE (a) (b) (XOR))) (zero_reg) (0b00#2))
  emul_au_375_c_band_i32_i32               CERTIFIED   16.5s  (pure_ZBA_RTYPEUW ((pure_RTYPE (a) (b) (AND))) (zero_reg) (0b00#2))
  emul_au_392_c_eq_i32_i64                 CERTIFIED   16.9s  (pure_ITYPE ((pure_RTYPE ((pure_ADDIW (a) ((sign_extend (m := 12) (0x00#6))))) (b) (XOR)))
  emul_au_395_c_eq_i64_i32                 CERTIFIED   16.6s  (pure_ITYPE ((pure_RTYPE (a) ((pure_ADDIW (b) ((sign_extend (m := 12) (0x00#6))))) (XOR)))
  emul_au_398_c_eq_i64_bool                CERTIFIED   16.6s  (pure_ITYPE ((pure_RTYPE (a) ((pure_ITYPE (b) ((sign_extend (m := 12) (0x01#6))) (ANDI))) 
  emul_au_404_c_eq_bool_i64                CERTIFIED   16.8s  (pure_ITYPE ((pure_RTYPE ((pure_ITYPE (a) ((sign_extend (m := 12) (0x01#6))) (ANDI))) (b) 
  emul_au_407_c_ne_i32_i32                 CERTIFIED   16.5s  (pure_RTYPE (zero_reg) ((pure_ADDIW ((pure_RTYPE (a) (b) (XOR))) ((sign_extend (m := 12) (
  emul_au_174_c_not_i32                    CERTIFIED   16.7s  (pure_ITYPE ((pure_ADDIW (a) ((sign_extend (m := 12) (0x00#6))))) (0x001#12) (LeanIM.iop.S
  emul_au_178_c_neg_i32                    CERTIFIED   16.5s  (pure_ZBA_RTYPEUW ((pure_RTYPEW (zero_reg) (a) (LeanIM.ropw.SUBW))) (zero_reg) (0b00#2))
  emul_au_239_c_add_i32_i32                CERTIFIED   16.7s  (pure_ZBA_RTYPEUW ((pure_RTYPE (a) (b) (ADD))) (zero_reg) (0b00#2))
  emul_au_255_c_sub_i32_i32                CERTIFIED   16.4s  (pure_ZBA_RTYPEUW ((pure_RTYPEW (a) (b) (SUBW))) (zero_reg) (0b00#2))
  emul_au_271_c_mul_i32_i32                CERTIFIED   16.6s  (pure_ZBA_RTYPEUW ((pure_MUL (a) (b) ({ result_part := Low, signed_rs1 := Signed, signed_r
  emul_au_294_c_div_bool_bool              CERTIFIED   16.4s  (pure_ITYPE (a) ((sign_extend (m := 12) (0x01#6))) (ANDI))
  emul_au_311_c_lor_i32_i32                CERTIFIED   16.6s  (pure_RTYPE (zero_reg) ((pure_ADDIW ((pure_RTYPE (a) (b) (OR))) ((sign_extend (m := 12) (0
  emul_au_314_c_lor_i32_bool               CERTIFIED   17.0s  (pure_RTYPE ((pure_RTYPE (zero_reg) ((pure_ADDIW (a) ((sign_extend (m := 12) (0x00#6))))) 
  emul_au_323_c_lor_bool_i32               CERTIFIED   17.2s  (pure_RTYPE ((pure_ITYPE (a) ((sign_extend (m := 12) (0x01#6))) (ANDI))) ((pure_RTYPE (zer
  emul_au_327_c_land_i32_i32               CERTIFIED   17.0s  (pure_RTYPE ((pure_RTYPE (zero_reg) ((pure_ADDIW (a) ((sign_extend (m := 12) (0x00#6))))) 
  emul_au_346_c_bor_i32_bool               CERTIFIED   16.9s  (pure_RTYPE ((pure_ZBA_RTYPEUW (a) (zero_reg) (0b00#2))) ((pure_ITYPE (b) ((sign_extend (m
  emul_au_355_c_bor_bool_i32               CERTIFIED   16.6s  (pure_RTYPE ((pure_ITYPE (a) ((sign_extend (m := 12) (0x01#6))) (ANDI))) ((pure_ZBA_RTYPEU
  emul_au_362_c_bxor_i32_bool              CERTIFIED   16.7s  (pure_RTYPE ((pure_ZBA_RTYPEUW (a) (zero_reg) (0b00#2))) ((pure_ITYPE (b) ((sign_extend (m
  emul_au_371_c_bxor_bool_i32              CERTIFIED   16.7s  (pure_RTYPE ((pure_ITYPE (a) ((sign_extend (m := 12) (0x01#6))) (ANDI))) ((pure_ZBA_RTYPEU
  emul_au_378_c_band_i32_bool              CERTIFIED   16.5s  (pure_ITYPE ((pure_RTYPE (a) (b) (AND))) ((sign_extend (m := 12) (0x01#6))) (ANDI))
  emul_au_387_c_band_bool_i32              CERTIFIED   16.9s  (pure_ITYPE ((pure_RTYPE (a) (b) (AND))) ((sign_extend (m := 12) (0x01#6))) (ANDI))
  emul_au_391_c_eq_i32_i32                 CERTIFIED   16.7s  (pure_ITYPE ((pure_ADDIW ((pure_RTYPE (a) (b) (XOR))) ((sign_extend (m := 12) (0x00#6)))))
  emul_au_406_c_eq_bool_bool               CERTIFIED   17.8s  (pure_ZBB_RTYPE ((pure_ITYPE (zero_reg) (((sign_extend (m := 12) (0x01#6)))) (ADDI))) ((pu
  emul_au_410_go_pos_i64                   CERTIFIED   16.7s  a
  emul_au_189_c_preinc_i32                 CERTIFIED   16.7s  (pure_ZBA_RTYPEUW ((pure_ITYPE (a) (((sign_extend (m := 12) (0x01#6)))) (ADDI))) (zero_reg
  emul_au_193_c_predec_i32                 CERTIFIED   16.5s  (pure_ZBA_RTYPEUW ((pure_ITYPE (a) (((sign_extend (m := 12) (0x3f#6)))) (ADDI))) (zero_reg
  emul_au_242_c_add_i32_bool               CERTIFIED   16.8s  (pure_ZBA_RTYPEUW ((pure_RTYPE (a) ((pure_ITYPE (b) ((sign_extend (m := 12) (0x01#6))) (AN
  emul_au_251_c_add_bool_i32               CERTIFIED   17.2s  (pure_ZBA_RTYPEUW ((pure_RTYPE ((pure_ITYPE (a) ((sign_extend (m := 12) (0x01#6))) (ANDI))
  emul_au_254_c_add_bool_bool              CERTIFIED   17.2s  (pure_RTYPE ((pure_ITYPE (a) ((sign_extend (m := 12) (0x01#6))) (ANDI))) ((pure_ITYPE (b) 
  emul_au_258_c_sub_i32_bool               CERTIFIED   16.8s  (pure_ZBA_RTYPEUW ((pure_RTYPEW (a) ((pure_ITYPE (b) ((sign_extend (m := 12) (0x01#6))) (A
  emul_au_267_c_sub_bool_i32               CERTIFIED   16.6s  (pure_ZBA_RTYPEUW ((pure_RTYPEW ((pure_ITYPE (a) ((sign_extend (m := 12) (0x01#6))) (ANDI)
  emul_au_270_c_sub_bool_bool              CERTIFIED   16.8s  (pure_ZBA_RTYPEUW ((pure_RTYPEW ((pure_ITYPE (a) ((sign_extend (m := 12) (0x01#6))) (ANDI)
  emul_au_282_c_div_i32_bool               CERTIFIED   16.6s  (pure_ZBA_RTYPEUW (a) (zero_reg) (0b00#2))
  emul_au_298_c_rem_i32_bool               CERTIFIED   16.8s  (pure_ITYPE (zero_reg) (((sign_extend (m := 12) (0x00#6)))) (ADDI))
  emul_au_310_c_rem_bool_bool              CERTIFIED   16.3s  (pure_ITYPE (zero_reg) (((sign_extend (m := 12) (0x00#6)))) (ADDI))
  emul_au_394_c_eq_i32_bool                CERTIFIED   16.8s  (pure_ITYPE ((pure_RTYPE ((pure_ADDIW (a) ((sign_extend (m := 12) (0x00#6))))) ((pure_ITYP
  emul_au_403_c_eq_bool_i32                CERTIFIED   17.0s  (pure_ITYPE ((pure_RTYPE ((pure_ITYPE (a) ((sign_extend (m := 12) (0x01#6))) (ANDI))) ((pu
  emul_au_415_go_neg_i64                   CERTIFIED   17.0s  (pure_RTYPE (zero_reg) (a) (LeanIM.rop.SUB))
  emul_au_426_go_mul_i64_i64               CERTIFIED   16.4s  (pure_MUL (a) (b) ({ result_part := Low, signed_rs1 := Signed, signed_rs2 := Signed }))
  emul_au_453_go_band_i64_i64              CERTIFIED   16.7s  (pure_RTYPE (a) (b) (AND))
  emul_au_456_go_andnot_i64_i64            CERTIFIED   16.8s  (pure_ZBB_RTYPE (a) (b) (LeanIM.brop_zbb.ANDN))
  emul_au_459_go_add_i64_i64               CERTIFIED   16.5s  (pure_RTYPE (a) (b) (ADD))
  emul_au_462_go_sub_i64_i64               CERTIFIED   16.9s  (pure_RTYPE (a) (b) (SUB))
  emul_au_465_go_bor_i64_i64               CERTIFIED   16.3s  (pure_RTYPE (a) (b) (OR))
  emul_au_468_go_bxor_i64_i64              CERTIFIED   16.5s  (pure_RTYPE (a) (b) (XOR))
  emul_au_471_go_eq_i64_i64                CERTIFIED   16.9s  (pure_ITYPE ((pure_RTYPE (a) (b) (XOR))) (0x001#12) (LeanIM.iop.SLTIU))
  emul_au_475_go_ne_i64_i64                CERTIFIED   16.7s  (pure_RTYPE (zero_reg) ((pure_RTYPE (a) (b) (XOR))) (LeanIM.rop.SLTU))
  emul_au_409_go_pos_i32                   CERTIFIED   16.6s  (pure_ZBA_RTYPEUW (a) (zero_reg) (0b00#2))
  emul_au_412_go_pos_f32                   CERTIFIED   16.5s  (pure_ZBA_RTYPEUW (a) (zero_reg) (0b00#2))
  emul_au_414_go_neg_i32                   CERTIFIED   16.5s  (pure_ZBA_RTYPEUW ((pure_RTYPEW (zero_reg) (a) (LeanIM.ropw.SUBW))) (zero_reg) (0b00#2))
  emul_au_417_go_not_bool                  CERTIFIED   16.9s  (pure_ZBB_RTYPE ((pure_ITYPE (zero_reg) (((sign_extend (m := 12) (0x01#6)))) (ADDI))) (a) 
  emul_au_418_go_cmpl_i32                  CERTIFIED   16.9s  (pure_ZBB_RTYPE ((pure_SHIFTIOP ((pure_ITYPE (zero_reg) (((sign_extend (m := 12) (0x3f#6))
  emul_au_425_go_mul_i32_i32               CERTIFIED   16.5s  (pure_ZBA_RTYPEUW ((pure_MUL (a) (b) ({ result_part := Low, signed_rs1 := Signed, signed_r
  emul_au_444_go_shr_i32_i64               CERTIFIED   17.5s  (pure_RTYPE ((pure_SHIFTIOP ((pure_SHIFTIOP ((pure_RTYPE ((pure_SHIFTIWOP (a) (0x1f#5) (Le
  emul_au_445_go_shr_i32_u64               CERTIFIED   17.9s  (pure_RTYPE ((pure_SHIFTIOP ((pure_SHIFTIOP ((pure_RTYPE ((pure_SHIFTIWOP (a) (0x1f#5) (Le
  emul_au_447_go_shr_i64_i64               CERTIFIED   17.4s  (pure_RTYPE ((pure_RTYPE (a) ((pure_ZBB_RTYPE (b) ((pure_ITYPE (zero_reg) (0x03f#12) (Lean
  emul_au_448_go_shr_i64_u64               CERTIFIED   17.4s  (pure_RTYPE ((pure_RTYPE (a) ((pure_ZBB_RTYPE (b) ((pure_ITYPE (zero_reg) (0x03f#12) (Lean
  emul_au_452_go_band_i32_i32              CERTIFIED   16.7s  (pure_ZBA_RTYPEUW ((pure_RTYPE (a) (b) (AND))) (zero_reg) (0b00#2))
  emul_au_455_go_andnot_i32_i32            CERTIFIED   16.7s  (pure_ZBA_RTYPEUW ((pure_ZBB_RTYPE (a) (b) (LeanIM.brop_zbb.ANDN))) (zero_reg) (0b00#2))
  emul_au_458_go_add_i32_i32               CERTIFIED   16.9s  (pure_ZBA_RTYPEUW ((pure_RTYPE (a) (b) (ADD))) (zero_reg) (0b00#2))
  emul_au_461_go_sub_i32_i32               CERTIFIED   16.8s  (pure_ZBA_RTYPEUW ((pure_RTYPEW (a) (b) (SUBW))) (zero_reg) (0b00#2))
  emul_au_464_go_bor_i32_i32               CERTIFIED   17.0s  (pure_ZBA_RTYPEUW ((pure_RTYPE (a) (b) (OR))) (zero_reg) (0b00#2))
  emul_au_467_go_bxor_i32_i32              CERTIFIED   16.8s  (pure_ZBA_RTYPEUW ((pure_RTYPE (a) (b) (XOR))) (zero_reg) (0b00#2))
  emul_au_470_go_eq_i32_i32                CERTIFIED   17.0s  (pure_ITYPE ((pure_ADDIW ((pure_RTYPE (a) (b) (XOR))) ((sign_extend (m := 12) (0x00#6)))))
  emul_au_473_go_eq_bool_bool              CERTIFIED   17.8s  (pure_ZBB_RTYPE ((pure_ITYPE (zero_reg) (((sign_extend (m := 12) (0x01#6)))) (ADDI))) ((pu
  emul_au_474_go_ne_i32_i32                CERTIFIED   17.1s  (pure_RTYPE (zero_reg) ((pure_ADDIW ((pure_RTYPE (a) (b) (XOR))) ((sign_extend (m := 12) (
  emul_au_477_go_ne_bool_bool              CERTIFIED   16.6s  (pure_ITYPE ((pure_RTYPE (a) (b) (XOR))) ((sign_extend (m := 12) (0x01#6))) (ANDI))
  emul_au_478_go_lt_i32_i32                CERTIFIED   17.0s  (pure_RTYPE ((pure_SHIFTIOP (a) ((0x20#6)) (SLLI))) ((pure_SHIFTIOP (b) ((0x20#6)) (SLLI))
  emul_au_479_go_lt_i64_i64                CERTIFIED   16.8s  (pure_RTYPE (a) (b) (LeanIM.rop.SLT))
  emul_au_480_go_lt_u64_u64                CERTIFIED   16.3s  (pure_RTYPE (a) (b) (LeanIM.rop.SLTU))
  emul_au_481_go_le_i32_i32                CERTIFIED   17.4s  (pure_ITYPE ((pure_RTYPE ((pure_SHIFTIOP (b) ((0x20#6)) (SLLI))) ((pure_SHIFTIOP (a) ((0x2
  emul_au_482_go_le_i64_i64                CERTIFIED   16.5s  (pure_ITYPE ((pure_RTYPE (b) (a) (LeanIM.rop.SLT))) (0x001#12) (LeanIM.iop.XORI))
  emul_au_483_go_le_u64_u64                CERTIFIED   16.6s  (pure_ITYPE ((pure_RTYPE (b) (a) (LeanIM.rop.SLTU))) (0x001#12) (LeanIM.iop.XORI))
  emul_au_484_go_gt_i32_i32                CERTIFIED   16.8s  (pure_RTYPE ((pure_SHIFTIOP (b) ((0x20#6)) (SLLI))) ((pure_SHIFTIOP (a) ((0x20#6)) (SLLI))
  emul_au_485_go_gt_i64_i64                CERTIFIED   16.8s  (pure_RTYPE (b) (a) (LeanIM.rop.SLT))
  emul_au_486_go_gt_u64_u64                CERTIFIED   16.7s  (pure_RTYPE (b) (a) (LeanIM.rop.SLTU))
  emul_au_487_go_ge_i32_i32                CERTIFIED   16.8s  (pure_ITYPE ((pure_RTYPE ((pure_SHIFTIOP (a) ((0x20#6)) (SLLI))) ((pure_SHIFTIOP (b) ((0x2
  emul_au_488_go_ge_i64_i64                CERTIFIED   16.8s  (pure_ITYPE ((pure_RTYPE (a) (b) (LeanIM.rop.SLT))) (0x001#12) (LeanIM.iop.XORI))
  emul_au_489_go_ge_u64_u64                CERTIFIED   16.6s  (pure_ITYPE ((pure_RTYPE (a) (b) (LeanIM.rop.SLTU))) (0x001#12) (LeanIM.iop.XORI))
  emul_au_490_go_land_bool_bool            CERTIFIED   17.3s  (pure_ITYPE ((pure_RTYPE (a) (b) (AND))) ((sign_extend (m := 12) (0x01#6))) (ANDI))
  emul_au_491_go_lor_bool_bool             CERTIFIED   14.9s  (pure_ITYPE ((pure_RTYPE (a) (b) (OR))) ((sign_extend (m := 12) (0x01#6))) (ANDI))
  walk: certified 137, failed 0, refused 49, of 186
