# script: /drop/o3_l2b_spelling_guard.sh
# started: 2026-09-06T01:57:56+00:00
# timeout: 7200s
# work free before: 2048 MB
------------------------------------------------------------
[1/1] check_no_spelling_keys.py over compiler_operators_used.json (rerun)
operator inventory: 91 tokens read from probe_manifest_*.json
FAIL compiler_operators_used.json -- 154 spelling-keyed place(s)
     $.rows[0].lowered_never_used_members[0].unit
         operator token '<=>' on a structure field -- this is a grouping/row key, not a per-unit label
     $.rows[0].lowered_never_used_members[1].unit
         operator token 'and' on a structure field -- this is a grouping/row key, not a per-unit label
     $.rows[0].lowered_never_used_members[2].unit
         operator token 'bitand' on a structure field -- this is a grouping/row key, not a per-unit label
     $.rows[0].lowered_never_used_members[3].unit
         operator token 'bitor' on a structure field -- this is a grouping/row key, not a per-unit label
     $.rows[0].lowered_never_used_members[4].unit
         operator token 'compl' on a structure field -- this is a grouping/row key, not a per-unit label
     $.rows[0].lowered_never_used_members[5].unit
         operator token 'not' on a structure field -- this is a grouping/row key, not a per-unit label
     $.rows[0].lowered_never_used_members[6].unit
         operator token 'not_eq' on a structure field -- this is a grouping/row key, not a per-unit label
     $.rows[0].lowered_never_used_members[7].unit
         operator token 'or' on a structure field -- this is a grouping/row key, not a per-unit label
     $.rows[0].lowered_never_used_members[8].unit
         operator token 'xor' on a structure field -- this is a grouping/row key, not a per-unit label
     $.rows[0].used_and_lowered_members[0].unit
         operator token '!' on a structure field -- this is a grouping/row key, not a per-unit label
     $.rows[0].used_and_lowered_members[1].unit
         operator token '!=' on a structure field -- this is a grouping/row key, not a per-unit label
     $.rows[0].used_and_lowered_members[2].unit
         operator token '%' on a structure field -- this is a grouping/row key, not a per-unit label
     $.rows[0].used_and_lowered_members[3].unit
         operator token '&' on a structure field -- this is a grouping/row key, not a per-unit label
     $.rows[0].used_and_lowered_members[4].unit
         operator token '&&' on a structure field -- this is a grouping/row key, not a per-unit label
     $.rows[0].used_and_lowered_members[5].unit
         operator token '*' on a structure field -- this is a grouping/row key, not a per-unit label
     $.rows[0].used_and_lowered_members[6].unit
         operator token '+' on a structure field -- this is a grouping/row key, not a per-unit label
     $.rows[0].used_and_lowered_members[7].unit
         operator token '++' on a structure field -- this is a grouping/row key, not a per-unit label
     $.rows[0].used_and_lowered_members[8].unit
         operator token '-' on a structure field -- this is a grouping/row key, not a per-unit label
     $.rows[0].used_and_lowered_members[9].unit
         operator token '--' on a structure field -- this is a grouping/row key, not a per-unit label
     $.rows[0].used_and_lowered_members[11].unit
         operator token '<' on a structure field -- this is a grouping/row key, not a per-unit label
     ... and 134 more
guard exit: 1
------------------------------------------------------------
# exit 0 in 0.1s
# work free after: 2048 MB (consumed 0 MB)
