# script: /drop/o3_l2_spelling_guard.sh
# started: 2026-09-06T01:56:46+00:00
# timeout: 7200s
# work free before: 2048 MB
------------------------------------------------------------
[1/1] check_no_spelling_keys.py over compiler_operators_used.json
operator inventory: 91 tokens read from probe_manifest_*.json
FAIL compiler_operators_used.json -- 169 spelling-keyed place(s)
     $.rows[0].lowered_never_used_members[0].operator
         operator token '<=>' on a object that does not identify one unit -- this is a grouping/row key, not a per-unit label
     $.rows[0].lowered_never_used_members[1].operator
         operator token 'and' on a object that does not identify one unit -- this is a grouping/row key, not a per-unit label
     $.rows[0].lowered_never_used_members[2].operator
         operator token 'bitand' on a object that does not identify one unit -- this is a grouping/row key, not a per-unit label
     $.rows[0].lowered_never_used_members[3].operator
         operator token 'bitor' on a object that does not identify one unit -- this is a grouping/row key, not a per-unit label
     $.rows[0].lowered_never_used_members[4].operator
         operator token 'compl' on a object that does not identify one unit -- this is a grouping/row key, not a per-unit label
     $.rows[0].lowered_never_used_members[5].operator
         operator token 'not' on a object that does not identify one unit -- this is a grouping/row key, not a per-unit label
     $.rows[0].lowered_never_used_members[6].operator
         operator token 'not_eq' on a object that does not identify one unit -- this is a grouping/row key, not a per-unit label
     $.rows[0].lowered_never_used_members[7].operator
         operator token 'or' on a object that does not identify one unit -- this is a grouping/row key, not a per-unit label
     $.rows[0].lowered_never_used_members[8].operator
         operator token 'xor' on a object that does not identify one unit -- this is a grouping/row key, not a per-unit label
     $.rows[0].used_and_lowered_members[0].operator
         operator token '!' on a object that does not identify one unit -- this is a grouping/row key, not a per-unit label
     $.rows[0].used_and_lowered_members[1].operator
         operator token '!=' on a object that does not identify one unit -- this is a grouping/row key, not a per-unit label
     $.rows[0].used_and_lowered_members[2].operator
         operator token '%' on a object that does not identify one unit -- this is a grouping/row key, not a per-unit label
     $.rows[0].used_and_lowered_members[3].operator
         operator token '&' on a object that does not identify one unit -- this is a grouping/row key, not a per-unit label
     $.rows[0].used_and_lowered_members[4].operator
         operator token '&&' on a object that does not identify one unit -- this is a grouping/row key, not a per-unit label
     $.rows[0].used_and_lowered_members[5].operator
         operator token '*' on a object that does not identify one unit -- this is a grouping/row key, not a per-unit label
     $.rows[0].used_and_lowered_members[6].operator
         operator token '+' on a object that does not identify one unit -- this is a grouping/row key, not a per-unit label
     $.rows[0].used_and_lowered_members[7].operator
         operator token '++' on a object that does not identify one unit -- this is a grouping/row key, not a per-unit label
     $.rows[0].used_and_lowered_members[8].operator
         operator token '-' on a object that does not identify one unit -- this is a grouping/row key, not a per-unit label
     $.rows[0].used_and_lowered_members[9].operator
         operator token '--' on a object that does not identify one unit -- this is a grouping/row key, not a per-unit label
     $.rows[0].used_and_lowered_members[10].operator
         operator token '/' on a object that does not identify one unit -- this is a grouping/row key, not a per-unit label
     ... and 149 more
guard exit: 1
------------------------------------------------------------
# exit 0 in 0.1s
# work free after: 2048 MB (consumed 0 MB)
