# script: /drop/o4_l11_claims_verify_final.sh
# started: 2026-09-06T03:51:07+00:00
# timeout: 7200s
# work free before: 2048 MB
------------------------------------------------------------
[1/1] check_conventions_log_claims.py --verify over log_210, final, after the tuple_expression/dictionary_literal correction
sandbox map in use (from Airlock mounts.conf):
  ~/Programming/PlanPlan           -> /projects/PlanPlan         present
  ~/Programming/PseudoCoupGraphs   -> /projects/PseudoCoupGraphs present
  ~/Programming/PseudoCoupHQ       -> /projects/PseudoCoupHQ     present
  ~/Programming/PseudoCoup_v5      -> /projects/PseudoCoup_v5    present
  ~/Programming/PseudoCoup_v6      -> /projects/PseudoCoup_v6    present
  ~/Programming/Sources            -> /sources                   present
work directory for every command: /projects/PseudoCoupHQ
memory: bound 512 MB; ABORT: MEMORY_BOUND_EXCEEDED at 6144 MB, checked after every command
peak RSS before any pass: 18.5 MB
the ONLY grouping key in this program: (log file name, outcome name) -- see grouping_key(); no operator token enters it

log_210_task_o4_operator_variants_by_search.md: 18 claims extracted

[1/18] log_210_task_o4_operator_variants_by_search.md:535  shell_transcript
[2/18] log_210_task_o4_operator_variants_by_search.md:556  shell_transcript
[3/18] log_210_task_o4_operator_variants_by_search.md:574  shell_transcript
[4/18] log_210_task_o4_operator_variants_by_search.md:593  shell_transcript
[5/18] log_210_task_o4_operator_variants_by_search.md:614  shell_transcript
[6/18] log_210_task_o4_operator_variants_by_search.md:624  shell_transcript
[7/18] log_210_task_o4_operator_variants_by_search.md:819  prose_verification
[8/18] log_210_task_o4_operator_variants_by_search.md:1030  prose_verification
[9/18] log_210_task_o4_operator_variants_by_search.md:1090  shell_transcript
[10/18] log_210_task_o4_operator_variants_by_search.md:1110  shell_transcript
[11/18] log_210_task_o4_operator_variants_by_search.md:1138  shell_transcript
[12/18] log_210_task_o4_operator_variants_by_search.md:1160  shell_transcript
[13/18] log_210_task_o4_operator_variants_by_search.md:1180  prose_verification
[14/18] log_210_task_o4_operator_variants_by_search.md:1203  shell_transcript
[15/18] log_210_task_o4_operator_variants_by_search.md:1269  shell_transcript
[16/18] log_210_task_o4_operator_variants_by_search.md:1296  shell_transcript
[17/18] log_210_task_o4_operator_variants_by_search.md:1322  shell_transcript
[18/18] log_210_task_o4_operator_variants_by_search.md:1327  shell_transcript

==============================================================================
PER-LOG REPORT
==============================================================================

## log_210_task_o4_operator_variants_by_search.md
   claims 18 | MATCHES 8 | DIFFERS 0 | UNVERIFIABLE 3 | REFUSED 5 | NOT_RERUNNABLE 2
   VERDICT: 8 of 18 claims reproduce; 3 (17%) carry nothing to re-run

   | line | shape | outcome | claim / reason |
   |---|---|---|---|
   | 535 | shell_transcript | **REFUSED** | `python3 ~/Programming/Airlock/airlock up --instance o4` — submits_or_moves_the_sandbox -- matched `airlock up` |
   | 556 | shell_transcript | **MATCHES** | `tail -6 /projects/PseudoCoupHQ/Research/oracle/compiler_units/lane_logs/20260906T031410Z__o4_l1b` |
   | 574 | shell_transcript | **MATCHES** | `cat /projects/PseudoCoupHQ/Research/oracle/compiler_units/lane_logs/20260906T031549Z__o4_l2b_spe` |
   | 593 | shell_transcript | **MATCHES** | `grep -c exempt  /projects/PseudoCoupHQ/Research/oracle/compiler_units/operator_variants_by_searc` |
   | 614 | shell_transcript | **REFUSED** | `python3 ~/Programming/Airlock/airlock down --instance o4` — submits_or_moves_the_sandbox -- matched `airlock down` |
   | 624 | shell_transcript | **NOT_RERUNNABLE** | `python3 /projects/PseudoCoupHQ/Research/op_pipeline/check_conventions_log_claims.py --verify --t` — timeout_20s -- it did not finish |
   | 819 | prose_verification | **UNVERIFIABLE** | ``other (array_expression)` in rustc is UNCHANGED, checked and expected, not a miss: rule (1) abo` — prose_only -- a verification is asserted with nothing beside it |
   | 1030 | prose_verification | **UNVERIFIABLE** | `1. **`~/Programming/Sources/golang_src/src/syscall/exec_plan9.go:313`** — `n == fd1 \|\|` — prose_only -- a verification is asserted with nothing beside it |
   | 1090 | shell_transcript | **REFUSED** | `python3 ~/Programming/Airlock/airlock up --instance o4` — submits_or_moves_the_sandbox -- matched `airlock up` |
   | 1110 | shell_transcript | **MATCHES** | `cat /projects/PseudoCoupHQ/Research/oracle/compiler_units/lane_logs/20260906T032634Z__o4_l4_nest` |
   | 1138 | shell_transcript | **MATCHES** | `cat /projects/PseudoCoupHQ/Research/oracle/compiler_units/lane_logs/20260906T032918Z__o4_l5_spel` |
   | 1160 | shell_transcript | **MATCHES** | `cat /projects/PseudoCoupHQ/Research/oracle/compiler_units/lane_logs/20260906T033912Z__o4_l7_grep` |
   | 1180 | prose_verification | **UNVERIFIABLE** | `Lane 6 (above) ran the verifier over this section's first draft and found 3 real DIFFERS, all in` — prose_only -- a verification is asserted with nothing beside it |
   | 1203 | shell_transcript | **NOT_RERUNNABLE** | `python3 /projects/PseudoCoupHQ/Research/op_pipeline/check_conventions_log_claims.py --verify --t` — timeout_20s -- it did not finish |
   | 1269 | shell_transcript | **MATCHES** | `cat /projects/PseudoCoupHQ/Research/oracle/compiler_units/lane_logs/20260906T034426Z__o4_l9_nest` |
   | 1296 | shell_transcript | **MATCHES** | `cat /projects/PseudoCoupHQ/Research/oracle/compiler_units/lane_logs/20260906T034628Z__o4_l10_spe` |
   | 1322 | shell_transcript | **REFUSED** | `cat /projects/PseudoCoupHQ/Research/oracle/compiler_units/lane_logs/PLACEHOLDER_L11.log` — log_unreachable -- /projects/PseudoCoupHQ/Research/oracle/compiler_units/lane_logs/PLACEHOLDER_L11.log is not  |
   | 1327 | shell_transcript | **REFUSED** | `python3 ~/Programming/Airlock/airlock down --instance o4` — submits_or_moves_the_sandbox -- matched `airlock down` |

   ### the 3 UNVERIFIABLE claim(s) -- nothing to re-run
   line 819   prose_verification   `other (array_expression)` in rustc is UNCHANGED, checked and expected, not a miss: rule (1) above o
   line 1030  prose_verification   1. **`~/Programming/Sources/golang_src/src/syscall/exec_plan9.go:313`** — `n == fd1 || n =
   line 1180  prose_verification   Lane 6 (above) ran the verifier over this section's first draft and found 3 real DIFFERS, all in thi

==============================================================================
SUMMARY, ALL LOGS
==============================================================================
population: 18 claims across 1 logs
  MATCHES          8
  DIFFERS          0
  UNVERIFIABLE     3
  REFUSED          5
  NOT_RERUNNABLE   2

ONE LINE: 8 of 18 claims reproduce; 3 (17%) carry nothing to re-run

causes, by name:
  submits_or_moves_the_sandbox     4
  prose_only                       3
  timeout_20s                      2
  log_unreachable                  1

peak RSS after the pass: 19.1 MB
wrote /projects/PseudoCoupHQ/Research/oracle/compiler_units/log_210_claims_final_final.json
operator inventory: 91 tokens read from probe_manifest_*.json
PASS log_210_claims_final_final.json -- no operator token in any key, grouping, pairing or row structure

verifier exit: 0
------------------------------------------------------------
# exit 0 in 40.5s
# work free after: 2048 MB (consumed 0 MB)
