# script: /drop/o4_l2_spelling_guard.sh
# started: 2026-09-06T03:12:40+00:00
# timeout: 7200s
# work free before: 2048 MB
------------------------------------------------------------
[1/1] check_no_spelling_keys.py over operator_variants_by_search.json
operator inventory: 91 tokens read from probe_manifest_*.json
FAIL operator_variants_by_search.json -- 5 spelling-keyed place(s)
     $.rows[4].variants[159].lhs_type
         operator token 'void' on a structure field -- this is a grouping/row key, not a per-unit label
     $.rows[4].variants[259].lhs_type
         operator token 'void' on a structure field -- this is a grouping/row key, not a per-unit label
     $.rows[4].variants[318].lhs_type
         operator token 'void' on a structure field -- this is a grouping/row key, not a per-unit label
     $.rows[4].variants[917].lhs_type
         operator token 'void' on a structure field -- this is a grouping/row key, not a per-unit label
     $.rows[4].variants[1500].rhs_type
         operator token 'void' on a structure field -- this is a grouping/row key, not a per-unit label
guard exit: 1
------------------------------------------------------------
# exit 0 in 0.1s
# work free after: 2048 MB (consumed 0 MB)
