# script: /drop/o4_l6_claims_verify_s7.sh
# started: 2026-09-06T03:37:46+00:00
# timeout: 7200s
# work free before: 2048 MB
------------------------------------------------------------
[1/1] check_conventions_log_claims.py --verify over log_210 (with section 7, nested-operand extension, appended)
sandbox map in use (from Airlock mounts.conf):
  PlanPlan           -> PlanPlan         present
  PseudoCoupGraphs   -> PseudoCoupGraphs present
  PseudoCoupHQ       -> PseudoCoupHQ     present
  PseudoCoup_v5      -> PseudoCoup_v5    present
  PseudoCoup_v6      -> PseudoCoup_v6    present
  Sources            -> /sources                   present
work directory for every command: PseudoCoupHQ
memory: bound 512 MB; ABORT: MEMORY_BOUND_EXCEEDED at 6144 MB, checked after every command
peak RSS before any pass: 18.3 MB
the ONLY grouping key in this program: (log file name, outcome name) -- see grouping_key(); no operator token enters it

log_210_task_o4_operator_variants_by_search.md: 14 claims extracted

[1/14] log_210_task_o4_operator_variants_by_search.md:535  shell_transcript
[2/14] log_210_task_o4_operator_variants_by_search.md:556  shell_transcript
[3/14] log_210_task_o4_operator_variants_by_search.md:574  shell_transcript
[4/14] log_210_task_o4_operator_variants_by_search.md:593  shell_transcript
[5/14] log_210_task_o4_operator_variants_by_search.md:614  shell_transcript
[6/14] log_210_task_o4_operator_variants_by_search.md:624  shell_transcript
[7/14] log_210_task_o4_operator_variants_by_search.md:816  prose_verification
[8/14] log_210_task_o4_operator_variants_by_search.md:1011  prose_verification
[9/14] log_210_task_o4_operator_variants_by_search.md:1071  shell_transcript
[10/14] log_210_task_o4_operator_variants_by_search.md:1085  shell_transcript
[11/14] log_210_task_o4_operator_variants_by_search.md:1108  shell_transcript
[12/14] log_210_task_o4_operator_variants_by_search.md:1119  shell_transcript
[13/14] log_210_task_o4_operator_variants_by_search.md:1133  shell_transcript
[14/14] log_210_task_o4_operator_variants_by_search.md:1141  shell_transcript

==============================================================================
PER-LOG REPORT
==============================================================================

## log_210_task_o4_operator_variants_by_search.md
   claims 14 | MATCHES 3 | DIFFERS 3 | UNVERIFIABLE 2 | REFUSED 4 | NOT_RERUNNABLE 2
   VERDICT: 3 of 14 claims DISAGREE with what re-running produces; 2 (14%) carry nothing to re-run

   | line | shape | outcome | claim / reason |
   |---|---|---|---|
   | 535 | shell_transcript | **REFUSED** | `python3 Airlock/airlock up --instance o4` — submits_or_moves_the_sandbox -- matched `airlock up` |
   | 556 | shell_transcript | **MATCHES** | `tail -6 PseudoCoupHQ/Research/oracle/compiler_units/lane_logs/20260906T031410Z__o4_l1b` |
   | 574 | shell_transcript | **MATCHES** | `cat PseudoCoupHQ/Research/oracle/compiler_units/lane_logs/20260906T031549Z__o4_l2b_spe` |
   | 593 | shell_transcript | **MATCHES** | `grep -c exempt  PseudoCoupHQ/Research/oracle/compiler_units/operator_variants_by_searc` |
   | 614 | shell_transcript | **REFUSED** | `python3 Airlock/airlock down --instance o4` — submits_or_moves_the_sandbox -- matched `airlock down` |
   | 624 | shell_transcript | **NOT_RERUNNABLE** | `python3 PseudoCoupHQ/Research/op_pipeline/check_conventions_log_claims.py --verify --t` — timeout_20s -- it did not finish |
   | 816 | prose_verification | **UNVERIFIABLE** | ``other (array_expression)` in rustc is UNCHANGED, checked and expected, not a miss: rule (1) abo` — prose_only -- a verification is asserted with nothing beside it |
   | 1011 | prose_verification | **UNVERIFIABLE** | `1. **`Sources/golang_src/src/syscall/exec_plan9.go:313`** — `n == fd1 \|\|` — prose_only -- a verification is asserted with nothing beside it |
   | 1071 | shell_transcript | **REFUSED** | `python3 Airlock/airlock up --instance o4` — submits_or_moves_the_sandbox -- matched `airlock up` |
   | 1085 | shell_transcript | **DIFFERS** | `cat PseudoCoupHQ/Research/oracle/compiler_units/lane_logs/20260906T032634Z__o4_l4_nest` — the command runs; its output disagrees with the paste |
   | 1108 | shell_transcript | **DIFFERS** | `cat PseudoCoupHQ/Research/oracle/compiler_units/lane_logs/20260906T032918Z__o4_l5_spel` — the command runs; its output disagrees with the paste |
   | 1119 | shell_transcript | **DIFFERS** | `grep -c exempt  PseudoCoupHQ/Research/oracle/compiler_units/operator_variants_by_searc` — the command runs; its output disagrees with the paste |
   | 1133 | shell_transcript | **REFUSED** | `python3 Airlock/airlock down --instance o4` — submits_or_moves_the_sandbox -- matched `airlock down` |
   | 1141 | shell_transcript | **NOT_RERUNNABLE** | `python3 PseudoCoupHQ/Research/op_pipeline/check_conventions_log_claims.py --verify --t` — no_output_pasted -- the command has nothing under it |

   ### the 3 claim(s) whose output disagrees

   line 1085, §Lanes, this section
   $ cat PseudoCoupHQ/Research/oracle/compiler_units/lane_logs/20260906T032634Z__o4_l4_nested_operands_regen.sh.log
     --- pasted in the log
     +++ produced now
     @@ -1,3 +1,8 @@
     +# script: /drop/o4_l4_nested_operands_regen.sh
     +# started: 2026-09-06T03:26:34+00:00
     +# timeout: 7200s
     +# work free before: 2048 MB
     +------------------------------------------------------------
      [1/1] operator_variants_by_search.py -- re-run after extending unwrap_and_resolve with the four nested-operand rules (nested binary-operator operand, unary recursion generalized to every language, composite/array literal written type, qualified_identifier/this/self)
        clang_llvm_cpp: 561 files, sites=39451 full=6894 partial=11036 unresolved=21521 variants=937
        go_compiler: 734 files, sites=103475 full=22810 partial=22605 unresolved=58060 variants=1050

   line 1108, §work free after: 2048 MB (consumed 0 MB)
   $ cat PseudoCoupHQ/Research/oracle/compiler_units/lane_logs/20260906T032918Z__o4_l5_spelling_guard.sh.log
     --- pasted in the log
     +++ produced now
     @@ -1,4 +1,12 @@
     +# script: /drop/o4_l5_spelling_guard.sh
     +# started: 2026-09-06T03:29:18+00:00
     +# timeout: 7200s
     +# work free before: 2048 MB
     +------------------------------------------------------------
      [1/1] check_no_spelling_keys.py over operator_variants_by_search.json (after §7 nested-operand extension)
      operator inventory: 91 tokens read from probe_manifest_*.json
      PASS operator_variants_by_search.json -- no operator token in any key, grouping, pairing or row structure
      guard exit: 0
     +------------------------------------------------------------
     +# exit 0 in 0.2s
     +# work free after: 2048 MB (consumed 0 MB)

   line 1119, §work free after: 2048 MB (consumed 0 MB)
   $ grep -c exempt  PseudoCoupHQ/Research/oracle/compiler_units/operator_variants_by_search.json  PseudoCoupHQ/Research/oracle/compiler_units/operator_variants_by_search.py  PseudoCoupHQ/Research/oracle/compiler_units/operator_variants_by_search.md  PseudoCoupHQ/Research/oracle/compiler_units/lanes_o4/o4_l4_nested_operands_regen.sh  PseudoCoupHQ/Research/oracle/compiler_units/lanes_o4/o4_l5_spelling_guard.sh
     --- pasted in the log
     +++ produced now
     @@ -1,5 +1,5 @@
     -0
     -0
     -0
     -0
     -0
     +PseudoCoupHQ/Research/oracle/compiler_units/operator_variants_by_search.json:0
     +PseudoCoupHQ/Research/oracle/compiler_units/operator_variants_by_search.py:0
     +PseudoCoupHQ/Research/oracle/compiler_units/operator_variants_by_search.md:0
     +PseudoCoupHQ/Research/oracle/compiler_units/lanes_o4/o4_l4_nested_operands_regen.sh:0
     +PseudoCoupHQ/Research/oracle/compiler_units/lanes_o4/o4_l5_spelling_guard.sh:0

   ### the 2 UNVERIFIABLE claim(s) -- nothing to re-run
   line 816   prose_verification   `other (array_expression)` in rustc is UNCHANGED, checked and expected, not a miss: rule (1) above o
   line 1011  prose_verification   1. **`Sources/golang_src/src/syscall/exec_plan9.go:313`** — `n == fd1 || n =

==============================================================================
SUMMARY, ALL LOGS
==============================================================================
population: 14 claims across 1 logs
  MATCHES          3
  DIFFERS          3
  UNVERIFIABLE     2
  REFUSED          4
  NOT_RERUNNABLE   2

ONE LINE: 3 of 14 claims DISAGREE with what re-running produces; 2 (14%) carry nothing to re-run

causes, by name:
  submits_or_moves_the_sandbox     4
  prose_only                       2
  timeout_20s                      1
  no_output_pasted                 1

peak RSS after the pass: 19.1 MB
wrote PseudoCoupHQ/Research/oracle/compiler_units/log_210_claims_s7.json
operator inventory: 91 tokens read from probe_manifest_*.json
PASS log_210_claims_s7.json -- no operator token in any key, grouping, pairing or row structure

verifier exit: 0
------------------------------------------------------------
# exit 0 in 20.2s
# work free after: 2048 MB (consumed 0 MB)
