✔ [11/90] Built LeanIMZ.Defs (33s)
✔ [12/90] Built LeanIMZ.FakeReal (952ms)
✔ [13/90] Built LeanIMZ.SpecializationV1 (1.1s)
✔ [14/90] Built LeanIMZ.RiscvExtras (1.1s)
✔ [15/90] Built LeanIMZ.Xlen (1.3s)
✔ [16/90] Built LeanIMZ.LeanIMZ (1.5s)
✔ [17/90] Built LeanIMZ.Mapping (1.5s)
✔ [18/90] Built LeanIMZ.Errors (1.6s)
✔ [19/90] Built LeanIMZ.MemAddrtype (1.6s)
✔ [20/90] Built LeanIMZ.PmTypes (1.7s)
✔ [21/90] Built LeanIMZ.Vlen (2.0s)
✔ [22/90] Built LeanIMZ.Flen (2.1s)
✔ [23/90] Built LeanIMZ.TypesExt (1.6s)
✔ [24/90] Built LeanIMZ.Flow (1.8s)
✔ [25/90] Built LeanIMZ.Common0 (1.6s)
✔ [26/90] Built LeanIMZ.Arith (1.7s)
✔ [27/90] Built LeanIMZ.ExtRegs (1.8s)
✔ [28/90] Built LeanIMZ.Callbacks0 (1.9s)
✔ [29/90] Built LeanIMZ.AextTypes (2.0s)
✔ [30/90] Built LeanIMZ.CfiTypes (2.2s)
✔ [31/90] Built LeanIMZ.MemMetadata (1.6s)
✔ [32/90] Built LeanIMZ.StepCommon (1.6s)
✔ [33/90] Built LeanIMZ.ReadWriteV1 (1.7s)
✔ [34/90] Built LeanIMZ.StepExt (1.5s)
✔ [35/90] Built LeanIMZ.MextInsts (1.8s)
✔ [36/90] Built LeanIMZ.Vector (1.8s)
✔ [37/90] Built LeanIMZ.IsaVersion (1.4s)
✔ [38/90] Built LeanIMZ.VmemTypes (1.0s)
✔ [39/90] Built LeanIMZ.Common (1.4s)
✔ [40/90] Built LeanIMZ.Prelude (1.7s)
✔ [41/90] Built LeanIMZ.MemUtils (1.4s)
✔ [42/90] Built LeanIMZ.RangeUtil (1.6s)
✔ [43/90] Built LeanIMZ.VmemPtw (2.7s)
✔ [44/90] Built LeanIMZ.RegType (1.9s)
✔ [45/90] Built LeanIMZ.Arithmetic (2.0s)
✔ [46/90] Built LeanIMZ.PhysMemInterface (2.0s)
✔ [47/90] Built LeanIMZ.Types (4.4s)
✔ [48/90] Built LeanIMZ.RvfiDii (5.0s)
✔ [49/90] Built LeanIMZ.HexBitsSigned (12s)
✔ [50/90] Built LeanIMZ.HexBits (12s)
✔ [51/90] Built LeanIMZ.SplitAccessUtils (1.4s)
✔ [52/90] Built LeanIMZ.Pma (1.6s)
✔ [53/90] Built LeanIMZ.PlatformConfig (27s)
✔ [54/90] Built LeanIMZ.StateenAccessChecks (1.2s)
✔ [55/90] Built LeanIMZ.Smcntrpmf (1.3s)
✔ [56/90] Built LeanIMZ.MemTypeUtils (1.6s)
✔ [57/90] Built LeanIMZ.InterruptRegs (2.4s)
✔ [58/90] Built LeanIMZ.Callbacks (2.5s)
✔ [59/90] Built LeanIMZ.SimpleInterruptGenerator (1.3s)
✔ [60/90] Built LeanIMZ.Regs (2.6s)
✔ [61/90] Built LeanIMZ.VextRegs (2.8s)
✔ [62/90] Built LeanIMZ.PcAccess (1.1s)
✔ [63/90] Built LeanIMZ.AddrChecks (1.0s)
✔ [64/90] Built LeanIMZ.SysRegs (4.5s)
✔ [65/90] Built LeanIMZ.PmUtils (1.4s)
✔ [66/90] Built LeanIMZ.SysExceptions (1.6s)
✔ [67/90] Built LeanIMZ.ZicfilpRegs (1.6s)
✔ [68/90] Built LeanIMZ.VmemPte (1.9s)
✔ [69/90] Built LeanIMZ.PmpRegs (2.0s)
✔ [70/90] Built LeanIMZ.StateenRegs (2.3s)
✔ [71/90] Built LeanIMZ.Platform (3.6s)
✔ [72/90] Built LeanIMZ.VmemTlb (1.7s)
✔ [73/90] Built LeanIMZ.PmpControl (1.8s)
✔ [74/90] Built LeanIMZ.ValidateConfig (3.5s)
✔ [75/90] Built LeanIMZ.SysControl (4.8s)
✔ [76/90] Built LeanIMZ.InstsBegin (1.0s)
✔ [77/90] Built LeanIMZ.ZicfilpInsts (1000ms)
✔ [78/90] Built LeanIMZ.BaseInsts (1.0s)
✔ [79/90] Built LeanIMZ.Mem (3.6s)
✔ [80/90] Built LeanIMZ.Vmem (3.1s)
✔ [81/90] Built LeanIMZ.FetchRvfi (1.4s)
✔ [82/90] Built LeanIMZ.VmemUtils (2.3s)
✔ [83/90] Built LeanIMZ.Fetch (1.4s)
✔ [84/90] Built LeanIMZ.InstsEnd (37s)
✔ [85/90] Built LeanIMZ.DecodeExt (971ms)
✔ [86/90] Built LeanIMZ.Step (2.6s)
✔ [87/90] Built LeanIMZ.Model (1.1s)
✔ [88/90] Built LeanIMZ.Main (1.0s)
✔ [89/90] Built LeanIMZ (1.3s)
Build completed successfully (90 jobs).
