TASK 78 -- canon40 AGAINST canon39

units recorded: canon39 31078, canon40 31078

OUTCOME BY POPULATION
population / outcome                                  canon39  canon40
interpreter / REFUSED                                       2        2
interpreter / WRAPPED_TEXT_PROVED                           9        9
original / GATE_DISPROVED                                   0        2
original / REFUSED                                         16       16
original / WRAPPED_TEXT_PROVED                           1763     1761
regenerated / GATE_DISPROVED                                0      110
regenerated / REFUSED                                     628      624
regenerated / WRAPPED_TEXT_PROVED                       28660    28554

proved: canon39 30432, canon40 30324   not proved: canon39 646, canon40 754

EVERY MOVEMENT, WITH ITS COMPUTED CAUSE
units whose outcome moved: 116
  swift/op_703             WRAPPED_TEXT_PROVED    -> GATE_DISPROVED          re-gated under the current reference in task 64: DISPROVED
      z3 found a starting state under which the two sides differ
  swift/op_739             WRAPPED_TEXT_PROVED    -> GATE_DISPROVED          re-gated under the current reference in task 64: DISPROVED
      z3 found a starting state under which the two sides differ
  swift/regen_1874         WRAPPED_TEXT_PROVED    -> GATE_DISPROVED          re-gated under the current reference in task 64: DISPROVED
      z3 found a starting state under which the two sides differ
  swift/regen_1876         WRAPPED_TEXT_PROVED    -> GATE_DISPROVED          re-gated under the current reference in task 64: DISPROVED
      z3 found a starting state under which the two sides differ
  swift/regen_1877         WRAPPED_TEXT_PROVED    -> GATE_DISPROVED          re-gated under the current reference in task 64: DISPROVED
      z3 found a starting state under which the two sides differ
  swift/regen_1878         WRAPPED_TEXT_PROVED    -> GATE_DISPROVED          re-gated under the current reference in task 64: DISPROVED
      z3 found a starting state under which the two sides differ
  swift/regen_1879         WRAPPED_TEXT_PROVED    -> GATE_DISPROVED          re-gated under the current reference in task 64: DISPROVED
      z3 found a starting state under which the two sides differ
  swift/regen_1886         WRAPPED_TEXT_PROVED    -> GATE_DISPROVED          re-gated under the current reference in task 64: DISPROVED
      z3 found a starting state under which the two sides differ
  swift/regen_1887         WRAPPED_TEXT_PROVED    -> GATE_DISPROVED          re-gated under the current reference in task 64: DISPROVED
      z3 found a starting state under which the two sides differ
  swift/regen_1888         WRAPPED_TEXT_PROVED    -> GATE_DISPROVED          re-gated under the current reference in task 64: DISPROVED
      z3 found a starting state under which the two sides differ
  swift/regen_1889         WRAPPED_TEXT_PROVED    -> GATE_DISPROVED          re-gated under the current reference in task 64: DISPROVED
      z3 found a starting state under which the two sides differ
  swift/regen_1890         WRAPPED_TEXT_PROVED    -> GATE_DISPROVED          re-gated under the current reference in task 64: DISPROVED
      z3 found a starting state under which the two sides differ
  swift/regen_1891         WRAPPED_TEXT_PROVED    -> GATE_DISPROVED          re-gated under the current reference in task 64: DISPROVED
      z3 found a starting state under which the two sides differ
  swift/regen_1892         WRAPPED_TEXT_PROVED    -> GATE_DISPROVED          re-gated under the current reference in task 64: DISPROVED
      z3 found a starting state under which the two sides differ
  swift/regen_1894         WRAPPED_TEXT_PROVED    -> GATE_DISPROVED          re-gated under the current reference in task 64: DISPROVED
      z3 found a starting state under which the two sides differ
  swift/regen_1895         WRAPPED_TEXT_PROVED    -> GATE_DISPROVED          re-gated under the current reference in task 64: DISPROVED
      z3 found a starting state under which the two sides differ
  swift/regen_1896         WRAPPED_TEXT_PROVED    -> GATE_DISPROVED          re-gated under the current reference in task 64: DISPROVED
      z3 found a starting state under which the two sides differ
  swift/regen_1897         WRAPPED_TEXT_PROVED    -> GATE_DISPROVED          re-gated under the current reference in task 64: DISPROVED
      z3 found a starting state under which the two sides differ
  swift/regen_1898         WRAPPED_TEXT_PROVED    -> GATE_DISPROVED          re-gated under the current reference in task 64: DISPROVED
      z3 found a starting state under which the two sides differ
  swift/regen_1899         WRAPPED_TEXT_PROVED    -> GATE_DISPROVED          re-gated under the current reference in task 64: DISPROVED
      z3 found a starting state under which the two sides differ
  swift/regen_1900         WRAPPED_TEXT_PROVED    -> GATE_DISPROVED          re-gated under the current reference in task 64: DISPROVED
      z3 found a starting state under which the two sides differ
  swift/regen_1901         WRAPPED_TEXT_PROVED    -> GATE_DISPROVED          re-gated under the current reference in task 64: DISPROVED
      z3 found a starting state under which the two sides differ
  swift/regen_1902         WRAPPED_TEXT_PROVED    -> GATE_DISPROVED          re-gated under the current reference in task 64: DISPROVED
      z3 found a starting state under which the two sides differ
  swift/regen_1903         WRAPPED_TEXT_PROVED    -> GATE_DISPROVED          re-gated under the current reference in task 64: DISPROVED
      z3 found a starting state under which the two sides differ
  swift/regen_1934         WRAPPED_TEXT_PROVED    -> GATE_DISPROVED          re-gated under the current reference in task 64: DISPROVED
      z3 found a starting state under which the two sides differ
  swift/regen_1935         WRAPPED_TEXT_PROVED    -> GATE_DISPROVED          re-gated under the current reference in task 64: DISPROVED
      z3 found a starting state under which the two sides differ
  swift/regen_1936         WRAPPED_TEXT_PROVED    -> GATE_DISPROVED          re-gated under the current reference in task 64: DISPROVED
      z3 found a starting state under which the two sides differ
  swift/regen_1937         WRAPPED_TEXT_PROVED    -> GATE_DISPROVED          re-gated under the current reference in task 64: DISPROVED
      z3 found a starting state under which the two sides differ
  swift/regen_1938         WRAPPED_TEXT_PROVED    -> GATE_DISPROVED          re-gated under the current reference in task 64: DISPROVED
      z3 found a starting state under which the two sides differ
  swift/regen_1939         WRAPPED_TEXT_PROVED    -> GATE_DISPROVED          re-gated under the current reference in task 64: DISPROVED
      z3 found a starting state under which the two sides differ
  swift/regen_1946         WRAPPED_TEXT_PROVED    -> GATE_DISPROVED          re-gated under the current reference in task 64: DISPROVED
      z3 found a starting state under which the two sides differ
  swift/regen_1947         WRAPPED_TEXT_PROVED    -> GATE_DISPROVED          re-gated under the current reference in task 64: DISPROVED
      z3 found a starting state under which the two sides differ
  swift/regen_1948         WRAPPED_TEXT_PROVED    -> GATE_DISPROVED          re-gated under the current reference in task 64: DISPROVED
      z3 found a starting state under which the two sides differ
  swift/regen_1949         WRAPPED_TEXT_PROVED    -> GATE_DISPROVED          re-gated under the current reference in task 64: DISPROVED
      z3 found a starting state under which the two sides differ
  swift/regen_1950         WRAPPED_TEXT_PROVED    -> GATE_DISPROVED          re-gated under the current reference in task 64: DISPROVED
      z3 found a starting state under which the two sides differ
  swift/regen_1951         WRAPPED_TEXT_PROVED    -> GATE_DISPROVED          re-gated under the current reference in task 64: DISPROVED
      z3 found a starting state under which the two sides differ
  swift/regen_1958         WRAPPED_TEXT_PROVED    -> GATE_DISPROVED          re-gated under the current reference in task 64: DISPROVED
      z3 found a starting state under which the two sides differ
  swift/regen_1959         WRAPPED_TEXT_PROVED    -> GATE_DISPROVED          re-gated under the current reference in task 64: DISPROVED
      z3 found a starting state under which the two sides differ
  swift/regen_1960         WRAPPED_TEXT_PROVED    -> GATE_DISPROVED          re-gated under the current reference in task 64: DISPROVED
      z3 found a starting state under which the two sides differ
  swift/regen_1961         WRAPPED_TEXT_PROVED    -> GATE_DISPROVED          re-gated under the current reference in task 64: DISPROVED
      z3 found a starting state under which the two sides differ
  swift/regen_1962         WRAPPED_TEXT_PROVED    -> GATE_DISPROVED          re-gated under the current reference in task 64: DISPROVED
      z3 found a starting state under which the two sides differ
  swift/regen_1963         WRAPPED_TEXT_PROVED    -> GATE_DISPROVED          re-gated under the current reference in task 64: DISPROVED
      z3 found a starting state under which the two sides differ
  swift/regen_1970         WRAPPED_TEXT_PROVED    -> GATE_DISPROVED          re-gated under the current reference in task 64: DISPROVED
      z3 found a starting state under which the two sides differ
  swift/regen_1971         WRAPPED_TEXT_PROVED    -> GATE_DISPROVED          re-gated under the current reference in task 64: DISPROVED
      z3 found a starting state under which the two sides differ
  swift/regen_1972         WRAPPED_TEXT_PROVED    -> GATE_DISPROVED          re-gated under the current reference in task 64: DISPROVED
      z3 found a starting state under which the two sides differ
  swift/regen_1973         WRAPPED_TEXT_PROVED    -> GATE_DISPROVED          re-gated under the current reference in task 64: DISPROVED
      z3 found a starting state under which the two sides differ
  swift/regen_1974         WRAPPED_TEXT_PROVED    -> GATE_DISPROVED          re-gated under the current reference in task 64: DISPROVED
      z3 found a starting state under which the two sides differ
  swift/regen_1975         WRAPPED_TEXT_PROVED    -> GATE_DISPROVED          re-gated under the current reference in task 64: DISPROVED
      z3 found a starting state under which the two sides differ
  swift/regen_1983         WRAPPED_TEXT_PROVED    -> GATE_DISPROVED          re-gated under the current reference in task 64: DISPROVED
      z3 found a starting state under which the two sides differ
  swift/regen_1994         WRAPPED_TEXT_PROVED    -> GATE_DISPROVED          re-gated under the current reference in task 64: DISPROVED
      z3 found a starting state under which the two sides differ
  swift/regen_1998         WRAPPED_TEXT_PROVED    -> GATE_DISPROVED          re-gated under the current reference in task 64: DISPROVED
      z3 found a starting state under which the two sides differ
  swift/regen_2006         WRAPPED_TEXT_PROVED    -> GATE_DISPROVED          re-gated under the current reference in task 64: DISPROVED
      z3 found a starting state under which the two sides differ
  swift/regen_2007         WRAPPED_TEXT_PROVED    -> GATE_DISPROVED          re-gated under the current reference in task 64: DISPROVED
      z3 found a starting state under which the two sides differ
  swift/regen_2008         WRAPPED_TEXT_PROVED    -> GATE_DISPROVED          re-gated under the current reference in task 64: DISPROVED
      z3 found a starting state under which the two sides differ
  swift/regen_2009         WRAPPED_TEXT_PROVED    -> GATE_DISPROVED          re-gated under the current reference in task 64: DISPROVED
      z3 found a starting state under which the two sides differ
  swift/regen_2010         WRAPPED_TEXT_PROVED    -> GATE_DISPROVED          re-gated under the current reference in task 64: DISPROVED
      z3 found a starting state under which the two sides differ
  swift/regen_2011         WRAPPED_TEXT_PROVED    -> GATE_DISPROVED          re-gated under the current reference in task 64: DISPROVED
      z3 found a starting state under which the two sides differ
  swift/regen_2018         WRAPPED_TEXT_PROVED    -> GATE_DISPROVED          re-gated under the current reference in task 64: DISPROVED
      z3 found a starting state under which the two sides differ
  swift/regen_2019         WRAPPED_TEXT_PROVED    -> GATE_DISPROVED          re-gated under the current reference in task 64: DISPROVED
      z3 found a starting state under which the two sides differ
  swift/regen_2020         WRAPPED_TEXT_PROVED    -> GATE_DISPROVED          re-gated under the current reference in task 64: DISPROVED
      z3 found a starting state under which the two sides differ
  swift/regen_2021         WRAPPED_TEXT_PROVED    -> GATE_DISPROVED          re-gated under the current reference in task 64: DISPROVED
      z3 found a starting state under which the two sides differ
  swift/regen_2022         WRAPPED_TEXT_PROVED    -> GATE_DISPROVED          re-gated under the current reference in task 64: DISPROVED
      z3 found a starting state under which the two sides differ
  swift/regen_2023         WRAPPED_TEXT_PROVED    -> GATE_DISPROVED          re-gated under the current reference in task 64: DISPROVED
      z3 found a starting state under which the two sides differ
  swift/regen_2024         WRAPPED_TEXT_PROVED    -> GATE_DISPROVED          re-gated under the current reference in task 64: DISPROVED
      z3 found a starting state under which the two sides differ
  swift/regen_2025         WRAPPED_TEXT_PROVED    -> GATE_DISPROVED          re-gated under the current reference in task 64: DISPROVED
      z3 found a starting state under which the two sides differ
  swift/regen_2028         WRAPPED_TEXT_PROVED    -> GATE_DISPROVED          re-gated under the current reference in task 64: DISPROVED
      z3 found a starting state under which the two sides differ
  swift/regen_2030         WRAPPED_TEXT_PROVED    -> GATE_DISPROVED          re-gated under the current reference in task 64: DISPROVED
      z3 found a starting state under which the two sides differ
  swift/regen_2031         WRAPPED_TEXT_PROVED    -> GATE_DISPROVED          re-gated under the current reference in task 64: DISPROVED
      z3 found a starting state under which the two sides differ
  swift/regen_2032         WRAPPED_TEXT_PROVED    -> GATE_DISPROVED          re-gated under the current reference in task 64: DISPROVED
      z3 found a starting state under which the two sides differ
  swift/regen_2033         WRAPPED_TEXT_PROVED    -> GATE_DISPROVED          re-gated under the current reference in task 64: DISPROVED
      z3 found a starting state under which the two sides differ
  swift/regen_2034         WRAPPED_TEXT_PROVED    -> GATE_DISPROVED          re-gated under the current reference in task 64: DISPROVED
      z3 found a starting state under which the two sides differ
  swift/regen_2035         WRAPPED_TEXT_PROVED    -> GATE_DISPROVED          re-gated under the current reference in task 64: DISPROVED
      z3 found a starting state under which the two sides differ
  swift/regen_2042         WRAPPED_TEXT_PROVED    -> GATE_DISPROVED          re-gated under the current reference in task 64: DISPROVED
      z3 found a starting state under which the two sides differ
  swift/regen_2043         WRAPPED_TEXT_PROVED    -> GATE_DISPROVED          re-gated under the current reference in task 64: DISPROVED
      z3 found a starting state under which the two sides differ
  swift/regen_2044         WRAPPED_TEXT_PROVED    -> GATE_DISPROVED          re-gated under the current reference in task 64: DISPROVED
      z3 found a starting state under which the two sides differ
  swift/regen_2045         WRAPPED_TEXT_PROVED    -> GATE_DISPROVED          re-gated under the current reference in task 64: DISPROVED
      z3 found a starting state under which the two sides differ
  swift/regen_2046         WRAPPED_TEXT_PROVED    -> GATE_DISPROVED          re-gated under the current reference in task 64: DISPROVED
      z3 found a starting state under which the two sides differ
  swift/regen_2047         WRAPPED_TEXT_PROVED    -> GATE_DISPROVED          re-gated under the current reference in task 64: DISPROVED
      z3 found a starting state under which the two sides differ
  swift/regen_2078         WRAPPED_TEXT_PROVED    -> GATE_DISPROVED          re-gated under the current reference in task 64: DISPROVED
      z3 found a starting state under which the two sides differ
  swift/regen_2079         WRAPPED_TEXT_PROVED    -> GATE_DISPROVED          re-gated under the current reference in task 64: DISPROVED
      z3 found a starting state under which the two sides differ
  swift/regen_2080         WRAPPED_TEXT_PROVED    -> GATE_DISPROVED          re-gated under the current reference in task 64: DISPROVED
      z3 found a starting state under which the two sides differ
  swift/regen_2081         WRAPPED_TEXT_PROVED    -> GATE_DISPROVED          re-gated under the current reference in task 64: DISPROVED
      z3 found a starting state under which the two sides differ
  swift/regen_2082         WRAPPED_TEXT_PROVED    -> GATE_DISPROVED          re-gated under the current reference in task 64: DISPROVED
      z3 found a starting state under which the two sides differ
  swift/regen_2083         WRAPPED_TEXT_PROVED    -> GATE_DISPROVED          re-gated under the current reference in task 64: DISPROVED
      z3 found a starting state under which the two sides differ
  swift/regen_2089         WRAPPED_TEXT_PROVED    -> GATE_DISPROVED          re-gated under the current reference in task 64: DISPROVED
      z3 found a starting state under which the two sides differ
  swift/regen_2090         WRAPPED_TEXT_PROVED    -> GATE_DISPROVED          re-gated under the current reference in task 64: DISPROVED
      z3 found a starting state under which the two sides differ
  swift/regen_2091         WRAPPED_TEXT_PROVED    -> GATE_DISPROVED          re-gated under the current reference in task 64: DISPROVED
      z3 found a starting state under which the two sides differ
  swift/regen_2092         WRAPPED_TEXT_PROVED    -> GATE_DISPROVED          re-gated under the current reference in task 64: DISPROVED
      z3 found a starting state under which the two sides differ
  swift/regen_2093         WRAPPED_TEXT_PROVED    -> GATE_DISPROVED          re-gated under the current reference in task 64: DISPROVED
      z3 found a starting state under which the two sides differ
  swift/regen_2094         WRAPPED_TEXT_PROVED    -> GATE_DISPROVED          re-gated under the current reference in task 64: DISPROVED
      z3 found a starting state under which the two sides differ
  swift/regen_2095         WRAPPED_TEXT_PROVED    -> GATE_DISPROVED          re-gated under the current reference in task 64: DISPROVED
      z3 found a starting state under which the two sides differ
  swift/regen_2102         WRAPPED_TEXT_PROVED    -> GATE_DISPROVED          re-gated under the current reference in task 64: DISPROVED
      z3 found a starting state under which the two sides differ
  swift/regen_2103         WRAPPED_TEXT_PROVED    -> GATE_DISPROVED          re-gated under the current reference in task 64: DISPROVED
      z3 found a starting state under which the two sides differ
  swift/regen_2104         WRAPPED_TEXT_PROVED    -> GATE_DISPROVED          re-gated under the current reference in task 64: DISPROVED
      z3 found a starting state under which the two sides differ
  swift/regen_2105         WRAPPED_TEXT_PROVED    -> GATE_DISPROVED          re-gated under the current reference in task 64: DISPROVED
      z3 found a starting state under which the two sides differ
  swift/regen_2106         WRAPPED_TEXT_PROVED    -> GATE_DISPROVED          re-gated under the current reference in task 64: DISPROVED
      z3 found a starting state under which the two sides differ
  swift/regen_2107         WRAPPED_TEXT_PROVED    -> GATE_DISPROVED          re-gated under the current reference in task 64: DISPROVED
      z3 found a starting state under which the two sides differ
  swift/regen_2114         WRAPPED_TEXT_PROVED    -> GATE_DISPROVED          re-gated under the current reference in task 64: DISPROVED
      z3 found a starting state under which the two sides differ
  swift/regen_2115         WRAPPED_TEXT_PROVED    -> GATE_DISPROVED          re-gated under the current reference in task 64: DISPROVED
      z3 found a starting state under which the two sides differ
  swift/regen_2116         WRAPPED_TEXT_PROVED    -> GATE_DISPROVED          re-gated under the current reference in task 64: DISPROVED
      z3 found a starting state under which the two sides differ
  swift/regen_2117         WRAPPED_TEXT_PROVED    -> GATE_DISPROVED          re-gated under the current reference in task 64: DISPROVED
      z3 found a starting state under which the two sides differ
  swift/regen_2118         WRAPPED_TEXT_PROVED    -> GATE_DISPROVED          re-gated under the current reference in task 64: DISPROVED
      z3 found a starting state under which the two sides differ
  swift/regen_2119         WRAPPED_TEXT_PROVED    -> GATE_DISPROVED          re-gated under the current reference in task 64: DISPROVED
      z3 found a starting state under which the two sides differ
  swift/regen_2127         WRAPPED_TEXT_PROVED    -> GATE_DISPROVED          re-gated under the current reference in task 64: DISPROVED
      z3 found a starting state under which the two sides differ
  swift/regen_2138         WRAPPED_TEXT_PROVED    -> GATE_DISPROVED          re-gated under the current reference in task 64: DISPROVED
      z3 found a starting state under which the two sides differ
  swift/regen_2142         WRAPPED_TEXT_PROVED    -> GATE_DISPROVED          re-gated under the current reference in task 64: DISPROVED
      z3 found a starting state under which the two sides differ
  swift/regen_2150         WRAPPED_TEXT_PROVED    -> GATE_DISPROVED          re-gated under the current reference in task 64: DISPROVED
      z3 found a starting state under which the two sides differ
  swift/regen_2151         WRAPPED_TEXT_PROVED    -> GATE_DISPROVED          re-gated under the current reference in task 64: DISPROVED
      z3 found a starting state under which the two sides differ
  swift/regen_2152         WRAPPED_TEXT_PROVED    -> GATE_DISPROVED          re-gated under the current reference in task 64: DISPROVED
      z3 found a starting state under which the two sides differ
  swift/regen_2153         WRAPPED_TEXT_PROVED    -> GATE_DISPROVED          re-gated under the current reference in task 64: DISPROVED
      z3 found a starting state under which the two sides differ
  swift/regen_2154         WRAPPED_TEXT_PROVED    -> GATE_DISPROVED          re-gated under the current reference in task 64: DISPROVED
      z3 found a starting state under which the two sides differ
  swift/regen_2155         WRAPPED_TEXT_PROVED    -> GATE_DISPROVED          re-gated under the current reference in task 64: DISPROVED
      z3 found a starting state under which the two sides differ
  swift/regen_315          REFUSED                -> WRAPPED_TEXT_PROVED     re-gated under the current reference in task 64: None
      the reference has no model for something this body spells (arch opcode 'jmp' is a census row, not a silent gap: a transfer or trap, and this reference walks a body in text order), and the form applies
  swift/regen_321          REFUSED                -> WRAPPED_TEXT_PROVED     re-gated under the current reference in task 64: None
      the reference has no model for something this body spells (arch opcode 'call' is a census row, not a silent gap: runtime callee not yet attached (Task 59, node 0_3_5_1_8): the callee's body is to be e
  swift/regen_327          REFUSED                -> WRAPPED_TEXT_PROVED     re-gated under the current reference in task 64: None
      the reference has no model for something this body spells (arch opcode 'call' is a census row, not a silent gap: runtime callee not yet attached (Task 59, node 0_3_5_1_8): the callee's body is to be e
  swift/regen_333          REFUSED                -> WRAPPED_TEXT_PROVED     re-gated under the current reference in task 64: None
      the reference has no model for something this body spells (arch opcode 'call' is a census row, not a silent gap: runtime callee not yet attached (Task 59, node 0_3_5_1_8): the callee's body is to be e

THE 2,862, TESTED RATHER THAN ASSUMED
  the measurement of log_168 §5.3, recomputed: a unit whose body transfers into a routine one of this
  machine's archives DEFINES, and whose ledger carries NO row naming that routine.
  canon39  units transferring into an archive-defined routine:   3923   of those with NO row naming it:   3619   runtime_callee rows:     608
  canon40  units transferring into an archive-defined routine:   3927   of those with NO row naming it:      0   runtime_callee rows:   49362
  units that had NO runtime row in canon39 and carry one in canon40: 3623

THE 196, BY THE SHAPE THE CALLER'S OWN TEXT GIVES THEM
  guard_exit                     180 units
  unread_runtime_routine         108 units
     guard_exit                   go     150
     guard_exit                   rust   30
     unread_runtime_routine       c      40
     unread_runtime_routine       cpp    48
     unread_runtime_routine       go     20
  by routine name (call lines, not units):
     guard_exit                 _RNvNtNtCs3BFokC4QLxY_4core9panicking11panic_const23panic_const_div_by_zero 15
     guard_exit                 _RNvNtNtCs3BFokC4QLxY_4core9panicking11panic_const23panic_const_rem_by_zero 15
     guard_exit                 _RNvNtNtCs3BFokC4QLxY_4core9panicking11panic_const24panic_const_div_overflow 8
     guard_exit                 _RNvNtNtCs3BFokC4QLxY_4core9panicking11panic_const24panic_const_rem_overflow 8
     guard_exit                 runtime_panicdivide                      28
     guard_exit                 runtime_panicshift                       122
     unread_runtime_routine     __floattihf                              44
     unread_runtime_routine     __floatuntihf                            44
     unread_runtime_routine     runtime_morestack_noctxt_abi0            20
     unread_runtime_routine     runtime_newobject                        20

peak resident set size of this audit: 160472 kbytes
