  op_units2_c_c0000.json 147 units {"REFUSED": 9, "WRAPPED_TEXT_PROVED": 138}
  op_units2_c_c0001.json 130 units {"REFUSED": 5, "WRAPPED_TEXT_PROVED": 125}
  op_units2_c_c0002.json 117 units {"REFUSED": 18, "WRAPPED_TEXT_PROVED": 99}
  op_units2_c_c0003.json 0 units {}
  op_units2_c_c0004.json 50 units {"REFUSED": 26, "WRAPPED_TEXT_PROVED": 24}
  op_units2_c_c0005.json 100 units {"REFUSED": 6, "WRAPPED_TEXT_PROVED": 94}
  op_units2_c_c0006.json 100 units {"REFUSED": 4, "WRAPPED_TEXT_PROVED": 96}
  op_units2_c_c0007.json 103 units {"REFUSED": 8, "WRAPPED_TEXT_PROVED": 95}
  op_units2_c_c0008.json 130 units {"REFUSED": 6, "WRAPPED_TEXT_PROVED": 124}
  op_units2_c_c0009.json 92 units {"REFUSED": 3, "WRAPPED_TEXT_PROVED": 89}
  op_units2_c_c0010.json 50 units {"REFUSED": 3, "WRAPPED_TEXT_PROVED": 47}
  op_units2_c_c0011.json 0 units {}
  op_units2_c_c0012.json 50 units {"REFUSED": 26, "WRAPPED_TEXT_PROVED": 24}
  op_units2_c_c0013.json 102 units {"REFUSED": 6, "WRAPPED_TEXT_PROVED": 96}
  op_units2_c_c0014.json 101 units {"REFUSED": 5, "WRAPPED_TEXT_PROVED": 96}
  op_units2_c_c0015.json 130 units {"REFUSED": 9, "WRAPPED_TEXT_PROVED": 121}
  op_units2_c_c0016.json 129 units {"REFUSED": 5, "WRAPPED_TEXT_PROVED": 124}
  op_units2_c_c0017.json 63 units {"REFUSED": 2, "WRAPPED_TEXT_PROVED": 61}
  op_units2_c_c0018.json 50 units {"REFUSED": 3, "WRAPPED_TEXT_PROVED": 47}
  op_units2_c_c0019.json 0 units {}
  op_units2_c_c0020.json 77 units {"REFUSED": 28, "WRAPPED_TEXT_PROVED": 49}
  op_units2_c_c0021.json 101 units {"REFUSED": 5, "WRAPPED_TEXT_PROVED": 96}
  op_units2_c_c0022.json 105 units {"REFUSED": 9, "WRAPPED_TEXT_PROVED": 96}
  op_units2_c_c0023.json 129 units {"REFUSED": 5, "WRAPPED_TEXT_PROVED": 124}
  op_units2_c_c0024.json 113 units {"REFUSED": 4, "WRAPPED_TEXT_PROVED": 109}
  op_units2_c_c0025.json 50 units {"REFUSED": 2, "WRAPPED_TEXT_PROVED": 48}
  op_units2_c_c0026.json 50 units {"REFUSED": 3, "WRAPPED_TEXT_PROVED": 47}
  op_units2_c_c0027.json 0 units {}
  op_units2_c_c0028.json 103 units {"REFUSED": 30, "WRAPPED_TEXT_PROVED": 73}
  op_units2_c_c0029.json 97 units {"REFUSED": 4, "WRAPPED_TEXT_PROVED": 93}
  op_units2_c_c0030.json 112 units {"REFUSED": 9, "WRAPPED_TEXT_PROVED": 103}
  op_units2_c_c0031.json 130 units {"REFUSED": 5, "WRAPPED_TEXT_PROVED": 125}
  op_units2_c_c0032.json 83 units {"REFUSED": 3, "WRAPPED_TEXT_PROVED": 80}
  op_units2_c_c0033.json 69 units {"REFUSED": 2, "WRAPPED_TEXT_PROVED": 67}
  op_units2_c_c0034.json 0 units {}
  op_units2_c_c0035.json 76 units {"WRAPPED_TEXT_PROVED": 76}
  op_units2_c_c0036.json 76 units {"WRAPPED_TEXT_PROVED": 76}
  op_units2_c_c0037.json 95 units {"WRAPPED_TEXT_PROVED": 95}
  op_units2_c_c0038.json 95 units {"WRAPPED_TEXT_PROVED": 95}
  op_units2_c_c0039.json 50 units {"WRAPPED_TEXT_PROVED": 50}
  op_units2_c_c0040.json 0 units {}
  op_units2_c_c0041.json 50 units {"WRAPPED_TEXT_PROVED": 50}
  op_units2_c_c0042.json 100 units {"WRAPPED_TEXT_PROVED": 100}
  op_units2_c_c0043.json 100 units {"WRAPPED_TEXT_PROVED": 100}
  op_units2_c_c0044.json 127 units {"WRAPPED_TEXT_PROVED": 127}
  op_units2_c_c0045.json 125 units {"WRAPPED_TEXT_PROVED": 125}
  op_units2_c_c0046.json 73 units {"WRAPPED_TEXT_PROVED": 73}
  op_units2_c_c0047.json 50 units {"WRAPPED_TEXT_PROVED": 50}
  op_units2_c_c0048.json 0 units {}
  op_units2_c_c0049.json 72 units {"WRAPPED_TEXT_PROVED": 72}
  op_units2_c_c0050.json 103 units {"WRAPPED_TEXT_PROVED": 103}
  op_units2_c_c0051.json 102 units {"WRAPPED_TEXT_PROVED": 102}
  op_units2_c_c0052.json 125 units {"WRAPPED_TEXT_PROVED": 125}
  op_units2_c_c0053.json 123 units {"WRAPPED_TEXT_PROVED": 123}
  op_units2_c_c0054.json 50 units {"WRAPPED_TEXT_PROVED": 50}
  op_units2_c_c0055.json 19 units {"WRAPPED_TEXT_PROVED": 19}
  op_units2_c_c0056.json 50 units {"WRAPPED_TEXT_PROVED": 50}
  op_units2_c_c0057.json 65 units {"WRAPPED_TEXT_PROVED": 65}
  op_units2_c_c0058.json 126 units {"WRAPPED_TEXT_PROVED": 126}
  op_units2_c_c0059.json 83 units {"WRAPPED_TEXT_PROVED": 83}
  op_units2_c_c0060.json 37 units {"WRAPPED_TEXT_PROVED": 37}
  op_units2_c_c0061.json 0 units {}
  op_units2_c_c0062.json 76 units {"WRAPPED_TEXT_PROVED": 76}
  op_units2_c_c0063.json 77 units {"WRAPPED_TEXT_PROVED": 77}
  op_units2_c_c0064.json 127 units {"WRAPPED_TEXT_PROVED": 127}
  op_units2_c_c0065.json 62 units {"WRAPPED_TEXT_PROVED": 62}
  op_units2_c_c0066.json 19 units {"WRAPPED_TEXT_PROVED": 19}
  op_units2_c_c0067.json 39 units {"WRAPPED_TEXT_PROVED": 39}
  op_units2_c_c0068.json 75 units {"WRAPPED_TEXT_PROVED": 75}
  op_units2_c_c0069.json 116 units {"WRAPPED_TEXT_PROVED": 116}
  op_units2_c_c0070.json 91 units {"WRAPPED_TEXT_PROVED": 91}
  op_units2_c_c0071.json 71 units {"WRAPPED_TEXT_PROVED": 71}
  op_units2_c_c0072.json 0 units {}
  op_units2_c_c0073.json 50 units {"WRAPPED_TEXT_PROVED": 50}
  op_units2_c_c0074.json 100 units {"WRAPPED_TEXT_PROVED": 100}
  op_units2_c_c0075.json 100 units {"WRAPPED_TEXT_PROVED": 100}
  op_units2_c_c0076.json 80 units {"WRAPPED_TEXT_PROVED": 80}
  op_units2_c_c0077.json 130 units {"WRAPPED_TEXT_PROVED": 130}
  op_units2_c_c0078.json 115 units {"WRAPPED_TEXT_PROVED": 115}
  op_units2_c_c0079.json 50 units {"WRAPPED_TEXT_PROVED": 50}
  op_units2_c_c0080.json 0 units {}
  op_units2_c_c0081.json 50 units {"WRAPPED_TEXT_PROVED": 50}
  op_units2_c_c0082.json 100 units {"WRAPPED_TEXT_PROVED": 100}
  op_units2_c_c0083.json 100 units {"WRAPPED_TEXT_PROVED": 100}
  op_units2_c_c0084.json 110 units {"WRAPPED_TEXT_PROVED": 110}
  op_units2_c_c0085.json 130 units {"WRAPPED_TEXT_PROVED": 130}
  op_units2_c_c0086.json 85 units {"WRAPPED_TEXT_PROVED": 85}
  op_units2_c_c0087.json 50 units {"WRAPPED_TEXT_PROVED": 50}
  op_units2_c_c0088.json 0 units {}
  op_units2_c_c0089.json 52 units {"WRAPPED_TEXT_PROVED": 52}
  op_units2_c_c0090.json 103 units {"WRAPPED_TEXT_PROVED": 103}
  op_units2_c_c0091.json 105 units {"WRAPPED_TEXT_PROVED": 105}
  op_units2_c_c0092.json 130 units {"WRAPPED_TEXT_PROVED": 130}
  op_units2_c_c0093.json 130 units {"WRAPPED_TEXT_PROVED": 130}
  op_units2_c_c0094.json 55 units {"WRAPPED_TEXT_PROVED": 55}
  op_units2_c_c0095.json 50 units {"WRAPPED_TEXT_PROVED": 50}
  op_units2_c_c0096.json 0 units {}
  op_units2_c_c0097.json 80 units {"WRAPPED_TEXT_PROVED": 80}
  op_units2_c_c0098.json 105 units {"WRAPPED_TEXT_PROVED": 105}
  op_units2_c_c0099.json 105 units {"WRAPPED_TEXT_PROVED": 105}
  op_units2_c_c0100.json 130 units {"WRAPPED_TEXT_PROVED": 130}
  op_units2_c_c0101.json 105 units {"WRAPPED_TEXT_PROVED": 105}
  op_units2_c_c0102.json 52 units {"WRAPPED_TEXT_PROVED": 52}
  op_units2_c_c0103.json 48 units {"WRAPPED_TEXT_PROVED": 48}
  op_units2_c_c0104.json 0 units {}
  op_units2_c_c0105.json 110 units {"WRAPPED_TEXT_PROVED": 110}
  op_units2_c_c0106.json 90 units {"WRAPPED_TEXT_PROVED": 90}
  op_units2_c_c0107.json 120 units {"WRAPPED_TEXT_PROVED": 120}
  op_units2_c_c0108.json 130 units {"WRAPPED_TEXT_PROVED": 130}
  op_units2_c_c0109.json 77 units {"WRAPPED_TEXT_PROVED": 77}
  op_units2_c_c0110.json 75 units {"WRAPPED_TEXT_PROVED": 75}
  op_units2_c_c0111.json 23 units {"WRAPPED_TEXT_PROVED": 23}
  op_units2_c_c0112.json 10 units {"WRAPPED_TEXT_PROVED": 10}
  op_units2_c_c0113.json 130 units {"WRAPPED_TEXT_PROVED": 130}
  op_units2_c_c0114.json 80 units {"WRAPPED_TEXT_PROVED": 80}
  op_units2_c_c0115.json 105 units {"WRAPPED_TEXT_PROVED": 105}
  op_units2_c_c0116.json 125 units {"WRAPPED_TEXT_PROVED": 125}
  op_units2_c_c0117.json 102 units {"WRAPPED_TEXT_PROVED": 102}
  op_units2_c_c0118.json 42 units {"WRAPPED_TEXT_PROVED": 42}
  op_units2_c_c0119.json 0 units {}
  op_units2_c_c0120.json 76 units {"WRAPPED_TEXT_PROVED": 76}
  op_units2_c_c0121.json 76 units {"WRAPPED_TEXT_PROVED": 76}
  op_units2_c_c0122.json 115 units {"WRAPPED_TEXT_PROVED": 115}
  op_units2_c_c0123.json 75 units {"WRAPPED_TEXT_PROVED": 75}
  op_units2_c_c0124.json 19 units {"WRAPPED_TEXT_PROVED": 19}
  op_units2_c_c0125.json 28 units {"WRAPPED_TEXT_PROVED": 28}
  op_units2_c_c0126.json 86 units {"WRAPPED_TEXT_PROVED": 86}
  op_units2_c_c0127.json 104 units {"WRAPPED_TEXT_PROVED": 104}
  op_units2_c_c0128.json 87 units {"WRAPPED_TEXT_PROVED": 87}
  op_units2_c_c0129.json 37 units {"WRAPPED_TEXT_PROVED": 37}
  op_units2_cpp_c0000.json 165 units {"REFUSED": 7, "WRAPPED_TEXT_PROVED": 158}
  op_units2_cpp_c0001.json 114 units {"REFUSED": 9, "WRAPPED_TEXT_PROVED": 105}
  op_units2_cpp_c0002.json 69 units {"REFUSED": 9, "WRAPPED_TEXT_PROVED": 60}
  op_units2_cpp_c0003.json 0 units {}
  op_units2_cpp_c0004.json 56 units {"REFUSED": 29, "WRAPPED_TEXT_PROVED": 27}
  op_units2_cpp_c0005.json 169 units {"REFUSED": 8, "WRAPPED_TEXT_PROVED": 161}
  op_units2_cpp_c0006.json 139 units {"REFUSED": 5, "WRAPPED_TEXT_PROVED": 134}
  op_units2_cpp_c0007.json 121 units {"REFUSED": 9, "WRAPPED_TEXT_PROVED": 112}
  op_units2_cpp_c0008.json 145 units {"REFUSED": 5, "WRAPPED_TEXT_PROVED": 140}
  op_units2_cpp_c0009.json 98 units {"REFUSED": 3, "WRAPPED_TEXT_PROVED": 95}
  op_units2_cpp_c0010.json 56 units {"REFUSED": 3, "WRAPPED_TEXT_PROVED": 53}
  op_units2_cpp_c0011.json 0 units {}
  op_units2_cpp_c0012.json 57 units {"REFUSED": 29, "WRAPPED_TEXT_PROVED": 28}
  op_units2_cpp_c0013.json 198 units {"REFUSED": 10, "WRAPPED_TEXT_PROVED": 188}
  op_units2_cpp_c0014.json 118 units {"REFUSED": 7, "WRAPPED_TEXT_PROVED": 111}
  op_units2_cpp_c0015.json 145 units {"REFUSED": 6, "WRAPPED_TEXT_PROVED": 139}
  op_units2_cpp_c0016.json 146 units {"REFUSED": 5, "WRAPPED_TEXT_PROVED": 141}
  op_units2_cpp_c0017.json 89 units {"REFUSED": 3, "WRAPPED_TEXT_PROVED": 86}
  op_units2_cpp_c0018.json 31 units {"REFUSED": 2, "WRAPPED_TEXT_PROVED": 29}
  op_units2_cpp_c0019.json 0 units {}
  op_units2_cpp_c0020.json 87 units {"REFUSED": 32, "WRAPPED_TEXT_PROVED": 55}
  op_units2_cpp_c0021.json 202 units {"REFUSED": 8, "WRAPPED_TEXT_PROVED": 194}
  op_units2_cpp_c0022.json 117 units {"REFUSED": 8, "WRAPPED_TEXT_PROVED": 109}
  op_units2_cpp_c0023.json 146 units {"REFUSED": 5, "WRAPPED_TEXT_PROVED": 141}
  op_units2_cpp_c0024.json 120 units {"REFUSED": 4, "WRAPPED_TEXT_PROVED": 116}
  op_units2_cpp_c0025.json 84 units {"REFUSED": 3, "WRAPPED_TEXT_PROVED": 81}
  op_units2_cpp_c0026.json 28 units {"REFUSED": 2, "WRAPPED_TEXT_PROVED": 26}
  op_units2_cpp_c0027.json 0 units {}
  op_units2_cpp_c0028.json 121 units {"REFUSED": 34, "WRAPPED_TEXT_PROVED": 87}
  op_units2_cpp_c0029.json 187 units {"REFUSED": 6, "WRAPPED_TEXT_PROVED": 181}
  op_units2_cpp_c0030.json 132 units {"REFUSED": 9, "WRAPPED_TEXT_PROVED": 123}
  op_units2_cpp_c0031.json 145 units {"REFUSED": 5, "WRAPPED_TEXT_PROVED": 140}
  op_units2_cpp_c0032.json 87 units {"REFUSED": 3, "WRAPPED_TEXT_PROVED": 84}
  op_units2_cpp_c0033.json 84 units {"REFUSED": 3, "WRAPPED_TEXT_PROVED": 81}
  op_units2_cpp_c0034.json 0 units {}
  op_units2_cpp_c0035.json 99 units {"WRAPPED_TEXT_PROVED": 99}
  op_units2_cpp_c0036.json 143 units {"WRAPPED_TEXT_PROVED": 143}
  op_units2_cpp_c0037.json 110 units {"WRAPPED_TEXT_PROVED": 110}
  op_units2_cpp_c0038.json 110 units {"WRAPPED_TEXT_PROVED": 110}
  op_units2_cpp_c0039.json 50 units {"WRAPPED_TEXT_PROVED": 50}
  op_units2_cpp_c0040.json 0 units {}
  op_units2_cpp_c0041.json 56 units {"WRAPPED_TEXT_PROVED": 56}
  op_units2_cpp_c0042.json 196 units {"WRAPPED_TEXT_PROVED": 196}
  op_units2_cpp_c0043.json 113 units {"WRAPPED_TEXT_PROVED": 113}
  op_units2_cpp_c0044.json 141 units {"WRAPPED_TEXT_PROVED": 141}
  op_units2_cpp_c0045.json 146 units {"WRAPPED_TEXT_PROVED": 146}
  op_units2_cpp_c0046.json 90 units {"WRAPPED_TEXT_PROVED": 90}
  op_units2_cpp_c0047.json 42 units {"WRAPPED_TEXT_PROVED": 42}
  op_units2_cpp_c0048.json 0 units {}
  op_units2_cpp_c0049.json 84 units {"WRAPPED_TEXT_PROVED": 84}
  op_units2_cpp_c0050.json 197 units {"WRAPPED_TEXT_PROVED": 197}
  op_units2_cpp_c0051.json 113 units {"WRAPPED_TEXT_PROVED": 113}
  op_units2_cpp_c0052.json 146 units {"WRAPPED_TEXT_PROVED": 146}
  op_units2_cpp_c0053.json 132 units {"WRAPPED_TEXT_PROVED": 132}
  op_units2_cpp_c0054.json 84 units {"WRAPPED_TEXT_PROVED": 84}
  op_units2_cpp_c0055.json 0 units {}
  op_units2_cpp_c0056.json 63 units {"WRAPPED_TEXT_PROVED": 63}
  op_units2_cpp_c0057.json 139 units {"WRAPPED_TEXT_PROVED": 139}
  op_units2_cpp_c0058.json 148 units {"WRAPPED_TEXT_PROVED": 148}
  op_units2_cpp_c0059.json 95 units {"WRAPPED_TEXT_PROVED": 95}
  op_units2_cpp_c0060.json 39 units {"WRAPPED_TEXT_PROVED": 39}
  op_units2_cpp_c0061.json 0 units {}
  op_units2_cpp_c0062.json 153 units {"WRAPPED_TEXT_PROVED": 153}
  op_units2_cpp_c0063.json 96 units {"WRAPPED_TEXT_PROVED": 96}
  op_units2_cpp_c0064.json 146 units {"WRAPPED_TEXT_PROVED": 146}
  op_units2_cpp_c0065.json 89 units {"WRAPPED_TEXT_PROVED": 89}
  op_units2_cpp_c0066.json 0 units {}
  op_units2_cpp_c0067.json 53 units {"WRAPPED_TEXT_PROVED": 53}
  op_units2_cpp_c0068.json 145 units {"WRAPPED_TEXT_PROVED": 145}
  op_units2_cpp_c0069.json 141 units {"WRAPPED_TEXT_PROVED": 141}
  op_units2_cpp_c0070.json 101 units {"WRAPPED_TEXT_PROVED": 101}
  op_units2_cpp_c0071.json 72 units {"WRAPPED_TEXT_PROVED": 72}
  op_units2_cpp_c0072.json 0 units {}
  op_units2_cpp_c0073.json 56 units {"WRAPPED_TEXT_PROVED": 56}
  op_units2_cpp_c0074.json 141 units {"WRAPPED_TEXT_PROVED": 141}
  op_units2_cpp_c0075.json 167 units {"WRAPPED_TEXT_PROVED": 167}
  op_units2_cpp_c0076.json 96 units {"WRAPPED_TEXT_PROVED": 96}
  op_units2_cpp_c0077.json 145 units {"WRAPPED_TEXT_PROVED": 145}
  op_units2_cpp_c0078.json 123 units {"WRAPPED_TEXT_PROVED": 123}
  op_units2_cpp_c0079.json 56 units {"WRAPPED_TEXT_PROVED": 56}
  op_units2_cpp_c0080.json 0 units {}
  op_units2_cpp_c0081.json 56 units {"WRAPPED_TEXT_PROVED": 56}
  op_units2_cpp_c0082.json 173 units {"WRAPPED_TEXT_PROVED": 173}
  op_units2_cpp_c0083.json 135 units {"WRAPPED_TEXT_PROVED": 135}
  op_units2_cpp_c0084.json 129 units {"WRAPPED_TEXT_PROVED": 129}
  op_units2_cpp_c0085.json 145 units {"WRAPPED_TEXT_PROVED": 145}
  op_units2_cpp_c0086.json 90 units {"WRAPPED_TEXT_PROVED": 90}
  op_units2_cpp_c0087.json 56 units {"WRAPPED_TEXT_PROVED": 56}
  op_units2_cpp_c0088.json 0 units {}
  op_units2_cpp_c0089.json 61 units {"WRAPPED_TEXT_PROVED": 61}
  op_units2_cpp_c0090.json 203 units {"WRAPPED_TEXT_PROVED": 203}
  op_units2_cpp_c0091.json 117 units {"WRAPPED_TEXT_PROVED": 117}
  op_units2_cpp_c0092.json 145 units {"WRAPPED_TEXT_PROVED": 145}
  op_units2_cpp_c0093.json 145 units {"WRAPPED_TEXT_PROVED": 145}
  op_units2_cpp_c0094.json 85 units {"WRAPPED_TEXT_PROVED": 85}
  op_units2_cpp_c0095.json 28 units {"WRAPPED_TEXT_PROVED": 28}
  op_units2_cpp_c0096.json 0 units {}
  op_units2_cpp_c0097.json 96 units {"WRAPPED_TEXT_PROVED": 96}
  op_units2_cpp_c0098.json 201 units {"WRAPPED_TEXT_PROVED": 201}
  op_units2_cpp_c0099.json 117 units {"WRAPPED_TEXT_PROVED": 117}
  op_units2_cpp_c0100.json 145 units {"WRAPPED_TEXT_PROVED": 145}
  op_units2_cpp_c0101.json 113 units {"WRAPPED_TEXT_PROVED": 113}
  op_units2_cpp_c0102.json 84 units {"WRAPPED_TEXT_PROVED": 84}
  op_units2_cpp_c0103.json 28 units {"WRAPPED_TEXT_PROVED": 28}
  op_units2_cpp_c0104.json 0 units {}
  op_units2_cpp_c0105.json 129 units {"WRAPPED_TEXT_PROVED": 129}
  op_units2_cpp_c0106.json 179 units {"WRAPPED_TEXT_PROVED": 179}
  op_units2_cpp_c0107.json 139 units {"WRAPPED_TEXT_PROVED": 139}
  op_units2_cpp_c0108.json 141 units {"WRAPPED_TEXT_PROVED": 141}
  op_units2_cpp_c0109.json 85 units {"WRAPPED_TEXT_PROVED": 85}
  op_units2_cpp_c0110.json 88 units {"WRAPPED_TEXT_PROVED": 88}
  op_units2_cpp_c0111.json 23 units {"WRAPPED_TEXT_PROVED": 23}
  op_units2_cpp_c0112.json 17 units {"WRAPPED_TEXT_PROVED": 17}
  op_units2_cpp_c0113.json 145 units {"WRAPPED_TEXT_PROVED": 145}
  op_units2_cpp_c0114.json 173 units {"WRAPPED_TEXT_PROVED": 173}
  op_units2_cpp_c0115.json 113 units {"WRAPPED_TEXT_PROVED": 113}
  op_units2_cpp_c0116.json 140 units {"WRAPPED_TEXT_PROVED": 140}
  op_units2_cpp_c0117.json 117 units {"WRAPPED_TEXT_PROVED": 117}
  op_units2_cpp_c0118.json 51 units {"WRAPPED_TEXT_PROVED": 51}
  op_units2_cpp_c0119.json 0 units {}
  op_units2_cpp_c0120.json 132 units {"WRAPPED_TEXT_PROVED": 132}
  op_units2_cpp_c0121.json 110 units {"WRAPPED_TEXT_PROVED": 110}
  op_units2_cpp_c0122.json 132 units {"WRAPPED_TEXT_PROVED": 132}
  op_units2_cpp_c0123.json 104 units {"WRAPPED_TEXT_PROVED": 104}
  op_units2_cpp_c0124.json 6 units {"WRAPPED_TEXT_PROVED": 6}
  op_units2_cpp_c0125.json 38 units {"WRAPPED_TEXT_PROVED": 38}
  op_units2_cpp_c0126.json 160 units {"WRAPPED_TEXT_PROVED": 160}
  op_units2_cpp_c0127.json 127 units {"WRAPPED_TEXT_PROVED": 127}
  op_units2_cpp_c0128.json 93 units {"WRAPPED_TEXT_PROVED": 93}
  op_units2_cpp_c0129.json 93 units {"WRAPPED_TEXT_PROVED": 93}
  op_units2_cpp_c0130.json 0 units {}
  op_units2_cpp_c0131.json 37 units {"WRAPPED_TEXT_PROVED": 37}
  op_units2_cpp_c0132.json 96 units {"WRAPPED_TEXT_PROVED": 96}
  op_units2_cpp_c0133.json 155 units {"WRAPPED_TEXT_PROVED": 155}
  op_units2_cpp_c0134.json 77 units {"WRAPPED_TEXT_PROVED": 77}
  op_units2_cpp_c0135.json 115 units {"WRAPPED_TEXT_PROVED": 115}
  op_units2_cpp_c0136.json 105 units {"WRAPPED_TEXT_PROVED": 105}
  op_units2_cpp_c0137.json 50 units {"WRAPPED_TEXT_PROVED": 50}
  op_units2_cpp_c0138.json 0 units {}
  op_units2_cpp_c0139.json 56 units {"WRAPPED_TEXT_PROVED": 56}
  op_units2_cpp_c0140.json 162 units {"WRAPPED_TEXT_PROVED": 162}
  op_units2_cpp_c0141.json 146 units {"WRAPPED_TEXT_PROVED": 146}
  op_units2_cpp_c0142.json 113 units {"WRAPPED_TEXT_PROVED": 113}
  op_units2_cpp_c0143.json 140 units {"WRAPPED_TEXT_PROVED": 140}
  op_units2_cpp_c0144.json 111 units {"WRAPPED_TEXT_PROVED": 111}
  op_units2_cpp_c0145.json 56 units {"WRAPPED_TEXT_PROVED": 56}
  op_units2_cpp_c0146.json 0 units {}
  op_units2_cpp_c0147.json 56 units {"WRAPPED_TEXT_PROVED": 56}
  op_units2_cpp_c0148.json 194 units {"WRAPPED_TEXT_PROVED": 194}
  op_units2_cpp_c0149.json 115 units {"WRAPPED_TEXT_PROVED": 115}
  op_units2_cpp_c0150.json 140 units {"WRAPPED_TEXT_PROVED": 140}
  op_units2_cpp_c0151.json 142 units {"WRAPPED_TEXT_PROVED": 142}
  op_units2_cpp_c0152.json 92 units {"WRAPPED_TEXT_PROVED": 92}
  op_units2_cpp_c0153.json 17 units {"WRAPPED_TEXT_PROVED": 17}
  op_units2_cpp_c0154.json 27 units {"WRAPPED_TEXT_PROVED": 27}
  op_units2_cpp_c0155.json 171 units {"WRAPPED_TEXT_PROVED": 171}
  op_units2_cpp_c0156.json 116 units {"WRAPPED_TEXT_PROVED": 116}
  op_units2_cpp_c0157.json 104 units {"WRAPPED_TEXT_PROVED": 104}
  op_units2_cpp_c0158.json 66 units {"WRAPPED_TEXT_PROVED": 66}
  op_units2_cpp_c0159.json 0 units {}
  op_units2_cpp_c0160.json 118 units {"WRAPPED_TEXT_PROVED": 118}
  op_units2_cpp_c0161.json 124 units {"WRAPPED_TEXT_PROVED": 124}
  op_units2_cpp_c0162.json 119 units {"WRAPPED_TEXT_PROVED": 119}
  op_units2_cpp_c0163.json 101 units {"WRAPPED_TEXT_PROVED": 101}
  op_units2_cpp_c0164.json 22 units {"WRAPPED_TEXT_PROVED": 22}
  op_units2_cpp_c0165.json 22 units {"WRAPPED_TEXT_PROVED": 22}
  op_units2_cpp_c0166.json 176 units {"WRAPPED_TEXT_PROVED": 176}
  op_units2_cpp_c0167.json 110 units {"WRAPPED_TEXT_PROVED": 110}
  op_units2_cpp_c0168.json 110 units {"WRAPPED_TEXT_PROVED": 110}
  op_units2_cpp_c0169.json 80 units {"WRAPPED_TEXT_PROVED": 80}
  op_units2_cpp_c0170.json 14 units {"WRAPPED_TEXT_PROVED": 14}
  op_units2_cpp_c0171.json 25 units {"WRAPPED_TEXT_PROVED": 25}
  op_units2_cpp_c0172.json 143 units {"WRAPPED_TEXT_PROVED": 143}
  op_units2_cpp_c0173.json 169 units {"WRAPPED_TEXT_PROVED": 169}
  op_units2_cpp_c0174.json 111 units {"WRAPPED_TEXT_PROVED": 111}
  op_units2_cpp_c0175.json 140 units {"WRAPPED_TEXT_PROVED": 140}
  op_units2_cpp_c0176.json 126 units {"WRAPPED_TEXT_PROVED": 126}
  op_units2_cpp_c0177.json 42 units {"WRAPPED_TEXT_PROVED": 42}
  op_units2_go_c0000.json 330 units {"REFUSED": 13, "WRAPPED_TEXT_PROVED": 317}
  op_units2_go_c0001.json 153 units {"WRAPPED_TEXT_PROVED": 153}
  op_units2_rust_c0000.json 53 units {"REFUSED": 4, "WRAPPED_TEXT_PROVED": 49}
  op_units2_rust_c0001.json 194 units {"WRAPPED_TEXT_PROVED": 194}
  op_units2_rust_c0002.json 300 units {"REFUSED": 4, "WRAPPED_TEXT_PROVED": 296}
  op_units2_rust_c0003.json 12 units {"WRAPPED_TEXT_PROVED": 12}
  op_units2_rust_c0004.json 11 units {"WRAPPED_TEXT_PROVED": 11}
  op_units2_swift_c0000.json 181 units {"REFUSED": 21, "WRAPPED_TEXT_PROVED": 160}
  op_units2_swift_c0001.json 285 units {"WRAPPED_TEXT_PROVED": 285}
  op_units2_swift_c0002.json 221 units {"WRAPPED_TEXT_PROVED": 221}
  op_units2_swift_c0003.json 105 units {"WRAPPED_TEXT_PROVED": 105}
  op_units2_swift_c0004.json 157 units {"REFUSED": 23, "WRAPPED_TEXT_PROVED": 134}
  op_units2_swift_c0005.json 171 units {"REFUSED": 33, "WRAPPED_TEXT_PROVED": 138}
  op_units2_swift_c0006.json 22 units {"REFUSED": 1, "WRAPPED_TEXT_PROVED": 21}
  op_units2_swift_c0007.json 13 units {"REFUSED": 1, "WRAPPED_TEXT_PROVED": 12}
  op_units2_swift_c0008.json 0 units {}
  op_units2_swift_c0009.json 0 units {}
  op_units2_swift_c0010.json 0 units {}
chunks 326 of 326 done, 29288 units, {"REFUSED": 624, "WRAPPED_TEXT_PROVED": 28664}
