  c: 25 done
  c: 50 done
  c: 75 done
  c: 100 done
  c: 125 done
  c: 150 done
  c: 175 done
  c: 200 done
  c: 225 done
  c: 250 done
  c: 275 done
  c: 300 done
  c: 325 done
  c: 350 done
  c: 375 done
  c: 400 done
  c: 425 done
  c: 450 done
  c: 475 done
  c: 500 done
  c: 525 done
  c: 550 done
  c: 575 done
  c: 600 done
  cpp: 25 done
  cpp: 50 done
  cpp: 75 done
  cpp: 100 done
  cpp: 125 done
  cpp: 150 done
  cpp: 175 done
  cpp: 200 done
  cpp: 225 done
  cpp: 250 done
  cpp: 275 done
  cpp: 300 done
  cpp: 325 done
  cpp: 350 done
  cpp: 375 done
  cpp: 400 done
  cpp: 425 done
  cpp: 450 done
  cpp: 475 done
  cpp: 500 done
  cpp: 525 done
  cpp: 550 done
  cpp: 575 done
  cpp: 600 done
  cpp: 625 done
  cpp: 650 done
  cpp: 675 done
  cpp: 700 done
  cpp: 725 done
  cpp: 750 done
  go: 25 done
  go: 50 done
  go: 75 done
  go: 100 done
  rust: 25 done
  rust: 50 done
  rust: 75 done
  rust: 100 done
  rust: 125 done
  swift: 25 done
  swift: 50 done
  swift: 75 done
  swift: 100 done
  swift: 125 done
  swift: 150 done
c       610 units  {"WRAPPED_TEXT_PROVED": 610}
cpp     770 units  {"WRAPPED_TEXT_PROVED": 770}
go      107 units  {"WRAPPED_TEXT_PROVED": 107}
rust    125 units  {"REFUSED": 2, "WRAPPED_TEXT_PROVED": 123}
swift   167 units  {"REFUSED": 14, "WRAPPED_TEXT_PROVED": 153}
