original c      610 units
original cpp    770 units
original go     107 units
original rust   123 units
original swift  153 units
interpreter 9 units
regen op_units2_c_c0000.json 138 units (1 chunks done)
regen op_units2_c_c0001.json 125 units (2 chunks done)
regen op_units2_c_c0002.json 99 units (3 chunks done)
regen op_units2_c_c0003.json 0 units (4 chunks done)
regen op_units2_c_c0004.json 24 units (5 chunks done)
regen op_units2_c_c0005.json 94 units (6 chunks done)
regen op_units2_c_c0006.json 96 units (7 chunks done)
regen op_units2_c_c0007.json 95 units (8 chunks done)
regen op_units2_c_c0008.json 124 units (9 chunks done)
regen op_units2_c_c0009.json 89 units (10 chunks done)
regen op_units2_c_c0010.json 47 units (11 chunks done)
regen op_units2_c_c0011.json 0 units (12 chunks done)
regen op_units2_c_c0012.json 24 units (13 chunks done)
regen op_units2_c_c0013.json 96 units (14 chunks done)
regen op_units2_c_c0014.json 96 units (15 chunks done)
regen op_units2_c_c0015.json 121 units (16 chunks done)
regen op_units2_c_c0016.json 124 units (17 chunks done)
regen op_units2_c_c0017.json 61 units (18 chunks done)
regen op_units2_c_c0018.json 47 units (19 chunks done)
regen op_units2_c_c0019.json 0 units (20 chunks done)
regen op_units2_c_c0020.json 49 units (21 chunks done)
regen op_units2_c_c0021.json 96 units (22 chunks done)
regen op_units2_c_c0022.json 96 units (23 chunks done)
regen op_units2_c_c0023.json 124 units (24 chunks done)
regen op_units2_c_c0024.json 109 units (25 chunks done)
regen op_units2_c_c0025.json 48 units (26 chunks done)
regen op_units2_c_c0026.json 47 units (27 chunks done)
regen op_units2_c_c0027.json 0 units (28 chunks done)
regen op_units2_c_c0028.json 73 units (29 chunks done)
regen op_units2_c_c0029.json 93 units (30 chunks done)
regen op_units2_c_c0030.json 103 units (31 chunks done)
regen op_units2_c_c0031.json 125 units (32 chunks done)
regen op_units2_c_c0032.json 80 units (33 chunks done)
regen op_units2_c_c0033.json 67 units (34 chunks done)
regen op_units2_c_c0034.json 0 units (35 chunks done)
regen op_units2_c_c0035.json 76 units (36 chunks done)
regen op_units2_c_c0036.json 76 units (37 chunks done)
regen op_units2_c_c0037.json 95 units (38 chunks done)
regen op_units2_c_c0038.json 95 units (39 chunks done)
regen op_units2_c_c0039.json 50 units (40 chunks done)
regen op_units2_c_c0040.json 0 units (41 chunks done)
regen op_units2_c_c0041.json 50 units (42 chunks done)
regen op_units2_c_c0042.json 100 units (43 chunks done)
regen op_units2_c_c0043.json 100 units (44 chunks done)
regen op_units2_c_c0044.json 127 units (45 chunks done)
regen op_units2_c_c0045.json 125 units (46 chunks done)
regen op_units2_c_c0046.json 73 units (47 chunks done)
regen op_units2_c_c0047.json 50 units (48 chunks done)
regen op_units2_c_c0048.json 0 units (49 chunks done)
regen op_units2_c_c0049.json 72 units (50 chunks done)
regen op_units2_c_c0050.json 103 units (51 chunks done)
regen op_units2_c_c0051.json 102 units (52 chunks done)
regen op_units2_c_c0052.json 125 units (53 chunks done)
regen op_units2_c_c0053.json 123 units (54 chunks done)
regen op_units2_c_c0054.json 50 units (55 chunks done)
regen op_units2_c_c0055.json 19 units (56 chunks done)
regen op_units2_c_c0056.json 50 units (57 chunks done)
regen op_units2_c_c0057.json 65 units (58 chunks done)
regen op_units2_c_c0058.json 126 units (59 chunks done)
regen op_units2_c_c0059.json 83 units (60 chunks done)
regen op_units2_c_c0060.json 37 units (61 chunks done)
regen op_units2_c_c0061.json 0 units (62 chunks done)
regen op_units2_c_c0062.json 76 units (63 chunks done)
regen op_units2_c_c0063.json 77 units (64 chunks done)
regen op_units2_c_c0064.json 127 units (65 chunks done)
regen op_units2_c_c0065.json 62 units (66 chunks done)
regen op_units2_c_c0066.json 19 units (67 chunks done)
regen op_units2_c_c0067.json 39 units (68 chunks done)
regen op_units2_c_c0068.json 75 units (69 chunks done)
regen op_units2_c_c0069.json 116 units (70 chunks done)
regen op_units2_c_c0070.json 91 units (71 chunks done)
regen op_units2_c_c0071.json 71 units (72 chunks done)
regen op_units2_c_c0072.json 0 units (73 chunks done)
regen op_units2_c_c0073.json 50 units (74 chunks done)
regen op_units2_c_c0074.json 100 units (75 chunks done)
regen op_units2_c_c0075.json 100 units (76 chunks done)
regen op_units2_c_c0076.json 80 units (77 chunks done)
regen op_units2_c_c0077.json 130 units (78 chunks done)
regen op_units2_c_c0078.json 115 units (79 chunks done)
regen op_units2_c_c0079.json 50 units (80 chunks done)
regen op_units2_c_c0080.json 0 units (81 chunks done)
regen op_units2_c_c0081.json 50 units (82 chunks done)
regen op_units2_c_c0082.json 100 units (83 chunks done)
regen op_units2_c_c0083.json 100 units (84 chunks done)
regen op_units2_c_c0084.json 110 units (85 chunks done)
regen op_units2_c_c0085.json 130 units (86 chunks done)
regen op_units2_c_c0086.json 85 units (87 chunks done)
regen op_units2_c_c0087.json 50 units (88 chunks done)
regen op_units2_c_c0088.json 0 units (89 chunks done)
regen op_units2_c_c0089.json 52 units (90 chunks done)
regen op_units2_c_c0090.json 103 units (91 chunks done)
regen op_units2_c_c0091.json 105 units (92 chunks done)
regen op_units2_c_c0092.json 130 units (93 chunks done)
regen op_units2_c_c0093.json 130 units (94 chunks done)
regen op_units2_c_c0094.json 55 units (95 chunks done)
regen op_units2_c_c0095.json 50 units (96 chunks done)
regen op_units2_c_c0096.json 0 units (97 chunks done)
regen op_units2_c_c0097.json 80 units (98 chunks done)
regen op_units2_c_c0098.json 105 units (99 chunks done)
regen op_units2_c_c0099.json 105 units (100 chunks done)
regen op_units2_c_c0100.json 130 units (101 chunks done)
regen op_units2_c_c0101.json 105 units (102 chunks done)
regen op_units2_c_c0102.json 52 units (103 chunks done)
regen op_units2_c_c0103.json 48 units (104 chunks done)
regen op_units2_c_c0104.json 0 units (105 chunks done)
regen op_units2_c_c0105.json 110 units (106 chunks done)
regen op_units2_c_c0106.json 90 units (107 chunks done)
regen op_units2_c_c0107.json 120 units (108 chunks done)
regen op_units2_c_c0108.json 130 units (109 chunks done)
regen op_units2_c_c0109.json 77 units (110 chunks done)
regen op_units2_c_c0110.json 75 units (111 chunks done)
regen op_units2_c_c0111.json 23 units (112 chunks done)
regen op_units2_c_c0112.json 10 units (113 chunks done)
regen op_units2_c_c0113.json 130 units (114 chunks done)
regen op_units2_c_c0114.json 80 units (115 chunks done)
regen op_units2_c_c0115.json 105 units (116 chunks done)
regen op_units2_c_c0116.json 125 units (117 chunks done)
regen op_units2_c_c0117.json 102 units (118 chunks done)
regen op_units2_c_c0118.json 42 units (119 chunks done)
regen op_units2_c_c0119.json 0 units (120 chunks done)
regen op_units2_c_c0120.json 76 units (121 chunks done)
regen op_units2_c_c0121.json 76 units (122 chunks done)
regen op_units2_c_c0122.json 115 units (123 chunks done)
regen op_units2_c_c0123.json 75 units (124 chunks done)
regen op_units2_c_c0124.json 19 units (125 chunks done)
regen op_units2_c_c0125.json 28 units (126 chunks done)
regen op_units2_c_c0126.json 86 units (127 chunks done)
regen op_units2_c_c0127.json 104 units (128 chunks done)
regen op_units2_c_c0128.json 87 units (129 chunks done)
regen op_units2_c_c0129.json 37 units (130 chunks done)
regen op_units2_cpp_c0000.json 158 units (131 chunks done)
regen op_units2_cpp_c0001.json 105 units (132 chunks done)
regen op_units2_cpp_c0002.json 60 units (133 chunks done)
regen op_units2_cpp_c0003.json 0 units (134 chunks done)
regen op_units2_cpp_c0004.json 27 units (135 chunks done)
regen op_units2_cpp_c0005.json 161 units (136 chunks done)
regen op_units2_cpp_c0006.json 134 units (137 chunks done)
regen op_units2_cpp_c0007.json 112 units (138 chunks done)
regen op_units2_cpp_c0008.json 140 units (139 chunks done)
regen op_units2_cpp_c0009.json 95 units (140 chunks done)
regen op_units2_cpp_c0010.json 53 units (141 chunks done)
regen op_units2_cpp_c0011.json 0 units (142 chunks done)
regen op_units2_cpp_c0012.json 28 units (143 chunks done)
regen op_units2_cpp_c0013.json 188 units (144 chunks done)
regen op_units2_cpp_c0014.json 111 units (145 chunks done)
regen op_units2_cpp_c0015.json 139 units (146 chunks done)
regen op_units2_cpp_c0016.json 141 units (147 chunks done)
regen op_units2_cpp_c0017.json 86 units (148 chunks done)
regen op_units2_cpp_c0018.json 29 units (149 chunks done)
regen op_units2_cpp_c0019.json 0 units (150 chunks done)
regen op_units2_cpp_c0020.json 55 units (151 chunks done)
regen op_units2_cpp_c0021.json 194 units (152 chunks done)
regen op_units2_cpp_c0022.json 109 units (153 chunks done)
regen op_units2_cpp_c0023.json 141 units (154 chunks done)
regen op_units2_cpp_c0024.json 116 units (155 chunks done)
regen op_units2_cpp_c0025.json 81 units (156 chunks done)
regen op_units2_cpp_c0026.json 26 units (157 chunks done)
regen op_units2_cpp_c0027.json 0 units (158 chunks done)
regen op_units2_cpp_c0028.json 87 units (159 chunks done)
regen op_units2_cpp_c0029.json 181 units (160 chunks done)
regen op_units2_cpp_c0030.json 123 units (161 chunks done)
regen op_units2_cpp_c0031.json 140 units (162 chunks done)
regen op_units2_cpp_c0032.json 84 units (163 chunks done)
regen op_units2_cpp_c0033.json 81 units (164 chunks done)
regen op_units2_cpp_c0034.json 0 units (165 chunks done)
regen op_units2_cpp_c0035.json 99 units (166 chunks done)
regen op_units2_cpp_c0036.json 143 units (167 chunks done)
regen op_units2_cpp_c0037.json 110 units (168 chunks done)
regen op_units2_cpp_c0038.json 110 units (169 chunks done)
regen op_units2_cpp_c0039.json 50 units (170 chunks done)
regen op_units2_cpp_c0040.json 0 units (171 chunks done)
regen op_units2_cpp_c0041.json 56 units (172 chunks done)
regen op_units2_cpp_c0042.json 196 units (173 chunks done)
regen op_units2_cpp_c0043.json 113 units (174 chunks done)
regen op_units2_cpp_c0044.json 141 units (175 chunks done)
regen op_units2_cpp_c0045.json 146 units (176 chunks done)
regen op_units2_cpp_c0046.json 90 units (177 chunks done)
regen op_units2_cpp_c0047.json 42 units (178 chunks done)
regen op_units2_cpp_c0048.json 0 units (179 chunks done)
regen op_units2_cpp_c0049.json 84 units (180 chunks done)
regen op_units2_cpp_c0050.json 197 units (181 chunks done)
regen op_units2_cpp_c0051.json 113 units (182 chunks done)
regen op_units2_cpp_c0052.json 146 units (183 chunks done)
regen op_units2_cpp_c0053.json 132 units (184 chunks done)
regen op_units2_cpp_c0054.json 84 units (185 chunks done)
regen op_units2_cpp_c0055.json 0 units (186 chunks done)
regen op_units2_cpp_c0056.json 63 units (187 chunks done)
regen op_units2_cpp_c0057.json 139 units (188 chunks done)
regen op_units2_cpp_c0058.json 148 units (189 chunks done)
regen op_units2_cpp_c0059.json 95 units (190 chunks done)
regen op_units2_cpp_c0060.json 39 units (191 chunks done)
regen op_units2_cpp_c0061.json 0 units (192 chunks done)
regen op_units2_cpp_c0062.json 153 units (193 chunks done)
regen op_units2_cpp_c0063.json 96 units (194 chunks done)
regen op_units2_cpp_c0064.json 146 units (195 chunks done)
regen op_units2_cpp_c0065.json 89 units (196 chunks done)
regen op_units2_cpp_c0066.json 0 units (197 chunks done)
regen op_units2_cpp_c0067.json 53 units (198 chunks done)
regen op_units2_cpp_c0068.json 145 units (199 chunks done)
regen op_units2_cpp_c0069.json 141 units (200 chunks done)
regen op_units2_cpp_c0070.json 101 units (201 chunks done)
regen op_units2_cpp_c0071.json 72 units (202 chunks done)
regen op_units2_cpp_c0072.json 0 units (203 chunks done)
regen op_units2_cpp_c0073.json 56 units (204 chunks done)
regen op_units2_cpp_c0074.json 141 units (205 chunks done)
regen op_units2_cpp_c0075.json 167 units (206 chunks done)
regen op_units2_cpp_c0076.json 96 units (207 chunks done)
regen op_units2_cpp_c0077.json 145 units (208 chunks done)
regen op_units2_cpp_c0078.json 123 units (209 chunks done)
regen op_units2_cpp_c0079.json 56 units (210 chunks done)
regen op_units2_cpp_c0080.json 0 units (211 chunks done)
regen op_units2_cpp_c0081.json 56 units (212 chunks done)
regen op_units2_cpp_c0082.json 173 units (213 chunks done)
regen op_units2_cpp_c0083.json 135 units (214 chunks done)
regen op_units2_cpp_c0084.json 129 units (215 chunks done)
regen op_units2_cpp_c0085.json 145 units (216 chunks done)
regen op_units2_cpp_c0086.json 90 units (217 chunks done)
regen op_units2_cpp_c0087.json 56 units (218 chunks done)
regen op_units2_cpp_c0088.json 0 units (219 chunks done)
regen op_units2_cpp_c0089.json 61 units (220 chunks done)
regen op_units2_cpp_c0090.json 203 units (221 chunks done)
regen op_units2_cpp_c0091.json 117 units (222 chunks done)
regen op_units2_cpp_c0092.json 145 units (223 chunks done)
regen op_units2_cpp_c0093.json 145 units (224 chunks done)
regen op_units2_cpp_c0094.json 85 units (225 chunks done)
regen op_units2_cpp_c0095.json 28 units (226 chunks done)
regen op_units2_cpp_c0096.json 0 units (227 chunks done)
regen op_units2_cpp_c0097.json 96 units (228 chunks done)
regen op_units2_cpp_c0098.json 201 units (229 chunks done)
regen op_units2_cpp_c0099.json 117 units (230 chunks done)
regen op_units2_cpp_c0100.json 145 units (231 chunks done)
regen op_units2_cpp_c0101.json 113 units (232 chunks done)
regen op_units2_cpp_c0102.json 84 units (233 chunks done)
regen op_units2_cpp_c0103.json 28 units (234 chunks done)
regen op_units2_cpp_c0104.json 0 units (235 chunks done)
regen op_units2_cpp_c0105.json 129 units (236 chunks done)
regen op_units2_cpp_c0106.json 179 units (237 chunks done)
regen op_units2_cpp_c0107.json 139 units (238 chunks done)
regen op_units2_cpp_c0108.json 141 units (239 chunks done)
regen op_units2_cpp_c0109.json 85 units (240 chunks done)
regen op_units2_cpp_c0110.json 88 units (241 chunks done)
regen op_units2_cpp_c0111.json 23 units (242 chunks done)
regen op_units2_cpp_c0112.json 17 units (243 chunks done)
regen op_units2_cpp_c0113.json 145 units (244 chunks done)
regen op_units2_cpp_c0114.json 173 units (245 chunks done)
regen op_units2_cpp_c0115.json 113 units (246 chunks done)
regen op_units2_cpp_c0116.json 140 units (247 chunks done)
regen op_units2_cpp_c0117.json 117 units (248 chunks done)
regen op_units2_cpp_c0118.json 51 units (249 chunks done)
regen op_units2_cpp_c0119.json 0 units (250 chunks done)
regen op_units2_cpp_c0120.json 132 units (251 chunks done)
regen op_units2_cpp_c0121.json 110 units (252 chunks done)
regen op_units2_cpp_c0122.json 132 units (253 chunks done)
regen op_units2_cpp_c0123.json 104 units (254 chunks done)
regen op_units2_cpp_c0124.json 6 units (255 chunks done)
regen op_units2_cpp_c0125.json 38 units (256 chunks done)
regen op_units2_cpp_c0126.json 160 units (257 chunks done)
regen op_units2_cpp_c0127.json 127 units (258 chunks done)
regen op_units2_cpp_c0128.json 93 units (259 chunks done)
regen op_units2_cpp_c0129.json 93 units (260 chunks done)
regen op_units2_cpp_c0130.json 0 units (261 chunks done)
regen op_units2_cpp_c0131.json 37 units (262 chunks done)
regen op_units2_cpp_c0132.json 96 units (263 chunks done)
regen op_units2_cpp_c0133.json 155 units (264 chunks done)
regen op_units2_cpp_c0134.json 77 units (265 chunks done)
regen op_units2_cpp_c0135.json 115 units (266 chunks done)
regen op_units2_cpp_c0136.json 105 units (267 chunks done)
regen op_units2_cpp_c0137.json 50 units (268 chunks done)
regen op_units2_cpp_c0138.json 0 units (269 chunks done)
regen op_units2_cpp_c0139.json 56 units (270 chunks done)
regen op_units2_cpp_c0140.json 162 units (271 chunks done)
regen op_units2_cpp_c0141.json 146 units (272 chunks done)
regen op_units2_cpp_c0142.json 113 units (273 chunks done)
regen op_units2_cpp_c0143.json 140 units (274 chunks done)
regen op_units2_cpp_c0144.json 111 units (275 chunks done)
regen op_units2_cpp_c0145.json 56 units (276 chunks done)
regen op_units2_cpp_c0146.json 0 units (277 chunks done)
regen op_units2_cpp_c0147.json 56 units (278 chunks done)
regen op_units2_cpp_c0148.json 194 units (279 chunks done)
regen op_units2_cpp_c0149.json 115 units (280 chunks done)
regen op_units2_cpp_c0150.json 140 units (281 chunks done)
regen op_units2_cpp_c0151.json 142 units (282 chunks done)
regen op_units2_cpp_c0152.json 92 units (283 chunks done)
regen op_units2_cpp_c0153.json 17 units (284 chunks done)
regen op_units2_cpp_c0154.json 27 units (285 chunks done)
regen op_units2_cpp_c0155.json 171 units (286 chunks done)
regen op_units2_cpp_c0156.json 116 units (287 chunks done)
regen op_units2_cpp_c0157.json 104 units (288 chunks done)
regen op_units2_cpp_c0158.json 66 units (289 chunks done)
regen op_units2_cpp_c0159.json 0 units (290 chunks done)
regen op_units2_cpp_c0160.json 118 units (291 chunks done)
regen op_units2_cpp_c0161.json 124 units (292 chunks done)
regen op_units2_cpp_c0162.json 119 units (293 chunks done)
regen op_units2_cpp_c0163.json 101 units (294 chunks done)
regen op_units2_cpp_c0164.json 22 units (295 chunks done)
regen op_units2_cpp_c0165.json 22 units (296 chunks done)
regen op_units2_cpp_c0166.json 176 units (297 chunks done)
regen op_units2_cpp_c0167.json 110 units (298 chunks done)
regen op_units2_cpp_c0168.json 110 units (299 chunks done)
regen op_units2_cpp_c0169.json 80 units (300 chunks done)
regen op_units2_cpp_c0170.json 14 units (301 chunks done)
regen op_units2_cpp_c0171.json 25 units (302 chunks done)
regen op_units2_cpp_c0172.json 143 units (303 chunks done)
regen op_units2_cpp_c0173.json 169 units (304 chunks done)
regen op_units2_cpp_c0174.json 111 units (305 chunks done)
regen op_units2_cpp_c0175.json 140 units (306 chunks done)
regen op_units2_cpp_c0176.json 126 units (307 chunks done)
regen op_units2_cpp_c0177.json 42 units (308 chunks done)
regen op_units2_go_c0000.json 317 units (309 chunks done)
regen op_units2_go_c0001.json 153 units (310 chunks done)
regen op_units2_rust_c0000.json 49 units (311 chunks done)
regen op_units2_rust_c0001.json 194 units (312 chunks done)
regen op_units2_rust_c0002.json 296 units (313 chunks done)
regen op_units2_rust_c0003.json 12 units (314 chunks done)
regen op_units2_rust_c0004.json 11 units (315 chunks done)
regen op_units2_swift_c0000.json 160 units (316 chunks done)
regen op_units2_swift_c0001.json 285 units (317 chunks done)
regen op_units2_swift_c0002.json 221 units (318 chunks done)
regen op_units2_swift_c0003.json 105 units (319 chunks done)
regen op_units2_swift_c0004.json 134 units (320 chunks done)
regen op_units2_swift_c0005.json 138 units (321 chunks done)
regen op_units2_swift_c0006.json 21 units (322 chunks done)
regen op_units2_swift_c0007.json 12 units (323 chunks done)
regen op_units2_swift_c0008.json 0 units (324 chunks done)
regen op_units2_swift_c0009.json 0 units (325 chunks done)
regen op_units2_swift_c0010.json 0 units (326 chunks done)
finished
