    0.2s  original_swift                               153 units  (1 done in this shard)
    0.3s  regen_op_units2_c_c0004                       24 units  (2 done in this shard)
    0.3s  regen_op_units2_c_c0010                       47 units  (3 done in this shard)
    0.5s  regen_op_units2_c_c0016                      124 units  (4 done in this shard)
    0.7s  regen_op_units2_c_c0022                       96 units  (5 done in this shard)
    0.7s  regen_op_units2_c_c0028                       73 units  (6 done in this shard)
    0.7s  regen_op_units2_c_c0034                        0 units  (7 done in this shard)
    0.7s  regen_op_units2_c_c0040                        0 units  (8 done in this shard)
    0.8s  regen_op_units2_c_c0046                       73 units  (9 done in this shard)
    1.1s  regen_op_units2_c_c0052                      125 units  (10 done in this shard)
    1.2s  regen_op_units2_c_c0058                      126 units  (11 done in this shard)
    1.3s  regen_op_units2_c_c0064                      127 units  (12 done in this shard)
    1.4s  regen_op_units2_c_c0070                       91 units  (13 done in this shard)
    1.6s  regen_op_units2_c_c0076                       80 units  (14 done in this shard)
    1.7s  regen_op_units2_c_c0082                      100 units  (15 done in this shard)
    1.7s  regen_op_units2_c_c0088                        0 units  (16 done in this shard)
    1.8s  regen_op_units2_c_c0094                       55 units  (17 done in this shard)
    2.0s  regen_op_units2_c_c0100                      130 units  (18 done in this shard)
    2.1s  regen_op_units2_c_c0106                       90 units  (19 done in this shard)
    2.1s  regen_op_units2_c_c0112                       10 units  (20 done in this shard)
    2.1s  regen_op_units2_c_c0118                       42 units  (21 done in this shard)
    2.1s  regen_op_units2_c_c0124                       19 units  (22 done in this shard)
    2.2s  regen_op_units2_cpp_c0000                    158 units  (23 done in this shard)
    2.3s  regen_op_units2_cpp_c0006                    134 units  (24 done in this shard)
    2.4s  regen_op_units2_cpp_c0012                     28 units  (25 done in this shard)
    2.4s  regen_op_units2_cpp_c0018                     29 units  (26 done in this shard)
    2.5s  regen_op_units2_cpp_c0024                    116 units  (27 done in this shard)
    7.3s  regen_op_units2_cpp_c0030                    123 units  (28 done in this shard)
   12.9s  regen_op_units2_cpp_c0036                    143 units  (29 done in this shard)
   13.1s  regen_op_units2_cpp_c0042                    196 units  (30 done in this shard)
   13.1s  regen_op_units2_cpp_c0048                      0 units  (31 done in this shard)
   13.2s  regen_op_units2_cpp_c0054                     84 units  (32 done in this shard)
   13.3s  regen_op_units2_cpp_c0060                     39 units  (33 done in this shard)
   13.3s  regen_op_units2_cpp_c0066                      0 units  (34 done in this shard)
   13.3s  regen_op_units2_cpp_c0072                      0 units  (35 done in this shard)
   13.4s  regen_op_units2_cpp_c0078                    123 units  (36 done in this shard)
   13.5s  regen_op_units2_cpp_c0084                    129 units  (37 done in this shard)
   13.7s  regen_op_units2_cpp_c0090                    203 units  (38 done in this shard)
   13.7s  regen_op_units2_cpp_c0096                      0 units  (39 done in this shard)
   13.7s  regen_op_units2_cpp_c0102                     84 units  (40 done in this shard)
   13.8s  regen_op_units2_cpp_c0108                    141 units  (41 done in this shard)
   14.0s  regen_op_units2_cpp_c0114                    173 units  (42 done in this shard)
   14.2s  regen_op_units2_cpp_c0120                    132 units  (43 done in this shard)
   14.9s  regen_op_units2_cpp_c0126                    160 units  (44 done in this shard)
   15.0s  regen_op_units2_cpp_c0132                     96 units  (45 done in this shard)
   15.0s  regen_op_units2_cpp_c0138                      0 units  (46 done in this shard)
   15.1s  regen_op_units2_cpp_c0144                    111 units  (47 done in this shard)
   15.3s  regen_op_units2_cpp_c0150                    140 units  (48 done in this shard)
   15.3s  regen_op_units2_cpp_c0156                    116 units  (49 done in this shard)
   15.4s  regen_op_units2_cpp_c0162                    119 units  (50 done in this shard)
   15.5s  regen_op_units2_cpp_c0168                    110 units  (51 done in this shard)
   15.6s  regen_op_units2_cpp_c0174                    111 units  (52 done in this shard)
   15.6s  regen_op_units2_rust_c0000                    49 units  (53 done in this shard)
   15.9s  regen_op_units2_swift_c0001                  285 units  (54 done in this shard)
   15.9s  regen_op_units2_swift_c0007                   12 units  (55 done in this shard)
shard 4/6 finished
