    0.1s  original_rust                                123 units  (1 done in this shard)
    0.1s  regen_op_units2_c_c0003                        0 units  (2 done in this shard)
    0.2s  regen_op_units2_c_c0009                       89 units  (3 done in this shard)
    0.4s  regen_op_units2_c_c0015                      121 units  (4 done in this shard)
    0.4s  regen_op_units2_c_c0021                       96 units  (5 done in this shard)
    0.5s  regen_op_units2_c_c0027                        0 units  (6 done in this shard)
    0.5s  regen_op_units2_c_c0033                       67 units  (7 done in this shard)
    0.5s  regen_op_units2_c_c0039                       50 units  (8 done in this shard)
    0.7s  regen_op_units2_c_c0045                      125 units  (9 done in this shard)
    0.9s  regen_op_units2_c_c0051                      102 units  (10 done in this shard)
    0.9s  regen_op_units2_c_c0057                       65 units  (11 done in this shard)
    1.0s  regen_op_units2_c_c0063                       77 units  (12 done in this shard)
    1.0s  regen_op_units2_c_c0069                      116 units  (13 done in this shard)
    1.2s  regen_op_units2_c_c0075                      100 units  (14 done in this shard)
    1.2s  regen_op_units2_c_c0081                       50 units  (15 done in this shard)
    1.2s  regen_op_units2_c_c0087                       50 units  (16 done in this shard)
    1.4s  regen_op_units2_c_c0093                      130 units  (17 done in this shard)
    1.5s  regen_op_units2_c_c0099                      105 units  (18 done in this shard)
    1.5s  regen_op_units2_c_c0105                      110 units  (19 done in this shard)
    1.5s  regen_op_units2_c_c0111                       23 units  (20 done in this shard)
    1.6s  regen_op_units2_c_c0117                      102 units  (21 done in this shard)
    1.7s  regen_op_units2_c_c0123                       75 units  (22 done in this shard)
    1.7s  regen_op_units2_c_c0129                       37 units  (23 done in this shard)
    1.9s  regen_op_units2_cpp_c0005                    161 units  (24 done in this shard)
    1.9s  regen_op_units2_cpp_c0011                      0 units  (25 done in this shard)
    1.9s  regen_op_units2_cpp_c0017                     86 units  (26 done in this shard)
    2.0s  regen_op_units2_cpp_c0023                    141 units  (27 done in this shard)
    2.8s  regen_op_units2_cpp_c0029                    181 units  (28 done in this shard)
    3.6s  regen_op_units2_cpp_c0035                     99 units  (29 done in this shard)
    3.7s  regen_op_units2_cpp_c0041                     56 units  (30 done in this shard)
    3.7s  regen_op_units2_cpp_c0047                     42 units  (31 done in this shard)
    3.9s  regen_op_units2_cpp_c0053                    132 units  (32 done in this shard)
    3.9s  regen_op_units2_cpp_c0059                     95 units  (33 done in this shard)
    4.0s  regen_op_units2_cpp_c0065                     89 units  (34 done in this shard)
    4.1s  regen_op_units2_cpp_c0071                     72 units  (35 done in this shard)
    4.2s  regen_op_units2_cpp_c0077                    145 units  (36 done in this shard)
    4.4s  regen_op_units2_cpp_c0083                    135 units  (37 done in this shard)
    4.4s  regen_op_units2_cpp_c0089                     61 units  (38 done in this shard)
    4.4s  regen_op_units2_cpp_c0095                     28 units  (39 done in this shard)
    4.5s  regen_op_units2_cpp_c0101                    113 units  (40 done in this shard)
    4.6s  regen_op_units2_cpp_c0107                    139 units  (41 done in this shard)
    4.7s  regen_op_units2_cpp_c0113                    145 units  (42 done in this shard)
    4.7s  regen_op_units2_cpp_c0119                      0 units  (43 done in this shard)
    8.3s  regen_op_units2_cpp_c0125                     38 units  (44 done in this shard)
    8.3s  regen_op_units2_cpp_c0131                     37 units  (45 done in this shard)
    8.4s  regen_op_units2_cpp_c0137                     50 units  (46 done in this shard)
    8.6s  regen_op_units2_cpp_c0143                    140 units  (47 done in this shard)
    8.9s  regen_op_units2_cpp_c0149                    115 units  (48 done in this shard)
    9.0s  regen_op_units2_cpp_c0155                    171 units  (49 done in this shard)
    9.1s  regen_op_units2_cpp_c0161                    124 units  (50 done in this shard)
    9.2s  regen_op_units2_cpp_c0167                    110 units  (51 done in this shard)
    9.5s  regen_op_units2_cpp_c0173                    169 units  (52 done in this shard)
    9.7s  regen_op_units2_go_c0001                     153 units  (53 done in this shard)
    9.8s  regen_op_units2_swift_c0000                  160 units  (54 done in this shard)
    9.8s  regen_op_units2_swift_c0006                   21 units  (55 done in this shard)
shard 3/6 finished
