    0.0s  interp                                         9 units  (1 done in this shard)
    0.1s  regen_op_units2_c_c0005                       94 units  (2 done in this shard)
    0.1s  regen_op_units2_c_c0011                        0 units  (3 done in this shard)
    0.2s  regen_op_units2_c_c0017                       61 units  (4 done in this shard)
    0.4s  regen_op_units2_c_c0023                      124 units  (5 done in this shard)
    1.0s  regen_op_units2_c_c0029                       93 units  (6 done in this shard)
    1.6s  regen_op_units2_c_c0035                       76 units  (7 done in this shard)
    1.7s  regen_op_units2_c_c0041                       50 units  (8 done in this shard)
    1.8s  regen_op_units2_c_c0047                       50 units  (9 done in this shard)
    2.0s  regen_op_units2_c_c0053                      123 units  (10 done in this shard)
    2.1s  regen_op_units2_c_c0059                       83 units  (11 done in this shard)
    2.1s  regen_op_units2_c_c0065                       62 units  (12 done in this shard)
    2.2s  regen_op_units2_c_c0071                       71 units  (13 done in this shard)
    2.4s  regen_op_units2_c_c0077                      130 units  (14 done in this shard)
    2.6s  regen_op_units2_c_c0083                      100 units  (15 done in this shard)
    2.6s  regen_op_units2_c_c0089                       52 units  (16 done in this shard)
    2.7s  regen_op_units2_c_c0095                       50 units  (17 done in this shard)
    2.8s  regen_op_units2_c_c0101                      105 units  (18 done in this shard)
    3.0s  regen_op_units2_c_c0107                      120 units  (19 done in this shard)
    3.1s  regen_op_units2_c_c0113                      130 units  (20 done in this shard)
    3.1s  regen_op_units2_c_c0119                        0 units  (21 done in this shard)
    5.8s  regen_op_units2_c_c0125                       28 units  (22 done in this shard)
    5.8s  regen_op_units2_cpp_c0001                    105 units  (23 done in this shard)
    5.9s  regen_op_units2_cpp_c0007                    112 units  (24 done in this shard)
    6.1s  regen_op_units2_cpp_c0013                    188 units  (25 done in this shard)
    6.1s  regen_op_units2_cpp_c0019                      0 units  (26 done in this shard)
    6.1s  regen_op_units2_cpp_c0025                     81 units  (27 done in this shard)
   12.4s  regen_op_units2_cpp_c0031                    140 units  (28 done in this shard)
   17.6s  regen_op_units2_cpp_c0037                    110 units  (29 done in this shard)
   17.7s  regen_op_units2_cpp_c0043                    113 units  (30 done in this shard)
   17.9s  regen_op_units2_cpp_c0049                     84 units  (31 done in this shard)
   17.9s  regen_op_units2_cpp_c0055                      0 units  (32 done in this shard)
   17.9s  regen_op_units2_cpp_c0061                      0 units  (33 done in this shard)
   17.9s  regen_op_units2_cpp_c0067                     53 units  (34 done in this shard)
   18.0s  regen_op_units2_cpp_c0073                     56 units  (35 done in this shard)
   18.0s  regen_op_units2_cpp_c0079                     56 units  (36 done in this shard)
   18.1s  regen_op_units2_cpp_c0085                    145 units  (37 done in this shard)
   18.2s  regen_op_units2_cpp_c0091                    117 units  (38 done in this shard)
   18.3s  regen_op_units2_cpp_c0097                     96 units  (39 done in this shard)
   18.3s  regen_op_units2_cpp_c0103                     28 units  (40 done in this shard)
   18.4s  regen_op_units2_cpp_c0109                     85 units  (41 done in this shard)
   18.5s  regen_op_units2_cpp_c0115                    113 units  (42 done in this shard)
   18.6s  regen_op_units2_cpp_c0121                    110 units  (43 done in this shard)
   18.7s  regen_op_units2_cpp_c0127                    127 units  (44 done in this shard)
   19.0s  regen_op_units2_cpp_c0133                    155 units  (45 done in this shard)
   19.1s  regen_op_units2_cpp_c0139                     56 units  (46 done in this shard)
   19.1s  regen_op_units2_cpp_c0145                     56 units  (47 done in this shard)
   19.3s  regen_op_units2_cpp_c0151                    142 units  (48 done in this shard)
   19.3s  regen_op_units2_cpp_c0157                    104 units  (49 done in this shard)
   19.4s  regen_op_units2_cpp_c0163                    101 units  (50 done in this shard)
   19.5s  regen_op_units2_cpp_c0169                     80 units  (51 done in this shard)
   19.6s  regen_op_units2_cpp_c0175                    140 units  (52 done in this shard)
   19.8s  regen_op_units2_rust_c0001                   194 units  (53 done in this shard)
   20.0s  regen_op_units2_swift_c0002                  221 units  (54 done in this shard)
   20.0s  regen_op_units2_swift_c0008                    0 units  (55 done in this shard)
shard 5/6 finished
