    2.2s  original_cpp                                 770 units  (1 done in this shard)
    2.3s  regen_op_units2_c_c0001                      125 units  (2 done in this shard)
    2.4s  regen_op_units2_c_c0007                       95 units  (3 done in this shard)
    2.5s  regen_op_units2_c_c0013                       96 units  (4 done in this shard)
    2.5s  regen_op_units2_c_c0019                        0 units  (5 done in this shard)
    2.6s  regen_op_units2_c_c0025                       48 units  (6 done in this shard)
    8.2s  regen_op_units2_c_c0031                      125 units  (7 done in this shard)
   13.4s  regen_op_units2_c_c0037                       95 units  (8 done in this shard)
   13.6s  regen_op_units2_c_c0043                      100 units  (9 done in this shard)
   13.8s  regen_op_units2_c_c0049                       72 units  (10 done in this shard)
   13.8s  regen_op_units2_c_c0055                       19 units  (11 done in this shard)
   13.8s  regen_op_units2_c_c0061                        0 units  (12 done in this shard)
   13.8s  regen_op_units2_c_c0067                       39 units  (13 done in this shard)
   13.9s  regen_op_units2_c_c0073                       50 units  (14 done in this shard)
   13.9s  regen_op_units2_c_c0079                       50 units  (15 done in this shard)
   14.1s  regen_op_units2_c_c0085                      130 units  (16 done in this shard)
   14.3s  regen_op_units2_c_c0091                      105 units  (17 done in this shard)
   14.4s  regen_op_units2_c_c0097                       80 units  (18 done in this shard)
   14.4s  regen_op_units2_c_c0103                       48 units  (19 done in this shard)
   14.5s  regen_op_units2_c_c0109                       77 units  (20 done in this shard)
   14.6s  regen_op_units2_c_c0115                      105 units  (21 done in this shard)
   14.7s  regen_op_units2_c_c0121                       76 units  (22 done in this shard)
   14.8s  regen_op_units2_c_c0127                      104 units  (23 done in this shard)
   14.8s  regen_op_units2_cpp_c0003                      0 units  (24 done in this shard)
   14.9s  regen_op_units2_cpp_c0009                     95 units  (25 done in this shard)
   15.1s  regen_op_units2_cpp_c0015                    139 units  (26 done in this shard)
   15.3s  regen_op_units2_cpp_c0021                    194 units  (27 done in this shard)
   15.3s  regen_op_units2_cpp_c0027                      0 units  (28 done in this shard)
   16.1s  regen_op_units2_cpp_c0033                     81 units  (29 done in this shard)
   16.8s  regen_op_units2_cpp_c0039                     50 units  (30 done in this shard)
   17.0s  regen_op_units2_cpp_c0045                    146 units  (31 done in this shard)
   17.2s  regen_op_units2_cpp_c0051                    113 units  (32 done in this shard)
   17.3s  regen_op_units2_cpp_c0057                    139 units  (33 done in this shard)
   17.4s  regen_op_units2_cpp_c0063                     96 units  (34 done in this shard)
   17.5s  regen_op_units2_cpp_c0069                    141 units  (35 done in this shard)
   17.6s  regen_op_units2_cpp_c0075                    167 units  (36 done in this shard)
   17.7s  regen_op_units2_cpp_c0081                     56 units  (37 done in this shard)
   17.7s  regen_op_units2_cpp_c0087                     56 units  (38 done in this shard)
   17.8s  regen_op_units2_cpp_c0093                    145 units  (39 done in this shard)
   17.9s  regen_op_units2_cpp_c0099                    117 units  (40 done in this shard)
   18.0s  regen_op_units2_cpp_c0105                    129 units  (41 done in this shard)
   18.0s  regen_op_units2_cpp_c0111                     23 units  (42 done in this shard)
   18.1s  regen_op_units2_cpp_c0117                    117 units  (43 done in this shard)
   18.2s  regen_op_units2_cpp_c0123                    104 units  (44 done in this shard)
   18.3s  regen_op_units2_cpp_c0129                     93 units  (45 done in this shard)
   18.5s  regen_op_units2_cpp_c0135                    115 units  (46 done in this shard)
   18.7s  regen_op_units2_cpp_c0141                    146 units  (47 done in this shard)
   18.8s  regen_op_units2_cpp_c0147                     56 units  (48 done in this shard)
   18.8s  regen_op_units2_cpp_c0153                     17 units  (49 done in this shard)
   18.8s  regen_op_units2_cpp_c0159                      0 units  (50 done in this shard)
   18.8s  regen_op_units2_cpp_c0165                     22 units  (51 done in this shard)
   18.9s  regen_op_units2_cpp_c0171                     25 units  (52 done in this shard)
   18.9s  regen_op_units2_cpp_c0177                     42 units  (53 done in this shard)
   18.9s  regen_op_units2_rust_c0003                    12 units  (54 done in this shard)
   19.1s  regen_op_units2_swift_c0004                  134 units  (55 done in this shard)
   19.1s  regen_op_units2_swift_c0010                    0 units  (56 done in this shard)
shard 1/6 finished
