    1.7s  original_c                                   610 units  (1 done in this shard)
    1.9s  regen_op_units2_c_c0000                      138 units  (2 done in this shard)
    2.0s  regen_op_units2_c_c0006                       96 units  (3 done in this shard)
    2.0s  regen_op_units2_c_c0012                       24 units  (4 done in this shard)
    2.0s  regen_op_units2_c_c0018                       47 units  (5 done in this shard)
    2.2s  regen_op_units2_c_c0024                      109 units  (6 done in this shard)
    6.2s  regen_op_units2_c_c0030                      103 units  (7 done in this shard)
   10.7s  regen_op_units2_c_c0036                       76 units  (8 done in this shard)
   11.0s  regen_op_units2_c_c0042                      100 units  (9 done in this shard)
   11.0s  regen_op_units2_c_c0048                        0 units  (10 done in this shard)
   11.1s  regen_op_units2_c_c0054                       50 units  (11 done in this shard)
   11.1s  regen_op_units2_c_c0060                       37 units  (12 done in this shard)
   11.1s  regen_op_units2_c_c0066                       19 units  (13 done in this shard)
   11.1s  regen_op_units2_c_c0072                        0 units  (14 done in this shard)
   11.3s  regen_op_units2_c_c0078                      115 units  (15 done in this shard)
   11.5s  regen_op_units2_c_c0084                      110 units  (16 done in this shard)
   11.7s  regen_op_units2_c_c0090                      103 units  (17 done in this shard)
   11.7s  regen_op_units2_c_c0096                        0 units  (18 done in this shard)
   11.7s  regen_op_units2_c_c0102                       52 units  (19 done in this shard)
   11.9s  regen_op_units2_c_c0108                      130 units  (20 done in this shard)
   12.1s  regen_op_units2_c_c0114                       80 units  (21 done in this shard)
   12.2s  regen_op_units2_c_c0120                       76 units  (22 done in this shard)
   13.5s  regen_op_units2_c_c0126                       86 units  (23 done in this shard)
   13.5s  regen_op_units2_cpp_c0002                     60 units  (24 done in this shard)
   13.6s  regen_op_units2_cpp_c0008                    140 units  (25 done in this shard)
   13.7s  regen_op_units2_cpp_c0014                    111 units  (26 done in this shard)
   13.8s  regen_op_units2_cpp_c0020                     55 units  (27 done in this shard)
   13.8s  regen_op_units2_cpp_c0026                     26 units  (28 done in this shard)
   13.9s  regen_op_units2_cpp_c0032                     84 units  (29 done in this shard)
   14.0s  regen_op_units2_cpp_c0038                    110 units  (30 done in this shard)
   14.2s  regen_op_units2_cpp_c0044                    141 units  (31 done in this shard)
   14.4s  regen_op_units2_cpp_c0050                    197 units  (32 done in this shard)
   14.5s  regen_op_units2_cpp_c0056                     63 units  (33 done in this shard)
   14.6s  regen_op_units2_cpp_c0062                    153 units  (34 done in this shard)
   14.7s  regen_op_units2_cpp_c0068                    145 units  (35 done in this shard)
   14.8s  regen_op_units2_cpp_c0074                    141 units  (36 done in this shard)
   14.8s  regen_op_units2_cpp_c0080                      0 units  (37 done in this shard)
   14.9s  regen_op_units2_cpp_c0086                     90 units  (38 done in this shard)
   15.0s  regen_op_units2_cpp_c0092                    145 units  (39 done in this shard)
   15.2s  regen_op_units2_cpp_c0098                    201 units  (40 done in this shard)
   15.2s  regen_op_units2_cpp_c0104                      0 units  (41 done in this shard)
   15.2s  regen_op_units2_cpp_c0110                     88 units  (42 done in this shard)
   15.3s  regen_op_units2_cpp_c0116                    140 units  (43 done in this shard)
   15.5s  regen_op_units2_cpp_c0122                    132 units  (44 done in this shard)
   15.5s  regen_op_units2_cpp_c0128                     93 units  (45 done in this shard)
   15.7s  regen_op_units2_cpp_c0134                     77 units  (46 done in this shard)
   15.8s  regen_op_units2_cpp_c0140                    162 units  (47 done in this shard)
   15.8s  regen_op_units2_cpp_c0146                      0 units  (48 done in this shard)
   16.0s  regen_op_units2_cpp_c0152                     92 units  (49 done in this shard)
   16.0s  regen_op_units2_cpp_c0158                     66 units  (50 done in this shard)
   16.0s  regen_op_units2_cpp_c0164                     22 units  (51 done in this shard)
   16.0s  regen_op_units2_cpp_c0170                     14 units  (52 done in this shard)
   16.1s  regen_op_units2_cpp_c0176                    126 units  (53 done in this shard)
   18.7s  regen_op_units2_rust_c0002                   296 units  (54 done in this shard)
   18.8s  regen_op_units2_swift_c0003                  105 units  (55 done in this shard)
   18.8s  regen_op_units2_swift_c0009                    0 units  (56 done in this shard)
shard 0/6 finished
