    0.1s  original_go                                  107 units  (1 done in this shard)
    0.2s  regen_op_units2_c_c0002                       99 units  (2 done in this shard)
    0.3s  regen_op_units2_c_c0008                      124 units  (3 done in this shard)
    0.4s  regen_op_units2_c_c0014                       96 units  (4 done in this shard)
    0.5s  regen_op_units2_c_c0020                       49 units  (5 done in this shard)
    0.5s  regen_op_units2_c_c0026                       47 units  (6 done in this shard)
    0.8s  regen_op_units2_c_c0032                       80 units  (7 done in this shard)
    0.9s  regen_op_units2_c_c0038                       95 units  (8 done in this shard)
    1.0s  regen_op_units2_c_c0044                      127 units  (9 done in this shard)
    1.2s  regen_op_units2_c_c0050                      103 units  (10 done in this shard)
    1.2s  regen_op_units2_c_c0056                       50 units  (11 done in this shard)
    1.3s  regen_op_units2_c_c0062                       76 units  (12 done in this shard)
    1.4s  regen_op_units2_c_c0068                       75 units  (13 done in this shard)
    1.5s  regen_op_units2_c_c0074                      100 units  (14 done in this shard)
    1.5s  regen_op_units2_c_c0080                        0 units  (15 done in this shard)
    1.6s  regen_op_units2_c_c0086                       85 units  (16 done in this shard)
    1.7s  regen_op_units2_c_c0092                      130 units  (17 done in this shard)
    1.8s  regen_op_units2_c_c0098                      105 units  (18 done in this shard)
    1.8s  regen_op_units2_c_c0104                        0 units  (19 done in this shard)
    1.8s  regen_op_units2_c_c0110                       75 units  (20 done in this shard)
    2.0s  regen_op_units2_c_c0116                      125 units  (21 done in this shard)
    2.1s  regen_op_units2_c_c0122                      115 units  (22 done in this shard)
    2.1s  regen_op_units2_c_c0128                       87 units  (23 done in this shard)
    2.2s  regen_op_units2_cpp_c0004                     27 units  (24 done in this shard)
    2.2s  regen_op_units2_cpp_c0010                     53 units  (25 done in this shard)
    2.3s  regen_op_units2_cpp_c0016                    141 units  (26 done in this shard)
    2.4s  regen_op_units2_cpp_c0022                    109 units  (27 done in this shard)
    2.4s  regen_op_units2_cpp_c0028                     87 units  (28 done in this shard)
    2.4s  regen_op_units2_cpp_c0034                      0 units  (29 done in this shard)
    2.4s  regen_op_units2_cpp_c0040                      0 units  (30 done in this shard)
    2.5s  regen_op_units2_cpp_c0046                     90 units  (31 done in this shard)
    2.7s  regen_op_units2_cpp_c0052                    146 units  (32 done in this shard)
    2.8s  regen_op_units2_cpp_c0058                    148 units  (33 done in this shard)
    2.9s  regen_op_units2_cpp_c0064                    146 units  (34 done in this shard)
    3.0s  regen_op_units2_cpp_c0070                    101 units  (35 done in this shard)
    3.1s  regen_op_units2_cpp_c0076                     96 units  (36 done in this shard)
    3.3s  regen_op_units2_cpp_c0082                    173 units  (37 done in this shard)
    3.3s  regen_op_units2_cpp_c0088                      0 units  (38 done in this shard)
    3.4s  regen_op_units2_cpp_c0094                     85 units  (39 done in this shard)
    3.5s  regen_op_units2_cpp_c0100                    145 units  (40 done in this shard)
    3.7s  regen_op_units2_cpp_c0106                    179 units  (41 done in this shard)
    3.7s  regen_op_units2_cpp_c0112                     17 units  (42 done in this shard)
    3.7s  regen_op_units2_cpp_c0118                     51 units  (43 done in this shard)
    3.8s  regen_op_units2_cpp_c0124                      6 units  (44 done in this shard)
    3.8s  regen_op_units2_cpp_c0130                      0 units  (45 done in this shard)
    3.9s  regen_op_units2_cpp_c0136                    105 units  (46 done in this shard)
    4.0s  regen_op_units2_cpp_c0142                    113 units  (47 done in this shard)
    4.3s  regen_op_units2_cpp_c0148                    194 units  (48 done in this shard)
    4.3s  regen_op_units2_cpp_c0154                     27 units  (49 done in this shard)
    4.4s  regen_op_units2_cpp_c0160                    118 units  (50 done in this shard)
    4.5s  regen_op_units2_cpp_c0166                    176 units  (51 done in this shard)
    4.7s  regen_op_units2_cpp_c0172                    143 units  (52 done in this shard)
    5.0s  regen_op_units2_go_c0000                     317 units  (53 done in this shard)
    5.0s  regen_op_units2_rust_c0004                    11 units  (54 done in this shard)
    6.0s  regen_op_units2_swift_c0005                  138 units  (55 done in this shard)
shard 2/6 finished
