-- walk walk2, order forward
   units with a proved term 26594
   units printed 26152, refused 442
   distinct texts 850
   seconds 89.5, peak resident size 83 MB
-- wrote normalize79_walk_walk2.json
	Command being timed: "/tmp/reconnect_venv/bin/python3 normalize79_walk.py --label walk2 --order forward"
	User time (seconds): 89.50
	System time (seconds): 0.09
	Percent of CPU this job got: 82%
	Elapsed (wall clock) time (h:mm:ss or m:ss): 1:48.33
	Average shared text size (kbytes): 0
	Average unshared data size (kbytes): 0
	Average stack size (kbytes): 0
	Average total size (kbytes): 0
	Maximum resident set size (kbytes): 85224
	Average resident set size (kbytes): 0
	Major (requiring I/O) page faults: 0
	Minor (reclaiming a frame) page faults: 24697
	Voluntary context switches: 32
	Involuntary context switches: 2310
	Swaps: 0
	File system inputs: 0
	File system outputs: 12472
	Socket messages sent: 0
	Socket messages received: 0
	Signals delivered: 0
	Page size (bytes): 4096
	Exit status: 0
