-- walk walk3, order shuffled
   units with a proved term 26594
   units printed 26152, refused 442
   distinct texts 850
   seconds 89.7, peak resident size 89 MB
-- wrote normalize79_walk_walk3.json
	Command being timed: "/tmp/reconnect_venv/bin/python3 normalize79_walk.py --label walk3 --order shuffled"
	User time (seconds): 89.66
	System time (seconds): 0.11
	Percent of CPU this job got: 82%
	Elapsed (wall clock) time (h:mm:ss or m:ss): 1:48.30
	Average shared text size (kbytes): 0
	Average unshared data size (kbytes): 0
	Average stack size (kbytes): 0
	Average total size (kbytes): 0
	Maximum resident set size (kbytes): 90800
	Average resident set size (kbytes): 0
	Major (requiring I/O) page faults: 0
	Minor (reclaiming a frame) page faults: 28315
	Voluntary context switches: 36
	Involuntary context switches: 1931
	Swaps: 0
	File system inputs: 0
	File system outputs: 12472
	Socket messages sent: 0
	Socket messages received: 0
	Signals delivered: 0
	Page size (bytes): 4096
	Exit status: 0
