-- walk pre78_walk3, order shuffled
   units with a proved term 26594
   units printed 26594, refused 0
   distinct texts 850
   seconds 84.5, peak resident size 89 MB
-- wrote normalize79_walk_pre78_walk3.json
	Command being timed: "/tmp/reconnect_venv/bin/python3 <scratch>/pre78/normalize79_walk.py --label pre78_walk3 --order shuffled --out-dir PseudoCoupHQ/Research/op_pipeline"
	User time (seconds): 84.47
	System time (seconds): 0.15
	Percent of CPU this job got: 99%
	Elapsed (wall clock) time (h:mm:ss or m:ss): 1:24.78
	Average shared text size (kbytes): 0
	Average unshared data size (kbytes): 0
	Average stack size (kbytes): 0
	Average total size (kbytes): 0
	Maximum resident set size (kbytes): 90944
	Average resident set size (kbytes): 0
	Major (requiring I/O) page faults: 1
	Minor (reclaiming a frame) page faults: 28421
	Voluntary context switches: 349
	Involuntary context switches: 1030
	Swaps: 0
	File system inputs: 20552
	File system outputs: 12456
	Socket messages sent: 0
	Socket messages received: 0
	Signals delivered: 0
	Page size (bytes): 4096
	Exit status: 0
