-- intake
   units in the pool 30432
   by arrival population {"interpreter": 9, "original": 1763, "regenerated": 28660}
   layer-4 records read 30432
-- the merge, brief-strict: layer-5 identity and proved edges only (RECORDED, NOT USED)
   entries under the brief-strict rule 5095
-- the merge, as ruled: layer-5 identity, layer-3 identity, proved edges
   distinct_layer3_wrapped_texts                  2993
   distinct_layer5_texts_among_eligible_units     1267
   layer3_identity_merges                         27439
   layer5_identity_merges                         25327
   proved_edges_applied                           118
   entries 1831
-- the representative rule
   entries carrying more than one wrapped text 527
   distinct texts to assemble 1689
   texts newly assembled 288, would not assemble 120, cache holds 1800
-- wrote the_pool5_bytes.json
-- wrote the_pool5.json
{
 "distinct_layer3_wrapped_texts": 2993,
 "distinct_layer5_texts_among_eligible_units": 1267,
 "entries": 1831,
 "entries_carrying_more_than_one_wrapped_text": 527,
 "entries_spanning_compiled_and_interpreted": 3,
 "entries_spanning_more_than_one_language": 490,
 "entries_under_the_brief_strict_rule": 5095,
 "layer3_identity_merges": 27439,
 "layer5_identity_merges": 25327,
 "members": 30432,
 "members_not_layer5_eligible": 3838,
 "members_whose_term_was_undecided": 285,
 "members_whose_term_was_withdrawn": 3134,
 "members_with_a_proved_term": 26594,
 "members_with_no_term": 419,
 "proved_edges_applied": 118
}
-- the families (the dom_op rule, imported from dom_ops.py)
   nodes (language, grammar-operator, arity) 197
   cross-language edges, raw 1334
   edges surviving the mutual filter 345
   families 34
-- wrote the_families5.json
{
 "edges_mutual": 345,
 "edges_raw": 1334,
 "entry_count": 1831,
 "equally_strongest_ties": 145,
 "families": 34,
 "nodes": 197,
 "nodes_in_a_family": 174,
 "nodes_with_no_surviving_edge": 23,
 "unit_count": 30432
}
-- the exception families, rebuilt over this pool
   guard rows read 314
   rows considered 128
   rows excluded (continue-with-a-different-answer) 186
   rows about units outside this pool 0
   exception families 40
-- wrote exception_families5.json
-- the delta against the_pool4.json
-- wrote pool4_pool5_delta.json
   splits 35, merges 89, units gone 0, units new 0
