-- intake
   units in the pool 30432
   by arrival population {"interpreter": 9, "original": 1763, "regenerated": 28660}
   layer-4 records read 30432
-- the merge, brief-strict: layer-5 identity and proved edges only (RECORDED, NOT USED)
   entries under the brief-strict rule 5668
-- the merge, as ruled: layer-5 identity, layer-3 identity, proved edges
   distinct_layer3_wrapped_texts                  2993
   distinct_layer5_texts_among_eligible_units     1286
   layer3_identity_merges                         27439
   layer5_identity_merges                         24754
   proved_edges_applied                           118
   entries 1961
-- the representative rule
   entries carrying more than one wrapped text 480
   distinct texts to assemble 1512
   texts newly assembled 1512, would not assemble 10, cache holds 1512
-- wrote the_pool4_bytes.json
-- wrote the_pool4.json
{
 "distinct_layer3_wrapped_texts": 2993,
 "distinct_layer5_texts_among_eligible_units": 1286,
 "entries": 1961,
 "entries_carrying_more_than_one_wrapped_text": 480,
 "entries_spanning_compiled_and_interpreted": 3,
 "entries_spanning_more_than_one_language": 573,
 "entries_under_the_brief_strict_rule": 5668,
 "layer3_identity_merges": 27439,
 "layer5_identity_merges": 24754,
 "members": 30432,
 "members_not_layer5_eligible": 4392,
 "members_whose_term_was_undecided": 3865,
 "members_whose_term_was_withdrawn": 0,
 "members_with_a_proved_term": 26040,
 "members_with_no_term": 527,
 "proved_edges_applied": 118
}
-- the families (the dom_op rule, imported from dom_ops.py)
   nodes (language, grammar-operator, arity) 197
   cross-language edges, raw 1014
   edges surviving the mutual filter 322
   families 34
-- wrote the_families4.json
{
 "edges_mutual": 322,
 "edges_raw": 1014,
 "entry_count": 1961,
 "equally_strongest_ties": 139,
 "families": 34,
 "nodes": 197,
 "nodes_in_a_family": 169,
 "nodes_with_no_surviving_edge": 28,
 "unit_count": 30432
}
-- the exception families, rebuilt over this pool
   guard rows read 314
   rows considered 128
   rows excluded (continue-with-a-different-answer) 186
   rows about units outside this pool 0
   exception families 40
-- wrote exception_families4.json
-- the delta against the_pool3.json
-- wrote pool3_pool4_delta.json
   splits 7, merges 107, units gone 4, units new 0
