canon39_wrapped_c.json: 610 re-gated, 0 canon39-refused skipped (14s)
canon39_wrapped_cpp.json: 770 re-gated, 0 canon39-refused skipped (29s)
canon39_wrapped_go.json: 107 re-gated, 0 canon39-refused skipped (32s)
canon39_wrapped_rust.json: 123 re-gated, 2 canon39-refused skipped (32s)
canon39_wrapped_swift.json: 153 re-gated, 14 canon39-refused skipped (36s)
canon39_interp.json: 9 re-gated, 2 canon39-refused skipped (36s)
canon39_regen_store/op_units2_c_c0000.json: 138 re-gated, 9 canon39-refused skipped (36s)
canon39_regen_store/op_units2_c_c0001.json: 125 re-gated, 5 canon39-refused skipped (36s)
canon39_regen_store/op_units2_c_c0002.json: 99 re-gated, 18 canon39-refused skipped (37s)
canon39_regen_store/op_units2_c_c0003.json: 0 re-gated, 0 canon39-refused skipped (37s)
canon39_regen_store/op_units2_c_c0004.json: 24 re-gated, 26 canon39-refused skipped (39s)
canon39_regen_store/op_units2_c_c0005.json: 94 re-gated, 6 canon39-refused skipped (39s)
canon39_regen_store/op_units2_c_c0006.json: 96 re-gated, 4 canon39-refused skipped (40s)
canon39_regen_store/op_units2_c_c0007.json: 95 re-gated, 8 canon39-refused skipped (40s)
canon39_regen_store/op_units2_c_c0008.json: 124 re-gated, 6 canon39-refused skipped (41s)
canon39_regen_store/op_units2_c_c0009.json: 89 re-gated, 3 canon39-refused skipped (42s)
canon39_regen_store/op_units2_c_c0010.json: 47 re-gated, 3 canon39-refused skipped (43s)
canon39_regen_store/op_units2_c_c0011.json: 0 re-gated, 0 canon39-refused skipped (43s)
canon39_regen_store/op_units2_c_c0012.json: 24 re-gated, 26 canon39-refused skipped (45s)
canon39_regen_store/op_units2_c_c0013.json: 96 re-gated, 6 canon39-refused skipped (45s)
canon39_regen_store/op_units2_c_c0014.json: 96 re-gated, 5 canon39-refused skipped (46s)
canon39_regen_store/op_units2_c_c0015.json: 121 re-gated, 9 canon39-refused skipped (47s)
canon39_regen_store/op_units2_c_c0016.json: 124 re-gated, 5 canon39-refused skipped (50s)
canon39_regen_store/op_units2_c_c0017.json: 61 re-gated, 2 canon39-refused skipped (54s)
canon39_regen_store/op_units2_c_c0018.json: 47 re-gated, 3 canon39-refused skipped (56s)
canon39_regen_store/op_units2_c_c0019.json: 0 re-gated, 0 canon39-refused skipped (56s)
canon39_regen_store/op_units2_c_c0020.json: 49 re-gated, 28 canon39-refused skipped (57s)
canon39_regen_store/op_units2_c_c0021.json: 96 re-gated, 5 canon39-refused skipped (58s)
canon39_regen_store/op_units2_c_c0022.json: 96 re-gated, 9 canon39-refused skipped (62s)
canon39_regen_store/op_units2_c_c0023.json: 124 re-gated, 5 canon39-refused skipped (62s)
canon39_regen_store/op_units2_c_c0024.json: 109 re-gated, 4 canon39-refused skipped (63s)
canon39_regen_store/op_units2_c_c0025.json: 48 re-gated, 2 canon39-refused skipped (64s)
canon39_regen_store/op_units2_c_c0026.json: 47 re-gated, 3 canon39-refused skipped (75s)
canon39_regen_store/op_units2_c_c0027.json: 0 re-gated, 0 canon39-refused skipped (75s)
canon39_regen_store/op_units2_c_c0028.json: 73 re-gated, 30 canon39-refused skipped (96s)
canon39_regen_store/op_units2_c_c0029.json: 93 re-gated, 4 canon39-refused skipped (102s)
canon39_regen_store/op_units2_c_c0030.json: 103 re-gated, 9 canon39-refused skipped (107s)
canon39_regen_store/op_units2_c_c0031.json: 125 re-gated, 5 canon39-refused skipped (114s)
canon39_regen_store/op_units2_c_c0032.json: 80 re-gated, 3 canon39-refused skipped (120s)
canon39_regen_store/op_units2_c_c0033.json: 67 re-gated, 2 canon39-refused skipped (126s)
canon39_regen_store/op_units2_c_c0034.json: 0 re-gated, 0 canon39-refused skipped (126s)
canon39_regen_store/op_units2_c_c0035.json: 76 re-gated, 0 canon39-refused skipped (126s)
canon39_regen_store/op_units2_c_c0036.json: 76 re-gated, 0 canon39-refused skipped (126s)
canon39_regen_store/op_units2_c_c0037.json: 95 re-gated, 0 canon39-refused skipped (126s)
canon39_regen_store/op_units2_c_c0038.json: 95 re-gated, 0 canon39-refused skipped (126s)
canon39_regen_store/op_units2_c_c0039.json: 50 re-gated, 0 canon39-refused skipped (127s)
canon39_regen_store/op_units2_c_c0040.json: 0 re-gated, 0 canon39-refused skipped (127s)
canon39_regen_store/op_units2_c_c0041.json: 50 re-gated, 0 canon39-refused skipped (127s)
canon39_regen_store/op_units2_c_c0042.json: 100 re-gated, 0 canon39-refused skipped (127s)
canon39_regen_store/op_units2_c_c0043.json: 100 re-gated, 0 canon39-refused skipped (128s)
canon39_regen_store/op_units2_c_c0044.json: 127 re-gated, 0 canon39-refused skipped (128s)
canon39_regen_store/op_units2_c_c0045.json: 125 re-gated, 0 canon39-refused skipped (128s)
canon39_regen_store/op_units2_c_c0046.json: 73 re-gated, 0 canon39-refused skipped (129s)
canon39_regen_store/op_units2_c_c0047.json: 50 re-gated, 0 canon39-refused skipped (129s)
canon39_regen_store/op_units2_c_c0048.json: 0 re-gated, 0 canon39-refused skipped (129s)
canon39_regen_store/op_units2_c_c0049.json: 72 re-gated, 0 canon39-refused skipped (130s)
canon39_regen_store/op_units2_c_c0050.json: 103 re-gated, 0 canon39-refused skipped (130s)
canon39_regen_store/op_units2_c_c0051.json: 102 re-gated, 0 canon39-refused skipped (130s)
canon39_regen_store/op_units2_c_c0052.json: 125 re-gated, 0 canon39-refused skipped (131s)
canon39_regen_store/op_units2_c_c0053.json: 123 re-gated, 0 canon39-refused skipped (131s)
canon39_regen_store/op_units2_c_c0054.json: 50 re-gated, 0 canon39-refused skipped (131s)
canon39_regen_store/op_units2_c_c0055.json: 19 re-gated, 0 canon39-refused skipped (131s)
canon39_regen_store/op_units2_c_c0056.json: 50 re-gated, 0 canon39-refused skipped (131s)
canon39_regen_store/op_units2_c_c0057.json: 65 re-gated, 0 canon39-refused skipped (131s)
canon39_regen_store/op_units2_c_c0058.json: 126 re-gated, 0 canon39-refused skipped (131s)
canon39_regen_store/op_units2_c_c0059.json: 83 re-gated, 0 canon39-refused skipped (131s)
canon39_regen_store/op_units2_c_c0060.json: 37 re-gated, 0 canon39-refused skipped (131s)
canon39_regen_store/op_units2_c_c0061.json: 0 re-gated, 0 canon39-refused skipped (131s)
canon39_regen_store/op_units2_c_c0062.json: 76 re-gated, 0 canon39-refused skipped (131s)
canon39_regen_store/op_units2_c_c0063.json: 77 re-gated, 0 canon39-refused skipped (131s)
canon39_regen_store/op_units2_c_c0064.json: 127 re-gated, 0 canon39-refused skipped (132s)
canon39_regen_store/op_units2_c_c0065.json: 62 re-gated, 0 canon39-refused skipped (132s)
canon39_regen_store/op_units2_c_c0066.json: 19 re-gated, 0 canon39-refused skipped (132s)
canon39_regen_store/op_units2_c_c0067.json: 39 re-gated, 0 canon39-refused skipped (132s)
canon39_regen_store/op_units2_c_c0068.json: 75 re-gated, 0 canon39-refused skipped (132s)
canon39_regen_store/op_units2_c_c0069.json: 116 re-gated, 0 canon39-refused skipped (132s)
canon39_regen_store/op_units2_c_c0070.json: 91 re-gated, 0 canon39-refused skipped (132s)
canon39_regen_store/op_units2_c_c0071.json: 71 re-gated, 0 canon39-refused skipped (133s)
canon39_regen_store/op_units2_c_c0072.json: 0 re-gated, 0 canon39-refused skipped (133s)
canon39_regen_store/op_units2_c_c0073.json: 50 re-gated, 0 canon39-refused skipped (134s)
canon39_regen_store/op_units2_c_c0074.json: 100 re-gated, 0 canon39-refused skipped (135s)
canon39_regen_store/op_units2_c_c0075.json: 100 re-gated, 0 canon39-refused skipped (136s)
canon39_regen_store/op_units2_c_c0076.json: 80 re-gated, 0 canon39-refused skipped (136s)
canon39_regen_store/op_units2_c_c0077.json: 130 re-gated, 0 canon39-refused skipped (137s)
canon39_regen_store/op_units2_c_c0078.json: 115 re-gated, 0 canon39-refused skipped (139s)
canon39_regen_store/op_units2_c_c0079.json: 50 re-gated, 0 canon39-refused skipped (140s)
canon39_regen_store/op_units2_c_c0080.json: 0 re-gated, 0 canon39-refused skipped (140s)
canon39_regen_store/op_units2_c_c0081.json: 50 re-gated, 0 canon39-refused skipped (141s)
canon39_regen_store/op_units2_c_c0082.json: 100 re-gated, 0 canon39-refused skipped (142s)
canon39_regen_store/op_units2_c_c0083.json: 100 re-gated, 0 canon39-refused skipped (143s)
canon39_regen_store/op_units2_c_c0084.json: 110 re-gated, 0 canon39-refused skipped (143s)
canon39_regen_store/op_units2_c_c0085.json: 130 re-gated, 0 canon39-refused skipped (144s)
canon39_regen_store/op_units2_c_c0086.json: 85 re-gated, 0 canon39-refused skipped (145s)
canon39_regen_store/op_units2_c_c0087.json: 50 re-gated, 0 canon39-refused skipped (146s)
canon39_regen_store/op_units2_c_c0088.json: 0 re-gated, 0 canon39-refused skipped (146s)
canon39_regen_store/op_units2_c_c0089.json: 52 re-gated, 0 canon39-refused skipped (148s)
canon39_regen_store/op_units2_c_c0090.json: 103 re-gated, 0 canon39-refused skipped (148s)
canon39_regen_store/op_units2_c_c0091.json: 105 re-gated, 0 canon39-refused skipped (149s)
canon39_regen_store/op_units2_c_c0092.json: 130 re-gated, 0 canon39-refused skipped (150s)
canon39_regen_store/op_units2_c_c0093.json: 130 re-gated, 0 canon39-refused skipped (151s)
canon39_regen_store/op_units2_c_c0094.json: 55 re-gated, 0 canon39-refused skipped (151s)
canon39_regen_store/op_units2_c_c0095.json: 50 re-gated, 0 canon39-refused skipped (153s)
canon39_regen_store/op_units2_c_c0096.json: 0 re-gated, 0 canon39-refused skipped (153s)
canon39_regen_store/op_units2_c_c0097.json: 80 re-gated, 0 canon39-refused skipped (154s)
canon39_regen_store/op_units2_c_c0098.json: 105 re-gated, 0 canon39-refused skipped (155s)
canon39_regen_store/op_units2_c_c0099.json: 105 re-gated, 0 canon39-refused skipped (156s)
canon39_regen_store/op_units2_c_c0100.json: 130 re-gated, 0 canon39-refused skipped (157s)
canon39_regen_store/op_units2_c_c0101.json: 105 re-gated, 0 canon39-refused skipped (158s)
canon39_regen_store/op_units2_c_c0102.json: 52 re-gated, 0 canon39-refused skipped (158s)
canon39_regen_store/op_units2_c_c0103.json: 48 re-gated, 0 canon39-refused skipped (159s)
canon39_regen_store/op_units2_c_c0104.json: 0 re-gated, 0 canon39-refused skipped (159s)
canon39_regen_store/op_units2_c_c0105.json: 110 re-gated, 0 canon39-refused skipped (161s)
canon39_regen_store/op_units2_c_c0106.json: 90 re-gated, 0 canon39-refused skipped (162s)
canon39_regen_store/op_units2_c_c0107.json: 120 re-gated, 0 canon39-refused skipped (163s)
canon39_regen_store/op_units2_c_c0108.json: 130 re-gated, 0 canon39-refused skipped (163s)
canon39_regen_store/op_units2_c_c0109.json: 77 re-gated, 0 canon39-refused skipped (164s)
canon39_regen_store/op_units2_c_c0110.json: 75 re-gated, 0 canon39-refused skipped (165s)
canon39_regen_store/op_units2_c_c0111.json: 23 re-gated, 0 canon39-refused skipped (166s)
canon39_regen_store/op_units2_c_c0112.json: 10 re-gated, 0 canon39-refused skipped (166s)
canon39_regen_store/op_units2_c_c0113.json: 130 re-gated, 0 canon39-refused skipped (168s)
canon39_regen_store/op_units2_c_c0114.json: 80 re-gated, 0 canon39-refused skipped (170s)
canon39_regen_store/op_units2_c_c0115.json: 105 re-gated, 0 canon39-refused skipped (171s)
canon39_regen_store/op_units2_c_c0116.json: 125 re-gated, 0 canon39-refused skipped (171s)
canon39_regen_store/op_units2_c_c0117.json: 102 re-gated, 0 canon39-refused skipped (172s)
canon39_regen_store/op_units2_c_c0118.json: 42 re-gated, 0 canon39-refused skipped (173s)
canon39_regen_store/op_units2_c_c0119.json: 0 re-gated, 0 canon39-refused skipped (173s)
canon39_regen_store/op_units2_c_c0120.json: 76 re-gated, 0 canon39-refused skipped (173s)
canon39_regen_store/op_units2_c_c0121.json: 76 re-gated, 0 canon39-refused skipped (173s)
canon39_regen_store/op_units2_c_c0122.json: 115 re-gated, 0 canon39-refused skipped (173s)
canon39_regen_store/op_units2_c_c0123.json: 75 re-gated, 0 canon39-refused skipped (173s)
canon39_regen_store/op_units2_c_c0124.json: 19 re-gated, 0 canon39-refused skipped (173s)
canon39_regen_store/op_units2_c_c0125.json: 28 re-gated, 0 canon39-refused skipped (173s)
canon39_regen_store/op_units2_c_c0126.json: 86 re-gated, 0 canon39-refused skipped (173s)
canon39_regen_store/op_units2_c_c0127.json: 104 re-gated, 0 canon39-refused skipped (173s)
canon39_regen_store/op_units2_c_c0128.json: 87 re-gated, 0 canon39-refused skipped (173s)
canon39_regen_store/op_units2_c_c0129.json: 37 re-gated, 0 canon39-refused skipped (173s)
canon39_regen_store/op_units2_cpp_c0000.json: 158 re-gated, 7 canon39-refused skipped (173s)
canon39_regen_store/op_units2_cpp_c0001.json: 105 re-gated, 9 canon39-refused skipped (173s)
canon39_regen_store/op_units2_cpp_c0002.json: 60 re-gated, 9 canon39-refused skipped (174s)
canon39_regen_store/op_units2_cpp_c0003.json: 0 re-gated, 0 canon39-refused skipped (174s)
canon39_regen_store/op_units2_cpp_c0004.json: 27 re-gated, 29 canon39-refused skipped (176s)
canon39_regen_store/op_units2_cpp_c0005.json: 161 re-gated, 8 canon39-refused skipped (177s)
canon39_regen_store/op_units2_cpp_c0006.json: 134 re-gated, 5 canon39-refused skipped (178s)
canon39_regen_store/op_units2_cpp_c0007.json: 112 re-gated, 9 canon39-refused skipped (178s)
canon39_regen_store/op_units2_cpp_c0008.json: 140 re-gated, 5 canon39-refused skipped (179s)
canon39_regen_store/op_units2_cpp_c0009.json: 95 re-gated, 3 canon39-refused skipped (180s)
canon39_regen_store/op_units2_cpp_c0010.json: 53 re-gated, 3 canon39-refused skipped (181s)
canon39_regen_store/op_units2_cpp_c0011.json: 0 re-gated, 0 canon39-refused skipped (181s)
canon39_regen_store/op_units2_cpp_c0012.json: 28 re-gated, 29 canon39-refused skipped (184s)
canon39_regen_store/op_units2_cpp_c0013.json: 188 re-gated, 10 canon39-refused skipped (184s)
canon39_regen_store/op_units2_cpp_c0014.json: 111 re-gated, 7 canon39-refused skipped (185s)
canon39_regen_store/op_units2_cpp_c0015.json: 139 re-gated, 6 canon39-refused skipped (186s)
canon39_regen_store/op_units2_cpp_c0016.json: 141 re-gated, 5 canon39-refused skipped (187s)
canon39_regen_store/op_units2_cpp_c0017.json: 86 re-gated, 3 canon39-refused skipped (187s)
canon39_regen_store/op_units2_cpp_c0018.json: 29 re-gated, 2 canon39-refused skipped (189s)
canon39_regen_store/op_units2_cpp_c0019.json: 0 re-gated, 0 canon39-refused skipped (189s)
canon39_regen_store/op_units2_cpp_c0020.json: 55 re-gated, 32 canon39-refused skipped (192s)
canon39_regen_store/op_units2_cpp_c0021.json: 194 re-gated, 8 canon39-refused skipped (192s)
canon39_regen_store/op_units2_cpp_c0022.json: 109 re-gated, 8 canon39-refused skipped (195s)
canon39_regen_store/op_units2_cpp_c0023.json: 141 re-gated, 5 canon39-refused skipped (195s)
canon39_regen_store/op_units2_cpp_c0024.json: 116 re-gated, 4 canon39-refused skipped (196s)
canon39_regen_store/op_units2_cpp_c0025.json: 81 re-gated, 3 canon39-refused skipped (198s)
canon39_regen_store/op_units2_cpp_c0026.json: 26 re-gated, 2 canon39-refused skipped (208s)
canon39_regen_store/op_units2_cpp_c0027.json: 0 re-gated, 0 canon39-refused skipped (208s)
canon39_regen_store/op_units2_cpp_c0028.json: 87 re-gated, 34 canon39-refused skipped (231s)
canon39_regen_store/op_units2_cpp_c0029.json: 181 re-gated, 6 canon39-refused skipped (241s)
canon39_regen_store/op_units2_cpp_c0030.json: 123 re-gated, 9 canon39-refused skipped (247s)
canon39_regen_store/op_units2_cpp_c0031.json: 140 re-gated, 5 canon39-refused skipped (253s)
canon39_regen_store/op_units2_cpp_c0032.json: 84 re-gated, 3 canon39-refused skipped (259s)
canon39_regen_store/op_units2_cpp_c0033.json: 81 re-gated, 3 canon39-refused skipped (267s)
canon39_regen_store/op_units2_cpp_c0034.json: 0 re-gated, 0 canon39-refused skipped (267s)
canon39_regen_store/op_units2_cpp_c0035.json: 99 re-gated, 0 canon39-refused skipped (267s)
canon39_regen_store/op_units2_cpp_c0036.json: 143 re-gated, 0 canon39-refused skipped (268s)
canon39_regen_store/op_units2_cpp_c0037.json: 110 re-gated, 0 canon39-refused skipped (268s)
canon39_regen_store/op_units2_cpp_c0038.json: 110 re-gated, 0 canon39-refused skipped (268s)
canon39_regen_store/op_units2_cpp_c0039.json: 50 re-gated, 0 canon39-refused skipped (269s)
canon39_regen_store/op_units2_cpp_c0040.json: 0 re-gated, 0 canon39-refused skipped (269s)
canon39_regen_store/op_units2_cpp_c0041.json: 56 re-gated, 0 canon39-refused skipped (269s)
canon39_regen_store/op_units2_cpp_c0042.json: 196 re-gated, 0 canon39-refused skipped (270s)
canon39_regen_store/op_units2_cpp_c0043.json: 113 re-gated, 0 canon39-refused skipped (270s)
canon39_regen_store/op_units2_cpp_c0044.json: 141 re-gated, 0 canon39-refused skipped (271s)
canon39_regen_store/op_units2_cpp_c0045.json: 146 re-gated, 0 canon39-refused skipped (271s)
canon39_regen_store/op_units2_cpp_c0046.json: 90 re-gated, 0 canon39-refused skipped (271s)
canon39_regen_store/op_units2_cpp_c0047.json: 42 re-gated, 0 canon39-refused skipped (272s)
canon39_regen_store/op_units2_cpp_c0048.json: 0 re-gated, 0 canon39-refused skipped (272s)
canon39_regen_store/op_units2_cpp_c0049.json: 84 re-gated, 0 canon39-refused skipped (273s)
canon39_regen_store/op_units2_cpp_c0050.json: 197 re-gated, 0 canon39-refused skipped (273s)
canon39_regen_store/op_units2_cpp_c0051.json: 113 re-gated, 0 canon39-refused skipped (274s)
canon39_regen_store/op_units2_cpp_c0052.json: 146 re-gated, 0 canon39-refused skipped (274s)
canon39_regen_store/op_units2_cpp_c0053.json: 132 re-gated, 0 canon39-refused skipped (274s)
canon39_regen_store/op_units2_cpp_c0054.json: 84 re-gated, 0 canon39-refused skipped (275s)
canon39_regen_store/op_units2_cpp_c0055.json: 0 re-gated, 0 canon39-refused skipped (275s)
canon39_regen_store/op_units2_cpp_c0056.json: 63 re-gated, 0 canon39-refused skipped (275s)
canon39_regen_store/op_units2_cpp_c0057.json: 139 re-gated, 0 canon39-refused skipped (275s)
canon39_regen_store/op_units2_cpp_c0058.json: 148 re-gated, 0 canon39-refused skipped (275s)
canon39_regen_store/op_units2_cpp_c0059.json: 95 re-gated, 0 canon39-refused skipped (275s)
canon39_regen_store/op_units2_cpp_c0060.json: 39 re-gated, 0 canon39-refused skipped (275s)
canon39_regen_store/op_units2_cpp_c0061.json: 0 re-gated, 0 canon39-refused skipped (275s)
canon39_regen_store/op_units2_cpp_c0062.json: 153 re-gated, 0 canon39-refused skipped (275s)
canon39_regen_store/op_units2_cpp_c0063.json: 96 re-gated, 0 canon39-refused skipped (275s)
canon39_regen_store/op_units2_cpp_c0064.json: 146 re-gated, 0 canon39-refused skipped (275s)
canon39_regen_store/op_units2_cpp_c0065.json: 89 re-gated, 0 canon39-refused skipped (275s)
canon39_regen_store/op_units2_cpp_c0066.json: 0 re-gated, 0 canon39-refused skipped (275s)
canon39_regen_store/op_units2_cpp_c0067.json: 53 re-gated, 0 canon39-refused skipped (275s)
canon39_regen_store/op_units2_cpp_c0068.json: 145 re-gated, 0 canon39-refused skipped (275s)
canon39_regen_store/op_units2_cpp_c0069.json: 141 re-gated, 0 canon39-refused skipped (276s)
canon39_regen_store/op_units2_cpp_c0070.json: 101 re-gated, 0 canon39-refused skipped (276s)
canon39_regen_store/op_units2_cpp_c0071.json: 72 re-gated, 0 canon39-refused skipped (277s)
canon39_regen_store/op_units2_cpp_c0072.json: 0 re-gated, 0 canon39-refused skipped (277s)
canon39_regen_store/op_units2_cpp_c0073.json: 56 re-gated, 0 canon39-refused skipped (279s)
canon39_regen_store/op_units2_cpp_c0074.json: 141 re-gated, 0 canon39-refused skipped (280s)
canon39_regen_store/op_units2_cpp_c0075.json: 167 re-gated, 0 canon39-refused skipped (281s)
canon39_regen_store/op_units2_cpp_c0076.json: 96 re-gated, 0 canon39-refused skipped (282s)
canon39_regen_store/op_units2_cpp_c0077.json: 145 re-gated, 0 canon39-refused skipped (282s)
canon39_regen_store/op_units2_cpp_c0078.json: 123 re-gated, 0 canon39-refused skipped (283s)
canon39_regen_store/op_units2_cpp_c0079.json: 56 re-gated, 0 canon39-refused skipped (285s)
canon39_regen_store/op_units2_cpp_c0080.json: 0 re-gated, 0 canon39-refused skipped (285s)
canon39_regen_store/op_units2_cpp_c0081.json: 56 re-gated, 0 canon39-refused skipped (287s)
canon39_regen_store/op_units2_cpp_c0082.json: 173 re-gated, 0 canon39-refused skipped (288s)
canon39_regen_store/op_units2_cpp_c0083.json: 135 re-gated, 0 canon39-refused skipped (289s)
canon39_regen_store/op_units2_cpp_c0084.json: 129 re-gated, 0 canon39-refused skipped (290s)
canon39_regen_store/op_units2_cpp_c0085.json: 145 re-gated, 0 canon39-refused skipped (290s)
canon39_regen_store/op_units2_cpp_c0086.json: 90 re-gated, 0 canon39-refused skipped (291s)
canon39_regen_store/op_units2_cpp_c0087.json: 56 re-gated, 0 canon39-refused skipped (293s)
canon39_regen_store/op_units2_cpp_c0088.json: 0 re-gated, 0 canon39-refused skipped (293s)
canon39_regen_store/op_units2_cpp_c0089.json: 61 re-gated, 0 canon39-refused skipped (295s)
canon39_regen_store/op_units2_cpp_c0090.json: 203 re-gated, 0 canon39-refused skipped (296s)
canon39_regen_store/op_units2_cpp_c0091.json: 117 re-gated, 0 canon39-refused skipped (298s)
canon39_regen_store/op_units2_cpp_c0092.json: 145 re-gated, 0 canon39-refused skipped (298s)
canon39_regen_store/op_units2_cpp_c0093.json: 145 re-gated, 0 canon39-refused skipped (300s)
canon39_regen_store/op_units2_cpp_c0094.json: 85 re-gated, 0 canon39-refused skipped (300s)
canon39_regen_store/op_units2_cpp_c0095.json: 28 re-gated, 0 canon39-refused skipped (302s)
canon39_regen_store/op_units2_cpp_c0096.json: 0 re-gated, 0 canon39-refused skipped (302s)
canon39_regen_store/op_units2_cpp_c0097.json: 96 re-gated, 0 canon39-refused skipped (304s)
canon39_regen_store/op_units2_cpp_c0098.json: 201 re-gated, 0 canon39-refused skipped (305s)
canon39_regen_store/op_units2_cpp_c0099.json: 117 re-gated, 0 canon39-refused skipped (306s)
canon39_regen_store/op_units2_cpp_c0100.json: 145 re-gated, 0 canon39-refused skipped (307s)
canon39_regen_store/op_units2_cpp_c0101.json: 113 re-gated, 0 canon39-refused skipped (307s)
canon39_regen_store/op_units2_cpp_c0102.json: 84 re-gated, 0 canon39-refused skipped (308s)
canon39_regen_store/op_units2_cpp_c0103.json: 28 re-gated, 0 canon39-refused skipped (310s)
canon39_regen_store/op_units2_cpp_c0104.json: 0 re-gated, 0 canon39-refused skipped (310s)
canon39_regen_store/op_units2_cpp_c0105.json: 129 re-gated, 0 canon39-refused skipped (312s)
canon39_regen_store/op_units2_cpp_c0106.json: 179 re-gated, 0 canon39-refused skipped (313s)
canon39_regen_store/op_units2_cpp_c0107.json: 139 re-gated, 0 canon39-refused skipped (314s)
canon39_regen_store/op_units2_cpp_c0108.json: 141 re-gated, 0 canon39-refused skipped (314s)
canon39_regen_store/op_units2_cpp_c0109.json: 85 re-gated, 0 canon39-refused skipped (315s)
canon39_regen_store/op_units2_cpp_c0110.json: 88 re-gated, 0 canon39-refused skipped (316s)
canon39_regen_store/op_units2_cpp_c0111.json: 23 re-gated, 0 canon39-refused skipped (317s)
canon39_regen_store/op_units2_cpp_c0112.json: 17 re-gated, 0 canon39-refused skipped (318s)
canon39_regen_store/op_units2_cpp_c0113.json: 145 re-gated, 0 canon39-refused skipped (320s)
canon39_regen_store/op_units2_cpp_c0114.json: 173 re-gated, 0 canon39-refused skipped (321s)
canon39_regen_store/op_units2_cpp_c0115.json: 113 re-gated, 0 canon39-refused skipped (321s)
canon39_regen_store/op_units2_cpp_c0116.json: 140 re-gated, 0 canon39-refused skipped (322s)
canon39_regen_store/op_units2_cpp_c0117.json: 117 re-gated, 0 canon39-refused skipped (324s)
canon39_regen_store/op_units2_cpp_c0118.json: 51 re-gated, 0 canon39-refused skipped (324s)
canon39_regen_store/op_units2_cpp_c0119.json: 0 re-gated, 0 canon39-refused skipped (324s)
canon39_regen_store/op_units2_cpp_c0120.json: 132 re-gated, 0 canon39-refused skipped (325s)
canon39_regen_store/op_units2_cpp_c0121.json: 110 re-gated, 0 canon39-refused skipped (325s)
canon39_regen_store/op_units2_cpp_c0122.json: 132 re-gated, 0 canon39-refused skipped (325s)
canon39_regen_store/op_units2_cpp_c0123.json: 104 re-gated, 0 canon39-refused skipped (325s)
canon39_regen_store/op_units2_cpp_c0124.json: 6 re-gated, 0 canon39-refused skipped (325s)
canon39_regen_store/op_units2_cpp_c0125.json: 38 re-gated, 0 canon39-refused skipped (325s)
canon39_regen_store/op_units2_cpp_c0126.json: 160 re-gated, 0 canon39-refused skipped (325s)
canon39_regen_store/op_units2_cpp_c0127.json: 127 re-gated, 0 canon39-refused skipped (325s)
canon39_regen_store/op_units2_cpp_c0128.json: 93 re-gated, 0 canon39-refused skipped (325s)
canon39_regen_store/op_units2_cpp_c0129.json: 93 re-gated, 0 canon39-refused skipped (327s)
canon39_regen_store/op_units2_cpp_c0130.json: 0 re-gated, 0 canon39-refused skipped (327s)
canon39_regen_store/op_units2_cpp_c0131.json: 37 re-gated, 0 canon39-refused skipped (328s)
canon39_regen_store/op_units2_cpp_c0132.json: 96 re-gated, 0 canon39-refused skipped (330s)
canon39_regen_store/op_units2_cpp_c0133.json: 155 re-gated, 0 canon39-refused skipped (331s)
canon39_regen_store/op_units2_cpp_c0134.json: 77 re-gated, 0 canon39-refused skipped (332s)
canon39_regen_store/op_units2_cpp_c0135.json: 115 re-gated, 0 canon39-refused skipped (333s)
canon39_regen_store/op_units2_cpp_c0136.json: 105 re-gated, 0 canon39-refused skipped (334s)
canon39_regen_store/op_units2_cpp_c0137.json: 50 re-gated, 0 canon39-refused skipped (335s)
canon39_regen_store/op_units2_cpp_c0138.json: 0 re-gated, 0 canon39-refused skipped (335s)
canon39_regen_store/op_units2_cpp_c0139.json: 56 re-gated, 0 canon39-refused skipped (336s)
canon39_regen_store/op_units2_cpp_c0140.json: 162 re-gated, 0 canon39-refused skipped (336s)
canon39_regen_store/op_units2_cpp_c0141.json: 146 re-gated, 0 canon39-refused skipped (337s)
canon39_regen_store/op_units2_cpp_c0142.json: 113 re-gated, 0 canon39-refused skipped (337s)
canon39_regen_store/op_units2_cpp_c0143.json: 140 re-gated, 0 canon39-refused skipped (337s)
canon39_regen_store/op_units2_cpp_c0144.json: 111 re-gated, 0 canon39-refused skipped (338s)
canon39_regen_store/op_units2_cpp_c0145.json: 56 re-gated, 0 canon39-refused skipped (338s)
canon39_regen_store/op_units2_cpp_c0146.json: 0 re-gated, 0 canon39-refused skipped (338s)
canon39_regen_store/op_units2_cpp_c0147.json: 56 re-gated, 0 canon39-refused skipped (339s)
canon39_regen_store/op_units2_cpp_c0148.json: 194 re-gated, 0 canon39-refused skipped (340s)
canon39_regen_store/op_units2_cpp_c0149.json: 115 re-gated, 0 canon39-refused skipped (340s)
canon39_regen_store/op_units2_cpp_c0150.json: 140 re-gated, 0 canon39-refused skipped (340s)
canon39_regen_store/op_units2_cpp_c0151.json: 142 re-gated, 0 canon39-refused skipped (341s)
canon39_regen_store/op_units2_cpp_c0152.json: 92 re-gated, 0 canon39-refused skipped (341s)
canon39_regen_store/op_units2_cpp_c0153.json: 17 re-gated, 0 canon39-refused skipped (341s)
canon39_regen_store/op_units2_cpp_c0154.json: 27 re-gated, 0 canon39-refused skipped (341s)
canon39_regen_store/op_units2_cpp_c0155.json: 171 re-gated, 0 canon39-refused skipped (341s)
canon39_regen_store/op_units2_cpp_c0156.json: 116 re-gated, 0 canon39-refused skipped (341s)
canon39_regen_store/op_units2_cpp_c0157.json: 104 re-gated, 0 canon39-refused skipped (341s)
canon39_regen_store/op_units2_cpp_c0158.json: 66 re-gated, 0 canon39-refused skipped (341s)
canon39_regen_store/op_units2_cpp_c0159.json: 0 re-gated, 0 canon39-refused skipped (341s)
canon39_regen_store/op_units2_cpp_c0160.json: 118 re-gated, 0 canon39-refused skipped (341s)
canon39_regen_store/op_units2_cpp_c0161.json: 124 re-gated, 0 canon39-refused skipped (341s)
canon39_regen_store/op_units2_cpp_c0162.json: 119 re-gated, 0 canon39-refused skipped (342s)
canon39_regen_store/op_units2_cpp_c0163.json: 101 re-gated, 0 canon39-refused skipped (342s)
canon39_regen_store/op_units2_cpp_c0164.json: 22 re-gated, 0 canon39-refused skipped (342s)
canon39_regen_store/op_units2_cpp_c0165.json: 22 re-gated, 0 canon39-refused skipped (342s)
canon39_regen_store/op_units2_cpp_c0166.json: 176 re-gated, 0 canon39-refused skipped (342s)
canon39_regen_store/op_units2_cpp_c0167.json: 110 re-gated, 0 canon39-refused skipped (342s)
canon39_regen_store/op_units2_cpp_c0168.json: 110 re-gated, 0 canon39-refused skipped (342s)
canon39_regen_store/op_units2_cpp_c0169.json: 80 re-gated, 0 canon39-refused skipped (342s)
canon39_regen_store/op_units2_cpp_c0170.json: 14 re-gated, 0 canon39-refused skipped (343s)
canon39_regen_store/op_units2_cpp_c0171.json: 25 re-gated, 0 canon39-refused skipped (344s)
canon39_regen_store/op_units2_cpp_c0172.json: 143 re-gated, 0 canon39-refused skipped (346s)
canon39_regen_store/op_units2_cpp_c0173.json: 169 re-gated, 0 canon39-refused skipped (347s)
canon39_regen_store/op_units2_cpp_c0174.json: 111 re-gated, 0 canon39-refused skipped (347s)
canon39_regen_store/op_units2_cpp_c0175.json: 140 re-gated, 0 canon39-refused skipped (348s)
canon39_regen_store/op_units2_cpp_c0176.json: 126 re-gated, 0 canon39-refused skipped (349s)
canon39_regen_store/op_units2_cpp_c0177.json: 42 re-gated, 0 canon39-refused skipped (350s)
canon39_regen_store/op_units2_go_c0000.json: 317 re-gated, 13 canon39-refused skipped (359s)
canon39_regen_store/op_units2_go_c0001.json: 153 re-gated, 0 canon39-refused skipped (359s)
canon39_regen_store/op_units2_rust_c0000.json: 49 re-gated, 4 canon39-refused skipped (359s)
canon39_regen_store/op_units2_rust_c0001.json: 194 re-gated, 0 canon39-refused skipped (359s)
canon39_regen_store/op_units2_rust_c0002.json: 296 re-gated, 4 canon39-refused skipped (366s)
canon39_regen_store/op_units2_rust_c0003.json: 12 re-gated, 0 canon39-refused skipped (366s)
canon39_regen_store/op_units2_rust_c0004.json: 11 re-gated, 0 canon39-refused skipped (366s)
canon39_regen_store/op_units2_swift_c0000.json: 156 re-gated, 25 canon39-refused skipped (376s)
canon39_regen_store/op_units2_swift_c0001.json: 285 re-gated, 0 canon39-refused skipped (376s)
canon39_regen_store/op_units2_swift_c0002.json: 221 re-gated, 0 canon39-refused skipped (376s)
canon39_regen_store/op_units2_swift_c0003.json: 105 re-gated, 0 canon39-refused skipped (377s)
canon39_regen_store/op_units2_swift_c0004.json: 134 re-gated, 23 canon39-refused skipped (378s)
canon39_regen_store/op_units2_swift_c0005.json: 138 re-gated, 33 canon39-refused skipped (380s)
canon39_regen_store/op_units2_swift_c0006.json: 21 re-gated, 1 canon39-refused skipped (380s)
canon39_regen_store/op_units2_swift_c0007.json: 12 re-gated, 1 canon39-refused skipped (380s)
canon39_regen_store/op_units2_swift_c0008.json: 0 re-gated, 0 canon39-refused skipped (380s)
canon39_regen_store/op_units2_swift_c0009.json: 0 re-gated, 0 canon39-refused skipped (380s)
canon39_regen_store/op_units2_swift_c0010.json: 0 re-gated, 0 canon39-refused skipped (380s)
all 332 shards re-gated
