canon39_wrapped_c.json: 602 with proved terms, 125 rendered, 8 skipped
canon39_wrapped_cpp.json: 764 with proved terms, 135 rendered, 6 skipped
canon39_wrapped_go.json: 78 with proved terms, 29 rendered, 29 skipped
canon39_wrapped_rust.json: 111 with proved terms, 47 rendered, 12 skipped
canon39_wrapped_swift.json: 116 with proved terms, 35 rendered, 37 skipped
canon39_interp.json: 9 with proved terms, 8 rendered, 0 skipped
canon39_regen_store/op_units2_c_c0000.json: 131 with proved terms, 74 rendered, 7 skipped
canon39_regen_store/op_units2_c_c0001.json: 125 with proved terms, 122 rendered, 0 skipped
canon39_regen_store/op_units2_c_c0002.json: 74 with proved terms, 72 rendered, 25 skipped
canon39_regen_store/op_units2_c_c0003.json: 0 with proved terms, 0 rendered, 0 skipped
canon39_regen_store/op_units2_c_c0004.json: 3 with proved terms, 0 rendered, 21 skipped
canon39_regen_store/op_units2_c_c0005.json: 82 with proved terms, 58 rendered, 12 skipped
canon39_regen_store/op_units2_c_c0006.json: 86 with proved terms, 26 rendered, 10 skipped
canon39_regen_store/op_units2_c_c0007.json: 85 with proved terms, 54 rendered, 10 skipped
canon39_regen_store/op_units2_c_c0008.json: 114 with proved terms, 76 rendered, 10 skipped
canon39_regen_store/op_units2_c_c0009.json: 81 with proved terms, 61 rendered, 8 skipped
canon39_regen_store/op_units2_c_c0010.json: 22 with proved terms, 20 rendered, 25 skipped
canon39_regen_store/op_units2_c_c0011.json: 0 with proved terms, 0 rendered, 0 skipped
canon39_regen_store/op_units2_c_c0012.json: 3 with proved terms, 0 rendered, 21 skipped
canon39_regen_store/op_units2_c_c0013.json: 83 with proved terms, 58 rendered, 13 skipped
canon39_regen_store/op_units2_c_c0014.json: 87 with proved terms, 27 rendered, 9 skipped
canon39_regen_store/op_units2_c_c0015.json: 109 with proved terms, 68 rendered, 12 skipped
canon39_regen_store/op_units2_c_c0016.json: 114 with proved terms, 81 rendered, 10 skipped
canon39_regen_store/op_units2_c_c0017.json: 55 with proved terms, 41 rendered, 6 skipped
canon39_regen_store/op_units2_c_c0018.json: 22 with proved terms, 3 rendered, 25 skipped
canon39_regen_store/op_units2_c_c0019.json: 0 with proved terms, 0 rendered, 0 skipped
canon39_regen_store/op_units2_c_c0020.json: 23 with proved terms, 11 rendered, 26 skipped
canon39_regen_store/op_units2_c_c0021.json: 85 with proved terms, 24 rendered, 11 skipped
canon39_regen_store/op_units2_c_c0022.json: 86 with proved terms, 39 rendered, 10 skipped
canon39_regen_store/op_units2_c_c0023.json: 114 with proved terms, 55 rendered, 10 skipped
canon39_regen_store/op_units2_c_c0024.json: 100 with proved terms, 66 rendered, 9 skipped
canon39_regen_store/op_units2_c_c0025.json: 43 with proved terms, 29 rendered, 5 skipped
canon39_regen_store/op_units2_c_c0026.json: 20 with proved terms, 3 rendered, 27 skipped
canon39_regen_store/op_units2_c_c0027.json: 0 with proved terms, 0 rendered, 0 skipped
canon39_regen_store/op_units2_c_c0028.json: 8 with proved terms, 5 rendered, 65 skipped
canon39_regen_store/op_units2_c_c0029.json: 81 with proved terms, 5 rendered, 12 skipped
canon39_regen_store/op_units2_c_c0030.json: 85 with proved terms, 26 rendered, 18 skipped
canon39_regen_store/op_units2_c_c0031.json: 105 with proved terms, 16 rendered, 20 skipped
canon39_regen_store/op_units2_c_c0032.json: 66 with proved terms, 8 rendered, 14 skipped
canon39_regen_store/op_units2_c_c0033.json: 55 with proved terms, 7 rendered, 12 skipped
canon39_regen_store/op_units2_c_c0034.json: 0 with proved terms, 0 rendered, 0 skipped
canon39_regen_store/op_units2_c_c0035.json: 38 with proved terms, 8 rendered, 38 skipped
canon39_regen_store/op_units2_c_c0036.json: 68 with proved terms, 8 rendered, 8 skipped
canon39_regen_store/op_units2_c_c0037.json: 85 with proved terms, 10 rendered, 10 skipped
canon39_regen_store/op_units2_c_c0038.json: 83 with proved terms, 10 rendered, 12 skipped
canon39_regen_store/op_units2_c_c0039.json: 23 with proved terms, 2 rendered, 27 skipped
canon39_regen_store/op_units2_c_c0040.json: 0 with proved terms, 0 rendered, 0 skipped
canon39_regen_store/op_units2_c_c0041.json: 23 with proved terms, 0 rendered, 27 skipped
canon39_regen_store/op_units2_c_c0042.json: 92 with proved terms, 2 rendered, 8 skipped
canon39_regen_store/op_units2_c_c0043.json: 92 with proved terms, 0 rendered, 8 skipped
canon39_regen_store/op_units2_c_c0044.json: 116 with proved terms, 0 rendered, 11 skipped
canon39_regen_store/op_units2_c_c0045.json: 115 with proved terms, 0 rendered, 10 skipped
canon39_regen_store/op_units2_c_c0046.json: 68 with proved terms, 0 rendered, 5 skipped
canon39_regen_store/op_units2_c_c0047.json: 23 with proved terms, 2 rendered, 27 skipped
canon39_regen_store/op_units2_c_c0048.json: 0 with proved terms, 0 rendered, 0 skipped
canon39_regen_store/op_units2_c_c0049.json: 43 with proved terms, 0 rendered, 29 skipped
canon39_regen_store/op_units2_c_c0050.json: 95 with proved terms, 2 rendered, 8 skipped
canon39_regen_store/op_units2_c_c0051.json: 93 with proved terms, 0 rendered, 9 skipped
canon39_regen_store/op_units2_c_c0052.json: 115 with proved terms, 0 rendered, 10 skipped
canon39_regen_store/op_units2_c_c0053.json: 114 with proved terms, 0 rendered, 9 skipped
canon39_regen_store/op_units2_c_c0054.json: 46 with proved terms, 0 rendered, 4 skipped
canon39_regen_store/op_units2_c_c0055.json: 19 with proved terms, 11 rendered, 0 skipped
canon39_regen_store/op_units2_c_c0056.json: 50 with proved terms, 23 rendered, 0 skipped
canon39_regen_store/op_units2_c_c0057.json: 65 with proved terms, 34 rendered, 0 skipped
canon39_regen_store/op_units2_c_c0058.json: 126 with proved terms, 64 rendered, 0 skipped
canon39_regen_store/op_units2_c_c0059.json: 83 with proved terms, 43 rendered, 0 skipped
canon39_regen_store/op_units2_c_c0060.json: 37 with proved terms, 21 rendered, 0 skipped
canon39_regen_store/op_units2_c_c0061.json: 0 with proved terms, 0 rendered, 0 skipped
canon39_regen_store/op_units2_c_c0062.json: 76 with proved terms, 38 rendered, 0 skipped
canon39_regen_store/op_units2_c_c0063.json: 77 with proved terms, 39 rendered, 0 skipped
canon39_regen_store/op_units2_c_c0064.json: 127 with proved terms, 67 rendered, 0 skipped
canon39_regen_store/op_units2_c_c0065.json: 62 with proved terms, 30 rendered, 0 skipped
canon39_regen_store/op_units2_c_c0066.json: 19 with proved terms, 19 rendered, 0 skipped
canon39_regen_store/op_units2_c_c0067.json: 39 with proved terms, 27 rendered, 0 skipped
canon39_regen_store/op_units2_c_c0068.json: 75 with proved terms, 53 rendered, 0 skipped
canon39_regen_store/op_units2_c_c0069.json: 116 with proved terms, 73 rendered, 0 skipped
canon39_regen_store/op_units2_c_c0070.json: 91 with proved terms, 72 rendered, 0 skipped
canon39_regen_store/op_units2_c_c0071.json: 43 with proved terms, 23 rendered, 28 skipped
canon39_regen_store/op_units2_c_c0072.json: 0 with proved terms, 0 rendered, 0 skipped
canon39_regen_store/op_units2_c_c0073.json: 4 with proved terms, 0 rendered, 46 skipped
canon39_regen_store/op_units2_c_c0074.json: 82 with proved terms, 2 rendered, 18 skipped
canon39_regen_store/op_units2_c_c0075.json: 86 with proved terms, 0 rendered, 14 skipped
canon39_regen_store/op_units2_c_c0076.json: 65 with proved terms, 0 rendered, 15 skipped
canon39_regen_store/op_units2_c_c0077.json: 115 with proved terms, 0 rendered, 15 skipped
canon39_regen_store/op_units2_c_c0078.json: 101 with proved terms, 0 rendered, 14 skipped
canon39_regen_store/op_units2_c_c0079.json: 22 with proved terms, 2 rendered, 28 skipped
canon39_regen_store/op_units2_c_c0080.json: 0 with proved terms, 0 rendered, 0 skipped
canon39_regen_store/op_units2_c_c0081.json: 4 with proved terms, 0 rendered, 46 skipped
canon39_regen_store/op_units2_c_c0082.json: 82 with proved terms, 2 rendered, 18 skipped
canon39_regen_store/op_units2_c_c0083.json: 86 with proved terms, 0 rendered, 14 skipped
canon39_regen_store/op_units2_c_c0084.json: 92 with proved terms, 0 rendered, 18 skipped
canon39_regen_store/op_units2_c_c0085.json: 115 with proved terms, 0 rendered, 15 skipped
canon39_regen_store/op_units2_c_c0086.json: 74 with proved terms, 0 rendered, 11 skipped
canon39_regen_store/op_units2_c_c0087.json: 22 with proved terms, 0 rendered, 28 skipped
canon39_regen_store/op_units2_c_c0088.json: 0 with proved terms, 0 rendered, 0 skipped
canon39_regen_store/op_units2_c_c0089.json: 5 with proved terms, 0 rendered, 47 skipped
canon39_regen_store/op_units2_c_c0090.json: 83 with proved terms, 0 rendered, 20 skipped
canon39_regen_store/op_units2_c_c0091.json: 90 with proved terms, 0 rendered, 15 skipped
canon39_regen_store/op_units2_c_c0092.json: 113 with proved terms, 0 rendered, 17 skipped
canon39_regen_store/op_units2_c_c0093.json: 114 with proved terms, 3 rendered, 16 skipped
canon39_regen_store/op_units2_c_c0094.json: 48 with proved terms, 2 rendered, 7 skipped
canon39_regen_store/op_units2_c_c0095.json: 22 with proved terms, 0 rendered, 28 skipped
canon39_regen_store/op_units2_c_c0096.json: 0 with proved terms, 0 rendered, 0 skipped
canon39_regen_store/op_units2_c_c0097.json: 25 with proved terms, 1 rendered, 55 skipped
canon39_regen_store/op_units2_c_c0098.json: 88 with proved terms, 6 rendered, 17 skipped
canon39_regen_store/op_units2_c_c0099.json: 90 with proved terms, 0 rendered, 15 skipped
canon39_regen_store/op_units2_c_c0100.json: 115 with proved terms, 0 rendered, 15 skipped
canon39_regen_store/op_units2_c_c0101.json: 92 with proved terms, 0 rendered, 13 skipped
canon39_regen_store/op_units2_c_c0102.json: 44 with proved terms, 0 rendered, 8 skipped
canon39_regen_store/op_units2_c_c0103.json: 21 with proved terms, 1 rendered, 27 skipped
canon39_regen_store/op_units2_c_c0104.json: 0 with proved terms, 0 rendered, 0 skipped
canon39_regen_store/op_units2_c_c0105.json: 49 with proved terms, 1 rendered, 61 skipped
canon39_regen_store/op_units2_c_c0106.json: 79 with proved terms, 0 rendered, 11 skipped
canon39_regen_store/op_units2_c_c0107.json: 102 with proved terms, 0 rendered, 18 skipped
canon39_regen_store/op_units2_c_c0108.json: 115 with proved terms, 0 rendered, 15 skipped
canon39_regen_store/op_units2_c_c0109.json: 66 with proved terms, 3 rendered, 11 skipped
canon39_regen_store/op_units2_c_c0110.json: 64 with proved terms, 2 rendered, 11 skipped
canon39_regen_store/op_units2_c_c0111.json: 0 with proved terms, 0 rendered, 23 skipped
canon39_regen_store/op_units2_c_c0112.json: 3 with proved terms, 0 rendered, 7 skipped
canon39_regen_store/op_units2_c_c0113.json: 73 with proved terms, 5 rendered, 57 skipped
canon39_regen_store/op_units2_c_c0114.json: 69 with proved terms, 0 rendered, 11 skipped
canon39_regen_store/op_units2_c_c0115.json: 90 with proved terms, 0 rendered, 15 skipped
canon39_regen_store/op_units2_c_c0116.json: 110 with proved terms, 0 rendered, 15 skipped
canon39_regen_store/op_units2_c_c0117.json: 87 with proved terms, 0 rendered, 15 skipped
canon39_regen_store/op_units2_c_c0118.json: 40 with proved terms, 0 rendered, 2 skipped
canon39_regen_store/op_units2_c_c0119.json: 0 with proved terms, 0 rendered, 0 skipped
canon39_regen_store/op_units2_c_c0120.json: 76 with proved terms, 0 rendered, 0 skipped
canon39_regen_store/op_units2_c_c0121.json: 76 with proved terms, 0 rendered, 0 skipped
canon39_regen_store/op_units2_c_c0122.json: 115 with proved terms, 0 rendered, 0 skipped
canon39_regen_store/op_units2_c_c0123.json: 75 with proved terms, 0 rendered, 0 skipped
canon39_regen_store/op_units2_c_c0124.json: 19 with proved terms, 0 rendered, 0 skipped
canon39_regen_store/op_units2_c_c0125.json: 28 with proved terms, 0 rendered, 0 skipped
canon39_regen_store/op_units2_c_c0126.json: 86 with proved terms, 0 rendered, 0 skipped
canon39_regen_store/op_units2_c_c0127.json: 104 with proved terms, 0 rendered, 0 skipped
canon39_regen_store/op_units2_c_c0128.json: 87 with proved terms, 0 rendered, 0 skipped
canon39_regen_store/op_units2_c_c0129.json: 37 with proved terms, 0 rendered, 0 skipped
canon39_regen_store/op_units2_cpp_c0000.json: 153 with proved terms, 84 rendered, 5 skipped
canon39_regen_store/op_units2_cpp_c0001.json: 101 with proved terms, 78 rendered, 4 skipped
canon39_regen_store/op_units2_cpp_c0002.json: 34 with proved terms, 34 rendered, 26 skipped
canon39_regen_store/op_units2_cpp_c0003.json: 0 with proved terms, 0 rendered, 0 skipped
canon39_regen_store/op_units2_cpp_c0004.json: 3 with proved terms, 0 rendered, 24 skipped
canon39_regen_store/op_units2_cpp_c0005.json: 144 with proved terms, 114 rendered, 17 skipped
canon39_regen_store/op_units2_cpp_c0006.json: 123 with proved terms, 54 rendered, 11 skipped
canon39_regen_store/op_units2_cpp_c0007.json: 102 with proved terms, 68 rendered, 10 skipped
canon39_regen_store/op_units2_cpp_c0008.json: 130 with proved terms, 90 rendered, 10 skipped
canon39_regen_store/op_units2_cpp_c0009.json: 87 with proved terms, 67 rendered, 8 skipped
canon39_regen_store/op_units2_cpp_c0010.json: 25 with proved terms, 15 rendered, 28 skipped
canon39_regen_store/op_units2_cpp_c0011.json: 0 with proved terms, 0 rendered, 0 skipped
canon39_regen_store/op_units2_cpp_c0012.json: 3 with proved terms, 0 rendered, 25 skipped
canon39_regen_store/op_units2_cpp_c0013.json: 170 with proved terms, 137 rendered, 18 skipped
canon39_regen_store/op_units2_cpp_c0014.json: 102 with proved terms, 35 rendered, 9 skipped
canon39_regen_store/op_units2_cpp_c0015.json: 127 with proved terms, 82 rendered, 12 skipped
canon39_regen_store/op_units2_cpp_c0016.json: 130 with proved terms, 95 rendered, 11 skipped
canon39_regen_store/op_units2_cpp_c0017.json: 79 with proved terms, 57 rendered, 7 skipped
canon39_regen_store/op_units2_cpp_c0018.json: 3 with proved terms, 2 rendered, 26 skipped
canon39_regen_store/op_units2_cpp_c0019.json: 0 with proved terms, 0 rendered, 0 skipped
canon39_regen_store/op_units2_cpp_c0020.json: 25 with proved terms, 14 rendered, 30 skipped
canon39_regen_store/op_units2_cpp_c0021.json: 176 with proved terms, 96 rendered, 18 skipped
canon39_regen_store/op_units2_cpp_c0022.json: 101 with proved terms, 53 rendered, 8 skipped
canon39_regen_store/op_units2_cpp_c0023.json: 131 with proved terms, 75 rendered, 10 skipped
canon39_regen_store/op_units2_cpp_c0024.json: 107 with proved terms, 78 rendered, 9 skipped
canon39_regen_store/op_units2_cpp_c0025.json: 74 with proved terms, 50 rendered, 7 skipped
canon39_regen_store/op_units2_cpp_c0026.json: 0 with proved terms, 0 rendered, 26 skipped
canon39_regen_store/op_units2_cpp_c0027.json: 0 with proved terms, 0 rendered, 0 skipped
canon39_regen_store/op_units2_cpp_c0028.json: 9 with proved terms, 3 rendered, 78 skipped
canon39_regen_store/op_units2_cpp_c0029.json: 155 with proved terms, 9 rendered, 26 skipped
canon39_regen_store/op_units2_cpp_c0030.json: 105 with proved terms, 26 rendered, 18 skipped
canon39_regen_store/op_units2_cpp_c0031.json: 120 with proved terms, 10 rendered, 20 skipped
canon39_regen_store/op_units2_cpp_c0032.json: 69 with proved terms, 5 rendered, 15 skipped
canon39_regen_store/op_units2_cpp_c0033.json: 66 with proved terms, 5 rendered, 15 skipped
canon39_regen_store/op_units2_cpp_c0034.json: 0 with proved terms, 0 rendered, 0 skipped
canon39_regen_store/op_units2_cpp_c0035.json: 50 with proved terms, 5 rendered, 49 skipped
canon39_regen_store/op_units2_cpp_c0036.json: 128 with proved terms, 6 rendered, 15 skipped
canon39_regen_store/op_units2_cpp_c0037.json: 100 with proved terms, 5 rendered, 10 skipped
canon39_regen_store/op_units2_cpp_c0038.json: 96 with proved terms, 5 rendered, 14 skipped
canon39_regen_store/op_units2_cpp_c0039.json: 20 with proved terms, 1 rendered, 30 skipped
canon39_regen_store/op_units2_cpp_c0040.json: 0 with proved terms, 0 rendered, 0 skipped
canon39_regen_store/op_units2_cpp_c0041.json: 26 with proved terms, 0 rendered, 30 skipped
canon39_regen_store/op_units2_cpp_c0042.json: 182 with proved terms, 1 rendered, 14 skipped
canon39_regen_store/op_units2_cpp_c0043.json: 104 with proved terms, 0 rendered, 9 skipped
canon39_regen_store/op_units2_cpp_c0044.json: 131 with proved terms, 0 rendered, 10 skipped
canon39_regen_store/op_units2_cpp_c0045.json: 135 with proved terms, 0 rendered, 11 skipped
canon39_regen_store/op_units2_cpp_c0046.json: 84 with proved terms, 0 rendered, 6 skipped
canon39_regen_store/op_units2_cpp_c0047.json: 14 with proved terms, 0 rendered, 28 skipped
canon39_regen_store/op_units2_cpp_c0048.json: 0 with proved terms, 0 rendered, 0 skipped
canon39_regen_store/op_units2_cpp_c0049.json: 52 with proved terms, 0 rendered, 32 skipped
canon39_regen_store/op_units2_cpp_c0050.json: 182 with proved terms, 1 rendered, 15 skipped
canon39_regen_store/op_units2_cpp_c0051.json: 105 with proved terms, 0 rendered, 8 skipped
canon39_regen_store/op_units2_cpp_c0052.json: 135 with proved terms, 0 rendered, 11 skipped
canon39_regen_store/op_units2_cpp_c0053.json: 124 with proved terms, 0 rendered, 8 skipped
canon39_regen_store/op_units2_cpp_c0054.json: 78 with proved terms, 0 rendered, 6 skipped
canon39_regen_store/op_units2_cpp_c0055.json: 0 with proved terms, 0 rendered, 0 skipped
canon39_regen_store/op_units2_cpp_c0056.json: 63 with proved terms, 28 rendered, 0 skipped
canon39_regen_store/op_units2_cpp_c0057.json: 139 with proved terms, 82 rendered, 0 skipped
canon39_regen_store/op_units2_cpp_c0058.json: 148 with proved terms, 76 rendered, 0 skipped
canon39_regen_store/op_units2_cpp_c0059.json: 95 with proved terms, 49 rendered, 0 skipped
canon39_regen_store/op_units2_cpp_c0060.json: 39 with proved terms, 25 rendered, 0 skipped
canon39_regen_store/op_units2_cpp_c0061.json: 0 with proved terms, 0 rendered, 0 skipped
canon39_regen_store/op_units2_cpp_c0062.json: 153 with proved terms, 85 rendered, 0 skipped
canon39_regen_store/op_units2_cpp_c0063.json: 96 with proved terms, 50 rendered, 0 skipped
canon39_regen_store/op_units2_cpp_c0064.json: 146 with proved terms, 80 rendered, 0 skipped
canon39_regen_store/op_units2_cpp_c0065.json: 89 with proved terms, 45 rendered, 0 skipped
canon39_regen_store/op_units2_cpp_c0066.json: 0 with proved terms, 0 rendered, 0 skipped
canon39_regen_store/op_units2_cpp_c0067.json: 53 with proved terms, 39 rendered, 0 skipped
canon39_regen_store/op_units2_cpp_c0068.json: 145 with proved terms, 122 rendered, 0 skipped
canon39_regen_store/op_units2_cpp_c0069.json: 141 with proved terms, 93 rendered, 0 skipped
canon39_regen_store/op_units2_cpp_c0070.json: 101 with proved terms, 82 rendered, 0 skipped
canon39_regen_store/op_units2_cpp_c0071.json: 44 with proved terms, 36 rendered, 28 skipped
canon39_regen_store/op_units2_cpp_c0072.json: 0 with proved terms, 0 rendered, 0 skipped
canon39_regen_store/op_units2_cpp_c0073.json: 4 with proved terms, 0 rendered, 52 skipped
canon39_regen_store/op_units2_cpp_c0074.json: 119 with proved terms, 1 rendered, 22 skipped
canon39_regen_store/op_units2_cpp_c0075.json: 148 with proved terms, 0 rendered, 19 skipped
canon39_regen_store/op_units2_cpp_c0076.json: 81 with proved terms, 0 rendered, 15 skipped
canon39_regen_store/op_units2_cpp_c0077.json: 130 with proved terms, 0 rendered, 15 skipped
canon39_regen_store/op_units2_cpp_c0078.json: 109 with proved terms, 0 rendered, 14 skipped
canon39_regen_store/op_units2_cpp_c0079.json: 25 with proved terms, 0 rendered, 31 skipped
canon39_regen_store/op_units2_cpp_c0080.json: 0 with proved terms, 0 rendered, 0 skipped
canon39_regen_store/op_units2_cpp_c0081.json: 4 with proved terms, 0 rendered, 52 skipped
canon39_regen_store/op_units2_cpp_c0082.json: 146 with proved terms, 1 rendered, 27 skipped
canon39_regen_store/op_units2_cpp_c0083.json: 121 with proved terms, 0 rendered, 14 skipped
canon39_regen_store/op_units2_cpp_c0084.json: 111 with proved terms, 0 rendered, 18 skipped
canon39_regen_store/op_units2_cpp_c0085.json: 130 with proved terms, 0 rendered, 15 skipped
canon39_regen_store/op_units2_cpp_c0086.json: 79 with proved terms, 0 rendered, 11 skipped
canon39_regen_store/op_units2_cpp_c0087.json: 25 with proved terms, 0 rendered, 31 skipped
canon39_regen_store/op_units2_cpp_c0088.json: 0 with proved terms, 0 rendered, 0 skipped
canon39_regen_store/op_units2_cpp_c0089.json: 6 with proved terms, 0 rendered, 55 skipped
canon39_regen_store/op_units2_cpp_c0090.json: 175 with proved terms, 3 rendered, 28 skipped
canon39_regen_store/op_units2_cpp_c0091.json: 103 with proved terms, 0 rendered, 14 skipped
canon39_regen_store/op_units2_cpp_c0092.json: 128 with proved terms, 0 rendered, 17 skipped
canon39_regen_store/op_units2_cpp_c0093.json: 129 with proved terms, 3 rendered, 16 skipped
canon39_regen_store/op_units2_cpp_c0094.json: 75 with proved terms, 2 rendered, 10 skipped
canon39_regen_store/op_units2_cpp_c0095.json: 0 with proved terms, 0 rendered, 28 skipped
canon39_regen_store/op_units2_cpp_c0096.json: 0 with proved terms, 0 rendered, 0 skipped
canon39_regen_store/op_units2_cpp_c0097.json: 33 with proved terms, 4 rendered, 63 skipped
canon39_regen_store/op_units2_cpp_c0098.json: 177 with proved terms, 5 rendered, 24 skipped
canon39_regen_store/op_units2_cpp_c0099.json: 102 with proved terms, 0 rendered, 15 skipped
canon39_regen_store/op_units2_cpp_c0100.json: 130 with proved terms, 0 rendered, 15 skipped
canon39_regen_store/op_units2_cpp_c0101.json: 100 with proved terms, 0 rendered, 13 skipped
canon39_regen_store/op_units2_cpp_c0102.json: 74 with proved terms, 0 rendered, 10 skipped
canon39_regen_store/op_units2_cpp_c0103.json: 0 with proved terms, 0 rendered, 28 skipped
canon39_regen_store/op_units2_cpp_c0104.json: 0 with proved terms, 0 rendered, 0 skipped
canon39_regen_store/op_units2_cpp_c0105.json: 62 with proved terms, 1 rendered, 67 skipped
canon39_regen_store/op_units2_cpp_c0106.json: 159 with proved terms, 3 rendered, 20 skipped
canon39_regen_store/op_units2_cpp_c0107.json: 121 with proved terms, 0 rendered, 18 skipped
canon39_regen_store/op_units2_cpp_c0108.json: 126 with proved terms, 0 rendered, 15 skipped
canon39_regen_store/op_units2_cpp_c0109.json: 74 with proved terms, 3 rendered, 11 skipped
canon39_regen_store/op_units2_cpp_c0110.json: 74 with proved terms, 2 rendered, 14 skipped
canon39_regen_store/op_units2_cpp_c0111.json: 0 with proved terms, 0 rendered, 23 skipped
canon39_regen_store/op_units2_cpp_c0112.json: 4 with proved terms, 0 rendered, 13 skipped
canon39_regen_store/op_units2_cpp_c0113.json: 88 with proved terms, 8 rendered, 57 skipped
canon39_regen_store/op_units2_cpp_c0114.json: 153 with proved terms, 0 rendered, 20 skipped
canon39_regen_store/op_units2_cpp_c0115.json: 98 with proved terms, 0 rendered, 15 skipped
canon39_regen_store/op_units2_cpp_c0116.json: 125 with proved terms, 0 rendered, 15 skipped
canon39_regen_store/op_units2_cpp_c0117.json: 100 with proved terms, 0 rendered, 17 skipped
canon39_regen_store/op_units2_cpp_c0118.json: 48 with proved terms, 0 rendered, 3 skipped
canon39_regen_store/op_units2_cpp_c0119.json: 0 with proved terms, 0 rendered, 0 skipped
canon39_regen_store/op_units2_cpp_c0120.json: 132 with proved terms, 0 rendered, 0 skipped
canon39_regen_store/op_units2_cpp_c0121.json: 110 with proved terms, 0 rendered, 0 skipped
canon39_regen_store/op_units2_cpp_c0122.json: 132 with proved terms, 0 rendered, 0 skipped
canon39_regen_store/op_units2_cpp_c0123.json: 104 with proved terms, 0 rendered, 0 skipped
canon39_regen_store/op_units2_cpp_c0124.json: 6 with proved terms, 0 rendered, 0 skipped
canon39_regen_store/op_units2_cpp_c0125.json: 38 with proved terms, 0 rendered, 0 skipped
canon39_regen_store/op_units2_cpp_c0126.json: 160 with proved terms, 0 rendered, 0 skipped
canon39_regen_store/op_units2_cpp_c0127.json: 127 with proved terms, 0 rendered, 0 skipped
canon39_regen_store/op_units2_cpp_c0128.json: 93 with proved terms, 0 rendered, 0 skipped
canon39_regen_store/op_units2_cpp_c0129.json: 66 with proved terms, 0 rendered, 27 skipped
canon39_regen_store/op_units2_cpp_c0130.json: 0 with proved terms, 0 rendered, 0 skipped
canon39_regen_store/op_units2_cpp_c0131.json: 4 with proved terms, 0 rendered, 33 skipped
canon39_regen_store/op_units2_cpp_c0132.json: 61 with proved terms, 0 rendered, 35 skipped
canon39_regen_store/op_units2_cpp_c0133.json: 135 with proved terms, 0 rendered, 20 skipped
canon39_regen_store/op_units2_cpp_c0134.json: 65 with proved terms, 0 rendered, 12 skipped
canon39_regen_store/op_units2_cpp_c0135.json: 99 with proved terms, 0 rendered, 16 skipped
canon39_regen_store/op_units2_cpp_c0136.json: 89 with proved terms, 0 rendered, 16 skipped
canon39_regen_store/op_units2_cpp_c0137.json: 19 with proved terms, 0 rendered, 31 skipped
canon39_regen_store/op_units2_cpp_c0138.json: 0 with proved terms, 0 rendered, 0 skipped
canon39_regen_store/op_units2_cpp_c0139.json: 26 with proved terms, 0 rendered, 30 skipped
canon39_regen_store/op_units2_cpp_c0140.json: 150 with proved terms, 1 rendered, 12 skipped
canon39_regen_store/op_units2_cpp_c0141.json: 136 with proved terms, 0 rendered, 10 skipped
canon39_regen_store/op_units2_cpp_c0142.json: 104 with proved terms, 0 rendered, 9 skipped
canon39_regen_store/op_units2_cpp_c0143.json: 130 with proved terms, 0 rendered, 10 skipped
canon39_regen_store/op_units2_cpp_c0144.json: 104 with proved terms, 0 rendered, 7 skipped
canon39_regen_store/op_units2_cpp_c0145.json: 26 with proved terms, 0 rendered, 30 skipped
canon39_regen_store/op_units2_cpp_c0146.json: 0 with proved terms, 0 rendered, 0 skipped
canon39_regen_store/op_units2_cpp_c0147.json: 26 with proved terms, 0 rendered, 30 skipped
canon39_regen_store/op_units2_cpp_c0148.json: 180 with proved terms, 1 rendered, 14 skipped
canon39_regen_store/op_units2_cpp_c0149.json: 106 with proved terms, 0 rendered, 9 skipped
canon39_regen_store/op_units2_cpp_c0150.json: 130 with proved terms, 0 rendered, 10 skipped
canon39_regen_store/op_units2_cpp_c0151.json: 131 with proved terms, 0 rendered, 11 skipped
canon39_regen_store/op_units2_cpp_c0152.json: 86 with proved terms, 0 rendered, 6 skipped
canon39_regen_store/op_units2_cpp_c0153.json: 17 with proved terms, 0 rendered, 0 skipped
canon39_regen_store/op_units2_cpp_c0154.json: 27 with proved terms, 10 rendered, 0 skipped
canon39_regen_store/op_units2_cpp_c0155.json: 171 with proved terms, 98 rendered, 0 skipped
canon39_regen_store/op_units2_cpp_c0156.json: 116 with proved terms, 60 rendered, 0 skipped
canon39_regen_store/op_units2_cpp_c0157.json: 104 with proved terms, 56 rendered, 0 skipped
canon39_regen_store/op_units2_cpp_c0158.json: 66 with proved terms, 36 rendered, 0 skipped
canon39_regen_store/op_units2_cpp_c0159.json: 0 with proved terms, 0 rendered, 0 skipped
canon39_regen_store/op_units2_cpp_c0160.json: 118 with proved terms, 64 rendered, 0 skipped
canon39_regen_store/op_units2_cpp_c0161.json: 124 with proved terms, 66 rendered, 0 skipped
canon39_regen_store/op_units2_cpp_c0162.json: 119 with proved terms, 64 rendered, 0 skipped
canon39_regen_store/op_units2_cpp_c0163.json: 101 with proved terms, 52 rendered, 0 skipped
canon39_regen_store/op_units2_cpp_c0164.json: 22 with proved terms, 14 rendered, 0 skipped
canon39_regen_store/op_units2_cpp_c0165.json: 22 with proved terms, 15 rendered, 0 skipped
canon39_regen_store/op_units2_cpp_c0166.json: 176 with proved terms, 146 rendered, 0 skipped
canon39_regen_store/op_units2_cpp_c0167.json: 110 with proved terms, 72 rendered, 0 skipped
canon39_regen_store/op_units2_cpp_c0168.json: 110 with proved terms, 88 rendered, 0 skipped
canon39_regen_store/op_units2_cpp_c0169.json: 66 with proved terms, 51 rendered, 14 skipped
canon39_regen_store/op_units2_cpp_c0170.json: 0 with proved terms, 0 rendered, 14 skipped
canon39_regen_store/op_units2_cpp_c0171.json: 4 with proved terms, 0 rendered, 21 skipped
canon39_regen_store/op_units2_cpp_c0172.json: 94 with proved terms, 1 rendered, 49 skipped
canon39_regen_store/op_units2_cpp_c0173.json: 148 with proved terms, 0 rendered, 21 skipped
canon39_regen_store/op_units2_cpp_c0174.json: 97 with proved terms, 0 rendered, 14 skipped
canon39_regen_store/op_units2_cpp_c0175.json: 125 with proved terms, 0 rendered, 15 skipped
canon39_regen_store/op_units2_cpp_c0176.json: 109 with proved terms, 0 rendered, 17 skipped
canon39_regen_store/op_units2_cpp_c0177.json: 39 with proved terms, 0 rendered, 3 skipped
canon39_regen_store/op_units2_go_c0000.json: 171 with proved terms, 33 rendered, 146 skipped
canon39_regen_store/op_units2_go_c0001.json: 153 with proved terms, 68 rendered, 0 skipped
canon39_regen_store/op_units2_rust_c0000.json: 49 with proved terms, 45 rendered, 0 skipped
canon39_regen_store/op_units2_rust_c0001.json: 194 with proved terms, 41 rendered, 0 skipped
canon39_regen_store/op_units2_rust_c0002.json: 270 with proved terms, 37 rendered, 26 skipped
canon39_regen_store/op_units2_rust_c0003.json: 12 with proved terms, 11 rendered, 0 skipped
canon39_regen_store/op_units2_rust_c0004.json: 11 with proved terms, 7 rendered, 0 skipped
canon39_regen_store/op_units2_swift_c0000.json: 88 with proved terms, 63 rendered, 68 skipped
canon39_regen_store/op_units2_swift_c0001.json: 283 with proved terms, 0 rendered, 2 skipped
canon39_regen_store/op_units2_swift_c0002.json: 219 with proved terms, 1 rendered, 2 skipped
canon39_regen_store/op_units2_swift_c0003.json: 104 with proved terms, 1 rendered, 1 skipped
canon39_regen_store/op_units2_swift_c0004.json: 129 with proved terms, 60 rendered, 5 skipped
canon39_regen_store/op_units2_swift_c0005.json: 132 with proved terms, 31 rendered, 6 skipped
canon39_regen_store/op_units2_swift_c0006.json: 3 with proved terms, 3 rendered, 18 skipped
canon39_regen_store/op_units2_swift_c0007.json: 0 with proved terms, 0 rendered, 12 skipped
canon39_regen_store/op_units2_swift_c0008.json: 0 with proved terms, 0 rendered, 0 skipped
canon39_regen_store/op_units2_swift_c0009.json: 0 with proved terms, 0 rendered, 0 skipped
canon39_regen_store/op_units2_swift_c0010.json: 0 with proved terms, 0 rendered, 0 skipped
all 332 shards walked
