full candidate set: 13584 pairs
bucket0 remaining (cross-lang float-arith): 0
bucket2+3 remaining (same-language): 4477
bucket1 remaining (cross-lang other, NOT attempted this run): 6401
  [25/4477] elapsed=74.7s tally={'PROVED': 0, 'PROVED_TRANSITIVE': 0, 'DISPROVED': 691, 'UNDECIDED': 142, 'REFUSED': 0}
  [50/4477] elapsed=74.8s tally={'PROVED': 0, 'PROVED_TRANSITIVE': 0, 'DISPROVED': 716, 'UNDECIDED': 142, 'REFUSED': 0}
  [75/4477] elapsed=74.9s tally={'PROVED': 0, 'PROVED_TRANSITIVE': 0, 'DISPROVED': 741, 'UNDECIDED': 142, 'REFUSED': 0}
  [100/4477] elapsed=75.1s tally={'PROVED': 0, 'PROVED_TRANSITIVE': 0, 'DISPROVED': 766, 'UNDECIDED': 142, 'REFUSED': 0}
  [125/4477] elapsed=75.4s tally={'PROVED': 0, 'PROVED_TRANSITIVE': 0, 'DISPROVED': 791, 'UNDECIDED': 142, 'REFUSED': 0}
  [150/4477] elapsed=75.6s tally={'PROVED': 0, 'PROVED_TRANSITIVE': 0, 'DISPROVED': 816, 'UNDECIDED': 142, 'REFUSED': 0}
  [175/4477] elapsed=76.3s tally={'PROVED': 0, 'PROVED_TRANSITIVE': 0, 'DISPROVED': 841, 'UNDECIDED': 142, 'REFUSED': 0}
  [200/4477] elapsed=76.9s tally={'PROVED': 0, 'PROVED_TRANSITIVE': 0, 'DISPROVED': 866, 'UNDECIDED': 142, 'REFUSED': 0}
  [225/4477] elapsed=77.4s tally={'PROVED': 0, 'PROVED_TRANSITIVE': 0, 'DISPROVED': 891, 'UNDECIDED': 142, 'REFUSED': 0}
  [250/4477] elapsed=78.2s tally={'PROVED': 0, 'PROVED_TRANSITIVE': 0, 'DISPROVED': 916, 'UNDECIDED': 142, 'REFUSED': 0}
  [275/4477] elapsed=78.7s tally={'PROVED': 0, 'PROVED_TRANSITIVE': 0, 'DISPROVED': 941, 'UNDECIDED': 142, 'REFUSED': 0}
  [300/4477] elapsed=81.1s tally={'PROVED': 0, 'PROVED_TRANSITIVE': 0, 'DISPROVED': 963, 'UNDECIDED': 145, 'REFUSED': 0}
  [325/4477] elapsed=83.9s tally={'PROVED': 0, 'PROVED_TRANSITIVE': 0, 'DISPROVED': 988, 'UNDECIDED': 145, 'REFUSED': 0}
  [350/4477] elapsed=85.9s tally={'PROVED': 0, 'PROVED_TRANSITIVE': 0, 'DISPROVED': 1003, 'UNDECIDED': 155, 'REFUSED': 0}
  [375/4477] elapsed=87.4s tally={'PROVED': 0, 'PROVED_TRANSITIVE': 0, 'DISPROVED': 1017, 'UNDECIDED': 166, 'REFUSED': 0}
  [400/4477] elapsed=143.2s tally={'PROVED': 0, 'PROVED_TRANSITIVE': 0, 'DISPROVED': 1042, 'UNDECIDED': 166, 'REFUSED': 0}
wrote /sessions/inspiring-busy-pasteur/mnt/Programming/PseudoCoupHQ/Research/op_pipeline/proved_edges2.json
tally: {'PROVED': 0, 'PROVED_TRANSITIVE': 0, 'DISPROVED': 1043, 'UNDECIDED': 166, 'REFUSED': 0}
stopped_reason: wall-clock budget of 150s reached after 401 pairs
