-- intake
   units in the pool 30436
   by arrival population {"interpreter": 9, "original": 1763, "regenerated": 28664}
   layer-4 records read 30436
-- the merge, brief-strict: layer-5 identity and proved edges only
   entries under the brief-strict rule 8140
-- the merge, as built: layer-5 identity, layer-3 identity, proved edges
   distinct_layer3_wrapped_texts                  6277
   distinct_layer5_texts_among_eligible_units     1132
   layer3_identity_merges                         24159
   layer5_identity_merges                         22282
   proved_edges_applied                           118
   entries 5274
-- the representative rule
   entries carrying more than one wrapped text 434
   distinct texts to assemble 1437
   texts newly assembled 1437, cache holds 1437
-- wrote the_pool2.json
{
 "distinct_layer3_wrapped_texts": 6277,
 "distinct_layer5_texts_among_eligible_units": 1132,
 "entries": 5274,
 "entries_spanning_compiled_and_interpreted": 3,
 "entries_spanning_more_than_one_language": 423,
 "entries_under_the_brief_strict_rule": 8140,
 "entries_with_more_than_one_layer5_text": 179,
 "entries_with_more_than_one_wrapped_text": 434,
 "layer3_identity_merges": 24159,
 "layer5_identity_merges": 22282,
 "proved_edges_applied": 118,
 "units_by_arrival_population": {
  "interpreter": 9,
  "original": 1763,
  "regenerated": 28664
 },
 "units_in_the_pool": 30436,
 "units_not_layer5_eligible": 7022,
 "units_withdrawn_at_layer4": 826
}
