-- intake
   units in the pool 30436
   by arrival population {"interpreter": 9, "original": 1763, "regenerated": 28664}
   layer-4 records read 30436
-- the merge, brief-strict: layer-5 identity and proved edges only (RECORDED, NOT USED)
   entries under the brief-strict rule 8394
-- the merge, as ruled: layer-5 identity, layer-3 identity, proved edges
   distinct_layer3_wrapped_texts                  2997
   distinct_layer5_texts_among_eligible_units     1104
   layer3_identity_merges                         27439
   layer5_identity_merges                         22028
   proved_edges_applied                           118
   entries 2247
-- the representative rule
   entries carrying more than one wrapped text 394
   distinct texts to assemble 1144
   texts newly assembled 1144, cache holds 1144
-- wrote the_pool3.json
{
 "brief_strict_layer5_identity_merges": 22028,
 "distinct_layer3_wrapped_texts": 2997,
 "distinct_layer5_texts_among_eligible_units": 1104,
 "entries": 2247,
 "entries_spanning_compiled_and_interpreted": 3,
 "entries_spanning_more_than_one_language": 632,
 "entries_under_the_brief_strict_rule": 8394,
 "entries_with_more_than_one_layer5_text": 187,
 "entries_with_more_than_one_wrapped_text": 394,
 "layer3_identity_merges": 27439,
 "layer5_identity_merges": 22028,
 "proved_edges_applied": 118,
 "units_by_arrival_population": {
  "interpreter": 9,
  "original": 1763,
  "regenerated": 28664
 },
 "units_in_the_pool": 30436,
 "units_not_layer5_eligible": 7304,
 "units_undecided_at_layer4": 5602,
 "units_with_no_layer4_term": 1287,
 "units_withdrawn_at_layer4": 415
}
