267 chunks to run (105953 probes) with 6 workers
  c_c0003          400 submitted      0 accepted    400 refused      0 extracted      7.2s
  c_c0007          400 submitted    103 accepted    297 refused    103 extracted      9.7s
  c_c0005          400 submitted    100 accepted    300 refused    100 extracted      9.8s
  c_c0006          400 submitted    100 accepted    300 refused    100 extracted     10.0s
  c_c0001          400 submitted    130 accepted    270 refused    130 extracted     10.3s
  c_c0002          400 submitted    117 accepted    283 refused    117 extracted     10.3s
  c_c0011          400 submitted      0 accepted    400 refused      0 extracted      6.9s
  c_c0009          400 submitted     92 accepted    308 refused     92 extracted      9.7s
  c_c0012          400 submitted     50 accepted    350 refused     50 extracted      8.4s
  c_c0068          400 submitted     75 accepted    325 refused     75 extracted      9.0s
  c_c0013          400 submitted    102 accepted    298 refused    102 extracted      9.8s
  c_c0069          400 submitted    116 accepted    284 refused    116 extracted     10.2s
  c_c0072          400 submitted      0 accepted    400 refused      0 extracted      6.9s
  c_c0071          400 submitted     71 accepted    329 refused     71 extracted      9.0s
  c_c0070          400 submitted     91 accepted    309 refused     91 extracted      9.6s
  c_c0073          400 submitted     50 accepted    350 refused     50 extracted      8.2s
  c_c0074          400 submitted    100 accepted    300 refused    100 extracted      9.8s
  c_c0075          400 submitted    100 accepted    300 refused    100 extracted      9.7s
  c_c0076          400 submitted     80 accepted    320 refused     80 extracted      9.3s
  c_c0078          400 submitted    115 accepted    285 refused    115 extracted     10.3s
  c_c0077          400 submitted    130 accepted    270 refused    130 extracted     10.7s
  c_c0079          400 submitted     50 accepted    350 refused     50 extracted      8.6s
  c_c0080          400 submitted      0 accepted    400 refused      0 extracted      7.1s
  c_c0081          400 submitted     50 accepted    350 refused     50 extracted      8.4s
  c_c0082          400 submitted    100 accepted    300 refused    100 extracted      9.6s
  c_c0083          400 submitted    100 accepted    300 refused    100 extracted      9.7s
  c_c0086          400 submitted     85 accepted    315 refused     85 extracted      9.4s
  c_c0084          400 submitted    110 accepted    290 refused    110 extracted     10.2s
  c_c0087          400 submitted     50 accepted    350 refused     50 extracted      8.6s
  c_c0085          400 submitted    130 accepted    270 refused    130 extracted     10.6s
  c_c0088          400 submitted      0 accepted    400 refused      0 extracted      7.0s
  c_c0089          400 submitted     52 accepted    348 refused     52 extracted      8.5s
  c_c0090          400 submitted    103 accepted    297 refused    103 extracted      9.9s
  c_c0091          400 submitted    105 accepted    295 refused    105 extracted      9.9s
  c_c0092          400 submitted    130 accepted    270 refused    130 extracted     10.5s
  c_c0093          400 submitted    130 accepted    270 refused    130 extracted     10.5s
  c_c0094          400 submitted     55 accepted    345 refused     55 extracted      8.5s
  c_c0095          400 submitted     50 accepted    350 refused     50 extracted      8.6s
  c_c0096          400 submitted      0 accepted    400 refused      0 extracted      7.2s
  c_c0097          400 submitted     80 accepted    320 refused     80 extracted     10.0s
  c_c0098          400 submitted    105 accepted    295 refused    105 extracted     10.8s
  c_c0099          400 submitted    105 accepted    295 refused    105 extracted     10.8s
  c_c0100          400 submitted    130 accepted    270 refused    130 extracted     11.6s
  c_c0102          400 submitted     52 accepted    348 refused     52 extracted      9.4s
  c_c0101          400 submitted    105 accepted    295 refused    105 extracted     11.0s
  c_c0104          400 submitted      0 accepted    400 refused      0 extracted      7.1s
  c_c0103          400 submitted     48 accepted    352 refused     48 extracted      8.9s
  c_c0105          400 submitted    110 accepted    290 refused    110 extracted     10.1s
  c_c0106          400 submitted     90 accepted    310 refused     90 extracted      9.5s
  c_c0107          400 submitted    120 accepted    280 refused    120 extracted     10.4s
  c_c0108          400 submitted    130 accepted    270 refused    130 extracted     10.6s
  c_c0109          400 submitted     77 accepted    323 refused     77 extracted      9.0s
  c_c0110          400 submitted     75 accepted    325 refused     75 extracted      9.3s
  c_c0111          400 submitted     23 accepted    377 refused     23 extracted      7.7s
  c_c0112          400 submitted     10 accepted    390 refused     10 extracted      7.4s
  c_c0114          400 submitted     80 accepted    320 refused     80 extracted      9.2s
  c_c0113          400 submitted    130 accepted    270 refused    130 extracted     10.7s
  c_c0115          400 submitted    105 accepted    295 refused    105 extracted     10.1s
  c_c0116          400 submitted    125 accepted    275 refused    125 extracted     10.8s
  c_c0118          400 submitted     42 accepted    358 refused     42 extracted      8.4s
  c_c0117          400 submitted    102 accepted    298 refused    102 extracted     10.3s
  c_c0119          400 submitted      0 accepted    400 refused      0 extracted      7.2s
  c_c0120          400 submitted     76 accepted    324 refused     76 extracted      9.2s
  c_c0124          400 submitted     19 accepted    381 refused     19 extracted      7.5s
  c_c0121          400 submitted     76 accepted    324 refused     76 extracted      9.2s
  c_c0123          400 submitted     75 accepted    325 refused     75 extracted      9.1s
  c_c0122          400 submitted    115 accepted    285 refused    115 extracted     10.3s
  c_c0125          400 submitted     28 accepted    372 refused     28 extracted      7.9s
  c_c0129          229 submitted     37 accepted    192 refused     37 extracted      5.2s
  c_c0126          400 submitted     86 accepted    314 refused     86 extracted      9.6s
  c_c0128          400 submitted     87 accepted    313 refused     87 extracted      9.6s
  c_c0127          400 submitted    104 accepted    296 refused    104 extracted     10.5s
  cpp_c0003        400 submitted      0 accepted    400 refused      0 extracted     16.4s
  cpp_c0001        400 submitted    114 accepted    286 refused    114 extracted     21.8s
  cpp_c0002        400 submitted     69 accepted    331 refused     69 extracted     19.8s
  cpp_c0000        400 submitted    165 accepted    235 refused    165 extracted     24.8s
  cpp_c0004        400 submitted     56 accepted    344 refused     56 extracted     18.8s
  cpp_c0005        400 submitted    169 accepted    231 refused    169 extracted     24.7s
  cpp_c0009        400 submitted     98 accepted    302 refused     98 extracted     21.0s
  cpp_c0006        400 submitted    139 accepted    261 refused    139 extracted     23.2s
  cpp_c0007        400 submitted    121 accepted    279 refused    121 extracted     22.4s
  cpp_c0010        400 submitted     56 accepted    344 refused     56 extracted     19.0s
  cpp_c0008        400 submitted    145 accepted    255 refused    145 extracted     23.7s
  cpp_c0011        400 submitted      0 accepted    400 refused      0 extracted     16.3s
  cpp_c0012        400 submitted     57 accepted    343 refused     57 extracted     19.2s
  cpp_c0014        400 submitted    118 accepted    282 refused    118 extracted     22.0s
  cpp_c0017        400 submitted     89 accepted    311 refused     89 extracted     20.4s
  cpp_c0015        400 submitted    145 accepted    255 refused    145 extracted     23.6s
  cpp_c0016        400 submitted    146 accepted    254 refused    146 extracted     23.6s
  cpp_c0013        400 submitted    198 accepted    202 refused    198 extracted     26.6s
  cpp_c0018        400 submitted     31 accepted    369 refused     31 extracted     17.8s
  cpp_c0019        400 submitted      0 accepted    400 refused      0 extracted     16.7s
  cpp_c0020        400 submitted     87 accepted    313 refused     87 extracted     20.7s
  cpp_c0022        400 submitted    117 accepted    283 refused    117 extracted     22.1s
  cpp_c0023        400 submitted    146 accepted    254 refused    146 extracted     23.7s
  cpp_c0021        400 submitted    202 accepted    198 refused    202 extracted     26.9s
  cpp_c0024        400 submitted    120 accepted    280 refused    120 extracted     22.5s
  cpp_c0025        400 submitted     84 accepted    316 refused     84 extracted     20.6s
  cpp_c0026        400 submitted     28 accepted    372 refused     28 extracted     18.3s
  cpp_c0027        400 submitted      0 accepted    400 refused      0 extracted     16.5s
  cpp_c0028        400 submitted    121 accepted    279 refused    121 extracted     22.5s
  cpp_c0029        400 submitted    187 accepted    213 refused    187 extracted     26.2s
  cpp_c0030        400 submitted    132 accepted    268 refused    132 extracted     23.3s
  cpp_c0031        400 submitted    145 accepted    255 refused    145 extracted     23.6s
  cpp_c0032        400 submitted     87 accepted    313 refused     87 extracted     20.9s
  cpp_c0033        400 submitted     84 accepted    316 refused     84 extracted     20.9s
  cpp_c0034        400 submitted      0 accepted    400 refused      0 extracted     16.6s
  cpp_c0035        400 submitted     99 accepted    301 refused     99 extracted     21.2s
  cpp_c0037        400 submitted    110 accepted    290 refused    110 extracted     21.6s
  cpp_c0039        400 submitted     50 accepted    350 refused     50 extracted     18.9s
  cpp_c0036        400 submitted    143 accepted    257 refused    143 extracted     23.3s
  cpp_c0038        400 submitted    110 accepted    290 refused    110 extracted     22.2s
  cpp_c0040        400 submitted      0 accepted    400 refused      0 extracted     16.6s
  cpp_c0041        400 submitted     56 accepted    344 refused     56 extracted     19.2s
  cpp_c0043        400 submitted    113 accepted    287 refused    113 extracted     21.7s
  cpp_c0046        400 submitted     90 accepted    310 refused     90 extracted     20.8s
  cpp_c0044        400 submitted    141 accepted    259 refused    141 extracted     23.7s
  cpp_c0045        400 submitted    146 accepted    254 refused    146 extracted     23.8s
  cpp_c0042        400 submitted    196 accepted    204 refused    196 extracted     26.4s
  cpp_c0047        400 submitted     42 accepted    358 refused     42 extracted     18.6s
  cpp_c0048        400 submitted      0 accepted    400 refused      0 extracted     16.4s
  cpp_c0049        400 submitted     84 accepted    316 refused     84 extracted     20.6s
  cpp_c0051        400 submitted    113 accepted    287 refused    113 extracted     21.7s
  cpp_c0052        400 submitted    146 accepted    254 refused    146 extracted     23.6s
  cpp_c0050        400 submitted    197 accepted    203 refused    197 extracted     26.3s
  cpp_c0053        400 submitted    132 accepted    268 refused    132 extracted     23.0s
  cpp_c0054        400 submitted     84 accepted    316 refused     84 extracted     20.4s
  cpp_c0055        400 submitted      0 accepted    400 refused      0 extracted     16.3s
  cpp_c0056        400 submitted     63 accepted    337 refused     63 extracted     19.7s
  cpp_c0057        400 submitted    139 accepted    261 refused    139 extracted     23.7s
  cpp_c0058        400 submitted    148 accepted    252 refused    148 extracted     23.9s
  cpp_c0059        400 submitted     95 accepted    305 refused     95 extracted     21.4s
  cpp_c0061        400 submitted      0 accepted    400 refused      0 extracted     16.4s
  cpp_c0060        400 submitted     39 accepted    361 refused     39 extracted     18.5s
  cpp_c0062        400 submitted    153 accepted    247 refused    153 extracted     24.1s
  cpp_c0066        400 submitted      0 accepted    400 refused      0 extracted     16.3s
  cpp_c0063        400 submitted     96 accepted    304 refused     96 extracted     21.2s
  cpp_c0065        400 submitted     89 accepted    311 refused     89 extracted     20.8s
  cpp_c0067        400 submitted     53 accepted    347 refused     53 extracted     19.1s
  cpp_c0064        400 submitted    146 accepted    254 refused    146 extracted     23.8s
  cpp_c0072        400 submitted      0 accepted    400 refused      0 extracted     16.7s
  cpp_c0068        400 submitted    145 accepted    255 refused    145 extracted     23.8s
  cpp_c0071        400 submitted     72 accepted    328 refused     72 extracted     19.5s
  cpp_c0069        400 submitted    141 accepted    259 refused    141 extracted     24.0s
  cpp_c0070        400 submitted    101 accepted    299 refused    101 extracted     21.3s
  cpp_c0073        400 submitted     56 accepted    344 refused     56 extracted     19.2s
  cpp_c0074        400 submitted    141 accepted    259 refused    141 extracted     23.1s
  cpp_c0079        400 submitted     56 accepted    344 refused     56 extracted     19.0s
  cpp_c0076        400 submitted     96 accepted    304 refused     96 extracted     21.1s
  cpp_c0078        400 submitted    123 accepted    277 refused    123 extracted     22.8s
  cpp_c0077        400 submitted    145 accepted    255 refused    145 extracted     23.5s
  cpp_c0075        400 submitted    167 accepted    233 refused    167 extracted     24.8s
  cpp_c0080        400 submitted      0 accepted    400 refused      0 extracted     16.4s
  cpp_c0081        400 submitted     56 accepted    344 refused     56 extracted     19.3s
  cpp_c0084        400 submitted    129 accepted    271 refused    129 extracted     22.5s
  cpp_c0083        400 submitted    135 accepted    265 refused    135 extracted     23.0s
  cpp_c0082        400 submitted    173 accepted    227 refused    173 extracted     25.1s
  cpp_c0085        400 submitted    145 accepted    255 refused    145 extracted     23.3s
  cpp_c0086        400 submitted     90 accepted    310 refused     90 extracted     20.8s
  cpp_c0087        400 submitted     56 accepted    344 refused     56 extracted     19.0s
  cpp_c0088        400 submitted      0 accepted    400 refused      0 extracted     16.7s
  cpp_c0089        400 submitted     61 accepted    339 refused     61 extracted     19.4s
  cpp_c0091        400 submitted    117 accepted    283 refused    117 extracted     22.4s
  cpp_c0090        400 submitted    203 accepted    197 refused    203 extracted     26.7s
  cpp_c0092        400 submitted    145 accepted    255 refused    145 extracted     24.2s
  cpp_c0093        400 submitted    145 accepted    255 refused    145 extracted     23.5s
  cpp_c0094        400 submitted     85 accepted    315 refused     85 extracted     20.8s
  cpp_c0095        400 submitted     28 accepted    372 refused     28 extracted     17.9s
  cpp_c0096        400 submitted      0 accepted    400 refused      0 extracted     16.2s
  cpp_c0097        400 submitted     96 accepted    304 refused     96 extracted     21.0s
  cpp_c0099        400 submitted    117 accepted    283 refused    117 extracted     22.3s
  cpp_c0101        400 submitted    113 accepted    287 refused    113 extracted     22.0s
  cpp_c0100        400 submitted    145 accepted    255 refused    145 extracted     23.5s
  cpp_c0102        400 submitted     84 accepted    316 refused     84 extracted     20.8s
  cpp_c0098        400 submitted    201 accepted    199 refused    201 extracted     26.7s
  cpp_c0103        400 submitted     28 accepted    372 refused     28 extracted     18.0s
  cpp_c0104        400 submitted      0 accepted    400 refused      0 extracted     16.4s
  cpp_c0105        400 submitted    129 accepted    271 refused    129 extracted     23.3s
  cpp_c0107        400 submitted    139 accepted    261 refused    139 extracted     23.5s
  cpp_c0106        400 submitted    179 accepted    221 refused    179 extracted     25.8s
  cpp_c0108        400 submitted    141 accepted    259 refused    141 extracted     23.8s
  cpp_c0109        400 submitted     85 accepted    315 refused     85 extracted     20.5s
  cpp_c0110        400 submitted     88 accepted    312 refused     88 extracted     20.9s
  cpp_c0111        400 submitted     23 accepted    377 refused     23 extracted     17.7s
  cpp_c0112        400 submitted     17 accepted    383 refused     17 extracted     17.4s
  cpp_c0115        400 submitted    113 accepted    287 refused    113 extracted     21.9s
  cpp_c0113        400 submitted    145 accepted    255 refused    145 extracted     24.1s
  cpp_c0114        400 submitted    173 accepted    227 refused    173 extracted     25.1s
  cpp_c0116        400 submitted    140 accepted    260 refused    140 extracted     23.8s
  cpp_c0118        400 submitted     51 accepted    349 refused     51 extracted     18.7s
  cpp_c0117        400 submitted    117 accepted    283 refused    117 extracted     22.0s
  cpp_c0119        400 submitted      0 accepted    400 refused      0 extracted     16.4s
  cpp_c0120        400 submitted    132 accepted    268 refused    132 extracted     23.3s
  cpp_c0121        400 submitted    110 accepted    290 refused    110 extracted     21.7s
  cpp_c0124        400 submitted      6 accepted    394 refused      6 extracted     17.5s
  cpp_c0123        400 submitted    104 accepted    296 refused    104 extracted     23.0s
  cpp_c0122        400 submitted    132 accepted    268 refused    132 extracted     24.6s
  cpp_c0125        400 submitted     38 accepted    362 refused     38 extracted     20.3s
  cpp_c0127        400 submitted    127 accepted    273 refused    127 extracted     27.2s
  cpp_c0126        400 submitted    160 accepted    240 refused    160 extracted     28.9s
  cpp_c0130        400 submitted      0 accepted    400 refused      0 extracted     19.2s
  cpp_c0128        400 submitted     93 accepted    307 refused     93 extracted     25.8s
  cpp_c0131        400 submitted     37 accepted    363 refused     37 extracted     21.1s
  cpp_c0129        400 submitted     93 accepted    307 refused     93 extracted     25.2s
  cpp_c0132        400 submitted     96 accepted    304 refused     96 extracted     21.7s
  cpp_c0134        400 submitted     77 accepted    323 refused     77 extracted     20.4s
  cpp_c0137        400 submitted     50 accepted    350 refused     50 extracted     18.7s
  cpp_c0135        400 submitted    115 accepted    285 refused    115 extracted     22.3s
  cpp_c0133        400 submitted    155 accepted    245 refused    155 extracted     25.5s
  cpp_c0136        400 submitted    105 accepted    295 refused    105 extracted     22.2s
  cpp_c0138        400 submitted      0 accepted    400 refused      0 extracted     17.0s
  cpp_c0139        400 submitted     56 accepted    344 refused     56 extracted     19.8s
  cpp_c0142        400 submitted    113 accepted    287 refused    113 extracted     22.0s
  cpp_c0141        400 submitted    146 accepted    254 refused    146 extracted     23.9s
  cpp_c0140        400 submitted    162 accepted    238 refused    162 extracted     24.9s
  cpp_c0143        400 submitted    140 accepted    260 refused    140 extracted     23.6s
  cpp_c0144        400 submitted    111 accepted    289 refused    111 extracted     22.2s
  cpp_c0145        400 submitted     56 accepted    344 refused     56 extracted     19.2s
  cpp_c0146        400 submitted      0 accepted    400 refused      0 extracted     16.5s
  cpp_c0147        400 submitted     56 accepted    344 refused     56 extracted     19.5s
  cpp_c0149        400 submitted    115 accepted    285 refused    115 extracted     22.1s
  cpp_c0148        400 submitted    194 accepted    206 refused    194 extracted     26.2s
  cpp_c0150        400 submitted    140 accepted    260 refused    140 extracted     23.2s
  cpp_c0151        400 submitted    142 accepted    258 refused    142 extracted     23.5s
  cpp_c0152        400 submitted     92 accepted    308 refused     92 extracted     20.9s
  cpp_c0153        400 submitted     17 accepted    383 refused     17 extracted     17.2s
  cpp_c0154        400 submitted     27 accepted    373 refused     27 extracted     17.9s
  cpp_c0155        400 submitted    171 accepted    229 refused    171 extracted     25.0s
  cpp_c0159        400 submitted      0 accepted    400 refused      0 extracted     16.1s
  cpp_c0158        400 submitted     66 accepted    334 refused     66 extracted     19.9s
  cpp_c0156        400 submitted    116 accepted    284 refused    116 extracted     22.5s
  cpp_c0157        400 submitted    104 accepted    296 refused    104 extracted     21.6s
  cpp_c0160        400 submitted    118 accepted    282 refused    118 extracted     22.5s
  cpp_c0161        400 submitted    124 accepted    276 refused    124 extracted     22.6s
  cpp_c0164        400 submitted     22 accepted    378 refused     22 extracted     17.2s
  cpp_c0165        400 submitted     22 accepted    378 refused     22 extracted     17.3s
  cpp_c0162        400 submitted    119 accepted    281 refused    119 extracted     22.3s
  cpp_c0163        400 submitted    101 accepted    299 refused    101 extracted     21.5s
  cpp_c0166        400 submitted    176 accepted    224 refused    176 extracted     25.0s
  cpp_c0170        400 submitted     14 accepted    386 refused     14 extracted     17.1s
  cpp_c0169        400 submitted     80 accepted    320 refused     80 extracted     20.2s
  cpp_c0171        400 submitted     25 accepted    375 refused     25 extracted     17.7s
  cpp_c0167        400 submitted    110 accepted    290 refused    110 extracted     22.2s
  cpp_c0168        400 submitted    110 accepted    290 refused    110 extracted     22.1s
  cpp_c0177        191 submitted     42 accepted    149 refused     42 extracted     10.0s
  cpp_c0172        400 submitted    143 accepted    257 refused    143 extracted     24.6s
  cpp_c0174        400 submitted    111 accepted    289 refused    111 extracted     23.5s
  cpp_c0173        400 submitted    169 accepted    231 refused    169 extracted     26.6s
  cpp_c0176        400 submitted    126 accepted    274 refused    126 extracted     24.5s
  cpp_c0175        400 submitted    140 accepted    260 refused    140 extracted     25.7s
  rust_c0000       400 submitted     53 accepted    347 refused     53 extracted     12.7s
  rust_c0004       393 submitted     11 accepted    382 refused     11 extracted     11.7s
  rust_c0003       400 submitted     12 accepted    388 refused     12 extracted     13.2s
  rust_c0001       400 submitted    194 accepted    206 refused    194 extracted     15.6s
  rust_c0002       400 submitted    300 accepted    100 refused    300 extracted     19.0s
  go_c0001         153 submitted    153 accepted      0 refused    153 extracted     62.3s
  swift_c0000      400 submitted    181 accepted    219 refused    181 extracted    110.3s
  swift_c0003      400 submitted    105 accepted    295 refused    105 extracted    102.7s
  swift_c0004      400 submitted    157 accepted    243 refused    157 extracted    121.0s
  swift_c0002      400 submitted    221 accepted    179 refused    221 extracted    135.3s
  swift_c0001      400 submitted    285 accepted    115 refused    285 extracted    153.8s
  swift_c0005      400 submitted    171 accepted    229 refused    171 extracted    123.4s
  swift_c0006      400 submitted     22 accepted    378 refused     22 extracted     69.9s
  swift_c0007      400 submitted     13 accepted    387 refused     13 extracted     69.0s
  swift_c0010      187 submitted      0 accepted    187 refused      0 extracted     28.2s
  swift_c0008      400 submitted      0 accepted    400 refused      0 extracted     62.0s
  swift_c0009      400 submitted      0 accepted    400 refused      0 extracted     59.5s
operator inventory: 91 tokens read from probe_manifest_*.json
PASS trickle_state.json -- no operator token in any key, grouping, pairing or row structure
chunk size 400 ; 326 chunks ; 129553 probes
  c      done 130                                   51829 probes banked
  cpp    done 178                                   70991 probes banked
  go     done 2                                       553 probes banked
  rust   done 5                                      1993 probes banked
  swift  done 11                                     4187 probes banked
  totals: submitted 129553  accepted 29288  refused 100265  extracted ship 29288 anchor 29288 dwarf 29288
