  proof lib LeanIM; executable lib LeanIMPrExecutable; decoder state: s0
  emitted definitions scanned: 4750; lean-sail definitions indexed: 149
  decode: 79 words, lean rc=0, 29.4s
  register expressions evaluated: 4 of 5 (3.8s)
  certifying with 1 Lean job(s) at a time
  c__op_3                                  REFUSED  no certified pure form for ILLEGAL (a pure clause that is not an ExecuteAs alias: (Illegal_Instruction ()))
  c__op_7                                  REFUSED  register of read r not resolved
  c__op_11                                 REFUSED  register of read r not resolved
  c__op_15                                 REFUSED  no certified pure form for ILLEGAL (a pure clause that is not an ExecuteAs alias: (Illegal_Instruction ()))
  c__op_27                                 REFUSED  compile rc=1: 2 errors generated.
  c__op_31                                 REFUSED  reads x2, outside the ABI arguments
  c__op_35                                 REFUSED  reads x2, outside the ABI arguments
  c__op_39                                 REFUSED  no certified pure form for ILLEGAL (a pure clause that is not an ExecuteAs alias: (Illegal_Instruction ()))
  c__op_67                                 REFUSED  compile rc=1: 4 errors generated.
  c__op_71                                 REFUSED  compile rc=1: 4 errors generated.
  c__op_75                                 REFUSED  compile rc=1: 4 errors generated.
  c__op_111                                REFUSED  no certified pure form for ILLEGAL (a pure clause that is not an ExecuteAs alias: (Illegal_Instruction ()))
  c__op_123                                REFUSED  no certified pure form for ILLEGAL (a pure clause that is not an ExecuteAs alias: (Illegal_Instruction ()))
  c__op_127                                REFUSED  no certified pure form for ILLEGAL (a pure clause that is not an ExecuteAs alias: (Illegal_Instruction ()))
  c__op_131                                REFUSED  no certified pure form for ILLEGAL (a pure clause that is not an ExecuteAs alias: (Illegal_Instruction ()))
  c__op_135                                REFUSED  no certified pure form for ILLEGAL (a pure clause that is not an ExecuteAs alias: (Illegal_Instruction ()))
  c__op_147                                REFUSED  no certified pure form for ILLEGAL (a pure clause that is not an ExecuteAs alias: (Illegal_Instruction ()))
  c__op_159                                REFUSED  no certified pure form for ILLEGAL (a pure clause that is not an ExecuteAs alias: (Illegal_Instruction ()))
  c__op_163                                REFUSED  no certified pure form for ILLEGAL (a pure clause that is not an ExecuteAs alias: (Illegal_Instruction ()))
  c__op_167                                REFUSED  no certified pure form for ILLEGAL (a pure clause that is not an ExecuteAs alias: (Illegal_Instruction ()))
  c__op_171                                REFUSED  no certified pure form for ILLEGAL (a pure clause that is not an ExecuteAs alias: (Illegal_Instruction ()))
  c__op_179                                REFUSED  no certified pure form for ZICOND_RTYPE (an element the rule does not know: let condition ← (( do)
  c__op_183                                REFUSED  no certified pure form for ILLEGAL (a pure clause that is not an ExecuteAs alias: (Illegal_Instruction ()))
  c__op_191                                REFUSED  no certified pure form for ZICOND_RTYPE (an element the rule does not know: let condition ← (( do)
  c__op_195                                REFUSED  no certified pure form for ILLEGAL (a pure clause that is not an ExecuteAs alias: (Illegal_Instruction ()))
  c__op_199                                REFUSED  no certified pure form for ILLEGAL (a pure clause that is not an ExecuteAs alias: (Illegal_Instruction ()))
  c__op_203                                REFUSED  no certified pure form for ILLEGAL (a pure clause that is not an ExecuteAs alias: (Illegal_Instruction ()))
  c__op_207                                REFUSED  no certified pure form for ILLEGAL (a pure clause that is not an ExecuteAs alias: (Illegal_Instruction ()))
  c__op_219                                REFUSED  no certified pure form for ILLEGAL (a pure clause that is not an ExecuteAs alias: (Illegal_Instruction ()))
  c__op_231                                REFUSED  no certified pure form for ILLEGAL (a pure clause that is not an ExecuteAs alias: (Illegal_Instruction ()))
  c__op_235                                REFUSED  no certified pure form for ILLEGAL (a pure clause that is not an ExecuteAs alias: (Illegal_Instruction ()))
  c__op_239                                REFUSED  no certified pure form for ILLEGAL (a pure clause that is not an ExecuteAs alias: (Illegal_Instruction ()))
  c__op_243                                REFUSED  no certified pure form for ILLEGAL (a pure clause that is not an ExecuteAs alias: (Illegal_Instruction ()))
  c__op_255                                REFUSED  compile rc=1: 2 errors generated.
  c__op_267                                REFUSED  compile rc=1: 2 errors generated.
  c__op_271                                REFUSED  compile rc=1: 2 errors generated.
  c__op_275                                REFUSED  compile rc=1: 2 errors generated.
  c__op_279                                REFUSED  compile rc=1: 2 errors generated.
  c__op_291                                REFUSED  no certified pure form for ILLEGAL (a pure clause that is not an ExecuteAs alias: (Illegal_Instruction ()))
  c__op_303                                REFUSED  no certified pure form for ILLEGAL (a pure clause that is not an ExecuteAs alias: (Illegal_Instruction ()))
  c__op_307                                REFUSED  no certified pure form for ILLEGAL (a pure clause that is not an ExecuteAs alias: (Illegal_Instruction ()))
  c__op_311                                REFUSED  no certified pure form for ILLEGAL (a pure clause that is not an ExecuteAs alias: (Illegal_Instruction ()))
  c__op_315                                REFUSED  no certified pure form for ILLEGAL (a pure clause that is not an ExecuteAs alias: (Illegal_Instruction ()))
  c__op_327                                REFUSED  no certified pure form for ILLEGAL (a pure clause that is not an ExecuteAs alias: (Illegal_Instruction ()))
  c__op_339                                REFUSED  no certified pure form for ILLEGAL (a pure clause that is not an ExecuteAs alias: (Illegal_Instruction ()))
  c__op_343                                REFUSED  no certified pure form for ILLEGAL (a pure clause that is not an ExecuteAs alias: (Illegal_Instruction ()))
  c__op_347                                REFUSED  no certified pure form for ILLEGAL (a pure clause that is not an ExecuteAs alias: (Illegal_Instruction ()))
  c__op_351                                REFUSED  no certified pure form for ILLEGAL (a pure clause that is not an ExecuteAs alias: (Illegal_Instruction ()))
  c__op_363                                REFUSED  compile rc=1: 2 errors generated.
  c__op_375                                REFUSED  compile rc=1: 2 errors generated.
  c__op_379                                REFUSED  compile rc=1: 2 errors generated.
  c__op_383                                REFUSED  compile rc=1: 2 errors generated.
  c__op_387                                REFUSED  compile rc=1: 2 errors generated.
  c__op_399                                REFUSED  compile rc=1: 2 errors generated.
  c__op_411                                REFUSED  compile rc=1: 2 errors generated.
  c__op_415                                REFUSED  compile rc=1: 2 errors generated.
  c__op_419                                REFUSED  compile rc=1: 2 errors generated.
  c__op_423                                REFUSED  compile rc=1: 2 errors generated.
  c__op_435                                REFUSED  compile rc=1: 2 errors generated.
  c__op_447                                REFUSED  compile rc=1: 2 errors generated.
  c__op_451                                REFUSED  compile rc=1: 2 errors generated.
  c__op_455                                REFUSED  compile rc=1: 2 errors generated.
  c__op_459                                REFUSED  compile rc=1: 2 errors generated.
  c__op_471                                REFUSED  no certified pure form for ILLEGAL (a pure clause that is not an ExecuteAs alias: (Illegal_Instruction ()))
  c__op_483                                REFUSED  no certified pure form for ILLEGAL (a pure clause that is not an ExecuteAs alias: (Illegal_Instruction ()))
  c__op_487                                REFUSED  no certified pure form for ILLEGAL (a pure clause that is not an ExecuteAs alias: (Illegal_Instruction ()))
  c__op_491                                REFUSED  no certified pure form for ILLEGAL (a pure clause that is not an ExecuteAs alias: (Illegal_Instruction ()))
  c__op_495                                REFUSED  no certified pure form for ILLEGAL (a pure clause that is not an ExecuteAs alias: (Illegal_Instruction ()))
  c__op_507                                REFUSED  no certified pure form for ILLEGAL (a pure clause that is not an ExecuteAs alias: (Illegal_Instruction ()))
  c__op_519                                REFUSED  no certified pure form for ILLEGAL (a pure clause that is not an ExecuteAs alias: (Illegal_Instruction ()))
  c__op_523                                REFUSED  no certified pure form for ILLEGAL (a pure clause that is not an ExecuteAs alias: (Illegal_Instruction ()))
  c__op_527                                REFUSED  no certified pure form for ILLEGAL (a pure clause that is not an ExecuteAs alias: (Illegal_Instruction ()))
  c__op_531                                REFUSED  no certified pure form for ILLEGAL (a pure clause that is not an ExecuteAs alias: (Illegal_Instruction ()))
  c__op_543                                REFUSED  no certified pure form for ILLEGAL (a pure clause that is not an ExecuteAs alias: (Illegal_Instruction ()))
  c__op_555                                REFUSED  no certified pure form for ILLEGAL (a pure clause that is not an ExecuteAs alias: (Illegal_Instruction ()))
  c__op_559                                REFUSED  no certified pure form for ILLEGAL (a pure clause that is not an ExecuteAs alias: (Illegal_Instruction ()))
  c__op_563                                REFUSED  no certified pure form for ILLEGAL (a pure clause that is not an ExecuteAs alias: (Illegal_Instruction ()))
  c__op_567                                REFUSED  no certified pure form for ILLEGAL (a pure clause that is not an ExecuteAs alias: (Illegal_Instruction ()))
  c__op_579                                REFUSED  no certified pure form for ILLEGAL (a pure clause that is not an ExecuteAs alias: (Illegal_Instruction ()))
  c__op_591                                REFUSED  no certified pure form for ILLEGAL (a pure clause that is not an ExecuteAs alias: (Illegal_Instruction ()))
  c__op_595                                REFUSED  no certified pure form for ILLEGAL (a pure clause that is not an ExecuteAs alias: (Illegal_Instruction ()))
  c__op_599                                REFUSED  no certified pure form for ILLEGAL (a pure clause that is not an ExecuteAs alias: (Illegal_Instruction ()))
  c__op_603                                REFUSED  no certified pure form for ILLEGAL (a pure clause that is not an ExecuteAs alias: (Illegal_Instruction ()))
  c__op_615                                REFUSED  no certified pure form for ILLEGAL (a pure clause that is not an ExecuteAs alias: (Illegal_Instruction ()))
  c__op_627                                REFUSED  no certified pure form for ILLEGAL (a pure clause that is not an ExecuteAs alias: (Illegal_Instruction ()))
  c__op_631                                REFUSED  no certified pure form for ILLEGAL (a pure clause that is not an ExecuteAs alias: (Illegal_Instruction ()))
  c__op_635                                REFUSED  no certified pure form for ILLEGAL (a pure clause that is not an ExecuteAs alias: (Illegal_Instruction ()))
  c__op_639                                REFUSED  no certified pure form for ILLEGAL (a pure clause that is not an ExecuteAs alias: (Illegal_Instruction ()))
  c__op_651                                REFUSED  no certified pure form for ILLEGAL (a pure clause that is not an ExecuteAs alias: (Illegal_Instruction ()))
  c__op_663                                REFUSED  no certified pure form for ILLEGAL (a pure clause that is not an ExecuteAs alias: (Illegal_Instruction ()))
  c__op_667                                REFUSED  no certified pure form for ILLEGAL (a pure clause that is not an ExecuteAs alias: (Illegal_Instruction ()))
  c__op_671                                REFUSED  no certified pure form for ILLEGAL (a pure clause that is not an ExecuteAs alias: (Illegal_Instruction ()))
  c__op_675                                REFUSED  no certified pure form for ILLEGAL (a pure clause that is not an ExecuteAs alias: (Illegal_Instruction ()))
  c__op_687                                REFUSED  compile rc=1: 2 errors generated.
  c__op_699                                REFUSED  compile rc=1: 2 errors generated.
  c__op_703                                REFUSED  compile rc=1: 2 errors generated.
  c__op_707                                REFUSED  compile rc=1: 2 errors generated.
  c__op_711                                REFUSED  compile rc=1: 2 errors generated.
  c__op_723                                REFUSED  compile rc=1: 2 errors generated.
  c__op_735                                REFUSED  compile rc=1: 2 errors generated.
  c__op_739                                REFUSED  compile rc=1: 2 errors generated.
  c__op_743                                REFUSED  compile rc=1: 2 errors generated.
  c__op_747                                REFUSED  compile rc=1: 2 errors generated.
  c__op_19                                 CERTIFIED   25.5s  a
  c__op_23                                 CERTIFIED   24.6s  a
  c__op_43                                 CERTIFIED   24.1s  (pure_ITYPE (a) (((sign_extend (m := 12) (0x3f#6)))) (ADDI))
  c__op_47                                 CERTIFIED   19.5s  (pure_ITYPE (a) (0x001#12) (LeanIM.iop.XORI))
  c__op_51                                 CERTIFIED   16.3s  (pure_ITYPE (zero_reg) (((sign_extend (m := 12) (0x04#6)))) (ADDI))
  c__op_55                                 CERTIFIED   16.5s  (pure_ITYPE (zero_reg) (((sign_extend (m := 12) (0x08#6)))) (ADDI))
  c__op_59                                 CERTIFIED   16.4s  (pure_ITYPE (zero_reg) (((sign_extend (m := 12) (0x01#6)))) (ADDI))
  c__op_63                                 CERTIFIED   16.1s  (pure_ITYPE (zero_reg) (((sign_extend (m := 12) (0x04#6)))) (ADDI))
  c__op_79                                 CERTIFIED   16.4s  (pure_ITYPE (zero_reg) (((sign_extend (m := 12) (0x08#6)))) (ADDI))
  c__op_83                                 CERTIFIED   16.4s  (pure_ITYPE (zero_reg) (((sign_extend (m := 12) (0x01#6)))) (ADDI))
  c__op_87                                 CERTIFIED   16.2s  a
  c__op_91                                 CERTIFIED   16.2s  a
  c__op_95                                 CERTIFIED   16.2s  a
  c__op_99                                 CERTIFIED   16.0s  a
  c__op_103                                CERTIFIED   16.2s  (pure_RTYPE (a) (b) (ADD))
  c__op_107                                CERTIFIED   16.6s  (pure_RTYPEW (a) (b) (ADDW))
  c__op_115                                CERTIFIED   16.3s  (pure_RTYPE (a) (b) (ADD))
  c__op_119                                CERTIFIED   16.5s  (pure_RTYPE (a) (b) (ADD))
  c__op_139                                CERTIFIED   16.6s  (pure_RTYPE (a) (b) (SUB))
  c__op_143                                CERTIFIED   16.7s  (pure_RTYPEW (a) (b) (SUBW))
  c__op_151                                CERTIFIED   16.2s  (pure_RTYPE (a) (b) (SUB))
  c__op_155                                CERTIFIED   16.4s  (pure_RTYPE (a) (b) (SUB))
  c__op_175                                CERTIFIED   16.4s  (pure_MUL (a) (b) ({ result_part := Low, signed_rs1 := Signed, signed_rs2 := Signed }))
  c__op_187                                CERTIFIED   16.5s  (pure_MUL (a) (b) ({ result_part := Low, signed_rs1 := Signed, signed_rs2 := Signed }))
  c__op_211                                CERTIFIED   16.5s  (pure_DIV (a) (b) (false))
  c__op_215                                CERTIFIED   16.3s  a
  c__op_223                                CERTIFIED   16.4s  (pure_DIV (a) (b) (true))
  c__op_227                                CERTIFIED   16.4s  a
  c__op_247                                CERTIFIED   16.5s  (pure_REM (a) (b) (false))
  c__op_251                                CERTIFIED   16.2s  (pure_ITYPE (zero_reg) (((sign_extend (m := 12) (0x00#6)))) (ADDI))
  c__op_259                                CERTIFIED   16.4s  (pure_REM (a) (b) (true))
  c__op_263                                CERTIFIED   16.7s  (pure_ITYPE (zero_reg) (((sign_extend (m := 12) (0x00#6)))) (ADDI))
  c__op_283                                CERTIFIED   16.5s  (pure_RTYPE (zero_reg) ((pure_RTYPE (a) (b) (OR))) (LeanIM.rop.SLTU))
  c__op_287                                CERTIFIED   16.5s  (pure_RTYPE ((pure_RTYPE (zero_reg) (a) (LeanIM.rop.SLTU))) (b) (OR))
  c__op_295                                CERTIFIED   16.5s  (pure_RTYPE (zero_reg) ((pure_RTYPE (a) (b) (OR))) (LeanIM.rop.SLTU))
  c__op_299                                CERTIFIED   16.2s  (pure_RTYPE ((pure_RTYPE (zero_reg) (a) (LeanIM.rop.SLTU))) (b) (OR))
  c__op_319                                CERTIFIED   16.6s  (pure_RTYPE ((pure_RTYPE (zero_reg) (a) (LeanIM.rop.SLTU))) ((pure_RTYPE (zero_reg) (b) (L
  c__op_323                                CERTIFIED   16.5s  (pure_RTYPE ((pure_RTYPE (zero_reg) (a) (LeanIM.rop.SLTU))) (b) (AND))
  c__op_331                                CERTIFIED   16.6s  (pure_RTYPE ((pure_RTYPE (zero_reg) (a) (LeanIM.rop.SLTU))) ((pure_RTYPE (zero_reg) (b) (L
  c__op_335                                CERTIFIED   16.7s  (pure_RTYPE ((pure_RTYPE (zero_reg) (a) (LeanIM.rop.SLTU))) (b) (AND))
  c__op_355                                CERTIFIED   16.3s  (pure_RTYPE (a) (b) (OR))
  c__op_359                                CERTIFIED   16.5s  (pure_RTYPE (a) (b) (OR))
  c__op_367                                CERTIFIED   16.3s  (pure_RTYPE (a) (b) (OR))
  c__op_371                                CERTIFIED   16.3s  (pure_RTYPE (a) (b) (OR))
  c__op_391                                CERTIFIED   16.5s  (pure_RTYPE (a) (b) (XOR))
  c__op_395                                CERTIFIED   16.4s  (pure_RTYPE (a) (b) (XOR))
  c__op_403                                CERTIFIED   16.1s  (pure_RTYPE (a) (b) (XOR))
  c__op_407                                CERTIFIED   16.4s  (pure_RTYPE (a) (b) (XOR))
  c__op_427                                CERTIFIED   16.4s  (pure_RTYPE (a) (b) (AND))
  c__op_431                                CERTIFIED   16.5s  (pure_RTYPE (a) (b) (AND))
  c__op_439                                CERTIFIED   16.5s  (pure_RTYPE (a) (b) (AND))
  c__op_443                                CERTIFIED   16.5s  (pure_RTYPE (a) (b) (AND))
  c__op_463                                CERTIFIED   16.4s  (pure_ITYPE ((pure_RTYPE (a) (b) (XOR))) (0x001#12) (LeanIM.iop.SLTIU))
  c__op_467                                CERTIFIED   16.3s  (pure_ITYPE ((pure_RTYPE (a) (b) (XOR))) (0x001#12) (LeanIM.iop.SLTIU))
  c__op_475                                CERTIFIED   16.6s  (pure_ITYPE ((pure_RTYPE (a) (b) (XOR))) (0x001#12) (LeanIM.iop.SLTIU))
  c__op_479                                CERTIFIED   16.6s  (pure_ITYPE ((pure_RTYPE (a) (b) (XOR))) (0x001#12) (LeanIM.iop.SLTIU))
  c__op_499                                CERTIFIED   16.9s  (pure_RTYPE (zero_reg) ((pure_RTYPE (a) (b) (XOR))) (LeanIM.rop.SLTU))
  c__op_503                                CERTIFIED   16.6s  (pure_RTYPE (zero_reg) ((pure_RTYPE (a) (b) (XOR))) (LeanIM.rop.SLTU))
  c__op_511                                CERTIFIED   16.5s  (pure_RTYPE (zero_reg) ((pure_RTYPE (a) (b) (XOR))) (LeanIM.rop.SLTU))
  c__op_515                                CERTIFIED   16.4s  (pure_RTYPE (zero_reg) ((pure_RTYPE (a) (b) (XOR))) (LeanIM.rop.SLTU))
  c__op_535                                CERTIFIED   16.4s  (pure_RTYPE (b) (a) (LeanIM.rop.SLT))
  c__op_539                                CERTIFIED   16.4s  (pure_RTYPE (b) (a) (LeanIM.rop.SLT))
  c__op_547                                CERTIFIED   16.7s  (pure_RTYPE (b) (a) (LeanIM.rop.SLTU))
  c__op_551                                CERTIFIED   16.4s  (pure_RTYPE (b) (a) (LeanIM.rop.SLTU))
  c__op_571                                CERTIFIED   16.7s  (pure_ITYPE ((pure_RTYPE (a) (b) (LeanIM.rop.SLT))) (0x001#12) (LeanIM.iop.XORI))
  c__op_575                                CERTIFIED   16.5s  (pure_ITYPE ((pure_RTYPE (a) (b) (LeanIM.rop.SLT))) (0x001#12) (LeanIM.iop.XORI))
  c__op_583                                CERTIFIED   16.8s  (pure_ITYPE ((pure_RTYPE (a) (b) (LeanIM.rop.SLTU))) (0x001#12) (LeanIM.iop.XORI))
  c__op_587                                CERTIFIED   16.3s  (pure_ITYPE ((pure_RTYPE (a) (b) (LeanIM.rop.SLTU))) (0x001#12) (LeanIM.iop.XORI))
  c__op_607                                CERTIFIED   16.6s  (pure_ITYPE ((pure_RTYPE (b) (a) (LeanIM.rop.SLT))) (0x001#12) (LeanIM.iop.XORI))
  c__op_611                                CERTIFIED   16.7s  (pure_ITYPE ((pure_RTYPE (b) (a) (LeanIM.rop.SLT))) (0x001#12) (LeanIM.iop.XORI))
  c__op_619                                CERTIFIED   16.6s  (pure_ITYPE ((pure_RTYPE (b) (a) (LeanIM.rop.SLTU))) (0x001#12) (LeanIM.iop.XORI))
  c__op_623                                CERTIFIED   16.5s  (pure_ITYPE ((pure_RTYPE (b) (a) (LeanIM.rop.SLTU))) (0x001#12) (LeanIM.iop.XORI))
  c__op_643                                CERTIFIED   16.3s  (pure_RTYPE (a) (b) (LeanIM.rop.SLT))
  c__op_647                                CERTIFIED   16.6s  (pure_RTYPE (a) (b) (LeanIM.rop.SLT))
  c__op_655                                CERTIFIED   16.5s  (pure_RTYPE (a) (b) (LeanIM.rop.SLTU))
  c__op_659                                CERTIFIED   16.5s  (pure_RTYPE ((pure_ITYPE (a) (0x001#12) (LeanIM.iop.SLTIU))) (b) (AND))
  c__op_679                                CERTIFIED   16.3s  (pure_RTYPEW (a) (b) (LeanIM.ropw.SLLW))
  c__op_683                                CERTIFIED   16.4s  (pure_RTYPEW (a) (b) (LeanIM.ropw.SLLW))
  c__op_691                                CERTIFIED   16.5s  (pure_RTYPE (a) (b) (LeanIM.rop.SLL))
  c__op_695                                CERTIFIED   16.2s  (pure_RTYPE (a) (b) (LeanIM.rop.SLL))
  c__op_715                                CERTIFIED   16.4s  (pure_RTYPEW (a) (b) (LeanIM.ropw.SRAW))
  c__op_719                                CERTIFIED   16.9s  (pure_RTYPEW (a) (b) (LeanIM.ropw.SRAW))
  c__op_727                                CERTIFIED   16.4s  (pure_RTYPE (a) (b) (LeanIM.rop.SRL))
  c__op_731                                CERTIFIED   17.0s  (pure_RTYPE (a) (b) (LeanIM.rop.SRL))
  walk: certified 84, failed 0, refused 103, of 187
