  proof lib LeanIM; executable lib LeanIMPrExecutable; decoder state: s0
  emitted definitions scanned: 4750; lean-sail definitions indexed: 149
  decode: 84 words, lean rc=0, 31.6s
  register expressions evaluated: 4 of 5 (3.7s)
  certifying with 1 Lean job(s) at a time
  c__op_4                                  REFUSED  no certified pure form for ILLEGAL (a pure clause that is not an ExecuteAs alias: (Illegal_Instruction ()))
  c__op_8                                  REFUSED  register of read r not resolved
  c__op_16                                 REFUSED  no certified pure form for ILLEGAL (a pure clause that is not an ExecuteAs alias: (Illegal_Instruction ()))
  c__op_24                                 REFUSED  compile rc=1: 2 errors generated.
  c__op_28                                 REFUSED  compile rc=1: 2 errors generated.
  c__op_32                                 REFUSED  reads x2, outside the ABI arguments
  c__op_40                                 REFUSED  no certified pure form for ILLEGAL (a pure clause that is not an ExecuteAs alias: (Illegal_Instruction ()))
  c__op_68                                 REFUSED  compile rc=1: 4 errors generated.
  c__op_72                                 REFUSED  compile rc=1: 4 errors generated.
  c__op_76                                 REFUSED  compile rc=1: 4 errors generated.
  c__op_112                                REFUSED  no certified pure form for ILLEGAL (a pure clause that is not an ExecuteAs alias: (Illegal_Instruction ()))
  c__op_120                                REFUSED  no certified pure form for ILLEGAL (a pure clause that is not an ExecuteAs alias: (Illegal_Instruction ()))
  c__op_124                                REFUSED  no certified pure form for ILLEGAL (a pure clause that is not an ExecuteAs alias: (Illegal_Instruction ()))
  c__op_128                                REFUSED  no certified pure form for ILLEGAL (a pure clause that is not an ExecuteAs alias: (Illegal_Instruction ()))
  c__op_136                                REFUSED  no certified pure form for ILLEGAL (a pure clause that is not an ExecuteAs alias: (Illegal_Instruction ()))
  c__op_148                                REFUSED  no certified pure form for ILLEGAL (a pure clause that is not an ExecuteAs alias: (Illegal_Instruction ()))
  c__op_156                                REFUSED  no certified pure form for ILLEGAL (a pure clause that is not an ExecuteAs alias: (Illegal_Instruction ()))
  c__op_160                                REFUSED  no certified pure form for ILLEGAL (a pure clause that is not an ExecuteAs alias: (Illegal_Instruction ()))
  c__op_164                                REFUSED  no certified pure form for ILLEGAL (a pure clause that is not an ExecuteAs alias: (Illegal_Instruction ()))
  c__op_172                                REFUSED  no certified pure form for ILLEGAL (a pure clause that is not an ExecuteAs alias: (Illegal_Instruction ()))
  c__op_184                                REFUSED  no certified pure form for ILLEGAL (a pure clause that is not an ExecuteAs alias: (Illegal_Instruction ()))
  c__op_192                                REFUSED  no certified pure form for ILLEGAL (a pure clause that is not an ExecuteAs alias: (Illegal_Instruction ()))
  c__op_196                                REFUSED  no certified pure form for ILLEGAL (a pure clause that is not an ExecuteAs alias: (Illegal_Instruction ()))
  c__op_200                                REFUSED  no certified pure form for ILLEGAL (a pure clause that is not an ExecuteAs alias: (Illegal_Instruction ()))
  c__op_204                                REFUSED  no certified pure form for ZICOND_RTYPE (an element the rule does not know: let condition ← (( do)
  c__op_208                                REFUSED  no certified pure form for ILLEGAL (a pure clause that is not an ExecuteAs alias: (Illegal_Instruction ()))
  c__op_220                                REFUSED  no certified pure form for ILLEGAL (a pure clause that is not an ExecuteAs alias: (Illegal_Instruction ()))
  c__op_228                                REFUSED  no certified pure form for ILLEGAL (a pure clause that is not an ExecuteAs alias: (Illegal_Instruction ()))
  c__op_232                                REFUSED  no certified pure form for ILLEGAL (a pure clause that is not an ExecuteAs alias: (Illegal_Instruction ()))
  c__op_236                                REFUSED  no certified pure form for ILLEGAL (a pure clause that is not an ExecuteAs alias: (Illegal_Instruction ()))
  c__op_244                                REFUSED  no certified pure form for ILLEGAL (a pure clause that is not an ExecuteAs alias: (Illegal_Instruction ()))
  c__op_256                                REFUSED  compile rc=1: 2 errors generated.
  c__op_264                                REFUSED  compile rc=1: 2 errors generated.
  c__op_268                                REFUSED  compile rc=1: 2 errors generated.
  c__op_272                                REFUSED  compile rc=1: 2 errors generated.
  c__op_280                                REFUSED  compile rc=1: 2 errors generated.
  c__op_292                                REFUSED  no certified pure form for ILLEGAL (a pure clause that is not an ExecuteAs alias: (Illegal_Instruction ()))
  c__op_300                                REFUSED  no certified pure form for ILLEGAL (a pure clause that is not an ExecuteAs alias: (Illegal_Instruction ()))
  c__op_304                                REFUSED  no certified pure form for ILLEGAL (a pure clause that is not an ExecuteAs alias: (Illegal_Instruction ()))
  c__op_308                                REFUSED  no certified pure form for ILLEGAL (a pure clause that is not an ExecuteAs alias: (Illegal_Instruction ()))
  c__op_316                                REFUSED  no certified pure form for ILLEGAL (a pure clause that is not an ExecuteAs alias: (Illegal_Instruction ()))
  c__op_328                                REFUSED  no certified pure form for ILLEGAL (a pure clause that is not an ExecuteAs alias: (Illegal_Instruction ()))
  c__op_336                                REFUSED  no certified pure form for ILLEGAL (a pure clause that is not an ExecuteAs alias: (Illegal_Instruction ()))
  c__op_340                                REFUSED  no certified pure form for ILLEGAL (a pure clause that is not an ExecuteAs alias: (Illegal_Instruction ()))
  c__op_344                                REFUSED  no certified pure form for ILLEGAL (a pure clause that is not an ExecuteAs alias: (Illegal_Instruction ()))
  c__op_352                                REFUSED  no certified pure form for ILLEGAL (a pure clause that is not an ExecuteAs alias: (Illegal_Instruction ()))
  c__op_364                                REFUSED  compile rc=1: 2 errors generated.
  c__op_372                                REFUSED  compile rc=1: 2 errors generated.
  c__op_376                                REFUSED  compile rc=1: 2 errors generated.
  c__op_380                                REFUSED  compile rc=1: 2 errors generated.
  c__op_388                                REFUSED  compile rc=1: 2 errors generated.
  c__op_400                                REFUSED  compile rc=1: 2 errors generated.
  c__op_408                                REFUSED  compile rc=1: 2 errors generated.
  c__op_412                                REFUSED  compile rc=1: 2 errors generated.
  c__op_416                                REFUSED  compile rc=1: 2 errors generated.
  c__op_424                                REFUSED  compile rc=1: 2 errors generated.
  c__op_436                                REFUSED  compile rc=1: 2 errors generated.
  c__op_444                                REFUSED  compile rc=1: 2 errors generated.
  c__op_448                                REFUSED  compile rc=1: 2 errors generated.
  c__op_452                                REFUSED  compile rc=1: 2 errors generated.
  c__op_460                                REFUSED  compile rc=1: 2 errors generated.
  c__op_472                                REFUSED  no certified pure form for ILLEGAL (a pure clause that is not an ExecuteAs alias: (Illegal_Instruction ()))
  c__op_480                                REFUSED  no certified pure form for ILLEGAL (a pure clause that is not an ExecuteAs alias: (Illegal_Instruction ()))
  c__op_484                                REFUSED  no certified pure form for ILLEGAL (a pure clause that is not an ExecuteAs alias: (Illegal_Instruction ()))
  c__op_488                                REFUSED  no certified pure form for ILLEGAL (a pure clause that is not an ExecuteAs alias: (Illegal_Instruction ()))
  c__op_496                                REFUSED  no certified pure form for ILLEGAL (a pure clause that is not an ExecuteAs alias: (Illegal_Instruction ()))
  c__op_508                                REFUSED  no certified pure form for ILLEGAL (a pure clause that is not an ExecuteAs alias: (Illegal_Instruction ()))
  c__op_516                                REFUSED  no certified pure form for ILLEGAL (a pure clause that is not an ExecuteAs alias: (Illegal_Instruction ()))
  c__op_520                                REFUSED  no certified pure form for ILLEGAL (a pure clause that is not an ExecuteAs alias: (Illegal_Instruction ()))
  c__op_524                                REFUSED  no certified pure form for ILLEGAL (a pure clause that is not an ExecuteAs alias: (Illegal_Instruction ()))
  c__op_532                                REFUSED  no certified pure form for ILLEGAL (a pure clause that is not an ExecuteAs alias: (Illegal_Instruction ()))
  c__op_544                                REFUSED  no certified pure form for ILLEGAL (a pure clause that is not an ExecuteAs alias: (Illegal_Instruction ()))
  c__op_552                                REFUSED  no certified pure form for ILLEGAL (a pure clause that is not an ExecuteAs alias: (Illegal_Instruction ()))
  c__op_556                                REFUSED  no certified pure form for ILLEGAL (a pure clause that is not an ExecuteAs alias: (Illegal_Instruction ()))
  c__op_560                                REFUSED  no certified pure form for ILLEGAL (a pure clause that is not an ExecuteAs alias: (Illegal_Instruction ()))
  c__op_568                                REFUSED  no certified pure form for ILLEGAL (a pure clause that is not an ExecuteAs alias: (Illegal_Instruction ()))
  c__op_580                                REFUSED  no certified pure form for ILLEGAL (a pure clause that is not an ExecuteAs alias: (Illegal_Instruction ()))
  c__op_588                                REFUSED  no certified pure form for ILLEGAL (a pure clause that is not an ExecuteAs alias: (Illegal_Instruction ()))
  c__op_592                                REFUSED  no certified pure form for ILLEGAL (a pure clause that is not an ExecuteAs alias: (Illegal_Instruction ()))
  c__op_596                                REFUSED  no certified pure form for ILLEGAL (a pure clause that is not an ExecuteAs alias: (Illegal_Instruction ()))
  c__op_604                                REFUSED  no certified pure form for ILLEGAL (a pure clause that is not an ExecuteAs alias: (Illegal_Instruction ()))
  c__op_616                                REFUSED  no certified pure form for ILLEGAL (a pure clause that is not an ExecuteAs alias: (Illegal_Instruction ()))
  c__op_624                                REFUSED  no certified pure form for ILLEGAL (a pure clause that is not an ExecuteAs alias: (Illegal_Instruction ()))
  c__op_628                                REFUSED  no certified pure form for ILLEGAL (a pure clause that is not an ExecuteAs alias: (Illegal_Instruction ()))
  c__op_632                                REFUSED  no certified pure form for ILLEGAL (a pure clause that is not an ExecuteAs alias: (Illegal_Instruction ()))
  c__op_640                                REFUSED  no certified pure form for ILLEGAL (a pure clause that is not an ExecuteAs alias: (Illegal_Instruction ()))
  c__op_652                                REFUSED  no certified pure form for ILLEGAL (a pure clause that is not an ExecuteAs alias: (Illegal_Instruction ()))
  c__op_660                                REFUSED  no certified pure form for ILLEGAL (a pure clause that is not an ExecuteAs alias: (Illegal_Instruction ()))
  c__op_664                                REFUSED  no certified pure form for ILLEGAL (a pure clause that is not an ExecuteAs alias: (Illegal_Instruction ()))
  c__op_668                                REFUSED  no certified pure form for ILLEGAL (a pure clause that is not an ExecuteAs alias: (Illegal_Instruction ()))
  c__op_676                                REFUSED  no certified pure form for ILLEGAL (a pure clause that is not an ExecuteAs alias: (Illegal_Instruction ()))
  c__op_688                                REFUSED  compile rc=1: 2 errors generated.
  c__op_696                                REFUSED  compile rc=1: 2 errors generated.
  c__op_700                                REFUSED  compile rc=1: 2 errors generated.
  c__op_704                                REFUSED  compile rc=1: 2 errors generated.
  c__op_712                                REFUSED  compile rc=1: 2 errors generated.
  c__op_724                                REFUSED  compile rc=1: 2 errors generated.
  c__op_732                                REFUSED  compile rc=1: 2 errors generated.
  c__op_736                                REFUSED  compile rc=1: 2 errors generated.
  c__op_740                                REFUSED  compile rc=1: 2 errors generated.
  c__op_748                                REFUSED  compile rc=1: 2 errors generated.
  c__op_0                                  CERTIFIED   23.3s  (pure_ITYPE (a) (0x001#12) (LeanIM.iop.SLTIU))
  c__op_12                                 CERTIFIED   26.3s  (pure_RTYPEW (zero_reg) (a) (LeanIM.ropw.SUBW))
  c__op_20                                 CERTIFIED   29.4s  a
  c__op_36                                 CERTIFIED   18.0s  (pure_ADDIW (a) ((sign_extend (m := 12) (0x01#6))))
  c__op_44                                 CERTIFIED   16.3s  (pure_ITYPE (a) (((sign_extend (m := 12) (0x3f#6)))) (ADDI))
  c__op_48                                 CERTIFIED   16.1s  (pure_ITYPE (zero_reg) (((sign_extend (m := 12) (0x04#6)))) (ADDI))
  c__op_52                                 CERTIFIED   16.3s  (pure_ITYPE (zero_reg) (((sign_extend (m := 12) (0x08#6)))) (ADDI))
  c__op_56                                 CERTIFIED   16.2s  (pure_ITYPE (zero_reg) (((sign_extend (m := 12) (0x08#6)))) (ADDI))
  c__op_60                                 CERTIFIED   16.3s  (pure_ITYPE (zero_reg) (((sign_extend (m := 12) (0x04#6)))) (ADDI))
  c__op_64                                 CERTIFIED   16.4s  (pure_ITYPE (zero_reg) (((sign_extend (m := 12) (0x08#6)))) (ADDI))
  c__op_80                                 CERTIFIED   16.3s  (pure_ITYPE (zero_reg) (((sign_extend (m := 12) (0x08#6)))) (ADDI))
  c__op_84                                 CERTIFIED   16.1s  a
  c__op_88                                 CERTIFIED   16.0s  a
  c__op_92                                 CERTIFIED   16.2s  a
  c__op_96                                 CERTIFIED   16.1s  a
  c__op_100                                CERTIFIED   16.4s  a
  c__op_104                                CERTIFIED   17.0s  (pure_RTYPE (a) (b) (ADD))
  c__op_108                                CERTIFIED   16.1s  (pure_RTYPE (a) (b) (ADD))
  c__op_116                                CERTIFIED   16.3s  (pure_RTYPE (a) (b) (ADD))
  c__op_132                                CERTIFIED   16.2s  (pure_RTYPEW (a) (b) (ADDW))
  c__op_140                                CERTIFIED   16.5s  (pure_RTYPE (a) (b) (SUB))
  c__op_144                                CERTIFIED   16.5s  (pure_RTYPE (a) (b) (SUB))
  c__op_152                                CERTIFIED   16.6s  (pure_RTYPE (a) (b) (SUB))
  c__op_168                                CERTIFIED   16.3s  (pure_RTYPEW (a) (b) (SUBW))
  c__op_176                                CERTIFIED   16.3s  (pure_MUL (a) (b) ({ result_part := Low, signed_rs1 := Signed, signed_rs2 := Signed }))
  c__op_180                                CERTIFIED   16.4s  (pure_MUL (a) (b) ({ result_part := Low, signed_rs1 := Signed, signed_rs2 := Signed }))
  c__op_188                                CERTIFIED   16.5s  (pure_MUL (a) (b) ({ result_part := Low, signed_rs1 := Signed, signed_rs2 := Signed }))
  c__op_212                                CERTIFIED   16.5s  (pure_DIV (a) (b) (true))
  c__op_216                                CERTIFIED   16.2s  (pure_DIV (a) (b) (false))
  c__op_224                                CERTIFIED   16.2s  (pure_DIV (a) (b) (true))
  c__op_240                                CERTIFIED   16.4s  (pure_DIVW (a) (b) (false))
  c__op_248                                CERTIFIED   16.5s  (pure_REM (a) (b) (true))
  c__op_252                                CERTIFIED   16.2s  (pure_REM (a) (b) (false))
  c__op_260                                CERTIFIED   16.3s  (pure_REM (a) (b) (true))
  c__op_276                                CERTIFIED   16.2s  (pure_REMW (a) (b) (false))
  c__op_284                                CERTIFIED   16.3s  (pure_RTYPE (zero_reg) ((pure_RTYPE (a) (b) (OR))) (LeanIM.rop.SLTU))
  c__op_288                                CERTIFIED   16.8s  (pure_RTYPE (zero_reg) ((pure_RTYPE (a) (b) (OR))) (LeanIM.rop.SLTU))
  c__op_296                                CERTIFIED   16.3s  (pure_RTYPE (zero_reg) ((pure_RTYPE (a) (b) (OR))) (LeanIM.rop.SLTU))
  c__op_312                                CERTIFIED   16.9s  (pure_RTYPE (a) ((pure_RTYPE (zero_reg) (b) (LeanIM.rop.SLTU))) (OR))
  c__op_320                                CERTIFIED   16.6s  (pure_RTYPE ((pure_RTYPE (zero_reg) (a) (LeanIM.rop.SLTU))) ((pure_RTYPE (zero_reg) (b) (L
  c__op_324                                CERTIFIED   16.4s  (pure_RTYPE ((pure_RTYPE (zero_reg) (a) (LeanIM.rop.SLTU))) ((pure_RTYPE (zero_reg) (b) (L
  c__op_332                                CERTIFIED   17.3s  (pure_RTYPE ((pure_RTYPE (zero_reg) (a) (LeanIM.rop.SLTU))) ((pure_RTYPE (zero_reg) (b) (L
  c__op_348                                CERTIFIED   16.6s  (pure_RTYPE (a) ((pure_RTYPE (zero_reg) (b) (LeanIM.rop.SLTU))) (AND))
  c__op_356                                CERTIFIED   16.2s  (pure_RTYPE (a) (b) (OR))
  c__op_360                                CERTIFIED   16.2s  (pure_RTYPE (a) (b) (OR))
  c__op_368                                CERTIFIED   16.5s  (pure_RTYPE (a) (b) (OR))
  c__op_384                                CERTIFIED   16.3s  (pure_RTYPE (a) (b) (OR))
  c__op_392                                CERTIFIED   16.2s  (pure_RTYPE (a) (b) (XOR))
  c__op_396                                CERTIFIED   16.5s  (pure_RTYPE (a) (b) (XOR))
  c__op_404                                CERTIFIED   16.2s  (pure_RTYPE (a) (b) (XOR))
  c__op_420                                CERTIFIED   16.3s  (pure_RTYPE (a) (b) (XOR))
  c__op_428                                CERTIFIED   16.2s  (pure_RTYPE (a) (b) (AND))
  c__op_432                                CERTIFIED   16.4s  (pure_RTYPE (a) (b) (AND))
  c__op_440                                CERTIFIED   16.6s  (pure_RTYPE (a) (b) (AND))
  c__op_456                                CERTIFIED   16.4s  (pure_RTYPE (a) (b) (AND))
  c__op_464                                CERTIFIED   16.7s  (pure_ITYPE ((pure_RTYPE (a) (b) (XOR))) (0x001#12) (LeanIM.iop.SLTIU))
  c__op_468                                CERTIFIED   16.6s  (pure_ITYPE ((pure_RTYPE (a) (b) (XOR))) (0x001#12) (LeanIM.iop.SLTIU))
  c__op_476                                CERTIFIED   16.6s  (pure_ITYPE ((pure_RTYPE (a) (b) (XOR))) (0x001#12) (LeanIM.iop.SLTIU))
  c__op_492                                CERTIFIED   17.1s  (pure_ITYPE ((pure_RTYPE (a) (b) (XOR))) (0x001#12) (LeanIM.iop.SLTIU))
  c__op_500                                CERTIFIED   16.4s  (pure_RTYPE (zero_reg) ((pure_RTYPE (a) (b) (XOR))) (LeanIM.rop.SLTU))
  c__op_504                                CERTIFIED   16.3s  (pure_RTYPE (zero_reg) ((pure_RTYPE (a) (b) (XOR))) (LeanIM.rop.SLTU))
  c__op_512                                CERTIFIED   16.2s  (pure_RTYPE (zero_reg) ((pure_RTYPE (a) (b) (XOR))) (LeanIM.rop.SLTU))
  c__op_528                                CERTIFIED   16.2s  (pure_RTYPE (zero_reg) ((pure_RTYPE (a) (b) (XOR))) (LeanIM.rop.SLTU))
  c__op_536                                CERTIFIED   16.5s  (pure_RTYPE (b) (a) (LeanIM.rop.SLTU))
  c__op_540                                CERTIFIED   16.2s  (pure_RTYPE (b) (a) (LeanIM.rop.SLT))
  c__op_548                                CERTIFIED   16.1s  (pure_RTYPE (b) (a) (LeanIM.rop.SLTU))
  c__op_564                                CERTIFIED   16.6s  (pure_RTYPE (b) (a) (LeanIM.rop.SLT))
  c__op_572                                CERTIFIED   16.6s  (pure_ITYPE ((pure_RTYPE (a) (b) (LeanIM.rop.SLTU))) (0x001#12) (LeanIM.iop.XORI))
  c__op_576                                CERTIFIED   16.4s  (pure_ITYPE ((pure_RTYPE (a) (b) (LeanIM.rop.SLT))) (0x001#12) (LeanIM.iop.XORI))
  c__op_584                                CERTIFIED   17.1s  (pure_ITYPE ((pure_RTYPE (a) (b) (LeanIM.rop.SLTU))) (0x001#12) (LeanIM.iop.XORI))
  c__op_600                                CERTIFIED   16.4s  (pure_ITYPE ((pure_RTYPE (a) (b) (LeanIM.rop.SLT))) (0x001#12) (LeanIM.iop.XORI))
  c__op_608                                CERTIFIED   16.6s  (pure_ITYPE ((pure_RTYPE (b) (a) (LeanIM.rop.SLTU))) (0x001#12) (LeanIM.iop.XORI))
  c__op_612                                CERTIFIED   16.6s  (pure_ITYPE ((pure_RTYPE (b) (a) (LeanIM.rop.SLT))) (0x001#12) (LeanIM.iop.XORI))
  c__op_620                                CERTIFIED   16.4s  (pure_ITYPE ((pure_RTYPE (b) (a) (LeanIM.rop.SLTU))) (0x001#12) (LeanIM.iop.XORI))
  c__op_636                                CERTIFIED   16.3s  (pure_ITYPE ((pure_RTYPE (b) (a) (LeanIM.rop.SLT))) (0x001#12) (LeanIM.iop.XORI))
  c__op_644                                CERTIFIED   16.7s  (pure_RTYPE (a) (b) (LeanIM.rop.SLTU))
  c__op_648                                CERTIFIED   16.4s  (pure_RTYPE (a) (b) (LeanIM.rop.SLT))
  c__op_656                                CERTIFIED   16.3s  (pure_RTYPE (a) (b) (LeanIM.rop.SLTU))
  c__op_672                                CERTIFIED   16.6s  (pure_RTYPE (a) (b) (LeanIM.rop.SLT))
  c__op_680                                CERTIFIED   16.7s  (pure_RTYPEW (a) (b) (LeanIM.ropw.SLLW))
  c__op_684                                CERTIFIED   16.3s  (pure_RTYPE (a) (b) (LeanIM.rop.SLL))
  c__op_692                                CERTIFIED   16.3s  (pure_RTYPE (a) (b) (LeanIM.rop.SLL))
  c__op_708                                CERTIFIED   16.3s  (pure_RTYPEW (a) (b) (LeanIM.ropw.SLLW))
  c__op_716                                CERTIFIED   16.4s  (pure_RTYPEW (a) (b) (LeanIM.ropw.SRAW))
  c__op_720                                CERTIFIED   15.6s  (pure_RTYPE (a) (b) (LeanIM.rop.SRA))
  c__op_728                                CERTIFIED   15.4s  (pure_RTYPE (a) (b) (LeanIM.rop.SRL))
  c__op_744                                CERTIFIED   15.5s  (pure_RTYPEW (a) (b) (LeanIM.ropw.SRLW))
  walk: certified 87, failed 0, refused 101, of 188
