  proof lib LeanIM; executable lib LeanIMPrExecutable; decoder state: s0
  emitted definitions scanned: 4750; lean-sail definitions indexed: 149
  decode: 63 words, lean rc=0, 23.7s
  register expressions evaluated: 4 of 4 (3.5s)
  certifying with 1 Lean job(s) at a time
  c__op_9                                  REFUSED  compile rc=1: 2 errors generated.
  c__op_25                                 REFUSED  compile rc=1: 2 errors generated.
  c__op_29                                 REFUSED  compile rc=1: 2 errors generated.
  c__op_33                                 REFUSED  reads x2, outside the ABI arguments
  c__op_45                                 REFUSED  no certified pure form for ILLEGAL (a pure clause that is not an ExecuteAs alias: (Illegal_Instruction ()))
  c__op_69                                 REFUSED  compile rc=1: 4 errors generated.
  c__op_73                                 REFUSED  compile rc=1: 4 errors generated.
  c__op_77                                 REFUSED  compile rc=1: 4 errors generated.
  c__op_105                                REFUSED  no certified pure form for ILLEGAL (a pure clause that is not an ExecuteAs alias: (Illegal_Instruction ()))
  c__op_117                                REFUSED  no certified pure form for ILLEGAL (a pure clause that is not an ExecuteAs alias: (Illegal_Instruction ()))
  c__op_121                                REFUSED  no certified pure form for ILLEGAL (a pure clause that is not an ExecuteAs alias: (Illegal_Instruction ()))
  c__op_125                                REFUSED  no certified pure form for ILLEGAL (a pure clause that is not an ExecuteAs alias: (Illegal_Instruction ()))
  c__op_129                                REFUSED  no certified pure form for ILLEGAL (a pure clause that is not an ExecuteAs alias: (Illegal_Instruction ()))
  c__op_141                                REFUSED  no certified pure form for ILLEGAL (a pure clause that is not an ExecuteAs alias: (Illegal_Instruction ()))
  c__op_153                                REFUSED  no certified pure form for ILLEGAL (a pure clause that is not an ExecuteAs alias: (Illegal_Instruction ()))
  c__op_157                                REFUSED  no certified pure form for ILLEGAL (a pure clause that is not an ExecuteAs alias: (Illegal_Instruction ()))
  c__op_161                                REFUSED  no certified pure form for ILLEGAL (a pure clause that is not an ExecuteAs alias: (Illegal_Instruction ()))
  c__op_165                                REFUSED  no certified pure form for ILLEGAL (a pure clause that is not an ExecuteAs alias: (Illegal_Instruction ()))
  c__op_177                                REFUSED  no certified pure form for ILLEGAL (a pure clause that is not an ExecuteAs alias: (Illegal_Instruction ()))
  c__op_185                                REFUSED  no certified pure form for ZICOND_RTYPE (an element the rule does not know: let condition ← (( do)
  c__op_189                                REFUSED  no certified pure form for ILLEGAL (a pure clause that is not an ExecuteAs alias: (Illegal_Instruction ()))
  c__op_193                                REFUSED  no certified pure form for ILLEGAL (a pure clause that is not an ExecuteAs alias: (Illegal_Instruction ()))
  c__op_197                                REFUSED  no certified pure form for ILLEGAL (a pure clause that is not an ExecuteAs alias: (Illegal_Instruction ()))
  c__op_201                                REFUSED  no certified pure form for ILLEGAL (a pure clause that is not an ExecuteAs alias: (Illegal_Instruction ()))
  c__op_205                                REFUSED  no certified pure form for ZICOND_RTYPE (an element the rule does not know: let condition ← (( do)
  c__op_213                                REFUSED  no certified pure form for ILLEGAL (a pure clause that is not an ExecuteAs alias: (Illegal_Instruction ()))
  c__op_225                                REFUSED  no certified pure form for ILLEGAL (a pure clause that is not an ExecuteAs alias: (Illegal_Instruction ()))
  c__op_229                                REFUSED  no certified pure form for ILLEGAL (a pure clause that is not an ExecuteAs alias: (Illegal_Instruction ()))
  c__op_233                                REFUSED  no certified pure form for ILLEGAL (a pure clause that is not an ExecuteAs alias: (Illegal_Instruction ()))
  c__op_237                                REFUSED  no certified pure form for ILLEGAL (a pure clause that is not an ExecuteAs alias: (Illegal_Instruction ()))
  c__op_249                                REFUSED  compile rc=1: 2 errors generated.
  c__op_261                                REFUSED  compile rc=1: 2 errors generated.
  c__op_265                                REFUSED  compile rc=1: 2 errors generated.
  c__op_269                                REFUSED  compile rc=1: 2 errors generated.
  c__op_273                                REFUSED  compile rc=1: 2 errors generated.
  c__op_285                                REFUSED  no certified pure form for ILLEGAL (a pure clause that is not an ExecuteAs alias: (Illegal_Instruction ()))
  c__op_297                                REFUSED  no certified pure form for ILLEGAL (a pure clause that is not an ExecuteAs alias: (Illegal_Instruction ()))
  c__op_301                                REFUSED  no certified pure form for ILLEGAL (a pure clause that is not an ExecuteAs alias: (Illegal_Instruction ()))
  c__op_305                                REFUSED  no certified pure form for ILLEGAL (a pure clause that is not an ExecuteAs alias: (Illegal_Instruction ()))
  c__op_309                                REFUSED  no certified pure form for ILLEGAL (a pure clause that is not an ExecuteAs alias: (Illegal_Instruction ()))
  c__op_321                                REFUSED  no certified pure form for ILLEGAL (a pure clause that is not an ExecuteAs alias: (Illegal_Instruction ()))
  c__op_333                                REFUSED  no certified pure form for ILLEGAL (a pure clause that is not an ExecuteAs alias: (Illegal_Instruction ()))
  c__op_337                                REFUSED  no certified pure form for ILLEGAL (a pure clause that is not an ExecuteAs alias: (Illegal_Instruction ()))
  c__op_341                                REFUSED  no certified pure form for ILLEGAL (a pure clause that is not an ExecuteAs alias: (Illegal_Instruction ()))
  c__op_345                                REFUSED  no certified pure form for ILLEGAL (a pure clause that is not an ExecuteAs alias: (Illegal_Instruction ()))
  c__op_357                                REFUSED  compile rc=1: 2 errors generated.
  c__op_369                                REFUSED  compile rc=1: 2 errors generated.
  c__op_373                                REFUSED  compile rc=1: 2 errors generated.
  c__op_377                                REFUSED  compile rc=1: 2 errors generated.
  c__op_381                                REFUSED  compile rc=1: 2 errors generated.
  c__op_393                                REFUSED  compile rc=1: 2 errors generated.
  c__op_405                                REFUSED  compile rc=1: 2 errors generated.
  c__op_409                                REFUSED  compile rc=1: 2 errors generated.
  c__op_413                                REFUSED  compile rc=1: 2 errors generated.
  c__op_417                                REFUSED  compile rc=1: 2 errors generated.
  c__op_429                                REFUSED  compile rc=1: 2 errors generated.
  c__op_441                                REFUSED  compile rc=1: 2 errors generated.
  c__op_445                                REFUSED  compile rc=1: 2 errors generated.
  c__op_449                                REFUSED  compile rc=1: 2 errors generated.
  c__op_453                                REFUSED  compile rc=1: 2 errors generated.
  c__op_465                                REFUSED  no certified pure form for ILLEGAL (a pure clause that is not an ExecuteAs alias: (Illegal_Instruction ()))
  c__op_477                                REFUSED  no certified pure form for ILLEGAL (a pure clause that is not an ExecuteAs alias: (Illegal_Instruction ()))
  c__op_481                                REFUSED  no certified pure form for ILLEGAL (a pure clause that is not an ExecuteAs alias: (Illegal_Instruction ()))
  c__op_485                                REFUSED  no certified pure form for ILLEGAL (a pure clause that is not an ExecuteAs alias: (Illegal_Instruction ()))
  c__op_489                                REFUSED  no certified pure form for ILLEGAL (a pure clause that is not an ExecuteAs alias: (Illegal_Instruction ()))
  c__op_501                                REFUSED  no certified pure form for ILLEGAL (a pure clause that is not an ExecuteAs alias: (Illegal_Instruction ()))
  c__op_513                                REFUSED  no certified pure form for ILLEGAL (a pure clause that is not an ExecuteAs alias: (Illegal_Instruction ()))
  c__op_517                                REFUSED  no certified pure form for ILLEGAL (a pure clause that is not an ExecuteAs alias: (Illegal_Instruction ()))
  c__op_521                                REFUSED  no certified pure form for ILLEGAL (a pure clause that is not an ExecuteAs alias: (Illegal_Instruction ()))
  c__op_525                                REFUSED  no certified pure form for ILLEGAL (a pure clause that is not an ExecuteAs alias: (Illegal_Instruction ()))
  c__op_537                                REFUSED  no certified pure form for ILLEGAL (a pure clause that is not an ExecuteAs alias: (Illegal_Instruction ()))
  c__op_549                                REFUSED  no certified pure form for ILLEGAL (a pure clause that is not an ExecuteAs alias: (Illegal_Instruction ()))
  c__op_553                                REFUSED  no certified pure form for ILLEGAL (a pure clause that is not an ExecuteAs alias: (Illegal_Instruction ()))
  c__op_557                                REFUSED  no certified pure form for ILLEGAL (a pure clause that is not an ExecuteAs alias: (Illegal_Instruction ()))
  c__op_561                                REFUSED  no certified pure form for ILLEGAL (a pure clause that is not an ExecuteAs alias: (Illegal_Instruction ()))
  c__op_573                                REFUSED  no certified pure form for ILLEGAL (a pure clause that is not an ExecuteAs alias: (Illegal_Instruction ()))
  c__op_585                                REFUSED  no certified pure form for ILLEGAL (a pure clause that is not an ExecuteAs alias: (Illegal_Instruction ()))
  c__op_589                                REFUSED  no certified pure form for ILLEGAL (a pure clause that is not an ExecuteAs alias: (Illegal_Instruction ()))
  c__op_593                                REFUSED  no certified pure form for ILLEGAL (a pure clause that is not an ExecuteAs alias: (Illegal_Instruction ()))
  c__op_597                                REFUSED  no certified pure form for ILLEGAL (a pure clause that is not an ExecuteAs alias: (Illegal_Instruction ()))
  c__op_609                                REFUSED  no certified pure form for ILLEGAL (a pure clause that is not an ExecuteAs alias: (Illegal_Instruction ()))
  c__op_621                                REFUSED  no certified pure form for ILLEGAL (a pure clause that is not an ExecuteAs alias: (Illegal_Instruction ()))
  c__op_625                                REFUSED  no certified pure form for ILLEGAL (a pure clause that is not an ExecuteAs alias: (Illegal_Instruction ()))
  c__op_629                                REFUSED  no certified pure form for ILLEGAL (a pure clause that is not an ExecuteAs alias: (Illegal_Instruction ()))
  c__op_633                                REFUSED  no certified pure form for ILLEGAL (a pure clause that is not an ExecuteAs alias: (Illegal_Instruction ()))
  c__op_645                                REFUSED  no certified pure form for ILLEGAL (a pure clause that is not an ExecuteAs alias: (Illegal_Instruction ()))
  c__op_657                                REFUSED  no certified pure form for ILLEGAL (a pure clause that is not an ExecuteAs alias: (Illegal_Instruction ()))
  c__op_661                                REFUSED  no certified pure form for ILLEGAL (a pure clause that is not an ExecuteAs alias: (Illegal_Instruction ()))
  c__op_665                                REFUSED  no certified pure form for ILLEGAL (a pure clause that is not an ExecuteAs alias: (Illegal_Instruction ()))
  c__op_669                                REFUSED  no certified pure form for ILLEGAL (a pure clause that is not an ExecuteAs alias: (Illegal_Instruction ()))
  c__op_681                                REFUSED  compile rc=1: 2 errors generated.
  c__op_693                                REFUSED  compile rc=1: 2 errors generated.
  c__op_697                                REFUSED  compile rc=1: 2 errors generated.
  c__op_701                                REFUSED  compile rc=1: 2 errors generated.
  c__op_705                                REFUSED  compile rc=1: 2 errors generated.
  c__op_717                                REFUSED  compile rc=1: 2 errors generated.
  c__op_729                                REFUSED  compile rc=1: 2 errors generated.
  c__op_733                                REFUSED  compile rc=1: 2 errors generated.
  c__op_737                                REFUSED  compile rc=1: 2 errors generated.
  c__op_741                                REFUSED  compile rc=1: 2 errors generated.
  c__op_1                                  CERTIFIED   22.7s  (pure_ITYPE (a) (0x001#12) (LeanIM.iop.SLTIU))
  c__op_5                                  CERTIFIED   24.6s  (pure_ITYPE (a) (0x001#12) (LeanIM.iop.XORI))
  c__op_13                                 CERTIFIED   31.8s  (pure_RTYPE (zero_reg) (a) (LeanIM.rop.SUB))
  c__op_17                                 CERTIFIED   19.7s  (pure_RTYPE (zero_reg) (a) (LeanIM.rop.SUB))
  c__op_21                                 CERTIFIED   16.1s  a
  c__op_37                                 CERTIFIED   16.1s  (pure_ITYPE (a) (((sign_extend (m := 12) (0x01#6)))) (ADDI))
  c__op_41                                 CERTIFIED   16.4s  (pure_ITYPE (zero_reg) (((sign_extend (m := 12) (0x01#6)))) (ADDI))
  c__op_49                                 CERTIFIED   16.3s  (pure_ITYPE (zero_reg) (((sign_extend (m := 12) (0x08#6)))) (ADDI))
  c__op_53                                 CERTIFIED   16.2s  (pure_ITYPE (zero_reg) (((sign_extend (m := 12) (0x01#6)))) (ADDI))
  c__op_57                                 CERTIFIED   16.3s  (pure_ITYPE (zero_reg) (((sign_extend (m := 12) (0x04#6)))) (ADDI))
  c__op_61                                 CERTIFIED   16.2s  (pure_ITYPE (zero_reg) (((sign_extend (m := 12) (0x08#6)))) (ADDI))
  c__op_65                                 CERTIFIED   16.2s  (pure_ITYPE (zero_reg) (((sign_extend (m := 12) (0x01#6)))) (ADDI))
  c__op_81                                 CERTIFIED   16.3s  (pure_ITYPE (zero_reg) (((sign_extend (m := 12) (0x04#6)))) (ADDI))
  c__op_85                                 CERTIFIED   16.3s  a
  c__op_89                                 CERTIFIED   16.0s  a
  c__op_93                                 CERTIFIED   16.4s  a
  c__op_97                                 CERTIFIED   16.1s  a
  c__op_101                                CERTIFIED   16.0s  a
  c__op_109                                CERTIFIED   16.6s  (pure_RTYPE (a) (b) (ADD))
  c__op_113                                CERTIFIED   16.6s  (pure_RTYPE (a) (b) (ADD))
  c__op_133                                CERTIFIED   16.5s  (pure_RTYPE (a) (b) (ADD))
  c__op_137                                CERTIFIED   16.2s  (pure_RTYPE (a) (b) (ADD))
  c__op_145                                CERTIFIED   16.5s  (pure_RTYPE (a) (b) (SUB))
  c__op_149                                CERTIFIED   16.4s  (pure_RTYPE (a) (b) (SUB))
  c__op_169                                CERTIFIED   16.1s  (pure_RTYPE (a) (b) (SUB))
  c__op_173                                CERTIFIED   16.4s  (pure_RTYPE (a) (b) (SUB))
  c__op_181                                CERTIFIED   16.5s  (pure_MUL (a) (b) ({ result_part := Low, signed_rs1 := Signed, signed_rs2 := Signed }))
  c__op_209                                CERTIFIED   16.9s  (pure_RTYPE (a) (b) (AND))
  c__op_217                                CERTIFIED   16.3s  (pure_DIV (a) (b) (false))
  c__op_221                                CERTIFIED   16.3s  a
  c__op_241                                CERTIFIED   16.4s  (pure_DIV (a) (b) (false))
  c__op_245                                CERTIFIED   16.5s  a
  c__op_253                                CERTIFIED   16.2s  (pure_REM (a) (b) (false))
  c__op_257                                CERTIFIED   16.3s  (pure_ITYPE (zero_reg) (((sign_extend (m := 12) (0x00#6)))) (ADDI))
  c__op_277                                CERTIFIED   15.9s  (pure_REM (a) (b) (false))
  c__op_281                                CERTIFIED   16.4s  (pure_ITYPE (zero_reg) (((sign_extend (m := 12) (0x00#6)))) (ADDI))
  c__op_289                                CERTIFIED   16.4s  (pure_RTYPE (zero_reg) ((pure_RTYPE (a) (b) (OR))) (LeanIM.rop.SLTU))
  c__op_293                                CERTIFIED   16.5s  (pure_RTYPE ((pure_RTYPE (zero_reg) (a) (LeanIM.rop.SLTU))) (b) (OR))
  c__op_313                                CERTIFIED   16.7s  (pure_RTYPE (a) ((pure_RTYPE (zero_reg) (b) (LeanIM.rop.SLTU))) (OR))
  c__op_317                                CERTIFIED   16.8s  (pure_RTYPE (a) (b) (OR))
  c__op_325                                CERTIFIED   16.6s  (pure_RTYPE ((pure_RTYPE (zero_reg) (a) (LeanIM.rop.SLTU))) ((pure_RTYPE (zero_reg) (b) (L
  c__op_329                                CERTIFIED   16.5s  (pure_RTYPE ((pure_RTYPE (zero_reg) (a) (LeanIM.rop.SLTU))) (b) (AND))
  c__op_349                                CERTIFIED   16.5s  (pure_RTYPE (a) ((pure_RTYPE (zero_reg) (b) (LeanIM.rop.SLTU))) (AND))
  c__op_353                                CERTIFIED   16.3s  (pure_RTYPE (a) (b) (AND))
  c__op_361                                CERTIFIED   16.2s  (pure_RTYPE (a) (b) (OR))
  c__op_365                                CERTIFIED   16.3s  (pure_RTYPE (a) (b) (OR))
  c__op_385                                CERTIFIED   16.3s  (pure_RTYPE (a) (b) (OR))
  c__op_389                                CERTIFIED   16.4s  (pure_RTYPE (a) (b) (OR))
  c__op_397                                CERTIFIED   16.5s  (pure_RTYPE (a) (b) (XOR))
  c__op_401                                CERTIFIED   16.4s  (pure_RTYPE (a) (b) (XOR))
  c__op_421                                CERTIFIED   16.5s  (pure_RTYPE (a) (b) (XOR))
  c__op_425                                CERTIFIED   16.5s  (pure_RTYPE (a) (b) (XOR))
  c__op_433                                CERTIFIED   16.4s  (pure_RTYPE (a) (b) (AND))
  c__op_437                                CERTIFIED   16.5s  (pure_RTYPE (a) (b) (AND))
  c__op_457                                CERTIFIED   16.4s  (pure_RTYPE (a) (b) (AND))
  c__op_461                                CERTIFIED   16.6s  (pure_RTYPE (a) (b) (AND))
  c__op_469                                CERTIFIED   16.9s  (pure_ITYPE ((pure_RTYPE (a) (b) (XOR))) (0x001#12) (LeanIM.iop.SLTIU))
  c__op_473                                CERTIFIED   16.7s  (pure_ITYPE ((pure_RTYPE (a) (b) (XOR))) (0x001#12) (LeanIM.iop.SLTIU))
  c__op_493                                CERTIFIED   16.3s  (pure_ITYPE ((pure_RTYPE (a) (b) (XOR))) (0x001#12) (LeanIM.iop.SLTIU))
  c__op_497                                CERTIFIED   16.7s  (pure_ITYPE ((pure_RTYPE (a) (b) (XOR))) (0x001#12) (LeanIM.iop.XORI))
  c__op_505                                CERTIFIED   16.3s  (pure_RTYPE (zero_reg) ((pure_RTYPE (a) (b) (XOR))) (LeanIM.rop.SLTU))
  c__op_509                                CERTIFIED   16.4s  (pure_RTYPE (zero_reg) ((pure_RTYPE (a) (b) (XOR))) (LeanIM.rop.SLTU))
  c__op_529                                CERTIFIED   16.3s  (pure_RTYPE (zero_reg) ((pure_RTYPE (a) (b) (XOR))) (LeanIM.rop.SLTU))
  c__op_533                                CERTIFIED   16.4s  (pure_RTYPE (a) (b) (XOR))
  c__op_541                                CERTIFIED   16.5s  (pure_RTYPE (b) (a) (LeanIM.rop.SLT))
  c__op_545                                CERTIFIED   16.9s  (pure_RTYPE (b) (a) (LeanIM.rop.SLT))
  c__op_565                                CERTIFIED   16.5s  (pure_RTYPE (b) (a) (LeanIM.rop.SLT))
  c__op_569                                CERTIFIED   16.7s  (pure_RTYPE (a) ((pure_ITYPE (b) (0x001#12) (LeanIM.iop.XORI))) (AND))
  c__op_577                                CERTIFIED   16.4s  (pure_ITYPE ((pure_RTYPE (a) (b) (LeanIM.rop.SLT))) (0x001#12) (LeanIM.iop.XORI))
  c__op_581                                CERTIFIED   16.4s  (pure_ITYPE ((pure_RTYPE (a) (b) (LeanIM.rop.SLT))) (0x001#12) (LeanIM.iop.XORI))
  c__op_601                                CERTIFIED   16.5s  (pure_ITYPE ((pure_RTYPE (a) (b) (LeanIM.rop.SLT))) (0x001#12) (LeanIM.iop.XORI))
  c__op_605                                CERTIFIED   16.3s  (pure_RTYPE (a) ((pure_ITYPE (b) (0x001#12) (LeanIM.iop.XORI))) (OR))
  c__op_613                                CERTIFIED   16.6s  (pure_ITYPE ((pure_RTYPE (b) (a) (LeanIM.rop.SLT))) (0x001#12) (LeanIM.iop.XORI))
  c__op_617                                CERTIFIED   16.8s  (pure_ITYPE ((pure_RTYPE (b) (a) (LeanIM.rop.SLT))) (0x001#12) (LeanIM.iop.XORI))
  c__op_637                                CERTIFIED   16.6s  (pure_ITYPE ((pure_RTYPE (b) (a) (LeanIM.rop.SLT))) (0x001#12) (LeanIM.iop.XORI))
  c__op_641                                CERTIFIED   16.8s  (pure_RTYPE ((pure_ITYPE (a) (0x001#12) (LeanIM.iop.XORI))) (b) (OR))
  c__op_649                                CERTIFIED   16.2s  (pure_RTYPE (a) (b) (LeanIM.rop.SLT))
  c__op_653                                CERTIFIED   16.5s  (pure_RTYPE (a) (b) (LeanIM.rop.SLT))
  c__op_673                                CERTIFIED   16.6s  (pure_RTYPE (a) (b) (LeanIM.rop.SLT))
  c__op_677                                CERTIFIED   16.7s  (pure_RTYPE ((pure_ITYPE (a) (0x001#12) (LeanIM.iop.XORI))) (b) (AND))
  c__op_685                                CERTIFIED   16.5s  (pure_RTYPE (a) (b) (LeanIM.rop.SLL))
  c__op_689                                CERTIFIED   16.6s  (pure_RTYPE (a) (b) (LeanIM.rop.SLL))
  c__op_709                                CERTIFIED   16.2s  (pure_RTYPEW (a) (b) (LeanIM.ropw.SLLW))
  c__op_713                                CERTIFIED   16.5s  (pure_RTYPEW (a) (b) (LeanIM.ropw.SLLW))
  c__op_721                                CERTIFIED   15.8s  (pure_RTYPE (a) (b) (LeanIM.rop.SRA))
  c__op_725                                CERTIFIED   15.6s  (pure_RTYPE (a) (b) (LeanIM.rop.SRA))
  c__op_745                                CERTIFIED   15.4s  (pure_RTYPEW (a) (b) (LeanIM.ropw.SRLW))
  c__op_749                                CERTIFIED   14.9s  (pure_RTYPEW (a) (b) (LeanIM.ropw.SRLW))
  walk: certified 88, failed 0, refused 100, of 188
