  proof lib LeanIM; executable lib LeanIMPrExecutable; decoder state: s0
  emitted definitions scanned: 4750; lean-sail definitions indexed: 149
  decode: 83 words, lean rc=0, 31.0s
  register expressions evaluated: 4 of 5 (3.8s)
  certifying with 1 Lean job(s) at a time
  c__op_6                                  REFUSED  register of read r not resolved
  c__op_10                                 REFUSED  compile rc=1: 2 errors generated.
  c__op_26                                 REFUSED  compile rc=1: 2 errors generated.
  c__op_30                                 REFUSED  reads x2, outside the ABI arguments
  c__op_34                                 REFUSED  reads x2, outside the ABI arguments
  c__op_46                                 REFUSED  no certified pure form for ILLEGAL (a pure clause that is not an ExecuteAs alias: (Illegal_Instruction ()))
  c__op_66                                 REFUSED  compile rc=1: 4 errors generated.
  c__op_70                                 REFUSED  compile rc=1: 4 errors generated.
  c__op_74                                 REFUSED  compile rc=1: 4 errors generated.
  c__op_106                                REFUSED  no certified pure form for ILLEGAL (a pure clause that is not an ExecuteAs alias: (Illegal_Instruction ()))
  c__op_118                                REFUSED  no certified pure form for ILLEGAL (a pure clause that is not an ExecuteAs alias: (Illegal_Instruction ()))
  c__op_122                                REFUSED  no certified pure form for ILLEGAL (a pure clause that is not an ExecuteAs alias: (Illegal_Instruction ()))
  c__op_126                                REFUSED  no certified pure form for ILLEGAL (a pure clause that is not an ExecuteAs alias: (Illegal_Instruction ()))
  c__op_130                                REFUSED  no certified pure form for ILLEGAL (a pure clause that is not an ExecuteAs alias: (Illegal_Instruction ()))
  c__op_142                                REFUSED  no certified pure form for ILLEGAL (a pure clause that is not an ExecuteAs alias: (Illegal_Instruction ()))
  c__op_154                                REFUSED  no certified pure form for ILLEGAL (a pure clause that is not an ExecuteAs alias: (Illegal_Instruction ()))
  c__op_158                                REFUSED  no certified pure form for ILLEGAL (a pure clause that is not an ExecuteAs alias: (Illegal_Instruction ()))
  c__op_162                                REFUSED  no certified pure form for ILLEGAL (a pure clause that is not an ExecuteAs alias: (Illegal_Instruction ()))
  c__op_166                                REFUSED  no certified pure form for ILLEGAL (a pure clause that is not an ExecuteAs alias: (Illegal_Instruction ()))
  c__op_178                                REFUSED  no certified pure form for ILLEGAL (a pure clause that is not an ExecuteAs alias: (Illegal_Instruction ()))
  c__op_190                                REFUSED  no certified pure form for ILLEGAL (a pure clause that is not an ExecuteAs alias: (Illegal_Instruction ()))
  c__op_194                                REFUSED  no certified pure form for ILLEGAL (a pure clause that is not an ExecuteAs alias: (Illegal_Instruction ()))
  c__op_198                                REFUSED  no certified pure form for ILLEGAL (a pure clause that is not an ExecuteAs alias: (Illegal_Instruction ()))
  c__op_202                                REFUSED  no certified pure form for ILLEGAL (a pure clause that is not an ExecuteAs alias: (Illegal_Instruction ()))
  c__op_206                                REFUSED  no certified pure form for ZICOND_RTYPE (an element the rule does not know: let condition ← (( do)
  c__op_214                                REFUSED  no certified pure form for ILLEGAL (a pure clause that is not an ExecuteAs alias: (Illegal_Instruction ()))
  c__op_226                                REFUSED  no certified pure form for ILLEGAL (a pure clause that is not an ExecuteAs alias: (Illegal_Instruction ()))
  c__op_230                                REFUSED  no certified pure form for ILLEGAL (a pure clause that is not an ExecuteAs alias: (Illegal_Instruction ()))
  c__op_234                                REFUSED  no certified pure form for ILLEGAL (a pure clause that is not an ExecuteAs alias: (Illegal_Instruction ()))
  c__op_238                                REFUSED  no certified pure form for ILLEGAL (a pure clause that is not an ExecuteAs alias: (Illegal_Instruction ()))
  c__op_250                                REFUSED  compile rc=1: 2 errors generated.
  c__op_262                                REFUSED  compile rc=1: 2 errors generated.
  c__op_266                                REFUSED  compile rc=1: 2 errors generated.
  c__op_270                                REFUSED  compile rc=1: 2 errors generated.
  c__op_274                                REFUSED  compile rc=1: 2 errors generated.
  c__op_286                                REFUSED  no certified pure form for ILLEGAL (a pure clause that is not an ExecuteAs alias: (Illegal_Instruction ()))
  c__op_298                                REFUSED  no certified pure form for ILLEGAL (a pure clause that is not an ExecuteAs alias: (Illegal_Instruction ()))
  c__op_302                                REFUSED  no certified pure form for ILLEGAL (a pure clause that is not an ExecuteAs alias: (Illegal_Instruction ()))
  c__op_306                                REFUSED  no certified pure form for ILLEGAL (a pure clause that is not an ExecuteAs alias: (Illegal_Instruction ()))
  c__op_310                                REFUSED  no certified pure form for ILLEGAL (a pure clause that is not an ExecuteAs alias: (Illegal_Instruction ()))
  c__op_322                                REFUSED  no certified pure form for ILLEGAL (a pure clause that is not an ExecuteAs alias: (Illegal_Instruction ()))
  c__op_334                                REFUSED  no certified pure form for ILLEGAL (a pure clause that is not an ExecuteAs alias: (Illegal_Instruction ()))
  c__op_338                                REFUSED  no certified pure form for ILLEGAL (a pure clause that is not an ExecuteAs alias: (Illegal_Instruction ()))
  c__op_342                                REFUSED  no certified pure form for ILLEGAL (a pure clause that is not an ExecuteAs alias: (Illegal_Instruction ()))
  c__op_346                                REFUSED  no certified pure form for ILLEGAL (a pure clause that is not an ExecuteAs alias: (Illegal_Instruction ()))
  c__op_358                                REFUSED  compile rc=1: 2 errors generated.
  c__op_370                                REFUSED  compile rc=1: 2 errors generated.
  c__op_374                                REFUSED  compile rc=1: 2 errors generated.
  c__op_378                                REFUSED  compile rc=1: 2 errors generated.
  c__op_382                                REFUSED  compile rc=1: 2 errors generated.
  c__op_394                                REFUSED  compile rc=1: 2 errors generated.
  c__op_406                                REFUSED  compile rc=1: 2 errors generated.
  c__op_410                                REFUSED  compile rc=1: 2 errors generated.
  c__op_414                                REFUSED  compile rc=1: 2 errors generated.
  c__op_418                                REFUSED  compile rc=1: 2 errors generated.
  c__op_430                                REFUSED  compile rc=1: 2 errors generated.
  c__op_442                                REFUSED  compile rc=1: 2 errors generated.
  c__op_446                                REFUSED  compile rc=1: 2 errors generated.
  c__op_450                                REFUSED  compile rc=1: 2 errors generated.
  c__op_454                                REFUSED  compile rc=1: 2 errors generated.
  c__op_466                                REFUSED  no certified pure form for ILLEGAL (a pure clause that is not an ExecuteAs alias: (Illegal_Instruction ()))
  c__op_478                                REFUSED  no certified pure form for ILLEGAL (a pure clause that is not an ExecuteAs alias: (Illegal_Instruction ()))
  c__op_482                                REFUSED  no certified pure form for ILLEGAL (a pure clause that is not an ExecuteAs alias: (Illegal_Instruction ()))
  c__op_486                                REFUSED  no certified pure form for ILLEGAL (a pure clause that is not an ExecuteAs alias: (Illegal_Instruction ()))
  c__op_490                                REFUSED  no certified pure form for ILLEGAL (a pure clause that is not an ExecuteAs alias: (Illegal_Instruction ()))
  c__op_502                                REFUSED  no certified pure form for ILLEGAL (a pure clause that is not an ExecuteAs alias: (Illegal_Instruction ()))
  c__op_514                                REFUSED  no certified pure form for ILLEGAL (a pure clause that is not an ExecuteAs alias: (Illegal_Instruction ()))
  c__op_518                                REFUSED  no certified pure form for ILLEGAL (a pure clause that is not an ExecuteAs alias: (Illegal_Instruction ()))
  c__op_522                                REFUSED  no certified pure form for ILLEGAL (a pure clause that is not an ExecuteAs alias: (Illegal_Instruction ()))
  c__op_526                                REFUSED  no certified pure form for ILLEGAL (a pure clause that is not an ExecuteAs alias: (Illegal_Instruction ()))
  c__op_538                                REFUSED  no certified pure form for ILLEGAL (a pure clause that is not an ExecuteAs alias: (Illegal_Instruction ()))
  c__op_550                                REFUSED  no certified pure form for ILLEGAL (a pure clause that is not an ExecuteAs alias: (Illegal_Instruction ()))
  c__op_554                                REFUSED  no certified pure form for ILLEGAL (a pure clause that is not an ExecuteAs alias: (Illegal_Instruction ()))
  c__op_558                                REFUSED  no certified pure form for ILLEGAL (a pure clause that is not an ExecuteAs alias: (Illegal_Instruction ()))
  c__op_562                                REFUSED  no certified pure form for ILLEGAL (a pure clause that is not an ExecuteAs alias: (Illegal_Instruction ()))
  c__op_574                                REFUSED  no certified pure form for ILLEGAL (a pure clause that is not an ExecuteAs alias: (Illegal_Instruction ()))
  c__op_586                                REFUSED  no certified pure form for ILLEGAL (a pure clause that is not an ExecuteAs alias: (Illegal_Instruction ()))
  c__op_590                                REFUSED  no certified pure form for ILLEGAL (a pure clause that is not an ExecuteAs alias: (Illegal_Instruction ()))
  c__op_594                                REFUSED  no certified pure form for ILLEGAL (a pure clause that is not an ExecuteAs alias: (Illegal_Instruction ()))
  c__op_598                                REFUSED  no certified pure form for ILLEGAL (a pure clause that is not an ExecuteAs alias: (Illegal_Instruction ()))
  c__op_610                                REFUSED  no certified pure form for ILLEGAL (a pure clause that is not an ExecuteAs alias: (Illegal_Instruction ()))
  c__op_622                                REFUSED  no certified pure form for ILLEGAL (a pure clause that is not an ExecuteAs alias: (Illegal_Instruction ()))
  c__op_626                                REFUSED  no certified pure form for ILLEGAL (a pure clause that is not an ExecuteAs alias: (Illegal_Instruction ()))
  c__op_630                                REFUSED  no certified pure form for ILLEGAL (a pure clause that is not an ExecuteAs alias: (Illegal_Instruction ()))
  c__op_634                                REFUSED  no certified pure form for ILLEGAL (a pure clause that is not an ExecuteAs alias: (Illegal_Instruction ()))
  c__op_646                                REFUSED  no certified pure form for ILLEGAL (a pure clause that is not an ExecuteAs alias: (Illegal_Instruction ()))
  c__op_658                                REFUSED  no certified pure form for ILLEGAL (a pure clause that is not an ExecuteAs alias: (Illegal_Instruction ()))
  c__op_662                                REFUSED  no certified pure form for ILLEGAL (a pure clause that is not an ExecuteAs alias: (Illegal_Instruction ()))
  c__op_666                                REFUSED  no certified pure form for ILLEGAL (a pure clause that is not an ExecuteAs alias: (Illegal_Instruction ()))
  c__op_670                                REFUSED  no certified pure form for ILLEGAL (a pure clause that is not an ExecuteAs alias: (Illegal_Instruction ()))
  c__op_682                                REFUSED  compile rc=1: 2 errors generated.
  c__op_694                                REFUSED  compile rc=1: 2 errors generated.
  c__op_698                                REFUSED  compile rc=1: 2 errors generated.
  c__op_702                                REFUSED  compile rc=1: 2 errors generated.
  c__op_706                                REFUSED  compile rc=1: 2 errors generated.
  c__op_718                                REFUSED  compile rc=1: 2 errors generated.
  c__op_730                                REFUSED  compile rc=1: 2 errors generated.
  c__op_734                                REFUSED  compile rc=1: 2 errors generated.
  c__op_738                                REFUSED  compile rc=1: 2 errors generated.
  c__op_742                                REFUSED  compile rc=1: 2 errors generated.
  c__op_2                                  CERTIFIED   26.1s  (pure_ITYPE (a) (0x001#12) (LeanIM.iop.SLTIU))
  c__op_14                                 CERTIFIED   27.0s  (pure_RTYPE (zero_reg) (a) (LeanIM.rop.SUB))
  c__op_18                                 CERTIFIED   24.5s  a
  c__op_22                                 CERTIFIED   18.0s  a
  c__op_38                                 CERTIFIED   16.3s  (pure_ITYPE (a) (((sign_extend (m := 12) (0x01#6)))) (ADDI))
  c__op_42                                 CERTIFIED   16.2s  (pure_ADDIW (a) ((sign_extend (m := 12) (0x3f#6))))
  c__op_50                                 CERTIFIED   16.1s  (pure_ITYPE (zero_reg) (((sign_extend (m := 12) (0x08#6)))) (ADDI))
  c__op_54                                 CERTIFIED   16.4s  (pure_ITYPE (zero_reg) (((sign_extend (m := 12) (0x04#6)))) (ADDI))
  c__op_58                                 CERTIFIED   16.5s  (pure_ITYPE (zero_reg) (((sign_extend (m := 12) (0x08#6)))) (ADDI))
  c__op_62                                 CERTIFIED   16.2s  (pure_ITYPE (zero_reg) (((sign_extend (m := 12) (0x08#6)))) (ADDI))
  c__op_78                                 CERTIFIED   16.4s  (pure_ITYPE (zero_reg) (((sign_extend (m := 12) (0x04#6)))) (ADDI))
  c__op_82                                 CERTIFIED   16.4s  (pure_ITYPE (zero_reg) (((sign_extend (m := 12) (0x08#6)))) (ADDI))
  c__op_86                                 CERTIFIED   16.4s  a
  c__op_90                                 CERTIFIED   16.3s  a
  c__op_94                                 CERTIFIED   16.0s  a
  c__op_98                                 CERTIFIED   16.0s  a
  c__op_102                                CERTIFIED   16.5s  (pure_RTYPEW (a) (b) (ADDW))
  c__op_110                                CERTIFIED   16.5s  (pure_RTYPE (a) (b) (ADD))
  c__op_114                                CERTIFIED   16.5s  (pure_RTYPE (a) (b) (ADD))
  c__op_134                                CERTIFIED   16.4s  (pure_RTYPE (a) (b) (ADD))
  c__op_138                                CERTIFIED   16.4s  (pure_RTYPEW (a) (b) (SUBW))
  c__op_146                                CERTIFIED   16.5s  (pure_RTYPE (a) (b) (SUB))
  c__op_150                                CERTIFIED   16.4s  (pure_RTYPE (a) (b) (SUB))
  c__op_170                                CERTIFIED   16.4s  (pure_RTYPE (a) (b) (SUB))
  c__op_174                                CERTIFIED   16.1s  (pure_MULW (b) (a))
  c__op_182                                CERTIFIED   16.3s  (pure_MUL (a) (b) ({ result_part := Low, signed_rs1 := Signed, signed_rs2 := Signed }))
  c__op_186                                CERTIFIED   16.3s  (pure_MUL (a) (b) ({ result_part := Low, signed_rs1 := Signed, signed_rs2 := Signed }))
  c__op_210                                CERTIFIED   16.3s  (pure_DIVW (a) (b) (false))
  c__op_218                                CERTIFIED   16.3s  (pure_DIV (a) (b) (true))
  c__op_222                                CERTIFIED   16.5s  (pure_DIV (a) (b) (true))
  c__op_242                                CERTIFIED   16.8s  (pure_DIV (a) (b) (true))
  c__op_246                                CERTIFIED   16.1s  (pure_REMW (a) (b) (false))
  c__op_254                                CERTIFIED   16.5s  (pure_REM (a) (b) (true))
  c__op_258                                CERTIFIED   16.3s  (pure_REM (a) (b) (true))
  c__op_278                                CERTIFIED   16.5s  (pure_REM (a) (b) (true))
  c__op_282                                CERTIFIED   16.7s  (pure_RTYPE (zero_reg) ((pure_RTYPE (a) (b) (OR))) (LeanIM.rop.SLTU))
  c__op_290                                CERTIFIED   16.1s  (pure_RTYPE (zero_reg) ((pure_RTYPE (a) (b) (OR))) (LeanIM.rop.SLTU))
  c__op_294                                CERTIFIED   16.5s  (pure_RTYPE (zero_reg) ((pure_RTYPE (a) (b) (OR))) (LeanIM.rop.SLTU))
  c__op_314                                CERTIFIED   16.5s  (pure_RTYPE (a) ((pure_RTYPE (zero_reg) (b) (LeanIM.rop.SLTU))) (OR))
  c__op_318                                CERTIFIED   16.3s  (pure_RTYPE ((pure_RTYPE (zero_reg) (a) (LeanIM.rop.SLTU))) ((pure_RTYPE (zero_reg) (b) (L
  c__op_326                                CERTIFIED   16.7s  (pure_RTYPE ((pure_RTYPE (zero_reg) (a) (LeanIM.rop.SLTU))) ((pure_RTYPE (zero_reg) (b) (L
  c__op_330                                CERTIFIED   16.7s  (pure_RTYPE ((pure_RTYPE (zero_reg) (a) (LeanIM.rop.SLTU))) ((pure_RTYPE (zero_reg) (b) (L
  c__op_350                                CERTIFIED   16.6s  (pure_RTYPE (a) ((pure_RTYPE (zero_reg) (b) (LeanIM.rop.SLTU))) (AND))
  c__op_354                                CERTIFIED   16.3s  (pure_RTYPE (a) (b) (OR))
  c__op_362                                CERTIFIED   16.6s  (pure_RTYPE (a) (b) (OR))
  c__op_366                                CERTIFIED   16.5s  (pure_RTYPE (a) (b) (OR))
  c__op_386                                CERTIFIED   16.4s  (pure_RTYPE (a) (b) (OR))
  c__op_390                                CERTIFIED   16.4s  (pure_RTYPE (a) (b) (XOR))
  c__op_398                                CERTIFIED   16.5s  (pure_RTYPE (a) (b) (XOR))
  c__op_402                                CERTIFIED   16.3s  (pure_RTYPE (a) (b) (XOR))
  c__op_422                                CERTIFIED   16.4s  (pure_RTYPE (a) (b) (XOR))
  c__op_426                                CERTIFIED   16.7s  (pure_RTYPE (a) (b) (AND))
  c__op_434                                CERTIFIED   16.5s  (pure_RTYPE (a) (b) (AND))
  c__op_438                                CERTIFIED   16.5s  (pure_RTYPE (a) (b) (AND))
  c__op_458                                CERTIFIED   16.6s  (pure_RTYPE (a) (b) (AND))
  c__op_462                                CERTIFIED   16.6s  (pure_ITYPE ((pure_RTYPE (a) (b) (XOR))) (0x001#12) (LeanIM.iop.SLTIU))
  c__op_470                                CERTIFIED   16.8s  (pure_ITYPE ((pure_RTYPE (a) (b) (XOR))) (0x001#12) (LeanIM.iop.SLTIU))
  c__op_474                                CERTIFIED   16.4s  (pure_ITYPE ((pure_RTYPE (a) (b) (XOR))) (0x001#12) (LeanIM.iop.SLTIU))
  c__op_494                                CERTIFIED   16.6s  (pure_ITYPE ((pure_RTYPE (a) (b) (XOR))) (0x001#12) (LeanIM.iop.SLTIU))
  c__op_498                                CERTIFIED   16.4s  (pure_RTYPE (zero_reg) ((pure_RTYPE (a) (b) (XOR))) (LeanIM.rop.SLTU))
  c__op_506                                CERTIFIED   16.7s  (pure_RTYPE (zero_reg) ((pure_RTYPE (a) (b) (XOR))) (LeanIM.rop.SLTU))
  c__op_510                                CERTIFIED   16.4s  (pure_RTYPE (zero_reg) ((pure_RTYPE (a) (b) (XOR))) (LeanIM.rop.SLTU))
  c__op_530                                CERTIFIED   16.5s  (pure_RTYPE (zero_reg) ((pure_RTYPE (a) (b) (XOR))) (LeanIM.rop.SLTU))
  c__op_534                                CERTIFIED   16.4s  (pure_RTYPE (b) (a) (LeanIM.rop.SLT))
  c__op_542                                CERTIFIED   16.1s  (pure_RTYPE (b) (a) (LeanIM.rop.SLTU))
  c__op_546                                CERTIFIED   16.2s  (pure_RTYPE (b) (a) (LeanIM.rop.SLTU))
  c__op_566                                CERTIFIED   16.5s  (pure_RTYPE (a) ((pure_ITYPE (b) (0x001#12) (LeanIM.iop.SLTIU))) (AND))
  c__op_570                                CERTIFIED   16.4s  (pure_ITYPE ((pure_RTYPE (a) (b) (LeanIM.rop.SLT))) (0x001#12) (LeanIM.iop.XORI))
  c__op_578                                CERTIFIED   16.5s  (pure_ITYPE ((pure_RTYPE (a) (b) (LeanIM.rop.SLTU))) (0x001#12) (LeanIM.iop.XORI))
  c__op_582                                CERTIFIED   16.4s  (pure_ITYPE ((pure_RTYPE (a) (b) (LeanIM.rop.SLTU))) (0x001#12) (LeanIM.iop.XORI))
  c__op_602                                CERTIFIED   16.8s  (pure_ITYPE ((pure_RTYPE (a) (b) (LeanIM.rop.SLTU))) (0x001#12) (LeanIM.iop.XORI))
  c__op_606                                CERTIFIED   16.6s  (pure_ITYPE ((pure_RTYPE (b) (a) (LeanIM.rop.SLT))) (0x001#12) (LeanIM.iop.XORI))
  c__op_614                                CERTIFIED   16.5s  (pure_ITYPE ((pure_RTYPE (b) (a) (LeanIM.rop.SLTU))) (0x001#12) (LeanIM.iop.XORI))
  c__op_618                                CERTIFIED   16.4s  (pure_ITYPE ((pure_RTYPE (b) (a) (LeanIM.rop.SLTU))) (0x001#12) (LeanIM.iop.XORI))
  c__op_638                                CERTIFIED   16.8s  (pure_ITYPE ((pure_RTYPE (b) (a) (LeanIM.rop.SLTU))) (0x001#12) (LeanIM.iop.XORI))
  c__op_642                                CERTIFIED   16.5s  (pure_RTYPE (a) (b) (LeanIM.rop.SLT))
  c__op_650                                CERTIFIED   16.5s  (pure_RTYPE (a) (b) (LeanIM.rop.SLTU))
  c__op_654                                CERTIFIED   16.4s  (pure_RTYPE (a) (b) (LeanIM.rop.SLTU))
  c__op_674                                CERTIFIED   16.2s  (pure_RTYPE (a) (b) (LeanIM.rop.SLTU))
  c__op_678                                CERTIFIED   16.2s  (pure_RTYPEW (a) (b) (LeanIM.ropw.SLLW))
  c__op_686                                CERTIFIED   16.4s  (pure_RTYPE (a) (b) (LeanIM.rop.SLL))
  c__op_690                                CERTIFIED   16.2s  (pure_RTYPE (a) (b) (LeanIM.rop.SLL))
  c__op_710                                CERTIFIED   17.1s  (pure_RTYPEW (a) (b) (LeanIM.ropw.SLLW))
  c__op_714                                CERTIFIED   16.2s  (pure_RTYPEW (a) (b) (LeanIM.ropw.SRAW))
  c__op_722                                CERTIFIED   15.4s  (pure_RTYPE (a) (b) (LeanIM.rop.SRA))
  c__op_726                                CERTIFIED   15.5s  (pure_RTYPE (a) (b) (LeanIM.rop.SRL))
  c__op_746                                CERTIFIED   15.5s  (pure_RTYPEW (a) (b) (LeanIM.ropw.SRLW))
  walk: certified 87, failed 0, refused 100, of 187
