  proof lib LeanIM; executable lib LeanIMPrExecutable; decoder state: s0
  emitted definitions scanned: 4750; lean-sail definitions indexed: 149
  decode: 101 words, lean rc=0, 36.9s
  register expressions evaluated: 5 of 7 (4.3s)
  certifying with 1 Lean job(s) at a time
  cpp__op_4                                REFUSED  no certified pure form for ILLEGAL (a pure clause that is not an ExecuteAs alias: (Illegal_Instruction ()))
  cpp__op_8                                REFUSED  register of read r not resolved
  cpp__op_16                               REFUSED  no certified pure form for ILLEGAL (a pure clause that is not an ExecuteAs alias: (Illegal_Instruction ()))
  cpp__op_28                               REFUSED  no certified pure form for ILLEGAL (a pure clause that is not an ExecuteAs alias: (Illegal_Instruction ()))
  cpp__op_32                               REFUSED  register of read r not resolved
  cpp__op_36                               REFUSED  compile rc=1: 1 warning and 1 error generated.
  cpp__op_40                               REFUSED  compile rc=1: 1 warning and 1 error generated.
  cpp__op_44                               REFUSED  reads x2, outside the ABI arguments
  cpp__op_52                               REFUSED  no certified pure form for ILLEGAL (a pure clause that is not an ExecuteAs alias: (Illegal_Instruction ()))
  cpp__op_68                               REFUSED  compile rc=1: 1 warning and 1 error generated.
  cpp__op_72                               REFUSED  compile rc=1: 1 warning and 1 error generated.
  cpp__op_76                               REFUSED  compile rc=1: 1 warning and 1 error generated.
  cpp__op_80                               REFUSED  compile rc=1: 1 warning and 1 error generated.
  cpp__op_96                               REFUSED  compile rc=1: 1 warning and 1 error generated.
  cpp__op_100                              REFUSED  compile rc=1: 1 warning and 1 error generated.
  cpp__op_112                              REFUSED  no certified pure form for ILLEGAL (a pure clause that is not an ExecuteAs alias: (Illegal_Instruction ()))
  cpp__op_120                              REFUSED  no certified pure form for ILLEGAL (a pure clause that is not an ExecuteAs alias: (Illegal_Instruction ()))
  cpp__op_124                              REFUSED  no certified pure form for ILLEGAL (a pure clause that is not an ExecuteAs alias: (Illegal_Instruction ()))
  cpp__op_128                              REFUSED  no certified pure form for ILLEGAL (a pure clause that is not an ExecuteAs alias: (Illegal_Instruction ()))
  cpp__op_136                              REFUSED  no certified pure form for ILLEGAL (a pure clause that is not an ExecuteAs alias: (Illegal_Instruction ()))
  cpp__op_148                              REFUSED  no certified pure form for ILLEGAL (a pure clause that is not an ExecuteAs alias: (Illegal_Instruction ()))
  cpp__op_156                              REFUSED  no certified pure form for ILLEGAL (a pure clause that is not an ExecuteAs alias: (Illegal_Instruction ()))
  cpp__op_160                              REFUSED  no certified pure form for ILLEGAL (a pure clause that is not an ExecuteAs alias: (Illegal_Instruction ()))
  cpp__op_164                              REFUSED  no certified pure form for ILLEGAL (a pure clause that is not an ExecuteAs alias: (Illegal_Instruction ()))
  cpp__op_172                              REFUSED  no certified pure form for ILLEGAL (a pure clause that is not an ExecuteAs alias: (Illegal_Instruction ()))
  cpp__op_184                              REFUSED  no certified pure form for ILLEGAL (a pure clause that is not an ExecuteAs alias: (Illegal_Instruction ()))
  cpp__op_192                              REFUSED  no certified pure form for ILLEGAL (a pure clause that is not an ExecuteAs alias: (Illegal_Instruction ()))
  cpp__op_196                              REFUSED  no certified pure form for ILLEGAL (a pure clause that is not an ExecuteAs alias: (Illegal_Instruction ()))
  cpp__op_200                              REFUSED  no certified pure form for ILLEGAL (a pure clause that is not an ExecuteAs alias: (Illegal_Instruction ()))
  cpp__op_204                              REFUSED  no certified pure form for ZICOND_RTYPE (an element the rule does not know: let condition ← (( do)
  cpp__op_208                              REFUSED  no certified pure form for ILLEGAL (a pure clause that is not an ExecuteAs alias: (Illegal_Instruction ()))
  cpp__op_220                              REFUSED  no certified pure form for ILLEGAL (a pure clause that is not an ExecuteAs alias: (Illegal_Instruction ()))
  cpp__op_228                              REFUSED  no certified pure form for ILLEGAL (a pure clause that is not an ExecuteAs alias: (Illegal_Instruction ()))
  cpp__op_232                              REFUSED  no certified pure form for ILLEGAL (a pure clause that is not an ExecuteAs alias: (Illegal_Instruction ()))
  cpp__op_236                              REFUSED  no certified pure form for ILLEGAL (a pure clause that is not an ExecuteAs alias: (Illegal_Instruction ()))
  cpp__op_244                              REFUSED  no certified pure form for ILLEGAL (a pure clause that is not an ExecuteAs alias: (Illegal_Instruction ()))
  cpp__op_256                              REFUSED  compile rc=1: 1 warning and 1 error generated.
  cpp__op_264                              REFUSED  compile rc=1: 1 warning and 1 error generated.
  cpp__op_268                              REFUSED  compile rc=1: 1 warning and 1 error generated.
  cpp__op_272                              REFUSED  compile rc=1: 1 warning and 1 error generated.
  cpp__op_280                              REFUSED  compile rc=1: 1 warning and 1 error generated.
  cpp__op_292                              REFUSED  no certified pure form for ILLEGAL (a pure clause that is not an ExecuteAs alias: (Illegal_Instruction ()))
  cpp__op_300                              REFUSED  no certified pure form for ILLEGAL (a pure clause that is not an ExecuteAs alias: (Illegal_Instruction ()))
  cpp__op_304                              REFUSED  no certified pure form for ILLEGAL (a pure clause that is not an ExecuteAs alias: (Illegal_Instruction ()))
  cpp__op_308                              REFUSED  no certified pure form for ILLEGAL (a pure clause that is not an ExecuteAs alias: (Illegal_Instruction ()))
  cpp__op_316                              REFUSED  no certified pure form for ILLEGAL (a pure clause that is not an ExecuteAs alias: (Illegal_Instruction ()))
  cpp__op_328                              REFUSED  no certified pure form for ILLEGAL (a pure clause that is not an ExecuteAs alias: (Illegal_Instruction ()))
  cpp__op_336                              REFUSED  no certified pure form for ILLEGAL (a pure clause that is not an ExecuteAs alias: (Illegal_Instruction ()))
  cpp__op_340                              REFUSED  no certified pure form for ILLEGAL (a pure clause that is not an ExecuteAs alias: (Illegal_Instruction ()))
  cpp__op_344                              REFUSED  no certified pure form for ILLEGAL (a pure clause that is not an ExecuteAs alias: (Illegal_Instruction ()))
  cpp__op_352                              REFUSED  no certified pure form for ILLEGAL (a pure clause that is not an ExecuteAs alias: (Illegal_Instruction ()))
  cpp__op_364                              REFUSED  compile rc=1: 1 warning and 1 error generated.
  cpp__op_372                              REFUSED  compile rc=1: 1 warning and 1 error generated.
  cpp__op_376                              REFUSED  compile rc=1: 1 warning and 1 error generated.
  cpp__op_380                              REFUSED  compile rc=1: 1 warning and 1 error generated.
  cpp__op_388                              REFUSED  compile rc=1: 1 warning and 1 error generated.
  cpp__op_400                              REFUSED  compile rc=1: 1 warning and 1 error generated.
  cpp__op_408                              REFUSED  compile rc=1: 1 warning and 1 error generated.
  cpp__op_412                              REFUSED  compile rc=1: 1 warning and 1 error generated.
  cpp__op_416                              REFUSED  compile rc=1: 1 warning and 1 error generated.
  cpp__op_424                              REFUSED  compile rc=1: 1 warning and 1 error generated.
  cpp__op_436                              REFUSED  compile rc=1: 1 warning and 1 error generated.
  cpp__op_444                              REFUSED  compile rc=1: 1 warning and 1 error generated.
  cpp__op_448                              REFUSED  compile rc=1: 1 warning and 1 error generated.
  cpp__op_452                              REFUSED  compile rc=1: 1 warning and 1 error generated.
  cpp__op_460                              REFUSED  compile rc=1: 1 warning and 1 error generated.
  cpp__op_472                              REFUSED  no certified pure form for ILLEGAL (a pure clause that is not an ExecuteAs alias: (Illegal_Instruction ()))
  cpp__op_480                              REFUSED  no certified pure form for ILLEGAL (a pure clause that is not an ExecuteAs alias: (Illegal_Instruction ()))
  cpp__op_484                              REFUSED  no certified pure form for ILLEGAL (a pure clause that is not an ExecuteAs alias: (Illegal_Instruction ()))
  cpp__op_488                              REFUSED  no certified pure form for ILLEGAL (a pure clause that is not an ExecuteAs alias: (Illegal_Instruction ()))
  cpp__op_496                              REFUSED  no certified pure form for ILLEGAL (a pure clause that is not an ExecuteAs alias: (Illegal_Instruction ()))
  cpp__op_508                              REFUSED  no certified pure form for ILLEGAL (a pure clause that is not an ExecuteAs alias: (Illegal_Instruction ()))
  cpp__op_516                              REFUSED  no certified pure form for ILLEGAL (a pure clause that is not an ExecuteAs alias: (Illegal_Instruction ()))
  cpp__op_520                              REFUSED  no certified pure form for ILLEGAL (a pure clause that is not an ExecuteAs alias: (Illegal_Instruction ()))
  cpp__op_524                              REFUSED  no certified pure form for ILLEGAL (a pure clause that is not an ExecuteAs alias: (Illegal_Instruction ()))
  cpp__op_532                              REFUSED  no certified pure form for ILLEGAL (a pure clause that is not an ExecuteAs alias: (Illegal_Instruction ()))
  cpp__op_544                              REFUSED  no certified pure form for ILLEGAL (a pure clause that is not an ExecuteAs alias: (Illegal_Instruction ()))
  cpp__op_552                              REFUSED  no certified pure form for ILLEGAL (a pure clause that is not an ExecuteAs alias: (Illegal_Instruction ()))
  cpp__op_556                              REFUSED  no certified pure form for ILLEGAL (a pure clause that is not an ExecuteAs alias: (Illegal_Instruction ()))
  cpp__op_560                              REFUSED  no certified pure form for ILLEGAL (a pure clause that is not an ExecuteAs alias: (Illegal_Instruction ()))
  cpp__op_568                              REFUSED  no certified pure form for ILLEGAL (a pure clause that is not an ExecuteAs alias: (Illegal_Instruction ()))
  cpp__op_580                              REFUSED  no certified pure form for ILLEGAL (a pure clause that is not an ExecuteAs alias: (Illegal_Instruction ()))
  cpp__op_588                              REFUSED  no certified pure form for ILLEGAL (a pure clause that is not an ExecuteAs alias: (Illegal_Instruction ()))
  cpp__op_592                              REFUSED  no certified pure form for ILLEGAL (a pure clause that is not an ExecuteAs alias: (Illegal_Instruction ()))
  cpp__op_596                              REFUSED  no certified pure form for ILLEGAL (a pure clause that is not an ExecuteAs alias: (Illegal_Instruction ()))
  cpp__op_604                              REFUSED  no certified pure form for ILLEGAL (a pure clause that is not an ExecuteAs alias: (Illegal_Instruction ()))
  cpp__op_616                              REFUSED  no certified pure form for ILLEGAL (a pure clause that is not an ExecuteAs alias: (Illegal_Instruction ()))
  cpp__op_624                              REFUSED  no certified pure form for ILLEGAL (a pure clause that is not an ExecuteAs alias: (Illegal_Instruction ()))
  cpp__op_628                              REFUSED  no certified pure form for ILLEGAL (a pure clause that is not an ExecuteAs alias: (Illegal_Instruction ()))
  cpp__op_632                              REFUSED  no certified pure form for ILLEGAL (a pure clause that is not an ExecuteAs alias: (Illegal_Instruction ()))
  cpp__op_640                              REFUSED  no certified pure form for ILLEGAL (a pure clause that is not an ExecuteAs alias: (Illegal_Instruction ()))
  cpp__op_652                              REFUSED  no certified pure form for ILLEGAL (a pure clause that is not an ExecuteAs alias: (Illegal_Instruction ()))
  cpp__op_660                              REFUSED  no certified pure form for ILLEGAL (a pure clause that is not an ExecuteAs alias: (Illegal_Instruction ()))
  cpp__op_664                              REFUSED  no certified pure form for ILLEGAL (a pure clause that is not an ExecuteAs alias: (Illegal_Instruction ()))
  cpp__op_668                              REFUSED  no certified pure form for ILLEGAL (a pure clause that is not an ExecuteAs alias: (Illegal_Instruction ()))
  cpp__op_676                              REFUSED  no certified pure form for ILLEGAL (a pure clause that is not an ExecuteAs alias: (Illegal_Instruction ()))
  cpp__op_688                              REFUSED  compile rc=1: 1 warning and 1 error generated.
  cpp__op_696                              REFUSED  compile rc=1: 1 warning and 1 error generated.
  cpp__op_700                              REFUSED  compile rc=1: 1 warning and 1 error generated.
  cpp__op_704                              REFUSED  compile rc=1: 1 warning and 1 error generated.
  cpp__op_712                              REFUSED  compile rc=1: 1 warning and 1 error generated.
  cpp__op_724                              REFUSED  compile rc=1: 1 warning and 1 error generated.
  cpp__op_732                              REFUSED  compile rc=1: 1 warning and 1 error generated.
  cpp__op_736                              REFUSED  compile rc=1: 1 warning and 1 error generated.
  cpp__op_740                              REFUSED  compile rc=1: 1 warning and 1 error generated.
  cpp__op_748                              REFUSED  compile rc=1: 1 warning and 1 error generated.
  cpp__op_752                              REFUSED  compile rc=1: 1 warning and 1 error generated.
  cpp__op_756                              REFUSED  register of read rsd not resolved
  cpp__op_760                              REFUSED  no certified pure form for ILLEGAL (a pure clause that is not an ExecuteAs alias: (Illegal_Instruction ()))
  cpp__op_764                              REFUSED  register of read rsd not resolved
  cpp__op_768                              REFUSED  no certified pure form for ILLEGAL (a pure clause that is not an ExecuteAs alias: (Illegal_Instruction ()))
  cpp__op_772                              REFUSED  no certified pure form for ILLEGAL (a pure clause that is not an ExecuteAs alias: (Illegal_Instruction ()))
  cpp__op_776                              REFUSED  no certified pure form for ILLEGAL (a pure clause that is not an ExecuteAs alias: (Illegal_Instruction ()))
  cpp__op_780                              REFUSED  compile rc=1: 1 warning and 1 error generated.
  cpp__op_784                              REFUSED  compile rc=1: 1 warning and 1 error generated.
  cpp__op_796                              REFUSED  no certified pure form for ILLEGAL (a pure clause that is not an ExecuteAs alias: (Illegal_Instruction ()))
  cpp__op_804                              REFUSED  no certified pure form for ILLEGAL (a pure clause that is not an ExecuteAs alias: (Illegal_Instruction ()))
  cpp__op_808                              REFUSED  no certified pure form for ILLEGAL (a pure clause that is not an ExecuteAs alias: (Illegal_Instruction ()))
  cpp__op_812                              REFUSED  no certified pure form for ILLEGAL (a pure clause that is not an ExecuteAs alias: (Illegal_Instruction ()))
  cpp__op_820                              REFUSED  no certified pure form for ILLEGAL (a pure clause that is not an ExecuteAs alias: (Illegal_Instruction ()))
  cpp__op_832                              REFUSED  no certified pure form for ILLEGAL (a pure clause that is not an ExecuteAs alias: (Illegal_Instruction ()))
  cpp__op_840                              REFUSED  no certified pure form for ILLEGAL (a pure clause that is not an ExecuteAs alias: (Illegal_Instruction ()))
  cpp__op_844                              REFUSED  no certified pure form for ILLEGAL (a pure clause that is not an ExecuteAs alias: (Illegal_Instruction ()))
  cpp__op_848                              REFUSED  no certified pure form for ILLEGAL (a pure clause that is not an ExecuteAs alias: (Illegal_Instruction ()))
  cpp__op_856                              REFUSED  no certified pure form for ILLEGAL (a pure clause that is not an ExecuteAs alias: (Illegal_Instruction ()))
  cpp__op_868                              REFUSED  compile rc=1: 1 warning and 1 error generated.
  cpp__op_876                              REFUSED  compile rc=1: 1 warning and 1 error generated.
  cpp__op_880                              REFUSED  compile rc=1: 1 warning and 1 error generated.
  cpp__op_884                              REFUSED  compile rc=1: 1 warning and 1 error generated.
  cpp__op_892                              REFUSED  compile rc=1: 1 warning and 1 error generated.
  cpp__op_904                              REFUSED  compile rc=1: 1 warning and 1 error generated.
  cpp__op_912                              REFUSED  compile rc=1: 1 warning and 1 error generated.
  cpp__op_916                              REFUSED  compile rc=1: 1 warning and 1 error generated.
  cpp__op_920                              REFUSED  compile rc=1: 1 warning and 1 error generated.
  cpp__op_928                              REFUSED  compile rc=1: 1 warning and 1 error generated.
  cpp__op_940                              REFUSED  compile rc=1: 1 warning and 1 error generated.
  cpp__op_948                              REFUSED  compile rc=1: 1 warning and 1 error generated.
  cpp__op_952                              REFUSED  compile rc=1: 1 warning and 1 error generated.
  cpp__op_956                              REFUSED  compile rc=1: 1 warning and 1 error generated.
  cpp__op_964                              REFUSED  compile rc=1: 1 warning and 1 error generated.
  cpp__op_976                              REFUSED  no certified pure form for ILLEGAL (a pure clause that is not an ExecuteAs alias: (Illegal_Instruction ()))
  cpp__op_984                              REFUSED  no certified pure form for ILLEGAL (a pure clause that is not an ExecuteAs alias: (Illegal_Instruction ()))
  cpp__op_988                              REFUSED  no certified pure form for ILLEGAL (a pure clause that is not an ExecuteAs alias: (Illegal_Instruction ()))
  cpp__op_992                              REFUSED  no certified pure form for ILLEGAL (a pure clause that is not an ExecuteAs alias: (Illegal_Instruction ()))
  cpp__op_1000                             REFUSED  no certified pure form for ILLEGAL (a pure clause that is not an ExecuteAs alias: (Illegal_Instruction ()))
  cpp__op_0                                CERTIFIED   28.0s  (pure_ITYPE (a) (0x001#12) (LeanIM.iop.SLTIU))
  cpp__op_12                               CERTIFIED   27.6s  (pure_RTYPEW (zero_reg) (a) (LeanIM.ropw.SUBW))
  cpp__op_20                               CERTIFIED   25.7s  a
  cpp__op_24                               CERTIFIED   25.1s  (pure_ITYPE (a) (0x001#12) (LeanIM.iop.SLTIU))
  cpp__op_48                               CERTIFIED   17.0s  (pure_ADDIW (a) ((sign_extend (m := 12) (0x01#6))))
  cpp__op_56                               CERTIFIED   16.2s  (pure_ITYPE (a) (((sign_extend (m := 12) (0x3f#6)))) (ADDI))
  cpp__op_60                               CERTIFIED   16.1s  (pure_ITYPE (zero_reg) (((sign_extend (m := 12) (0x04#6)))) (ADDI))
  cpp__op_64                               CERTIFIED   16.4s  (pure_ITYPE (zero_reg) (((sign_extend (m := 12) (0x08#6)))) (ADDI))
  cpp__op_84                               CERTIFIED   15.9s  a
  cpp__op_88                               CERTIFIED   15.9s  a
  cpp__op_92                               CERTIFIED   16.2s  a
  cpp__op_104                              CERTIFIED   16.8s  (pure_RTYPE (a) (b) (ADD))
  cpp__op_108                              CERTIFIED   16.9s  (pure_RTYPE (a) (b) (ADD))
  cpp__op_116                              CERTIFIED   16.5s  (pure_RTYPE (a) (b) (ADD))
  cpp__op_132                              CERTIFIED   16.0s  (pure_RTYPEW (a) (b) (ADDW))
  cpp__op_140                              CERTIFIED   16.2s  (pure_RTYPE (a) (b) (SUB))
  cpp__op_144                              CERTIFIED   16.6s  (pure_RTYPE (a) (b) (SUB))
  cpp__op_152                              CERTIFIED   16.1s  (pure_RTYPE (a) (b) (SUB))
  cpp__op_168                              CERTIFIED   16.2s  (pure_RTYPEW (a) (b) (SUBW))
  cpp__op_176                              CERTIFIED   16.3s  (pure_MUL (a) (b) ({ result_part := Low, signed_rs1 := Signed, signed_rs2 := Signed }))
  cpp__op_180                              CERTIFIED   16.3s  (pure_MUL (a) (b) ({ result_part := Low, signed_rs1 := Signed, signed_rs2 := Signed }))
  cpp__op_188                              CERTIFIED   16.2s  (pure_MUL (a) (b) ({ result_part := Low, signed_rs1 := Signed, signed_rs2 := Signed }))
  cpp__op_212                              CERTIFIED   16.4s  (pure_DIV (a) (b) (true))
  cpp__op_216                              CERTIFIED   16.3s  (pure_DIV (a) (b) (false))
  cpp__op_224                              CERTIFIED   16.3s  (pure_DIV (a) (b) (true))
  cpp__op_240                              CERTIFIED   16.1s  (pure_DIVW (a) (b) (false))
  cpp__op_248                              CERTIFIED   16.2s  (pure_REM (a) (b) (true))
  cpp__op_252                              CERTIFIED   16.3s  (pure_REM (a) (b) (false))
  cpp__op_260                              CERTIFIED   16.2s  (pure_REM (a) (b) (true))
  cpp__op_276                              CERTIFIED   16.2s  (pure_REMW (a) (b) (false))
  cpp__op_284                              CERTIFIED   16.5s  (pure_RTYPE (zero_reg) ((pure_RTYPE (a) (b) (OR))) (LeanIM.rop.SLTU))
  cpp__op_288                              CERTIFIED   16.2s  (pure_RTYPE (zero_reg) ((pure_RTYPE (a) (b) (OR))) (LeanIM.rop.SLTU))
  cpp__op_296                              CERTIFIED   16.3s  (pure_RTYPE (zero_reg) ((pure_RTYPE (a) (b) (OR))) (LeanIM.rop.SLTU))
  cpp__op_312                              CERTIFIED   16.4s  (pure_RTYPE (a) ((pure_RTYPE (zero_reg) (b) (LeanIM.rop.SLTU))) (OR))
  cpp__op_320                              CERTIFIED   16.4s  (pure_RTYPE ((pure_RTYPE (zero_reg) (a) (LeanIM.rop.SLTU))) ((pure_RTYPE (zero_reg) (b) (L
  cpp__op_324                              CERTIFIED   16.3s  (pure_RTYPE ((pure_RTYPE (zero_reg) (a) (LeanIM.rop.SLTU))) ((pure_RTYPE (zero_reg) (b) (L
  cpp__op_332                              CERTIFIED   16.5s  (pure_RTYPE ((pure_RTYPE (zero_reg) (a) (LeanIM.rop.SLTU))) ((pure_RTYPE (zero_reg) (b) (L
  cpp__op_348                              CERTIFIED   16.5s  (pure_RTYPE (a) ((pure_RTYPE (zero_reg) (b) (LeanIM.rop.SLTU))) (AND))
  cpp__op_356                              CERTIFIED   16.2s  (pure_RTYPE (a) (b) (OR))
  cpp__op_360                              CERTIFIED   16.2s  (pure_RTYPE (a) (b) (OR))
  cpp__op_368                              CERTIFIED   16.2s  (pure_RTYPE (a) (b) (OR))
  cpp__op_384                              CERTIFIED   16.3s  (pure_RTYPE (a) (b) (OR))
  cpp__op_392                              CERTIFIED   16.3s  (pure_RTYPE (a) (b) (XOR))
  cpp__op_396                              CERTIFIED   16.3s  (pure_RTYPE (a) (b) (XOR))
  cpp__op_404                              CERTIFIED   16.4s  (pure_RTYPE (a) (b) (XOR))
  cpp__op_420                              CERTIFIED   16.3s  (pure_RTYPE (a) (b) (XOR))
  cpp__op_428                              CERTIFIED   16.3s  (pure_RTYPE (a) (b) (AND))
  cpp__op_432                              CERTIFIED   16.6s  (pure_RTYPE (a) (b) (AND))
  cpp__op_440                              CERTIFIED   16.8s  (pure_RTYPE (a) (b) (AND))
  cpp__op_456                              CERTIFIED   16.1s  (pure_RTYPE (a) (b) (AND))
  cpp__op_464                              CERTIFIED   16.3s  (pure_ITYPE ((pure_RTYPE (a) (b) (XOR))) (0x001#12) (LeanIM.iop.SLTIU))
  cpp__op_468                              CERTIFIED   16.7s  (pure_ITYPE ((pure_RTYPE (a) (b) (XOR))) (0x001#12) (LeanIM.iop.SLTIU))
  cpp__op_476                              CERTIFIED   16.4s  (pure_ITYPE ((pure_RTYPE (a) (b) (XOR))) (0x001#12) (LeanIM.iop.SLTIU))
  cpp__op_492                              CERTIFIED   16.2s  (pure_ITYPE ((pure_RTYPE (a) (b) (XOR))) (0x001#12) (LeanIM.iop.SLTIU))
  cpp__op_500                              CERTIFIED   16.3s  (pure_RTYPE (zero_reg) ((pure_RTYPE (a) (b) (XOR))) (LeanIM.rop.SLTU))
  cpp__op_504                              CERTIFIED   16.5s  (pure_RTYPE (zero_reg) ((pure_RTYPE (a) (b) (XOR))) (LeanIM.rop.SLTU))
  cpp__op_512                              CERTIFIED   16.5s  (pure_RTYPE (zero_reg) ((pure_RTYPE (a) (b) (XOR))) (LeanIM.rop.SLTU))
  cpp__op_528                              CERTIFIED   16.5s  (pure_RTYPE (zero_reg) ((pure_RTYPE (a) (b) (XOR))) (LeanIM.rop.SLTU))
  cpp__op_536                              CERTIFIED   16.3s  (pure_RTYPE (b) (a) (LeanIM.rop.SLTU))
  cpp__op_540                              CERTIFIED   16.2s  (pure_RTYPE (b) (a) (LeanIM.rop.SLT))
  cpp__op_548                              CERTIFIED   16.3s  (pure_RTYPE (b) (a) (LeanIM.rop.SLTU))
  cpp__op_564                              CERTIFIED   16.4s  (pure_RTYPE (b) (a) (LeanIM.rop.SLT))
  cpp__op_572                              CERTIFIED   16.7s  (pure_ITYPE ((pure_RTYPE (a) (b) (LeanIM.rop.SLTU))) (0x001#12) (LeanIM.iop.XORI))
  cpp__op_576                              CERTIFIED   16.6s  (pure_ITYPE ((pure_RTYPE (a) (b) (LeanIM.rop.SLT))) (0x001#12) (LeanIM.iop.XORI))
  cpp__op_584                              CERTIFIED   16.6s  (pure_ITYPE ((pure_RTYPE (a) (b) (LeanIM.rop.SLTU))) (0x001#12) (LeanIM.iop.XORI))
  cpp__op_600                              CERTIFIED   16.4s  (pure_ITYPE ((pure_RTYPE (a) (b) (LeanIM.rop.SLT))) (0x001#12) (LeanIM.iop.XORI))
  cpp__op_608                              CERTIFIED   16.4s  (pure_ITYPE ((pure_RTYPE (b) (a) (LeanIM.rop.SLTU))) (0x001#12) (LeanIM.iop.XORI))
  cpp__op_612                              CERTIFIED   16.5s  (pure_ITYPE ((pure_RTYPE (b) (a) (LeanIM.rop.SLT))) (0x001#12) (LeanIM.iop.XORI))
  cpp__op_620                              CERTIFIED   17.0s  (pure_ITYPE ((pure_RTYPE (b) (a) (LeanIM.rop.SLTU))) (0x001#12) (LeanIM.iop.XORI))
  cpp__op_636                              CERTIFIED   16.4s  (pure_ITYPE ((pure_RTYPE (b) (a) (LeanIM.rop.SLT))) (0x001#12) (LeanIM.iop.XORI))
  cpp__op_644                              CERTIFIED   16.5s  (pure_RTYPE (a) (b) (LeanIM.rop.SLTU))
  cpp__op_648                              CERTIFIED   16.2s  (pure_RTYPE (a) (b) (LeanIM.rop.SLT))
  cpp__op_656                              CERTIFIED   16.5s  (pure_RTYPE (a) (b) (LeanIM.rop.SLTU))
  cpp__op_672                              CERTIFIED   16.5s  (pure_RTYPE (a) (b) (LeanIM.rop.SLT))
  cpp__op_680                              CERTIFIED   16.6s  (pure_RTYPEW (a) (b) (LeanIM.ropw.SLLW))
  cpp__op_684                              CERTIFIED   16.5s  (pure_RTYPE (a) (b) (LeanIM.rop.SLL))
  cpp__op_692                              CERTIFIED   16.6s  (pure_RTYPE (a) (b) (LeanIM.rop.SLL))
  cpp__op_708                              CERTIFIED   16.2s  (pure_RTYPEW (a) (b) (LeanIM.ropw.SLLW))
  cpp__op_716                              CERTIFIED   16.4s  (pure_RTYPEW (a) (b) (LeanIM.ropw.SRAW))
  cpp__op_720                              CERTIFIED   16.3s  (pure_RTYPE (a) (b) (LeanIM.rop.SRA))
  cpp__op_728                              CERTIFIED   16.4s  (pure_RTYPE (a) (b) (LeanIM.rop.SRL))
  cpp__op_744                              CERTIFIED   16.5s  (pure_RTYPEW (a) (b) (LeanIM.ropw.SRLW))
  cpp__op_788                              CERTIFIED   16.4s  (pure_RTYPE (zero_reg) ((pure_RTYPE (a) (b) (OR))) (LeanIM.rop.SLTU))
  cpp__op_792                              CERTIFIED   16.5s  (pure_RTYPE (zero_reg) ((pure_RTYPE (a) (b) (OR))) (LeanIM.rop.SLTU))
  cpp__op_800                              CERTIFIED   16.5s  (pure_RTYPE (zero_reg) ((pure_RTYPE (a) (b) (OR))) (LeanIM.rop.SLTU))
  cpp__op_816                              CERTIFIED   16.4s  (pure_RTYPE (a) ((pure_RTYPE (zero_reg) (b) (LeanIM.rop.SLTU))) (OR))
  cpp__op_824                              CERTIFIED   16.6s  (pure_RTYPE ((pure_RTYPE (zero_reg) (a) (LeanIM.rop.SLTU))) ((pure_RTYPE (zero_reg) (b) (L
  cpp__op_828                              CERTIFIED   16.8s  (pure_RTYPE ((pure_RTYPE (zero_reg) (a) (LeanIM.rop.SLTU))) ((pure_RTYPE (zero_reg) (b) (L
  cpp__op_836                              CERTIFIED   16.7s  (pure_RTYPE ((pure_RTYPE (zero_reg) (a) (LeanIM.rop.SLTU))) ((pure_RTYPE (zero_reg) (b) (L
  cpp__op_852                              CERTIFIED   16.3s  (pure_RTYPE (a) ((pure_RTYPE (zero_reg) (b) (LeanIM.rop.SLTU))) (AND))
  cpp__op_860                              CERTIFIED   16.4s  (pure_RTYPE (a) (b) (OR))
  cpp__op_864                              CERTIFIED   16.7s  (pure_RTYPE (a) (b) (OR))
  cpp__op_872                              CERTIFIED   16.4s  (pure_RTYPE (a) (b) (OR))
  cpp__op_888                              CERTIFIED   16.3s  (pure_RTYPE (a) (b) (OR))
  cpp__op_896                              CERTIFIED   16.6s  (pure_RTYPE (a) (b) (XOR))
  cpp__op_900                              CERTIFIED   16.5s  (pure_RTYPE (a) (b) (XOR))
  cpp__op_908                              CERTIFIED   16.4s  (pure_RTYPE (a) (b) (XOR))
  cpp__op_924                              CERTIFIED   16.3s  (pure_RTYPE (a) (b) (XOR))
  cpp__op_932                              CERTIFIED   16.5s  (pure_RTYPE (a) (b) (AND))
  cpp__op_936                              CERTIFIED   15.8s  (pure_RTYPE (a) (b) (AND))
  cpp__op_944                              CERTIFIED   15.5s  (pure_RTYPE (a) (b) (AND))
  cpp__op_960                              CERTIFIED   15.5s  (pure_RTYPE (a) (b) (AND))
  cpp__op_968                              CERTIFIED   15.6s  (pure_RTYPE (zero_reg) ((pure_RTYPE (a) (b) (XOR))) (LeanIM.rop.SLTU))
  cpp__op_972                              CERTIFIED   15.6s  (pure_RTYPE (zero_reg) ((pure_RTYPE (a) (b) (XOR))) (LeanIM.rop.SLTU))
  cpp__op_980                              CERTIFIED   15.8s  (pure_RTYPE (zero_reg) ((pure_RTYPE (a) (b) (XOR))) (LeanIM.rop.SLTU))
  cpp__op_996                              CERTIFIED   14.9s  (pure_RTYPE (zero_reg) ((pure_RTYPE (a) (b) (XOR))) (LeanIM.rop.SLTU))
  walk: certified 106, failed 0, refused 145, of 251
