  proof lib LeanIM; executable lib LeanIMPrExecutable; decoder state: s0
  emitted definitions scanned: 4750; lean-sail definitions indexed: 149
  decode: 99 words, lean rc=0, 36.3s
  register expressions evaluated: 5 of 7 (4.0s)
  certifying with 1 Lean job(s) at a time
  cpp__op_6                                REFUSED  register of read r not resolved
  cpp__op_10                               REFUSED  compile rc=1: 1 warning and 1 error generated.
  cpp__op_30                               REFUSED  register of read r not resolved
  cpp__op_34                               REFUSED  compile rc=1: 1 warning and 1 error generated.
  cpp__op_38                               REFUSED  compile rc=1: 1 warning and 1 error generated.
  cpp__op_42                               REFUSED  reads x2, outside the ABI arguments
  cpp__op_46                               REFUSED  reads x2, outside the ABI arguments
  cpp__op_58                               REFUSED  no certified pure form for ILLEGAL (a pure clause that is not an ExecuteAs alias: (Illegal_Instruction ()))
  cpp__op_66                               REFUSED  compile rc=1: 1 warning and 1 error generated.
  cpp__op_70                               REFUSED  compile rc=1: 1 warning and 1 error generated.
  cpp__op_74                               REFUSED  compile rc=1: 1 warning and 1 error generated.
  cpp__op_78                               REFUSED  compile rc=1: 1 warning and 1 error generated.
  cpp__op_82                               REFUSED  compile rc=1: 1 warning and 1 error generated.
  cpp__op_98                               REFUSED  compile rc=1: 1 warning and 1 error generated.
  cpp__op_106                              REFUSED  no certified pure form for ILLEGAL (a pure clause that is not an ExecuteAs alias: (Illegal_Instruction ()))
  cpp__op_118                              REFUSED  no certified pure form for ILLEGAL (a pure clause that is not an ExecuteAs alias: (Illegal_Instruction ()))
  cpp__op_122                              REFUSED  no certified pure form for ILLEGAL (a pure clause that is not an ExecuteAs alias: (Illegal_Instruction ()))
  cpp__op_126                              REFUSED  no certified pure form for ILLEGAL (a pure clause that is not an ExecuteAs alias: (Illegal_Instruction ()))
  cpp__op_130                              REFUSED  no certified pure form for ILLEGAL (a pure clause that is not an ExecuteAs alias: (Illegal_Instruction ()))
  cpp__op_142                              REFUSED  no certified pure form for ILLEGAL (a pure clause that is not an ExecuteAs alias: (Illegal_Instruction ()))
  cpp__op_154                              REFUSED  no certified pure form for ILLEGAL (a pure clause that is not an ExecuteAs alias: (Illegal_Instruction ()))
  cpp__op_158                              REFUSED  no certified pure form for ILLEGAL (a pure clause that is not an ExecuteAs alias: (Illegal_Instruction ()))
  cpp__op_162                              REFUSED  no certified pure form for ILLEGAL (a pure clause that is not an ExecuteAs alias: (Illegal_Instruction ()))
  cpp__op_166                              REFUSED  no certified pure form for ILLEGAL (a pure clause that is not an ExecuteAs alias: (Illegal_Instruction ()))
  cpp__op_178                              REFUSED  no certified pure form for ILLEGAL (a pure clause that is not an ExecuteAs alias: (Illegal_Instruction ()))
  cpp__op_190                              REFUSED  no certified pure form for ILLEGAL (a pure clause that is not an ExecuteAs alias: (Illegal_Instruction ()))
  cpp__op_194                              REFUSED  no certified pure form for ILLEGAL (a pure clause that is not an ExecuteAs alias: (Illegal_Instruction ()))
  cpp__op_198                              REFUSED  no certified pure form for ILLEGAL (a pure clause that is not an ExecuteAs alias: (Illegal_Instruction ()))
  cpp__op_202                              REFUSED  no certified pure form for ILLEGAL (a pure clause that is not an ExecuteAs alias: (Illegal_Instruction ()))
  cpp__op_206                              REFUSED  no certified pure form for ZICOND_RTYPE (an element the rule does not know: let condition ← (( do)
  cpp__op_214                              REFUSED  no certified pure form for ILLEGAL (a pure clause that is not an ExecuteAs alias: (Illegal_Instruction ()))
  cpp__op_226                              REFUSED  no certified pure form for ILLEGAL (a pure clause that is not an ExecuteAs alias: (Illegal_Instruction ()))
  cpp__op_230                              REFUSED  no certified pure form for ILLEGAL (a pure clause that is not an ExecuteAs alias: (Illegal_Instruction ()))
  cpp__op_234                              REFUSED  no certified pure form for ILLEGAL (a pure clause that is not an ExecuteAs alias: (Illegal_Instruction ()))
  cpp__op_238                              REFUSED  no certified pure form for ILLEGAL (a pure clause that is not an ExecuteAs alias: (Illegal_Instruction ()))
  cpp__op_250                              REFUSED  compile rc=1: 1 warning and 1 error generated.
  cpp__op_262                              REFUSED  compile rc=1: 1 warning and 1 error generated.
  cpp__op_266                              REFUSED  compile rc=1: 1 warning and 1 error generated.
  cpp__op_270                              REFUSED  compile rc=1: 1 warning and 1 error generated.
  cpp__op_274                              REFUSED  compile rc=1: 1 warning and 1 error generated.
  cpp__op_286                              REFUSED  no certified pure form for ILLEGAL (a pure clause that is not an ExecuteAs alias: (Illegal_Instruction ()))
  cpp__op_298                              REFUSED  no certified pure form for ILLEGAL (a pure clause that is not an ExecuteAs alias: (Illegal_Instruction ()))
  cpp__op_302                              REFUSED  no certified pure form for ILLEGAL (a pure clause that is not an ExecuteAs alias: (Illegal_Instruction ()))
  cpp__op_306                              REFUSED  no certified pure form for ILLEGAL (a pure clause that is not an ExecuteAs alias: (Illegal_Instruction ()))
  cpp__op_310                              REFUSED  no certified pure form for ILLEGAL (a pure clause that is not an ExecuteAs alias: (Illegal_Instruction ()))
  cpp__op_322                              REFUSED  no certified pure form for ILLEGAL (a pure clause that is not an ExecuteAs alias: (Illegal_Instruction ()))
  cpp__op_334                              REFUSED  no certified pure form for ILLEGAL (a pure clause that is not an ExecuteAs alias: (Illegal_Instruction ()))
  cpp__op_338                              REFUSED  no certified pure form for ILLEGAL (a pure clause that is not an ExecuteAs alias: (Illegal_Instruction ()))
  cpp__op_342                              REFUSED  no certified pure form for ILLEGAL (a pure clause that is not an ExecuteAs alias: (Illegal_Instruction ()))
  cpp__op_346                              REFUSED  no certified pure form for ILLEGAL (a pure clause that is not an ExecuteAs alias: (Illegal_Instruction ()))
  cpp__op_358                              REFUSED  compile rc=1: 1 warning and 1 error generated.
  cpp__op_370                              REFUSED  compile rc=1: 1 warning and 1 error generated.
  cpp__op_374                              REFUSED  compile rc=1: 1 warning and 1 error generated.
  cpp__op_378                              REFUSED  compile rc=1: 1 warning and 1 error generated.
  cpp__op_382                              REFUSED  compile rc=1: 1 warning and 1 error generated.
  cpp__op_394                              REFUSED  compile rc=1: 1 warning and 1 error generated.
  cpp__op_406                              REFUSED  compile rc=1: 1 warning and 1 error generated.
  cpp__op_410                              REFUSED  compile rc=1: 1 warning and 1 error generated.
  cpp__op_414                              REFUSED  compile rc=1: 1 warning and 1 error generated.
  cpp__op_418                              REFUSED  compile rc=1: 1 warning and 1 error generated.
  cpp__op_430                              REFUSED  compile rc=1: 1 warning and 1 error generated.
  cpp__op_442                              REFUSED  compile rc=1: 1 warning and 1 error generated.
  cpp__op_446                              REFUSED  compile rc=1: 1 warning and 1 error generated.
  cpp__op_450                              REFUSED  compile rc=1: 1 warning and 1 error generated.
  cpp__op_454                              REFUSED  compile rc=1: 1 warning and 1 error generated.
  cpp__op_466                              REFUSED  no certified pure form for ILLEGAL (a pure clause that is not an ExecuteAs alias: (Illegal_Instruction ()))
  cpp__op_478                              REFUSED  no certified pure form for ILLEGAL (a pure clause that is not an ExecuteAs alias: (Illegal_Instruction ()))
  cpp__op_482                              REFUSED  no certified pure form for ILLEGAL (a pure clause that is not an ExecuteAs alias: (Illegal_Instruction ()))
  cpp__op_486                              REFUSED  no certified pure form for ILLEGAL (a pure clause that is not an ExecuteAs alias: (Illegal_Instruction ()))
  cpp__op_490                              REFUSED  no certified pure form for ILLEGAL (a pure clause that is not an ExecuteAs alias: (Illegal_Instruction ()))
  cpp__op_502                              REFUSED  no certified pure form for ILLEGAL (a pure clause that is not an ExecuteAs alias: (Illegal_Instruction ()))
  cpp__op_514                              REFUSED  no certified pure form for ILLEGAL (a pure clause that is not an ExecuteAs alias: (Illegal_Instruction ()))
  cpp__op_518                              REFUSED  no certified pure form for ILLEGAL (a pure clause that is not an ExecuteAs alias: (Illegal_Instruction ()))
  cpp__op_522                              REFUSED  no certified pure form for ILLEGAL (a pure clause that is not an ExecuteAs alias: (Illegal_Instruction ()))
  cpp__op_526                              REFUSED  no certified pure form for ILLEGAL (a pure clause that is not an ExecuteAs alias: (Illegal_Instruction ()))
  cpp__op_538                              REFUSED  no certified pure form for ILLEGAL (a pure clause that is not an ExecuteAs alias: (Illegal_Instruction ()))
  cpp__op_550                              REFUSED  no certified pure form for ILLEGAL (a pure clause that is not an ExecuteAs alias: (Illegal_Instruction ()))
  cpp__op_554                              REFUSED  no certified pure form for ILLEGAL (a pure clause that is not an ExecuteAs alias: (Illegal_Instruction ()))
  cpp__op_558                              REFUSED  no certified pure form for ILLEGAL (a pure clause that is not an ExecuteAs alias: (Illegal_Instruction ()))
  cpp__op_562                              REFUSED  no certified pure form for ILLEGAL (a pure clause that is not an ExecuteAs alias: (Illegal_Instruction ()))
  cpp__op_574                              REFUSED  no certified pure form for ILLEGAL (a pure clause that is not an ExecuteAs alias: (Illegal_Instruction ()))
  cpp__op_586                              REFUSED  no certified pure form for ILLEGAL (a pure clause that is not an ExecuteAs alias: (Illegal_Instruction ()))
  cpp__op_590                              REFUSED  no certified pure form for ILLEGAL (a pure clause that is not an ExecuteAs alias: (Illegal_Instruction ()))
  cpp__op_594                              REFUSED  no certified pure form for ILLEGAL (a pure clause that is not an ExecuteAs alias: (Illegal_Instruction ()))
  cpp__op_598                              REFUSED  no certified pure form for ILLEGAL (a pure clause that is not an ExecuteAs alias: (Illegal_Instruction ()))
  cpp__op_610                              REFUSED  no certified pure form for ILLEGAL (a pure clause that is not an ExecuteAs alias: (Illegal_Instruction ()))
  cpp__op_622                              REFUSED  no certified pure form for ILLEGAL (a pure clause that is not an ExecuteAs alias: (Illegal_Instruction ()))
  cpp__op_626                              REFUSED  no certified pure form for ILLEGAL (a pure clause that is not an ExecuteAs alias: (Illegal_Instruction ()))
  cpp__op_630                              REFUSED  no certified pure form for ILLEGAL (a pure clause that is not an ExecuteAs alias: (Illegal_Instruction ()))
  cpp__op_634                              REFUSED  no certified pure form for ILLEGAL (a pure clause that is not an ExecuteAs alias: (Illegal_Instruction ()))
  cpp__op_646                              REFUSED  no certified pure form for ILLEGAL (a pure clause that is not an ExecuteAs alias: (Illegal_Instruction ()))
  cpp__op_658                              REFUSED  no certified pure form for ILLEGAL (a pure clause that is not an ExecuteAs alias: (Illegal_Instruction ()))
  cpp__op_662                              REFUSED  no certified pure form for ILLEGAL (a pure clause that is not an ExecuteAs alias: (Illegal_Instruction ()))
  cpp__op_666                              REFUSED  no certified pure form for ILLEGAL (a pure clause that is not an ExecuteAs alias: (Illegal_Instruction ()))
  cpp__op_670                              REFUSED  no certified pure form for ILLEGAL (a pure clause that is not an ExecuteAs alias: (Illegal_Instruction ()))
  cpp__op_682                              REFUSED  compile rc=1: 1 warning and 1 error generated.
  cpp__op_694                              REFUSED  compile rc=1: 1 warning and 1 error generated.
  cpp__op_698                              REFUSED  compile rc=1: 1 warning and 1 error generated.
  cpp__op_702                              REFUSED  compile rc=1: 1 warning and 1 error generated.
  cpp__op_706                              REFUSED  compile rc=1: 1 warning and 1 error generated.
  cpp__op_718                              REFUSED  compile rc=1: 1 warning and 1 error generated.
  cpp__op_730                              REFUSED  compile rc=1: 1 warning and 1 error generated.
  cpp__op_734                              REFUSED  compile rc=1: 1 warning and 1 error generated.
  cpp__op_738                              REFUSED  compile rc=1: 1 warning and 1 error generated.
  cpp__op_742                              REFUSED  compile rc=1: 1 warning and 1 error generated.
  cpp__op_750                              REFUSED  register of read rsd not resolved
  cpp__op_754                              REFUSED  no certified pure form for ILLEGAL (a pure clause that is not an ExecuteAs alias: (Illegal_Instruction ()))
  cpp__op_758                              REFUSED  compile rc=1: 1 warning and 1 error generated.
  cpp__op_762                              REFUSED  compile rc=1: 1 warning and 1 error generated.
  cpp__op_766                              REFUSED  no certified pure form for ILLEGAL (a pure clause that is not an ExecuteAs alias: (Illegal_Instruction ()))
  cpp__op_770                              REFUSED  no certified pure form for ILLEGAL (a pure clause that is not an ExecuteAs alias: (Illegal_Instruction ()))
  cpp__op_774                              REFUSED  no certified pure form for ILLEGAL (a pure clause that is not an ExecuteAs alias: (Illegal_Instruction ()))
  cpp__op_778                              REFUSED  no certified pure form for ILLEGAL (a pure clause that is not an ExecuteAs alias: (Illegal_Instruction ()))
  cpp__op_782                              REFUSED  compile rc=1: 1 warning and 1 error generated.
  cpp__op_790                              REFUSED  no certified pure form for ILLEGAL (a pure clause that is not an ExecuteAs alias: (Illegal_Instruction ()))
  cpp__op_802                              REFUSED  no certified pure form for ILLEGAL (a pure clause that is not an ExecuteAs alias: (Illegal_Instruction ()))
  cpp__op_806                              REFUSED  no certified pure form for ILLEGAL (a pure clause that is not an ExecuteAs alias: (Illegal_Instruction ()))
  cpp__op_810                              REFUSED  no certified pure form for ILLEGAL (a pure clause that is not an ExecuteAs alias: (Illegal_Instruction ()))
  cpp__op_814                              REFUSED  no certified pure form for ILLEGAL (a pure clause that is not an ExecuteAs alias: (Illegal_Instruction ()))
  cpp__op_826                              REFUSED  no certified pure form for ILLEGAL (a pure clause that is not an ExecuteAs alias: (Illegal_Instruction ()))
  cpp__op_838                              REFUSED  no certified pure form for ILLEGAL (a pure clause that is not an ExecuteAs alias: (Illegal_Instruction ()))
  cpp__op_842                              REFUSED  no certified pure form for ILLEGAL (a pure clause that is not an ExecuteAs alias: (Illegal_Instruction ()))
  cpp__op_846                              REFUSED  no certified pure form for ILLEGAL (a pure clause that is not an ExecuteAs alias: (Illegal_Instruction ()))
  cpp__op_850                              REFUSED  no certified pure form for ILLEGAL (a pure clause that is not an ExecuteAs alias: (Illegal_Instruction ()))
  cpp__op_862                              REFUSED  compile rc=1: 1 warning and 1 error generated.
  cpp__op_874                              REFUSED  compile rc=1: 1 warning and 1 error generated.
  cpp__op_878                              REFUSED  compile rc=1: 1 warning and 1 error generated.
  cpp__op_882                              REFUSED  compile rc=1: 1 warning and 1 error generated.
  cpp__op_886                              REFUSED  compile rc=1: 1 warning and 1 error generated.
  cpp__op_898                              REFUSED  compile rc=1: 1 warning and 1 error generated.
  cpp__op_910                              REFUSED  compile rc=1: 1 warning and 1 error generated.
  cpp__op_914                              REFUSED  compile rc=1: 1 warning and 1 error generated.
  cpp__op_918                              REFUSED  compile rc=1: 1 warning and 1 error generated.
  cpp__op_922                              REFUSED  compile rc=1: 1 warning and 1 error generated.
  cpp__op_934                              REFUSED  compile rc=1: 1 warning and 1 error generated.
  cpp__op_946                              REFUSED  compile rc=1: 1 warning and 1 error generated.
  cpp__op_950                              REFUSED  compile rc=1: 1 warning and 1 error generated.
  cpp__op_954                              REFUSED  compile rc=1: 1 warning and 1 error generated.
  cpp__op_958                              REFUSED  compile rc=1: 1 warning and 1 error generated.
  cpp__op_970                              REFUSED  no certified pure form for ILLEGAL (a pure clause that is not an ExecuteAs alias: (Illegal_Instruction ()))
  cpp__op_982                              REFUSED  no certified pure form for ILLEGAL (a pure clause that is not an ExecuteAs alias: (Illegal_Instruction ()))
  cpp__op_986                              REFUSED  no certified pure form for ILLEGAL (a pure clause that is not an ExecuteAs alias: (Illegal_Instruction ()))
  cpp__op_990                              REFUSED  no certified pure form for ILLEGAL (a pure clause that is not an ExecuteAs alias: (Illegal_Instruction ()))
  cpp__op_994                              REFUSED  no certified pure form for ILLEGAL (a pure clause that is not an ExecuteAs alias: (Illegal_Instruction ()))
  cpp__op_2                                CERTIFIED   27.8s  (pure_ITYPE (a) (0x001#12) (LeanIM.iop.SLTIU))
  cpp__op_14                               CERTIFIED   25.7s  (pure_RTYPE (zero_reg) (a) (LeanIM.rop.SUB))
  cpp__op_18                               CERTIFIED   24.9s  a
  cpp__op_22                               CERTIFIED   27.2s  a
  cpp__op_26                               CERTIFIED   16.8s  (pure_ITYPE (a) (0x001#12) (LeanIM.iop.SLTIU))
  cpp__op_50                               CERTIFIED   16.2s  (pure_ITYPE (a) (((sign_extend (m := 12) (0x01#6)))) (ADDI))
  cpp__op_54                               CERTIFIED   16.3s  (pure_ADDIW (a) ((sign_extend (m := 12) (0x3f#6))))
  cpp__op_62                               CERTIFIED   16.5s  (pure_ITYPE (zero_reg) (((sign_extend (m := 12) (0x08#6)))) (ADDI))
  cpp__op_86                               CERTIFIED   16.0s  a
  cpp__op_90                               CERTIFIED   16.1s  a
  cpp__op_94                               CERTIFIED   16.0s  a
  cpp__op_102                              CERTIFIED   16.1s  (pure_RTYPEW (a) (b) (ADDW))
  cpp__op_110                              CERTIFIED   16.3s  (pure_RTYPE (a) (b) (ADD))
  cpp__op_114                              CERTIFIED   16.6s  (pure_RTYPE (a) (b) (ADD))
  cpp__op_134                              CERTIFIED   16.4s  (pure_RTYPE (a) (b) (ADD))
  cpp__op_138                              CERTIFIED   16.4s  (pure_RTYPEW (a) (b) (SUBW))
  cpp__op_146                              CERTIFIED   16.4s  (pure_RTYPE (a) (b) (SUB))
  cpp__op_150                              CERTIFIED   16.2s  (pure_RTYPE (a) (b) (SUB))
  cpp__op_170                              CERTIFIED   16.3s  (pure_RTYPE (a) (b) (SUB))
  cpp__op_174                              CERTIFIED   16.2s  (pure_MULW (b) (a))
  cpp__op_182                              CERTIFIED   16.5s  (pure_MUL (a) (b) ({ result_part := Low, signed_rs1 := Signed, signed_rs2 := Signed }))
  cpp__op_186                              CERTIFIED   16.4s  (pure_MUL (a) (b) ({ result_part := Low, signed_rs1 := Signed, signed_rs2 := Signed }))
  cpp__op_210                              CERTIFIED   16.1s  (pure_DIVW (a) (b) (false))
  cpp__op_218                              CERTIFIED   16.1s  (pure_DIV (a) (b) (true))
  cpp__op_222                              CERTIFIED   16.2s  (pure_DIV (a) (b) (true))
  cpp__op_242                              CERTIFIED   16.4s  (pure_DIV (a) (b) (true))
  cpp__op_246                              CERTIFIED   16.2s  (pure_REMW (a) (b) (false))
  cpp__op_254                              CERTIFIED   16.2s  (pure_REM (a) (b) (true))
  cpp__op_258                              CERTIFIED   16.1s  (pure_REM (a) (b) (true))
  cpp__op_278                              CERTIFIED   16.4s  (pure_REM (a) (b) (true))
  cpp__op_282                              CERTIFIED   16.5s  (pure_RTYPE (zero_reg) ((pure_RTYPE (a) (b) (OR))) (LeanIM.rop.SLTU))
  cpp__op_290                              CERTIFIED   16.4s  (pure_RTYPE (zero_reg) ((pure_RTYPE (a) (b) (OR))) (LeanIM.rop.SLTU))
  cpp__op_294                              CERTIFIED   16.4s  (pure_RTYPE (zero_reg) ((pure_RTYPE (a) (b) (OR))) (LeanIM.rop.SLTU))
  cpp__op_314                              CERTIFIED   16.4s  (pure_RTYPE (a) ((pure_RTYPE (zero_reg) (b) (LeanIM.rop.SLTU))) (OR))
  cpp__op_318                              CERTIFIED   16.4s  (pure_RTYPE ((pure_RTYPE (zero_reg) (a) (LeanIM.rop.SLTU))) ((pure_RTYPE (zero_reg) (b) (L
  cpp__op_326                              CERTIFIED   16.6s  (pure_RTYPE ((pure_RTYPE (zero_reg) (a) (LeanIM.rop.SLTU))) ((pure_RTYPE (zero_reg) (b) (L
  cpp__op_330                              CERTIFIED   16.5s  (pure_RTYPE ((pure_RTYPE (zero_reg) (a) (LeanIM.rop.SLTU))) ((pure_RTYPE (zero_reg) (b) (L
  cpp__op_350                              CERTIFIED   16.5s  (pure_RTYPE (a) ((pure_RTYPE (zero_reg) (b) (LeanIM.rop.SLTU))) (AND))
  cpp__op_354                              CERTIFIED   16.3s  (pure_RTYPE (a) (b) (OR))
  cpp__op_362                              CERTIFIED   16.5s  (pure_RTYPE (a) (b) (OR))
  cpp__op_366                              CERTIFIED   16.2s  (pure_RTYPE (a) (b) (OR))
  cpp__op_386                              CERTIFIED   16.2s  (pure_RTYPE (a) (b) (OR))
  cpp__op_390                              CERTIFIED   16.3s  (pure_RTYPE (a) (b) (XOR))
  cpp__op_398                              CERTIFIED   16.5s  (pure_RTYPE (a) (b) (XOR))
  cpp__op_402                              CERTIFIED   16.3s  (pure_RTYPE (a) (b) (XOR))
  cpp__op_422                              CERTIFIED   16.4s  (pure_RTYPE (a) (b) (XOR))
  cpp__op_426                              CERTIFIED   16.1s  (pure_RTYPE (a) (b) (AND))
  cpp__op_434                              CERTIFIED   16.2s  (pure_RTYPE (a) (b) (AND))
  cpp__op_438                              CERTIFIED   16.6s  (pure_RTYPE (a) (b) (AND))
  cpp__op_458                              CERTIFIED   16.2s  (pure_RTYPE (a) (b) (AND))
  cpp__op_462                              CERTIFIED   16.5s  (pure_ITYPE ((pure_RTYPE (a) (b) (XOR))) (0x001#12) (LeanIM.iop.SLTIU))
  cpp__op_470                              CERTIFIED   16.6s  (pure_ITYPE ((pure_RTYPE (a) (b) (XOR))) (0x001#12) (LeanIM.iop.SLTIU))
  cpp__op_474                              CERTIFIED   16.5s  (pure_ITYPE ((pure_RTYPE (a) (b) (XOR))) (0x001#12) (LeanIM.iop.SLTIU))
  cpp__op_494                              CERTIFIED   16.4s  (pure_ITYPE ((pure_RTYPE (a) (b) (XOR))) (0x001#12) (LeanIM.iop.SLTIU))
  cpp__op_498                              CERTIFIED   16.6s  (pure_RTYPE (zero_reg) ((pure_RTYPE (a) (b) (XOR))) (LeanIM.rop.SLTU))
  cpp__op_506                              CERTIFIED   16.3s  (pure_RTYPE (zero_reg) ((pure_RTYPE (a) (b) (XOR))) (LeanIM.rop.SLTU))
  cpp__op_510                              CERTIFIED   16.5s  (pure_RTYPE (zero_reg) ((pure_RTYPE (a) (b) (XOR))) (LeanIM.rop.SLTU))
  cpp__op_530                              CERTIFIED   16.6s  (pure_RTYPE (zero_reg) ((pure_RTYPE (a) (b) (XOR))) (LeanIM.rop.SLTU))
  cpp__op_534                              CERTIFIED   16.1s  (pure_RTYPE (b) (a) (LeanIM.rop.SLT))
  cpp__op_542                              CERTIFIED   16.8s  (pure_RTYPE (b) (a) (LeanIM.rop.SLTU))
  cpp__op_546                              CERTIFIED   16.4s  (pure_RTYPE (b) (a) (LeanIM.rop.SLTU))
  cpp__op_566                              CERTIFIED   16.8s  (pure_RTYPE (a) ((pure_ITYPE (b) (0x001#12) (LeanIM.iop.SLTIU))) (AND))
  cpp__op_570                              CERTIFIED   16.4s  (pure_ITYPE ((pure_RTYPE (a) (b) (LeanIM.rop.SLT))) (0x001#12) (LeanIM.iop.XORI))
  cpp__op_578                              CERTIFIED   16.4s  (pure_ITYPE ((pure_RTYPE (a) (b) (LeanIM.rop.SLTU))) (0x001#12) (LeanIM.iop.XORI))
  cpp__op_582                              CERTIFIED   16.5s  (pure_ITYPE ((pure_RTYPE (a) (b) (LeanIM.rop.SLTU))) (0x001#12) (LeanIM.iop.XORI))
  cpp__op_602                              CERTIFIED   16.8s  (pure_ITYPE ((pure_RTYPE (a) (b) (LeanIM.rop.SLTU))) (0x001#12) (LeanIM.iop.XORI))
  cpp__op_606                              CERTIFIED   16.6s  (pure_ITYPE ((pure_RTYPE (b) (a) (LeanIM.rop.SLT))) (0x001#12) (LeanIM.iop.XORI))
  cpp__op_614                              CERTIFIED   16.6s  (pure_ITYPE ((pure_RTYPE (b) (a) (LeanIM.rop.SLTU))) (0x001#12) (LeanIM.iop.XORI))
  cpp__op_618                              CERTIFIED   16.5s  (pure_ITYPE ((pure_RTYPE (b) (a) (LeanIM.rop.SLTU))) (0x001#12) (LeanIM.iop.XORI))
  cpp__op_638                              CERTIFIED   16.4s  (pure_ITYPE ((pure_RTYPE (b) (a) (LeanIM.rop.SLTU))) (0x001#12) (LeanIM.iop.XORI))
  cpp__op_642                              CERTIFIED   16.4s  (pure_RTYPE (a) (b) (LeanIM.rop.SLT))
  cpp__op_650                              CERTIFIED   16.6s  (pure_RTYPE (a) (b) (LeanIM.rop.SLTU))
  cpp__op_654                              CERTIFIED   16.3s  (pure_RTYPE (a) (b) (LeanIM.rop.SLTU))
  cpp__op_674                              CERTIFIED   16.4s  (pure_RTYPE (a) (b) (LeanIM.rop.SLTU))
  cpp__op_678                              CERTIFIED   16.5s  (pure_RTYPEW (a) (b) (LeanIM.ropw.SLLW))
  cpp__op_686                              CERTIFIED   16.5s  (pure_RTYPE (a) (b) (LeanIM.rop.SLL))
  cpp__op_690                              CERTIFIED   16.5s  (pure_RTYPE (a) (b) (LeanIM.rop.SLL))
  cpp__op_710                              CERTIFIED   16.3s  (pure_RTYPEW (a) (b) (LeanIM.ropw.SLLW))
  cpp__op_714                              CERTIFIED   16.2s  (pure_RTYPEW (a) (b) (LeanIM.ropw.SRAW))
  cpp__op_722                              CERTIFIED   16.4s  (pure_RTYPE (a) (b) (LeanIM.rop.SRA))
  cpp__op_726                              CERTIFIED   16.3s  (pure_RTYPE (a) (b) (LeanIM.rop.SRL))
  cpp__op_746                              CERTIFIED   16.2s  (pure_RTYPEW (a) (b) (LeanIM.ropw.SRLW))
  cpp__op_786                              CERTIFIED   16.3s  (pure_RTYPE (zero_reg) ((pure_RTYPE (a) (b) (OR))) (LeanIM.rop.SLTU))
  cpp__op_794                              CERTIFIED   16.6s  (pure_RTYPE (zero_reg) ((pure_RTYPE (a) (b) (OR))) (LeanIM.rop.SLTU))
  cpp__op_798                              CERTIFIED   16.8s  (pure_RTYPE (zero_reg) ((pure_RTYPE (a) (b) (OR))) (LeanIM.rop.SLTU))
  cpp__op_818                              CERTIFIED   16.7s  (pure_RTYPE (a) ((pure_RTYPE (zero_reg) (b) (LeanIM.rop.SLTU))) (OR))
  cpp__op_822                              CERTIFIED   16.6s  (pure_RTYPE ((pure_RTYPE (zero_reg) (a) (LeanIM.rop.SLTU))) ((pure_RTYPE (zero_reg) (b) (L
  cpp__op_830                              CERTIFIED   16.8s  (pure_RTYPE ((pure_RTYPE (zero_reg) (a) (LeanIM.rop.SLTU))) ((pure_RTYPE (zero_reg) (b) (L
  cpp__op_834                              CERTIFIED   16.6s  (pure_RTYPE ((pure_RTYPE (zero_reg) (a) (LeanIM.rop.SLTU))) ((pure_RTYPE (zero_reg) (b) (L
  cpp__op_854                              CERTIFIED   16.5s  (pure_RTYPE (a) ((pure_RTYPE (zero_reg) (b) (LeanIM.rop.SLTU))) (AND))
  cpp__op_858                              CERTIFIED   17.4s  (pure_RTYPE (a) (b) (OR))
  cpp__op_866                              CERTIFIED   16.5s  (pure_RTYPE (a) (b) (OR))
  cpp__op_870                              CERTIFIED   16.3s  (pure_RTYPE (a) (b) (OR))
  cpp__op_890                              CERTIFIED   16.9s  (pure_RTYPE (a) (b) (OR))
  cpp__op_894                              CERTIFIED   16.4s  (pure_RTYPE (a) (b) (XOR))
  cpp__op_902                              CERTIFIED   16.8s  (pure_RTYPE (a) (b) (XOR))
  cpp__op_906                              CERTIFIED   16.4s  (pure_RTYPE (a) (b) (XOR))
  cpp__op_926                              CERTIFIED   16.4s  (pure_RTYPE (a) (b) (XOR))
  cpp__op_930                              CERTIFIED   16.8s  (pure_RTYPE (a) (b) (AND))
  cpp__op_938                              CERTIFIED   15.8s  (pure_RTYPE (a) (b) (AND))
  cpp__op_942                              CERTIFIED   15.4s  (pure_RTYPE (a) (b) (AND))
  cpp__op_962                              CERTIFIED   15.6s  (pure_RTYPE (a) (b) (AND))
  cpp__op_966                              CERTIFIED   15.6s  (pure_RTYPE (zero_reg) ((pure_RTYPE (a) (b) (XOR))) (LeanIM.rop.SLTU))
  cpp__op_974                              CERTIFIED   15.6s  (pure_RTYPE (zero_reg) ((pure_RTYPE (a) (b) (XOR))) (LeanIM.rop.SLTU))
  cpp__op_978                              CERTIFIED   15.4s  (pure_RTYPE (zero_reg) ((pure_RTYPE (a) (b) (XOR))) (LeanIM.rop.SLTU))
  cpp__op_998                              CERTIFIED   14.8s  (pure_RTYPE (zero_reg) ((pure_RTYPE (a) (b) (XOR))) (LeanIM.rop.SLTU))
  walk: certified 106, failed 0, refused 144, of 250
