  proof lib LeanIM; executable lib LeanIMPrExecutable; decoder state: s0
  emitted definitions scanned: 4750; lean-sail definitions indexed: 149
  decode: 82 words, lean rc=0, 30.6s
  register expressions evaluated: 5 of 6 (3.9s)
  certifying with 1 Lean job(s) at a time
  cpp__op_9                                REFUSED  compile rc=1: 1 warning and 1 error generated.
  cpp__op_33                               REFUSED  compile rc=1: 1 warning and 1 error generated.
  cpp__op_37                               REFUSED  compile rc=1: 1 warning and 1 error generated.
  cpp__op_41                               REFUSED  compile rc=1: 1 warning and 1 error generated.
  cpp__op_45                               REFUSED  reads x2, outside the ABI arguments
  cpp__op_53                               REFUSED  compile rc=1: 1 warning and 1 error generated.
  cpp__op_57                               REFUSED  no certified pure form for ILLEGAL (a pure clause that is not an ExecuteAs alias: (Illegal_Instruction ()))
  cpp__op_69                               REFUSED  compile rc=1: 1 warning and 1 error generated.
  cpp__op_73                               REFUSED  compile rc=1: 1 warning and 1 error generated.
  cpp__op_77                               REFUSED  compile rc=1: 1 warning and 1 error generated.
  cpp__op_81                               REFUSED  compile rc=1: 1 warning and 1 error generated.
  cpp__op_89                               REFUSED  compile rc=1: 1 warning and 1 error generated.
  cpp__op_97                               REFUSED  compile rc=1: 1 warning and 1 error generated.
  cpp__op_101                              REFUSED  compile rc=1: 1 warning and 1 error generated.
  cpp__op_105                              REFUSED  no certified pure form for ILLEGAL (a pure clause that is not an ExecuteAs alias: (Illegal_Instruction ()))
  cpp__op_117                              REFUSED  no certified pure form for ILLEGAL (a pure clause that is not an ExecuteAs alias: (Illegal_Instruction ()))
  cpp__op_121                              REFUSED  no certified pure form for ILLEGAL (a pure clause that is not an ExecuteAs alias: (Illegal_Instruction ()))
  cpp__op_125                              REFUSED  no certified pure form for ILLEGAL (a pure clause that is not an ExecuteAs alias: (Illegal_Instruction ()))
  cpp__op_129                              REFUSED  no certified pure form for ILLEGAL (a pure clause that is not an ExecuteAs alias: (Illegal_Instruction ()))
  cpp__op_141                              REFUSED  no certified pure form for ILLEGAL (a pure clause that is not an ExecuteAs alias: (Illegal_Instruction ()))
  cpp__op_153                              REFUSED  no certified pure form for ILLEGAL (a pure clause that is not an ExecuteAs alias: (Illegal_Instruction ()))
  cpp__op_157                              REFUSED  no certified pure form for ILLEGAL (a pure clause that is not an ExecuteAs alias: (Illegal_Instruction ()))
  cpp__op_161                              REFUSED  no certified pure form for ILLEGAL (a pure clause that is not an ExecuteAs alias: (Illegal_Instruction ()))
  cpp__op_165                              REFUSED  no certified pure form for ILLEGAL (a pure clause that is not an ExecuteAs alias: (Illegal_Instruction ()))
  cpp__op_177                              REFUSED  no certified pure form for ILLEGAL (a pure clause that is not an ExecuteAs alias: (Illegal_Instruction ()))
  cpp__op_185                              REFUSED  no certified pure form for ZICOND_RTYPE (an element the rule does not know: let condition ← (( do)
  cpp__op_189                              REFUSED  no certified pure form for ILLEGAL (a pure clause that is not an ExecuteAs alias: (Illegal_Instruction ()))
  cpp__op_193                              REFUSED  no certified pure form for ILLEGAL (a pure clause that is not an ExecuteAs alias: (Illegal_Instruction ()))
  cpp__op_197                              REFUSED  no certified pure form for ILLEGAL (a pure clause that is not an ExecuteAs alias: (Illegal_Instruction ()))
  cpp__op_201                              REFUSED  no certified pure form for ILLEGAL (a pure clause that is not an ExecuteAs alias: (Illegal_Instruction ()))
  cpp__op_205                              REFUSED  no certified pure form for ZICOND_RTYPE (an element the rule does not know: let condition ← (( do)
  cpp__op_213                              REFUSED  no certified pure form for ILLEGAL (a pure clause that is not an ExecuteAs alias: (Illegal_Instruction ()))
  cpp__op_225                              REFUSED  no certified pure form for ILLEGAL (a pure clause that is not an ExecuteAs alias: (Illegal_Instruction ()))
  cpp__op_229                              REFUSED  no certified pure form for ILLEGAL (a pure clause that is not an ExecuteAs alias: (Illegal_Instruction ()))
  cpp__op_233                              REFUSED  no certified pure form for ILLEGAL (a pure clause that is not an ExecuteAs alias: (Illegal_Instruction ()))
  cpp__op_237                              REFUSED  no certified pure form for ILLEGAL (a pure clause that is not an ExecuteAs alias: (Illegal_Instruction ()))
  cpp__op_249                              REFUSED  compile rc=1: 1 warning and 1 error generated.
  cpp__op_261                              REFUSED  compile rc=1: 1 warning and 1 error generated.
  cpp__op_265                              REFUSED  compile rc=1: 1 warning and 1 error generated.
  cpp__op_269                              REFUSED  compile rc=1: 1 warning and 1 error generated.
  cpp__op_273                              REFUSED  compile rc=1: 1 warning and 1 error generated.
  cpp__op_285                              REFUSED  no certified pure form for ILLEGAL (a pure clause that is not an ExecuteAs alias: (Illegal_Instruction ()))
  cpp__op_297                              REFUSED  no certified pure form for ILLEGAL (a pure clause that is not an ExecuteAs alias: (Illegal_Instruction ()))
  cpp__op_301                              REFUSED  no certified pure form for ILLEGAL (a pure clause that is not an ExecuteAs alias: (Illegal_Instruction ()))
  cpp__op_305                              REFUSED  no certified pure form for ILLEGAL (a pure clause that is not an ExecuteAs alias: (Illegal_Instruction ()))
  cpp__op_309                              REFUSED  no certified pure form for ILLEGAL (a pure clause that is not an ExecuteAs alias: (Illegal_Instruction ()))
  cpp__op_321                              REFUSED  no certified pure form for ILLEGAL (a pure clause that is not an ExecuteAs alias: (Illegal_Instruction ()))
  cpp__op_333                              REFUSED  no certified pure form for ILLEGAL (a pure clause that is not an ExecuteAs alias: (Illegal_Instruction ()))
  cpp__op_337                              REFUSED  no certified pure form for ILLEGAL (a pure clause that is not an ExecuteAs alias: (Illegal_Instruction ()))
  cpp__op_341                              REFUSED  no certified pure form for ILLEGAL (a pure clause that is not an ExecuteAs alias: (Illegal_Instruction ()))
  cpp__op_345                              REFUSED  no certified pure form for ILLEGAL (a pure clause that is not an ExecuteAs alias: (Illegal_Instruction ()))
  cpp__op_357                              REFUSED  compile rc=1: 1 warning and 1 error generated.
  cpp__op_369                              REFUSED  compile rc=1: 1 warning and 1 error generated.
  cpp__op_373                              REFUSED  compile rc=1: 1 warning and 1 error generated.
  cpp__op_377                              REFUSED  compile rc=1: 1 warning and 1 error generated.
  cpp__op_381                              REFUSED  compile rc=1: 1 warning and 1 error generated.
  cpp__op_393                              REFUSED  compile rc=1: 1 warning and 1 error generated.
  cpp__op_405                              REFUSED  compile rc=1: 1 warning and 1 error generated.
  cpp__op_409                              REFUSED  compile rc=1: 1 warning and 1 error generated.
  cpp__op_413                              REFUSED  compile rc=1: 1 warning and 1 error generated.
  cpp__op_417                              REFUSED  compile rc=1: 1 warning and 1 error generated.
  cpp__op_429                              REFUSED  compile rc=1: 1 warning and 1 error generated.
  cpp__op_441                              REFUSED  compile rc=1: 1 warning and 1 error generated.
  cpp__op_445                              REFUSED  compile rc=1: 1 warning and 1 error generated.
  cpp__op_449                              REFUSED  compile rc=1: 1 warning and 1 error generated.
  cpp__op_453                              REFUSED  compile rc=1: 1 warning and 1 error generated.
  cpp__op_465                              REFUSED  no certified pure form for ILLEGAL (a pure clause that is not an ExecuteAs alias: (Illegal_Instruction ()))
  cpp__op_477                              REFUSED  no certified pure form for ILLEGAL (a pure clause that is not an ExecuteAs alias: (Illegal_Instruction ()))
  cpp__op_481                              REFUSED  no certified pure form for ILLEGAL (a pure clause that is not an ExecuteAs alias: (Illegal_Instruction ()))
  cpp__op_485                              REFUSED  no certified pure form for ILLEGAL (a pure clause that is not an ExecuteAs alias: (Illegal_Instruction ()))
  cpp__op_489                              REFUSED  no certified pure form for ILLEGAL (a pure clause that is not an ExecuteAs alias: (Illegal_Instruction ()))
  cpp__op_501                              REFUSED  no certified pure form for ILLEGAL (a pure clause that is not an ExecuteAs alias: (Illegal_Instruction ()))
  cpp__op_513                              REFUSED  no certified pure form for ILLEGAL (a pure clause that is not an ExecuteAs alias: (Illegal_Instruction ()))
  cpp__op_517                              REFUSED  no certified pure form for ILLEGAL (a pure clause that is not an ExecuteAs alias: (Illegal_Instruction ()))
  cpp__op_521                              REFUSED  no certified pure form for ILLEGAL (a pure clause that is not an ExecuteAs alias: (Illegal_Instruction ()))
  cpp__op_525                              REFUSED  no certified pure form for ILLEGAL (a pure clause that is not an ExecuteAs alias: (Illegal_Instruction ()))
  cpp__op_537                              REFUSED  no certified pure form for ILLEGAL (a pure clause that is not an ExecuteAs alias: (Illegal_Instruction ()))
  cpp__op_549                              REFUSED  no certified pure form for ILLEGAL (a pure clause that is not an ExecuteAs alias: (Illegal_Instruction ()))
  cpp__op_553                              REFUSED  no certified pure form for ILLEGAL (a pure clause that is not an ExecuteAs alias: (Illegal_Instruction ()))
  cpp__op_557                              REFUSED  no certified pure form for ILLEGAL (a pure clause that is not an ExecuteAs alias: (Illegal_Instruction ()))
  cpp__op_561                              REFUSED  no certified pure form for ILLEGAL (a pure clause that is not an ExecuteAs alias: (Illegal_Instruction ()))
  cpp__op_573                              REFUSED  no certified pure form for ILLEGAL (a pure clause that is not an ExecuteAs alias: (Illegal_Instruction ()))
  cpp__op_585                              REFUSED  no certified pure form for ILLEGAL (a pure clause that is not an ExecuteAs alias: (Illegal_Instruction ()))
  cpp__op_589                              REFUSED  no certified pure form for ILLEGAL (a pure clause that is not an ExecuteAs alias: (Illegal_Instruction ()))
  cpp__op_593                              REFUSED  no certified pure form for ILLEGAL (a pure clause that is not an ExecuteAs alias: (Illegal_Instruction ()))
  cpp__op_597                              REFUSED  no certified pure form for ILLEGAL (a pure clause that is not an ExecuteAs alias: (Illegal_Instruction ()))
  cpp__op_609                              REFUSED  no certified pure form for ILLEGAL (a pure clause that is not an ExecuteAs alias: (Illegal_Instruction ()))
  cpp__op_621                              REFUSED  no certified pure form for ILLEGAL (a pure clause that is not an ExecuteAs alias: (Illegal_Instruction ()))
  cpp__op_625                              REFUSED  no certified pure form for ILLEGAL (a pure clause that is not an ExecuteAs alias: (Illegal_Instruction ()))
  cpp__op_629                              REFUSED  no certified pure form for ILLEGAL (a pure clause that is not an ExecuteAs alias: (Illegal_Instruction ()))
  cpp__op_633                              REFUSED  no certified pure form for ILLEGAL (a pure clause that is not an ExecuteAs alias: (Illegal_Instruction ()))
  cpp__op_645                              REFUSED  no certified pure form for ILLEGAL (a pure clause that is not an ExecuteAs alias: (Illegal_Instruction ()))
  cpp__op_657                              REFUSED  no certified pure form for ILLEGAL (a pure clause that is not an ExecuteAs alias: (Illegal_Instruction ()))
  cpp__op_661                              REFUSED  no certified pure form for ILLEGAL (a pure clause that is not an ExecuteAs alias: (Illegal_Instruction ()))
  cpp__op_665                              REFUSED  no certified pure form for ILLEGAL (a pure clause that is not an ExecuteAs alias: (Illegal_Instruction ()))
  cpp__op_669                              REFUSED  no certified pure form for ILLEGAL (a pure clause that is not an ExecuteAs alias: (Illegal_Instruction ()))
  cpp__op_681                              REFUSED  compile rc=1: 1 warning and 1 error generated.
  cpp__op_693                              REFUSED  compile rc=1: 1 warning and 1 error generated.
  cpp__op_697                              REFUSED  compile rc=1: 1 warning and 1 error generated.
  cpp__op_701                              REFUSED  compile rc=1: 1 warning and 1 error generated.
  cpp__op_705                              REFUSED  compile rc=1: 1 warning and 1 error generated.
  cpp__op_717                              REFUSED  compile rc=1: 1 warning and 1 error generated.
  cpp__op_729                              REFUSED  compile rc=1: 1 warning and 1 error generated.
  cpp__op_733                              REFUSED  compile rc=1: 1 warning and 1 error generated.
  cpp__op_737                              REFUSED  compile rc=1: 1 warning and 1 error generated.
  cpp__op_741                              REFUSED  compile rc=1: 1 warning and 1 error generated.
  cpp__op_753                              REFUSED  no certified pure form for ILLEGAL (a pure clause that is not an ExecuteAs alias: (Illegal_Instruction ()))
  cpp__op_757                              REFUSED  register of read rsd not resolved
  cpp__op_761                              REFUSED  compile rc=1: 1 warning and 1 error generated.
  cpp__op_765                              REFUSED  no certified pure form for ILLEGAL (a pure clause that is not an ExecuteAs alias: (Illegal_Instruction ()))
  cpp__op_769                              REFUSED  no certified pure form for ILLEGAL (a pure clause that is not an ExecuteAs alias: (Illegal_Instruction ()))
  cpp__op_773                              REFUSED  compile rc=1: 1 warning and 1 error generated.
  cpp__op_777                              REFUSED  no certified pure form for ILLEGAL (a pure clause that is not an ExecuteAs alias: (Illegal_Instruction ()))
  cpp__op_781                              REFUSED  compile rc=1: 1 warning and 1 error generated.
  cpp__op_785                              REFUSED  no certified pure form for ZICOND_RTYPE (an element the rule does not know: let condition ← (( do)
  cpp__op_789                              REFUSED  no certified pure form for ILLEGAL (a pure clause that is not an ExecuteAs alias: (Illegal_Instruction ()))
  cpp__op_801                              REFUSED  no certified pure form for ILLEGAL (a pure clause that is not an ExecuteAs alias: (Illegal_Instruction ()))
  cpp__op_805                              REFUSED  no certified pure form for ILLEGAL (a pure clause that is not an ExecuteAs alias: (Illegal_Instruction ()))
  cpp__op_809                              REFUSED  no certified pure form for ILLEGAL (a pure clause that is not an ExecuteAs alias: (Illegal_Instruction ()))
  cpp__op_813                              REFUSED  no certified pure form for ILLEGAL (a pure clause that is not an ExecuteAs alias: (Illegal_Instruction ()))
  cpp__op_825                              REFUSED  no certified pure form for ILLEGAL (a pure clause that is not an ExecuteAs alias: (Illegal_Instruction ()))
  cpp__op_837                              REFUSED  no certified pure form for ILLEGAL (a pure clause that is not an ExecuteAs alias: (Illegal_Instruction ()))
  cpp__op_841                              REFUSED  no certified pure form for ILLEGAL (a pure clause that is not an ExecuteAs alias: (Illegal_Instruction ()))
  cpp__op_845                              REFUSED  no certified pure form for ILLEGAL (a pure clause that is not an ExecuteAs alias: (Illegal_Instruction ()))
  cpp__op_849                              REFUSED  no certified pure form for ILLEGAL (a pure clause that is not an ExecuteAs alias: (Illegal_Instruction ()))
  cpp__op_861                              REFUSED  compile rc=1: 1 warning and 1 error generated.
  cpp__op_873                              REFUSED  compile rc=1: 1 warning and 1 error generated.
  cpp__op_877                              REFUSED  compile rc=1: 1 warning and 1 error generated.
  cpp__op_881                              REFUSED  compile rc=1: 1 warning and 1 error generated.
  cpp__op_885                              REFUSED  compile rc=1: 1 warning and 1 error generated.
  cpp__op_897                              REFUSED  compile rc=1: 1 warning and 1 error generated.
  cpp__op_909                              REFUSED  compile rc=1: 1 warning and 1 error generated.
  cpp__op_913                              REFUSED  compile rc=1: 1 warning and 1 error generated.
  cpp__op_917                              REFUSED  compile rc=1: 1 warning and 1 error generated.
  cpp__op_921                              REFUSED  compile rc=1: 1 warning and 1 error generated.
  cpp__op_933                              REFUSED  compile rc=1: 1 warning and 1 error generated.
  cpp__op_945                              REFUSED  compile rc=1: 1 warning and 1 error generated.
  cpp__op_949                              REFUSED  compile rc=1: 1 warning and 1 error generated.
  cpp__op_953                              REFUSED  compile rc=1: 1 warning and 1 error generated.
  cpp__op_957                              REFUSED  compile rc=1: 1 warning and 1 error generated.
  cpp__op_969                              REFUSED  no certified pure form for ILLEGAL (a pure clause that is not an ExecuteAs alias: (Illegal_Instruction ()))
  cpp__op_981                              REFUSED  no certified pure form for ILLEGAL (a pure clause that is not an ExecuteAs alias: (Illegal_Instruction ()))
  cpp__op_985                              REFUSED  no certified pure form for ILLEGAL (a pure clause that is not an ExecuteAs alias: (Illegal_Instruction ()))
  cpp__op_989                              REFUSED  no certified pure form for ILLEGAL (a pure clause that is not an ExecuteAs alias: (Illegal_Instruction ()))
  cpp__op_993                              REFUSED  no certified pure form for ILLEGAL (a pure clause that is not an ExecuteAs alias: (Illegal_Instruction ()))
  cpp__op_1                                CERTIFIED   21.8s  (pure_ITYPE (a) (0x001#12) (LeanIM.iop.SLTIU))
  cpp__op_5                                CERTIFIED   25.4s  (pure_ITYPE (a) (0x001#12) (LeanIM.iop.XORI))
  cpp__op_13                               CERTIFIED   26.6s  (pure_RTYPE (zero_reg) (a) (LeanIM.rop.SUB))
  cpp__op_17                               CERTIFIED   26.8s  (pure_RTYPE (zero_reg) (a) (LeanIM.rop.SUB))
  cpp__op_21                               CERTIFIED   19.5s  a
  cpp__op_25                               CERTIFIED   16.0s  (pure_ITYPE (a) (0x001#12) (LeanIM.iop.SLTIU))
  cpp__op_29                               CERTIFIED   16.1s  (pure_ITYPE (a) (0x001#12) (LeanIM.iop.XORI))
  cpp__op_49                               CERTIFIED   16.2s  (pure_ITYPE (a) (((sign_extend (m := 12) (0x01#6)))) (ADDI))
  cpp__op_61                               CERTIFIED   16.1s  (pure_ITYPE (zero_reg) (((sign_extend (m := 12) (0x08#6)))) (ADDI))
  cpp__op_65                               CERTIFIED   16.3s  (pure_ITYPE (zero_reg) (((sign_extend (m := 12) (0x01#6)))) (ADDI))
  cpp__op_85                               CERTIFIED   16.3s  a
  cpp__op_93                               CERTIFIED   16.2s  a
  cpp__op_109                              CERTIFIED   16.6s  (pure_RTYPE (a) (b) (ADD))
  cpp__op_113                              CERTIFIED   16.2s  (pure_RTYPE (a) (b) (ADD))
  cpp__op_133                              CERTIFIED   16.3s  (pure_RTYPE (a) (b) (ADD))
  cpp__op_137                              CERTIFIED   16.4s  (pure_RTYPE (a) (b) (ADD))
  cpp__op_145                              CERTIFIED   16.1s  (pure_RTYPE (a) (b) (SUB))
  cpp__op_149                              CERTIFIED   16.2s  (pure_RTYPE (a) (b) (SUB))
  cpp__op_169                              CERTIFIED   16.2s  (pure_RTYPE (a) (b) (SUB))
  cpp__op_173                              CERTIFIED   16.2s  (pure_RTYPE (a) (b) (SUB))
  cpp__op_181                              CERTIFIED   16.2s  (pure_MUL (a) (b) ({ result_part := Low, signed_rs1 := Signed, signed_rs2 := Signed }))
  cpp__op_209                              CERTIFIED   16.4s  (pure_RTYPE (a) (b) (AND))
  cpp__op_217                              CERTIFIED   16.2s  (pure_DIV (a) (b) (false))
  cpp__op_221                              CERTIFIED   16.2s  a
  cpp__op_241                              CERTIFIED   16.3s  (pure_DIV (a) (b) (false))
  cpp__op_245                              CERTIFIED   16.1s  a
  cpp__op_253                              CERTIFIED   16.1s  (pure_REM (a) (b) (false))
  cpp__op_257                              CERTIFIED   16.0s  (pure_ITYPE (zero_reg) (((sign_extend (m := 12) (0x00#6)))) (ADDI))
  cpp__op_277                              CERTIFIED   16.2s  (pure_REM (a) (b) (false))
  cpp__op_281                              CERTIFIED   16.3s  (pure_ITYPE (zero_reg) (((sign_extend (m := 12) (0x00#6)))) (ADDI))
  cpp__op_289                              CERTIFIED   16.4s  (pure_RTYPE (zero_reg) ((pure_RTYPE (a) (b) (OR))) (LeanIM.rop.SLTU))
  cpp__op_293                              CERTIFIED   16.5s  (pure_RTYPE ((pure_RTYPE (zero_reg) (a) (LeanIM.rop.SLTU))) (b) (OR))
  cpp__op_313                              CERTIFIED   16.5s  (pure_RTYPE (a) ((pure_RTYPE (zero_reg) (b) (LeanIM.rop.SLTU))) (OR))
  cpp__op_317                              CERTIFIED   16.3s  (pure_RTYPE (a) (b) (OR))
  cpp__op_325                              CERTIFIED   16.5s  (pure_RTYPE ((pure_RTYPE (zero_reg) (a) (LeanIM.rop.SLTU))) ((pure_RTYPE (zero_reg) (b) (L
  cpp__op_329                              CERTIFIED   16.4s  (pure_RTYPE ((pure_RTYPE (zero_reg) (a) (LeanIM.rop.SLTU))) (b) (AND))
  cpp__op_349                              CERTIFIED   16.3s  (pure_RTYPE (a) ((pure_RTYPE (zero_reg) (b) (LeanIM.rop.SLTU))) (AND))
  cpp__op_353                              CERTIFIED   16.2s  (pure_RTYPE (a) (b) (AND))
  cpp__op_361                              CERTIFIED   16.2s  (pure_RTYPE (a) (b) (OR))
  cpp__op_365                              CERTIFIED   16.4s  (pure_RTYPE (a) (b) (OR))
  cpp__op_385                              CERTIFIED   16.3s  (pure_RTYPE (a) (b) (OR))
  cpp__op_389                              CERTIFIED   16.4s  (pure_RTYPE (a) (b) (OR))
  cpp__op_397                              CERTIFIED   16.3s  (pure_RTYPE (a) (b) (XOR))
  cpp__op_401                              CERTIFIED   16.4s  (pure_RTYPE (a) (b) (XOR))
  cpp__op_421                              CERTIFIED   16.3s  (pure_RTYPE (a) (b) (XOR))
  cpp__op_425                              CERTIFIED   16.3s  (pure_RTYPE (a) (b) (XOR))
  cpp__op_433                              CERTIFIED   16.4s  (pure_RTYPE (a) (b) (AND))
  cpp__op_437                              CERTIFIED   16.1s  (pure_RTYPE (a) (b) (AND))
  cpp__op_457                              CERTIFIED   16.3s  (pure_RTYPE (a) (b) (AND))
  cpp__op_461                              CERTIFIED   16.4s  (pure_RTYPE (a) (b) (AND))
  cpp__op_469                              CERTIFIED   16.6s  (pure_ITYPE ((pure_RTYPE (a) (b) (XOR))) (0x001#12) (LeanIM.iop.SLTIU))
  cpp__op_473                              CERTIFIED   16.3s  (pure_ITYPE ((pure_RTYPE (a) (b) (XOR))) (0x001#12) (LeanIM.iop.SLTIU))
  cpp__op_493                              CERTIFIED   16.3s  (pure_ITYPE ((pure_RTYPE (a) (b) (XOR))) (0x001#12) (LeanIM.iop.SLTIU))
  cpp__op_497                              CERTIFIED   16.2s  (pure_ITYPE ((pure_RTYPE (a) (b) (XOR))) (0x001#12) (LeanIM.iop.XORI))
  cpp__op_505                              CERTIFIED   16.5s  (pure_RTYPE (zero_reg) ((pure_RTYPE (a) (b) (XOR))) (LeanIM.rop.SLTU))
  cpp__op_509                              CERTIFIED   16.5s  (pure_RTYPE (zero_reg) ((pure_RTYPE (a) (b) (XOR))) (LeanIM.rop.SLTU))
  cpp__op_529                              CERTIFIED   16.4s  (pure_RTYPE (zero_reg) ((pure_RTYPE (a) (b) (XOR))) (LeanIM.rop.SLTU))
  cpp__op_533                              CERTIFIED   16.2s  (pure_RTYPE (a) (b) (XOR))
  cpp__op_541                              CERTIFIED   16.3s  (pure_RTYPE (b) (a) (LeanIM.rop.SLT))
  cpp__op_545                              CERTIFIED   16.4s  (pure_RTYPE (b) (a) (LeanIM.rop.SLT))
  cpp__op_565                              CERTIFIED   16.3s  (pure_RTYPE (b) (a) (LeanIM.rop.SLT))
  cpp__op_569                              CERTIFIED   16.5s  (pure_RTYPE (a) ((pure_ITYPE (b) (0x001#12) (LeanIM.iop.XORI))) (AND))
  cpp__op_577                              CERTIFIED   16.4s  (pure_ITYPE ((pure_RTYPE (a) (b) (LeanIM.rop.SLT))) (0x001#12) (LeanIM.iop.XORI))
  cpp__op_581                              CERTIFIED   16.4s  (pure_ITYPE ((pure_RTYPE (a) (b) (LeanIM.rop.SLT))) (0x001#12) (LeanIM.iop.XORI))
  cpp__op_601                              CERTIFIED   16.4s  (pure_ITYPE ((pure_RTYPE (a) (b) (LeanIM.rop.SLT))) (0x001#12) (LeanIM.iop.XORI))
  cpp__op_605                              CERTIFIED   16.4s  (pure_RTYPE (a) ((pure_ITYPE (b) (0x001#12) (LeanIM.iop.XORI))) (OR))
  cpp__op_613                              CERTIFIED   16.3s  (pure_ITYPE ((pure_RTYPE (b) (a) (LeanIM.rop.SLT))) (0x001#12) (LeanIM.iop.XORI))
  cpp__op_617                              CERTIFIED   16.5s  (pure_ITYPE ((pure_RTYPE (b) (a) (LeanIM.rop.SLT))) (0x001#12) (LeanIM.iop.XORI))
  cpp__op_637                              CERTIFIED   16.9s  (pure_ITYPE ((pure_RTYPE (b) (a) (LeanIM.rop.SLT))) (0x001#12) (LeanIM.iop.XORI))
  cpp__op_641                              CERTIFIED   16.7s  (pure_RTYPE ((pure_ITYPE (a) (0x001#12) (LeanIM.iop.XORI))) (b) (OR))
  cpp__op_649                              CERTIFIED   16.6s  (pure_RTYPE (a) (b) (LeanIM.rop.SLT))
  cpp__op_653                              CERTIFIED   16.3s  (pure_RTYPE (a) (b) (LeanIM.rop.SLT))
  cpp__op_673                              CERTIFIED   16.3s  (pure_RTYPE (a) (b) (LeanIM.rop.SLT))
  cpp__op_677                              CERTIFIED   16.5s  (pure_RTYPE ((pure_ITYPE (a) (0x001#12) (LeanIM.iop.XORI))) (b) (AND))
  cpp__op_685                              CERTIFIED   16.4s  (pure_RTYPE (a) (b) (LeanIM.rop.SLL))
  cpp__op_689                              CERTIFIED   16.4s  (pure_RTYPE (a) (b) (LeanIM.rop.SLL))
  cpp__op_709                              CERTIFIED   16.2s  (pure_RTYPEW (a) (b) (LeanIM.ropw.SLLW))
  cpp__op_713                              CERTIFIED   16.2s  (pure_RTYPEW (a) (b) (LeanIM.ropw.SLLW))
  cpp__op_721                              CERTIFIED   16.4s  (pure_RTYPE (a) (b) (LeanIM.rop.SRA))
  cpp__op_725                              CERTIFIED   16.1s  (pure_RTYPE (a) (b) (LeanIM.rop.SRA))
  cpp__op_745                              CERTIFIED   16.1s  (pure_RTYPEW (a) (b) (LeanIM.ropw.SRLW))
  cpp__op_749                              CERTIFIED   16.4s  (pure_RTYPEW (a) (b) (LeanIM.ropw.SRLW))
  cpp__op_793                              CERTIFIED   16.7s  (pure_RTYPE (zero_reg) ((pure_RTYPE (a) (b) (OR))) (LeanIM.rop.SLTU))
  cpp__op_797                              CERTIFIED   16.4s  (pure_RTYPE ((pure_RTYPE (zero_reg) (a) (LeanIM.rop.SLTU))) (b) (OR))
  cpp__op_817                              CERTIFIED   16.6s  (pure_RTYPE (a) ((pure_RTYPE (zero_reg) (b) (LeanIM.rop.SLTU))) (OR))
  cpp__op_821                              CERTIFIED   16.3s  (pure_RTYPE (a) (b) (OR))
  cpp__op_829                              CERTIFIED   16.5s  (pure_RTYPE ((pure_RTYPE (zero_reg) (a) (LeanIM.rop.SLTU))) ((pure_RTYPE (zero_reg) (b) (L
  cpp__op_833                              CERTIFIED   16.3s  (pure_RTYPE ((pure_RTYPE (zero_reg) (a) (LeanIM.rop.SLTU))) (b) (AND))
  cpp__op_853                              CERTIFIED   16.5s  (pure_RTYPE (a) ((pure_RTYPE (zero_reg) (b) (LeanIM.rop.SLTU))) (AND))
  cpp__op_857                              CERTIFIED   16.5s  (pure_RTYPE (a) (b) (AND))
  cpp__op_865                              CERTIFIED   16.4s  (pure_RTYPE (a) (b) (OR))
  cpp__op_869                              CERTIFIED   16.6s  (pure_RTYPE (a) (b) (OR))
  cpp__op_889                              CERTIFIED   16.3s  (pure_RTYPE (a) (b) (OR))
  cpp__op_893                              CERTIFIED   16.2s  (pure_RTYPE (a) (b) (OR))
  cpp__op_901                              CERTIFIED   16.6s  (pure_RTYPE (a) (b) (XOR))
  cpp__op_905                              CERTIFIED   16.6s  (pure_RTYPE (a) (b) (XOR))
  cpp__op_925                              CERTIFIED   16.6s  (pure_RTYPE (a) (b) (XOR))
  cpp__op_929                              CERTIFIED   16.4s  (pure_RTYPE (a) (b) (XOR))
  cpp__op_937                              CERTIFIED   16.1s  (pure_RTYPE (a) (b) (AND))
  cpp__op_941                              CERTIFIED   16.5s  (pure_RTYPE (a) (b) (AND))
  cpp__op_961                              CERTIFIED   16.0s  (pure_RTYPE (a) (b) (AND))
  cpp__op_965                              CERTIFIED   15.5s  (pure_RTYPE (a) (b) (AND))
  cpp__op_973                              CERTIFIED   15.6s  (pure_RTYPE (zero_reg) ((pure_RTYPE (a) (b) (XOR))) (LeanIM.rop.SLTU))
  cpp__op_977                              CERTIFIED   15.7s  (pure_RTYPE (zero_reg) ((pure_RTYPE (a) (b) (XOR))) (LeanIM.rop.SLTU))
  cpp__op_997                              CERTIFIED   15.4s  (pure_RTYPE (zero_reg) ((pure_RTYPE (a) (b) (XOR))) (LeanIM.rop.SLTU))
  cpp__op_1001                             CERTIFIED   15.7s  (pure_RTYPE (a) (b) (XOR))
  walk: certified 106, failed 0, refused 145, of 251
