  proof lib LeanIM; executable lib LeanIMPrExecutable; decoder state: s0
  emitted definitions scanned: 4750; lean-sail definitions indexed: 149
  decode: 91 words, lean rc=0, 33.4s
  register expressions evaluated: 5 of 7 (3.9s)
  certifying with 1 Lean job(s) at a time
  cpp__op_3                                REFUSED  no certified pure form for ILLEGAL (a pure clause that is not an ExecuteAs alias: (Illegal_Instruction ()))
  cpp__op_7                                REFUSED  register of read r not resolved
  cpp__op_11                               REFUSED  register of read r not resolved
  cpp__op_15                               REFUSED  no certified pure form for ILLEGAL (a pure clause that is not an ExecuteAs alias: (Illegal_Instruction ()))
  cpp__op_27                               REFUSED  no certified pure form for ILLEGAL (a pure clause that is not an ExecuteAs alias: (Illegal_Instruction ()))
  cpp__op_31                               REFUSED  register of read r not resolved
  cpp__op_35                               REFUSED  register of read r not resolved
  cpp__op_39                               REFUSED  compile rc=1: 1 warning and 1 error generated.
  cpp__op_43                               REFUSED  reads x2, outside the ABI arguments
  cpp__op_47                               REFUSED  reads x2, outside the ABI arguments
  cpp__op_51                               REFUSED  no certified pure form for ILLEGAL (a pure clause that is not an ExecuteAs alias: (Illegal_Instruction ()))
  cpp__op_59                               REFUSED  compile rc=1: 1 warning and 1 error generated.
  cpp__op_67                               REFUSED  compile rc=1: 1 warning and 1 error generated.
  cpp__op_71                               REFUSED  compile rc=1: 1 warning and 1 error generated.
  cpp__op_75                               REFUSED  compile rc=1: 1 warning and 1 error generated.
  cpp__op_79                               REFUSED  compile rc=1: 1 warning and 1 error generated.
  cpp__op_83                               REFUSED  compile rc=1: 1 warning and 1 error generated.
  cpp__op_95                               REFUSED  compile rc=1: 1 warning and 1 error generated.
  cpp__op_99                               REFUSED  compile rc=1: 1 warning and 1 error generated.
  cpp__op_111                              REFUSED  no certified pure form for ILLEGAL (a pure clause that is not an ExecuteAs alias: (Illegal_Instruction ()))
  cpp__op_123                              REFUSED  no certified pure form for ILLEGAL (a pure clause that is not an ExecuteAs alias: (Illegal_Instruction ()))
  cpp__op_127                              REFUSED  no certified pure form for ILLEGAL (a pure clause that is not an ExecuteAs alias: (Illegal_Instruction ()))
  cpp__op_131                              REFUSED  no certified pure form for ILLEGAL (a pure clause that is not an ExecuteAs alias: (Illegal_Instruction ()))
  cpp__op_135                              REFUSED  no certified pure form for ILLEGAL (a pure clause that is not an ExecuteAs alias: (Illegal_Instruction ()))
  cpp__op_147                              REFUSED  no certified pure form for ILLEGAL (a pure clause that is not an ExecuteAs alias: (Illegal_Instruction ()))
  cpp__op_159                              REFUSED  no certified pure form for ILLEGAL (a pure clause that is not an ExecuteAs alias: (Illegal_Instruction ()))
  cpp__op_163                              REFUSED  no certified pure form for ILLEGAL (a pure clause that is not an ExecuteAs alias: (Illegal_Instruction ()))
  cpp__op_167                              REFUSED  no certified pure form for ILLEGAL (a pure clause that is not an ExecuteAs alias: (Illegal_Instruction ()))
  cpp__op_171                              REFUSED  no certified pure form for ILLEGAL (a pure clause that is not an ExecuteAs alias: (Illegal_Instruction ()))
  cpp__op_179                              REFUSED  no certified pure form for ZICOND_RTYPE (an element the rule does not know: let condition ← (( do)
  cpp__op_183                              REFUSED  no certified pure form for ILLEGAL (a pure clause that is not an ExecuteAs alias: (Illegal_Instruction ()))
  cpp__op_191                              REFUSED  no certified pure form for ZICOND_RTYPE (an element the rule does not know: let condition ← (( do)
  cpp__op_195                              REFUSED  no certified pure form for ILLEGAL (a pure clause that is not an ExecuteAs alias: (Illegal_Instruction ()))
  cpp__op_199                              REFUSED  no certified pure form for ILLEGAL (a pure clause that is not an ExecuteAs alias: (Illegal_Instruction ()))
  cpp__op_203                              REFUSED  no certified pure form for ILLEGAL (a pure clause that is not an ExecuteAs alias: (Illegal_Instruction ()))
  cpp__op_207                              REFUSED  no certified pure form for ILLEGAL (a pure clause that is not an ExecuteAs alias: (Illegal_Instruction ()))
  cpp__op_219                              REFUSED  no certified pure form for ILLEGAL (a pure clause that is not an ExecuteAs alias: (Illegal_Instruction ()))
  cpp__op_231                              REFUSED  no certified pure form for ILLEGAL (a pure clause that is not an ExecuteAs alias: (Illegal_Instruction ()))
  cpp__op_235                              REFUSED  no certified pure form for ILLEGAL (a pure clause that is not an ExecuteAs alias: (Illegal_Instruction ()))
  cpp__op_239                              REFUSED  no certified pure form for ILLEGAL (a pure clause that is not an ExecuteAs alias: (Illegal_Instruction ()))
  cpp__op_243                              REFUSED  no certified pure form for ILLEGAL (a pure clause that is not an ExecuteAs alias: (Illegal_Instruction ()))
  cpp__op_255                              REFUSED  compile rc=1: 1 warning and 1 error generated.
  cpp__op_267                              REFUSED  compile rc=1: 1 warning and 1 error generated.
  cpp__op_271                              REFUSED  compile rc=1: 1 warning and 1 error generated.
  cpp__op_275                              REFUSED  compile rc=1: 1 warning and 1 error generated.
  cpp__op_279                              REFUSED  compile rc=1: 1 warning and 1 error generated.
  cpp__op_291                              REFUSED  no certified pure form for ILLEGAL (a pure clause that is not an ExecuteAs alias: (Illegal_Instruction ()))
  cpp__op_303                              REFUSED  no certified pure form for ILLEGAL (a pure clause that is not an ExecuteAs alias: (Illegal_Instruction ()))
  cpp__op_307                              REFUSED  no certified pure form for ILLEGAL (a pure clause that is not an ExecuteAs alias: (Illegal_Instruction ()))
  cpp__op_311                              REFUSED  no certified pure form for ILLEGAL (a pure clause that is not an ExecuteAs alias: (Illegal_Instruction ()))
  cpp__op_315                              REFUSED  no certified pure form for ILLEGAL (a pure clause that is not an ExecuteAs alias: (Illegal_Instruction ()))
  cpp__op_327                              REFUSED  no certified pure form for ILLEGAL (a pure clause that is not an ExecuteAs alias: (Illegal_Instruction ()))
  cpp__op_339                              REFUSED  no certified pure form for ILLEGAL (a pure clause that is not an ExecuteAs alias: (Illegal_Instruction ()))
  cpp__op_343                              REFUSED  no certified pure form for ILLEGAL (a pure clause that is not an ExecuteAs alias: (Illegal_Instruction ()))
  cpp__op_347                              REFUSED  no certified pure form for ILLEGAL (a pure clause that is not an ExecuteAs alias: (Illegal_Instruction ()))
  cpp__op_351                              REFUSED  no certified pure form for ILLEGAL (a pure clause that is not an ExecuteAs alias: (Illegal_Instruction ()))
  cpp__op_363                              REFUSED  compile rc=1: 1 warning and 1 error generated.
  cpp__op_375                              REFUSED  compile rc=1: 1 warning and 1 error generated.
  cpp__op_379                              REFUSED  compile rc=1: 1 warning and 1 error generated.
  cpp__op_383                              REFUSED  compile rc=1: 1 warning and 1 error generated.
  cpp__op_387                              REFUSED  compile rc=1: 1 warning and 1 error generated.
  cpp__op_399                              REFUSED  compile rc=1: 1 warning and 1 error generated.
  cpp__op_411                              REFUSED  compile rc=1: 1 warning and 1 error generated.
  cpp__op_415                              REFUSED  compile rc=1: 1 warning and 1 error generated.
  cpp__op_419                              REFUSED  compile rc=1: 1 warning and 1 error generated.
  cpp__op_423                              REFUSED  compile rc=1: 1 warning and 1 error generated.
  cpp__op_435                              REFUSED  compile rc=1: 1 warning and 1 error generated.
  cpp__op_447                              REFUSED  compile rc=1: 1 warning and 1 error generated.
  cpp__op_451                              REFUSED  compile rc=1: 1 warning and 1 error generated.
  cpp__op_455                              REFUSED  compile rc=1: 1 warning and 1 error generated.
  cpp__op_459                              REFUSED  compile rc=1: 1 warning and 1 error generated.
  cpp__op_471                              REFUSED  no certified pure form for ILLEGAL (a pure clause that is not an ExecuteAs alias: (Illegal_Instruction ()))
  cpp__op_483                              REFUSED  no certified pure form for ILLEGAL (a pure clause that is not an ExecuteAs alias: (Illegal_Instruction ()))
  cpp__op_487                              REFUSED  no certified pure form for ILLEGAL (a pure clause that is not an ExecuteAs alias: (Illegal_Instruction ()))
  cpp__op_491                              REFUSED  no certified pure form for ILLEGAL (a pure clause that is not an ExecuteAs alias: (Illegal_Instruction ()))
  cpp__op_495                              REFUSED  no certified pure form for ILLEGAL (a pure clause that is not an ExecuteAs alias: (Illegal_Instruction ()))
  cpp__op_507                              REFUSED  no certified pure form for ILLEGAL (a pure clause that is not an ExecuteAs alias: (Illegal_Instruction ()))
  cpp__op_519                              REFUSED  no certified pure form for ILLEGAL (a pure clause that is not an ExecuteAs alias: (Illegal_Instruction ()))
  cpp__op_523                              REFUSED  no certified pure form for ILLEGAL (a pure clause that is not an ExecuteAs alias: (Illegal_Instruction ()))
  cpp__op_527                              REFUSED  no certified pure form for ILLEGAL (a pure clause that is not an ExecuteAs alias: (Illegal_Instruction ()))
  cpp__op_531                              REFUSED  no certified pure form for ILLEGAL (a pure clause that is not an ExecuteAs alias: (Illegal_Instruction ()))
  cpp__op_543                              REFUSED  no certified pure form for ILLEGAL (a pure clause that is not an ExecuteAs alias: (Illegal_Instruction ()))
  cpp__op_555                              REFUSED  no certified pure form for ILLEGAL (a pure clause that is not an ExecuteAs alias: (Illegal_Instruction ()))
  cpp__op_559                              REFUSED  no certified pure form for ILLEGAL (a pure clause that is not an ExecuteAs alias: (Illegal_Instruction ()))
  cpp__op_563                              REFUSED  no certified pure form for ILLEGAL (a pure clause that is not an ExecuteAs alias: (Illegal_Instruction ()))
  cpp__op_567                              REFUSED  no certified pure form for ILLEGAL (a pure clause that is not an ExecuteAs alias: (Illegal_Instruction ()))
  cpp__op_579                              REFUSED  no certified pure form for ILLEGAL (a pure clause that is not an ExecuteAs alias: (Illegal_Instruction ()))
  cpp__op_591                              REFUSED  no certified pure form for ILLEGAL (a pure clause that is not an ExecuteAs alias: (Illegal_Instruction ()))
  cpp__op_595                              REFUSED  no certified pure form for ILLEGAL (a pure clause that is not an ExecuteAs alias: (Illegal_Instruction ()))
  cpp__op_599                              REFUSED  no certified pure form for ILLEGAL (a pure clause that is not an ExecuteAs alias: (Illegal_Instruction ()))
  cpp__op_603                              REFUSED  no certified pure form for ILLEGAL (a pure clause that is not an ExecuteAs alias: (Illegal_Instruction ()))
  cpp__op_615                              REFUSED  no certified pure form for ILLEGAL (a pure clause that is not an ExecuteAs alias: (Illegal_Instruction ()))
  cpp__op_627                              REFUSED  no certified pure form for ILLEGAL (a pure clause that is not an ExecuteAs alias: (Illegal_Instruction ()))
  cpp__op_631                              REFUSED  no certified pure form for ILLEGAL (a pure clause that is not an ExecuteAs alias: (Illegal_Instruction ()))
  cpp__op_635                              REFUSED  no certified pure form for ILLEGAL (a pure clause that is not an ExecuteAs alias: (Illegal_Instruction ()))
  cpp__op_639                              REFUSED  no certified pure form for ILLEGAL (a pure clause that is not an ExecuteAs alias: (Illegal_Instruction ()))
  cpp__op_651                              REFUSED  no certified pure form for ILLEGAL (a pure clause that is not an ExecuteAs alias: (Illegal_Instruction ()))
  cpp__op_663                              REFUSED  no certified pure form for ILLEGAL (a pure clause that is not an ExecuteAs alias: (Illegal_Instruction ()))
  cpp__op_667                              REFUSED  no certified pure form for ILLEGAL (a pure clause that is not an ExecuteAs alias: (Illegal_Instruction ()))
  cpp__op_671                              REFUSED  no certified pure form for ILLEGAL (a pure clause that is not an ExecuteAs alias: (Illegal_Instruction ()))
  cpp__op_675                              REFUSED  no certified pure form for ILLEGAL (a pure clause that is not an ExecuteAs alias: (Illegal_Instruction ()))
  cpp__op_687                              REFUSED  compile rc=1: 1 warning and 1 error generated.
  cpp__op_699                              REFUSED  compile rc=1: 1 warning and 1 error generated.
  cpp__op_703                              REFUSED  compile rc=1: 1 warning and 1 error generated.
  cpp__op_707                              REFUSED  compile rc=1: 1 warning and 1 error generated.
  cpp__op_711                              REFUSED  compile rc=1: 1 warning and 1 error generated.
  cpp__op_723                              REFUSED  compile rc=1: 1 warning and 1 error generated.
  cpp__op_735                              REFUSED  compile rc=1: 1 warning and 1 error generated.
  cpp__op_739                              REFUSED  compile rc=1: 1 warning and 1 error generated.
  cpp__op_743                              REFUSED  compile rc=1: 1 warning and 1 error generated.
  cpp__op_747                              REFUSED  compile rc=1: 1 warning and 1 error generated.
  cpp__op_751                              REFUSED  register of read rsd not resolved
  cpp__op_755                              REFUSED  compile rc=1: 1 warning and 1 error generated.
  cpp__op_759                              REFUSED  no certified pure form for ILLEGAL (a pure clause that is not an ExecuteAs alias: (Illegal_Instruction ()))
  cpp__op_763                              REFUSED  compile rc=1: 1 warning and 1 error generated.
  cpp__op_767                              REFUSED  compile rc=1: 1 warning and 1 error generated.
  cpp__op_771                              REFUSED  no certified pure form for ILLEGAL (a pure clause that is not an ExecuteAs alias: (Illegal_Instruction ()))
  cpp__op_775                              REFUSED  no certified pure form for ILLEGAL (a pure clause that is not an ExecuteAs alias: (Illegal_Instruction ()))
  cpp__op_779                              REFUSED  compile rc=1: 1 warning and 1 error generated.
  cpp__op_783                              REFUSED  compile rc=1: 1 warning and 1 error generated.
  cpp__op_795                              REFUSED  no certified pure form for ILLEGAL (a pure clause that is not an ExecuteAs alias: (Illegal_Instruction ()))
  cpp__op_807                              REFUSED  no certified pure form for ILLEGAL (a pure clause that is not an ExecuteAs alias: (Illegal_Instruction ()))
  cpp__op_811                              REFUSED  no certified pure form for ILLEGAL (a pure clause that is not an ExecuteAs alias: (Illegal_Instruction ()))
  cpp__op_815                              REFUSED  no certified pure form for ILLEGAL (a pure clause that is not an ExecuteAs alias: (Illegal_Instruction ()))
  cpp__op_819                              REFUSED  no certified pure form for ILLEGAL (a pure clause that is not an ExecuteAs alias: (Illegal_Instruction ()))
  cpp__op_831                              REFUSED  no certified pure form for ILLEGAL (a pure clause that is not an ExecuteAs alias: (Illegal_Instruction ()))
  cpp__op_843                              REFUSED  no certified pure form for ILLEGAL (a pure clause that is not an ExecuteAs alias: (Illegal_Instruction ()))
  cpp__op_847                              REFUSED  no certified pure form for ILLEGAL (a pure clause that is not an ExecuteAs alias: (Illegal_Instruction ()))
  cpp__op_851                              REFUSED  no certified pure form for ILLEGAL (a pure clause that is not an ExecuteAs alias: (Illegal_Instruction ()))
  cpp__op_855                              REFUSED  no certified pure form for ILLEGAL (a pure clause that is not an ExecuteAs alias: (Illegal_Instruction ()))
  cpp__op_867                              REFUSED  compile rc=1: 1 warning and 1 error generated.
  cpp__op_879                              REFUSED  compile rc=1: 1 warning and 1 error generated.
  cpp__op_883                              REFUSED  compile rc=1: 1 warning and 1 error generated.
  cpp__op_887                              REFUSED  compile rc=1: 1 warning and 1 error generated.
  cpp__op_891                              REFUSED  compile rc=1: 1 warning and 1 error generated.
  cpp__op_903                              REFUSED  compile rc=1: 1 warning and 1 error generated.
  cpp__op_915                              REFUSED  compile rc=1: 1 warning and 1 error generated.
  cpp__op_919                              REFUSED  compile rc=1: 1 warning and 1 error generated.
  cpp__op_923                              REFUSED  compile rc=1: 1 warning and 1 error generated.
  cpp__op_927                              REFUSED  compile rc=1: 1 warning and 1 error generated.
  cpp__op_939                              REFUSED  compile rc=1: 1 warning and 1 error generated.
  cpp__op_951                              REFUSED  compile rc=1: 1 warning and 1 error generated.
  cpp__op_955                              REFUSED  compile rc=1: 1 warning and 1 error generated.
  cpp__op_959                              REFUSED  compile rc=1: 1 warning and 1 error generated.
  cpp__op_963                              REFUSED  compile rc=1: 1 warning and 1 error generated.
  cpp__op_975                              REFUSED  no certified pure form for ILLEGAL (a pure clause that is not an ExecuteAs alias: (Illegal_Instruction ()))
  cpp__op_987                              REFUSED  no certified pure form for ILLEGAL (a pure clause that is not an ExecuteAs alias: (Illegal_Instruction ()))
  cpp__op_991                              REFUSED  no certified pure form for ILLEGAL (a pure clause that is not an ExecuteAs alias: (Illegal_Instruction ()))
  cpp__op_995                              REFUSED  no certified pure form for ILLEGAL (a pure clause that is not an ExecuteAs alias: (Illegal_Instruction ()))
  cpp__op_999                              REFUSED  no certified pure form for ILLEGAL (a pure clause that is not an ExecuteAs alias: (Illegal_Instruction ()))
  cpp__op_19                               CERTIFIED   24.0s  a
  cpp__op_23                               CERTIFIED   23.9s  a
  cpp__op_55                               CERTIFIED   26.8s  (pure_ITYPE (a) (((sign_extend (m := 12) (0x3f#6)))) (ADDI))
  cpp__op_63                               CERTIFIED   25.5s  (pure_ITYPE (zero_reg) (((sign_extend (m := 12) (0x04#6)))) (ADDI))
  cpp__op_87                               CERTIFIED   18.8s  a
  cpp__op_91                               CERTIFIED   16.0s  a
  cpp__op_103                              CERTIFIED   16.3s  (pure_RTYPE (a) (b) (ADD))
  cpp__op_107                              CERTIFIED   16.0s  (pure_RTYPEW (a) (b) (ADDW))
  cpp__op_115                              CERTIFIED   16.5s  (pure_RTYPE (a) (b) (ADD))
  cpp__op_119                              CERTIFIED   16.3s  (pure_RTYPE (a) (b) (ADD))
  cpp__op_139                              CERTIFIED   16.4s  (pure_RTYPE (a) (b) (SUB))
  cpp__op_143                              CERTIFIED   16.1s  (pure_RTYPEW (a) (b) (SUBW))
  cpp__op_151                              CERTIFIED   16.3s  (pure_RTYPE (a) (b) (SUB))
  cpp__op_155                              CERTIFIED   16.3s  (pure_RTYPE (a) (b) (SUB))
  cpp__op_175                              CERTIFIED   16.2s  (pure_MUL (a) (b) ({ result_part := Low, signed_rs1 := Signed, signed_rs2 := Signed }))
  cpp__op_187                              CERTIFIED   16.7s  (pure_MUL (a) (b) ({ result_part := Low, signed_rs1 := Signed, signed_rs2 := Signed }))
  cpp__op_211                              CERTIFIED   16.3s  (pure_DIV (a) (b) (false))
  cpp__op_215                              CERTIFIED   16.1s  a
  cpp__op_223                              CERTIFIED   16.2s  (pure_DIV (a) (b) (true))
  cpp__op_227                              CERTIFIED   16.0s  a
  cpp__op_247                              CERTIFIED   16.0s  (pure_REM (a) (b) (false))
  cpp__op_251                              CERTIFIED   16.4s  (pure_ITYPE (zero_reg) (((sign_extend (m := 12) (0x00#6)))) (ADDI))
  cpp__op_259                              CERTIFIED   16.6s  (pure_REM (a) (b) (true))
  cpp__op_263                              CERTIFIED   16.3s  (pure_ITYPE (zero_reg) (((sign_extend (m := 12) (0x00#6)))) (ADDI))
  cpp__op_283                              CERTIFIED   16.3s  (pure_RTYPE (zero_reg) ((pure_RTYPE (a) (b) (OR))) (LeanIM.rop.SLTU))
  cpp__op_287                              CERTIFIED   16.5s  (pure_RTYPE ((pure_RTYPE (zero_reg) (a) (LeanIM.rop.SLTU))) (b) (OR))
  cpp__op_295                              CERTIFIED   16.1s  (pure_RTYPE (zero_reg) ((pure_RTYPE (a) (b) (OR))) (LeanIM.rop.SLTU))
  cpp__op_299                              CERTIFIED   16.3s  (pure_RTYPE ((pure_RTYPE (zero_reg) (a) (LeanIM.rop.SLTU))) (b) (OR))
  cpp__op_319                              CERTIFIED   16.3s  (pure_RTYPE ((pure_RTYPE (zero_reg) (a) (LeanIM.rop.SLTU))) ((pure_RTYPE (zero_reg) (b) (L
  cpp__op_323                              CERTIFIED   16.2s  (pure_RTYPE ((pure_RTYPE (zero_reg) (a) (LeanIM.rop.SLTU))) (b) (AND))
  cpp__op_331                              CERTIFIED   16.5s  (pure_RTYPE ((pure_RTYPE (zero_reg) (a) (LeanIM.rop.SLTU))) ((pure_RTYPE (zero_reg) (b) (L
  cpp__op_335                              CERTIFIED   16.3s  (pure_RTYPE ((pure_RTYPE (zero_reg) (a) (LeanIM.rop.SLTU))) (b) (AND))
  cpp__op_355                              CERTIFIED   16.5s  (pure_RTYPE (a) (b) (OR))
  cpp__op_359                              CERTIFIED   16.6s  (pure_RTYPE (a) (b) (OR))
  cpp__op_367                              CERTIFIED   16.1s  (pure_RTYPE (a) (b) (OR))
  cpp__op_371                              CERTIFIED   16.3s  (pure_RTYPE (a) (b) (OR))
  cpp__op_391                              CERTIFIED   16.3s  (pure_RTYPE (a) (b) (XOR))
  cpp__op_395                              CERTIFIED   16.2s  (pure_RTYPE (a) (b) (XOR))
  cpp__op_403                              CERTIFIED   16.2s  (pure_RTYPE (a) (b) (XOR))
  cpp__op_407                              CERTIFIED   16.4s  (pure_RTYPE (a) (b) (XOR))
  cpp__op_427                              CERTIFIED   16.2s  (pure_RTYPE (a) (b) (AND))
  cpp__op_431                              CERTIFIED   16.3s  (pure_RTYPE (a) (b) (AND))
  cpp__op_439                              CERTIFIED   16.5s  (pure_RTYPE (a) (b) (AND))
  cpp__op_443                              CERTIFIED   16.3s  (pure_RTYPE (a) (b) (AND))
  cpp__op_463                              CERTIFIED   16.4s  (pure_ITYPE ((pure_RTYPE (a) (b) (XOR))) (0x001#12) (LeanIM.iop.SLTIU))
  cpp__op_467                              CERTIFIED   16.3s  (pure_ITYPE ((pure_RTYPE (a) (b) (XOR))) (0x001#12) (LeanIM.iop.SLTIU))
  cpp__op_475                              CERTIFIED   16.4s  (pure_ITYPE ((pure_RTYPE (a) (b) (XOR))) (0x001#12) (LeanIM.iop.SLTIU))
  cpp__op_479                              CERTIFIED   16.4s  (pure_ITYPE ((pure_RTYPE (a) (b) (XOR))) (0x001#12) (LeanIM.iop.SLTIU))
  cpp__op_499                              CERTIFIED   16.5s  (pure_RTYPE (zero_reg) ((pure_RTYPE (a) (b) (XOR))) (LeanIM.rop.SLTU))
  cpp__op_503                              CERTIFIED   16.5s  (pure_RTYPE (zero_reg) ((pure_RTYPE (a) (b) (XOR))) (LeanIM.rop.SLTU))
  cpp__op_511                              CERTIFIED   16.3s  (pure_RTYPE (zero_reg) ((pure_RTYPE (a) (b) (XOR))) (LeanIM.rop.SLTU))
  cpp__op_515                              CERTIFIED   16.2s  (pure_RTYPE (zero_reg) ((pure_RTYPE (a) (b) (XOR))) (LeanIM.rop.SLTU))
  cpp__op_535                              CERTIFIED   16.5s  (pure_RTYPE (b) (a) (LeanIM.rop.SLT))
  cpp__op_539                              CERTIFIED   16.4s  (pure_RTYPE (b) (a) (LeanIM.rop.SLT))
  cpp__op_547                              CERTIFIED   16.2s  (pure_RTYPE (b) (a) (LeanIM.rop.SLTU))
  cpp__op_551                              CERTIFIED   16.5s  (pure_RTYPE (b) (a) (LeanIM.rop.SLTU))
  cpp__op_571                              CERTIFIED   16.5s  (pure_ITYPE ((pure_RTYPE (a) (b) (LeanIM.rop.SLT))) (0x001#12) (LeanIM.iop.XORI))
  cpp__op_575                              CERTIFIED   16.3s  (pure_ITYPE ((pure_RTYPE (a) (b) (LeanIM.rop.SLT))) (0x001#12) (LeanIM.iop.XORI))
  cpp__op_583                              CERTIFIED   16.3s  (pure_ITYPE ((pure_RTYPE (a) (b) (LeanIM.rop.SLTU))) (0x001#12) (LeanIM.iop.XORI))
  cpp__op_587                              CERTIFIED   16.4s  (pure_ITYPE ((pure_RTYPE (a) (b) (LeanIM.rop.SLTU))) (0x001#12) (LeanIM.iop.XORI))
  cpp__op_607                              CERTIFIED   16.3s  (pure_ITYPE ((pure_RTYPE (b) (a) (LeanIM.rop.SLT))) (0x001#12) (LeanIM.iop.XORI))
  cpp__op_611                              CERTIFIED   16.4s  (pure_ITYPE ((pure_RTYPE (b) (a) (LeanIM.rop.SLT))) (0x001#12) (LeanIM.iop.XORI))
  cpp__op_619                              CERTIFIED   16.7s  (pure_ITYPE ((pure_RTYPE (b) (a) (LeanIM.rop.SLTU))) (0x001#12) (LeanIM.iop.XORI))
  cpp__op_623                              CERTIFIED   16.5s  (pure_ITYPE ((pure_RTYPE (b) (a) (LeanIM.rop.SLTU))) (0x001#12) (LeanIM.iop.XORI))
  cpp__op_643                              CERTIFIED   16.3s  (pure_RTYPE (a) (b) (LeanIM.rop.SLT))
  cpp__op_647                              CERTIFIED   16.3s  (pure_RTYPE (a) (b) (LeanIM.rop.SLT))
  cpp__op_655                              CERTIFIED   16.3s  (pure_RTYPE (a) (b) (LeanIM.rop.SLTU))
  cpp__op_659                              CERTIFIED   16.2s  (pure_RTYPE ((pure_ITYPE (a) (0x001#12) (LeanIM.iop.SLTIU))) (b) (AND))
  cpp__op_679                              CERTIFIED   16.2s  (pure_RTYPEW (a) (b) (LeanIM.ropw.SLLW))
  cpp__op_683                              CERTIFIED   16.3s  (pure_RTYPEW (a) (b) (LeanIM.ropw.SLLW))
  cpp__op_691                              CERTIFIED   16.2s  (pure_RTYPE (a) (b) (LeanIM.rop.SLL))
  cpp__op_695                              CERTIFIED   16.6s  (pure_RTYPE (a) (b) (LeanIM.rop.SLL))
  cpp__op_715                              CERTIFIED   16.3s  (pure_RTYPEW (a) (b) (LeanIM.ropw.SRAW))
  cpp__op_719                              CERTIFIED   16.3s  (pure_RTYPEW (a) (b) (LeanIM.ropw.SRAW))
  cpp__op_727                              CERTIFIED   16.4s  (pure_RTYPE (a) (b) (LeanIM.rop.SRL))
  cpp__op_731                              CERTIFIED   16.3s  (pure_RTYPE (a) (b) (LeanIM.rop.SRL))
  cpp__op_787                              CERTIFIED   16.3s  (pure_RTYPE (zero_reg) ((pure_RTYPE (a) (b) (OR))) (LeanIM.rop.SLTU))
  cpp__op_791                              CERTIFIED   16.7s  (pure_RTYPE ((pure_RTYPE (zero_reg) (a) (LeanIM.rop.SLTU))) (b) (OR))
  cpp__op_799                              CERTIFIED   16.4s  (pure_RTYPE (zero_reg) ((pure_RTYPE (a) (b) (OR))) (LeanIM.rop.SLTU))
  cpp__op_803                              CERTIFIED   16.5s  (pure_RTYPE ((pure_RTYPE (zero_reg) (a) (LeanIM.rop.SLTU))) (b) (OR))
  cpp__op_823                              CERTIFIED   16.4s  (pure_RTYPE ((pure_RTYPE (zero_reg) (a) (LeanIM.rop.SLTU))) ((pure_RTYPE (zero_reg) (b) (L
  cpp__op_827                              CERTIFIED   17.0s  (pure_RTYPE ((pure_RTYPE (zero_reg) (a) (LeanIM.rop.SLTU))) (b) (AND))
  cpp__op_835                              CERTIFIED   16.5s  (pure_RTYPE ((pure_RTYPE (zero_reg) (a) (LeanIM.rop.SLTU))) ((pure_RTYPE (zero_reg) (b) (L
  cpp__op_839                              CERTIFIED   16.4s  (pure_RTYPE ((pure_RTYPE (zero_reg) (a) (LeanIM.rop.SLTU))) (b) (AND))
  cpp__op_859                              CERTIFIED   16.2s  (pure_RTYPE (a) (b) (OR))
  cpp__op_863                              CERTIFIED   16.5s  (pure_RTYPE (a) (b) (OR))
  cpp__op_871                              CERTIFIED   16.3s  (pure_RTYPE (a) (b) (OR))
  cpp__op_875                              CERTIFIED   16.2s  (pure_RTYPE (a) (b) (OR))
  cpp__op_895                              CERTIFIED   16.3s  (pure_RTYPE (a) (b) (XOR))
  cpp__op_899                              CERTIFIED   16.2s  (pure_RTYPE (a) (b) (XOR))
  cpp__op_907                              CERTIFIED   16.5s  (pure_RTYPE (a) (b) (XOR))
  cpp__op_911                              CERTIFIED   16.7s  (pure_RTYPE (a) (b) (XOR))
  cpp__op_931                              CERTIFIED   17.0s  (pure_RTYPE (a) (b) (AND))
  cpp__op_935                              CERTIFIED   16.4s  (pure_RTYPE (a) (b) (AND))
  cpp__op_943                              CERTIFIED   16.3s  (pure_RTYPE (a) (b) (AND))
  cpp__op_947                              CERTIFIED   16.2s  (pure_RTYPE (a) (b) (AND))
  cpp__op_967                              CERTIFIED   16.4s  (pure_RTYPE (zero_reg) ((pure_RTYPE (a) (b) (XOR))) (LeanIM.rop.SLTU))
  cpp__op_971                              CERTIFIED   16.6s  (pure_RTYPE (zero_reg) ((pure_RTYPE (a) (b) (XOR))) (LeanIM.rop.SLTU))
  cpp__op_979                              CERTIFIED   16.3s  (pure_RTYPE (zero_reg) ((pure_RTYPE (a) (b) (XOR))) (LeanIM.rop.SLTU))
  cpp__op_983                              CERTIFIED   16.6s  (pure_RTYPE (zero_reg) ((pure_RTYPE (a) (b) (XOR))) (LeanIM.rop.SLTU))
  walk: certified 100, failed 0, refused 150, of 250
