  ZIMOP_MOP_RR      1 variants, 1 places
  ZIMOP_MOP_R       1 variants, 1 places
  ZBS_RTYPE         4 variants, 1 places
  ZBS_IOP           4 variants, 1 places
  ZBKB_RTYPE        2 variants, 1 places
  ZBB_RTYPEW        2 variants, 1 places
  ZBB_RTYPE         9 variants, 1 places
  ZBB_EXTOP         3 variants, 1 places
  ZBA_RTYPEUW       1 variants, 1 places
  ZBA_RTYPE         1 variants, 1 places
  UTYPE             2 variants, 1 places
  STORE             4 variants, 2 places
  SLLIUW            1 variants, 1 places
  SHIFTIWOP         3 variants, 1 places
  SHIFTIOP          3 variants, 1 places
  SHA512SUM1R       1 variants, 1 places
  SHA512SUM0R       1 variants, 1 places
  SHA512SIG1L       1 variants, 1 places
  SHA512SIG1H       1 variants, 1 places
  SHA512SIG0L       1 variants, 1 places
  SHA512SIG0H       1 variants, 1 places
  RTYPEW            5 variants, 1 places
  RTYPE            10 variants, 1 places
  RORIW             1 variants, 1 places
  RORI              1 variants, 1 places
  REV8              1 variants, 1 places
  REMW              2 variants, 1 places
  REM               2 variants, 1 places
  MULW              1 variants, 1 places
  MUL               8 variants, 1 places
  LOAD              8 variants, 2 places
  JALR              1 variants, 2 places
  JAL               1 variants, 2 places
  ITYPE             6 variants, 1 places
  DIVW              2 variants, 1 places
  DIV               2 variants, 1 places
  CTZW              1 variants, 1 places
  CTZ               1 variants, 1 places
  CPOP              1 variants, 1 places
  CLZW              1 variants, 1 places
  CLZ               1 variants, 1 places
  CLMULR            1 variants, 1 places
  CLMULH            1 variants, 1 places
  CLMUL             1 variants, 1 places
  BTYPE             6 variants, 2 places
  BREV8             1 variants, 1 places
  ADDIW             1 variants, 1 places
  construct: {"clauses": 339, "proposed": 50, "deferred": 292, "variants": 114, "terms": 134, "term_failures": 3, "files": 1040, "printer_refusals": 8}
