  emitted definitions scanned: 4750
  add_gpr_gpr_gpr_64__reg_a0__c__native_first  F over ['a', 'b']; 52 candidates
      round 1 (one Lean run, 52 candidates x 2 theorems): 102.8s
      RTYPE          rop.ADD                                  PROVED    same_text
  add_gpr_gpr_same_64__reg_a0__c__native_first F over ['a']; 9 candidates
      round 1 (one Lean run, 9 candidates x 2 theorems): 13.8s
      BREV8                                                   UNDECIDED none 3.2s
      CLZ                                                     UNDECIDED none 2.8s
      CLZW                                                    UNDECIDED none 3.0s
      CTZ                                                     UNDECIDED none 2.8s
      CTZW                                                    UNDECIDED none 3.8s
      REV8                                                    UNDECIDED none 4.3s
      ZBB_EXTOP      extop_zbb.SEXTB                          UNDECIDED none 3.2s
      ZBB_EXTOP      extop_zbb.SEXTH                          UNDECIDED none 3.6s
      ZBB_EXTOP      extop_zbb.ZEXTH                          UNDECIDED none 3.7s
  addi_gpr_gpr_imm_64__reg_a0__c__native_first F over ['a']; 9 candidates
      round 1 (one Lean run, 9 candidates x 2 theorems): 17.2s
      BREV8                                                   UNDECIDED none 5.1s
      CLZ                                                     UNDECIDED none 3.7s
      CLZW                                                    UNDECIDED none 4.0s
      CTZ                                                     UNDECIDED none 4.2s
      CTZW                                                    UNDECIDED none 4.1s
      REV8                                                    UNDECIDED none 4.3s
      ZBB_EXTOP      extop_zbb.SEXTB                          UNDECIDED none 4.9s
      ZBB_EXTOP      extop_zbb.SEXTH                          UNDECIDED none 4.3s
      ZBB_EXTOP      extop_zbb.ZEXTH                          UNDECIDED none 3.8s
  and_gpr_gpr_gpr_64__reg_a0__c__native_first  F over ['a', 'b']; 52 candidates
      round 1 (one Lean run, 52 candidates x 2 theorems): 99.0s
      RTYPE          rop.AND                                  PROVED    same_text
  andi_gpr_gpr_imm_64__reg_a0__c__native_first F over ['a']; 9 candidates
      round 1 (one Lean run, 9 candidates x 2 theorems): 14.1s
      BREV8                                                   UNDECIDED none 3.1s
      CLZ                                                     UNDECIDED none 3.0s
      CLZW                                                    UNDECIDED none 3.0s
      CTZ                                                     UNDECIDED none 3.0s
      CTZW                                                    UNDECIDED none 3.1s
      REV8                                                    UNDECIDED none 3.1s
      ZBB_EXTOP      extop_zbb.SEXTB                          UNDECIDED none 3.0s
      ZBB_EXTOP      extop_zbb.SEXTH                          UNDECIDED none 3.0s
      ZBB_EXTOP      extop_zbb.ZEXTH                          UNDECIDED none 3.0s
  beq_gpr_gpr_64__branch_condition__c__native_first F over ['a', 'b']; 52 candidates
      round 1 (one Lean run, 52 candidates x 2 theorems): 120.0s; TIMEOUT
      RTYPE          rop.ADD                                  UNDECIDED none 121.6s
      RTYPE          rop.SUB                                  UNDECIDED none 121.6s
      RTYPE          rop.SLL                                  UNDECIDED none 121.5s
      RTYPE          rop.SLT                                  UNDECIDED none 121.5s
      RTYPE          rop.SLTU                                 UNDECIDED none 121.5s
      RTYPE          rop.XOR                                  UNDECIDED none 121.5s
      RTYPE          rop.SRL                                  UNDECIDED none 121.5s
      RTYPE          rop.SRA                                  UNDECIDED none 121.5s
      RTYPE          rop.OR                                   UNDECIDED none 121.5s
      RTYPE          rop.AND                                  UNDECIDED none 121.6s
      CLMUL                                                   UNDECIDED none 122.6s
      CLMULH                                                  UNDECIDED none 122.6s
      CLMULR                                                  UNDECIDED none 121.5s
      DIV            false                                    UNDECIDED none 121.5s
      DIV            true                                     UNDECIDED none 121.5s
      DIVW           false                                    UNDECIDED none 121.6s
      DIVW           true                                     UNDECIDED none 121.6s
      MUL            { result_part := VectorHalf.High, signed UNDECIDED none 121.5s
      MUL            { result_part := VectorHalf.High, signed UNDECIDED none 121.5s
      MUL            { result_part := VectorHalf.High, signed UNDECIDED none 121.5s
      MUL            { result_part := VectorHalf.High, signed UNDECIDED none 121.5s
      MUL            { result_part := VectorHalf.Low, signed_ UNDECIDED none 121.5s
      MUL            { result_part := VectorHalf.Low, signed_ UNDECIDED none 121.5s
      MUL            { result_part := VectorHalf.Low, signed_ UNDECIDED none 121.5s
      MUL            { result_part := VectorHalf.Low, signed_ UNDECIDED none 121.5s
      MULW                                                    UNDECIDED none 121.5s
      REM            false                                    UNDECIDED none 121.5s
      REM            true                                     UNDECIDED none 121.5s
      REMW           false                                    UNDECIDED none 121.6s
      REMW           true                                     UNDECIDED none 121.6s
      RTYPEW         ropw.ADDW                                UNDECIDED none 121.5s
      RTYPEW         ropw.SUBW                                UNDECIDED none 121.5s
      RTYPEW         ropw.SLLW                                UNDECIDED none 121.6s
      RTYPEW         ropw.SRLW                                UNDECIDED none 121.5s
      RTYPEW         ropw.SRAW                                UNDECIDED none 121.5s
      ZBB_RTYPE      brop_zbb.ANDN                            UNDECIDED none 121.5s
      ZBB_RTYPE      brop_zbb.ORN                             UNDECIDED none 121.5s
      ZBB_RTYPE      brop_zbb.XNOR                            UNDECIDED none 121.6s
  beq_gpr_gpr_gpr_64__branch_condition__c__native_first F over ['a', 'b']; 52 candidates
      round 1 (one Lean run, 52 candidates x 2 theorems): 114.3s
      ZBS_RTYPE      brop_zbs.BINV                            PROVED    integer_level
  beq_gpr_gpr_imm_64__branch_condition__c__native_first F over ['a', 'b']; 52 candidates
