  emitted definitions scanned: 4750
  add_gpr_gpr_gpr_64__reg_a0__c__all_constructed F over ['a', 'b']; 52 candidates
      same_text      over 52 candidates, one Lean run: 63.0s
      integer_level  over 10 candidates, one Lean run: 120.0s; TIMEOUT
  addi_gpr_gpr_imm_64__reg_a0__c__all_constructed F over ['a']; 9 candidates
      same_text      over  9 candidates, one Lean run: 11.3s
      integer_level  over  9 candidates, one Lean run: 120.0s; TIMEOUT
      BREV8                                                   UNDECIDED none 22.9s
      CLZ                                                     UNDECIDED none 22.9s
      CLZW                                                    UNDECIDED none 24.6s
  and_gpr_gpr_gpr_64__reg_a0__c__all_constructed F over ['a', 'b']; 52 candidates
      same_text      over 52 candidates, one Lean run: 4.5s
      RTYPE          rop.AND                                  PROVED    same_text
  beq_gpr_gpr_64__branch_condition__c__all_constructed F over ['a', 'b']; 52 candidates
      same_text      over 52 candidates, one Lean run: 74.3s
      integer_level  over 19 candidates, one Lean run: 120.0s; TIMEOUT
  beq_gpr_gpr_gpr_64__branch_condition__c__all_constructed F over ['a', 'b']; 52 candidates
      same_text      over 52 candidates, one Lean run: 68.9s
      integer_level  over 19 candidates, one Lean run: 120.0s; TIMEOUT
  beq_gpr_gpr_imm_64__branch_condition__c__all_constructed F over ['a', 'b']; 52 candidates
