  emitted definitions scanned: 4750
  add_gpr_gpr_gpr_64__reg_a0__c__native_first  F over ['a', 'b']; 52 candidates
      same_text      over 52 candidates, one Lean run: 6.0s
      RTYPE          rop.ADD                                  PROVED    same_text
  addi_gpr_gpr_imm_64__reg_a0__c__native_first F over ['a']; 9 candidates
      same_text      over  9 candidates, one Lean run: 2.2s
      integer_level  over  9 candidates, one Lean run: 18.1s
      BREV8                                                   UNDECIDED none 4.4s
      CLZ                                                     UNDECIDED none 4.3s
      CLZW                                                    UNDECIDED none 4.4s
      CTZ                                                     UNDECIDED none 4.6s
      CTZW                                                    UNDECIDED none 4.9s
      REV8                                                    UNDECIDED none 4.4s
      ZBB_EXTOP      extop_zbb.SEXTB                          UNDECIDED none 4.4s
      ZBB_EXTOP      extop_zbb.SEXTH                          UNDECIDED none 4.9s
      ZBB_EXTOP      extop_zbb.ZEXTH                          UNDECIDED none 4.9s
  andi_gpr_gpr_imm_64__reg_a0__c__native_first F over ['a']; 9 candidates
      same_text      over  9 candidates, one Lean run: 2.5s
      integer_level  over  9 candidates, one Lean run: 21.7s
      BREV8                                                   UNDECIDED none 5.7s
      CLZ                                                     UNDECIDED none 5.7s
      CLZW                                                    UNDECIDED none 5.3s
      CTZ                                                     UNDECIDED none 5.0s
      CTZW                                                    UNDECIDED none 5.5s
      REV8                                                    UNDECIDED none 4.6s
      ZBB_EXTOP      extop_zbb.SEXTB                          UNDECIDED none 4.5s
      ZBB_EXTOP      extop_zbb.SEXTH                          UNDECIDED none 4.3s
      ZBB_EXTOP      extop_zbb.ZEXTH                          UNDECIDED none 4.4s
  beq_gpr_gpr_gpr_64__branch_condition__c__native_first F over ['a', 'b']; 52 candidates
      same_text      over 52 candidates, one Lean run: 4.2s
      integer_level  over 10 candidates, one Lean run: 34.7s
      integer_level  over 12 candidates, one Lean run: 35.4s
      integer_level  over 12 candidates, one Lean run: 25.4s
      integer_level  over 12 candidates, one Lean run: 47.2s
      integer_level  over  6 candidates, one Lean run: 30.4s
  beq_gpr_gpr_same_64__branch_condition__c__native_first F over ['a', 'b']; 52 candidates
      same_text      over 52 candidates, one Lean run: 7.5s
      integer_level  over 10 candidates, one Lean run: 45.8s
      integer_level  over 12 candidates, one Lean run: 51.1s
      integer_level  over 12 candidates, one Lean run: 31.8s
      integer_level  over 12 candidates, one Lean run: 31.8s
  bge_gpr_gpr_gpr_64__branch_condition__c__native_first F over ['a', 'b']; 52 candidates
      same_text      over 52 candidates, one Lean run: 3.4s
      integer_level  over 10 candidates, one Lean run: 44.9s
      integer_level  over 12 candidates, one Lean run: 48.3s
      integer_level  over 12 candidates, one Lean run: 37.9s
      integer_level  over 12 candidates, one Lean run: 44.7s
  bge_gpr_gpr_same_64__branch_condition__c__native_first F over ['a', 'b']; 52 candidates
      same_text      over 52 candidates, one Lean run: 6.4s
      integer_level  over 10 candidates, one Lean run: 51.5s
      integer_level  over 12 candidates, one Lean run: 40.7s
      integer_level  over 12 candidates, one Lean run: 32.4s
      integer_level  over 12 candidates, one Lean run: 46.8s
  bgeu_gpr_gpr_gpr_64__branch_condition__c__native_first F over ['a', 'b']; 52 candidates
      same_text      over 52 candidates, one Lean run: 9.0s
      integer_level  over 10 candidates, one Lean run: 55.1s
      integer_level  over 12 candidates, one Lean run: 43.9s
      integer_level  over 12 candidates, one Lean run: 26.5s
      integer_level  over 12 candidates, one Lean run: 45.9s
  bgeu_gpr_gpr_same_64__branch_condition__c__native_first F over ['a', 'b']; 52 candidates
      same_text      over 52 candidates, one Lean run: 7.5s
      integer_level  over 10 candidates, one Lean run: 57.4s
      integer_level  over 12 candidates, one Lean run: 44.2s
