  emitted definitions scanned: 4750
  add_gpr_gpr_gpr_64__reg_a0__c__native_first  F over ['a', 'b']; 52 candidates
      same_text      over 52 candidates, one Lean run: 6.4s
      RTYPE          rop.ADD                                  PROVED    same_text
  addi_gpr_gpr_imm_64__reg_a0__c__native_first F over ['a']; 9 candidates
      same_text      over  9 candidates, one Lean run: 2.7s
      integer_level  over  9 candidates, one Lean run: 18.2s
      BREV8                                                   UNDECIDED none 4.3s
      CLZ                                                     UNDECIDED none 4.0s
      CLZW                                                    UNDECIDED none 3.9s
      CTZ                                                     UNDECIDED none 3.9s
      CTZW                                                    UNDECIDED none 3.9s
      REV8                                                    UNDECIDED none 4.0s
      ZBB_EXTOP      extop_zbb.SEXTB                          UNDECIDED none 3.9s
      ZBB_EXTOP      extop_zbb.SEXTH                          UNDECIDED none 4.0s
      ZBB_EXTOP      extop_zbb.ZEXTH                          UNDECIDED none 4.4s
  andi_gpr_gpr_imm_64__reg_a0__c__native_first F over ['a']; 9 candidates
      same_text      over  9 candidates, one Lean run: 2.2s
      integer_level  over  9 candidates, one Lean run: 21.2s
      BREV8                                                   UNDECIDED none 5.1s
      CLZ                                                     UNDECIDED none 5.4s
      CLZW                                                    UNDECIDED none 5.7s
      CTZ                                                     UNDECIDED none 4.6s
      CTZW                                                    UNDECIDED none 4.7s
      REV8                                                    UNDECIDED none 4.5s
      ZBB_EXTOP      extop_zbb.SEXTB                          UNDECIDED none 4.2s
      ZBB_EXTOP      extop_zbb.SEXTH                          UNDECIDED none 4.5s
      ZBB_EXTOP      extop_zbb.ZEXTH                          UNDECIDED none 4.5s
  beq_gpr_gpr_gpr_64__branch_condition__c__native_first F over ['a', 'b']; 52 candidates
      same_text      over 52 candidates, one Lean run: 3.8s
      integer_level  over 10 candidates, one Lean run: 36.7s
      RTYPE          rop.ADD                                  UNDECIDED none 5.7s
      RTYPE          rop.SUB                                  UNDECIDED none 5.4s
      RTYPE          rop.SLL                                  UNDECIDED none 5.4s
      RTYPE          rop.SLT                                  UNDECIDED none 5.5s
      RTYPE          rop.SLTU                                 UNDECIDED none 5.3s
      RTYPE          rop.XOR                                  UNDECIDED none 5.3s
      RTYPE          rop.SRL                                  UNDECIDED none 5.3s
      RTYPE          rop.SRA                                  UNDECIDED none 5.5s
      RTYPE          rop.OR                                   UNDECIDED none 5.5s
      RTYPE          rop.AND                                  UNDECIDED none 5.5s
      integer_level  over 12 candidates, one Lean run: 42.6s
      integer_level  over 12 candidates, one Lean run: 39.0s
      integer_level  over 12 candidates, one Lean run: 44.6s
  beq_gpr_gpr_same_64__branch_condition__c__native_first F over ['a', 'b']; 52 candidates
      same_text      over 52 candidates, one Lean run: 8.0s
      integer_level  over 10 candidates, one Lean run: 44.7s
      RTYPE          rop.ADD                                  UNDECIDED none 6.8s
      RTYPE          rop.SUB                                  UNDECIDED none 6.5s
      RTYPE          rop.SLL                                  UNDECIDED none 7.4s
      RTYPE          rop.SLT                                  UNDECIDED none 7.3s
      RTYPE          rop.SLTU                                 UNDECIDED none 6.8s
      RTYPE          rop.XOR                                  UNDECIDED none 7.1s
      RTYPE          rop.SRL                                  UNDECIDED none 7.0s
      RTYPE          rop.SRA                                  UNDECIDED none 6.8s
      RTYPE          rop.OR                                   UNDECIDED none 7.1s
      RTYPE          rop.AND                                  UNDECIDED none 7.0s
      integer_level  over 12 candidates, one Lean run: 48.3s
      integer_level  over 12 candidates, one Lean run: 25.1s
      integer_level  over 12 candidates, one Lean run: 30.0s
  bge_gpr_gpr_gpr_64__branch_condition__c__native_first F over ['a', 'b']; 52 candidates
      same_text      over 52 candidates, one Lean run: 5.8s
      integer_level  over 10 candidates, one Lean run: 44.7s
      RTYPE          rop.ADD                                  UNDECIDED none 6.2s
      RTYPE          rop.SUB                                  UNDECIDED none 6.3s
      RTYPE          rop.SLL                                  UNDECIDED none 6.3s
      RTYPE          rop.SLT                                  UNDECIDED none 6.8s
      RTYPE          rop.SLTU                                 UNDECIDED none 7.5s
      RTYPE          rop.XOR                                  UNDECIDED none 6.9s
      RTYPE          rop.SRL                                  UNDECIDED none 6.6s
      RTYPE          rop.SRA                                  UNDECIDED none 6.9s
      RTYPE          rop.OR                                   UNDECIDED none 7.0s
      RTYPE          rop.AND                                  UNDECIDED none 7.2s
      integer_level  over 12 candidates, one Lean run: 55.4s
      integer_level  over 12 candidates, one Lean run: 32.4s
  bge_gpr_gpr_same_64__branch_condition__c__native_first F over ['a', 'b']; 52 candidates
      same_text      over 52 candidates, one Lean run: 5.4s
      integer_level  over 10 candidates, one Lean run: 51.9s
      RTYPE          rop.ADD                                  UNDECIDED none 7.0s
      RTYPE          rop.SUB                                  UNDECIDED none 7.1s
      RTYPE          rop.SLL                                  UNDECIDED none 7.2s
      RTYPE          rop.SLT                                  UNDECIDED none 6.9s
      RTYPE          rop.SLTU                                 UNDECIDED none 7.1s
      RTYPE          rop.XOR                                  UNDECIDED none 6.9s
      RTYPE          rop.SRL                                  UNDECIDED none 6.9s
      RTYPE          rop.SRA                                  UNDECIDED none 7.1s
      RTYPE          rop.OR                                   UNDECIDED none 7.0s
      RTYPE          rop.AND                                  UNDECIDED none 7.3s
      integer_level  over 12 candidates, one Lean run: 42.9s
      integer_level  over 12 candidates, one Lean run: 30.5s
      integer_level  over 12 candidates, one Lean run: 49.3s
  bgeu_gpr_gpr_gpr_64__branch_condition__c__native_first F over ['a', 'b']; 52 candidates
      same_text      over 52 candidates, one Lean run: 7.9s
      integer_level  over 10 candidates, one Lean run: 56.7s
      RTYPE          rop.ADD                                  UNDECIDED none 7.4s
      RTYPE          rop.SUB                                  UNDECIDED none 7.5s
      RTYPE          rop.SLL                                  UNDECIDED none 7.6s
      RTYPE          rop.SLT                                  UNDECIDED none 7.9s
      RTYPE          rop.SLTU                                 UNDECIDED none 8.0s
      RTYPE          rop.XOR                                  UNDECIDED none 7.6s
      RTYPE          rop.SRL                                  UNDECIDED none 7.5s
      RTYPE          rop.SRA                                  UNDECIDED none 7.5s
      RTYPE          rop.OR                                   UNDECIDED none 7.5s
      RTYPE          rop.AND                                  UNDECIDED none 7.5s
      integer_level  over 12 candidates, one Lean run: 43.4s
      integer_level  over 12 candidates, one Lean run: 27.0s
  bgeu_gpr_gpr_same_64__branch_condition__c__native_first F over ['a', 'b']; 52 candidates
      same_text      over 52 candidates, one Lean run: 3.8s
      integer_level  over 10 candidates, one Lean run: 62.0s
      RTYPE          rop.ADD                                  UNDECIDED none 8.5s
      RTYPE          rop.SUB                                  UNDECIDED none 8.4s
      RTYPE          rop.SLL                                  UNDECIDED none 8.4s
      RTYPE          rop.SLT                                  UNDECIDED none 8.1s
      RTYPE          rop.SLTU                                 UNDECIDED none 8.3s
      RTYPE          rop.XOR                                  UNDECIDED none 8.6s
      RTYPE          rop.SRL                                  UNDECIDED none 8.5s
      RTYPE          rop.SRA                                  UNDECIDED none 8.6s
      RTYPE          rop.OR                                   UNDECIDED none 8.5s
      RTYPE          rop.AND                                  UNDECIDED none 8.7s
      integer_level  over 12 candidates, one Lean run: 47.6s
      integer_level  over 12 candidates, one Lean run: 29.3s
  blt_gpr_gpr_64__branch_condition__go__native_first F over ['a', 'b']; 52 candidates
      same_text      over 52 candidates, one Lean run: 3.4s
      RTYPE          rop.SLT                                  PROVED    same_text
  blt_gpr_gpr_gpr_64__branch_condition__go__native_first F over ['a', 'b']; 52 candidates
      same_text      over 52 candidates, one Lean run: 3.3s
      RTYPE          rop.SLT                                  PROVED    same_text
  blt_gpr_gpr_imm_64__branch_condition__go__native_first F over ['a', 'b']; 52 candidates
      same_text      over 52 candidates, one Lean run: 3.1s
      RTYPE          rop.SLT                                  PROVED    same_text
  blt_gpr_gpr_same_64__branch_condition__go__native_first F over ['a', 'b']; 52 candidates
      same_text      over 52 candidates, one Lean run: 3.6s
      RTYPE          rop.SLT                                  PROVED    same_text
  bltu_gpr_gpr_64__branch_condition__go__native_first F over ['a', 'b']; 52 candidates
      same_text      over 52 candidates, one Lean run: 3.6s
      RTYPE          rop.SLTU                                 PROVED    same_text
  bltu_gpr_gpr_gpr_64__branch_condition__go__native_first F over ['a', 'b']; 52 candidates
      same_text      over 52 candidates, one Lean run: 3.5s
      RTYPE          rop.SLTU                                 PROVED    same_text
  bltu_gpr_gpr_imm_64__branch_condition__go__native_first F over ['a', 'b']; 52 candidates
      same_text      over 52 candidates, one Lean run: 3.2s
      RTYPE          rop.SLTU                                 PROVED    same_text
  bltu_gpr_gpr_same_64__branch_condition__go__native_first F over ['a', 'b']; 52 candidates
      same_text      over 52 candidates, one Lean run: 3.7s
      RTYPE          rop.SLTU                                 PROVED    same_text
  bne_gpr_gpr_gpr_64__branch_condition__c__native_first F over ['a', 'b']; 52 candidates
      same_text      over 52 candidates, one Lean run: 3.6s
      integer_level  over 10 candidates, one Lean run: 42.4s
      RTYPE          rop.ADD                                  UNDECIDED none 8.1s
      RTYPE          rop.SUB                                  UNDECIDED none 6.8s
      RTYPE          rop.SLL                                  UNDECIDED none 6.7s
      RTYPE          rop.SLT                                  UNDECIDED none 6.5s
      RTYPE          rop.SLTU                                 UNDECIDED none 6.7s
      RTYPE          rop.XOR                                  UNDECIDED none 6.6s
      RTYPE          rop.SRL                                  UNDECIDED none 7.2s
      RTYPE          rop.SRA                                  UNDECIDED none 6.7s
      RTYPE          rop.OR                                   UNDECIDED none 6.2s
      RTYPE          rop.AND                                  UNDECIDED none 6.5s
      integer_level  over 12 candidates, one Lean run: 40.7s
      integer_level  over 12 candidates, one Lean run: 20.8s
      integer_level  over 12 candidates, one Lean run: 29.7s
  bne_gpr_gpr_same_64__branch_condition__c__native_first F over ['a', 'b']; 52 candidates
      same_text      over 52 candidates, one Lean run: 3.9s
      integer_level  over 10 candidates, one Lean run: 33.9s
      RTYPE          rop.ADD                                  UNDECIDED none 5.4s
      RTYPE          rop.SUB                                  UNDECIDED none 5.6s
      RTYPE          rop.SLL                                  UNDECIDED none 5.8s
      RTYPE          rop.SLT                                  UNDECIDED none 6.1s
      RTYPE          rop.SLTU                                 UNDECIDED none 5.8s
      RTYPE          rop.XOR                                  UNDECIDED none 6.5s
      RTYPE          rop.SRL                                  UNDECIDED none 5.4s
      RTYPE          rop.SRA                                  UNDECIDED none 5.6s
      RTYPE          rop.OR                                   UNDECIDED none 5.8s
      RTYPE          rop.AND                                  UNDECIDED none 6.1s
      integer_level  over 12 candidates, one Lean run: 46.7s
      integer_level  over 12 candidates, one Lean run: 22.8s
      integer_level  over 12 candidates, one Lean run: 32.9s
  div_gpr_gpr_same_64__reg_a0__c__native_first F over ['a']; 9 candidates
      same_text      over  9 candidates, one Lean run: 3.1s
      integer_level  over  9 candidates, one Lean run: 22.6s
      BREV8                                                   UNDECIDED none 5.3s
      CLZ                                                     UNDECIDED none 5.0s
      CLZW                                                    UNDECIDED none 5.0s
