  emitted definitions scanned: 4750
  lhu_gpr_gpr_same_16__reg_a0__go__all_constructed F over ['a']; 9 candidates
      evaluation over 9 candidates on 4 samples, one Lean run: 2.7s; 1 survive
      same_text      over  1 candidates, one Lean run: 1.3s
      integer_level  over  1 candidates, one Lean run: 2.3s
      ZBB_EXTOP      extop_zbb.ZEXTH                          UNDECIDED none 5.0s
  lhu_gpr_fpr_16__reg_a0__go__all_constructed  F over ['a']; 9 candidates
      evaluation over 9 candidates on 4 samples, one Lean run: 2.7s; 1 survive
      same_text      over  1 candidates, one Lean run: 1.3s
      integer_level  over  1 candidates, one Lean run: 2.3s
      ZBB_EXTOP      extop_zbb.ZEXTH                          UNDECIDED none 5.0s
  srl_gpr_gpr_gpr_64__reg_a0__c__all_constructed F over ['a', 'b']; 52 candidates
      evaluation over 52 candidates on 4 samples, one Lean run: 5.2s; 1 survive
      same_text      over  1 candidates, one Lean run: 1.9s
      integer_level  over  1 candidates, one Lean run: 3.1s
      RTYPE          rop.SRL                                  UNDECIDED none 6.5s
  lhu_gpr_gpr_imm_16__reg_a0__go__native_first F over ['a']; 9 candidates
      evaluation over 9 candidates on 4 samples, one Lean run: 2.6s; 1 survive
      same_text      over  1 candidates, one Lean run: 1.3s
      integer_level  over  1 candidates, one Lean run: 2.3s
      ZBB_EXTOP      extop_zbb.ZEXTH                          UNDECIDED none 4.9s
  lhu_gpr_fpr_fpr_16__reg_a0__go__native_first F over ['a']; 9 candidates
      evaluation over 9 candidates on 4 samples, one Lean run: 2.6s; 1 survive
      same_text      over  1 candidates, one Lean run: 1.3s
      integer_level  over  1 candidates, one Lean run: 2.3s
      ZBB_EXTOP      extop_zbb.ZEXTH                          UNDECIDED none 4.9s
  sll_gpr_gpr_gpr_64__reg_a0__go__native_first F over ['a', 'b']; 52 candidates
      evaluation over 52 candidates on 4 samples, one Lean run: 5.1s; 1 survive
      same_text      over  1 candidates, one Lean run: 1.8s
      integer_level  over  1 candidates, one Lean run: 2.6s
      RTYPE          rop.SLL                                  UNDECIDED none 5.8s
  bltu_gpr_gpr_64__branch_condition__rust__all_constructed F over ['a', 'b']; 52 candidates
      evaluation over 52 candidates on 4 samples, one Lean run: 13.0s; 1 survive
      same_text      over  1 candidates, one Lean run: 2.3s
      integer_level  over  1 candidates, one Lean run: 6.3s
      RTYPE          rop.SLTU                                 UNDECIDED none 16.6s
  slt_gpr_gpr_gpr_64__reg_a0__rust__all_constructed F over ['a', 'b']; 52 candidates
      evaluation over 52 candidates on 4 samples, one Lean run: 40.1s; 1 survive
      same_text      over  1 candidates, one Lean run: 2.8s
      integer_level  over  1 candidates, one Lean run: 4.5s
      RTYPE          rop.SLT                                  UNDECIDED none 22.3s
  add_gpr_gpr_gpr_64__reg_a0__rust__all_constructed F over ['a', 'b']; 52 candidates
      evaluation over 52 candidates on 4 samples, one Lean run: 9.9s; 2 survive
      same_text      over  2 candidates, one Lean run: 3.1s
      integer_level  over  1 candidates, one Lean run: 81.1s
      RTYPE          rop.ADD                                  UNDECIDED none 87.7s
      integer_level  over  1 candidates, one Lean run: 92.2s
      RTYPEW         ropw.ADDW                                UNDECIDED none 98.9s
  bltu_gpr_gpr_same_64__branch_condition__rust__all_constructed F over ['a', 'b']; 52 candidates
      evaluation over 52 candidates on 4 samples, one Lean run: 12.9s; 1 survive
      same_text      over  1 candidates, one Lean run: 2.3s
      integer_level  over  1 candidates, one Lean run: 6.2s
      RTYPE          rop.SLTU                                 UNDECIDED none 16.5s
  srlw_gpr_gpr_gpr_32__reg_a0__cpp__all_constructed F over ['a', 'b']; 52 candidates
      evaluation over 52 candidates on 4 samples, one Lean run: 7.8s; 1 survive
      same_text      over  1 candidates, one Lean run: 2.2s
      integer_level  over  1 candidates, one Lean run: 45.1s
      RTYPEW         ropw.SRLW                                UNDECIDED none 57.1s
  equals: 11 units, 0 with a proved definition
