  emitted definitions scanned: 4750
  add_gpr_gpr_gpr_64__reg_a0__cpp__all_constructed F over ['a', 'b']; 52 candidates
      same_text      over 52 candidates, one Lean run: 63.0s
      integer_level  over 10 candidates, one Lean run: 120.0s; TIMEOUT
  add_gpr_gpr_same_64__reg_a0__cpp__all_constructed F over ['a']; 9 candidates
      same_text      over  9 candidates, one Lean run: 3.0s
      integer_level  over  9 candidates, one Lean run: 27.0s
      BREV8                                                   UNDECIDED none 5.8s
      CLZ                                                     UNDECIDED none 6.8s
      CLZW                                                    UNDECIDED none 7.0s
      CTZ                                                     UNDECIDED none 6.8s
      CTZW                                                    UNDECIDED none 5.9s
      REV8                                                    UNDECIDED none 5.7s
      ZBB_EXTOP      extop_zbb.SEXTB                          UNDECIDED none 6.7s
      ZBB_EXTOP      extop_zbb.SEXTH                          UNDECIDED none 5.4s
      ZBB_EXTOP      extop_zbb.ZEXTH                          UNDECIDED none 5.7s
  addi_gpr_gpr_imm_64__reg_a0__cpp__all_constructed F over ['a']; 9 candidates
      same_text      over  9 candidates, one Lean run: 10.0s
      integer_level  over  9 candidates, one Lean run: 120.0s; TIMEOUT
      BREV8                                                   UNDECIDED none 24.9s
      CLZ                                                     UNDECIDED none 27.0s
  addw_gpr_gpr_same_32__reg_a0__cpp__all_constructed F over ['a']; 9 candidates
      same_text      over  9 candidates, one Lean run: 15.4s
      integer_level  over  9 candidates, one Lean run: 120.0s; TIMEOUT
      BREV8                                                   UNDECIDED none 21.3s
      CLZ                                                     UNDECIDED none 19.1s
      CLZW                                                    UNDECIDED none 19.1s
      CTZ                                                     UNDECIDED none 21.8s
  and_gpr_gpr_gpr_64__reg_a0__cpp__all_constructed F over ['a', 'b']; 52 candidates
      same_text      over 52 candidates, one Lean run: 6.3s
      RTYPE          rop.AND                                  PROVED    same_text
  andi_gpr_gpr_imm_64__reg_a0__cpp__all_constructed F over ['a']; 9 candidates
      same_text      over  9 candidates, one Lean run: 2.2s
      integer_level  over  9 candidates, one Lean run: 22.3s
      BREV8                                                   UNDECIDED none 4.7s
      CLZ                                                     UNDECIDED none 4.2s
      CLZW                                                    UNDECIDED none 4.4s
      CTZ                                                     UNDECIDED none 4.6s
      CTZW                                                    UNDECIDED none 4.5s
      REV8                                                    UNDECIDED none 4.7s
      ZBB_EXTOP      extop_zbb.SEXTB                          UNDECIDED none 4.5s
      ZBB_EXTOP      extop_zbb.SEXTH                          UNDECIDED none 4.6s
      ZBB_EXTOP      extop_zbb.ZEXTH                          UNDECIDED none 4.8s
  beq_gpr_gpr_64__branch_condition__cpp__all_constructed F over ['a', 'b']; 52 candidates
      same_text      over 52 candidates, one Lean run: 72.8s
