  emitted definitions scanned: 4750
  add_gpr_gpr_gpr_64__reg_a0__cpp__native_first F over ['a', 'b']; 52 candidates
      same_text      over 52 candidates, one Lean run: 7.2s
      RTYPE          rop.ADD                                  PROVED    same_text
  add_gpr_gpr_same_64__reg_a0__cpp__native_first F over ['a']; 9 candidates
      same_text      over  9 candidates, one Lean run: 3.7s
      integer_level  over  9 candidates, one Lean run: 27.7s
      BREV8                                                   UNDECIDED none 6.7s
      CLZ                                                     UNDECIDED none 6.1s
      CLZW                                                    UNDECIDED none 5.8s
      CTZ                                                     UNDECIDED none 5.9s
      CTZW                                                    UNDECIDED none 6.1s
      REV8                                                    UNDECIDED none 5.5s
      ZBB_EXTOP      extop_zbb.SEXTB                          UNDECIDED none 5.6s
      ZBB_EXTOP      extop_zbb.SEXTH                          UNDECIDED none 5.3s
      ZBB_EXTOP      extop_zbb.ZEXTH                          UNDECIDED none 5.3s
  addi_gpr_gpr_imm_64__reg_a0__cpp__native_first F over ['a']; 9 candidates
      same_text      over  9 candidates, one Lean run: 2.2s
      integer_level  over  9 candidates, one Lean run: 18.6s
      BREV8                                                   UNDECIDED none 4.8s
      CLZ                                                     UNDECIDED none 4.6s
      CLZW                                                    UNDECIDED none 4.9s
      CTZ                                                     UNDECIDED none 4.0s
      CTZW                                                    UNDECIDED none 3.8s
      REV8                                                    UNDECIDED none 3.9s
      ZBB_EXTOP      extop_zbb.SEXTB                          UNDECIDED none 3.8s
      ZBB_EXTOP      extop_zbb.SEXTH                          UNDECIDED none 3.8s
      ZBB_EXTOP      extop_zbb.ZEXTH                          UNDECIDED none 4.3s
  and_gpr_gpr_gpr_64__reg_a0__cpp__native_first F over ['a', 'b']; 52 candidates
      same_text      over 52 candidates, one Lean run: 3.6s
      RTYPE          rop.AND                                  PROVED    same_text
  andi_gpr_gpr_imm_64__reg_a0__cpp__native_first F over ['a']; 9 candidates
      same_text      over  9 candidates, one Lean run: 2.2s
      integer_level  over  9 candidates, one Lean run: 15.3s
      BREV8                                                   UNDECIDED none 3.5s
      CLZ                                                     UNDECIDED none 3.3s
      CLZW                                                    UNDECIDED none 3.3s
      CTZ                                                     UNDECIDED none 3.3s
      CTZW                                                    UNDECIDED none 3.3s
      REV8                                                    UNDECIDED none 3.4s
      ZBB_EXTOP      extop_zbb.SEXTB                          UNDECIDED none 3.5s
      ZBB_EXTOP      extop_zbb.SEXTH                          UNDECIDED none 3.4s
      ZBB_EXTOP      extop_zbb.ZEXTH                          UNDECIDED none 3.6s
  beq_gpr_gpr_64__branch_condition__cpp__native_first F over ['a', 'b']; 52 candidates
      same_text      over 52 candidates, one Lean run: 4.0s
      integer_level  over 10 candidates, one Lean run: 38.3s
      integer_level  over 42 candidates, one Lean run: 120.0s; TIMEOUT
  beq_gpr_gpr_gpr_64__branch_condition__cpp__native_first F over ['a', 'b']; 52 candidates
      same_text      over 52 candidates, one Lean run: 6.9s
      integer_level  over 10 candidates, one Lean run: 41.8s
      integer_level  over 42 candidates, one Lean run: 120.0s; TIMEOUT
  beq_gpr_gpr_imm_64__branch_condition__cpp__native_first F over ['a', 'b']; 52 candidates
      same_text      over 52 candidates, one Lean run: 6.4s
      integer_level  over 10 candidates, one Lean run: 38.7s
      integer_level  over 42 candidates, one Lean run: 120.0s; TIMEOUT
  beq_gpr_gpr_same_64__branch_condition__cpp__native_first F over ['a', 'b']; 52 candidates
      same_text      over 52 candidates, one Lean run: 7.7s
      integer_level  over 10 candidates, one Lean run: 44.1s
