  emitted definitions scanned: 4750
  add_gpr_gpr_same_64__reg_a0__c__all_constructed F over ['a']; 9 candidates
      same_text      over  9 candidates, one Lean run: 2.7s
      integer_level  over  9 candidates, one Lean run: 22.4s
      BREV8                                                   UNDECIDED none 5.5s
      CLZ                                                     UNDECIDED none 6.1s
      CLZW                                                    UNDECIDED none 5.5s
      CTZ                                                     UNDECIDED none 5.2s
      CTZW                                                    UNDECIDED none 5.2s
      REV8                                                    UNDECIDED none 4.9s
      ZBB_EXTOP      extop_zbb.SEXTB                          UNDECIDED none 5.1s
      ZBB_EXTOP      extop_zbb.SEXTH                          UNDECIDED none 5.1s
      ZBB_EXTOP      extop_zbb.ZEXTH                          UNDECIDED none 5.7s
  addw_gpr_gpr_same_32__reg_a0__c__all_constructed F over ['a']; 9 candidates
      same_text      over  9 candidates, one Lean run: 10.1s
      integer_level  over  9 candidates, one Lean run: 120.0s; TIMEOUT
      BREV8                                                   UNDECIDED none 20.3s
      CLZ                                                     UNDECIDED none 22.2s
      CLZW                                                    UNDECIDED none 20.2s
      CTZ                                                     UNDECIDED none 22.8s
  andi_gpr_gpr_imm_64__reg_a0__c__all_constructed F over ['a']; 9 candidates
      same_text      over  9 candidates, one Lean run: 4.0s
      integer_level  over  9 candidates, one Lean run: 23.4s
      BREV8                                                   UNDECIDED none 6.3s
      CLZ                                                     UNDECIDED none 5.7s
      CLZW                                                    UNDECIDED none 6.6s
      CTZ                                                     UNDECIDED none 5.3s
      CTZW                                                    UNDECIDED none 5.1s
      REV8                                                    UNDECIDED none 6.4s
      ZBB_EXTOP      extop_zbb.SEXTB                          UNDECIDED none 6.3s
      ZBB_EXTOP      extop_zbb.SEXTH                          UNDECIDED none 6.6s
      ZBB_EXTOP      extop_zbb.ZEXTH                          UNDECIDED none 6.9s
  beq_gpr_gpr_64__branch_condition__go__all_constructed F over ['a', 'b']; 52 candidates
      same_text      over 52 candidates, one Lean run: 80.6s
      integer_level  over 10 candidates, one Lean run: 120.0s; TIMEOUT
  beq_gpr_gpr_gpr_64__branch_condition__go__all_constructed F over ['a', 'b']; 52 candidates
      same_text      over 52 candidates, one Lean run: 63.0s
      integer_level  over 10 candidates, one Lean run: 120.0s; TIMEOUT
  beq_gpr_gpr_imm_64__branch_condition__go__all_constructed F over ['a', 'b']; 52 candidates
      same_text      over 52 candidates, one Lean run: 60.0s
