  emitted definitions scanned: 4750
  add_gpr_gpr_gpr_64__reg_a0__c__all_constructed F over ['a', 'b']; 52 candidates
      same_text      over 52 candidates, one Lean run: 56.4s
      integer_level  over 10 candidates, one Lean run: 120.0s; TIMEOUT
  addi_gpr_gpr_imm_64__reg_a0__c__all_constructed F over ['a']; 9 candidates
      same_text      over  9 candidates, one Lean run: 13.1s
      integer_level  over  9 candidates, one Lean run: 120.0s; TIMEOUT
      BREV8                                                   UNDECIDED none 22.4s
      CLZ                                                     UNDECIDED none 24.1s
  and_gpr_gpr_gpr_64__reg_a0__c__all_constructed F over ['a', 'b']; 52 candidates
      same_text      over 52 candidates, one Lean run: 4.6s
      RTYPE          rop.AND                                  PROVED    same_text
  beq_gpr_gpr_64__branch_condition__c__all_constructed F over ['a', 'b']; 52 candidates
      same_text      over 52 candidates, one Lean run: 74.1s
      integer_level  over 19 candidates, one Lean run: 120.0s; TIMEOUT
  beq_gpr_gpr_gpr_64__branch_condition__c__all_constructed F over ['a', 'b']; 52 candidates
      same_text      over 52 candidates, one Lean run: 69.7s
      integer_level  over 19 candidates, one Lean run: 120.0s; TIMEOUT
  beq_gpr_gpr_imm_64__branch_condition__c__all_constructed F over ['a', 'b']; 52 candidates
      same_text      over 52 candidates, one Lean run: 58.0s
