  emitted definitions scanned: 4750
  add_gpr_gpr_gpr_64__reg_a0__cpp__native_first F over ['a', 'b']; 52 candidates
      same_text      over 52 candidates, one Lean run: 5.8s
      RTYPE          rop.ADD                                  PROVED    same_text
  add_gpr_gpr_same_64__reg_a0__cpp__native_first F over ['a']; 9 candidates
      same_text      over  9 candidates, one Lean run: 2.2s
      integer_level  over  9 candidates, one Lean run: 20.2s
      BREV8                                                   UNDECIDED none 4.9s
      CLZ                                                     UNDECIDED none 4.6s
      CLZW                                                    UNDECIDED none 4.5s
      CTZ                                                     UNDECIDED none 4.4s
      CTZW                                                    UNDECIDED none 4.5s
      REV8                                                    UNDECIDED none 4.7s
      ZBB_EXTOP      extop_zbb.SEXTB                          UNDECIDED none 4.4s
      ZBB_EXTOP      extop_zbb.SEXTH                          UNDECIDED none 5.1s
      ZBB_EXTOP      extop_zbb.ZEXTH                          UNDECIDED none 4.8s
  addi_gpr_gpr_imm_64__reg_a0__cpp__native_first F over ['a']; 9 candidates
      same_text      over  9 candidates, one Lean run: 3.0s
      integer_level  over  9 candidates, one Lean run: 17.5s
      BREV8                                                   UNDECIDED none 4.6s
      CLZ                                                     UNDECIDED none 4.9s
      CLZW                                                    UNDECIDED none 5.2s
      CTZ                                                     UNDECIDED none 4.9s
      CTZW                                                    UNDECIDED none 4.7s
      REV8                                                    UNDECIDED none 5.0s
      ZBB_EXTOP      extop_zbb.SEXTB                          UNDECIDED none 4.4s
      ZBB_EXTOP      extop_zbb.SEXTH                          UNDECIDED none 4.3s
      ZBB_EXTOP      extop_zbb.ZEXTH                          UNDECIDED none 4.0s
  and_gpr_gpr_gpr_64__reg_a0__cpp__native_first F over ['a', 'b']; 52 candidates
      same_text      over 52 candidates, one Lean run: 3.5s
      RTYPE          rop.AND                                  PROVED    same_text
  andi_gpr_gpr_imm_64__reg_a0__cpp__native_first F over ['a']; 9 candidates
      same_text      over  9 candidates, one Lean run: 2.3s
      integer_level  over  9 candidates, one Lean run: 15.9s
      BREV8                                                   UNDECIDED none 3.6s
      CLZ                                                     UNDECIDED none 3.4s
      CLZW                                                    UNDECIDED none 3.5s
      CTZ                                                     UNDECIDED none 3.4s
      CTZW                                                    UNDECIDED none 3.6s
      REV8                                                    UNDECIDED none 3.6s
      ZBB_EXTOP      extop_zbb.SEXTB                          UNDECIDED none 3.5s
      ZBB_EXTOP      extop_zbb.SEXTH                          UNDECIDED none 3.5s
      ZBB_EXTOP      extop_zbb.ZEXTH                          UNDECIDED none 3.5s
  beq_gpr_gpr_64__branch_condition__cpp__native_first F over ['a', 'b']; 52 candidates
      same_text      over 52 candidates, one Lean run: 4.2s
      integer_level  over 10 candidates, one Lean run: 34.0s
      integer_level  over 12 candidates, one Lean run: 52.7s
      integer_level  over 12 candidates, one Lean run: 31.8s
      integer_level  over 12 candidates, one Lean run: 53.7s
  beq_gpr_gpr_gpr_64__branch_condition__cpp__native_first F over ['a', 'b']; 52 candidates
      same_text      over 52 candidates, one Lean run: 4.1s
      integer_level  over 10 candidates, one Lean run: 41.8s
      integer_level  over 12 candidates, one Lean run: 50.0s
      integer_level  over 12 candidates, one Lean run: 27.2s
      integer_level  over 12 candidates, one Lean run: 29.2s
  beq_gpr_gpr_imm_64__branch_condition__cpp__native_first F over ['a', 'b']; 52 candidates
      same_text      over 52 candidates, one Lean run: 4.6s
      integer_level  over 10 candidates, one Lean run: 43.1s
      integer_level  over 12 candidates, one Lean run: 46.6s
      integer_level  over 12 candidates, one Lean run: 27.6s
      integer_level  over 12 candidates, one Lean run: 38.0s
  beq_gpr_gpr_same_64__branch_condition__cpp__native_first F over ['a', 'b']; 52 candidates
      same_text      over 52 candidates, one Lean run: 5.4s
      integer_level  over 10 candidates, one Lean run: 42.5s
      integer_level  over 12 candidates, one Lean run: 37.3s
      integer_level  over 12 candidates, one Lean run: 21.5s
      integer_level  over 12 candidates, one Lean run: 39.3s
      integer_level  over  6 candidates, one Lean run: 23.5s
  bge_gpr_gpr_64__branch_condition__cpp__native_first F over ['a', 'b']; 52 candidates
      same_text      over 52 candidates, one Lean run: 5.2s
      integer_level  over 10 candidates, one Lean run: 56.8s
      integer_level  over 12 candidates, one Lean run: 45.8s
      integer_level  over 12 candidates, one Lean run: 25.3s
      integer_level  over 12 candidates, one Lean run: 43.0s
  bge_gpr_gpr_gpr_64__branch_condition__cpp__native_first F over ['a', 'b']; 52 candidates
      same_text      over 52 candidates, one Lean run: 4.8s
      integer_level  over 10 candidates, one Lean run: 62.2s
      integer_level  over 12 candidates, one Lean run: 48.2s
