  emitted definitions scanned: 4750
  add_gpr_gpr_gpr_64__reg_a0__cpp__native_first F over ['a', 'b']; 52 candidates
      same_text      over 52 candidates, one Lean run: 3.9s
      RTYPE          rop.ADD                                  PROVED    same_text
  add_gpr_gpr_same_64__reg_a0__cpp__native_first F over ['a']; 9 candidates
      same_text      over  9 candidates, one Lean run: 1.7s
      evaluation over 9 candidates on 4 samples, one Lean run: 3.5s; 0 survive
  addi_gpr_gpr_imm_64__reg_a0__cpp__native_first F over ['a']; 9 candidates
      same_text      over  9 candidates, one Lean run: 2.1s
      evaluation over 9 candidates on 4 samples, one Lean run: 3.4s; 0 survive
  and_gpr_gpr_gpr_64__reg_a0__cpp__native_first F over ['a', 'b']; 52 candidates
      same_text      over 52 candidates, one Lean run: 3.3s
      RTYPE          rop.AND                                  PROVED    same_text
  andi_gpr_gpr_imm_64__reg_a0__cpp__native_first F over ['a']; 9 candidates
      same_text      over  9 candidates, one Lean run: 1.9s
      evaluation over 9 candidates on 4 samples, one Lean run: 3.4s; 0 survive
  beq_gpr_gpr_64__branch_condition__cpp__native_first F over ['a', 'b']; 52 candidates
      same_text      over 52 candidates, one Lean run: 4.0s
      evaluation over 52 candidates on 4 samples, one Lean run: 8.3s; 0 survive
  beq_gpr_gpr_gpr_64__branch_condition__cpp__native_first F over ['a', 'b']; 52 candidates
      same_text      over 52 candidates, one Lean run: 4.4s
      evaluation over 52 candidates on 4 samples, one Lean run: 6.7s; 0 survive
  beq_gpr_gpr_imm_64__branch_condition__cpp__native_first F over ['a', 'b']; 52 candidates
      same_text      over 52 candidates, one Lean run: 3.8s
      evaluation over 52 candidates on 4 samples, one Lean run: 6.4s; 0 survive
  beq_gpr_gpr_same_64__branch_condition__cpp__native_first F over ['a', 'b']; 52 candidates
      same_text      over 52 candidates, one Lean run: 3.9s
      evaluation over 52 candidates on 4 samples, one Lean run: 7.1s; 0 survive
  bge_gpr_gpr_64__branch_condition__cpp__native_first F over ['a', 'b']; 52 candidates
      same_text      over 52 candidates, one Lean run: 4.3s
      evaluation over 52 candidates on 4 samples, one Lean run: 6.4s; 0 survive
  bge_gpr_gpr_gpr_64__branch_condition__cpp__native_first F over ['a', 'b']; 52 candidates
      same_text      over 52 candidates, one Lean run: 4.0s
      evaluation over 52 candidates on 4 samples, one Lean run: 6.4s; 0 survive
  bge_gpr_gpr_imm_64__branch_condition__cpp__native_first F over ['a', 'b']; 52 candidates
      same_text      over 52 candidates, one Lean run: 4.6s
      evaluation over 52 candidates on 4 samples, one Lean run: 7.2s; 0 survive
  bge_gpr_gpr_same_64__branch_condition__cpp__native_first F over ['a', 'b']; 52 candidates
      same_text      over 52 candidates, one Lean run: 5.0s
      evaluation over 52 candidates on 4 samples, one Lean run: 7.8s; 0 survive
  bgeu_gpr_gpr_64__branch_condition__cpp__native_first F over ['a', 'b']; 52 candidates
      same_text      over 52 candidates, one Lean run: 4.5s
      evaluation over 52 candidates on 4 samples, one Lean run: 6.3s; 0 survive
  bgeu_gpr_gpr_gpr_64__branch_condition__cpp__native_first F over ['a', 'b']; 52 candidates
      same_text      over 52 candidates, one Lean run: 4.1s
      evaluation over 52 candidates on 4 samples, one Lean run: 6.5s; 0 survive
  bgeu_gpr_gpr_imm_64__branch_condition__cpp__native_first F over ['a', 'b']; 52 candidates
      same_text      over 52 candidates, one Lean run: 3.8s
      evaluation over 52 candidates on 4 samples, one Lean run: 6.7s; 0 survive
  bgeu_gpr_gpr_same_64__branch_condition__cpp__native_first F over ['a', 'b']; 52 candidates
      same_text      over 52 candidates, one Lean run: 3.9s
      evaluation over 52 candidates on 4 samples, one Lean run: 6.4s; 0 survive
  blt_gpr_gpr_64__branch_condition__cpp__native_first F over ['a', 'b']; 52 candidates
      same_text      over 52 candidates, one Lean run: 3.5s
      RTYPE          rop.SLT                                  PROVED    same_text
  blt_gpr_gpr_gpr_64__branch_condition__cpp__native_first F over ['a', 'b']; 52 candidates
      same_text      over 52 candidates, one Lean run: 3.6s
      RTYPE          rop.SLT                                  PROVED    same_text
  blt_gpr_gpr_imm_64__branch_condition__cpp__native_first F over ['a', 'b']; 52 candidates
      same_text      over 52 candidates, one Lean run: 4.0s
      RTYPE          rop.SLT                                  PROVED    same_text
  blt_gpr_gpr_same_64__branch_condition__cpp__native_first F over ['a', 'b']; 52 candidates
      same_text      over 52 candidates, one Lean run: 3.7s
      RTYPE          rop.SLT                                  PROVED    same_text
  bltu_gpr_gpr_64__branch_condition__cpp__native_first F over ['a', 'b']; 52 candidates
      same_text      over 52 candidates, one Lean run: 3.8s
      RTYPE          rop.SLTU                                 PROVED    same_text
  bltu_gpr_gpr_gpr_64__branch_condition__cpp__native_first F over ['a', 'b']; 52 candidates
      same_text      over 52 candidates, one Lean run: 4.5s
      RTYPE          rop.SLTU                                 PROVED    same_text
  bltu_gpr_gpr_imm_64__branch_condition__cpp__native_first F over ['a', 'b']; 52 candidates
      same_text      over 52 candidates, one Lean run: 4.6s
      RTYPE          rop.SLTU                                 PROVED    same_text
  bltu_gpr_gpr_same_64__branch_condition__cpp__native_first F over ['a', 'b']; 52 candidates
      same_text      over 52 candidates, one Lean run: 3.5s
      RTYPE          rop.SLTU                                 PROVED    same_text
  bne_gpr_gpr_64__branch_condition__cpp__native_first F over ['a', 'b']; 52 candidates
      same_text      over 52 candidates, one Lean run: 4.0s
      evaluation over 52 candidates on 4 samples, one Lean run: 6.8s; 0 survive
  bne_gpr_gpr_gpr_64__branch_condition__cpp__native_first F over ['a', 'b']; 52 candidates
      same_text      over 52 candidates, one Lean run: 4.4s
      evaluation over 52 candidates on 4 samples, one Lean run: 7.8s; 0 survive
  bne_gpr_gpr_imm_64__branch_condition__cpp__native_first F over ['a', 'b']; 52 candidates
      same_text      over 52 candidates, one Lean run: 4.4s
      evaluation over 52 candidates on 4 samples, one Lean run: 7.4s; 0 survive
  bne_gpr_gpr_same_64__branch_condition__cpp__native_first F over ['a', 'b']; 52 candidates
      same_text      over 52 candidates, one Lean run: 4.4s
      evaluation over 52 candidates on 4 samples, one Lean run: 8.1s; 0 survive
  czero_eqz_gpr_gpr_gpr_64__reg_a0__rust__native_first F over ['a', 'b']; 52 candidates
      same_text      over 52 candidates, one Lean run: 20.7s
      evaluation over 52 candidates on 4 samples, one Lean run: 8.9s; 0 survive
  czero_nez_gpr_gpr_same_64__reg_a0__cpp__native_first F over []; 0 candidates
      same_text      over  0 candidates, one Lean run: 1.8s; TIMEOUT
      evaluation: the emit did not evaluate (1.7s); every candidate goes to the provers; ath/equals_corpus_j_3_0/Eval_czero_nez_gpr_gpr_same_64__reg_a0__cpp__native_first.lean:233:59: error: unexpected token '=>'; expected '[', '{', '|', '⦃' or term
  div_gpr_gpr_same_64__reg_a0__cpp__native_first F over ['a']; 9 candidates
      same_text      over  9 candidates, one Lean run: 2.3s
      evaluation over 9 candidates on 4 samples, one Lean run: 3.3s; 0 survive
  divu_gpr_gpr_gpr_64__reg_a0__cpp__native_first F over ['a', 'b']; 52 candidates
      same_text      over 52 candidates, one Lean run: 3.7s
      evaluation over 52 candidates on 4 samples, one Lean run: 5.9s; 0 survive
  divu_gpr_gpr_same_64__reg_a0__cpp__native_first F over ['a']; 9 candidates
      same_text      over  9 candidates, one Lean run: 2.1s
      evaluation over 9 candidates on 4 samples, one Lean run: 3.7s; 0 survive
  divuw_gpr_gpr_same_32__reg_a0__cpp__native_first F over ['a']; 9 candidates
      same_text      over  9 candidates, one Lean run: 2.6s
      evaluation over 9 candidates on 4 samples, one Lean run: 4.0s; 0 survive
  divw_gpr_gpr_same_32__reg_a0__cpp__native_first F over ['a']; 9 candidates
      same_text      over  9 candidates, one Lean run: 2.4s
      evaluation over 9 candidates on 4 samples, one Lean run: 3.8s; 0 survive
  flw_fpr_fpr_32__freg_fa0__cpp__native_first  F over ['a']; 9 candidates
      same_text      over  9 candidates, one Lean run: 2.9s
      evaluation over 9 candidates on 4 samples, one Lean run: 4.4s; 0 survive
  flw_fpr_fpr_fpr_32__freg_fa0__cpp__native_first F over ['a']; 9 candidates
      same_text      over  9 candidates, one Lean run: 3.0s
      evaluation over 9 candidates on 4 samples, one Lean run: 4.6s; 0 survive
  flw_fpr_gpr_32__freg_fa0__cpp__native_first  F over ['a']; 9 candidates
      same_text      over  9 candidates, one Lean run: 2.7s
      evaluation over 9 candidates on 4 samples, one Lean run: 4.7s; 0 survive
  flw_fpr_mem_32__freg_fa0__cpp__native_first  F over ['a']; 9 candidates
      same_text      over  9 candidates, one Lean run: 2.9s
      evaluation over 9 candidates on 4 samples, one Lean run: 4.2s; 0 survive
  fmv_w_x_fpr_gpr_32__freg_fa0__cpp__native_first F over ['a']; 9 candidates
      same_text      over  9 candidates, one Lean run: 2.6s
      evaluation over 9 candidates on 4 samples, one Lean run: 4.7s; 0 survive
  fsw_fpr_fpr_32__mem_MEM_fa1__cpp__native_first F over ['a', 'b']; 52 candidates
      same_text      over 52 candidates, one Lean run: 4.7s
      evaluation over 52 candidates on 4 samples, one Lean run: 6.6s; 0 survive
  fsw_fpr_fpr_fpr_32__mem_MEM_fa1__cpp__native_first F over ['a', 'b']; 52 candidates
      same_text      over 52 candidates, one Lean run: 4.0s
      evaluation over 52 candidates on 4 samples, one Lean run: 6.7s; 0 survive
  fsw_fpr_gpr_32__mem_MEM_a1__cpp__native_first F over ['a', 'b']; 52 candidates
      same_text      over 52 candidates, one Lean run: 4.1s
      evaluation over 52 candidates on 4 samples, one Lean run: 7.2s; 0 survive
  fsw_fpr_mem_32__mem_MEM_0x0_a1___cpp__native_first F over ['a', 'b']; 52 candidates
      same_text      over 52 candidates, one Lean run: 4.7s
      evaluation over 52 candidates on 4 samples, one Lean run: 7.4s; 0 survive
  jal_gpr_fpr_64__reg_a0__cpp__native_first    F over ['a']; 9 candidates
      same_text      over  9 candidates, one Lean run: 2.1s
      evaluation over 9 candidates on 4 samples, one Lean run: 4.4s; 0 survive
  jal_gpr_fpr_fpr_64__reg_a0__cpp__native_first F over ['a']; 9 candidates
      same_text      over  9 candidates, one Lean run: 3.1s
      evaluation over 9 candidates on 4 samples, one Lean run: 5.0s; 0 survive
  jal_gpr_gpr_64__reg_a0__cpp__native_first    F over ['a']; 9 candidates
      same_text      over  9 candidates, one Lean run: 2.8s
      evaluation over 9 candidates on 4 samples, one Lean run: 4.3s; 0 survive
  jal_gpr_gpr_gpr_64__reg_a0__cpp__native_first F over ['a']; 9 candidates
      same_text      over  9 candidates, one Lean run: 2.3s
      evaluation over 9 candidates on 4 samples, one Lean run: 4.1s; 0 survive
  jal_gpr_gpr_imm_64__reg_a0__cpp__native_first F over ['a']; 9 candidates
      same_text      over  9 candidates, one Lean run: 2.4s
      evaluation over 9 candidates on 4 samples, one Lean run: 4.1s; 0 survive
  jal_gpr_gpr_same_64__reg_a0__cpp__native_first F over ['a']; 9 candidates
      same_text      over  9 candidates, one Lean run: 2.0s
      evaluation over 9 candidates on 4 samples, one Lean run: 3.4s; 0 survive
  jal_gpr_imm_64__reg_a0__cpp__native_first    F over ['a']; 9 candidates
      same_text      over  9 candidates, one Lean run: 1.9s
      evaluation over 9 candidates on 4 samples, one Lean run: 3.5s; 0 survive
  jal_gpr_mem_64__reg_a0__cpp__native_first    F over ['a']; 9 candidates
      same_text      over  9 candidates, one Lean run: 2.1s
      evaluation over 9 candidates on 4 samples, one Lean run: 3.3s; 0 survive
  jalr_gpr_fpr_64__reg_a0__cpp__native_first   F over ['a']; 9 candidates
      same_text      over  9 candidates, one Lean run: 1.9s
      evaluation over 9 candidates on 4 samples, one Lean run: 3.6s; 0 survive
  jalr_gpr_fpr_fpr_64__reg_a0__cpp__native_first F over ['a']; 9 candidates
      same_text      over  9 candidates, one Lean run: 1.8s
      evaluation over 9 candidates on 4 samples, one Lean run: 4.0s; 0 survive
  jalr_gpr_gpr_64__reg_a0__cpp__native_first   F over ['a']; 9 candidates
      same_text      over  9 candidates, one Lean run: 2.2s
      evaluation over 9 candidates on 4 samples, one Lean run: 3.9s; 0 survive
  jalr_gpr_gpr_gpr_64__reg_a0__cpp__native_first F over ['a']; 9 candidates
      same_text      over  9 candidates, one Lean run: 1.9s
      evaluation over 9 candidates on 4 samples, one Lean run: 4.2s; 0 survive
  jalr_gpr_gpr_imm_64__reg_a0__cpp__native_first F over ['a']; 9 candidates
      same_text      over  9 candidates, one Lean run: 2.2s
      evaluation over 9 candidates on 4 samples, one Lean run: 4.7s; 0 survive
  jalr_gpr_gpr_same_64__reg_a0__cpp__native_first F over ['a']; 9 candidates
      same_text      over  9 candidates, one Lean run: 2.5s
      evaluation over 9 candidates on 4 samples, one Lean run: 4.2s; 0 survive
  jalr_gpr_imm_64__reg_a0__cpp__native_first   F over ['a']; 9 candidates
      same_text      over  9 candidates, one Lean run: 2.2s
      evaluation over 9 candidates on 4 samples, one Lean run: 4.8s; 0 survive
  jalr_gpr_mem_64__reg_a0__cpp__native_first   F over ['a']; 9 candidates
      same_text      over  9 candidates, one Lean run: 2.9s
      evaluation over 9 candidates on 4 samples, one Lean run: 4.0s; 0 survive
  lwu_gpr_fpr_32__reg_a0__cpp__native_first    F over ['a']; 9 candidates
      same_text      over  9 candidates, one Lean run: 2.7s
      evaluation over 9 candidates on 4 samples, one Lean run: 4.3s; 0 survive
  lwu_gpr_fpr_fpr_32__reg_a0__cpp__native_first F over ['a']; 9 candidates
      same_text      over  9 candidates, one Lean run: 2.5s
      evaluation over 9 candidates on 4 samples, one Lean run: 4.5s; 0 survive
  lwu_gpr_gpr_32__reg_a0__cpp__native_first    F over ['a']; 9 candidates
      same_text      over  9 candidates, one Lean run: 2.0s
      evaluation over 9 candidates on 4 samples, one Lean run: 3.7s; 0 survive
  lwu_gpr_gpr_gpr_32__reg_a0__cpp__native_first F over ['a']; 9 candidates
      same_text      over  9 candidates, one Lean run: 1.9s
      evaluation over 9 candidates on 4 samples, one Lean run: 3.3s; 0 survive
  lwu_gpr_gpr_imm_32__reg_a0__cpp__native_first F over ['a']; 9 candidates
      same_text      over  9 candidates, one Lean run: 2.0s
      evaluation over 9 candidates on 4 samples, one Lean run: 3.1s; 0 survive
  lwu_gpr_gpr_same_32__reg_a0__cpp__native_first F over ['a']; 9 candidates
      same_text      over  9 candidates, one Lean run: 1.8s
      evaluation over 9 candidates on 4 samples, one Lean run: 3.5s; 0 survive
  lwu_gpr_imm_32__reg_a0__cpp__native_first    F over ['a']; 9 candidates
      same_text      over  9 candidates, one Lean run: 1.7s
      evaluation over 9 candidates on 4 samples, one Lean run: 3.3s; 0 survive
  lwu_gpr_mem_32__reg_a0__cpp__native_first    F over ['a']; 9 candidates
      same_text      over  9 candidates, one Lean run: 1.7s
      evaluation over 9 candidates on 4 samples, one Lean run: 3.3s; 0 survive
  mul_gpr_gpr_gpr_64__reg_a0__cpp__native_first F over ['a', 'b']; 52 candidates
      same_text      over 52 candidates, one Lean run: 4.1s
      MUL            { result_part := VectorHalf.Low, signed_ PROVED    same_text
  mul_gpr_gpr_same_64__reg_a0__cpp__native_first F over ['a']; 9 candidates
      same_text      over  9 candidates, one Lean run: 1.7s
      evaluation over 9 candidates on 4 samples, one Lean run: 3.6s; 0 survive
  mulhu_gpr_gpr_gpr_64__reg_a0__cpp__native_first F over ['a', 'b']; 52 candidates
      same_text      over 52 candidates, one Lean run: 3.9s
      evaluation over 52 candidates on 4 samples, one Lean run: 6.2s; 1 survive
      integer_level  over  1 candidates, one Lean run: 2.7s
      MUL            { result_part := VectorHalf.High, signed PROVED    integer_level
  mulhu_gpr_gpr_same_64__reg_a0__cpp__native_first F over ['a']; 9 candidates
      same_text      over  9 candidates, one Lean run: 2.0s
      evaluation over 9 candidates on 4 samples, one Lean run: 3.2s; 0 survive
  or_gpr_gpr_gpr_64__reg_a0__cpp__native_first F over ['a', 'b']; 52 candidates
      same_text      over 52 candidates, one Lean run: 3.4s
      RTYPE          rop.OR                                   PROVED    same_text
  ori_gpr_gpr_imm_64__reg_a0__cpp__native_first F over ['a']; 9 candidates
      same_text      over  9 candidates, one Lean run: 2.0s
      evaluation over 9 candidates on 4 samples, one Lean run: 3.4s; 0 survive
  rem_gpr_gpr_gpr_64__reg_a0__rust__native_first F over ['a', 'b']; 52 candidates
      same_text      over 52 candidates, one Lean run: 16.9s
      evaluation over 52 candidates on 4 samples, one Lean run: 6.9s; 0 survive
  rem_gpr_gpr_same_64__reg_a0__rust__native_first F over []; 0 candidates
      same_text      over  0 candidates, one Lean run: 1.6s; TIMEOUT
      evaluation: the emit did not evaluate (1.8s); every candidate goes to the provers; leanpath/equals_corpus_j_3_0/Eval_rem_gpr_gpr_same_64__reg_a0__rust__native_first.lean:233:59: error: unexpected token '=>'; expected '[', '{', '|', '⦃' or term
  remu_gpr_gpr_gpr_64__reg_a0__rust__native_first F over ['a', 'b']; 52 candidates
      same_text      over 52 candidates, one Lean run: 3.3s
      evaluation over 52 candidates on 4 samples, one Lean run: 7.0s; 0 survive
  remu_gpr_gpr_same_64__reg_a0__rust__native_first F over []; 0 candidates
      same_text      over  0 candidates, one Lean run: 1.8s; TIMEOUT
      evaluation: the emit did not evaluate (1.8s); every candidate goes to the provers; eanpath/equals_corpus_j_3_0/Eval_remu_gpr_gpr_same_64__reg_a0__rust__native_first.lean:233:59: error: unexpected token '=>'; expected '[', '{', '|', '⦃' or term
  remuw_gpr_gpr_same_32__reg_a0__rust__native_first F over []; 0 candidates
      same_text      over  0 candidates, one Lean run: 1.5s; TIMEOUT
      evaluation: the emit did not evaluate (1.9s); every candidate goes to the provers; anpath/equals_corpus_j_3_0/Eval_remuw_gpr_gpr_same_32__reg_a0__rust__native_first.lean:233:59: error: unexpected token '=>'; expected '[', '{', '|', '⦃' or term
  remw_gpr_gpr_same_32__reg_a0__rust__native_first F over []; 0 candidates
      same_text      over  0 candidates, one Lean run: 1.7s; TIMEOUT
      evaluation: the emit did not evaluate (1.7s); every candidate goes to the provers; eanpath/equals_corpus_j_3_0/Eval_remw_gpr_gpr_same_32__reg_a0__rust__native_first.lean:233:59: error: unexpected token '=>'; expected '[', '{', '|', '⦃' or term
  sb_gpr_fpr_8__mem_MEM_fa1__rust__native_first F over ['a', 'b']; 52 candidates
      same_text      over 52 candidates, one Lean run: 3.7s
      evaluation over 52 candidates on 4 samples, one Lean run: 7.0s; 0 survive
  sb_gpr_fpr_fpr_8__mem_MEM_fa1__rust__native_first F over ['a', 'b']; 52 candidates
      same_text      over 52 candidates, one Lean run: 3.7s
      evaluation over 52 candidates on 4 samples, one Lean run: 7.3s; 0 survive
  sb_gpr_gpr_8__mem_MEM_a1__rust__native_first F over ['a', 'b']; 52 candidates
      same_text      over 52 candidates, one Lean run: 4.1s
      evaluation over 52 candidates on 4 samples, one Lean run: 7.2s; 0 survive
  sb_gpr_gpr_gpr_8__mem_MEM_a1__rust__native_first F over ['a', 'b']; 52 candidates
      same_text      over 52 candidates, one Lean run: 3.9s
      evaluation over 52 candidates on 4 samples, one Lean run: 6.8s; 0 survive
  sb_gpr_gpr_imm_8__mem_MEM_a1__rust__native_first F over ['a', 'b']; 52 candidates
      same_text      over 52 candidates, one Lean run: 4.0s
      evaluation over 52 candidates on 4 samples, one Lean run: 6.8s; 0 survive
  sb_gpr_gpr_same_8__mem_MEM_a1__rust__native_first F over ['a', 'b']; 52 candidates
      same_text      over 52 candidates, one Lean run: 4.2s
      evaluation over 52 candidates on 4 samples, one Lean run: 6.4s; 0 survive
  sb_gpr_imm_8__mem_MEM_0x3__rust__native_first F over ['a', 'b']; 52 candidates
      same_text      over 52 candidates, one Lean run: 3.8s
      evaluation over 52 candidates on 4 samples, one Lean run: 6.3s; 0 survive
  sb_gpr_mem_8__mem_MEM_0x0_a1___rust__native_first F over ['a', 'b']; 52 candidates
      same_text      over 52 candidates, one Lean run: 3.6s
      evaluation over 52 candidates on 4 samples, one Lean run: 6.2s; 0 survive
  sll_gpr_gpr_gpr_64__reg_a0__rust__native_first F over ['a', 'b']; 52 candidates
      same_text      over 52 candidates, one Lean run: 3.1s
      RTYPE          rop.SLL                                  PROVED    same_text
  sll_gpr_gpr_same_64__reg_a0__rust__native_first F over ['a']; 9 candidates
      same_text      over  9 candidates, one Lean run: 1.7s
      evaluation over 9 candidates on 4 samples, one Lean run: 3.3s; 0 survive
  slli_gpr_gpr_imm_64__reg_a0__rust__native_first F over ['a']; 9 candidates
      same_text      over  9 candidates, one Lean run: 2.2s
      evaluation over 9 candidates on 4 samples, one Lean run: 2.9s; 0 survive
  slt_gpr_gpr_gpr_64__reg_a0__rust__native_first F over ['a', 'b']; 52 candidates
      same_text      over 52 candidates, one Lean run: 2.7s
      RTYPE          rop.SLT                                  PROVED    same_text
  slt_gpr_gpr_same_64__reg_a0__rust__native_first F over []; 0 candidates
      same_text      over  0 candidates, one Lean run: 1.3s; TIMEOUT
      evaluation: the emit did not evaluate (1.4s); every candidate goes to the provers; leanpath/equals_corpus_j_3_0/Eval_slt_gpr_gpr_same_64__reg_a0__rust__native_first.lean:233:59: error: unexpected token '=>'; expected '[', '{', '|', '⦃' or term
  slti_gpr_gpr_imm_64__reg_a0__rust__native_first F over ['a']; 9 candidates
      same_text      over  9 candidates, one Lean run: 1.6s
      evaluation over 9 candidates on 4 samples, one Lean run: 2.9s; 0 survive
  sltiu_gpr_gpr_imm_64__reg_a0__rust__native_first F over ['a']; 9 candidates
      same_text      over  9 candidates, one Lean run: 1.5s
      evaluation over 9 candidates on 4 samples, one Lean run: 2.7s; 0 survive
  sltu_gpr_gpr_gpr_64__reg_a0__rust__native_first F over ['a', 'b']; 52 candidates
      same_text      over 52 candidates, one Lean run: 2.7s
      RTYPE          rop.SLTU                                 PROVED    same_text
  sltu_gpr_gpr_same_64__reg_a0__rust__native_first F over []; 0 candidates
      same_text      over  0 candidates, one Lean run: 1.3s; TIMEOUT
      evaluation: the emit did not evaluate (1.3s); every candidate goes to the provers; eanpath/equals_corpus_j_3_0/Eval_sltu_gpr_gpr_same_64__reg_a0__rust__native_first.lean:233:59: error: unexpected token '=>'; expected '[', '{', '|', '⦃' or term
  sra_gpr_gpr_gpr_64__reg_a0__rust__native_first F over ['a', 'b']; 52 candidates
      same_text      over 52 candidates, one Lean run: 2.5s
      RTYPE          rop.SRA                                  PROVED    same_text
  sra_gpr_gpr_same_64__reg_a0__rust__native_first F over ['a']; 9 candidates
      same_text      over  9 candidates, one Lean run: 1.5s
      evaluation over 9 candidates on 4 samples, one Lean run: 2.9s; 0 survive
  srai_gpr_gpr_imm_64__reg_a0__rust__native_first F over ['a']; 9 candidates
      same_text      over  9 candidates, one Lean run: 1.5s
      evaluation over 9 candidates on 4 samples, one Lean run: 2.7s; 0 survive
  srl_gpr_gpr_gpr_64__reg_a0__rust__native_first F over ['a', 'b']; 52 candidates
      same_text      over 52 candidates, one Lean run: 2.6s
      RTYPE          rop.SRL                                  PROVED    same_text
  srl_gpr_gpr_same_64__reg_a0__rust__native_first F over ['a']; 9 candidates
      same_text      over  9 candidates, one Lean run: 1.6s
      evaluation over 9 candidates on 4 samples, one Lean run: 2.8s; 0 survive
  srli_gpr_gpr_imm_64__reg_a0__rust__native_first F over ['a']; 9 candidates
      same_text      over  9 candidates, one Lean run: 1.7s
      evaluation over 9 candidates on 4 samples, one Lean run: 2.7s; 0 survive
  srliw_gpr_gpr_imm_32__reg_a0__rust__native_first F over ['a']; 9 candidates
      same_text      over  9 candidates, one Lean run: 1.5s
      evaluation over 9 candidates on 4 samples, one Lean run: 2.7s; 0 survive
  sub_gpr_gpr_gpr_64__reg_a0__rust__native_first F over ['a', 'b']; 52 candidates
      same_text      over 52 candidates, one Lean run: 2.6s
      RTYPE          rop.SUB                                  PROVED    same_text
  sub_gpr_gpr_same_64__reg_a0__rust__native_first F over []; 0 candidates
      same_text      over  0 candidates, one Lean run: 1.3s; TIMEOUT
      evaluation: the emit did not evaluate (1.4s); every candidate goes to the provers; leanpath/equals_corpus_j_3_0/Eval_sub_gpr_gpr_same_64__reg_a0__rust__native_first.lean:233:59: error: unexpected token '=>'; expected '[', '{', '|', '⦃' or term
  subw_gpr_gpr_same_32__reg_a0__rust__native_first F over []; 0 candidates
      same_text      over  0 candidates, one Lean run: 1.3s; TIMEOUT
      evaluation: the emit did not evaluate (1.4s); every candidate goes to the provers; eanpath/equals_corpus_j_3_0/Eval_subw_gpr_gpr_same_32__reg_a0__rust__native_first.lean:233:59: error: unexpected token '=>'; expected '[', '{', '|', '⦃' or term
  sw_gpr_fpr_32__mem_MEM_fa1__rust__native_first F over ['a', 'b']; 52 candidates
      same_text      over 52 candidates, one Lean run: 13.0s
      evaluation over 52 candidates on 4 samples, one Lean run: 5.6s; 0 survive
  sw_gpr_fpr_fpr_32__mem_MEM_fa1__rust__native_first F over ['a', 'b']; 52 candidates
      same_text      over 52 candidates, one Lean run: 12.7s
      evaluation over 52 candidates on 4 samples, one Lean run: 5.5s; 0 survive
  sw_gpr_gpr_32__mem_MEM_a1__rust__native_first F over ['a', 'b']; 52 candidates
      same_text      over 52 candidates, one Lean run: 12.6s
      evaluation over 52 candidates on 4 samples, one Lean run: 5.6s; 0 survive
  sw_gpr_gpr_gpr_32__mem_MEM_a1__rust__native_first F over ['a', 'b']; 52 candidates
      same_text      over 52 candidates, one Lean run: 12.6s
      evaluation over 52 candidates on 4 samples, one Lean run: 5.6s; 0 survive
  sw_gpr_gpr_imm_32__mem_MEM_a1__rust__native_first F over ['a', 'b']; 52 candidates
      same_text      over 52 candidates, one Lean run: 12.8s
      evaluation over 52 candidates on 4 samples, one Lean run: 5.9s; 0 survive
  sw_gpr_gpr_same_32__mem_MEM_a1__rust__native_first F over ['a', 'b']; 52 candidates
      same_text      over 52 candidates, one Lean run: 12.7s
      evaluation over 52 candidates on 4 samples, one Lean run: 5.2s; 0 survive
  sw_gpr_imm_32__mem_MEM_0x3__rust__native_first F over ['a', 'b']; 52 candidates
      same_text      over 52 candidates, one Lean run: 12.2s
      evaluation over 52 candidates on 4 samples, one Lean run: 5.1s; 0 survive
  sw_gpr_mem_32__mem_MEM_0x0_a1___rust__native_first F over ['a', 'b']; 52 candidates
      same_text      over 52 candidates, one Lean run: 12.3s
      evaluation over 52 candidates on 4 samples, one Lean run: 5.2s; 0 survive
  xor_gpr_gpr_gpr_64__reg_a0__rust__native_first F over ['a', 'b']; 52 candidates
      same_text      over 52 candidates, one Lean run: 2.6s
      RTYPE          rop.XOR                                  PROVED    same_text
  xor_gpr_gpr_same_64__reg_a0__rust__native_first F over []; 0 candidates
      same_text      over  0 candidates, one Lean run: 1.2s; TIMEOUT
      evaluation: the emit did not evaluate (1.3s); every candidate goes to the provers; leanpath/equals_corpus_j_3_0/Eval_xor_gpr_gpr_same_64__reg_a0__rust__native_first.lean:233:59: error: unexpected token '=>'; expected '[', '{', '|', '⦃' or term
  xori_gpr_gpr_imm_64__reg_a0__rust__native_first F over ['a']; 9 candidates
      same_text      over  9 candidates, one Lean run: 1.4s
      evaluation over 9 candidates on 4 samples, one Lean run: 2.7s; 0 survive
  equals: 119 units, 20 with a proved definition
