  emitted definitions scanned: 4750
  add_gpr_gpr_gpr_64__reg_a0__cpp__native_first F over ['a', 'b']; 52 candidates
      same_text      over 52 candidates, one Lean run: 4.3s
      RTYPE          rop.ADD                                  PROVED    same_text
  add_gpr_gpr_same_64__reg_a0__cpp__native_first F over ['a']; 9 candidates
      same_text      over  9 candidates, one Lean run: 2.4s
      integer_level  over  9 candidates, one Lean run: 21.7s
      BREV8                                                   UNDECIDED none 5.5s
      CLZ                                                     UNDECIDED none 5.1s
      CLZW                                                    UNDECIDED none 4.8s
      CTZ                                                     UNDECIDED none 4.6s
      CTZW                                                    UNDECIDED none 4.6s
      REV8                                                    UNDECIDED none 5.3s
      ZBB_EXTOP      extop_zbb.SEXTB                          UNDECIDED none 5.2s
      ZBB_EXTOP      extop_zbb.SEXTH                          UNDECIDED none 4.8s
      ZBB_EXTOP      extop_zbb.ZEXTH                          UNDECIDED none 6.2s
  addi_gpr_gpr_imm_64__reg_a0__cpp__native_first F over ['a']; 9 candidates
      same_text      over  9 candidates, one Lean run: 4.7s
      integer_level  over  9 candidates, one Lean run: 20.0s
      BREV8                                                   UNDECIDED none 5.5s
      CLZ                                                     UNDECIDED none 4.8s
      CLZW                                                    UNDECIDED none 6.2s
      CTZ                                                     UNDECIDED none 6.5s
      CTZW                                                    UNDECIDED none 5.3s
      REV8                                                    UNDECIDED none 5.0s
      ZBB_EXTOP      extop_zbb.SEXTB                          UNDECIDED none 5.5s
      ZBB_EXTOP      extop_zbb.SEXTH                          UNDECIDED none 5.2s
      ZBB_EXTOP      extop_zbb.ZEXTH                          UNDECIDED none 5.2s
  and_gpr_gpr_gpr_64__reg_a0__cpp__native_first F over ['a', 'b']; 52 candidates
      same_text      over 52 candidates, one Lean run: 5.6s
      RTYPE          rop.AND                                  PROVED    same_text
  andi_gpr_gpr_imm_64__reg_a0__cpp__native_first F over ['a']; 9 candidates
      same_text      over  9 candidates, one Lean run: 2.8s
      integer_level  over  9 candidates, one Lean run: 23.5s
      BREV8                                                   UNDECIDED none 6.0s
      CLZ                                                     UNDECIDED none 5.4s
      CLZW                                                    UNDECIDED none 5.6s
      CTZ                                                     UNDECIDED none 5.6s
      CTZW                                                    UNDECIDED none 6.0s
      REV8                                                    UNDECIDED none 5.2s
      ZBB_EXTOP      extop_zbb.SEXTB                          UNDECIDED none 4.7s
      ZBB_EXTOP      extop_zbb.SEXTH                          UNDECIDED none 4.3s
      ZBB_EXTOP      extop_zbb.ZEXTH                          UNDECIDED none 4.4s
  beq_gpr_gpr_64__branch_condition__cpp__native_first F over ['a', 'b']; 52 candidates
      same_text      over 52 candidates, one Lean run: 4.3s
      integer_level  over 10 candidates, one Lean run: 38.8s
