  emitted definitions scanned: 4750
  add_gpr_gpr_gpr_64__reg_a0__c__all_constructed F over ['a', 'b']; 52 candidates
      RTYPE          rop.ADD                                  UNDECIDED none 93.4s
      RTYPE          rop.SUB                                  UNDECIDED none 93.9s
      RTYPE          rop.SLL                                  UNDECIDED none 82.1s
      RTYPE          rop.SLT                                  UNDECIDED none 87.4s
  add_gpr_gpr_same_64__reg_a0__c__all_constructed F over ['a']; 9 candidates
      BREV8                                                   UNDECIDED none 6.8s
      CLZ                                                     UNDECIDED none 3.8s
      CLZW                                                    UNDECIDED none 3.1s
      CTZ                                                     UNDECIDED none 3.1s
      CTZW                                                    UNDECIDED none 3.4s
      REV8                                                    UNDECIDED none 5.0s
      ZBB_EXTOP      extop_zbb.SEXTB                          UNDECIDED none 3.4s
      ZBB_EXTOP      extop_zbb.SEXTH                          UNDECIDED none 3.5s
      ZBB_EXTOP      extop_zbb.ZEXTH                          UNDECIDED none 3.6s
      BREV8                                                   UNDECIDED none 8.6s
      CLZ                                                     UNDECIDED none 5.4s
      CLZW                                                    UNDECIDED none 4.5s
      CTZ                                                     UNDECIDED none 4.4s
      CTZW                                                    UNDECIDED none 4.8s
      REV8                                                    UNDECIDED none 6.6s
      ZBB_EXTOP      extop_zbb.SEXTB                          UNDECIDED none 5.1s
      ZBB_EXTOP      extop_zbb.SEXTH                          UNDECIDED none 5.1s
      ZBB_EXTOP      extop_zbb.ZEXTH                          UNDECIDED none 5.0s
  addi_gpr_gpr_imm_64__reg_a0__c__all_constructed F over ['a']; 9 candidates
      BREV8                                                   UNDECIDED none 90.7s
      CLZ                                                     UNDECIDED none 87.9s
      CLZW                                                    UNDECIDED none 88.4s
      CTZ                                                     UNDECIDED none 88.1s
  addw_gpr_gpr_same_32__reg_a0__c__all_constructed F over ['a']; 9 candidates
      BREV8                                                   UNDECIDED none 27.0s
      CLZ                                                     UNDECIDED none 25.2s
      CLZW                                                    UNDECIDED none 24.4s
      CTZ                                                     UNDECIDED none 24.0s
      CTZW                                                    UNDECIDED none 23.3s
      REV8                                                    UNDECIDED none 25.1s
      ZBB_EXTOP      extop_zbb.SEXTB                          UNDECIDED none 23.0s
      ZBB_EXTOP      extop_zbb.SEXTH                          UNDECIDED none 23.0s
      ZBB_EXTOP      extop_zbb.ZEXTH                          UNDECIDED none 21.9s
      BREV8                                                   UNDECIDED none 30.6s
      CLZ                                                     UNDECIDED none 28.6s
      CLZW                                                    UNDECIDED none 28.6s
      CTZ                                                     UNDECIDED none 28.0s
      CTZW                                                    UNDECIDED none 26.8s
      REV8                                                    UNDECIDED none 28.7s
      ZBB_EXTOP      extop_zbb.SEXTB                          UNDECIDED none 26.8s
      ZBB_EXTOP      extop_zbb.SEXTH                          UNDECIDED none 27.0s
      ZBB_EXTOP      extop_zbb.ZEXTH                          UNDECIDED none 25.0s
  and_gpr_gpr_gpr_64__reg_a0__c__all_constructed F over ['a', 'b']; 52 candidates
      RTYPE          rop.ADD                                  UNDECIDED none 5.1s
      RTYPE          rop.SUB                                  UNDECIDED none 4.7s
      RTYPE          rop.SLL                                  UNDECIDED none 4.1s
      RTYPE          rop.SLT                                  UNDECIDED none 5.7s
      RTYPE          rop.SLTU                                 UNDECIDED none 5.8s
      RTYPE          rop.XOR                                  UNDECIDED none 4.4s
      RTYPE          rop.SRL                                  UNDECIDED none 4.1s
      RTYPE          rop.SRA                                  UNDECIDED none 4.9s
      RTYPE          rop.OR                                   UNDECIDED none 4.0s
      RTYPE          rop.AND                                  PROVED    same_text 1.5s
  andi_gpr_gpr_imm_64__reg_a0__c__all_constructed F over ['a']; 9 candidates
      BREV8                                                   UNDECIDED none 7.2s
      CLZ                                                     UNDECIDED none 4.3s
      CLZW                                                    UNDECIDED none 4.0s
      CTZ                                                     UNDECIDED none 4.1s
      CTZW                                                    UNDECIDED none 3.9s
      REV8                                                    UNDECIDED none 5.6s
      ZBB_EXTOP      extop_zbb.SEXTB                          UNDECIDED none 4.3s
      ZBB_EXTOP      extop_zbb.SEXTH                          UNDECIDED none 4.3s
      ZBB_EXTOP      extop_zbb.ZEXTH                          UNDECIDED none 3.6s
      BREV8                                                   UNDECIDED none 8.9s
      CLZ                                                     UNDECIDED none 5.9s
      CLZW                                                    UNDECIDED none 5.6s
      CTZ                                                     UNDECIDED none 5.7s
      CTZW                                                    UNDECIDED none 5.7s
      REV8                                                    UNDECIDED none 7.2s
      ZBB_EXTOP      extop_zbb.SEXTB                          UNDECIDED none 6.1s
      ZBB_EXTOP      extop_zbb.SEXTH                          UNDECIDED none 6.0s
      ZBB_EXTOP      extop_zbb.ZEXTH                          UNDECIDED none 5.0s
  beq_gpr_gpr_64__branch_condition__c__all_constructed F over ['a', 'b']; 52 candidates
      RTYPE          rop.ADD                                  UNDECIDED none 55.6s
      RTYPE          rop.SUB                                  UNDECIDED none 52.1s
      RTYPE          rop.SLL                                  UNDECIDED none 53.0s
      RTYPE          rop.SLT                                  UNDECIDED none 56.5s
