  emitted definitions scanned: 4750
  lhu_gpr_gpr_gpr_16__reg_a0__go__all_constructed F over ['a']; 9 candidates
      evaluation over 9 candidates on 4 samples, one Lean run: 2.7s; 1 survive
      same_text      over  1 candidates, one Lean run: 1.3s
      integer_level  over  1 candidates, one Lean run: 2.3s
      ZBB_EXTOP      extop_zbb.ZEXTH                          UNDECIDED none 4.9s
  sllw_gpr_gpr_gpr_32__reg_a0__c__all_constructed F over ['a', 'b']; 52 candidates
      evaluation over 52 candidates on 4 samples, one Lean run: 7.9s; 1 survive
      same_text      over  1 candidates, one Lean run: 2.4s
      integer_level  over  1 candidates, one Lean run: 46.7s
      RTYPEW         ropw.SLLW                                UNDECIDED none 59.4s
  lhu_gpr_imm_16__reg_a0__go__all_constructed  F over ['a']; 9 candidates
      evaluation over 9 candidates on 4 samples, one Lean run: 2.6s; 1 survive
      same_text      over  1 candidates, one Lean run: 1.3s
      integer_level  over  1 candidates, one Lean run: 2.2s
      ZBB_EXTOP      extop_zbb.ZEXTH                          UNDECIDED none 4.7s
  lhu_gpr_gpr_16__reg_a0__go__native_first     F over ['a']; 9 candidates
      evaluation over 9 candidates on 4 samples, one Lean run: 2.6s; 1 survive
      same_text      over  1 candidates, one Lean run: 1.3s
      integer_level  over  1 candidates, one Lean run: 2.3s
      ZBB_EXTOP      extop_zbb.ZEXTH                          UNDECIDED none 4.8s
  srl_gpr_gpr_gpr_64__reg_a0__go__native_first F over ['a', 'b']; 52 candidates
      evaluation over 52 candidates on 4 samples, one Lean run: 5.0s; 1 survive
      same_text      over  1 candidates, one Lean run: 1.9s
      integer_level  over  1 candidates, one Lean run: 2.6s
      RTYPE          rop.SRL                                  UNDECIDED none 5.9s
  lhu_gpr_mem_16__reg_a0__go__native_first     F over ['a']; 9 candidates
      evaluation over 9 candidates on 4 samples, one Lean run: 2.7s; 1 survive
      same_text      over  1 candidates, one Lean run: 1.3s
      integer_level  over  1 candidates, one Lean run: 2.3s
      ZBB_EXTOP      extop_zbb.ZEXTH                          UNDECIDED none 4.9s
  blt_gpr_gpr_imm_64__branch_condition__rust__all_constructed F over ['a', 'b']; 52 candidates
      evaluation over 52 candidates on 4 samples, one Lean run: 39.9s; 1 survive
      same_text      over  1 candidates, one Lean run: 2.7s
      integer_level  over  1 candidates, one Lean run: 4.3s
      RTYPE          rop.SLT                                  UNDECIDED none 22.0s
  sllw_gpr_gpr_gpr_32__reg_a0__cpp__all_constructed F over ['a', 'b']; 52 candidates
      evaluation over 52 candidates on 4 samples, one Lean run: 7.6s; 1 survive
      same_text      over  1 candidates, one Lean run: 2.4s
      integer_level  over  1 candidates, one Lean run: 46.6s
      RTYPEW         ropw.SLLW                                UNDECIDED none 59.0s
  srlw_gpr_gpr_gpr_32__reg_a0__rust__all_constructed F over ['a', 'b']; 52 candidates
      evaluation over 52 candidates on 4 samples, one Lean run: 7.8s; 1 survive
      same_text      over  1 candidates, one Lean run: 2.3s
      integer_level  over  1 candidates, one Lean run: 80.3s
      RTYPEW         ropw.SRLW                                UNDECIDED none 92.5s
  bltu_gpr_gpr_gpr_64__branch_condition__rust__all_constructed F over ['a', 'b']; 52 candidates
      evaluation over 52 candidates on 4 samples, one Lean run: 12.9s; 1 survive
      same_text      over  1 candidates, one Lean run: 2.4s
      integer_level  over  1 candidates, one Lean run: 6.3s
      RTYPE          rop.SLTU                                 UNDECIDED none 16.5s
  srl_gpr_gpr_gpr_64__reg_a0__cpp__all_constructed F over ['a', 'b']; 52 candidates
      evaluation over 52 candidates on 4 samples, one Lean run: 4.9s; 1 survive
      same_text      over  1 candidates, one Lean run: 1.8s
      integer_level  over  1 candidates, one Lean run: 3.1s
      RTYPE          rop.SRL                                  UNDECIDED none 6.4s
  equals: 11 units, 0 with a proved definition
