  emitted definitions scanned: 4750
  add_gpr_gpr_gpr_64__reg_a0__cpp__native_first F over ['a', 'b']; 52 candidates
      evaluation over 52 candidates on 4 samples, one Lean run: 85.2s; 2 survive
      same_text      over  2 candidates, one Lean run: 2.4s
      RTYPE          rop.ADD                                  PROVED    same_text
  add_gpr_gpr_same_64__reg_a0__cpp__native_first F over ['a']; 9 candidates
      evaluation over 9 candidates on 4 samples, one Lean run: 15.9s; 0 survive
  addi_gpr_gpr_imm_64__reg_a0__cpp__native_first F over ['a']; 9 candidates
      evaluation over 9 candidates on 4 samples, one Lean run: 16.2s; 0 survive
  and_gpr_gpr_gpr_64__reg_a0__cpp__native_first F over ['a', 'b']; 52 candidates
      evaluation over 52 candidates on 4 samples, one Lean run: 70.0s; 1 survive
      same_text      over  1 candidates, one Lean run: 2.1s
      RTYPE          rop.AND                                  PROVED    same_text
  andi_gpr_gpr_imm_64__reg_a0__cpp__native_first F over ['a']; 9 candidates
      evaluation over 9 candidates on 4 samples, one Lean run: 13.5s; 0 survive
  beq_gpr_gpr_64__branch_condition__cpp__native_first F over ['a', 'b']; 52 candidates
      evaluation over 52 candidates on 4 samples, one Lean run: 65.7s; 0 survive
  beq_gpr_gpr_gpr_64__branch_condition__cpp__native_first F over ['a', 'b']; 52 candidates
      evaluation over 52 candidates on 4 samples, one Lean run: 66.1s; 0 survive
  beq_gpr_gpr_imm_64__branch_condition__cpp__native_first F over ['a', 'b']; 52 candidates
      evaluation over 52 candidates on 4 samples, one Lean run: 65.5s; 0 survive
  beq_gpr_gpr_same_64__branch_condition__cpp__native_first F over ['a', 'b']; 52 candidates
