  emitted definitions scanned: 4750
  add_gpr_gpr_same_64__reg_a0__c__native_first F over ['a']; 9 candidates
      same_text      over  9 candidates, one Lean run: 1.9s
      integer_level  over  9 candidates, one Lean run: 25.1s
      BREV8                                                   UNDECIDED none 5.6s
      CLZ                                                     UNDECIDED none 5.2s
      CLZW                                                    UNDECIDED none 5.3s
      CTZ                                                     UNDECIDED none 5.2s
      CTZW                                                    UNDECIDED none 5.5s
      REV8                                                    UNDECIDED none 5.4s
      ZBB_EXTOP      extop_zbb.SEXTB                          UNDECIDED none 5.5s
      ZBB_EXTOP      extop_zbb.SEXTH                          UNDECIDED none 5.7s
      ZBB_EXTOP      extop_zbb.ZEXTH                          UNDECIDED none 5.3s
  and_gpr_gpr_gpr_64__reg_a0__c__native_first  F over ['a', 'b']; 52 candidates
      same_text      over 52 candidates, one Lean run: 5.0s
      RTYPE          rop.AND                                  PROVED    same_text
  beq_gpr_gpr_64__branch_condition__c__native_first F over ['a', 'b']; 52 candidates
      same_text      over 52 candidates, one Lean run: 6.5s
      integer_level  over 10 candidates, one Lean run: 54.5s
      integer_level  over 42 candidates, one Lean run: 109.7s
  beq_gpr_gpr_imm_64__branch_condition__c__native_first F over ['a', 'b']; 52 candidates
      same_text      over 52 candidates, one Lean run: 3.8s
      integer_level  over 10 candidates, one Lean run: 59.2s
