  emitted definitions scanned: 4750
  add_gpr_gpr_gpr_64__reg_a0__rust__all_constructed F over ['a', 'b']; 52 candidates
      same_text      over 52 candidates, one Lean run: 53.4s
      evaluation over 52 candidates on 4 samples, one Lean run: 13.3s; 2 survive
      integer_level  over  1 candidates, one Lean run: 108.4s
  add_gpr_gpr_same_64__reg_a0__rust__all_constructed F over ['a']; 9 candidates
      same_text      over  9 candidates, one Lean run: 2.8s
      evaluation over 9 candidates on 4 samples, one Lean run: 4.1s; 0 survive
  addi_gpr_gpr_imm_64__reg_a0__rust__all_constructed F over ['a']; 9 candidates
      same_text      over  9 candidates, one Lean run: 9.6s
      evaluation over 9 candidates on 4 samples, one Lean run: 11.4s; 0 survive
  addw_gpr_gpr_same_32__reg_a0__rust__all_constructed F over ['a']; 9 candidates
      same_text      over  9 candidates, one Lean run: 12.3s
      evaluation over 9 candidates on 4 samples, one Lean run: 6.2s; 0 survive
  and_gpr_gpr_gpr_64__reg_a0__rust__all_constructed F over ['a', 'b']; 52 candidates
      same_text      over 52 candidates, one Lean run: 3.9s
      RTYPE          rop.AND                                  PROVED    same_text
  andi_gpr_gpr_imm_64__reg_a0__rust__all_constructed F over ['a']; 9 candidates
      same_text      over  9 candidates, one Lean run: 2.5s
      evaluation over 9 candidates on 4 samples, one Lean run: 4.6s; 0 survive
  beq_gpr_gpr_64__branch_condition__rust__all_constructed F over ['a', 'b']; 52 candidates
      same_text      over 52 candidates, one Lean run: 67.5s
      evaluation over 52 candidates on 4 samples, one Lean run: 10.4s; 0 survive
  beq_gpr_gpr_gpr_64__branch_condition__rust__all_constructed F over ['a', 'b']; 52 candidates
      same_text      over 52 candidates, one Lean run: 66.2s
      evaluation over 52 candidates on 4 samples, one Lean run: 10.2s; 0 survive
  beq_gpr_gpr_imm_64__branch_condition__rust__all_constructed F over ['a', 'b']; 52 candidates
      same_text      over 52 candidates, one Lean run: 73.9s
      evaluation over 52 candidates on 4 samples, one Lean run: 11.5s; 0 survive
  beq_gpr_gpr_same_64__branch_condition__rust__all_constructed F over ['a', 'b']; 52 candidates
      same_text      over 52 candidates, one Lean run: 69.3s
      evaluation over 52 candidates on 4 samples, one Lean run: 9.0s; 0 survive
  bge_gpr_gpr_64__branch_condition__rust__all_constructed F over ['a', 'b']; 52 candidates
      same_text      over 52 candidates, one Lean run: 76.8s
      evaluation over 52 candidates on 4 samples, one Lean run: 54.0s; 0 survive
  bge_gpr_gpr_gpr_64__branch_condition__rust__all_constructed F over ['a', 'b']; 52 candidates
      same_text      over 52 candidates, one Lean run: 67.8s
      evaluation over 52 candidates on 4 samples, one Lean run: 43.5s; 0 survive
  bge_gpr_gpr_imm_64__branch_condition__rust__all_constructed F over ['a', 'b']; 52 candidates
      same_text      over 52 candidates, one Lean run: 62.6s
      evaluation over 52 candidates on 4 samples, one Lean run: 41.6s; 0 survive
  bge_gpr_gpr_same_64__branch_condition__rust__all_constructed F over ['a', 'b']; 52 candidates
      same_text      over 52 candidates, one Lean run: 59.4s
      evaluation over 52 candidates on 4 samples, one Lean run: 40.7s; 0 survive
  bgeu_gpr_gpr_64__branch_condition__rust__all_constructed F over ['a', 'b']; 52 candidates
      same_text      over 52 candidates, one Lean run: 35.1s
      evaluation over 52 candidates on 4 samples, one Lean run: 13.2s; 0 survive
  bgeu_gpr_gpr_gpr_64__branch_condition__rust__all_constructed F over ['a', 'b']; 52 candidates
      same_text      over 52 candidates, one Lean run: 34.9s
      evaluation over 52 candidates on 4 samples, one Lean run: 13.5s; 0 survive
  bgeu_gpr_gpr_imm_64__branch_condition__rust__all_constructed F over ['a', 'b']; 52 candidates
      same_text      over 52 candidates, one Lean run: 34.5s
      evaluation over 52 candidates on 4 samples, one Lean run: 13.4s; 0 survive
  bgeu_gpr_gpr_same_64__branch_condition__rust__all_constructed F over ['a', 'b']; 52 candidates
      same_text      over 52 candidates, one Lean run: 34.9s
      evaluation over 52 candidates on 4 samples, one Lean run: 13.5s; 0 survive
  blt_gpr_gpr_gpr_64__branch_condition__rust__all_constructed F over ['a', 'b']; 52 candidates
      same_text      over 52 candidates, one Lean run: 59.9s
      evaluation over 52 candidates on 4 samples, one Lean run: 40.9s; 1 survive
      integer_level  over  1 candidates, one Lean run: 4.5s
      RTYPE          rop.SLT                                  UNDECIDED none 20.9s
  blt_gpr_gpr_same_64__branch_condition__rust__all_constructed F over ['a', 'b']; 52 candidates
      same_text      over 52 candidates, one Lean run: 59.4s
      evaluation over 52 candidates on 4 samples, one Lean run: 40.3s; 1 survive
      integer_level  over  1 candidates, one Lean run: 4.4s
      RTYPE          rop.SLT                                  UNDECIDED none 21.0s
  bltu_gpr_gpr_gpr_64__branch_condition__rust__all_constructed F over ['a', 'b']; 52 candidates
      same_text      over 52 candidates, one Lean run: 34.2s
      evaluation over 52 candidates on 4 samples, one Lean run: 12.9s; 1 survive
      integer_level  over  1 candidates, one Lean run: 6.3s
      RTYPE          rop.SLTU                                 UNDECIDED none 14.8s
  bltu_gpr_gpr_same_64__branch_condition__rust__all_constructed F over ['a', 'b']; 52 candidates
      same_text      over 52 candidates, one Lean run: 33.8s
      evaluation over 52 candidates on 4 samples, one Lean run: 13.0s; 1 survive
      integer_level  over  1 candidates, one Lean run: 6.4s
      RTYPE          rop.SLTU                                 UNDECIDED none 15.0s
  bne_gpr_gpr_64__branch_condition__rust__all_constructed F over ['a', 'b']; 52 candidates
      same_text      over 52 candidates, one Lean run: 47.2s
      evaluation over 52 candidates on 4 samples, one Lean run: 6.2s; 0 survive
  bne_gpr_gpr_gpr_64__branch_condition__rust__all_constructed F over ['a', 'b']; 52 candidates
      same_text      over 52 candidates, one Lean run: 47.8s
      evaluation over 52 candidates on 4 samples, one Lean run: 6.3s; 0 survive
  bne_gpr_gpr_imm_64__branch_condition__rust__all_constructed F over ['a', 'b']; 52 candidates
      same_text      over 52 candidates, one Lean run: 48.6s
      evaluation over 52 candidates on 4 samples, one Lean run: 6.3s; 0 survive
  bne_gpr_gpr_same_64__branch_condition__rust__all_constructed F over ['a', 'b']; 52 candidates
      same_text      over 52 candidates, one Lean run: 46.7s
      evaluation over 52 candidates on 4 samples, one Lean run: 6.2s; 0 survive
  czero_eqz_gpr_gpr_same_64__reg_a0__rust__all_constructed F over ['a']; 9 candidates
      same_text      over  9 candidates, one Lean run: 4.4s
      evaluation over 9 candidates on 4 samples, one Lean run: 3.1s; 0 survive
  czero_nez_gpr_gpr_same_64__reg_a0__rust__all_constructed F over ['a']; 9 candidates
      same_text      over  9 candidates, one Lean run: 4.5s
      evaluation over 9 candidates on 4 samples, one Lean run: 3.1s; 0 survive
  flw_fpr_fpr_32__freg_fa0__rust__all_constructed F over ['a']; 9 candidates
      same_text      over  9 candidates, one Lean run: 1.6s
      evaluation over 9 candidates on 4 samples, one Lean run: 2.7s; 0 survive
  flw_fpr_fpr_fpr_32__freg_fa0__rust__all_constructed F over ['a']; 9 candidates
      same_text      over  9 candidates, one Lean run: 1.6s
      evaluation over 9 candidates on 4 samples, one Lean run: 2.7s; 0 survive
  flw_fpr_gpr_32__freg_fa0__rust__all_constructed F over ['a']; 9 candidates
      same_text      over  9 candidates, one Lean run: 1.6s
      evaluation over 9 candidates on 4 samples, one Lean run: 2.6s; 0 survive
  flw_fpr_mem_32__freg_fa0__rust__all_constructed F over ['a']; 9 candidates
      same_text      over  9 candidates, one Lean run: 1.6s
      evaluation over 9 candidates on 4 samples, one Lean run: 2.7s; 0 survive
  fmv_w_x_fpr_gpr_32__freg_fa0__rust__all_constructed F over ['a']; 9 candidates
      same_text      over  9 candidates, one Lean run: 1.6s
      evaluation over 9 candidates on 4 samples, one Lean run: 2.6s; 0 survive
  fmv_x_w_gpr_fpr_32__reg_a0__rust__all_constructed F over ['a']; 9 candidates
      same_text      over  9 candidates, one Lean run: 5.9s
      evaluation over 9 candidates on 4 samples, one Lean run: 3.5s; 0 survive
  fmv_x_w_gpr_fpr_fpr_32__reg_a0__rust__all_constructed F over ['a']; 9 candidates
      same_text      over  9 candidates, one Lean run: 6.0s
      evaluation over 9 candidates on 4 samples, one Lean run: 3.5s; 0 survive
  fsw_fpr_fpr_32__mem_MEM_fa1__rust__all_constructed F over ['a', 'b']; 52 candidates
      same_text      over 52 candidates, one Lean run: 11.7s
      evaluation over 52 candidates on 4 samples, one Lean run: 4.9s; 0 survive
  fsw_fpr_fpr_fpr_32__mem_MEM_fa1__rust__all_constructed F over ['a', 'b']; 52 candidates
      same_text      over 52 candidates, one Lean run: 11.6s
      evaluation over 52 candidates on 4 samples, one Lean run: 4.9s; 0 survive
  fsw_fpr_gpr_32__mem_MEM_a1__rust__all_constructed F over ['a', 'b']; 52 candidates
      same_text      over 52 candidates, one Lean run: 11.6s
      evaluation over 52 candidates on 4 samples, one Lean run: 4.9s; 0 survive
  fsw_fpr_mem_32__mem_MEM_0x0_a1___rust__all_constructed F over ['a', 'b']; 52 candidates
      same_text      over 52 candidates, one Lean run: 11.6s
      evaluation over 52 candidates on 4 samples, one Lean run: 4.9s; 0 survive
  jal_gpr_fpr_64__reg_a0__rust__all_constructed F over ['a']; 9 candidates
      same_text      over  9 candidates, one Lean run: 6.0s
      evaluation over 9 candidates on 4 samples, one Lean run: 7.9s; 0 survive
  jal_gpr_fpr_fpr_64__reg_a0__rust__all_constructed F over ['a']; 9 candidates
      same_text      over  9 candidates, one Lean run: 5.9s
      evaluation over 9 candidates on 4 samples, one Lean run: 7.9s; 0 survive
  jal_gpr_gpr_64__reg_a0__rust__all_constructed F over ['a']; 9 candidates
      same_text      over  9 candidates, one Lean run: 5.8s
      evaluation over 9 candidates on 4 samples, one Lean run: 7.8s; 0 survive
  jal_gpr_gpr_gpr_64__reg_a0__rust__all_constructed F over ['a']; 9 candidates
      same_text      over  9 candidates, one Lean run: 5.9s
      evaluation over 9 candidates on 4 samples, one Lean run: 7.9s; 0 survive
  jal_gpr_gpr_imm_64__reg_a0__rust__all_constructed F over ['a']; 9 candidates
      same_text      over  9 candidates, one Lean run: 5.9s
      evaluation over 9 candidates on 4 samples, one Lean run: 7.8s; 0 survive
  jal_gpr_gpr_same_64__reg_a0__rust__all_constructed F over ['a']; 9 candidates
      same_text      over  9 candidates, one Lean run: 6.0s
      evaluation over 9 candidates on 4 samples, one Lean run: 7.9s; 0 survive
  jal_gpr_imm_64__reg_a0__rust__all_constructed F over ['a']; 9 candidates
      same_text      over  9 candidates, one Lean run: 5.9s
      evaluation over 9 candidates on 4 samples, one Lean run: 7.9s; 0 survive
  jal_gpr_mem_64__reg_a0__rust__all_constructed F over ['a']; 9 candidates
      same_text      over  9 candidates, one Lean run: 6.0s
      evaluation over 9 candidates on 4 samples, one Lean run: 8.0s; 0 survive
  jalr_gpr_fpr_64__reg_a0__rust__all_constructed F over ['a']; 9 candidates
      same_text      over  9 candidates, one Lean run: 6.0s
      evaluation over 9 candidates on 4 samples, one Lean run: 8.0s; 0 survive
  jalr_gpr_fpr_fpr_64__reg_a0__rust__all_constructed F over ['a']; 9 candidates
      same_text      over  9 candidates, one Lean run: 5.9s
      evaluation over 9 candidates on 4 samples, one Lean run: 7.9s; 0 survive
  jalr_gpr_gpr_64__reg_a0__rust__all_constructed F over ['a']; 9 candidates
      same_text      over  9 candidates, one Lean run: 5.9s
      evaluation over 9 candidates on 4 samples, one Lean run: 8.0s; 0 survive
  jalr_gpr_gpr_gpr_64__reg_a0__rust__all_constructed F over ['a']; 9 candidates
      same_text      over  9 candidates, one Lean run: 6.0s
      evaluation over 9 candidates on 4 samples, one Lean run: 7.9s; 0 survive
  jalr_gpr_gpr_imm_64__reg_a0__rust__all_constructed F over ['a']; 9 candidates
      same_text      over  9 candidates, one Lean run: 5.9s
      evaluation over 9 candidates on 4 samples, one Lean run: 8.0s; 0 survive
  jalr_gpr_gpr_same_64__reg_a0__rust__all_constructed F over ['a']; 9 candidates
      same_text      over  9 candidates, one Lean run: 5.9s
      evaluation over 9 candidates on 4 samples, one Lean run: 7.9s; 0 survive
  jalr_gpr_imm_64__reg_a0__rust__all_constructed F over ['a']; 9 candidates
      same_text      over  9 candidates, one Lean run: 6.0s
      evaluation over 9 candidates on 4 samples, one Lean run: 7.9s; 0 survive
  jalr_gpr_mem_64__reg_a0__rust__all_constructed F over ['a']; 9 candidates
      same_text      over  9 candidates, one Lean run: 5.9s
      evaluation over 9 candidates on 4 samples, one Lean run: 7.9s; 0 survive
  lb_gpr_fpr_8__reg_a0__rust__all_constructed  F over ['a']; 9 candidates
      same_text      over  9 candidates, one Lean run: 5.1s
      evaluation over 9 candidates on 4 samples, one Lean run: 3.4s; 0 survive
  lb_gpr_fpr_fpr_8__reg_a0__rust__all_constructed F over ['a']; 9 candidates
      same_text      over  9 candidates, one Lean run: 5.2s
      evaluation over 9 candidates on 4 samples, one Lean run: 3.3s; 0 survive
  lb_gpr_gpr_8__reg_a0__rust__all_constructed  F over ['a']; 9 candidates
      same_text      over  9 candidates, one Lean run: 5.2s
      evaluation over 9 candidates on 4 samples, one Lean run: 3.2s; 0 survive
  lb_gpr_gpr_gpr_8__reg_a0__rust__all_constructed F over ['a']; 9 candidates
      same_text      over  9 candidates, one Lean run: 4.9s
      evaluation over 9 candidates on 4 samples, one Lean run: 3.3s; 0 survive
  lb_gpr_gpr_imm_8__reg_a0__rust__all_constructed F over ['a']; 9 candidates
      same_text      over  9 candidates, one Lean run: 4.9s
      evaluation over 9 candidates on 4 samples, one Lean run: 3.4s; 0 survive
  lb_gpr_gpr_same_8__reg_a0__rust__all_constructed F over ['a']; 9 candidates
      same_text      over  9 candidates, one Lean run: 5.2s
      evaluation over 9 candidates on 4 samples, one Lean run: 3.3s; 0 survive
  lb_gpr_imm_8__reg_a0__rust__all_constructed  F over ['a']; 9 candidates
      same_text      over  9 candidates, one Lean run: 4.8s
      evaluation over 9 candidates on 4 samples, one Lean run: 3.3s; 0 survive
  lb_gpr_mem_8__reg_a0__rust__all_constructed  F over ['a']; 9 candidates
      same_text      over  9 candidates, one Lean run: 5.0s
      evaluation over 9 candidates on 4 samples, one Lean run: 3.3s; 0 survive
  lh_gpr_fpr_16__reg_a0__rust__all_constructed F over ['a']; 9 candidates
      same_text      over  9 candidates, one Lean run: 3.8s
      evaluation over 9 candidates on 4 samples, one Lean run: 3.1s; 0 survive
  lh_gpr_fpr_fpr_16__reg_a0__rust__all_constructed F over ['a']; 9 candidates
      same_text      over  9 candidates, one Lean run: 4.0s
      evaluation over 9 candidates on 4 samples, one Lean run: 3.1s; 0 survive
  lh_gpr_gpr_16__reg_a0__rust__all_constructed F over ['a']; 9 candidates
      same_text      over  9 candidates, one Lean run: 3.9s
      evaluation over 9 candidates on 4 samples, one Lean run: 3.1s; 0 survive
  lh_gpr_gpr_gpr_16__reg_a0__rust__all_constructed F over ['a']; 9 candidates
      same_text      over  9 candidates, one Lean run: 3.8s
      evaluation over 9 candidates on 4 samples, one Lean run: 3.1s; 0 survive
  lh_gpr_gpr_imm_16__reg_a0__rust__all_constructed F over ['a']; 9 candidates
      same_text      over  9 candidates, one Lean run: 3.9s
      evaluation over 9 candidates on 4 samples, one Lean run: 3.0s; 0 survive
  lh_gpr_gpr_same_16__reg_a0__rust__all_constructed F over ['a']; 9 candidates
      same_text      over  9 candidates, one Lean run: 4.0s
      evaluation over 9 candidates on 4 samples, one Lean run: 3.1s; 0 survive
  lh_gpr_imm_16__reg_a0__rust__all_constructed F over ['a']; 9 candidates
      same_text      over  9 candidates, one Lean run: 4.0s
      evaluation over 9 candidates on 4 samples, one Lean run: 3.1s; 0 survive
  lh_gpr_mem_16__reg_a0__rust__all_constructed F over ['a']; 9 candidates
      same_text      over  9 candidates, one Lean run: 3.8s
      evaluation over 9 candidates on 4 samples, one Lean run: 3.1s; 0 survive
  lw_gpr_fpr_32__reg_a0__rust__all_constructed F over ['a']; 9 candidates
      same_text      over  9 candidates, one Lean run: 6.0s
      evaluation over 9 candidates on 4 samples, one Lean run: 3.5s; 0 survive
  lw_gpr_fpr_fpr_32__reg_a0__rust__all_constructed F over ['a']; 9 candidates
      same_text      over  9 candidates, one Lean run: 5.7s
      evaluation over 9 candidates on 4 samples, one Lean run: 3.4s; 0 survive
  lw_gpr_gpr_32__reg_a0__rust__all_constructed F over ['a']; 9 candidates
      same_text      over  9 candidates, one Lean run: 6.0s
      evaluation over 9 candidates on 4 samples, one Lean run: 3.5s; 0 survive
  lw_gpr_gpr_gpr_32__reg_a0__rust__all_constructed F over ['a']; 9 candidates
      same_text      over  9 candidates, one Lean run: 6.1s
      evaluation over 9 candidates on 4 samples, one Lean run: 3.5s; 0 survive
  lw_gpr_gpr_imm_32__reg_a0__rust__all_constructed F over ['a']; 9 candidates
      same_text      over  9 candidates, one Lean run: 6.0s
      evaluation over 9 candidates on 4 samples, one Lean run: 3.5s; 0 survive
  lw_gpr_gpr_same_32__reg_a0__rust__all_constructed F over ['a']; 9 candidates
      same_text      over  9 candidates, one Lean run: 6.0s
      evaluation over 9 candidates on 4 samples, one Lean run: 3.5s; 0 survive
  lw_gpr_imm_32__reg_a0__rust__all_constructed F over ['a']; 9 candidates
      same_text      over  9 candidates, one Lean run: 5.8s
      evaluation over 9 candidates on 4 samples, one Lean run: 3.5s; 0 survive
  lw_gpr_mem_32__reg_a0__rust__all_constructed F over ['a']; 9 candidates
      same_text      over  9 candidates, one Lean run: 5.8s
      evaluation over 9 candidates on 4 samples, one Lean run: 3.5s; 0 survive
  lwu_gpr_fpr_32__reg_a0__rust__all_constructed F over ['a']; 9 candidates
      same_text      over  9 candidates, one Lean run: 1.4s
      evaluation over 9 candidates on 4 samples, one Lean run: 2.5s; 0 survive
  lwu_gpr_fpr_fpr_32__reg_a0__rust__all_constructed F over ['a']; 9 candidates
      same_text      over  9 candidates, one Lean run: 1.4s
      evaluation over 9 candidates on 4 samples, one Lean run: 2.5s; 0 survive
  lwu_gpr_gpr_32__reg_a0__rust__all_constructed F over ['a']; 9 candidates
      same_text      over  9 candidates, one Lean run: 1.4s
      evaluation over 9 candidates on 4 samples, one Lean run: 2.5s; 0 survive
  lwu_gpr_gpr_gpr_32__reg_a0__rust__all_constructed F over ['a']; 9 candidates
      same_text      over  9 candidates, one Lean run: 1.3s
      evaluation over 9 candidates on 4 samples, one Lean run: 2.5s; 0 survive
  lwu_gpr_gpr_imm_32__reg_a0__rust__all_constructed F over ['a']; 9 candidates
      same_text      over  9 candidates, one Lean run: 1.4s
      evaluation over 9 candidates on 4 samples, one Lean run: 2.5s; 0 survive
  lwu_gpr_gpr_same_32__reg_a0__rust__all_constructed F over ['a']; 9 candidates
      same_text      over  9 candidates, one Lean run: 1.4s
      evaluation over 9 candidates on 4 samples, one Lean run: 2.5s; 0 survive
  lwu_gpr_imm_32__reg_a0__rust__all_constructed F over ['a']; 9 candidates
      same_text      over  9 candidates, one Lean run: 1.4s
      evaluation over 9 candidates on 4 samples, one Lean run: 2.5s; 0 survive
  lwu_gpr_mem_32__reg_a0__rust__all_constructed F over ['a']; 9 candidates
      same_text      over  9 candidates, one Lean run: 1.3s
      evaluation over 9 candidates on 4 samples, one Lean run: 2.5s; 0 survive
  or_gpr_gpr_gpr_64__reg_a0__rust__all_constructed F over ['a', 'b']; 52 candidates
      same_text      over 52 candidates, one Lean run: 2.3s
      RTYPE          rop.OR                                   PROVED    same_text
  ori_gpr_gpr_imm_64__reg_a0__rust__all_constructed F over ['a']; 9 candidates
      same_text      over  9 candidates, one Lean run: 1.3s
      evaluation over 9 candidates on 4 samples, one Lean run: 2.5s; 0 survive
  sb_gpr_fpr_8__mem_MEM_fa1__rust__all_constructed F over ['a', 'b']; 52 candidates
      same_text      over 52 candidates, one Lean run: 2.7s
      evaluation over 52 candidates on 4 samples, one Lean run: 4.8s; 0 survive
  sb_gpr_fpr_fpr_8__mem_MEM_fa1__rust__all_constructed F over ['a', 'b']; 52 candidates
      same_text      over 52 candidates, one Lean run: 2.8s
      evaluation over 52 candidates on 4 samples, one Lean run: 4.9s; 0 survive
  sb_gpr_gpr_8__mem_MEM_a1__rust__all_constructed F over ['a', 'b']; 52 candidates
      same_text      over 52 candidates, one Lean run: 2.7s
      evaluation over 52 candidates on 4 samples, one Lean run: 4.8s; 0 survive
  sb_gpr_gpr_gpr_8__mem_MEM_a1__rust__all_constructed F over ['a', 'b']; 52 candidates
      same_text      over 52 candidates, one Lean run: 2.7s
      evaluation over 52 candidates on 4 samples, one Lean run: 4.8s; 0 survive
  sb_gpr_gpr_imm_8__mem_MEM_a1__rust__all_constructed F over ['a', 'b']; 52 candidates
      same_text      over 52 candidates, one Lean run: 2.7s
      evaluation over 52 candidates on 4 samples, one Lean run: 4.9s; 0 survive
  sb_gpr_gpr_same_8__mem_MEM_a1__rust__all_constructed F over ['a', 'b']; 52 candidates
      same_text      over 52 candidates, one Lean run: 2.7s
      evaluation over 52 candidates on 4 samples, one Lean run: 4.8s; 0 survive
  sb_gpr_imm_8__mem_MEM_0x3__rust__all_constructed F over ['a', 'b']; 52 candidates
      same_text      over 52 candidates, one Lean run: 2.7s
      evaluation over 52 candidates on 4 samples, one Lean run: 4.9s; 0 survive
  sb_gpr_mem_8__mem_MEM_0x0_a1___rust__all_constructed F over ['a', 'b']; 52 candidates
      same_text      over 52 candidates, one Lean run: 2.7s
      evaluation over 52 candidates on 4 samples, one Lean run: 4.8s; 0 survive
  sll_gpr_gpr_gpr_64__reg_a0__rust__all_constructed F over ['a', 'b']; 52 candidates
      same_text      over 52 candidates, one Lean run: 5.2s
      evaluation over 52 candidates on 4 samples, one Lean run: 4.9s; 1 survive
      integer_level  over  1 candidates, one Lean run: 3.0s
      RTYPE          rop.SLL                                  UNDECIDED none 4.5s
  sll_gpr_gpr_same_64__reg_a0__rust__all_constructed F over ['a']; 9 candidates
      same_text      over  9 candidates, one Lean run: 1.9s
      evaluation over 9 candidates on 4 samples, one Lean run: 2.7s; 0 survive
  slli_gpr_gpr_imm_64__reg_a0__rust__all_constructed F over ['a']; 9 candidates
      same_text      over  9 candidates, one Lean run: 1.3s
      evaluation over 9 candidates on 4 samples, one Lean run: 2.5s; 0 survive
  slliw_gpr_gpr_imm_32__reg_a0__rust__all_constructed F over ['a']; 9 candidates
      same_text      over  9 candidates, one Lean run: 1.3s
      evaluation over 9 candidates on 4 samples, one Lean run: 2.5s; 0 survive
  sllw_gpr_gpr_gpr_32__reg_a0__rust__all_constructed F over ['a', 'b']; 52 candidates
      same_text      over 52 candidates, one Lean run: 25.6s
      evaluation over 52 candidates on 4 samples, one Lean run: 7.5s; 1 survive
      integer_level  over  1 candidates, one Lean run: 78.7s
      RTYPEW         ropw.SLLW                                UNDECIDED none 89.2s
  sllw_gpr_gpr_same_32__reg_a0__rust__all_constructed F over ['a']; 9 candidates
      same_text      over  9 candidates, one Lean run: 5.5s
      evaluation over 9 candidates on 4 samples, one Lean run: 5.2s; 0 survive
  slt_gpr_gpr_same_64__reg_a0__cpp__all_constructed F over []; 0 candidates
      same_text      over  0 candidates, one Lean run: 1.2s; TIMEOUT
      evaluation: the emit did not evaluate (1.2s); every candidate goes to the provers; anpath/equals_corpus_j_2_1/Eval_slt_gpr_gpr_same_64__reg_a0__cpp__all_constructed.lean:233:59: error: unexpected token '=>'; expected '[', '{', '|', '⦃' or term
  slti_gpr_gpr_imm_64__reg_a0__rust__all_constructed F over ['a']; 9 candidates
      same_text      over  9 candidates, one Lean run: 6.3s
      evaluation over 9 candidates on 4 samples, one Lean run: 9.8s; 0 survive
  sltiu_gpr_gpr_imm_64__reg_a0__rust__all_constructed F over ['a']; 9 candidates
      same_text      over  9 candidates, one Lean run: 5.2s
      evaluation over 9 candidates on 4 samples, one Lean run: 3.3s; 0 survive
  sltu_gpr_gpr_same_64__reg_a0__cpp__all_constructed F over []; 0 candidates
      same_text      over  0 candidates, one Lean run: 1.2s; TIMEOUT
      evaluation: the emit did not evaluate (1.2s); every candidate goes to the provers; npath/equals_corpus_j_2_1/Eval_sltu_gpr_gpr_same_64__reg_a0__cpp__all_constructed.lean:233:59: error: unexpected token '=>'; expected '[', '{', '|', '⦃' or term
  srai_gpr_gpr_imm_64__reg_a0__cpp__all_constructed F over ['a']; 9 candidates
      same_text      over  9 candidates, one Lean run: 1.8s
      evaluation over 9 candidates on 4 samples, one Lean run: 2.6s; 0 survive
  sraiw_gpr_gpr_imm_32__reg_a0__cpp__all_constructed F over ['a']; 9 candidates
      same_text      over  9 candidates, one Lean run: 5.4s
      evaluation over 9 candidates on 4 samples, one Lean run: 3.4s; 0 survive
  srl_gpr_gpr_gpr_64__reg_a0__cpp__all_constructed F over ['a', 'b']; 52 candidates
      same_text      over 52 candidates, one Lean run: 5.0s
      evaluation over 52 candidates on 4 samples, one Lean run: 4.9s; 1 survive
      integer_level  over  1 candidates, one Lean run: 3.0s
      RTYPE          rop.SRL                                  UNDECIDED none 4.5s
  srl_gpr_gpr_same_64__reg_a0__cpp__all_constructed F over ['a']; 9 candidates
      same_text      over  9 candidates, one Lean run: 1.9s
      evaluation over 9 candidates on 4 samples, one Lean run: 2.6s; 0 survive
  srli_gpr_gpr_imm_64__reg_a0__cpp__all_constructed F over ['a']; 9 candidates
      same_text      over  9 candidates, one Lean run: 1.3s
      evaluation over 9 candidates on 4 samples, one Lean run: 2.5s; 0 survive
  srliw_gpr_gpr_imm_32__reg_a0__cpp__all_constructed F over ['a']; 9 candidates
      same_text      over  9 candidates, one Lean run: 1.3s
      evaluation over 9 candidates on 4 samples, one Lean run: 2.5s; 0 survive
  srlw_gpr_gpr_gpr_32__reg_a0__cpp__all_constructed F over ['a', 'b']; 52 candidates
      same_text      over 52 candidates, one Lean run: 24.8s
      evaluation over 52 candidates on 4 samples, one Lean run: 7.4s; 1 survive
      integer_level  over  1 candidates, one Lean run: 45.9s
      RTYPEW         ropw.SRLW                                UNDECIDED none 56.4s
  srlw_gpr_gpr_same_32__reg_a0__rust__all_constructed F over ['a']; 9 candidates
      same_text      over  9 candidates, one Lean run: 5.5s
      evaluation over 9 candidates on 4 samples, one Lean run: 5.4s; 0 survive
  sub_gpr_gpr_same_64__reg_a0__rust__all_constructed F over []; 0 candidates
      same_text      over  0 candidates, one Lean run: 1.2s; TIMEOUT
      evaluation: the emit did not evaluate (1.2s); every candidate goes to the provers; npath/equals_corpus_j_2_1/Eval_sub_gpr_gpr_same_64__reg_a0__rust__all_constructed.lean:233:59: error: unexpected token '=>'; expected '[', '{', '|', '⦃' or term
  subw_gpr_gpr_same_32__reg_a0__rust__all_constructed F over []; 0 candidates
      same_text      over  0 candidates, one Lean run: 1.2s; TIMEOUT
      evaluation: the emit did not evaluate (1.2s); every candidate goes to the provers; path/equals_corpus_j_2_1/Eval_subw_gpr_gpr_same_32__reg_a0__rust__all_constructed.lean:233:59: error: unexpected token '=>'; expected '[', '{', '|', '⦃' or term
  sw_gpr_fpr_32__mem_MEM_fa1__rust__all_constructed F over ['a', 'b']; 52 candidates
      same_text      over 52 candidates, one Lean run: 11.7s
      evaluation over 52 candidates on 4 samples, one Lean run: 4.8s; 0 survive
  sw_gpr_fpr_fpr_32__mem_MEM_fa1__rust__all_constructed F over ['a', 'b']; 52 candidates
      same_text      over 52 candidates, one Lean run: 11.3s
      evaluation over 52 candidates on 4 samples, one Lean run: 4.7s; 0 survive
  sw_gpr_gpr_32__mem_MEM_a1__rust__all_constructed F over ['a', 'b']; 52 candidates
      same_text      over 52 candidates, one Lean run: 11.4s
      evaluation over 52 candidates on 4 samples, one Lean run: 4.8s; 0 survive
  sw_gpr_gpr_gpr_32__mem_MEM_a1__rust__all_constructed F over ['a', 'b']; 52 candidates
      same_text      over 52 candidates, one Lean run: 11.5s
      evaluation over 52 candidates on 4 samples, one Lean run: 4.8s; 0 survive
  sw_gpr_gpr_imm_32__mem_MEM_a1__rust__all_constructed F over ['a', 'b']; 52 candidates
      same_text      over 52 candidates, one Lean run: 11.4s
      evaluation over 52 candidates on 4 samples, one Lean run: 4.8s; 0 survive
  sw_gpr_gpr_same_32__mem_MEM_a1__rust__all_constructed F over ['a', 'b']; 52 candidates
      same_text      over 52 candidates, one Lean run: 11.4s
      evaluation over 52 candidates on 4 samples, one Lean run: 4.7s; 0 survive
  sw_gpr_imm_32__mem_MEM_0x3__rust__all_constructed F over ['a', 'b']; 52 candidates
      same_text      over 52 candidates, one Lean run: 11.4s
      evaluation over 52 candidates on 4 samples, one Lean run: 4.8s; 0 survive
  sw_gpr_mem_32__mem_MEM_0x0_a1___rust__all_constructed F over ['a', 'b']; 52 candidates
      same_text      over 52 candidates, one Lean run: 11.4s
      evaluation over 52 candidates on 4 samples, one Lean run: 4.7s; 0 survive
  xor_gpr_gpr_gpr_64__reg_a0__rust__all_constructed F over ['a', 'b']; 52 candidates
      same_text      over 52 candidates, one Lean run: 2.3s
      RTYPE          rop.XOR                                  PROVED    same_text
  xor_gpr_gpr_same_64__reg_a0__rust__all_constructed F over []; 0 candidates
      same_text      over  0 candidates, one Lean run: 1.1s; TIMEOUT
      evaluation: the emit did not evaluate (1.1s); every candidate goes to the provers; npath/equals_corpus_j_2_1/Eval_xor_gpr_gpr_same_64__reg_a0__rust__all_constructed.lean:233:59: error: unexpected token '=>'; expected '[', '{', '|', '⦃' or term
  xori_gpr_gpr_imm_64__reg_a0__rust__all_constructed F over ['a']; 9 candidates
      same_text      over  9 candidates, one Lean run: 1.3s
      evaluation over 9 candidates on 4 samples, one Lean run: 2.4s; 0 survive
  equals: 128 units, 3 with a proved definition
