  emitted definitions scanned: 4750
  add_gpr_gpr_gpr_64__reg_a0__rust__all_constructed F over ['a', 'b']; 52 candidates
      same_text      over 52 candidates, one Lean run: 54.8s
      integer_level  over 10 candidates, one Lean run: 120.0s; TIMEOUT
  add_gpr_gpr_same_64__reg_a0__rust__all_constructed F over ['a']; 9 candidates
      same_text      over  9 candidates, one Lean run: 4.0s
      integer_level  over  9 candidates, one Lean run: 26.5s
      BREV8                                                   UNDECIDED none 7.4s
      CLZ                                                     UNDECIDED none 6.7s
      CLZW                                                    UNDECIDED none 6.8s
      CTZ                                                     UNDECIDED none 5.4s
      CTZW                                                    UNDECIDED none 5.5s
      REV8                                                    UNDECIDED none 6.6s
      ZBB_EXTOP      extop_zbb.SEXTB                          UNDECIDED none 5.7s
      ZBB_EXTOP      extop_zbb.SEXTH                          UNDECIDED none 7.1s
      ZBB_EXTOP      extop_zbb.ZEXTH                          UNDECIDED none 6.1s
  addi_gpr_gpr_imm_64__reg_a0__rust__all_constructed F over ['a']; 9 candidates
      same_text      over  9 candidates, one Lean run: 11.7s
      integer_level  over  9 candidates, one Lean run: 120.0s; TIMEOUT
      BREV8                                                   UNDECIDED none 26.8s
      CLZ                                                     UNDECIDED none 24.7s
  addw_gpr_gpr_same_32__reg_a0__rust__all_constructed F over ['a']; 9 candidates
      same_text      over  9 candidates, one Lean run: 18.1s
      integer_level  over  9 candidates, one Lean run: 120.0s; TIMEOUT
      BREV8                                                   UNDECIDED none 20.5s
      CLZ                                                     UNDECIDED none 22.9s
  and_gpr_gpr_gpr_64__reg_a0__rust__all_constructed F over ['a', 'b']; 52 candidates
      same_text      over 52 candidates, one Lean run: 7.5s
      RTYPE          rop.AND                                  PROVED    same_text
  andi_gpr_gpr_imm_64__reg_a0__rust__all_constructed F over ['a']; 9 candidates
      same_text      over  9 candidates, one Lean run: 2.1s
      integer_level  over  9 candidates, one Lean run: 18.1s
      BREV8                                                   UNDECIDED none 4.0s
      CLZ                                                     UNDECIDED none 3.9s
      CLZW                                                    UNDECIDED none 3.9s
      CTZ                                                     UNDECIDED none 3.6s
      CTZW                                                    UNDECIDED none 3.8s
      REV8                                                    UNDECIDED none 3.8s
      ZBB_EXTOP      extop_zbb.SEXTB                          UNDECIDED none 3.8s
      ZBB_EXTOP      extop_zbb.SEXTH                          UNDECIDED none 3.8s
      ZBB_EXTOP      extop_zbb.ZEXTH                          UNDECIDED none 3.6s
  beq_gpr_gpr_64__branch_condition__rust__all_constructed F over ['a', 'b']; 52 candidates
      same_text      over 52 candidates, one Lean run: 75.4s
      integer_level  over 10 candidates, one Lean run: 120.0s; TIMEOUT
  beq_gpr_gpr_gpr_64__branch_condition__rust__all_constructed F over ['a', 'b']; 52 candidates
      same_text      over 52 candidates, one Lean run: 81.1s
