  emitted definitions scanned: 4750
  add_gpr_gpr_gpr_64__reg_a0__rust__all_constructed F over ['a', 'b']; 52 candidates
      same_text      over 52 candidates, one Lean run: 45.9s
      evaluation: the emit did not evaluate (12.1s); every candidate goes to the provers
      integer_level  over 10 candidates, one Lean run: 120.0s; TIMEOUT
  add_gpr_gpr_same_64__reg_a0__rust__all_constructed F over ['a']; 9 candidates
      same_text      over  9 candidates, one Lean run: 2.4s
      evaluation: the emit did not evaluate (4.3s); every candidate goes to the provers
      integer_level  over  9 candidates, one Lean run: 19.2s
      BREV8                                                   UNDECIDED none 6.7s
      CLZ                                                     UNDECIDED none 5.7s
      CLZW                                                    UNDECIDED none 4.8s
      CTZ                                                     UNDECIDED none 5.2s
      CTZW                                                    UNDECIDED none 4.7s
      REV8                                                    UNDECIDED none 5.8s
      ZBB_EXTOP      extop_zbb.SEXTB                          UNDECIDED none 5.1s
      ZBB_EXTOP      extop_zbb.SEXTH                          UNDECIDED none 5.3s
      ZBB_EXTOP      extop_zbb.ZEXTH                          UNDECIDED none 5.9s
  addi_gpr_gpr_imm_64__reg_a0__rust__all_constructed F over ['a']; 9 candidates
      same_text      over  9 candidates, one Lean run: 13.1s
      evaluation: the emit did not evaluate (17.3s); every candidate goes to the provers
      integer_level  over  9 candidates, one Lean run: 120.0s; TIMEOUT
  addw_gpr_gpr_same_32__reg_a0__rust__all_constructed F over ['a']; 9 candidates
      same_text      over  9 candidates, one Lean run: 13.5s
      evaluation: the emit did not evaluate (6.7s); every candidate goes to the provers
