  emitted definitions scanned: 4750
  add_gpr_gpr_gpr_64__reg_a0__cpp__native_first F over ['a', 'b']; 52 candidates
      same_text      over 52 candidates, one Lean run: 6.6s
      RTYPE          rop.ADD                                  PROVED    same_text
  add_gpr_gpr_same_64__reg_a0__cpp__native_first F over ['a']; 9 candidates
      same_text      over  9 candidates, one Lean run: 2.7s
      integer_level  over  9 candidates, one Lean run: 20.1s
      BREV8                                                   UNDECIDED none 4.3s
      CLZ                                                     UNDECIDED none 4.2s
      CLZW                                                    UNDECIDED none 3.9s
      CTZ                                                     UNDECIDED none 4.1s
      CTZW                                                    UNDECIDED none 4.1s
      REV8                                                    UNDECIDED none 4.3s
      ZBB_EXTOP      extop_zbb.SEXTB                          UNDECIDED none 4.3s
      ZBB_EXTOP      extop_zbb.SEXTH                          UNDECIDED none 4.3s
      ZBB_EXTOP      extop_zbb.ZEXTH                          UNDECIDED none 4.5s
  addi_gpr_gpr_imm_64__reg_a0__cpp__native_first F over ['a']; 9 candidates
      same_text      over  9 candidates, one Lean run: 1.9s
      integer_level  over  9 candidates, one Lean run: 17.6s
      BREV8                                                   UNDECIDED none 4.6s
      CLZ                                                     UNDECIDED none 5.0s
      CLZW                                                    UNDECIDED none 5.8s
      CTZ                                                     UNDECIDED none 4.9s
      CTZW                                                    UNDECIDED none 4.9s
      REV8                                                    UNDECIDED none 4.4s
      ZBB_EXTOP      extop_zbb.SEXTB                          UNDECIDED none 3.8s
      ZBB_EXTOP      extop_zbb.SEXTH                          UNDECIDED none 3.9s
      ZBB_EXTOP      extop_zbb.ZEXTH                          UNDECIDED none 3.8s
  and_gpr_gpr_gpr_64__reg_a0__cpp__native_first F over ['a', 'b']; 52 candidates
      same_text      over 52 candidates, one Lean run: 3.6s
      RTYPE          rop.AND                                  PROVED    same_text
  andi_gpr_gpr_imm_64__reg_a0__cpp__native_first F over ['a']; 9 candidates
      same_text      over  9 candidates, one Lean run: 2.1s
      integer_level  over  9 candidates, one Lean run: 15.8s
      BREV8                                                   UNDECIDED none 3.6s
      CLZ                                                     UNDECIDED none 3.5s
      CLZW                                                    UNDECIDED none 3.6s
      CTZ                                                     UNDECIDED none 3.4s
      CTZW                                                    UNDECIDED none 3.6s
      REV8                                                    UNDECIDED none 3.7s
      ZBB_EXTOP      extop_zbb.SEXTB                          UNDECIDED none 3.4s
      ZBB_EXTOP      extop_zbb.SEXTH                          UNDECIDED none 3.5s
      ZBB_EXTOP      extop_zbb.ZEXTH                          UNDECIDED none 3.5s
  beq_gpr_gpr_64__branch_condition__cpp__native_first F over ['a', 'b']; 52 candidates
      same_text      over 52 candidates, one Lean run: 4.1s
      integer_level  over 10 candidates, one Lean run: 33.5s
      integer_level  over 42 candidates, one Lean run: 120.0s; TIMEOUT
  beq_gpr_gpr_gpr_64__branch_condition__cpp__native_first F over ['a', 'b']; 52 candidates
      same_text      over 52 candidates, one Lean run: 7.6s
      integer_level  over 10 candidates, one Lean run: 42.6s
      integer_level  over 42 candidates, one Lean run: 120.0s; TIMEOUT
  beq_gpr_gpr_imm_64__branch_condition__cpp__native_first F over ['a', 'b']; 52 candidates
      same_text      over 52 candidates, one Lean run: 6.3s
      integer_level  over 10 candidates, one Lean run: 41.4s
      integer_level  over 42 candidates, one Lean run: 120.0s; TIMEOUT
  beq_gpr_gpr_same_64__branch_condition__cpp__native_first F over ['a', 'b']; 52 candidates
      same_text      over 52 candidates, one Lean run: 6.4s
      integer_level  over 10 candidates, one Lean run: 44.9s
      integer_level  over 42 candidates, one Lean run: 98.8s
  bge_gpr_gpr_64__branch_condition__cpp__native_first F over ['a', 'b']; 52 candidates
      same_text      over 52 candidates, one Lean run: 3.4s
      integer_level  over 10 candidates, one Lean run: 86.2s
