  emitted definitions scanned: 4750
  add_gpr_gpr_gpr_64__reg_a0__rust__native_first F over ['a', 'b']; 52 candidates
      same_text      over 52 candidates, one Lean run: 7.2s
      RTYPE          rop.ADD                                  PROVED    same_text
  add_gpr_gpr_same_64__reg_a0__rust__native_first F over ['a']; 9 candidates
      same_text      over  9 candidates, one Lean run: 3.0s
      integer_level  over  9 candidates, one Lean run: 20.5s
      BREV8                                                   UNDECIDED none 5.7s
      CLZ                                                     UNDECIDED none 4.7s
      CLZW                                                    UNDECIDED none 4.8s
      CTZ                                                     UNDECIDED none 5.1s
      CTZW                                                    UNDECIDED none 4.9s
      REV8                                                    UNDECIDED none 5.5s
      ZBB_EXTOP      extop_zbb.SEXTB                          UNDECIDED none 4.9s
      ZBB_EXTOP      extop_zbb.SEXTH                          UNDECIDED none 4.9s
      ZBB_EXTOP      extop_zbb.ZEXTH                          UNDECIDED none 4.8s
  addi_gpr_gpr_imm_64__reg_a0__rust__native_first F over ['a']; 9 candidates
      same_text      over  9 candidates, one Lean run: 2.1s
      integer_level  over  9 candidates, one Lean run: 17.1s
      BREV8                                                   UNDECIDED none 5.9s
      CLZ                                                     UNDECIDED none 5.6s
      CLZW                                                    UNDECIDED none 5.7s
      CTZ                                                     UNDECIDED none 4.7s
      CTZW                                                    UNDECIDED none 4.9s
      REV8                                                    UNDECIDED none 4.1s
      ZBB_EXTOP      extop_zbb.SEXTB                          UNDECIDED none 3.6s
      ZBB_EXTOP      extop_zbb.SEXTH                          UNDECIDED none 3.6s
      ZBB_EXTOP      extop_zbb.ZEXTH                          UNDECIDED none 3.7s
  and_gpr_gpr_gpr_64__reg_a0__rust__native_first F over ['a', 'b']; 52 candidates
      same_text      over 52 candidates, one Lean run: 3.2s
      RTYPE          rop.AND                                  PROVED    same_text
  andi_gpr_gpr_imm_64__reg_a0__rust__native_first F over ['a']; 9 candidates
      same_text      over  9 candidates, one Lean run: 2.1s
      integer_level  over  9 candidates, one Lean run: 17.0s
      BREV8                                                   UNDECIDED none 3.8s
      CLZ                                                     UNDECIDED none 3.6s
      CLZW                                                    UNDECIDED none 3.5s
      CTZ                                                     UNDECIDED none 3.6s
      CTZW                                                    UNDECIDED none 3.6s
      REV8                                                    UNDECIDED none 3.6s
      ZBB_EXTOP      extop_zbb.SEXTB                          UNDECIDED none 3.6s
      ZBB_EXTOP      extop_zbb.SEXTH                          UNDECIDED none 3.6s
      ZBB_EXTOP      extop_zbb.ZEXTH                          UNDECIDED none 3.6s
  beq_gpr_gpr_64__branch_condition__rust__native_first F over ['a', 'b']; 52 candidates
      same_text      over 52 candidates, one Lean run: 4.1s
      integer_level  over 10 candidates, one Lean run: 34.7s
      integer_level  over 42 candidates, one Lean run: 120.0s; TIMEOUT
  beq_gpr_gpr_gpr_64__branch_condition__rust__native_first F over ['a', 'b']; 52 candidates
      same_text      over 52 candidates, one Lean run: 6.0s
      integer_level  over 10 candidates, one Lean run: 45.7s
      integer_level  over 42 candidates, one Lean run: 120.0s; TIMEOUT
  beq_gpr_gpr_imm_64__branch_condition__rust__native_first F over ['a', 'b']; 52 candidates
      same_text      over 52 candidates, one Lean run: 5.8s
      integer_level  over 10 candidates, one Lean run: 44.6s
      integer_level  over 42 candidates, one Lean run: 120.0s; TIMEOUT
  beq_gpr_gpr_same_64__branch_condition__rust__native_first F over ['a', 'b']; 52 candidates
      same_text      over 52 candidates, one Lean run: 6.3s
      integer_level  over 10 candidates, one Lean run: 40.4s
