  emitted definitions scanned: 4750
  add_gpr_gpr_same_64__reg_a0__c__all_constructed F over ['a']; 9 candidates
      same_text      over  9 candidates, one Lean run: 2.1s
      integer_level  over  9 candidates, one Lean run: 18.4s
      BREV8                                                   UNDECIDED none 6.8s
      CLZ                                                     UNDECIDED none 5.3s
      CLZW                                                    UNDECIDED none 4.6s
      CTZ                                                     UNDECIDED none 4.2s
      CTZW                                                    UNDECIDED none 4.5s
      REV8                                                    UNDECIDED none 5.4s
      ZBB_EXTOP      extop_zbb.SEXTB                          UNDECIDED none 5.1s
      ZBB_EXTOP      extop_zbb.SEXTH                          UNDECIDED none 4.4s
      ZBB_EXTOP      extop_zbb.ZEXTH                          UNDECIDED none 4.8s
  addw_gpr_gpr_same_32__reg_a0__c__all_constructed F over ['a']; 9 candidates
      same_text      over  9 candidates, one Lean run: 12.2s
      integer_level  over  9 candidates, one Lean run: 120.0s; TIMEOUT
      BREV8                                                   UNDECIDED none 18.6s
      CLZ                                                     UNDECIDED none 18.8s
      CLZW                                                    UNDECIDED none 18.8s
      CTZ                                                     UNDECIDED none 17.9s
      CTZW                                                    UNDECIDED none 19.1s
  andi_gpr_gpr_imm_64__reg_a0__c__all_constructed F over ['a']; 9 candidates
      same_text      over  9 candidates, one Lean run: 2.6s
      integer_level  over  9 candidates, one Lean run: 16.8s
      BREV8                                                   UNDECIDED none 3.8s
      CLZ                                                     UNDECIDED none 3.6s
      CLZW                                                    UNDECIDED none 3.7s
      CTZ                                                     UNDECIDED none 3.6s
      CTZW                                                    UNDECIDED none 3.7s
      REV8                                                    UNDECIDED none 3.8s
      ZBB_EXTOP      extop_zbb.SEXTB                          UNDECIDED none 4.1s
      ZBB_EXTOP      extop_zbb.SEXTH                          UNDECIDED none 3.9s
      ZBB_EXTOP      extop_zbb.ZEXTH                          UNDECIDED none 4.2s
  beq_gpr_gpr_64__branch_condition__go__all_constructed F over ['a', 'b']; 52 candidates
