  emitted definitions scanned: 4750
  add_gpr_gpr_gpr_64__reg_a0__rust__native_first F over ['a', 'b']; 52 candidates
      same_text      over 52 candidates, one Lean run: 4.8s
      RTYPE          rop.ADD                                  PROVED    same_text
  add_gpr_gpr_same_64__reg_a0__rust__native_first F over ['a']; 9 candidates
      same_text      over  9 candidates, one Lean run: 2.5s
      integer_level  over  9 candidates, one Lean run: 19.8s
      BREV8                                                   UNDECIDED none 5.1s
      CLZ                                                     UNDECIDED none 4.4s
      CLZW                                                    UNDECIDED none 4.6s
      CTZ                                                     UNDECIDED none 4.4s
      CTZW                                                    UNDECIDED none 4.5s
      REV8                                                    UNDECIDED none 4.7s
      ZBB_EXTOP      extop_zbb.SEXTB                          UNDECIDED none 4.4s
      ZBB_EXTOP      extop_zbb.SEXTH                          UNDECIDED none 4.9s
      ZBB_EXTOP      extop_zbb.ZEXTH                          UNDECIDED none 5.1s
  addi_gpr_gpr_imm_64__reg_a0__rust__native_first F over ['a']; 9 candidates
      same_text      over  9 candidates, one Lean run: 2.5s
      integer_level  over  9 candidates, one Lean run: 19.9s
      BREV8                                                   UNDECIDED none 5.3s
      CLZ                                                     UNDECIDED none 4.5s
      CLZW                                                    UNDECIDED none 4.9s
      CTZ                                                     UNDECIDED none 4.8s
      CTZW                                                    UNDECIDED none 5.4s
      REV8                                                    UNDECIDED none 4.8s
      ZBB_EXTOP      extop_zbb.SEXTB                          UNDECIDED none 4.6s
      ZBB_EXTOP      extop_zbb.SEXTH                          UNDECIDED none 4.4s
      ZBB_EXTOP      extop_zbb.ZEXTH                          UNDECIDED none 4.3s
  and_gpr_gpr_gpr_64__reg_a0__rust__native_first F over ['a', 'b']; 52 candidates
      same_text      over 52 candidates, one Lean run: 3.5s
      RTYPE          rop.AND                                  PROVED    same_text
  andi_gpr_gpr_imm_64__reg_a0__rust__native_first F over ['a']; 9 candidates
      same_text      over  9 candidates, one Lean run: 2.1s
      integer_level  over  9 candidates, one Lean run: 15.8s
      BREV8                                                   UNDECIDED none 3.6s
      CLZ                                                     UNDECIDED none 3.5s
      CLZW                                                    UNDECIDED none 3.4s
      CTZ                                                     UNDECIDED none 3.5s
      CTZW                                                    UNDECIDED none 3.5s
      REV8                                                    UNDECIDED none 3.6s
      ZBB_EXTOP      extop_zbb.SEXTB                          UNDECIDED none 3.5s
      ZBB_EXTOP      extop_zbb.SEXTH                          UNDECIDED none 3.5s
      ZBB_EXTOP      extop_zbb.ZEXTH                          UNDECIDED none 3.4s
  beq_gpr_gpr_64__branch_condition__rust__native_first F over ['a', 'b']; 52 candidates
      same_text      over 52 candidates, one Lean run: 4.2s
      integer_level  over 10 candidates, one Lean run: 34.8s
      integer_level  over 12 candidates, one Lean run: 51.3s
      integer_level  over 12 candidates, one Lean run: 34.8s
      integer_level  over 12 candidates, one Lean run: 49.2s
  beq_gpr_gpr_gpr_64__branch_condition__rust__native_first F over ['a', 'b']; 52 candidates
      same_text      over 52 candidates, one Lean run: 3.9s
      integer_level  over 10 candidates, one Lean run: 42.9s
      integer_level  over 12 candidates, one Lean run: 49.3s
      integer_level  over 12 candidates, one Lean run: 29.1s
      integer_level  over 12 candidates, one Lean run: 31.5s
  beq_gpr_gpr_imm_64__branch_condition__rust__native_first F over ['a', 'b']; 52 candidates
      same_text      over 52 candidates, one Lean run: 6.3s
      integer_level  over 10 candidates, one Lean run: 41.0s
      integer_level  over 12 candidates, one Lean run: 44.9s
      integer_level  over 12 candidates, one Lean run: 24.1s
      integer_level  over 12 candidates, one Lean run: 37.8s
  beq_gpr_gpr_same_64__branch_condition__rust__native_first F over ['a', 'b']; 52 candidates
      same_text      over 52 candidates, one Lean run: 7.4s
      integer_level  over 10 candidates, one Lean run: 42.1s
      integer_level  over 12 candidates, one Lean run: 39.8s
      integer_level  over 12 candidates, one Lean run: 20.8s
      integer_level  over 12 candidates, one Lean run: 38.3s
      integer_level  over  6 candidates, one Lean run: 26.3s
  bge_gpr_gpr_64__branch_condition__rust__native_first F over ['a', 'b']; 52 candidates
      same_text      over 52 candidates, one Lean run: 7.7s
      integer_level  over 10 candidates, one Lean run: 54.4s
      integer_level  over 12 candidates, one Lean run: 46.4s
      integer_level  over 12 candidates, one Lean run: 24.3s
      integer_level  over 12 candidates, one Lean run: 44.2s
  bge_gpr_gpr_gpr_64__branch_condition__rust__native_first F over ['a', 'b']; 52 candidates
      same_text      over 52 candidates, one Lean run: 4.6s
      integer_level  over 10 candidates, one Lean run: 61.9s
      integer_level  over 12 candidates, one Lean run: 45.9s
