  emitted definitions scanned: 4750
  add_gpr_gpr_gpr_64__reg_a0__c__all_constructed F over ['a', 'b']; 52 candidates
      round 1 (one Lean run, 52 candidates x 2 theorems): 120.0s; TIMEOUT
      RTYPE          rop.ADD                                  UNDECIDED none 129.0s
      RTYPE          rop.SUB                                  UNDECIDED none 128.5s
      RTYPE          rop.SLL                                  UNDECIDED none 128.7s
      RTYPE          rop.SLT                                  UNDECIDED none 127.8s
      RTYPE          rop.SLTU                                 UNDECIDED none 128.0s
      RTYPE          rop.XOR                                  UNDECIDED none 128.0s
      RTYPE          rop.SRL                                  UNDECIDED none 128.9s
      RTYPE          rop.SRA                                  UNDECIDED none 128.7s
  add_gpr_gpr_same_64__reg_a0__c__all_constructed F over ['a']; 9 candidates
      round 1 (one Lean run, 9 candidates x 2 theorems): 14.5s
      BREV8                                                   UNDECIDED none 3.4s
      CLZ                                                     UNDECIDED none 3.0s
      CLZW                                                    UNDECIDED none 3.1s
      CTZ                                                     UNDECIDED none 3.2s
      CTZW                                                    UNDECIDED none 3.1s
      REV8                                                    UNDECIDED none 3.1s
      ZBB_EXTOP      extop_zbb.SEXTB                          UNDECIDED none 3.2s
      ZBB_EXTOP      extop_zbb.SEXTH                          UNDECIDED none 3.0s
      ZBB_EXTOP      extop_zbb.ZEXTH                          UNDECIDED none 2.9s
  addi_gpr_gpr_imm_64__reg_a0__c__all_constructed F over ['a']; 9 candidates
      round 1 (one Lean run, 9 candidates x 2 theorems): 120.0s; TIMEOUT
      BREV8                                                   UNDECIDED none 129.1s
      CLZ                                                     UNDECIDED none 129.9s
      CLZW                                                    UNDECIDED none 127.8s
      CTZ                                                     UNDECIDED none 127.9s
      CTZW                                                    UNDECIDED none 126.7s
      REV8                                                    UNDECIDED none 126.4s
      ZBB_EXTOP      extop_zbb.SEXTB                          UNDECIDED none 126.5s
      ZBB_EXTOP      extop_zbb.SEXTH                          UNDECIDED none 126.5s
  addw_gpr_gpr_same_32__reg_a0__c__all_constructed F over ['a']; 9 candidates
      round 1 (one Lean run, 9 candidates x 2 theorems): 120.0s; TIMEOUT
      BREV8                                                   UNDECIDED none 123.0s
      CLZ                                                     UNDECIDED none 123.0s
      CLZW                                                    UNDECIDED none 123.0s
      CTZ                                                     UNDECIDED none 123.0s
      CTZW                                                    UNDECIDED none 123.0s
      REV8                                                    UNDECIDED none 123.0s
      ZBB_EXTOP      extop_zbb.SEXTB                          UNDECIDED none 123.0s
      ZBB_EXTOP      extop_zbb.SEXTH                          UNDECIDED none 123.1s
      ZBB_EXTOP      extop_zbb.ZEXTH                          UNDECIDED none 122.9s
  and_gpr_gpr_gpr_64__reg_a0__c__all_constructed F over ['a', 'b']; 52 candidates
      round 1 (one Lean run, 52 candidates x 2 theorems): 98.2s
      RTYPE          rop.AND                                  PROVED    same_text
  andi_gpr_gpr_imm_64__reg_a0__c__all_constructed F over ['a']; 9 candidates
      round 1 (one Lean run, 9 candidates x 2 theorems): 13.6s
      BREV8                                                   UNDECIDED none 2.9s
      CLZ                                                     UNDECIDED none 2.8s
      CLZW                                                    UNDECIDED none 2.8s
      CTZ                                                     UNDECIDED none 2.8s
      CTZW                                                    UNDECIDED none 2.8s
      REV8                                                    UNDECIDED none 2.9s
      ZBB_EXTOP      extop_zbb.SEXTB                          UNDECIDED none 2.8s
      ZBB_EXTOP      extop_zbb.SEXTH                          UNDECIDED none 2.8s
      ZBB_EXTOP      extop_zbb.ZEXTH                          UNDECIDED none 2.8s
  beq_gpr_gpr_64__branch_condition__c__all_constructed F over ['a', 'b']; 52 candidates
