  emitted definitions scanned: 4750
  add_gpr_gpr_gpr_64__reg_a0__c__native_first  F over ['a', 'b']; 52 candidates
      same_text      over 52 candidates, one Lean run: 6.1s
      RTYPE          rop.ADD                                  PROVED    same_text
  addi_gpr_gpr_imm_64__reg_a0__c__native_first F over ['a']; 9 candidates
      same_text      over  9 candidates, one Lean run: 3.1s
      integer_level  over  9 candidates, one Lean run: 19.7s
      BREV8                                                   UNDECIDED none 4.2s
      CLZ                                                     UNDECIDED none 4.1s
      CLZW                                                    UNDECIDED none 4.0s
      CTZ                                                     UNDECIDED none 4.1s
      CTZW                                                    UNDECIDED none 4.1s
      REV8                                                    UNDECIDED none 4.2s
      ZBB_EXTOP      extop_zbb.SEXTB                          UNDECIDED none 4.3s
      ZBB_EXTOP      extop_zbb.SEXTH                          UNDECIDED none 4.4s
      ZBB_EXTOP      extop_zbb.ZEXTH                          UNDECIDED none 4.3s
  andi_gpr_gpr_imm_64__reg_a0__c__native_first F over ['a']; 9 candidates
      same_text      over  9 candidates, one Lean run: 1.7s
      integer_level  over  9 candidates, one Lean run: 20.3s
      BREV8                                                   UNDECIDED none 5.2s
      CLZ                                                     UNDECIDED none 5.6s
      CLZW                                                    UNDECIDED none 4.8s
      CTZ                                                     UNDECIDED none 5.0s
      CTZW                                                    UNDECIDED none 4.8s
      REV8                                                    UNDECIDED none 4.4s
      ZBB_EXTOP      extop_zbb.SEXTB                          UNDECIDED none 4.0s
      ZBB_EXTOP      extop_zbb.SEXTH                          UNDECIDED none 4.0s
      ZBB_EXTOP      extop_zbb.ZEXTH                          UNDECIDED none 4.2s
  beq_gpr_gpr_gpr_64__branch_condition__c__native_first F over ['a', 'b']; 52 candidates
      same_text      over 52 candidates, one Lean run: 4.5s
      integer_level  over 10 candidates, one Lean run: 37.4s
      integer_level  over 42 candidates, one Lean run: 120.0s; TIMEOUT
  beq_gpr_gpr_same_64__branch_condition__c__native_first F over ['a', 'b']; 52 candidates
      same_text      over 52 candidates, one Lean run: 9.2s
      integer_level  over 10 candidates, one Lean run: 47.8s
      integer_level  over 42 candidates, one Lean run: 120.0s; TIMEOUT
  bge_gpr_gpr_gpr_64__branch_condition__c__native_first F over ['a', 'b']; 52 candidates
      same_text      over 52 candidates, one Lean run: 5.7s
      integer_level  over 10 candidates, one Lean run: 48.2s
      integer_level  over 42 candidates, one Lean run: 120.0s; TIMEOUT
  bge_gpr_gpr_same_64__branch_condition__c__native_first F over ['a', 'b']; 52 candidates
      same_text      over 52 candidates, one Lean run: 6.8s
      integer_level  over 10 candidates, one Lean run: 51.9s
      integer_level  over 42 candidates, one Lean run: 120.0s; TIMEOUT
  bgeu_gpr_gpr_gpr_64__branch_condition__c__native_first F over ['a', 'b']; 52 candidates
      same_text      over 52 candidates, one Lean run: 8.9s
      integer_level  over 10 candidates, one Lean run: 60.3s
