  emitted definitions scanned: 4750
  add_gpr_gpr_gpr_64__reg_a0__rust__all_constructed F over ['a', 'b']; 52 candidates
      evaluation over 52 candidates on 4 samples, one Lean run: 99.7s; 2 survive
      same_text      over  2 candidates, one Lean run: 4.5s
      integer_level  over  1 candidates, one Lean run: 97.7s
  add_gpr_gpr_same_64__reg_a0__rust__all_constructed F over ['a']; 9 candidates
      evaluation over 9 candidates on 4 samples, one Lean run: 13.4s; 0 survive
  addi_gpr_gpr_imm_64__reg_a0__rust__all_constructed F over ['a']; 9 candidates
      evaluation over 9 candidates on 4 samples, one Lean run: 21.8s; 0 survive
  addw_gpr_gpr_same_32__reg_a0__rust__all_constructed F over ['a']; 9 candidates
      evaluation over 9 candidates on 4 samples, one Lean run: 16.2s; 0 survive
  and_gpr_gpr_gpr_64__reg_a0__rust__all_constructed F over ['a', 'b']; 52 candidates
      evaluation over 52 candidates on 4 samples, one Lean run: 65.3s; 1 survive
      same_text      over  1 candidates, one Lean run: 2.0s
      RTYPE          rop.AND                                  PROVED    same_text
  andi_gpr_gpr_imm_64__reg_a0__rust__all_constructed F over ['a']; 9 candidates
      evaluation over 9 candidates on 4 samples, one Lean run: 13.5s; 0 survive
  beq_gpr_gpr_64__branch_condition__rust__all_constructed F over ['a', 'b']; 52 candidates
      evaluation over 52 candidates on 4 samples, one Lean run: 68.9s; 0 survive
  beq_gpr_gpr_gpr_64__branch_condition__rust__all_constructed F over ['a', 'b']; 52 candidates
