  emitted definitions scanned: 4750
  add_gpr_gpr_same_64__reg_a0__c__native_first F over ['a']; 9 candidates
      same_text      over  9 candidates, one Lean run: 3.3s
      integer_level  over  9 candidates, one Lean run: 23.4s
      BREV8                                                   UNDECIDED none 5.6s
      CLZ                                                     UNDECIDED none 5.8s
      CLZW                                                    UNDECIDED none 5.4s
      CTZ                                                     UNDECIDED none 5.4s
      CTZW                                                    UNDECIDED none 5.1s
      REV8                                                    UNDECIDED none 6.0s
      ZBB_EXTOP      extop_zbb.SEXTB                          UNDECIDED none 5.2s
      ZBB_EXTOP      extop_zbb.SEXTH                          UNDECIDED none 5.2s
      ZBB_EXTOP      extop_zbb.ZEXTH                          UNDECIDED none 5.0s
  and_gpr_gpr_gpr_64__reg_a0__c__native_first  F over ['a', 'b']; 52 candidates
      same_text      over 52 candidates, one Lean run: 4.2s
      RTYPE          rop.AND                                  PROVED    same_text
  beq_gpr_gpr_64__branch_condition__c__native_first F over ['a', 'b']; 52 candidates
      same_text      over 52 candidates, one Lean run: 4.8s
      integer_level  over 10 candidates, one Lean run: 44.5s
      integer_level  over 42 candidates, one Lean run: 113.9s
  beq_gpr_gpr_imm_64__branch_condition__c__native_first F over ['a', 'b']; 52 candidates
      same_text      over 52 candidates, one Lean run: 8.3s
      integer_level  over 10 candidates, one Lean run: 52.8s
      integer_level  over 42 candidates, one Lean run: 120.0s; TIMEOUT
  bge_gpr_gpr_64__branch_condition__c__native_first F over ['a', 'b']; 52 candidates
      same_text      over 52 candidates, one Lean run: 6.6s
      integer_level  over 10 candidates, one Lean run: 44.2s
      integer_level  over 42 candidates, one Lean run: 120.0s; TIMEOUT
  bge_gpr_gpr_imm_64__branch_condition__c__native_first F over ['a', 'b']; 52 candidates
      same_text      over 52 candidates, one Lean run: 7.3s
      integer_level  over 10 candidates, one Lean run: 52.7s
      integer_level  over 42 candidates, one Lean run: 120.0s; TIMEOUT
  bgeu_gpr_gpr_64__branch_condition__c__native_first F over ['a', 'b']; 52 candidates
      same_text      over 52 candidates, one Lean run: 7.2s
