  emitted definitions scanned: 4750
  add_gpr_gpr_gpr_64__reg_a0__rust__all_constructed F over ['a', 'b']; 52 candidates
      same_text      over 52 candidates, one Lean run: 60.9s
      integer_level  over 10 candidates, one Lean run: 120.0s; TIMEOUT
  add_gpr_gpr_same_64__reg_a0__rust__all_constructed F over ['a']; 9 candidates
      same_text      over  9 candidates, one Lean run: 3.3s
      integer_level  over  9 candidates, one Lean run: 21.4s
      BREV8                                                   UNDECIDED none 6.7s
      CLZ                                                     UNDECIDED none 5.1s
      CLZW                                                    UNDECIDED none 5.8s
      CTZ                                                     UNDECIDED none 5.5s
      CTZW                                                    UNDECIDED none 6.3s
      REV8                                                    UNDECIDED none 5.2s
      ZBB_EXTOP      extop_zbb.SEXTB                          UNDECIDED none 6.4s
      ZBB_EXTOP      extop_zbb.SEXTH                          UNDECIDED none 4.6s
      ZBB_EXTOP      extop_zbb.ZEXTH                          UNDECIDED none 5.4s
  addi_gpr_gpr_imm_64__reg_a0__rust__all_constructed F over ['a']; 9 candidates
      same_text      over  9 candidates, one Lean run: 9.8s
      integer_level  over  9 candidates, one Lean run: 120.0s; TIMEOUT
      BREV8                                                   UNDECIDED none 22.9s
      CLZ                                                     UNDECIDED none 24.5s
      CLZW                                                    UNDECIDED none 24.2s
  addw_gpr_gpr_same_32__reg_a0__rust__all_constructed F over ['a']; 9 candidates
      same_text      over  9 candidates, one Lean run: 14.4s
      integer_level  over  9 candidates, one Lean run: 120.0s; TIMEOUT
      BREV8                                                   UNDECIDED none 19.8s
      CLZ                                                     UNDECIDED none 21.0s
      CLZW                                                    UNDECIDED none 22.2s
  and_gpr_gpr_gpr_64__reg_a0__rust__all_constructed F over ['a', 'b']; 52 candidates
      same_text      over 52 candidates, one Lean run: 4.5s
      RTYPE          rop.AND                                  PROVED    same_text
  andi_gpr_gpr_imm_64__reg_a0__rust__all_constructed F over ['a']; 9 candidates
      same_text      over  9 candidates, one Lean run: 2.1s
      integer_level  over  9 candidates, one Lean run: 21.0s
      BREV8                                                   UNDECIDED none 4.6s
      CLZ                                                     UNDECIDED none 4.8s
      CLZW                                                    UNDECIDED none 4.9s
      CTZ                                                     UNDECIDED none 4.9s
      CTZW                                                    UNDECIDED none 4.8s
      REV8                                                    UNDECIDED none 4.8s
      ZBB_EXTOP      extop_zbb.SEXTB                          UNDECIDED none 4.3s
      ZBB_EXTOP      extop_zbb.SEXTH                          UNDECIDED none 4.4s
      ZBB_EXTOP      extop_zbb.ZEXTH                          UNDECIDED none 4.3s
  beq_gpr_gpr_64__branch_condition__rust__all_constructed F over ['a', 'b']; 52 candidates
      same_text      over 52 candidates, one Lean run: 66.5s
      integer_level  over 10 candidates, one Lean run: 120.0s; TIMEOUT
  beq_gpr_gpr_gpr_64__branch_condition__rust__all_constructed F over ['a', 'b']; 52 candidates
      same_text      over 52 candidates, one Lean run: 77.0s
      integer_level  over 10 candidates, one Lean run: 120.0s; TIMEOUT
  beq_gpr_gpr_imm_64__branch_condition__rust__all_constructed F over ['a', 'b']; 52 candidates
      same_text      over 52 candidates, one Lean run: 73.0s
