  emitted definitions scanned: 4750
  add_gpr_gpr_gpr_64__reg_a0__cpp__all_constructed F over ['a', 'b']; 52 candidates
      same_text      over 52 candidates, one Lean run: 46.9s
      evaluation: the emit did not evaluate (12.8s); every candidate goes to the provers
      integer_level  over 10 candidates, one Lean run: 120.0s; TIMEOUT
  add_gpr_gpr_same_64__reg_a0__cpp__all_constructed F over ['a']; 9 candidates
      same_text      over  9 candidates, one Lean run: 3.9s
      evaluation: the emit did not evaluate (5.8s); every candidate goes to the provers
      integer_level  over  9 candidates, one Lean run: 22.5s
      BREV8                                                   UNDECIDED none 6.0s
      CLZ                                                     UNDECIDED none 5.9s
      CLZW                                                    UNDECIDED none 6.1s
      CTZ                                                     UNDECIDED none 5.3s
      CTZW                                                    UNDECIDED none 5.2s
      REV8                                                    UNDECIDED none 6.9s
      ZBB_EXTOP      extop_zbb.SEXTB                          UNDECIDED none 6.4s
      ZBB_EXTOP      extop_zbb.SEXTH                          UNDECIDED none 7.2s
      ZBB_EXTOP      extop_zbb.ZEXTH                          UNDECIDED none 5.1s
  addi_gpr_gpr_imm_64__reg_a0__cpp__all_constructed F over ['a']; 9 candidates
      same_text      over  9 candidates, one Lean run: 10.6s
      evaluation: the emit did not evaluate (19.0s); every candidate goes to the provers
      integer_level  over  9 candidates, one Lean run: 120.0s; TIMEOUT
      BREV8                                                   UNDECIDED none 24.6s
  addw_gpr_gpr_same_32__reg_a0__cpp__all_constructed F over ['a']; 9 candidates
      same_text      over  9 candidates, one Lean run: 13.4s
      evaluation: the emit did not evaluate (5.6s); every candidate goes to the provers
