  emitted definitions scanned: 4750; lean-sail definitions indexed: 137
  lhu_gpr_fpr_fpr_16__reg_a0__go__all_constructed F over ['a']; 9 candidates
      evaluation over 9 candidates on 4 samples, one Lean run: 2.7s; 1 survive
      same_text      over  1 candidates, one Lean run: 1.4s
      integer_level  over  1 candidates, one Lean run: 2.5s
      ZBB_EXTOP      extop_zbb.ZEXTH                          PROVED    fixed_width 5.2s
  sll_gpr_gpr_gpr_64__reg_a0__c__all_constructed F over ['a', 'b']; 52 candidates
      evaluation over 52 candidates on 4 samples, one Lean run: 5.3s; 1 survive
      same_text      over  1 candidates, one Lean run: 1.9s
      integer_level  over  1 candidates, one Lean run: 13.5s
      RTYPE          rop.SLL                                  PROVED    fixed_width 16.8s
  lhu_gpr_gpr_imm_16__reg_a0__go__all_constructed F over ['a']; 9 candidates
      evaluation over 9 candidates on 4 samples, one Lean run: 2.6s; 1 survive
      same_text      over  1 candidates, one Lean run: 1.3s
      integer_level  over  1 candidates, one Lean run: 2.5s
      ZBB_EXTOP      extop_zbb.ZEXTH                          PROVED    fixed_width 5.0s
  lhu_gpr_fpr_16__reg_a0__go__native_first     F over ['a']; 9 candidates
      evaluation over 9 candidates on 4 samples, one Lean run: 2.6s; 1 survive
      same_text      over  1 candidates, one Lean run: 1.3s
      integer_level  over  1 candidates, one Lean run: 2.5s
      ZBB_EXTOP      extop_zbb.ZEXTH                          PROVED    fixed_width 5.0s
  sra_gpr_gpr_gpr_64__reg_a0__go__native_first F over ['a', 'b']; 52 candidates
      evaluation over 52 candidates on 4 samples, one Lean run: 5.0s; 1 survive
      same_text      over  1 candidates, one Lean run: 1.8s
      integer_level  over  1 candidates, one Lean run: 3.9s
      RTYPE          rop.SRA                                  PROVED    fixed_width 7.0s
  lhu_gpr_gpr_same_16__reg_a0__go__native_first F over ['a']; 9 candidates
      evaluation over 9 candidates on 4 samples, one Lean run: 2.6s; 1 survive
      same_text      over  1 candidates, one Lean run: 1.3s
      integer_level  over  1 candidates, one Lean run: 2.5s
      ZBB_EXTOP      extop_zbb.ZEXTH                          PROVED    fixed_width 5.0s
  blt_gpr_gpr_64__branch_condition__rust__all_constructed F over ['a', 'b']; 52 candidates
      evaluation over 52 candidates on 4 samples, one Lean run: 39.2s; 1 survive
      same_text      over  1 candidates, one Lean run: 2.7s
      integer_level  over  1 candidates, one Lean run: 4.3s
      RTYPE          rop.SLT                                  UNDECIDED none 16.8s
  sll_gpr_gpr_gpr_64__reg_a0__cpp__all_constructed F over ['a', 'b']; 52 candidates
      evaluation over 52 candidates on 4 samples, one Lean run: 5.1s; 1 survive
      same_text      over  1 candidates, one Lean run: 1.9s
      integer_level  over  1 candidates, one Lean run: 13.7s
      RTYPE          rop.SLL                                  PROVED    fixed_width 17.1s
  srl_gpr_gpr_gpr_64__reg_a0__rust__all_constructed F over ['a', 'b']; 52 candidates
      evaluation over 52 candidates on 4 samples, one Lean run: 5.3s; 1 survive
      same_text      over  1 candidates, one Lean run: 1.9s
      integer_level  over  1 candidates, one Lean run: 10.7s
      RTYPE          rop.SRL                                  PROVED    fixed_width 14.0s
  blt_gpr_gpr_same_64__branch_condition__rust__all_constructed F over ['a', 'b']; 52 candidates
      evaluation over 52 candidates on 4 samples, one Lean run: 39.8s; 1 survive
      same_text      over  1 candidates, one Lean run: 2.8s
      integer_level  over  1 candidates, one Lean run: 4.3s
      RTYPE          rop.SLT                                  UNDECIDED none 17.0s
  sllw_gpr_gpr_gpr_32__reg_a0__rust__all_constructed F over ['a', 'b']; 52 candidates
      evaluation over 52 candidates on 4 samples, one Lean run: 7.9s; 1 survive
      same_text      over  1 candidates, one Lean run: 2.3s
      integer_level  over  1 candidates, one Lean run: 4.8s
      RTYPEW         ropw.SLLW                                PROVED    fixed_width 9.2s
  equals: 11 units, 9 with a proved definition
