  emitted definitions scanned: 4750
  add_gpr_gpr_gpr_64__reg_a0__c__native_first  F over ['a', 'b']; 52 candidates
      same_text      over 52 candidates, one Lean run: 6.0s
      RTYPE          rop.ADD                                  PROVED    same_text
  addi_gpr_gpr_imm_64__reg_a0__c__native_first F over ['a']; 9 candidates
      same_text      over  9 candidates, one Lean run: 3.0s
      integer_level  over  9 candidates, one Lean run: 24.3s
      BREV8                                                   UNDECIDED none 5.6s
      CLZ                                                     UNDECIDED none 5.6s
      CLZW                                                    UNDECIDED none 5.5s
      CTZ                                                     UNDECIDED none 5.5s
      CTZW                                                    UNDECIDED none 5.3s
      REV8                                                    UNDECIDED none 5.8s
      ZBB_EXTOP      extop_zbb.SEXTB                          UNDECIDED none 5.1s
      ZBB_EXTOP      extop_zbb.SEXTH                          UNDECIDED none 5.2s
      ZBB_EXTOP      extop_zbb.ZEXTH                          UNDECIDED none 5.0s
  andi_gpr_gpr_imm_64__reg_a0__c__native_first F over ['a']; 9 candidates
      same_text      over  9 candidates, one Lean run: 2.2s
      integer_level  over  9 candidates, one Lean run: 21.3s
      BREV8                                                   UNDECIDED none 5.2s
      CLZ                                                     UNDECIDED none 4.8s
      CLZW                                                    UNDECIDED none 4.6s
      CTZ                                                     UNDECIDED none 4.9s
      CTZW                                                    UNDECIDED none 4.9s
      REV8                                                    UNDECIDED none 4.2s
      ZBB_EXTOP      extop_zbb.SEXTB                          UNDECIDED none 4.1s
      ZBB_EXTOP      extop_zbb.SEXTH                          UNDECIDED none 4.2s
      ZBB_EXTOP      extop_zbb.ZEXTH                          UNDECIDED none 4.2s
  beq_gpr_gpr_gpr_64__branch_condition__c__native_first F over ['a', 'b']; 52 candidates
      same_text      over 52 candidates, one Lean run: 4.0s
      integer_level  over 10 candidates, one Lean run: 37.9s
      integer_level  over 42 candidates, one Lean run: 120.0s; TIMEOUT
  beq_gpr_gpr_same_64__branch_condition__c__native_first F over ['a', 'b']; 52 candidates
      same_text      over 52 candidates, one Lean run: 6.8s
      integer_level  over 10 candidates, one Lean run: 53.0s
      integer_level  over 42 candidates, one Lean run: 120.0s; TIMEOUT
  bge_gpr_gpr_gpr_64__branch_condition__c__native_first F over ['a', 'b']; 52 candidates
      same_text      over 52 candidates, one Lean run: 3.9s
      integer_level  over 10 candidates, one Lean run: 45.0s
      integer_level  over 42 candidates, one Lean run: 120.0s; TIMEOUT
  bge_gpr_gpr_same_64__branch_condition__c__native_first F over ['a', 'b']; 52 candidates
      same_text      over 52 candidates, one Lean run: 5.6s
      integer_level  over 10 candidates, one Lean run: 51.9s
