  emitted definitions scanned: 4750; lean-sail definitions indexed: 137
  lhu_gpr_fpr_fpr_16__reg_a0__go__all_constructed F over ['a']; 9 candidates
      evaluation over 9 candidates on 4 samples, one Lean run: 2.6s; 1 survive
      same_text      over  1 candidates, one Lean run: 1.3s
      integer_level  over  1 candidates, one Lean run: 2.3s
      ZBB_EXTOP      extop_zbb.ZEXTH                          UNDECIDED none 4.9s
  sll_gpr_gpr_gpr_64__reg_a0__c__all_constructed F over ['a', 'b']; 52 candidates
      evaluation over 52 candidates on 4 samples, one Lean run: 5.2s; 1 survive
      same_text      over  1 candidates, one Lean run: 1.9s
      integer_level  over  1 candidates, one Lean run: 3.2s
      RTYPE          rop.SLL                                  UNDECIDED none 6.6s
  lhu_gpr_gpr_imm_16__reg_a0__go__all_constructed F over ['a']; 9 candidates
      evaluation over 9 candidates on 4 samples, one Lean run: 2.7s; 1 survive
      same_text      over  1 candidates, one Lean run: 1.3s
      integer_level  over  1 candidates, one Lean run: 2.3s
      ZBB_EXTOP      extop_zbb.ZEXTH                          UNDECIDED none 4.9s
  lhu_gpr_fpr_16__reg_a0__go__native_first     F over ['a']; 9 candidates
      evaluation over 9 candidates on 4 samples, one Lean run: 2.6s; 1 survive
      same_text      over  1 candidates, one Lean run: 1.3s
      integer_level  over  1 candidates, one Lean run: 2.3s
      ZBB_EXTOP      extop_zbb.ZEXTH                          UNDECIDED none 4.9s
  sra_gpr_gpr_gpr_64__reg_a0__go__native_first F over ['a', 'b']; 52 candidates
      evaluation over 52 candidates on 4 samples, one Lean run: 5.0s; 1 survive
      same_text      over  1 candidates, one Lean run: 1.8s
      integer_level  over  1 candidates, one Lean run: 3.8s
      RTYPE          rop.SRA                                  UNDECIDED none 7.0s
  lhu_gpr_gpr_same_16__reg_a0__go__native_first F over ['a']; 9 candidates
      evaluation over 9 candidates on 4 samples, one Lean run: 2.6s; 1 survive
      same_text      over  1 candidates, one Lean run: 1.3s
      integer_level  over  1 candidates, one Lean run: 2.3s
      ZBB_EXTOP      extop_zbb.ZEXTH                          UNDECIDED none 4.9s
  blt_gpr_gpr_64__branch_condition__rust__all_constructed F over ['a', 'b']; 52 candidates
      evaluation over 52 candidates on 4 samples, one Lean run: 39.9s; 1 survive
      same_text      over  1 candidates, one Lean run: 2.8s
      integer_level  over  1 candidates, one Lean run: 4.4s
      RTYPE          rop.SLT                                  UNDECIDED none 22.4s
  sll_gpr_gpr_gpr_64__reg_a0__cpp__all_constructed F over ['a', 'b']; 52 candidates
      evaluation over 52 candidates on 4 samples, one Lean run: 5.0s; 1 survive
      same_text      over  1 candidates, one Lean run: 1.8s
      integer_level  over  1 candidates, one Lean run: 3.1s
      RTYPE          rop.SLL                                  UNDECIDED none 6.5s
  srl_gpr_gpr_gpr_64__reg_a0__rust__all_constructed F over ['a', 'b']; 52 candidates
      evaluation over 52 candidates on 4 samples, one Lean run: 5.0s; 1 survive
      same_text      over  1 candidates, one Lean run: 1.8s
      integer_level  over  1 candidates, one Lean run: 3.1s
      RTYPE          rop.SRL                                  UNDECIDED none 6.4s
  blt_gpr_gpr_same_64__branch_condition__rust__all_constructed F over ['a', 'b']; 52 candidates
      evaluation over 52 candidates on 4 samples, one Lean run: 39.1s; 1 survive
      same_text      over  1 candidates, one Lean run: 2.8s
      integer_level  over  1 candidates, one Lean run: 4.4s
      RTYPE          rop.SLT                                  UNDECIDED none 21.9s
  sllw_gpr_gpr_gpr_32__reg_a0__rust__all_constructed F over ['a', 'b']; 52 candidates
      evaluation over 52 candidates on 4 samples, one Lean run: 7.8s; 1 survive
      same_text      over  1 candidates, one Lean run: 2.3s
      integer_level  over  1 candidates, one Lean run: 79.9s
      RTYPEW         ropw.SLLW                                UNDECIDED none 92.2s
  equals: 11 units, 0 with a proved definition
