  emitted definitions scanned: 4750
  add_gpr_gpr_same_64__reg_a0__c__all_constructed F over ['a']; 9 candidates
      same_text      over  9 candidates, one Lean run: 1.8s
      evaluation: the emit did not evaluate (3.4s); every candidate goes to the provers
      integer_level  over  9 candidates, one Lean run: 14.5s
      BREV8                                                   UNDECIDED none 3.4s
      CLZ                                                     UNDECIDED none 3.3s
      CLZW                                                    UNDECIDED none 3.5s
      CTZ                                                     UNDECIDED none 3.3s
      CTZW                                                    UNDECIDED none 3.3s
      REV8                                                    UNDECIDED none 3.4s
      ZBB_EXTOP      extop_zbb.SEXTB                          UNDECIDED none 3.3s
      ZBB_EXTOP      extop_zbb.SEXTH                          UNDECIDED none 3.4s
      ZBB_EXTOP      extop_zbb.ZEXTH                          UNDECIDED none 3.3s
  addw_gpr_gpr_same_32__reg_a0__c__all_constructed F over ['a']; 9 candidates
      same_text      over  9 candidates, one Lean run: 9.1s
      evaluation: the emit did not evaluate (5.3s); every candidate goes to the provers
      integer_level  over  9 candidates, one Lean run: 120.0s; TIMEOUT
      BREV8                                                   UNDECIDED none 18.8s
      CLZ                                                     UNDECIDED none 18.6s
      CLZW                                                    UNDECIDED none 18.9s
      CTZ                                                     UNDECIDED none 19.4s
  andi_gpr_gpr_imm_64__reg_a0__c__all_constructed F over ['a']; 9 candidates
      same_text      over  9 candidates, one Lean run: 3.1s
      evaluation: the emit did not evaluate (5.8s); every candidate goes to the provers
      integer_level  over  9 candidates, one Lean run: 28.1s
      BREV8                                                   UNDECIDED none 6.2s
      CLZ                                                     UNDECIDED none 7.6s
      CLZW                                                    UNDECIDED none 6.2s
      CTZ                                                     UNDECIDED none 5.6s
      CTZW                                                    UNDECIDED none 6.0s
      REV8                                                    UNDECIDED none 6.2s
      ZBB_EXTOP      extop_zbb.SEXTB                          UNDECIDED none 5.8s
      ZBB_EXTOP      extop_zbb.SEXTH                          UNDECIDED none 5.6s
      ZBB_EXTOP      extop_zbb.ZEXTH                          UNDECIDED none 7.5s
  beq_gpr_gpr_64__branch_condition__go__all_constructed F over ['a', 'b']; 52 candidates
      same_text      over 52 candidates, one Lean run: 76.7s
      evaluation: the emit did not evaluate (7.4s); every candidate goes to the provers
      integer_level  over 10 candidates, one Lean run: 120.0s; TIMEOUT
  beq_gpr_gpr_gpr_64__branch_condition__go__all_constructed F over ['a', 'b']; 52 candidates
