  emitted definitions scanned: 4750
  add_gpr_gpr_gpr_64__reg_a0__c__native_first  F over ['a', 'b']; 52 candidates
      same_text      over 52 candidates, one Lean run: 3.8s
      RTYPE          rop.ADD                                  PROVED    same_text
  addi_gpr_gpr_imm_64__reg_a0__c__native_first F over ['a']; 9 candidates
      same_text      over  9 candidates, one Lean run: 1.9s
      evaluation over 9 candidates on 4 samples, one Lean run: 3.6s; 0 survive
  andi_gpr_gpr_imm_64__reg_a0__c__native_first F over ['a']; 9 candidates
      same_text      over  9 candidates, one Lean run: 2.2s
      evaluation over 9 candidates on 4 samples, one Lean run: 3.2s; 0 survive
  beq_gpr_gpr_gpr_64__branch_condition__c__native_first F over ['a', 'b']; 52 candidates
      same_text      over 52 candidates, one Lean run: 4.3s
      evaluation over 52 candidates on 4 samples, one Lean run: 6.9s; 0 survive
  beq_gpr_gpr_same_64__branch_condition__c__native_first F over ['a', 'b']; 52 candidates
      same_text      over 52 candidates, one Lean run: 4.2s
      evaluation over 52 candidates on 4 samples, one Lean run: 7.2s; 0 survive
  bge_gpr_gpr_gpr_64__branch_condition__c__native_first F over ['a', 'b']; 52 candidates
      same_text      over 52 candidates, one Lean run: 4.8s
      evaluation over 52 candidates on 4 samples, one Lean run: 6.3s; 0 survive
  bge_gpr_gpr_same_64__branch_condition__c__native_first F over ['a', 'b']; 52 candidates
      same_text      over 52 candidates, one Lean run: 4.2s
      evaluation over 52 candidates on 4 samples, one Lean run: 7.4s; 0 survive
  bgeu_gpr_gpr_gpr_64__branch_condition__c__native_first F over ['a', 'b']; 52 candidates
      same_text      over 52 candidates, one Lean run: 4.0s
      evaluation over 52 candidates on 4 samples, one Lean run: 6.6s; 0 survive
  bgeu_gpr_gpr_same_64__branch_condition__c__native_first F over ['a', 'b']; 52 candidates
      same_text      over 52 candidates, one Lean run: 4.0s
      evaluation over 52 candidates on 4 samples, one Lean run: 6.8s; 0 survive
  blt_gpr_gpr_64__branch_condition__go__native_first F over ['a', 'b']; 52 candidates
      same_text      over 52 candidates, one Lean run: 3.9s
      RTYPE          rop.SLT                                  PROVED    same_text
  blt_gpr_gpr_gpr_64__branch_condition__go__native_first F over ['a', 'b']; 52 candidates
      same_text      over 52 candidates, one Lean run: 3.2s
      RTYPE          rop.SLT                                  PROVED    same_text
  blt_gpr_gpr_imm_64__branch_condition__go__native_first F over ['a', 'b']; 52 candidates
      same_text      over 52 candidates, one Lean run: 3.9s
      RTYPE          rop.SLT                                  PROVED    same_text
  blt_gpr_gpr_same_64__branch_condition__go__native_first F over ['a', 'b']; 52 candidates
      same_text      over 52 candidates, one Lean run: 3.2s
      RTYPE          rop.SLT                                  PROVED    same_text
  bltu_gpr_gpr_64__branch_condition__go__native_first F over ['a', 'b']; 52 candidates
      same_text      over 52 candidates, one Lean run: 3.4s
      RTYPE          rop.SLTU                                 PROVED    same_text
  bltu_gpr_gpr_gpr_64__branch_condition__go__native_first F over ['a', 'b']; 52 candidates
      same_text      over 52 candidates, one Lean run: 3.7s
      RTYPE          rop.SLTU                                 PROVED    same_text
  bltu_gpr_gpr_imm_64__branch_condition__go__native_first F over ['a', 'b']; 52 candidates
      same_text      over 52 candidates, one Lean run: 4.1s
      RTYPE          rop.SLTU                                 PROVED    same_text
  bltu_gpr_gpr_same_64__branch_condition__go__native_first F over ['a', 'b']; 52 candidates
      same_text      over 52 candidates, one Lean run: 3.9s
      RTYPE          rop.SLTU                                 PROVED    same_text
  bne_gpr_gpr_gpr_64__branch_condition__c__native_first F over ['a', 'b']; 52 candidates
      same_text      over 52 candidates, one Lean run: 3.9s
      evaluation over 52 candidates on 4 samples, one Lean run: 7.2s; 0 survive
  bne_gpr_gpr_same_64__branch_condition__c__native_first F over ['a', 'b']; 52 candidates
      same_text      over 52 candidates, one Lean run: 3.3s
      evaluation over 52 candidates on 4 samples, one Lean run: 6.7s; 0 survive
  div_gpr_gpr_same_64__reg_a0__c__native_first F over ['a']; 9 candidates
      same_text      over  9 candidates, one Lean run: 2.1s
      evaluation over 9 candidates on 4 samples, one Lean run: 3.6s; 0 survive
  divu_gpr_gpr_same_64__reg_a0__c__native_first F over ['a']; 9 candidates
      same_text      over  9 candidates, one Lean run: 2.1s
      evaluation over 9 candidates on 4 samples, one Lean run: 3.6s; 0 survive
  divw_gpr_gpr_same_32__reg_a0__c__native_first F over ['a']; 9 candidates
      same_text      over  9 candidates, one Lean run: 2.1s
      evaluation over 9 candidates on 4 samples, one Lean run: 3.5s; 0 survive
  flw_fpr_fpr_fpr_32__freg_fa0__c__native_first F over ['a']; 9 candidates
      same_text      over  9 candidates, one Lean run: 2.2s
      evaluation over 9 candidates on 4 samples, one Lean run: 3.3s; 0 survive
  flw_fpr_mem_32__freg_fa0__c__native_first    F over ['a']; 9 candidates
      same_text      over  9 candidates, one Lean run: 2.1s
      evaluation over 9 candidates on 4 samples, one Lean run: 3.9s; 0 survive
  fsw_fpr_fpr_32__mem_MEM_fa1__c__native_first F over ['a', 'b']; 52 candidates
      same_text      over 52 candidates, one Lean run: 4.8s
      evaluation over 52 candidates on 4 samples, one Lean run: 7.3s; 0 survive
  fsw_fpr_fpr_fpr_32__mem_MEM_fa1__c__native_first F over ['a', 'b']; 52 candidates
      same_text      over 52 candidates, one Lean run: 4.8s
      evaluation over 52 candidates on 4 samples, one Lean run: 8.9s; 0 survive
  fsw_fpr_gpr_32__mem_MEM_a1__c__native_first  F over ['a', 'b']; 52 candidates
      same_text      over 52 candidates, one Lean run: 5.0s
      evaluation over 52 candidates on 4 samples, one Lean run: 6.5s; 0 survive
  fsw_fpr_mem_32__mem_MEM_0x0_a1___c__native_first F over ['a', 'b']; 52 candidates
      same_text      over 52 candidates, one Lean run: 4.8s
      evaluation over 52 candidates on 4 samples, one Lean run: 8.1s; 0 survive
  jal_gpr_fpr_64__reg_a0__c__native_first      F over ['a']; 9 candidates
      same_text      over  9 candidates, one Lean run: 2.3s
      evaluation over 9 candidates on 4 samples, one Lean run: 4.3s; 0 survive
  jal_gpr_gpr_64__reg_a0__c__native_first      F over ['a']; 9 candidates
      same_text      over  9 candidates, one Lean run: 2.0s
      evaluation over 9 candidates on 4 samples, one Lean run: 3.8s; 0 survive
  jal_gpr_gpr_imm_64__reg_a0__c__native_first  F over ['a']; 9 candidates
      same_text      over  9 candidates, one Lean run: 2.8s
      evaluation over 9 candidates on 4 samples, one Lean run: 4.0s; 0 survive
  jal_gpr_imm_64__reg_a0__c__native_first      F over ['a']; 9 candidates
      same_text      over  9 candidates, one Lean run: 2.4s
      evaluation over 9 candidates on 4 samples, one Lean run: 5.0s; 0 survive
  jalr_gpr_fpr_64__reg_a0__c__native_first     F over ['a']; 9 candidates
      same_text      over  9 candidates, one Lean run: 2.5s
      evaluation over 9 candidates on 4 samples, one Lean run: 4.4s; 0 survive
  jalr_gpr_gpr_64__reg_a0__c__native_first     F over ['a']; 9 candidates
      same_text      over  9 candidates, one Lean run: 2.6s
      evaluation over 9 candidates on 4 samples, one Lean run: 5.5s; 0 survive
  jalr_gpr_gpr_imm_64__reg_a0__c__native_first F over ['a']; 9 candidates
      same_text      over  9 candidates, one Lean run: 3.0s
      evaluation over 9 candidates on 4 samples, one Lean run: 4.5s; 0 survive
  jalr_gpr_imm_64__reg_a0__c__native_first     F over ['a']; 9 candidates
      same_text      over  9 candidates, one Lean run: 2.1s
      evaluation over 9 candidates on 4 samples, one Lean run: 4.2s; 0 survive
  lbu_gpr_fpr_8__reg_a0__go__native_first      F over ['a']; 9 candidates
      same_text      over  9 candidates, one Lean run: 2.2s
      evaluation over 9 candidates on 4 samples, one Lean run: 3.0s; 0 survive
  lbu_gpr_gpr_8__reg_a0__go__native_first      F over ['a']; 9 candidates
      same_text      over  9 candidates, one Lean run: 1.8s
      evaluation over 9 candidates on 4 samples, one Lean run: 3.7s; 0 survive
  lbu_gpr_gpr_imm_8__reg_a0__go__native_first  F over ['a']; 9 candidates
      same_text      over  9 candidates, one Lean run: 1.7s
      evaluation over 9 candidates on 4 samples, one Lean run: 3.0s; 0 survive
  lbu_gpr_imm_8__reg_a0__go__native_first      F over ['a']; 9 candidates
      same_text      over  9 candidates, one Lean run: 1.7s
      evaluation over 9 candidates on 4 samples, one Lean run: 3.4s; 0 survive
  lhu_gpr_fpr_16__reg_a0__go__native_first     F over ['a']; 9 candidates
      same_text      over  9 candidates, one Lean run: 2.1s
      evaluation over 9 candidates on 4 samples, one Lean run: 3.9s; 1 survive
      integer_level  over  1 candidates, one Lean run: 3.4s
      ZBB_EXTOP      extop_zbb.ZEXTH                          UNDECIDED none 5.4s
  lhu_gpr_gpr_16__reg_a0__go__native_first     F over ['a']; 9 candidates
      same_text      over  9 candidates, one Lean run: 2.4s
      evaluation over 9 candidates on 4 samples, one Lean run: 4.0s; 1 survive
      integer_level  over  1 candidates, one Lean run: 3.5s
      ZBB_EXTOP      extop_zbb.ZEXTH                          UNDECIDED none 5.9s
  lhu_gpr_gpr_imm_16__reg_a0__go__native_first F over ['a']; 9 candidates
      same_text      over  9 candidates, one Lean run: 3.0s
      evaluation over 9 candidates on 4 samples, one Lean run: 4.3s; 1 survive
      integer_level  over  1 candidates, one Lean run: 4.2s
      ZBB_EXTOP      extop_zbb.ZEXTH                          UNDECIDED none 6.8s
  lhu_gpr_imm_16__reg_a0__go__native_first     F over ['a']; 9 candidates
      same_text      over  9 candidates, one Lean run: 2.6s
      evaluation over 9 candidates on 4 samples, one Lean run: 4.2s; 1 survive
      integer_level  over  1 candidates, one Lean run: 4.5s
      ZBB_EXTOP      extop_zbb.ZEXTH                          UNDECIDED none 6.8s
  lwu_gpr_fpr_32__reg_a0__c__native_first      F over ['a']; 9 candidates
      same_text      over  9 candidates, one Lean run: 2.0s
      evaluation over 9 candidates on 4 samples, one Lean run: 3.9s; 0 survive
  lwu_gpr_fpr_fpr_32__reg_a0__c__native_first  F over ['a']; 9 candidates
      same_text      over  9 candidates, one Lean run: 1.8s
      evaluation over 9 candidates on 4 samples, one Lean run: 3.2s; 0 survive
  lwu_gpr_gpr_32__reg_a0__c__native_first      F over ['a']; 9 candidates
      same_text      over  9 candidates, one Lean run: 1.6s
      evaluation over 9 candidates on 4 samples, one Lean run: 3.3s; 0 survive
  lwu_gpr_gpr_gpr_32__reg_a0__c__native_first  F over ['a']; 9 candidates
      same_text      over  9 candidates, one Lean run: 1.7s
      evaluation over 9 candidates on 4 samples, one Lean run: 3.3s; 0 survive
  lwu_gpr_gpr_imm_32__reg_a0__c__native_first  F over ['a']; 9 candidates
      same_text      over  9 candidates, one Lean run: 1.5s
      evaluation over 9 candidates on 4 samples, one Lean run: 3.1s; 0 survive
  lwu_gpr_gpr_same_32__reg_a0__c__native_first F over ['a']; 9 candidates
      same_text      over  9 candidates, one Lean run: 2.0s
      evaluation over 9 candidates on 4 samples, one Lean run: 3.4s; 0 survive
  lwu_gpr_imm_32__reg_a0__c__native_first      F over ['a']; 9 candidates
      same_text      over  9 candidates, one Lean run: 2.1s
      evaluation over 9 candidates on 4 samples, one Lean run: 4.0s; 0 survive
  lwu_gpr_mem_32__reg_a0__c__native_first      F over ['a']; 9 candidates
      same_text      over  9 candidates, one Lean run: 2.2s
      evaluation over 9 candidates on 4 samples, one Lean run: 4.1s; 0 survive
  mul_gpr_gpr_gpr_64__reg_a0__c__native_first  F over ['a', 'b']; 52 candidates
      same_text      over 52 candidates, one Lean run: 4.3s
      MUL            { result_part := VectorHalf.Low, signed_ PROVED    same_text
  mul_gpr_gpr_same_64__reg_a0__c__native_first F over ['a']; 9 candidates
      same_text      over  9 candidates, one Lean run: 2.1s
      evaluation over 9 candidates on 4 samples, one Lean run: 4.0s; 0 survive
  mulhu_gpr_gpr_gpr_64__reg_a0__c__native_first F over ['a', 'b']; 52 candidates
      same_text      over 52 candidates, one Lean run: 4.9s
      evaluation over 52 candidates on 4 samples, one Lean run: 8.2s; 1 survive
      integer_level  over  1 candidates, one Lean run: 3.4s
      MUL            { result_part := VectorHalf.High, signed PROVED    integer_level
  or_gpr_gpr_gpr_64__reg_a0__c__native_first   F over ['a', 'b']; 52 candidates
      same_text      over 52 candidates, one Lean run: 4.2s
      RTYPE          rop.OR                                   PROVED    same_text
  ori_gpr_gpr_imm_64__reg_a0__go__native_first F over ['a']; 9 candidates
      same_text      over  9 candidates, one Lean run: 2.3s
      evaluation over 9 candidates on 4 samples, one Lean run: 4.2s; 0 survive
  remu_gpr_gpr_gpr_64__reg_a0__c__native_first F over ['a', 'b']; 52 candidates
      same_text      over 52 candidates, one Lean run: 3.4s
      evaluation over 52 candidates on 4 samples, one Lean run: 6.6s; 0 survive
  remuw_gpr_gpr_same_32__reg_a0__c__native_first F over []; 0 candidates
      same_text      over  0 candidates, one Lean run: 1.6s; TIMEOUT
      evaluation: the emit did not evaluate (1.5s); every candidate goes to the provers; /leanpath/equals_corpus_j_1_0/Eval_remuw_gpr_gpr_same_32__reg_a0__c__native_first.lean:233:59: error: unexpected token '=>'; expected '[', '{', '|', '⦃' or term
  sb_gpr_fpr_8__mem_MEM_fa1__c__native_first   F over ['a', 'b']; 52 candidates
      same_text      over 52 candidates, one Lean run: 3.8s
      evaluation over 52 candidates on 4 samples, one Lean run: 7.3s; 0 survive
  sb_gpr_fpr_fpr_8__mem_MEM_fa1__c__native_first F over ['a', 'b']; 52 candidates
      same_text      over 52 candidates, one Lean run: 4.2s
      evaluation over 52 candidates on 4 samples, one Lean run: 8.2s; 0 survive
  sb_gpr_gpr_8__mem_MEM_a1__c__native_first    F over ['a', 'b']; 52 candidates
      same_text      over 52 candidates, one Lean run: 4.3s
      evaluation over 52 candidates on 4 samples, one Lean run: 7.7s; 0 survive
  sb_gpr_gpr_gpr_8__mem_MEM_a1__c__native_first F over ['a', 'b']; 52 candidates
      same_text      over 52 candidates, one Lean run: 4.8s
      evaluation over 52 candidates on 4 samples, one Lean run: 7.8s; 0 survive
  sb_gpr_gpr_imm_8__mem_MEM_a1__c__native_first F over ['a', 'b']; 52 candidates
      same_text      over 52 candidates, one Lean run: 4.8s
      evaluation over 52 candidates on 4 samples, one Lean run: 9.0s; 0 survive
  sb_gpr_gpr_same_8__mem_MEM_a1__c__native_first F over ['a', 'b']; 52 candidates
      same_text      over 52 candidates, one Lean run: 4.6s
      evaluation over 52 candidates on 4 samples, one Lean run: 7.9s; 0 survive
  sb_gpr_imm_8__mem_MEM_0x3__c__native_first   F over ['a', 'b']; 52 candidates
      same_text      over 52 candidates, one Lean run: 3.9s
      evaluation over 52 candidates on 4 samples, one Lean run: 6.7s; 0 survive
  sb_gpr_mem_8__mem_MEM_0x0_a1___c__native_first F over ['a', 'b']; 52 candidates
      same_text      over 52 candidates, one Lean run: 3.9s
      evaluation over 52 candidates on 4 samples, one Lean run: 6.6s; 0 survive
  sll_gpr_gpr_gpr_64__reg_a0__c__native_first  F over ['a', 'b']; 52 candidates
      same_text      over 52 candidates, one Lean run: 2.9s
      RTYPE          rop.SLL                                  PROVED    same_text
  sll_gpr_gpr_same_64__reg_a0__c__native_first F over ['a']; 9 candidates
      same_text      over  9 candidates, one Lean run: 2.0s
      evaluation over 9 candidates on 4 samples, one Lean run: 3.6s; 0 survive
  slt_gpr_gpr_gpr_64__reg_a0__c__native_first  F over ['a', 'b']; 52 candidates
      same_text      over 52 candidates, one Lean run: 3.1s
      RTYPE          rop.SLT                                  PROVED    same_text
  slt_gpr_gpr_same_64__reg_a0__c__native_first F over []; 0 candidates
      same_text      over  0 candidates, one Lean run: 1.7s; TIMEOUT
      evaluation: the emit did not evaluate (1.5s); every candidate goes to the provers; cv/leanpath/equals_corpus_j_1_0/Eval_slt_gpr_gpr_same_64__reg_a0__c__native_first.lean:233:59: error: unexpected token '=>'; expected '[', '{', '|', '⦃' or term
  sltiu_gpr_gpr_imm_64__reg_a0__c__native_first F over ['a']; 9 candidates
      same_text      over  9 candidates, one Lean run: 2.2s
      evaluation over 9 candidates on 4 samples, one Lean run: 3.3s; 0 survive
  sltu_gpr_gpr_gpr_64__reg_a0__c__native_first F over ['a', 'b']; 52 candidates
      same_text      over 52 candidates, one Lean run: 2.9s
      RTYPE          rop.SLTU                                 PROVED    same_text
  sltu_gpr_gpr_same_64__reg_a0__c__native_first F over []; 0 candidates
      same_text      over  0 candidates, one Lean run: 1.5s; TIMEOUT
      evaluation: the emit did not evaluate (1.7s); every candidate goes to the provers; v/leanpath/equals_corpus_j_1_0/Eval_sltu_gpr_gpr_same_64__reg_a0__c__native_first.lean:233:59: error: unexpected token '=>'; expected '[', '{', '|', '⦃' or term
  sra_gpr_gpr_gpr_64__reg_a0__go__native_first F over ['a', 'b']; 52 candidates
      same_text      over 52 candidates, one Lean run: 4.3s
      evaluation over 52 candidates on 4 samples, one Lean run: 6.8s; 1 survive
      integer_level  over  1 candidates, one Lean run: 5.1s
      RTYPE          rop.SRA                                  UNDECIDED none 7.2s
  srai_gpr_gpr_imm_64__reg_a0__c__native_first F over ['a']; 9 candidates
      same_text      over  9 candidates, one Lean run: 2.0s
      evaluation over 9 candidates on 4 samples, one Lean run: 3.2s; 0 survive
  srl_gpr_gpr_gpr_64__reg_a0__go__native_first F over ['a', 'b']; 52 candidates
      same_text      over 52 candidates, one Lean run: 4.0s
      evaluation over 52 candidates on 4 samples, one Lean run: 6.3s; 1 survive
      integer_level  over  1 candidates, one Lean run: 3.7s
      RTYPE          rop.SRL                                  UNDECIDED none 5.5s
  srli_gpr_gpr_imm_64__reg_a0__c__native_first F over ['a']; 9 candidates
      same_text      over  9 candidates, one Lean run: 1.9s
      evaluation over 9 candidates on 4 samples, one Lean run: 3.5s; 0 survive
  sub_gpr_gpr_gpr_64__reg_a0__c__native_first  F over ['a', 'b']; 52 candidates
      same_text      over 52 candidates, one Lean run: 3.6s
      RTYPE          rop.SUB                                  PROVED    same_text
  subw_gpr_gpr_same_32__reg_a0__c__native_first F over []; 0 candidates
      same_text      over  0 candidates, one Lean run: 1.4s; TIMEOUT
      evaluation: the emit did not evaluate (1.6s); every candidate goes to the provers; v/leanpath/equals_corpus_j_1_0/Eval_subw_gpr_gpr_same_32__reg_a0__c__native_first.lean:233:59: error: unexpected token '=>'; expected '[', '{', '|', '⦃' or term
  sw_gpr_fpr_32__mem_MEM_fa1__go__native_first F over ['a', 'b']; 52 candidates
      same_text      over 52 candidates, one Lean run: 5.3s
      evaluation over 52 candidates on 4 samples, one Lean run: 7.4s; 0 survive
  sw_gpr_fpr_fpr_32__mem_MEM_fa1__go__native_first F over ['a', 'b']; 52 candidates
      same_text      over 52 candidates, one Lean run: 5.1s
      evaluation over 52 candidates on 4 samples, one Lean run: 6.9s; 0 survive
  sw_gpr_gpr_32__mem_MEM_a1__go__native_first  F over ['a', 'b']; 52 candidates
      same_text      over 52 candidates, one Lean run: 5.7s
      evaluation over 52 candidates on 4 samples, one Lean run: 7.0s; 0 survive
  sw_gpr_gpr_gpr_32__mem_MEM_a1__go__native_first F over ['a', 'b']; 52 candidates
      same_text      over 52 candidates, one Lean run: 5.8s
      evaluation over 52 candidates on 4 samples, one Lean run: 6.9s; 0 survive
  sw_gpr_gpr_imm_32__mem_MEM_a1__go__native_first F over ['a', 'b']; 52 candidates
      same_text      over 52 candidates, one Lean run: 6.0s
      evaluation over 52 candidates on 4 samples, one Lean run: 7.2s; 0 survive
  sw_gpr_gpr_same_32__mem_MEM_a1__go__native_first F over ['a', 'b']; 52 candidates
      same_text      over 52 candidates, one Lean run: 6.0s
      evaluation over 52 candidates on 4 samples, one Lean run: 6.6s; 0 survive
  sw_gpr_imm_32__mem_MEM_0x3__go__native_first F over ['a', 'b']; 52 candidates
      same_text      over 52 candidates, one Lean run: 5.5s
      evaluation over 52 candidates on 4 samples, one Lean run: 6.1s; 0 survive
  sw_gpr_mem_32__mem_MEM_0x0_a1___go__native_first F over ['a', 'b']; 52 candidates
      same_text      over 52 candidates, one Lean run: 4.9s
      evaluation over 52 candidates on 4 samples, one Lean run: 6.3s; 0 survive
  xor_gpr_gpr_same_64__reg_a0__c__native_first F over []; 0 candidates
      same_text      over  0 candidates, one Lean run: 1.4s; TIMEOUT
      evaluation: the emit did not evaluate (1.5s); every candidate goes to the provers; cv/leanpath/equals_corpus_j_1_0/Eval_xor_gpr_gpr_same_64__reg_a0__c__native_first.lean:233:59: error: unexpected token '=>'; expected '[', '{', '|', '⦃' or term
  xori_gpr_gpr_imm_64__reg_a0__go__native_first F over ['a']; 9 candidates
      same_text      over  9 candidates, one Lean run: 2.2s
      evaluation over 9 candidates on 4 samples, one Lean run: 3.7s; 0 survive
  equals: 90 units, 16 with a proved definition
