  emitted definitions scanned: 4750
  add_gpr_gpr_gpr_64__reg_a0__cpp__native_first F over ['a', 'b']; 52 candidates
      RTYPE          rop.ADD                                  PROVED    same_text 1.6s
      RTYPE          rop.SUB                                  UNDECIDED none 3.8s
  add_gpr_gpr_gpr_64__reg_a0__rust__native_first F over ['a', 'b']; 52 candidates
      RTYPE          rop.ADD                                  PROVED    same_text 1.5s
      RTYPE          rop.SUB                                  UNDECIDED none 3.9s
  add_gpr_gpr_same_64__reg_a0__cpp__native_first F over ['a']; 9 candidates
      BREV8                                                   UNDECIDED none 6.1s
      CLZ                                                     UNDECIDED none 3.2s
      CLZW                                                    UNDECIDED none 3.5s
      CTZ                                                     UNDECIDED none 3.3s
      CTZW                                                    UNDECIDED none 3.4s
      REV8                                                    UNDECIDED none 5.4s
      ZBB_EXTOP      extop_zbb.SEXTB                          UNDECIDED none 3.2s
      ZBB_EXTOP      extop_zbb.SEXTH                          UNDECIDED none 3.3s
      ZBB_EXTOP      extop_zbb.ZEXTH                          UNDECIDED none 3.5s
      BREV8                                                   UNDECIDED none 7.7s
      CLZ                                                     UNDECIDED none 4.8s
      CLZW                                                    UNDECIDED none 4.9s
      CTZ                                                     UNDECIDED none 4.6s
      CTZW                                                    UNDECIDED none 4.9s
      REV8                                                    UNDECIDED none 7.1s
      ZBB_EXTOP      extop_zbb.SEXTB                          UNDECIDED none 4.7s
      ZBB_EXTOP      extop_zbb.SEXTH                          UNDECIDED none 4.8s
      ZBB_EXTOP      extop_zbb.ZEXTH                          UNDECIDED none 4.8s
  add_gpr_gpr_same_64__reg_a0__rust__native_first F over ['a']; 9 candidates
      BREV8                                                   UNDECIDED none 6.1s
      CLZ                                                     UNDECIDED none 3.4s
      CLZW                                                    UNDECIDED none 3.2s
      CTZ                                                     UNDECIDED none 3.4s
      CTZW                                                    UNDECIDED none 3.5s
      REV8                                                    UNDECIDED none 5.0s
      ZBB_EXTOP      extop_zbb.SEXTB                          UNDECIDED none 3.2s
      ZBB_EXTOP      extop_zbb.SEXTH                          UNDECIDED none 3.2s
      ZBB_EXTOP      extop_zbb.ZEXTH                          UNDECIDED none 3.3s
      BREV8                                                   UNDECIDED none 7.7s
      CLZ                                                     UNDECIDED none 5.0s
      CLZW                                                    UNDECIDED none 4.6s
      CTZ                                                     UNDECIDED none 5.0s
      CTZW                                                    UNDECIDED none 5.0s
      REV8                                                    UNDECIDED none 6.5s
      ZBB_EXTOP      extop_zbb.SEXTB                          UNDECIDED none 4.7s
      ZBB_EXTOP      extop_zbb.SEXTH                          UNDECIDED none 4.7s
      ZBB_EXTOP      extop_zbb.ZEXTH                          UNDECIDED none 4.7s
  addi_gpr_gpr_imm_64__reg_a0__cpp__native_first F over ['a']; 9 candidates
      BREV8                                                   UNDECIDED none 6.5s
      CLZ                                                     UNDECIDED none 3.5s
      CLZW                                                    UNDECIDED none 3.7s
      CTZ                                                     UNDECIDED none 3.6s
      CTZW                                                    UNDECIDED none 3.6s
      REV8                                                    UNDECIDED none 5.1s
      ZBB_EXTOP      extop_zbb.SEXTB                          UNDECIDED none 3.6s
      ZBB_EXTOP      extop_zbb.SEXTH                          UNDECIDED none 3.4s
      ZBB_EXTOP      extop_zbb.ZEXTH                          UNDECIDED none 3.3s
      BREV8                                                   UNDECIDED none 8.2s
      CLZ                                                     UNDECIDED none 5.0s
      CLZW                                                    UNDECIDED none 5.1s
      CTZ                                                     UNDECIDED none 5.0s
      CTZW                                                    UNDECIDED none 5.0s
      REV8                                                    UNDECIDED none 6.5s
      ZBB_EXTOP      extop_zbb.SEXTB                          UNDECIDED none 5.1s
      ZBB_EXTOP      extop_zbb.SEXTH                          UNDECIDED none 4.9s
      ZBB_EXTOP      extop_zbb.ZEXTH                          UNDECIDED none 5.1s
  addi_gpr_gpr_imm_64__reg_a0__rust__native_first F over ['a']; 9 candidates
      BREV8                                                   UNDECIDED none 6.7s
      CLZ                                                     UNDECIDED none 3.7s
      CLZW                                                    UNDECIDED none 3.8s
      CTZ                                                     UNDECIDED none 3.6s
      CTZW                                                    UNDECIDED none 3.3s
      REV8                                                    UNDECIDED none 4.9s
      ZBB_EXTOP      extop_zbb.SEXTB                          UNDECIDED none 3.7s
      ZBB_EXTOP      extop_zbb.SEXTH                          UNDECIDED none 3.7s
      ZBB_EXTOP      extop_zbb.ZEXTH                          UNDECIDED none 3.4s
      BREV8                                                   UNDECIDED none 8.5s
      CLZ                                                     UNDECIDED none 5.4s
      CLZW                                                    UNDECIDED none 5.3s
      CTZ                                                     UNDECIDED none 5.3s
      CTZW                                                    UNDECIDED none 4.7s
      REV8                                                    UNDECIDED none 6.5s
      ZBB_EXTOP      extop_zbb.SEXTB                          UNDECIDED none 5.3s
      ZBB_EXTOP      extop_zbb.SEXTH                          UNDECIDED none 5.2s
      ZBB_EXTOP      extop_zbb.ZEXTH                          UNDECIDED none 4.8s
  and_gpr_gpr_gpr_64__reg_a0__cpp__native_first F over ['a', 'b']; 52 candidates
      RTYPE          rop.ADD                                  UNDECIDED none 4.8s
      RTYPE          rop.SUB                                  UNDECIDED none 4.6s
      RTYPE          rop.SLL                                  UNDECIDED none 4.0s
      RTYPE          rop.SLT                                  UNDECIDED none 5.5s
      RTYPE          rop.SLTU                                 UNDECIDED none 5.7s
      RTYPE          rop.XOR                                  UNDECIDED none 3.8s
      RTYPE          rop.SRL                                  UNDECIDED none 4.2s
      RTYPE          rop.SRA                                  UNDECIDED none 4.4s
      RTYPE          rop.OR                                   UNDECIDED none 3.9s
      RTYPE          rop.AND                                  PROVED    same_text 1.8s
  and_gpr_gpr_gpr_64__reg_a0__rust__native_first F over ['a', 'b']; 52 candidates
      RTYPE          rop.ADD                                  UNDECIDED none 4.9s
      RTYPE          rop.SUB                                  UNDECIDED none 4.6s
      RTYPE          rop.SLL                                  UNDECIDED none 4.0s
      RTYPE          rop.SLT                                  UNDECIDED none 5.3s
      RTYPE          rop.SLTU                                 UNDECIDED none 5.6s
      RTYPE          rop.XOR                                  UNDECIDED none 4.5s
      RTYPE          rop.SRL                                  UNDECIDED none 3.8s
      RTYPE          rop.SRA                                  UNDECIDED none 4.4s
      RTYPE          rop.OR                                   UNDECIDED none 4.1s
      RTYPE          rop.AND                                  PROVED    same_text 1.5s
  andi_gpr_gpr_imm_64__reg_a0__cpp__native_first F over ['a']; 9 candidates
      BREV8                                                   UNDECIDED none 6.5s
      CLZ                                                     UNDECIDED none 3.6s
      CLZW                                                    UNDECIDED none 4.2s
      CTZ                                                     UNDECIDED none 4.3s
      CTZW                                                    UNDECIDED none 3.7s
      REV8                                                    UNDECIDED none 5.3s
      ZBB_EXTOP      extop_zbb.SEXTB                          UNDECIDED none 3.9s
      ZBB_EXTOP      extop_zbb.SEXTH                          UNDECIDED none 3.9s
      ZBB_EXTOP      extop_zbb.ZEXTH                          UNDECIDED none 3.7s
      BREV8                                                   UNDECIDED none 8.2s
      CLZ                                                     UNDECIDED none 5.1s
      CLZW                                                    UNDECIDED none 5.8s
      CTZ                                                     UNDECIDED none 5.7s
      CTZW                                                    UNDECIDED none 5.3s
      REV8                                                    UNDECIDED none 6.9s
      ZBB_EXTOP      extop_zbb.SEXTB                          UNDECIDED none 5.6s
      ZBB_EXTOP      extop_zbb.SEXTH                          UNDECIDED none 5.5s
      ZBB_EXTOP      extop_zbb.ZEXTH                          UNDECIDED none 5.1s
  andi_gpr_gpr_imm_64__reg_a0__rust__native_first F over ['a']; 9 candidates
      BREV8                                                   UNDECIDED none 6.8s
      CLZ                                                     UNDECIDED none 4.2s
      CLZW                                                    UNDECIDED none 4.0s
      CTZ                                                     UNDECIDED none 3.9s
      CTZW                                                    UNDECIDED none 4.1s
      REV8                                                    UNDECIDED none 5.7s
      ZBB_EXTOP      extop_zbb.SEXTB                          UNDECIDED none 4.0s
      ZBB_EXTOP      extop_zbb.SEXTH                          UNDECIDED none 4.2s
      ZBB_EXTOP      extop_zbb.ZEXTH                          UNDECIDED none 3.6s
      BREV8                                                   UNDECIDED none 8.7s
      CLZ                                                     UNDECIDED none 5.9s
      CLZW                                                    UNDECIDED none 5.5s
      CTZ                                                     UNDECIDED none 5.4s
      CTZW                                                    UNDECIDED none 5.5s
      REV8                                                    UNDECIDED none 7.2s
      ZBB_EXTOP      extop_zbb.SEXTB                          UNDECIDED none 5.6s
      ZBB_EXTOP      extop_zbb.SEXTH                          UNDECIDED none 5.7s
      ZBB_EXTOP      extop_zbb.ZEXTH                          UNDECIDED none 4.9s
  beq_gpr_gpr_64__branch_condition__cpp__native_first F over ['a', 'b']; 52 candidates
      RTYPE          rop.ADD                                  UNDECIDED none 6.4s
      RTYPE          rop.SUB                                  UNDECIDED none 6.8s
      RTYPE          rop.SLL                                  UNDECIDED none 6.5s
      RTYPE          rop.SLT                                  UNDECIDED none 8.2s
      RTYPE          rop.SLTU                                 UNDECIDED none 7.9s
      RTYPE          rop.XOR                                  UNDECIDED none 6.7s
      RTYPE          rop.SRL                                  UNDECIDED none 6.7s
      RTYPE          rop.SRA                                  UNDECIDED none 6.6s
      RTYPE          rop.OR                                   UNDECIDED none 6.0s
      RTYPE          rop.AND                                  UNDECIDED none 6.3s
      CLMUL                                                   UNDECIDED none 7.8s
      CLMULH                                                  UNDECIDED none 8.0s
      CLMULR                                                  UNDECIDED none 7.8s
      DIV            false                                    UNDECIDED none 9.0s
      DIV            true                                     UNDECIDED none 9.6s
      DIVW           false                                    UNDECIDED none 11.8s
      DIVW           true                                     UNDECIDED none 12.7s
      MUL            { result_part := VectorHalf.High, signed UNDECIDED none 7.6s
      MUL            { result_part := VectorHalf.High, signed UNDECIDED none 7.0s
      MUL            { result_part := VectorHalf.High, signed UNDECIDED none 7.2s
      MUL            { result_part := VectorHalf.High, signed UNDECIDED none 7.6s
      MUL            { result_part := VectorHalf.Low, signed_ UNDECIDED none 7.0s
      MUL            { result_part := VectorHalf.Low, signed_ UNDECIDED none 7.1s
      MUL            { result_part := VectorHalf.Low, signed_ UNDECIDED none 7.3s
      MUL            { result_part := VectorHalf.Low, signed_ UNDECIDED none 6.8s
      MULW                                                    UNDECIDED none 5.8s
      REM            false                                    UNDECIDED none 7.0s
      REM            true                                     UNDECIDED none 7.3s
      REMW           false                                    UNDECIDED none 7.6s
      REMW           true                                     UNDECIDED none 8.5s
      RTYPEW         ropw.ADDW                                UNDECIDED none 6.1s
      RTYPEW         ropw.SUBW                                UNDECIDED none 5.9s
      RTYPEW         ropw.SLLW                                UNDECIDED none 6.2s
      RTYPEW         ropw.SRLW                                UNDECIDED none 5.8s
      RTYPEW         ropw.SRAW                                UNDECIDED none 7.1s
      ZBB_RTYPE      brop_zbb.ANDN                            UNDECIDED none 7.0s
      ZBB_RTYPE      brop_zbb.ORN                             UNDECIDED none 6.7s
      ZBB_RTYPE      brop_zbb.XNOR                            UNDECIDED none 6.5s
      ZBB_RTYPE      brop_zbb.MAX                             UNDECIDED none 6.7s
      ZBB_RTYPE      brop_zbb.MAXU                            UNDECIDED none 6.8s
  beq_gpr_gpr_64__branch_condition__rust__native_first F over ['a', 'b']; 52 candidates
      RTYPE          rop.ADD                                  UNDECIDED none 6.9s
      RTYPE          rop.SUB                                  UNDECIDED none 6.7s
      RTYPE          rop.SLL                                  UNDECIDED none 6.3s
      RTYPE          rop.SLT                                  UNDECIDED none 7.9s
      RTYPE          rop.SLTU                                 UNDECIDED none 7.9s
      RTYPE          rop.XOR                                  UNDECIDED none 7.0s
      RTYPE          rop.SRL                                  UNDECIDED none 6.4s
      RTYPE          rop.SRA                                  UNDECIDED none 6.6s
      RTYPE          rop.OR                                   UNDECIDED none 6.5s
      RTYPE          rop.AND                                  UNDECIDED none 6.5s
      CLMUL                                                   UNDECIDED none 8.4s
      CLMULH                                                  UNDECIDED none 8.3s
      CLMULR                                                  UNDECIDED none 8.2s
      DIV            false                                    UNDECIDED none 9.4s
      DIV            true                                     UNDECIDED none 9.6s
      DIVW           false                                    UNDECIDED none 11.5s
      DIVW           true                                     UNDECIDED none 12.8s
      MUL            { result_part := VectorHalf.High, signed UNDECIDED none 7.2s
      MUL            { result_part := VectorHalf.High, signed UNDECIDED none 7.2s
      MUL            { result_part := VectorHalf.High, signed UNDECIDED none 7.2s
      MUL            { result_part := VectorHalf.High, signed UNDECIDED none 7.2s
      MUL            { result_part := VectorHalf.Low, signed_ UNDECIDED none 7.2s
      MUL            { result_part := VectorHalf.Low, signed_ UNDECIDED none 7.2s
      MUL            { result_part := VectorHalf.Low, signed_ UNDECIDED none 7.2s
      MUL            { result_part := VectorHalf.Low, signed_ UNDECIDED none 6.6s
      MULW                                                    UNDECIDED none 5.6s
      REM            false                                    UNDECIDED none 6.7s
      REM            true                                     UNDECIDED none 7.0s
      REMW           false                                    UNDECIDED none 8.0s
      REMW           true                                     UNDECIDED none 8.2s
      RTYPEW         ropw.ADDW                                UNDECIDED none 6.4s
      RTYPEW         ropw.SUBW                                UNDECIDED none 6.4s
      RTYPEW         ropw.SLLW                                UNDECIDED none 6.4s
      RTYPEW         ropw.SRLW                                UNDECIDED none 6.4s
      RTYPEW         ropw.SRAW                                UNDECIDED none 6.8s
      ZBB_RTYPE      brop_zbb.ANDN                            UNDECIDED none 6.8s
      ZBB_RTYPE      brop_zbb.ORN                             UNDECIDED none 6.5s
      ZBB_RTYPE      brop_zbb.XNOR                            UNDECIDED none 6.6s
      ZBB_RTYPE      brop_zbb.MAX                             UNDECIDED none 6.8s
      ZBB_RTYPE      brop_zbb.MAXU                            UNDECIDED none 6.8s
  beq_gpr_gpr_gpr_64__branch_condition__cpp__native_first F over ['a', 'b']; 52 candidates
      RTYPE          rop.ADD                                  UNDECIDED none 6.5s
      RTYPE          rop.SUB                                  UNDECIDED none 6.7s
      RTYPE          rop.SLL                                  UNDECIDED none 6.2s
      RTYPE          rop.SLT                                  UNDECIDED none 8.1s
      RTYPE          rop.SLTU                                 UNDECIDED none 8.1s
      RTYPE          rop.XOR                                  UNDECIDED none 6.7s
      RTYPE          rop.SRL                                  UNDECIDED none 6.4s
      RTYPE          rop.SRA                                  UNDECIDED none 6.2s
      RTYPE          rop.OR                                   UNDECIDED none 6.0s
      RTYPE          rop.AND                                  UNDECIDED none 6.0s
      CLMUL                                                   UNDECIDED none 8.6s
      CLMULH                                                  UNDECIDED none 8.4s
      CLMULR                                                  UNDECIDED none 8.2s
      DIV            false                                    UNDECIDED none 9.1s
      DIV            true                                     UNDECIDED none 9.3s
      DIVW           false                                    UNDECIDED none 11.4s
      DIVW           true                                     UNDECIDED none 12.3s
      MUL            { result_part := VectorHalf.High, signed UNDECIDED none 7.4s
      MUL            { result_part := VectorHalf.High, signed UNDECIDED none 7.0s
      MUL            { result_part := VectorHalf.High, signed UNDECIDED none 7.6s
      MUL            { result_part := VectorHalf.High, signed UNDECIDED none 7.4s
      MUL            { result_part := VectorHalf.Low, signed_ UNDECIDED none 7.4s
      MUL            { result_part := VectorHalf.Low, signed_ UNDECIDED none 7.4s
      MUL            { result_part := VectorHalf.Low, signed_ UNDECIDED none 7.3s
      MUL            { result_part := VectorHalf.Low, signed_ UNDECIDED none 7.2s
      MULW                                                    UNDECIDED none 6.0s
      REM            false                                    UNDECIDED none 7.0s
      REM            true                                     UNDECIDED none 8.0s
      REMW           false                                    UNDECIDED none 7.8s
      REMW           true                                     UNDECIDED none 8.5s
      RTYPEW         ropw.ADDW                                UNDECIDED none 6.3s
      RTYPEW         ropw.SUBW                                UNDECIDED none 6.1s
      RTYPEW         ropw.SLLW                                UNDECIDED none 6.1s
      RTYPEW         ropw.SRLW                                UNDECIDED none 5.9s
      RTYPEW         ropw.SRAW                                UNDECIDED none 6.9s
      ZBB_RTYPE      brop_zbb.ANDN                            UNDECIDED none 7.1s
      ZBB_RTYPE      brop_zbb.ORN                             UNDECIDED none 6.3s
      ZBB_RTYPE      brop_zbb.XNOR                            UNDECIDED none 6.6s
      ZBB_RTYPE      brop_zbb.MAX                             UNDECIDED none 7.0s
      ZBB_RTYPE      brop_zbb.MAXU                            UNDECIDED none 6.6s
  beq_gpr_gpr_gpr_64__branch_condition__rust__native_first F over ['a', 'b']; 52 candidates
      RTYPE          rop.ADD                                  UNDECIDED none 6.7s
      RTYPE          rop.SUB                                  UNDECIDED none 6.7s
      RTYPE          rop.SLL                                  UNDECIDED none 6.5s
      RTYPE          rop.SLT                                  UNDECIDED none 8.0s
      RTYPE          rop.SLTU                                 UNDECIDED none 7.9s
      RTYPE          rop.XOR                                  UNDECIDED none 6.7s
