  emitted definitions scanned: 4750
  add_gpr_gpr_gpr_64__reg_a0__cpp__native_first F over ['a', 'b']; 52 candidates
      same_text      over 52 candidates, one Lean run: 7.2s
      RTYPE          rop.ADD                                  PROVED    same_text
  add_gpr_gpr_same_64__reg_a0__cpp__native_first F over ['a']; 9 candidates
      same_text      over  9 candidates, one Lean run: 3.5s
      integer_level  over  9 candidates, one Lean run: 16.5s
      BREV8                                                   UNDECIDED none 4.0s
      CLZ                                                     UNDECIDED none 3.8s
      CLZW                                                    UNDECIDED none 3.8s
      CTZ                                                     UNDECIDED none 3.9s
      CTZW                                                    UNDECIDED none 3.7s
      REV8                                                    UNDECIDED none 3.9s
      ZBB_EXTOP      extop_zbb.SEXTB                          UNDECIDED none 3.9s
      ZBB_EXTOP      extop_zbb.SEXTH                          UNDECIDED none 3.8s
      ZBB_EXTOP      extop_zbb.ZEXTH                          UNDECIDED none 4.2s
  addi_gpr_gpr_imm_64__reg_a0__cpp__native_first F over ['a']; 9 candidates
      same_text      over  9 candidates, one Lean run: 2.0s
      integer_level  over  9 candidates, one Lean run: 16.5s
      BREV8                                                   UNDECIDED none 4.4s
      CLZ                                                     UNDECIDED none 4.6s
      CLZW                                                    UNDECIDED none 4.7s
      CTZ                                                     UNDECIDED none 4.6s
      CTZW                                                    UNDECIDED none 4.4s
      REV8                                                    UNDECIDED none 4.7s
      ZBB_EXTOP      extop_zbb.SEXTB                          UNDECIDED none 4.0s
      ZBB_EXTOP      extop_zbb.SEXTH                          UNDECIDED none 3.9s
      ZBB_EXTOP      extop_zbb.ZEXTH                          UNDECIDED none 3.9s
  and_gpr_gpr_gpr_64__reg_a0__cpp__native_first F over ['a', 'b']; 52 candidates
      same_text      over 52 candidates, one Lean run: 3.4s
      RTYPE          rop.AND                                  PROVED    same_text
  andi_gpr_gpr_imm_64__reg_a0__cpp__native_first F over ['a']; 9 candidates
      same_text      over  9 candidates, one Lean run: 2.0s
      integer_level  over  9 candidates, one Lean run: 17.0s
      BREV8                                                   UNDECIDED none 3.9s
      CLZ                                                     UNDECIDED none 3.6s
      CLZW                                                    UNDECIDED none 3.6s
      CTZ                                                     UNDECIDED none 3.7s
      CTZW                                                    UNDECIDED none 4.0s
      REV8                                                    UNDECIDED none 3.6s
      ZBB_EXTOP      extop_zbb.SEXTB                          UNDECIDED none 3.6s
      ZBB_EXTOP      extop_zbb.SEXTH                          UNDECIDED none 3.6s
      ZBB_EXTOP      extop_zbb.ZEXTH                          UNDECIDED none 3.6s
  beq_gpr_gpr_64__branch_condition__cpp__native_first F over ['a', 'b']; 52 candidates
      same_text      over 52 candidates, one Lean run: 3.9s
      integer_level  over 10 candidates, one Lean run: 36.7s
      RTYPE          rop.ADD                                  UNDECIDED none 5.4s
      RTYPE          rop.SUB                                  UNDECIDED none 5.4s
      RTYPE          rop.SLL                                  UNDECIDED none 5.6s
      RTYPE          rop.SLT                                  UNDECIDED none 5.5s
      RTYPE          rop.SLTU                                 UNDECIDED none 5.6s
      RTYPE          rop.XOR                                  UNDECIDED none 5.9s
      RTYPE          rop.SRL                                  UNDECIDED none 5.7s
      RTYPE          rop.SRA                                  UNDECIDED none 6.6s
      RTYPE          rop.OR                                   UNDECIDED none 6.8s
      RTYPE          rop.AND                                  UNDECIDED none 7.6s
      integer_level  over 12 candidates, one Lean run: 61.3s
      integer_level  over 12 candidates, one Lean run: 29.1s
  beq_gpr_gpr_gpr_64__branch_condition__cpp__native_first F over ['a', 'b']; 52 candidates
      same_text      over 52 candidates, one Lean run: 9.3s
      integer_level  over 10 candidates, one Lean run: 43.1s
      RTYPE          rop.ADD                                  UNDECIDED none 6.5s
      RTYPE          rop.SUB                                  UNDECIDED none 6.9s
      RTYPE          rop.SLL                                  UNDECIDED none 7.2s
      RTYPE          rop.SLT                                  UNDECIDED none 6.7s
      RTYPE          rop.SLTU                                 UNDECIDED none 6.6s
      RTYPE          rop.XOR                                  UNDECIDED none 6.9s
      RTYPE          rop.SRL                                  UNDECIDED none 7.1s
      RTYPE          rop.SRA                                  UNDECIDED none 6.9s
      RTYPE          rop.OR                                   UNDECIDED none 6.8s
      RTYPE          rop.AND                                  UNDECIDED none 7.2s
      integer_level  over 12 candidates, one Lean run: 50.9s
      integer_level  over 12 candidates, one Lean run: 25.4s
  beq_gpr_gpr_imm_64__branch_condition__cpp__native_first F over ['a', 'b']; 52 candidates
      same_text      over 52 candidates, one Lean run: 4.1s
      integer_level  over 10 candidates, one Lean run: 40.9s
      RTYPE          rop.ADD                                  UNDECIDED none 6.3s
      RTYPE          rop.SUB                                  UNDECIDED none 6.1s
      RTYPE          rop.SLL                                  UNDECIDED none 6.0s
      RTYPE          rop.SLT                                  UNDECIDED none 6.6s
      RTYPE          rop.SLTU                                 UNDECIDED none 6.2s
      RTYPE          rop.XOR                                  UNDECIDED none 6.3s
      RTYPE          rop.SRL                                  UNDECIDED none 5.8s
      RTYPE          rop.SRA                                  UNDECIDED none 5.9s
      RTYPE          rop.OR                                   UNDECIDED none 5.9s
      RTYPE          rop.AND                                  UNDECIDED none 5.9s
      integer_level  over 12 candidates, one Lean run: 41.1s
      integer_level  over 12 candidates, one Lean run: 29.2s
      integer_level  over 12 candidates, one Lean run: 35.8s
  beq_gpr_gpr_same_64__branch_condition__cpp__native_first F over ['a', 'b']; 52 candidates
      same_text      over 52 candidates, one Lean run: 5.9s
      integer_level  over 10 candidates, one Lean run: 44.9s
      RTYPE          rop.ADD                                  UNDECIDED none 6.9s
      RTYPE          rop.SUB                                  UNDECIDED none 6.5s
      RTYPE          rop.SLL                                  UNDECIDED none 7.3s
      RTYPE          rop.SLT                                  UNDECIDED none 7.0s
      RTYPE          rop.SLTU                                 UNDECIDED none 7.2s
      RTYPE          rop.XOR                                  UNDECIDED none 7.6s
      RTYPE          rop.SRL                                  UNDECIDED none 7.2s
      RTYPE          rop.SRA                                  UNDECIDED none 6.8s
      RTYPE          rop.OR                                   UNDECIDED none 6.5s
      RTYPE          rop.AND                                  UNDECIDED none 6.4s
      integer_level  over 12 candidates, one Lean run: 37.9s
      integer_level  over 12 candidates, one Lean run: 19.8s
      integer_level  over 12 candidates, one Lean run: 39.0s
  bge_gpr_gpr_64__branch_condition__cpp__native_first F over ['a', 'b']; 52 candidates
      same_text      over 52 candidates, one Lean run: 4.9s
      integer_level  over 10 candidates, one Lean run: 66.0s
      RTYPE          rop.ADD                                  UNDECIDED none 9.1s
      RTYPE          rop.SUB                                  UNDECIDED none 8.7s
      RTYPE          rop.SLL                                  UNDECIDED none 8.8s
      RTYPE          rop.SLT                                  UNDECIDED none 8.6s
      RTYPE          rop.SLTU                                 UNDECIDED none 9.1s
      RTYPE          rop.XOR                                  UNDECIDED none 8.8s
      RTYPE          rop.SRL                                  UNDECIDED none 9.1s
      RTYPE          rop.SRA                                  UNDECIDED none 9.2s
      RTYPE          rop.OR                                   UNDECIDED none 9.1s
      RTYPE          rop.AND                                  UNDECIDED none 8.6s
      integer_level  over 12 candidates, one Lean run: 44.8s
      integer_level  over 12 candidates, one Lean run: 27.8s
  bge_gpr_gpr_gpr_64__branch_condition__cpp__native_first F over ['a', 'b']; 52 candidates
      same_text      over 52 candidates, one Lean run: 5.3s
      integer_level  over 10 candidates, one Lean run: 42.4s
      RTYPE          rop.ADD                                  UNDECIDED none 7.0s
      RTYPE          rop.SUB                                  UNDECIDED none 6.8s
      RTYPE          rop.SLL                                  UNDECIDED none 9.1s
      RTYPE          rop.SLT                                  UNDECIDED none 8.1s
      RTYPE          rop.SLTU                                 UNDECIDED none 8.4s
      RTYPE          rop.XOR                                  UNDECIDED none 8.3s
      RTYPE          rop.SRL                                  UNDECIDED none 8.1s
      RTYPE          rop.SRA                                  UNDECIDED none 8.4s
      RTYPE          rop.OR                                   UNDECIDED none 8.3s
      RTYPE          rop.AND                                  UNDECIDED none 8.1s
      integer_level  over 12 candidates, one Lean run: 55.2s
      integer_level  over 12 candidates, one Lean run: 27.9s
  bge_gpr_gpr_imm_64__branch_condition__cpp__native_first F over ['a', 'b']; 52 candidates
      same_text      over 52 candidates, one Lean run: 4.9s
      integer_level  over 10 candidates, one Lean run: 42.9s
      RTYPE          rop.ADD                                  UNDECIDED none 6.2s
      RTYPE          rop.SUB                                  UNDECIDED none 6.3s
      RTYPE          rop.SLL                                  UNDECIDED none 6.4s
      RTYPE          rop.SLT                                  UNDECIDED none 6.6s
      RTYPE          rop.SLTU                                 UNDECIDED none 6.2s
      RTYPE          rop.XOR                                  UNDECIDED none 6.2s
      RTYPE          rop.SRL                                  UNDECIDED none 6.0s
      RTYPE          rop.SRA                                  UNDECIDED none 6.2s
      RTYPE          rop.OR                                   UNDECIDED none 6.3s
      RTYPE          rop.AND                                  UNDECIDED none 6.5s
      integer_level  over 12 candidates, one Lean run: 58.5s
      integer_level  over 12 candidates, one Lean run: 27.0s
  bge_gpr_gpr_same_64__branch_condition__cpp__native_first F over ['a', 'b']; 52 candidates
      same_text      over 52 candidates, one Lean run: 4.2s
      integer_level  over 10 candidates, one Lean run: 41.5s
      RTYPE          rop.ADD                                  UNDECIDED none 5.9s
      RTYPE          rop.SUB                                  UNDECIDED none 6.0s
      RTYPE          rop.SLL                                  UNDECIDED none 6.1s
      RTYPE          rop.SLT                                  UNDECIDED none 6.2s
      RTYPE          rop.SLTU                                 UNDECIDED none 5.9s
      RTYPE          rop.XOR                                  UNDECIDED none 5.9s
      RTYPE          rop.SRL                                  UNDECIDED none 6.1s
      RTYPE          rop.SRA                                  UNDECIDED none 5.9s
      RTYPE          rop.OR                                   UNDECIDED none 5.8s
      RTYPE          rop.AND                                  UNDECIDED none 6.0s
      integer_level  over 12 candidates, one Lean run: 45.9s
      integer_level  over 12 candidates, one Lean run: 31.6s
      integer_level  over 12 candidates, one Lean run: 43.8s
  bgeu_gpr_gpr_64__branch_condition__cpp__native_first F over ['a', 'b']; 52 candidates
      same_text      over 52 candidates, one Lean run: 3.7s
      integer_level  over 10 candidates, one Lean run: 47.4s
      RTYPE          rop.ADD                                  UNDECIDED none 7.0s
      RTYPE          rop.SUB                                  UNDECIDED none 7.3s
      RTYPE          rop.SLL                                  UNDECIDED none 7.4s
      RTYPE          rop.SLT                                  UNDECIDED none 7.0s
      RTYPE          rop.SLTU                                 UNDECIDED none 6.6s
      RTYPE          rop.XOR                                  UNDECIDED none 7.1s
      RTYPE          rop.SRL                                  UNDECIDED none 7.3s
      RTYPE          rop.SRA                                  UNDECIDED none 7.0s
      RTYPE          rop.OR                                   UNDECIDED none 7.0s
      RTYPE          rop.AND                                  UNDECIDED none 6.9s
