  emitted definitions scanned: 4750
  add_gpr_gpr_gpr_64__reg_a0__c__all_constructed F over ['a', 'b']; 52 candidates
      RTYPE          rop.ADD                                  UNDECIDED none 91.0s
      RTYPE          rop.SUB                                  UNDECIDED none 90.6s
  add_gpr_gpr_same_64__reg_a0__c__all_constructed F over ['a']; 9 candidates
      BREV8                                                   UNDECIDED none 7.0s
      CLZ                                                     UNDECIDED none 4.3s
      CLZW                                                    UNDECIDED none 4.2s
      CTZ                                                     UNDECIDED none 4.2s
      CTZW                                                    UNDECIDED none 4.3s
      REV8                                                    UNDECIDED none 5.9s
      ZBB_EXTOP      extop_zbb.SEXTB                          UNDECIDED none 4.5s
      ZBB_EXTOP      extop_zbb.SEXTH                          UNDECIDED none 4.3s
      ZBB_EXTOP      extop_zbb.ZEXTH                          UNDECIDED none 4.5s
  addi_gpr_gpr_imm_64__reg_a0__c__all_constructed F over ['a']; 9 candidates
      BREV8                                                   UNDECIDED none 85.1s
      CLZ                                                     UNDECIDED none 83.4s
  addw_gpr_gpr_same_32__reg_a0__c__all_constructed F over ['a']; 9 candidates
      BREV8                                                   UNDECIDED none 27.0s
      CLZ                                                     UNDECIDED none 23.8s
      CLZW                                                    UNDECIDED none 23.4s
      CTZ                                                     UNDECIDED none 23.5s
      CTZW                                                    UNDECIDED none 23.5s
      REV8                                                    UNDECIDED none 25.3s
      ZBB_EXTOP      extop_zbb.SEXTB                          UNDECIDED none 23.3s
  and_gpr_gpr_gpr_64__reg_a0__c__all_constructed F over ['a', 'b']; 52 candidates
      RTYPE          rop.ADD                                  UNDECIDED none 5.5s
      RTYPE          rop.SUB                                  UNDECIDED none 5.3s
      RTYPE          rop.SLL                                  UNDECIDED none 4.9s
      RTYPE          rop.SLT                                  UNDECIDED none 6.3s
      RTYPE          rop.SLTU                                 UNDECIDED none 6.2s
      RTYPE          rop.XOR                                  UNDECIDED none 5.0s
      RTYPE          rop.SRL                                  UNDECIDED none 4.8s
      RTYPE          rop.SRA                                  UNDECIDED none 5.5s
      RTYPE          rop.OR                                   UNDECIDED none 5.0s
      RTYPE          rop.AND                                  PROVED    same_text 1.3s
  andi_gpr_gpr_imm_64__reg_a0__c__all_constructed F over ['a']; 9 candidates
      BREV8                                                   UNDECIDED none 7.5s
      CLZ                                                     UNDECIDED none 4.8s
      CLZW                                                    UNDECIDED none 4.6s
      CTZ                                                     UNDECIDED none 4.7s
      CTZW                                                    UNDECIDED none 4.7s
      REV8                                                    UNDECIDED none 6.1s
      ZBB_EXTOP      extop_zbb.SEXTB                          UNDECIDED none 4.7s
      ZBB_EXTOP      extop_zbb.SEXTH                          UNDECIDED none 4.9s
      ZBB_EXTOP      extop_zbb.ZEXTH                          UNDECIDED none 4.7s
  beq_gpr_gpr_64__branch_condition__c__all_constructed F over ['a', 'b']; 52 candidates
      RTYPE          rop.ADD                                  UNDECIDED none 50.4s
      RTYPE          rop.SUB                                  UNDECIDED none 49.9s
      RTYPE          rop.SLL                                  UNDECIDED none 49.4s
      RTYPE          rop.SLT                                  UNDECIDED none 52.6s
  beq_gpr_gpr_64__branch_condition__go__all_constructed F over ['a', 'b']; 52 candidates
      RTYPE          rop.ADD                                  UNDECIDED none 32.1s
