  emitted definitions scanned: 4750
  add_gpr_gpr_gpr_64__reg_a0__cpp__all_constructed F over ['a', 'b']; 52 candidates
      RTYPE          rop.ADD                                  UNDECIDED none 91.2s
      RTYPE          rop.SUB                                  UNDECIDED none 90.6s
  add_gpr_gpr_gpr_64__reg_a0__rust__all_constructed F over ['a', 'b']; 52 candidates
      RTYPE          rop.ADD                                  UNDECIDED none 92.5s
      RTYPE          rop.SUB                                  UNDECIDED none 90.8s
  add_gpr_gpr_same_64__reg_a0__cpp__all_constructed F over ['a']; 9 candidates
      BREV8                                                   UNDECIDED none 6.9s
      CLZ                                                     UNDECIDED none 4.3s
      CLZW                                                    UNDECIDED none 4.2s
      CTZ                                                     UNDECIDED none 4.1s
      CTZW                                                    UNDECIDED none 4.3s
      REV8                                                    UNDECIDED none 5.8s
      ZBB_EXTOP      extop_zbb.SEXTB                          UNDECIDED none 4.5s
      ZBB_EXTOP      extop_zbb.SEXTH                          UNDECIDED none 4.3s
      ZBB_EXTOP      extop_zbb.ZEXTH                          UNDECIDED none 4.2s
  add_gpr_gpr_same_64__reg_a0__rust__all_constructed F over ['a']; 9 candidates
      BREV8                                                   UNDECIDED none 7.1s
      CLZ                                                     UNDECIDED none 4.3s
      CLZW                                                    UNDECIDED none 4.4s
      CTZ                                                     UNDECIDED none 4.3s
      CTZW                                                    UNDECIDED none 4.1s
      REV8                                                    UNDECIDED none 5.9s
      ZBB_EXTOP      extop_zbb.SEXTB                          UNDECIDED none 4.3s
      ZBB_EXTOP      extop_zbb.SEXTH                          UNDECIDED none 4.4s
      ZBB_EXTOP      extop_zbb.ZEXTH                          UNDECIDED none 4.3s
  addi_gpr_gpr_imm_64__reg_a0__cpp__all_constructed F over ['a']; 9 candidates
      BREV8                                                   UNDECIDED none 85.5s
      CLZ                                                     UNDECIDED none 84.0s
  addi_gpr_gpr_imm_64__reg_a0__rust__all_constructed F over ['a']; 9 candidates
      BREV8                                                   UNDECIDED none 85.8s
      CLZ                                                     UNDECIDED none 83.7s
  addw_gpr_gpr_same_32__reg_a0__cpp__all_constructed F over ['a']; 9 candidates
      BREV8                                                   UNDECIDED none 26.4s
      CLZ                                                     UNDECIDED none 23.0s
      CLZW                                                    UNDECIDED none 23.4s
      CTZ                                                     UNDECIDED none 23.4s
      CTZW                                                    UNDECIDED none 23.4s
