  emitted definitions scanned: 4750; lean-sail definitions indexed: 137
  add_gpr_gpr_gpr_64__reg_a0__c__all_constructed F over ['a', 'b']; 52 candidates
      evaluation over 52 candidates on 4 samples, one Lean run: 10.1s; 2 survive
      same_text      over  2 candidates, one Lean run: 3.1s
      integer_level  over  1 candidates, one Lean run: 81.5s
      RTYPE          rop.ADD                                  UNDECIDED none 88.2s
      integer_level  over  1 candidates, one Lean run: 94.7s
      RTYPEW         ropw.ADDW                                UNDECIDED none 101.5s
  lhu_gpr_mem_16__reg_a0__go__all_constructed  F over ['a']; 9 candidates
      evaluation over 9 candidates on 4 samples, one Lean run: 2.6s; 1 survive
      same_text      over  1 candidates, one Lean run: 1.3s
      integer_level  over  1 candidates, one Lean run: 2.3s
      ZBB_EXTOP      extop_zbb.ZEXTH                          UNDECIDED none 4.8s
  lhu_gpr_gpr_16__reg_a0__go__all_constructed  F over ['a']; 9 candidates
      evaluation over 9 candidates on 4 samples, one Lean run: 2.6s; 1 survive
      same_text      over  1 candidates, one Lean run: 1.3s
      integer_level  over  1 candidates, one Lean run: 2.4s
      ZBB_EXTOP      extop_zbb.ZEXTH                          UNDECIDED none 4.9s
  srlw_gpr_gpr_gpr_32__reg_a0__c__all_constructed F over ['a', 'b']; 52 candidates
      evaluation over 52 candidates on 4 samples, one Lean run: 7.5s; 1 survive
      same_text      over  1 candidates, one Lean run: 2.3s
      integer_level  over  1 candidates, one Lean run: 46.1s
      RTYPEW         ropw.SRLW                                UNDECIDED none 58.5s
  lhu_gpr_imm_16__reg_a0__go__native_first     F over ['a']; 9 candidates
      evaluation over 9 candidates on 4 samples, one Lean run: 2.6s; 1 survive
      same_text      over  1 candidates, one Lean run: 1.3s
      integer_level  over  1 candidates, one Lean run: 2.3s
      ZBB_EXTOP      extop_zbb.ZEXTH                          UNDECIDED none 4.9s
  lhu_gpr_gpr_gpr_16__reg_a0__go__native_first F over ['a']; 9 candidates
      evaluation over 9 candidates on 4 samples, one Lean run: 2.6s; 1 survive
      same_text      over  1 candidates, one Lean run: 1.3s
      integer_level  over  1 candidates, one Lean run: 2.3s
      ZBB_EXTOP      extop_zbb.ZEXTH                          UNDECIDED none 4.8s
  add_gpr_gpr_gpr_64__reg_a0__cpp__all_constructed F over ['a', 'b']; 52 candidates
      evaluation over 52 candidates on 4 samples, one Lean run: 9.5s; 2 survive
      same_text      over  2 candidates, one Lean run: 3.0s
      integer_level  over  1 candidates, one Lean run: 80.7s
      RTYPE          rop.ADD                                  UNDECIDED none 87.1s
      integer_level  over  1 candidates, one Lean run: 89.7s
      RTYPEW         ropw.ADDW                                UNDECIDED none 96.2s
  bltu_gpr_gpr_imm_64__branch_condition__rust__all_constructed F over ['a', 'b']; 52 candidates
      evaluation over 52 candidates on 4 samples, one Lean run: 12.4s; 1 survive
      same_text      over  1 candidates, one Lean run: 2.3s
      integer_level  over  1 candidates, one Lean run: 6.0s
      RTYPE          rop.SLTU                                 UNDECIDED none 15.7s
  sltu_gpr_gpr_gpr_64__reg_a0__rust__all_constructed F over ['a', 'b']; 52 candidates
      evaluation over 52 candidates on 4 samples, one Lean run: 12.4s; 1 survive
      same_text      over  1 candidates, one Lean run: 2.3s
      integer_level  over  1 candidates, one Lean run: 6.0s
      RTYPE          rop.SLTU                                 UNDECIDED none 15.8s
  blt_gpr_gpr_gpr_64__branch_condition__rust__all_constructed F over ['a', 'b']; 52 candidates
      evaluation over 52 candidates on 4 samples, one Lean run: 37.3s; 1 survive
      same_text      over  1 candidates, one Lean run: 2.6s
      integer_level  over  1 candidates, one Lean run: 4.1s
      RTYPE          rop.SLT                                  UNDECIDED none 20.8s
  sll_gpr_gpr_gpr_64__reg_a0__rust__all_constructed F over ['a', 'b']; 52 candidates
      evaluation over 52 candidates on 4 samples, one Lean run: 4.8s; 1 survive
      same_text      over  1 candidates, one Lean run: 1.8s
      integer_level  over  1 candidates, one Lean run: 3.0s
      RTYPE          rop.SLL                                  UNDECIDED none 6.1s
  equals: 11 units, 0 with a proved definition
