  emitted definitions scanned: 4750
  add_gpr_gpr_same_64__reg_a0__c__all_constructed F over ['a']; 9 candidates
      same_text      over  9 candidates, one Lean run: 2.7s
      integer_level  over  9 candidates, one Lean run: 21.8s
      BREV8                                                   UNDECIDED none 4.7s
      CLZ                                                     UNDECIDED none 4.5s
      CLZW                                                    UNDECIDED none 4.5s
      CTZ                                                     UNDECIDED none 4.4s
      CTZW                                                    UNDECIDED none 4.3s
      REV8                                                    UNDECIDED none 4.3s
      ZBB_EXTOP      extop_zbb.SEXTB                          UNDECIDED none 4.2s
      ZBB_EXTOP      extop_zbb.SEXTH                          UNDECIDED none 4.4s
      ZBB_EXTOP      extop_zbb.ZEXTH                          UNDECIDED none 4.2s
  addw_gpr_gpr_same_32__reg_a0__c__all_constructed F over ['a']; 9 candidates
      same_text      over  9 candidates, one Lean run: 10.1s
      integer_level  over  9 candidates, one Lean run: 120.0s; TIMEOUT
      BREV8                                                   UNDECIDED none 19.9s
      CLZ                                                     UNDECIDED none 21.4s
      CLZW                                                    UNDECIDED none 20.6s
      CTZ                                                     UNDECIDED none 21.8s
  andi_gpr_gpr_imm_64__reg_a0__c__all_constructed F over ['a']; 9 candidates
      same_text      over  9 candidates, one Lean run: 4.0s
      integer_level  over  9 candidates, one Lean run: 24.0s
      BREV8                                                   UNDECIDED none 5.7s
      CLZ                                                     UNDECIDED none 6.2s
      CLZW                                                    UNDECIDED none 5.3s
      CTZ                                                     UNDECIDED none 5.4s
      CTZW                                                    UNDECIDED none 6.4s
      REV8                                                    UNDECIDED none 6.6s
      ZBB_EXTOP      extop_zbb.SEXTB                          UNDECIDED none 5.9s
      ZBB_EXTOP      extop_zbb.SEXTH                          UNDECIDED none 7.2s
      ZBB_EXTOP      extop_zbb.ZEXTH                          UNDECIDED none 6.8s
  beq_gpr_gpr_64__branch_condition__go__all_constructed F over ['a', 'b']; 52 candidates
      same_text      over 52 candidates, one Lean run: 74.4s
      integer_level  over 10 candidates, one Lean run: 120.0s; TIMEOUT
  beq_gpr_gpr_gpr_64__branch_condition__go__all_constructed F over ['a', 'b']; 52 candidates
      same_text      over 52 candidates, one Lean run: 59.0s
      integer_level  over 10 candidates, one Lean run: 120.0s; TIMEOUT
  beq_gpr_gpr_imm_64__branch_condition__go__all_constructed F over ['a', 'b']; 52 candidates
      same_text      over 52 candidates, one Lean run: 64.4s
      integer_level  over 10 candidates, one Lean run: 120.0s; TIMEOUT
  beq_gpr_gpr_same_64__branch_condition__go__all_constructed F over ['a', 'b']; 52 candidates
      same_text      over 52 candidates, one Lean run: 67.8s
      integer_level  over 10 candidates, one Lean run: 120.0s; TIMEOUT
  bge_gpr_gpr_gpr_64__branch_condition__c__all_constructed F over ['a', 'b']; 52 candidates
      same_text      over 52 candidates, one Lean run: 57.4s
      integer_level  over 12 candidates, one Lean run: 34.4s
      integer_level  over  7 candidates, one Lean run: 21.5s
      RTYPE          rop.ADD                                  UNDECIDED none 15.9s
      RTYPE          rop.SUB                                  UNDECIDED none 17.0s
      RTYPE          rop.SLL                                  UNDECIDED none 17.7s
  bge_gpr_gpr_same_64__branch_condition__c__all_constructed F over ['a', 'b']; 52 candidates
      same_text      over 52 candidates, one Lean run: 62.5s
      integer_level  over 12 candidates, one Lean run: 36.8s
      integer_level  over  7 candidates, one Lean run: 21.3s
      RTYPE          rop.ADD                                  UNDECIDED none 16.7s
      RTYPE          rop.SUB                                  UNDECIDED none 16.8s
      RTYPE          rop.SLL                                  UNDECIDED none 16.8s
  bgeu_gpr_gpr_64__branch_condition__go__all_constructed F over ['a', 'b']; 52 candidates
      same_text      over 52 candidates, one Lean run: 35.5s
      integer_level  over 10 candidates, one Lean run: 120.0s; TIMEOUT
  bgeu_gpr_gpr_gpr_64__branch_condition__go__all_constructed F over ['a', 'b']; 52 candidates
      same_text      over 52 candidates, one Lean run: 44.8s
