  emitted definitions scanned: 4750
  add_gpr_gpr_gpr_64__reg_a0__cpp__all_constructed F over ['a', 'b']; 52 candidates
      same_text      over 52 candidates, one Lean run: 52.8s
      integer_level  over 10 candidates, one Lean run: 120.0s; TIMEOUT
  add_gpr_gpr_same_64__reg_a0__cpp__all_constructed F over ['a']; 9 candidates
      same_text      over  9 candidates, one Lean run: 3.2s
      integer_level  over  9 candidates, one Lean run: 22.7s
      BREV8                                                   UNDECIDED none 5.3s
      CLZ                                                     UNDECIDED none 6.0s
      CLZW                                                    UNDECIDED none 6.9s
      CTZ                                                     UNDECIDED none 5.9s
      CTZW                                                    UNDECIDED none 5.3s
      REV8                                                    UNDECIDED none 5.6s
      ZBB_EXTOP      extop_zbb.SEXTB                          UNDECIDED none 6.0s
      ZBB_EXTOP      extop_zbb.SEXTH                          UNDECIDED none 7.4s
      ZBB_EXTOP      extop_zbb.ZEXTH                          UNDECIDED none 5.2s
  addi_gpr_gpr_imm_64__reg_a0__cpp__all_constructed F over ['a']; 9 candidates
      same_text      over  9 candidates, one Lean run: 9.6s
      integer_level  over  9 candidates, one Lean run: 120.0s; TIMEOUT
      BREV8                                                   UNDECIDED none 23.2s
      CLZ                                                     UNDECIDED none 27.1s
  addw_gpr_gpr_same_32__reg_a0__cpp__all_constructed F over ['a']; 9 candidates
      same_text      over  9 candidates, one Lean run: 14.0s
      integer_level  over  9 candidates, one Lean run: 120.0s; TIMEOUT
      BREV8                                                   UNDECIDED none 18.9s
      CLZ                                                     UNDECIDED none 19.4s
      CLZW                                                    UNDECIDED none 19.4s
      CTZ                                                     UNDECIDED none 21.3s
  and_gpr_gpr_gpr_64__reg_a0__cpp__all_constructed F over ['a', 'b']; 52 candidates
      same_text      over 52 candidates, one Lean run: 6.4s
      RTYPE          rop.AND                                  PROVED    same_text
  andi_gpr_gpr_imm_64__reg_a0__cpp__all_constructed F over ['a']; 9 candidates
      same_text      over  9 candidates, one Lean run: 2.6s
      integer_level  over  9 candidates, one Lean run: 19.9s
      BREV8                                                   UNDECIDED none 4.5s
      CLZ                                                     UNDECIDED none 4.8s
      CLZW                                                    UNDECIDED none 4.8s
      CTZ                                                     UNDECIDED none 4.4s
      CTZW                                                    UNDECIDED none 4.4s
      REV8                                                    UNDECIDED none 4.3s
      ZBB_EXTOP      extop_zbb.SEXTB                          UNDECIDED none 4.2s
      ZBB_EXTOP      extop_zbb.SEXTH                          UNDECIDED none 4.4s
      ZBB_EXTOP      extop_zbb.ZEXTH                          UNDECIDED none 4.5s
  beq_gpr_gpr_64__branch_condition__cpp__all_constructed F over ['a', 'b']; 52 candidates
      same_text      over 52 candidates, one Lean run: 70.9s
      integer_level  over 12 candidates, one Lean run: 120.0s; TIMEOUT
  beq_gpr_gpr_gpr_64__branch_condition__cpp__all_constructed F over ['a', 'b']; 52 candidates
      same_text      over 52 candidates, one Lean run: 79.2s
      integer_level  over 12 candidates, one Lean run: 120.0s; TIMEOUT
  beq_gpr_gpr_imm_64__branch_condition__cpp__all_constructed F over ['a', 'b']; 52 candidates
      same_text      over 52 candidates, one Lean run: 76.9s
      integer_level  over 12 candidates, one Lean run: 120.0s; TIMEOUT
  beq_gpr_gpr_same_64__branch_condition__cpp__all_constructed F over ['a', 'b']; 52 candidates
      same_text      over 52 candidates, one Lean run: 70.2s
      integer_level  over 12 candidates, one Lean run: 120.0s; TIMEOUT
  bge_gpr_gpr_64__branch_condition__cpp__all_constructed F over ['a', 'b']; 52 candidates
      same_text      over 52 candidates, one Lean run: 58.5s
      integer_level  over 12 candidates, one Lean run: 35.9s
      integer_level  over  7 candidates, one Lean run: 20.6s
      RTYPE          rop.ADD                                  UNDECIDED none 20.1s
      RTYPE          rop.SUB                                  UNDECIDED none 20.1s
