  emitted definitions scanned: 4750
  add_gpr_gpr_same_64__reg_a0__c__all_constructed F over ['a']; 9 candidates
      same_text      over  9 candidates, one Lean run: 3.9s
      integer_level  over  9 candidates, one Lean run: 18.1s
      BREV8                                                   UNDECIDED none 4.3s
      CLZ                                                     UNDECIDED none 4.8s
      CLZW                                                    UNDECIDED none 4.2s
      CTZ                                                     UNDECIDED none 4.2s
      CTZW                                                    UNDECIDED none 3.9s
      REV8                                                    UNDECIDED none 4.0s
      ZBB_EXTOP      extop_zbb.SEXTB                          UNDECIDED none 4.0s
      ZBB_EXTOP      extop_zbb.SEXTH                          UNDECIDED none 4.2s
      ZBB_EXTOP      extop_zbb.ZEXTH                          UNDECIDED none 4.0s
  addw_gpr_gpr_same_32__reg_a0__c__all_constructed F over ['a']; 9 candidates
      same_text      over  9 candidates, one Lean run: 9.4s
      integer_level  over  9 candidates, one Lean run: 120.0s; TIMEOUT
      BREV8                                                   UNDECIDED none 19.0s
      CLZ                                                     UNDECIDED none 18.0s
      CLZW                                                    UNDECIDED none 20.1s
      CTZ                                                     UNDECIDED none 23.4s
  andi_gpr_gpr_imm_64__reg_a0__c__all_constructed F over ['a']; 9 candidates
      same_text      over  9 candidates, one Lean run: 4.1s
      integer_level  over  9 candidates, one Lean run: 26.8s
      BREV8                                                   UNDECIDED none 5.8s
      CLZ                                                     UNDECIDED none 5.7s
      CLZW                                                    UNDECIDED none 6.4s
      CTZ                                                     UNDECIDED none 6.5s
      CTZW                                                    UNDECIDED none 6.0s
      REV8                                                    UNDECIDED none 6.4s
      ZBB_EXTOP      extop_zbb.SEXTB                          UNDECIDED none 7.5s
      ZBB_EXTOP      extop_zbb.SEXTH                          UNDECIDED none 7.4s
      ZBB_EXTOP      extop_zbb.ZEXTH                          UNDECIDED none 7.3s
  beq_gpr_gpr_64__branch_condition__go__all_constructed F over ['a', 'b']; 52 candidates
      same_text      over 52 candidates, one Lean run: 78.7s
      integer_level  over 10 candidates, one Lean run: 120.0s; TIMEOUT
  beq_gpr_gpr_gpr_64__branch_condition__go__all_constructed F over ['a', 'b']; 52 candidates
      same_text      over 52 candidates, one Lean run: 61.5s
      integer_level  over 10 candidates, one Lean run: 120.0s; TIMEOUT
  beq_gpr_gpr_imm_64__branch_condition__go__all_constructed F over ['a', 'b']; 52 candidates
      same_text      over 52 candidates, one Lean run: 64.6s
      integer_level  over 10 candidates, one Lean run: 120.0s; TIMEOUT
  beq_gpr_gpr_same_64__branch_condition__go__all_constructed F over ['a', 'b']; 52 candidates
