  emitted definitions scanned: 4750
  add_gpr_gpr_gpr_64__reg_a0__rust__all_constructed F over ['a', 'b']; 52 candidates
      same_text      over 52 candidates, one Lean run: 62.4s
      integer_level  over 10 candidates, one Lean run: 120.0s; TIMEOUT
  add_gpr_gpr_same_64__reg_a0__rust__all_constructed F over ['a']; 9 candidates
      same_text      over  9 candidates, one Lean run: 3.7s
      integer_level  over  9 candidates, one Lean run: 19.9s
      BREV8                                                   UNDECIDED none 7.2s
      CLZ                                                     UNDECIDED none 6.8s
      CLZW                                                    UNDECIDED none 5.4s
      CTZ                                                     UNDECIDED none 5.5s
      CTZW                                                    UNDECIDED none 5.7s
      REV8                                                    UNDECIDED none 5.3s
      ZBB_EXTOP      extop_zbb.SEXTB                          UNDECIDED none 4.9s
      ZBB_EXTOP      extop_zbb.SEXTH                          UNDECIDED none 5.1s
      ZBB_EXTOP      extop_zbb.ZEXTH                          UNDECIDED none 5.7s
  addi_gpr_gpr_imm_64__reg_a0__rust__all_constructed F over ['a']; 9 candidates
      same_text      over  9 candidates, one Lean run: 11.5s
      integer_level  over  9 candidates, one Lean run: 120.0s; TIMEOUT
      BREV8                                                   UNDECIDED none 24.2s
      CLZ                                                     UNDECIDED none 28.4s
  addw_gpr_gpr_same_32__reg_a0__rust__all_constructed F over ['a']; 9 candidates
      same_text      over  9 candidates, one Lean run: 13.6s
      integer_level  over  9 candidates, one Lean run: 120.0s; TIMEOUT
      BREV8                                                   UNDECIDED none 19.5s
      CLZ                                                     UNDECIDED none 20.7s
      CLZW                                                    UNDECIDED none 19.1s
      CTZ                                                     UNDECIDED none 19.4s
  and_gpr_gpr_gpr_64__reg_a0__rust__all_constructed F over ['a', 'b']; 52 candidates
      same_text      over 52 candidates, one Lean run: 5.5s
      RTYPE          rop.AND                                  PROVED    same_text
  andi_gpr_gpr_imm_64__reg_a0__rust__all_constructed F over ['a']; 9 candidates
      same_text      over  9 candidates, one Lean run: 4.0s
      integer_level  over  9 candidates, one Lean run: 21.9s
      BREV8                                                   UNDECIDED none 5.2s
      CLZ                                                     UNDECIDED none 4.7s
      CLZW                                                    UNDECIDED none 4.6s
      CTZ                                                     UNDECIDED none 4.9s
      CTZW                                                    UNDECIDED none 4.9s
      REV8                                                    UNDECIDED none 4.8s
      ZBB_EXTOP      extop_zbb.SEXTB                          UNDECIDED none 5.1s
      ZBB_EXTOP      extop_zbb.SEXTH                          UNDECIDED none 4.7s
      ZBB_EXTOP      extop_zbb.ZEXTH                          UNDECIDED none 4.6s
  beq_gpr_gpr_64__branch_condition__rust__all_constructed F over ['a', 'b']; 52 candidates
      same_text      over 52 candidates, one Lean run: 72.9s
