  emitted definitions scanned: 4750
  add_gpr_gpr_same_64__reg_a0__c__all_constructed F over ['a']; 9 candidates
      same_text      over  9 candidates, one Lean run: 2.5s
      integer_level  over  9 candidates, one Lean run: 19.0s
      BREV8                                                   UNDECIDED none 4.4s
      CLZ                                                     UNDECIDED none 4.7s
      CLZW                                                    UNDECIDED none 4.1s
      CTZ                                                     UNDECIDED none 4.2s
      CTZW                                                    UNDECIDED none 4.5s
      REV8                                                    UNDECIDED none 4.7s
      ZBB_EXTOP      extop_zbb.SEXTB                          UNDECIDED none 4.7s
      ZBB_EXTOP      extop_zbb.SEXTH                          UNDECIDED none 4.6s
      ZBB_EXTOP      extop_zbb.ZEXTH                          UNDECIDED none 4.4s
  addw_gpr_gpr_same_32__reg_a0__c__all_constructed F over ['a']; 9 candidates
      same_text      over  9 candidates, one Lean run: 12.7s
      integer_level  over  9 candidates, one Lean run: 120.0s; TIMEOUT
      BREV8                                                   UNDECIDED none 18.8s
      CLZ                                                     UNDECIDED none 19.4s
      CLZW                                                    UNDECIDED none 22.2s
      CTZ                                                     UNDECIDED none 21.4s
  andi_gpr_gpr_imm_64__reg_a0__c__all_constructed F over ['a']; 9 candidates
      same_text      over  9 candidates, one Lean run: 4.0s
      integer_level  over  9 candidates, one Lean run: 26.5s
      BREV8                                                   UNDECIDED none 6.5s
      CLZ                                                     UNDECIDED none 5.8s
      CLZW                                                    UNDECIDED none 6.6s
      CTZ                                                     UNDECIDED none 7.5s
      CTZW                                                    UNDECIDED none 7.3s
      REV8                                                    UNDECIDED none 5.7s
      ZBB_EXTOP      extop_zbb.SEXTB                          UNDECIDED none 5.7s
      ZBB_EXTOP      extop_zbb.SEXTH                          UNDECIDED none 5.9s
      ZBB_EXTOP      extop_zbb.ZEXTH                          UNDECIDED none 7.4s
  beq_gpr_gpr_64__branch_condition__go__all_constructed F over ['a', 'b']; 52 candidates
      same_text      over 52 candidates, one Lean run: 80.9s
      integer_level  over 10 candidates, one Lean run: 120.0s; TIMEOUT
  beq_gpr_gpr_gpr_64__branch_condition__go__all_constructed F over ['a', 'b']; 52 candidates
      same_text      over 52 candidates, one Lean run: 62.5s
      integer_level  over 10 candidates, one Lean run: 120.0s; TIMEOUT
  beq_gpr_gpr_imm_64__branch_condition__go__all_constructed F over ['a', 'b']; 52 candidates
      same_text      over 52 candidates, one Lean run: 61.5s
      integer_level  over 10 candidates, one Lean run: 120.0s; TIMEOUT
  beq_gpr_gpr_same_64__branch_condition__go__all_constructed F over ['a', 'b']; 52 candidates
      same_text      over 52 candidates, one Lean run: 66.4s
      integer_level  over 10 candidates, one Lean run: 120.0s; TIMEOUT
  bge_gpr_gpr_gpr_64__branch_condition__c__all_constructed F over ['a', 'b']; 52 candidates
      same_text      over 52 candidates, one Lean run: 60.8s
      integer_level  over 12 candidates, one Lean run: 30.1s
