  emitted definitions scanned: 4750
  add_gpr_gpr_same_64__reg_a0__c__native_first F over ['a']; 9 candidates
      same_text      over  9 candidates, one Lean run: 1.9s
      evaluation over 9 candidates on 4 samples, one Lean run: 3.7s; 0 survive
  and_gpr_gpr_gpr_64__reg_a0__c__native_first  F over ['a', 'b']; 52 candidates
      same_text      over 52 candidates, one Lean run: 3.3s
      RTYPE          rop.AND                                  PROVED    same_text
  beq_gpr_gpr_64__branch_condition__c__native_first F over ['a', 'b']; 52 candidates
      same_text      over 52 candidates, one Lean run: 4.3s
      evaluation over 52 candidates on 4 samples, one Lean run: 6.6s; 0 survive
  beq_gpr_gpr_imm_64__branch_condition__c__native_first F over ['a', 'b']; 52 candidates
      same_text      over 52 candidates, one Lean run: 3.7s
      evaluation over 52 candidates on 4 samples, one Lean run: 7.0s; 0 survive
  bge_gpr_gpr_64__branch_condition__c__native_first F over ['a', 'b']; 52 candidates
      same_text      over 52 candidates, one Lean run: 4.1s
      evaluation over 52 candidates on 4 samples, one Lean run: 7.4s; 0 survive
  bge_gpr_gpr_imm_64__branch_condition__c__native_first F over ['a', 'b']; 52 candidates
      same_text      over 52 candidates, one Lean run: 4.0s
      evaluation over 52 candidates on 4 samples, one Lean run: 6.9s; 0 survive
  bgeu_gpr_gpr_64__branch_condition__c__native_first F over ['a', 'b']; 52 candidates
      same_text      over 52 candidates, one Lean run: 3.9s
      evaluation over 52 candidates on 4 samples, one Lean run: 6.9s; 0 survive
  bgeu_gpr_gpr_imm_64__branch_condition__c__native_first F over ['a', 'b']; 52 candidates
      same_text      over 52 candidates, one Lean run: 3.9s
      evaluation over 52 candidates on 4 samples, one Lean run: 7.6s; 0 survive
  blt_gpr_gpr_64__branch_condition__c__native_first F over ['a', 'b']; 52 candidates
      same_text      over 52 candidates, one Lean run: 3.0s
      RTYPE          rop.SLT                                  PROVED    same_text
  blt_gpr_gpr_gpr_64__branch_condition__c__native_first F over ['a', 'b']; 52 candidates
      same_text      over 52 candidates, one Lean run: 3.3s
      RTYPE          rop.SLT                                  PROVED    same_text
  blt_gpr_gpr_imm_64__branch_condition__c__native_first F over ['a', 'b']; 52 candidates
      same_text      over 52 candidates, one Lean run: 3.6s
      RTYPE          rop.SLT                                  PROVED    same_text
  blt_gpr_gpr_same_64__branch_condition__c__native_first F over ['a', 'b']; 52 candidates
      same_text      over 52 candidates, one Lean run: 3.2s
      RTYPE          rop.SLT                                  PROVED    same_text
  bltu_gpr_gpr_64__branch_condition__c__native_first F over ['a', 'b']; 52 candidates
      same_text      over 52 candidates, one Lean run: 3.5s
      RTYPE          rop.SLTU                                 PROVED    same_text
  bltu_gpr_gpr_gpr_64__branch_condition__c__native_first F over ['a', 'b']; 52 candidates
      same_text      over 52 candidates, one Lean run: 3.8s
      RTYPE          rop.SLTU                                 PROVED    same_text
  bltu_gpr_gpr_imm_64__branch_condition__c__native_first F over ['a', 'b']; 52 candidates
      same_text      over 52 candidates, one Lean run: 3.5s
      RTYPE          rop.SLTU                                 PROVED    same_text
  bltu_gpr_gpr_same_64__branch_condition__c__native_first F over ['a', 'b']; 52 candidates
      same_text      over 52 candidates, one Lean run: 3.6s
      RTYPE          rop.SLTU                                 PROVED    same_text
  bne_gpr_gpr_64__branch_condition__c__native_first F over ['a', 'b']; 52 candidates
      same_text      over 52 candidates, one Lean run: 4.7s
      evaluation over 52 candidates on 4 samples, one Lean run: 7.1s; 0 survive
  bne_gpr_gpr_imm_64__branch_condition__c__native_first F over ['a', 'b']; 52 candidates
      same_text      over 52 candidates, one Lean run: 4.1s
      evaluation over 52 candidates on 4 samples, one Lean run: 6.0s; 0 survive
  czero_nez_gpr_gpr_same_64__reg_a0__c__native_first F over []; 0 candidates
      same_text      over  0 candidates, one Lean run: 1.6s; TIMEOUT
      evaluation: the emit did not evaluate (1.6s); every candidate goes to the provers; npath/equals_corpus_j_1_1/Eval_czero_nez_gpr_gpr_same_64__reg_a0__c__native_first.lean:233:59: error: unexpected token '=>'; expected '[', '{', '|', '⦃' or term
  divu_gpr_gpr_gpr_64__reg_a0__c__native_first F over ['a', 'b']; 52 candidates
      same_text      over 52 candidates, one Lean run: 3.3s
      evaluation over 52 candidates on 4 samples, one Lean run: 6.3s; 0 survive
  divuw_gpr_gpr_same_32__reg_a0__c__native_first F over ['a']; 9 candidates
      same_text      over  9 candidates, one Lean run: 2.1s
      evaluation over 9 candidates on 4 samples, one Lean run: 3.5s; 0 survive
  flw_fpr_fpr_32__freg_fa0__c__native_first    F over ['a']; 9 candidates
      same_text      over  9 candidates, one Lean run: 2.1s
      evaluation over 9 candidates on 4 samples, one Lean run: 3.8s; 0 survive
  flw_fpr_gpr_32__freg_fa0__c__native_first    F over ['a']; 9 candidates
      same_text      over  9 candidates, one Lean run: 2.4s
      evaluation over 9 candidates on 4 samples, one Lean run: 3.3s; 0 survive
  fmv_w_x_fpr_gpr_32__freg_fa0__c__native_first F over ['a']; 9 candidates
      same_text      over  9 candidates, one Lean run: 2.3s
      evaluation over 9 candidates on 4 samples, one Lean run: 4.0s; 0 survive
  fsw_fpr_fpr_32__mem_MEM_fa1__go__native_first F over ['a', 'b']; 52 candidates
      same_text      over 52 candidates, one Lean run: 6.0s
      evaluation over 52 candidates on 4 samples, one Lean run: 8.0s; 0 survive
  fsw_fpr_fpr_fpr_32__mem_MEM_fa1__go__native_first F over ['a', 'b']; 52 candidates
      same_text      over 52 candidates, one Lean run: 7.0s
      evaluation over 52 candidates on 4 samples, one Lean run: 8.2s; 0 survive
  fsw_fpr_gpr_32__mem_MEM_a1__go__native_first F over ['a', 'b']; 52 candidates
      same_text      over 52 candidates, one Lean run: 5.3s
      evaluation over 52 candidates on 4 samples, one Lean run: 7.7s; 0 survive
  fsw_fpr_mem_32__mem_MEM_0x0_a1___go__native_first F over ['a', 'b']; 52 candidates
      same_text      over 52 candidates, one Lean run: 6.2s
      evaluation over 52 candidates on 4 samples, one Lean run: 7.8s; 0 survive
  jal_gpr_fpr_fpr_64__reg_a0__c__native_first  F over ['a']; 9 candidates
      same_text      over  9 candidates, one Lean run: 2.3s
      evaluation over 9 candidates on 4 samples, one Lean run: 3.7s; 0 survive
  jal_gpr_gpr_gpr_64__reg_a0__c__native_first  F over ['a']; 9 candidates
      same_text      over  9 candidates, one Lean run: 2.4s
      evaluation over 9 candidates on 4 samples, one Lean run: 4.1s; 0 survive
  jal_gpr_gpr_same_64__reg_a0__c__native_first F over ['a']; 9 candidates
      same_text      over  9 candidates, one Lean run: 2.5s
      evaluation over 9 candidates on 4 samples, one Lean run: 4.2s; 0 survive
  jal_gpr_mem_64__reg_a0__c__native_first      F over ['a']; 9 candidates
      same_text      over  9 candidates, one Lean run: 3.0s
      evaluation over 9 candidates on 4 samples, one Lean run: 4.6s; 0 survive
  jalr_gpr_fpr_fpr_64__reg_a0__c__native_first F over ['a']; 9 candidates
      same_text      over  9 candidates, one Lean run: 2.5s
      evaluation over 9 candidates on 4 samples, one Lean run: 5.5s; 0 survive
  jalr_gpr_gpr_gpr_64__reg_a0__c__native_first F over ['a']; 9 candidates
      same_text      over  9 candidates, one Lean run: 2.9s
      evaluation over 9 candidates on 4 samples, one Lean run: 5.0s; 0 survive
  jalr_gpr_gpr_same_64__reg_a0__c__native_first F over ['a']; 9 candidates
      same_text      over  9 candidates, one Lean run: 2.1s
      evaluation over 9 candidates on 4 samples, one Lean run: 3.7s; 0 survive
  jalr_gpr_mem_64__reg_a0__c__native_first     F over ['a']; 9 candidates
      same_text      over  9 candidates, one Lean run: 2.1s
      evaluation over 9 candidates on 4 samples, one Lean run: 3.4s; 0 survive
  lbu_gpr_fpr_fpr_8__reg_a0__go__native_first  F over ['a']; 9 candidates
      same_text      over  9 candidates, one Lean run: 1.7s
      evaluation over 9 candidates on 4 samples, one Lean run: 3.4s; 0 survive
  lbu_gpr_gpr_gpr_8__reg_a0__go__native_first  F over ['a']; 9 candidates
      same_text      over  9 candidates, one Lean run: 1.9s
      evaluation over 9 candidates on 4 samples, one Lean run: 3.1s; 0 survive
  lbu_gpr_gpr_same_8__reg_a0__go__native_first F over ['a']; 9 candidates
      same_text      over  9 candidates, one Lean run: 1.7s
      evaluation over 9 candidates on 4 samples, one Lean run: 3.5s; 0 survive
  lbu_gpr_mem_8__reg_a0__go__native_first      F over ['a']; 9 candidates
      same_text      over  9 candidates, one Lean run: 2.0s
      evaluation over 9 candidates on 4 samples, one Lean run: 3.5s; 0 survive
  lhu_gpr_fpr_fpr_16__reg_a0__go__native_first F over ['a']; 9 candidates
      same_text      over  9 candidates, one Lean run: 2.1s
      evaluation over 9 candidates on 4 samples, one Lean run: 3.8s; 1 survive
      integer_level  over  1 candidates, one Lean run: 3.6s
      ZBB_EXTOP      extop_zbb.ZEXTH                          UNDECIDED none 5.8s
  lhu_gpr_gpr_gpr_16__reg_a0__go__native_first F over ['a']; 9 candidates
      same_text      over  9 candidates, one Lean run: 2.6s
      evaluation over 9 candidates on 4 samples, one Lean run: 5.1s; 1 survive
      integer_level  over  1 candidates, one Lean run: 4.2s
      ZBB_EXTOP      extop_zbb.ZEXTH                          UNDECIDED none 6.3s
  lhu_gpr_gpr_same_16__reg_a0__go__native_first F over ['a']; 9 candidates
      same_text      over  9 candidates, one Lean run: 2.9s
      evaluation over 9 candidates on 4 samples, one Lean run: 4.5s; 1 survive
      integer_level  over  1 candidates, one Lean run: 4.0s
      ZBB_EXTOP      extop_zbb.ZEXTH                          UNDECIDED none 6.0s
  lhu_gpr_mem_16__reg_a0__go__native_first     F over ['a']; 9 candidates
      same_text      over  9 candidates, one Lean run: 3.0s
      evaluation over 9 candidates on 4 samples, one Lean run: 3.9s; 1 survive
      integer_level  over  1 candidates, one Lean run: 3.4s
      ZBB_EXTOP      extop_zbb.ZEXTH                          UNDECIDED none 5.7s
  lwu_gpr_fpr_32__reg_a0__go__native_first     F over ['a']; 9 candidates
      same_text      over  9 candidates, one Lean run: 2.0s
      evaluation over 9 candidates on 4 samples, one Lean run: 3.3s; 0 survive
  lwu_gpr_fpr_fpr_32__reg_a0__go__native_first F over ['a']; 9 candidates
      same_text      over  9 candidates, one Lean run: 1.8s
      evaluation over 9 candidates on 4 samples, one Lean run: 3.5s; 0 survive
  lwu_gpr_gpr_32__reg_a0__go__native_first     F over ['a']; 9 candidates
      same_text      over  9 candidates, one Lean run: 2.2s
      evaluation over 9 candidates on 4 samples, one Lean run: 3.3s; 0 survive
  lwu_gpr_gpr_gpr_32__reg_a0__go__native_first F over ['a']; 9 candidates
      same_text      over  9 candidates, one Lean run: 1.7s
      evaluation over 9 candidates on 4 samples, one Lean run: 3.5s; 0 survive
  lwu_gpr_gpr_imm_32__reg_a0__go__native_first F over ['a']; 9 candidates
      same_text      over  9 candidates, one Lean run: 2.3s
      evaluation over 9 candidates on 4 samples, one Lean run: 3.9s; 0 survive
  lwu_gpr_gpr_same_32__reg_a0__go__native_first F over ['a']; 9 candidates
      same_text      over  9 candidates, one Lean run: 1.8s
      evaluation over 9 candidates on 4 samples, one Lean run: 3.7s; 0 survive
  lwu_gpr_imm_32__reg_a0__go__native_first     F over ['a']; 9 candidates
      same_text      over  9 candidates, one Lean run: 2.3s
      evaluation over 9 candidates on 4 samples, one Lean run: 3.6s; 0 survive
  lwu_gpr_mem_32__reg_a0__go__native_first     F over ['a']; 9 candidates
      same_text      over  9 candidates, one Lean run: 2.3s
      evaluation over 9 candidates on 4 samples, one Lean run: 4.0s; 0 survive
  mul_gpr_gpr_gpr_64__reg_a0__go__native_first F over ['a', 'b']; 52 candidates
      same_text      over 52 candidates, one Lean run: 5.0s
      MUL            { result_part := VectorHalf.Low, signed_ PROVED    same_text
  mul_gpr_gpr_same_64__reg_a0__go__native_first F over ['a']; 9 candidates
      same_text      over  9 candidates, one Lean run: 2.1s
      evaluation over 9 candidates on 4 samples, one Lean run: 4.2s; 0 survive
  mulhu_gpr_gpr_same_64__reg_a0__c__native_first F over ['a']; 9 candidates
      same_text      over  9 candidates, one Lean run: 2.3s
      evaluation over 9 candidates on 4 samples, one Lean run: 3.6s; 0 survive
  ori_gpr_gpr_imm_64__reg_a0__c__native_first  F over ['a']; 9 candidates
      same_text      over  9 candidates, one Lean run: 2.5s
      evaluation over 9 candidates on 4 samples, one Lean run: 5.2s; 0 survive
  rem_gpr_gpr_same_64__reg_a0__c__native_first F over []; 0 candidates
      same_text      over  0 candidates, one Lean run: 1.8s; TIMEOUT
      evaluation: the emit did not evaluate (2.2s); every candidate goes to the provers; cv/leanpath/equals_corpus_j_1_1/Eval_rem_gpr_gpr_same_64__reg_a0__c__native_first.lean:233:59: error: unexpected token '=>'; expected '[', '{', '|', '⦃' or term
  remu_gpr_gpr_same_64__reg_a0__c__native_first F over []; 0 candidates
      same_text      over  0 candidates, one Lean run: 1.7s; TIMEOUT
      evaluation: the emit did not evaluate (1.8s); every candidate goes to the provers; v/leanpath/equals_corpus_j_1_1/Eval_remu_gpr_gpr_same_64__reg_a0__c__native_first.lean:233:59: error: unexpected token '=>'; expected '[', '{', '|', '⦃' or term
  remw_gpr_gpr_same_32__reg_a0__c__native_first F over []; 0 candidates
      same_text      over  0 candidates, one Lean run: 1.9s; TIMEOUT
      evaluation: the emit did not evaluate (1.6s); every candidate goes to the provers; v/leanpath/equals_corpus_j_1_1/Eval_remw_gpr_gpr_same_32__reg_a0__c__native_first.lean:233:59: error: unexpected token '=>'; expected '[', '{', '|', '⦃' or term
  sb_gpr_fpr_8__mem_MEM_fa1__go__native_first  F over ['a', 'b']; 52 candidates
      same_text      over 52 candidates, one Lean run: 4.0s
      evaluation over 52 candidates on 4 samples, one Lean run: 6.4s; 0 survive
  sb_gpr_fpr_fpr_8__mem_MEM_fa1__go__native_first F over ['a', 'b']; 52 candidates
      same_text      over 52 candidates, one Lean run: 4.0s
      evaluation over 52 candidates on 4 samples, one Lean run: 6.8s; 0 survive
  sb_gpr_gpr_8__mem_MEM_a1__go__native_first   F over ['a', 'b']; 52 candidates
      same_text      over 52 candidates, one Lean run: 5.1s
      evaluation over 52 candidates on 4 samples, one Lean run: 7.5s; 0 survive
  sb_gpr_gpr_gpr_8__mem_MEM_a1__go__native_first F over ['a', 'b']; 52 candidates
      same_text      over 52 candidates, one Lean run: 5.3s
      evaluation over 52 candidates on 4 samples, one Lean run: 8.1s; 0 survive
  sb_gpr_gpr_imm_8__mem_MEM_a1__go__native_first F over ['a', 'b']; 52 candidates
      same_text      over 52 candidates, one Lean run: 5.1s
      evaluation over 52 candidates on 4 samples, one Lean run: 7.6s; 0 survive
  sb_gpr_gpr_same_8__mem_MEM_a1__go__native_first F over ['a', 'b']; 52 candidates
      same_text      over 52 candidates, one Lean run: 5.2s
      evaluation over 52 candidates on 4 samples, one Lean run: 8.3s; 0 survive
  sb_gpr_imm_8__mem_MEM_0x3__go__native_first  F over ['a', 'b']; 52 candidates
      same_text      over 52 candidates, one Lean run: 5.0s
      evaluation over 52 candidates on 4 samples, one Lean run: 7.2s; 0 survive
  sb_gpr_mem_8__mem_MEM_0x0_a1___go__native_first F over ['a', 'b']; 52 candidates
      same_text      over 52 candidates, one Lean run: 4.0s
      evaluation over 52 candidates on 4 samples, one Lean run: 6.5s; 0 survive
  sll_gpr_gpr_gpr_64__reg_a0__go__native_first F over ['a', 'b']; 52 candidates
      same_text      over 52 candidates, one Lean run: 4.5s
      evaluation over 52 candidates on 4 samples, one Lean run: 6.7s; 1 survive
      integer_level  over  1 candidates, one Lean run: 3.3s
      RTYPE          rop.SLL                                  UNDECIDED none 5.2s
  slli_gpr_gpr_imm_64__reg_a0__c__native_first F over ['a']; 9 candidates
      same_text      over  9 candidates, one Lean run: 1.9s
      evaluation over 9 candidates on 4 samples, one Lean run: 3.2s; 0 survive
  slt_gpr_gpr_gpr_64__reg_a0__go__native_first F over ['a', 'b']; 52 candidates
      same_text      over 52 candidates, one Lean run: 3.7s
      RTYPE          rop.SLT                                  PROVED    same_text
  slti_gpr_gpr_imm_64__reg_a0__c__native_first F over ['a']; 9 candidates
      same_text      over  9 candidates, one Lean run: 1.8s
      evaluation over 9 candidates on 4 samples, one Lean run: 3.4s; 0 survive
  sltiu_gpr_gpr_imm_64__reg_a0__go__native_first F over ['a']; 9 candidates
      same_text      over  9 candidates, one Lean run: 2.8s
      evaluation over 9 candidates on 4 samples, one Lean run: 3.9s; 0 survive
  sltu_gpr_gpr_gpr_64__reg_a0__go__native_first F over ['a', 'b']; 52 candidates
      same_text      over 52 candidates, one Lean run: 3.3s
      RTYPE          rop.SLTU                                 PROVED    same_text
  sra_gpr_gpr_gpr_64__reg_a0__c__native_first  F over ['a', 'b']; 52 candidates
      same_text      over 52 candidates, one Lean run: 3.4s
      RTYPE          rop.SRA                                  PROVED    same_text
  sra_gpr_gpr_same_64__reg_a0__c__native_first F over ['a']; 9 candidates
      same_text      over  9 candidates, one Lean run: 2.1s
      evaluation over 9 candidates on 4 samples, one Lean run: 3.6s; 0 survive
  srl_gpr_gpr_gpr_64__reg_a0__c__native_first  F over ['a', 'b']; 52 candidates
      same_text      over 52 candidates, one Lean run: 3.7s
      RTYPE          rop.SRL                                  PROVED    same_text
  srl_gpr_gpr_same_64__reg_a0__c__native_first F over ['a']; 9 candidates
      same_text      over  9 candidates, one Lean run: 1.8s
      evaluation over 9 candidates on 4 samples, one Lean run: 3.0s; 0 survive
  srliw_gpr_gpr_imm_32__reg_a0__c__native_first F over ['a']; 9 candidates
      same_text      over  9 candidates, one Lean run: 2.2s
      evaluation over 9 candidates on 4 samples, one Lean run: 2.9s; 0 survive
  sub_gpr_gpr_same_64__reg_a0__c__native_first F over []; 0 candidates
      same_text      over  0 candidates, one Lean run: 1.4s; TIMEOUT
      evaluation: the emit did not evaluate (1.6s); every candidate goes to the provers; cv/leanpath/equals_corpus_j_1_1/Eval_sub_gpr_gpr_same_64__reg_a0__c__native_first.lean:233:59: error: unexpected token '=>'; expected '[', '{', '|', '⦃' or term
  sw_gpr_fpr_32__mem_MEM_fa1__c__native_first  F over ['a', 'b']; 52 candidates
      same_text      over 52 candidates, one Lean run: 4.3s
      evaluation over 52 candidates on 4 samples, one Lean run: 6.8s; 0 survive
  sw_gpr_fpr_fpr_32__mem_MEM_fa1__c__native_first F over ['a', 'b']; 52 candidates
      same_text      over 52 candidates, one Lean run: 4.1s
      evaluation over 52 candidates on 4 samples, one Lean run: 6.4s; 0 survive
  sw_gpr_gpr_32__mem_MEM_a1__c__native_first   F over ['a', 'b']; 52 candidates
      same_text      over 52 candidates, one Lean run: 4.5s
      evaluation over 52 candidates on 4 samples, one Lean run: 6.8s; 0 survive
  sw_gpr_gpr_gpr_32__mem_MEM_a1__c__native_first F over ['a', 'b']; 52 candidates
      same_text      over 52 candidates, one Lean run: 4.3s
      evaluation over 52 candidates on 4 samples, one Lean run: 7.5s; 0 survive
  sw_gpr_gpr_imm_32__mem_MEM_a1__c__native_first F over ['a', 'b']; 52 candidates
      same_text      over 52 candidates, one Lean run: 4.6s
      evaluation over 52 candidates on 4 samples, one Lean run: 6.4s; 0 survive
  sw_gpr_gpr_same_32__mem_MEM_a1__c__native_first F over ['a', 'b']; 52 candidates
      same_text      over 52 candidates, one Lean run: 4.7s
      evaluation over 52 candidates on 4 samples, one Lean run: 6.7s; 0 survive
  sw_gpr_imm_32__mem_MEM_0x3__c__native_first  F over ['a', 'b']; 52 candidates
      same_text      over 52 candidates, one Lean run: 4.2s
      evaluation over 52 candidates on 4 samples, one Lean run: 7.1s; 0 survive
  sw_gpr_mem_32__mem_MEM_0x0_a1___c__native_first F over ['a', 'b']; 52 candidates
      same_text      over 52 candidates, one Lean run: 4.3s
      evaluation over 52 candidates on 4 samples, one Lean run: 7.0s; 0 survive
  xor_gpr_gpr_gpr_64__reg_a0__c__native_first  F over ['a', 'b']; 52 candidates
      same_text      over 52 candidates, one Lean run: 3.2s
      RTYPE          rop.XOR                                  PROVED    same_text
  xori_gpr_gpr_imm_64__reg_a0__c__native_first F over ['a']; 9 candidates
      same_text      over  9 candidates, one Lean run: 1.7s
      evaluation over 9 candidates on 4 samples, one Lean run: 4.0s; 0 survive
  equals: 89 units, 15 with a proved definition
