  emitted definitions scanned: 4750
  add_gpr_gpr_gpr_64__reg_a0__c__native_first  F over ['a', 'b']; 52 candidates
      same_text      over 52 candidates, one Lean run: 4.6s
      RTYPE          rop.ADD                                  PROVED    same_text
  addi_gpr_gpr_imm_64__reg_a0__c__native_first F over ['a']; 9 candidates
      same_text      over  9 candidates, one Lean run: 2.6s
      integer_level  over  9 candidates, one Lean run: 26.0s
      BREV8                                                   UNDECIDED none 5.9s
      CLZ                                                     UNDECIDED none 5.8s
      CLZW                                                    UNDECIDED none 5.6s
      CTZ                                                     UNDECIDED none 5.8s
      CTZW                                                    UNDECIDED none 5.6s
      REV8                                                    UNDECIDED none 6.2s
      ZBB_EXTOP      extop_zbb.SEXTB                          UNDECIDED none 7.1s
      ZBB_EXTOP      extop_zbb.SEXTH                          UNDECIDED none 5.9s
      ZBB_EXTOP      extop_zbb.ZEXTH                          UNDECIDED none 5.2s
  andi_gpr_gpr_imm_64__reg_a0__c__native_first F over ['a']; 9 candidates
      same_text      over  9 candidates, one Lean run: 4.1s
      integer_level  over  9 candidates, one Lean run: 25.5s
      BREV8                                                   UNDECIDED none 5.4s
      CLZ                                                     UNDECIDED none 6.1s
      CLZW                                                    UNDECIDED none 5.6s
      CTZ                                                     UNDECIDED none 5.6s
      CTZW                                                    UNDECIDED none 5.9s
      REV8                                                    UNDECIDED none 7.1s
      ZBB_EXTOP      extop_zbb.SEXTB                          UNDECIDED none 6.7s
      ZBB_EXTOP      extop_zbb.SEXTH                          UNDECIDED none 5.2s
      ZBB_EXTOP      extop_zbb.ZEXTH                          UNDECIDED none 7.1s
  beq_gpr_gpr_gpr_64__branch_condition__c__native_first F over ['a', 'b']; 52 candidates
      same_text      over 52 candidates, one Lean run: 7.8s
      integer_level  over 10 candidates, one Lean run: 47.9s
      integer_level  over 42 candidates, one Lean run: 114.3s
  beq_gpr_gpr_same_64__branch_condition__c__native_first F over ['a', 'b']; 52 candidates
      same_text      over 52 candidates, one Lean run: 7.7s
