  emitted definitions scanned: 4750; lean-sail definitions indexed: 137
  add_gpr_gpr_gpr_64__reg_a0__c__all_constructed F over ['a', 'b']; 52 candidates
      evaluation over 52 candidates on 4 samples, one Lean run: 10.2s; 2 survive
      same_text      over  2 candidates, one Lean run: 3.1s
      integer_level  over  1 candidates, one Lean run: 120.0s; TIMEOUT
      RTYPE          rop.ADD                                  PROVED    fixed_width 124.4s
  lhu_gpr_mem_16__reg_a0__go__all_constructed  F over ['a']; 9 candidates
      evaluation over 9 candidates on 4 samples, one Lean run: 2.6s; 1 survive
      same_text      over  1 candidates, one Lean run: 1.3s
      integer_level  over  1 candidates, one Lean run: 2.5s
      ZBB_EXTOP      extop_zbb.ZEXTH                          PROVED    fixed_width 5.0s
  lhu_gpr_gpr_16__reg_a0__go__all_constructed  F over ['a']; 9 candidates
      evaluation over 9 candidates on 4 samples, one Lean run: 2.7s; 1 survive
      same_text      over  1 candidates, one Lean run: 1.3s
      integer_level  over  1 candidates, one Lean run: 2.5s
      ZBB_EXTOP      extop_zbb.ZEXTH                          PROVED    fixed_width 5.1s
  srlw_gpr_gpr_gpr_32__reg_a0__c__all_constructed F over ['a', 'b']; 52 candidates
      evaluation over 52 candidates on 4 samples, one Lean run: 8.0s; 1 survive
      same_text      over  1 candidates, one Lean run: 2.4s
      integer_level  over  1 candidates, one Lean run: 95.8s
      RTYPEW         ropw.SRLW                                PROVED    fixed_width 100.5s
  lhu_gpr_imm_16__reg_a0__go__native_first     F over ['a']; 9 candidates
      evaluation over 9 candidates on 4 samples, one Lean run: 2.6s; 1 survive
      same_text      over  1 candidates, one Lean run: 1.3s
      integer_level  over  1 candidates, one Lean run: 2.4s
      ZBB_EXTOP      extop_zbb.ZEXTH                          PROVED    fixed_width 4.9s
  lhu_gpr_gpr_gpr_16__reg_a0__go__native_first F over ['a']; 9 candidates
      evaluation over 9 candidates on 4 samples, one Lean run: 2.6s; 1 survive
      same_text      over  1 candidates, one Lean run: 1.3s
      integer_level  over  1 candidates, one Lean run: 2.4s
      ZBB_EXTOP      extop_zbb.ZEXTH                          PROVED    fixed_width 4.9s
  add_gpr_gpr_gpr_64__reg_a0__cpp__all_constructed F over ['a', 'b']; 52 candidates
      evaluation over 52 candidates on 4 samples, one Lean run: 9.9s; 2 survive
      same_text      over  2 candidates, one Lean run: 3.1s
      integer_level  over  1 candidates, one Lean run: 120.0s; TIMEOUT
      RTYPE          rop.ADD                                  PROVED    fixed_width 124.5s
  bltu_gpr_gpr_imm_64__branch_condition__rust__all_constructed F over ['a', 'b']; 52 candidates
      evaluation over 52 candidates on 4 samples, one Lean run: 13.2s; 1 survive
      same_text      over  1 candidates, one Lean run: 2.4s
      integer_level  over  1 candidates, one Lean run: 6.1s
      RTYPE          rop.SLTU                                 UNDECIDED none 11.9s
  sltu_gpr_gpr_gpr_64__reg_a0__rust__all_constructed F over ['a', 'b']; 52 candidates
      evaluation over 52 candidates on 4 samples, one Lean run: 13.1s; 1 survive
      same_text      over  1 candidates, one Lean run: 2.3s
      integer_level  over  1 candidates, one Lean run: 6.0s
      RTYPE          rop.SLTU                                 UNDECIDED none 11.5s
  blt_gpr_gpr_gpr_64__branch_condition__rust__all_constructed F over ['a', 'b']; 52 candidates
      evaluation over 52 candidates on 4 samples, one Lean run: 38.0s; 1 survive
      same_text      over  1 candidates, one Lean run: 2.7s
      integer_level  over  1 candidates, one Lean run: 4.1s
      RTYPE          rop.SLT                                  UNDECIDED none 16.2s
  sll_gpr_gpr_gpr_64__reg_a0__rust__all_constructed F over ['a', 'b']; 52 candidates
      evaluation over 52 candidates on 4 samples, one Lean run: 4.8s; 1 survive
      same_text      over  1 candidates, one Lean run: 1.8s
      integer_level  over  1 candidates, one Lean run: 12.9s
      RTYPE          rop.SLL                                  PROVED    fixed_width 16.1s
  equals: 11 units, 8 with a proved definition
