  emitted definitions scanned: 4750
  add_gpr_gpr_gpr_64__reg_a0__c__all_constructed F over ['a', 'b']; 52 candidates
      same_text      over 52 candidates, one Lean run: 58.4s
      integer_level  over 10 candidates, one Lean run: 120.0s; TIMEOUT
  addi_gpr_gpr_imm_64__reg_a0__c__all_constructed F over ['a']; 9 candidates
      same_text      over  9 candidates, one Lean run: 10.3s
      integer_level  over  9 candidates, one Lean run: 120.0s; TIMEOUT
      BREV8                                                   UNDECIDED none 22.3s
      CLZ                                                     UNDECIDED none 23.0s
      CLZW                                                    UNDECIDED none 22.5s
  and_gpr_gpr_gpr_64__reg_a0__c__all_constructed F over ['a', 'b']; 52 candidates
      same_text      over 52 candidates, one Lean run: 4.4s
      RTYPE          rop.AND                                  PROVED    same_text
  beq_gpr_gpr_64__branch_condition__c__all_constructed F over ['a', 'b']; 52 candidates
      same_text      over 52 candidates, one Lean run: 72.6s
      integer_level  over 12 candidates, one Lean run: 120.0s; TIMEOUT
  beq_gpr_gpr_gpr_64__branch_condition__c__all_constructed F over ['a', 'b']; 52 candidates
      same_text      over 52 candidates, one Lean run: 74.6s
      integer_level  over 12 candidates, one Lean run: 120.0s; TIMEOUT
  beq_gpr_gpr_imm_64__branch_condition__c__all_constructed F over ['a', 'b']; 52 candidates
      same_text      over 52 candidates, one Lean run: 78.7s
      integer_level  over 12 candidates, one Lean run: 120.0s; TIMEOUT
  beq_gpr_gpr_same_64__branch_condition__c__all_constructed F over ['a', 'b']; 52 candidates
      same_text      over 52 candidates, one Lean run: 81.2s
