  emitted definitions scanned: 4750
  add_gpr_gpr_same_64__reg_a0__c__all_constructed F over ['a']; 9 candidates
      same_text      over  9 candidates, one Lean run: 2.2s
      evaluation over 9 candidates on 4 samples, one Lean run: 3.3s; 0 survive
  addw_gpr_gpr_same_32__reg_a0__c__all_constructed F over ['a']; 9 candidates
      same_text      over  9 candidates, one Lean run: 9.1s
      evaluation over 9 candidates on 4 samples, one Lean run: 5.8s; 0 survive
  andi_gpr_gpr_imm_64__reg_a0__c__all_constructed F over ['a']; 9 candidates
      same_text      over  9 candidates, one Lean run: 2.1s
      evaluation over 9 candidates on 4 samples, one Lean run: 3.4s; 0 survive
  beq_gpr_gpr_64__branch_condition__go__all_constructed F over ['a', 'b']; 52 candidates
      same_text      over 52 candidates, one Lean run: 62.6s
      evaluation over 52 candidates on 4 samples, one Lean run: 8.4s; 0 survive
  beq_gpr_gpr_gpr_64__branch_condition__go__all_constructed F over ['a', 'b']; 52 candidates
      same_text      over 52 candidates, one Lean run: 62.7s
      evaluation over 52 candidates on 4 samples, one Lean run: 8.5s; 0 survive
  beq_gpr_gpr_imm_64__branch_condition__go__all_constructed F over ['a', 'b']; 52 candidates
      same_text      over 52 candidates, one Lean run: 67.5s
      evaluation over 52 candidates on 4 samples, one Lean run: 10.1s; 0 survive
  beq_gpr_gpr_same_64__branch_condition__go__all_constructed F over ['a', 'b']; 52 candidates
      same_text      over 52 candidates, one Lean run: 65.9s
      evaluation over 52 candidates on 4 samples, one Lean run: 9.5s; 0 survive
  bge_gpr_gpr_gpr_64__branch_condition__c__all_constructed F over ['a', 'b']; 52 candidates
      same_text      over 52 candidates, one Lean run: 52.2s
      evaluation over 52 candidates on 4 samples, one Lean run: 25.3s; 0 survive
  bge_gpr_gpr_same_64__branch_condition__c__all_constructed F over ['a', 'b']; 52 candidates
      same_text      over 52 candidates, one Lean run: 54.1s
      evaluation over 52 candidates on 4 samples, one Lean run: 26.7s; 0 survive
  bgeu_gpr_gpr_64__branch_condition__go__all_constructed F over ['a', 'b']; 52 candidates
      same_text      over 52 candidates, one Lean run: 42.9s
      evaluation over 52 candidates on 4 samples, one Lean run: 14.5s; 0 survive
  bgeu_gpr_gpr_gpr_64__branch_condition__go__all_constructed F over ['a', 'b']; 52 candidates
      same_text      over 52 candidates, one Lean run: 39.6s
      evaluation over 52 candidates on 4 samples, one Lean run: 14.7s; 0 survive
  bgeu_gpr_gpr_imm_64__branch_condition__go__all_constructed F over ['a', 'b']; 52 candidates
      same_text      over 52 candidates, one Lean run: 41.5s
      evaluation over 52 candidates on 4 samples, one Lean run: 14.7s; 0 survive
  bgeu_gpr_gpr_same_64__branch_condition__go__all_constructed F over ['a', 'b']; 52 candidates
      same_text      over 52 candidates, one Lean run: 40.2s
      evaluation over 52 candidates on 4 samples, one Lean run: 12.3s; 0 survive
  bne_gpr_gpr_gpr_64__branch_condition__c__all_constructed F over ['a', 'b']; 52 candidates
      same_text      over 52 candidates, one Lean run: 52.8s
      evaluation over 52 candidates on 4 samples, one Lean run: 7.1s; 0 survive
  bne_gpr_gpr_same_64__branch_condition__c__all_constructed F over ['a', 'b']; 52 candidates
      same_text      over 52 candidates, one Lean run: 50.8s
      evaluation over 52 candidates on 4 samples, one Lean run: 7.0s; 0 survive
  flw_fpr_fpr_fpr_32__freg_fa0__c__all_constructed F over ['a']; 9 candidates
      same_text      over  9 candidates, one Lean run: 1.8s
      evaluation over 9 candidates on 4 samples, one Lean run: 3.2s; 0 survive
  flw_fpr_mem_32__freg_fa0__c__all_constructed F over ['a']; 9 candidates
      same_text      over  9 candidates, one Lean run: 1.9s
      evaluation over 9 candidates on 4 samples, one Lean run: 3.0s; 0 survive
  fmv_x_w_gpr_fpr_32__reg_a0__c__all_constructed F over ['a']; 9 candidates
      same_text      over  9 candidates, one Lean run: 5.4s
      evaluation over 9 candidates on 4 samples, one Lean run: 4.0s; 0 survive
  fsw_fpr_fpr_32__mem_MEM_fa1__c__all_constructed F over ['a', 'b']; 52 candidates
      same_text      over 52 candidates, one Lean run: 3.3s
      evaluation over 52 candidates on 4 samples, one Lean run: 5.4s; 0 survive
  fsw_fpr_fpr_fpr_32__mem_MEM_fa1__c__all_constructed F over ['a', 'b']; 52 candidates
      same_text      over 52 candidates, one Lean run: 3.4s
      evaluation over 52 candidates on 4 samples, one Lean run: 5.5s; 0 survive
  fsw_fpr_gpr_32__mem_MEM_a1__c__all_constructed F over ['a', 'b']; 52 candidates
      same_text      over 52 candidates, one Lean run: 3.5s
      evaluation over 52 candidates on 4 samples, one Lean run: 5.4s; 0 survive
  fsw_fpr_mem_32__mem_MEM_0x0_a1___c__all_constructed F over ['a', 'b']; 52 candidates
      same_text      over 52 candidates, one Lean run: 3.3s
      evaluation over 52 candidates on 4 samples, one Lean run: 5.3s; 0 survive
  jal_gpr_fpr_64__reg_a0__c__all_constructed   F over ['a']; 9 candidates
      same_text      over  9 candidates, one Lean run: 6.7s
      evaluation over 9 candidates on 4 samples, one Lean run: 8.4s; 0 survive
  jal_gpr_gpr_64__reg_a0__c__all_constructed   F over ['a']; 9 candidates
      same_text      over  9 candidates, one Lean run: 6.5s
      evaluation over 9 candidates on 4 samples, one Lean run: 8.4s; 0 survive
  jal_gpr_gpr_imm_64__reg_a0__c__all_constructed F over ['a']; 9 candidates
      same_text      over  9 candidates, one Lean run: 6.2s
      evaluation over 9 candidates on 4 samples, one Lean run: 8.5s; 0 survive
  jal_gpr_imm_64__reg_a0__c__all_constructed   F over ['a']; 9 candidates
      same_text      over  9 candidates, one Lean run: 6.3s
      evaluation over 9 candidates on 4 samples, one Lean run: 8.3s; 0 survive
  jalr_gpr_fpr_64__reg_a0__c__all_constructed  F over ['a']; 9 candidates
      same_text      over  9 candidates, one Lean run: 6.3s
      evaluation over 9 candidates on 4 samples, one Lean run: 8.3s; 0 survive
  jalr_gpr_gpr_64__reg_a0__c__all_constructed  F over ['a']; 9 candidates
      same_text      over  9 candidates, one Lean run: 6.2s
      evaluation over 9 candidates on 4 samples, one Lean run: 8.2s; 0 survive
  jalr_gpr_gpr_imm_64__reg_a0__c__all_constructed F over ['a']; 9 candidates
      same_text      over  9 candidates, one Lean run: 6.0s
      evaluation over 9 candidates on 4 samples, one Lean run: 8.2s; 0 survive
  jalr_gpr_imm_64__reg_a0__c__all_constructed  F over ['a']; 9 candidates
      same_text      over  9 candidates, one Lean run: 6.3s
      evaluation over 9 candidates on 4 samples, one Lean run: 8.4s; 0 survive
  lb_gpr_fpr_8__reg_a0__c__all_constructed     F over ['a']; 9 candidates
      same_text      over  9 candidates, one Lean run: 4.4s
      evaluation over 9 candidates on 4 samples, one Lean run: 3.3s; 0 survive
  lb_gpr_gpr_8__reg_a0__c__all_constructed     F over ['a']; 9 candidates
      same_text      over  9 candidates, one Lean run: 4.5s
      evaluation over 9 candidates on 4 samples, one Lean run: 3.3s; 0 survive
  lb_gpr_gpr_imm_8__reg_a0__c__all_constructed F over ['a']; 9 candidates
      same_text      over  9 candidates, one Lean run: 4.6s
      evaluation over 9 candidates on 4 samples, one Lean run: 3.3s; 0 survive
  lb_gpr_imm_8__reg_a0__c__all_constructed     F over ['a']; 9 candidates
      same_text      over  9 candidates, one Lean run: 4.3s
      evaluation over 9 candidates on 4 samples, one Lean run: 3.3s; 0 survive
  lbu_gpr_fpr_8__reg_a0__go__all_constructed   F over ['a']; 9 candidates
      same_text      over  9 candidates, one Lean run: 1.4s
      evaluation over 9 candidates on 4 samples, one Lean run: 2.6s; 0 survive
  lbu_gpr_gpr_8__reg_a0__go__all_constructed   F over ['a']; 9 candidates
      same_text      over  9 candidates, one Lean run: 1.5s
      evaluation over 9 candidates on 4 samples, one Lean run: 2.6s; 0 survive
  lbu_gpr_gpr_imm_8__reg_a0__go__all_constructed F over ['a']; 9 candidates
      same_text      over  9 candidates, one Lean run: 1.4s
      evaluation over 9 candidates on 4 samples, one Lean run: 2.6s; 0 survive
  lbu_gpr_imm_8__reg_a0__go__all_constructed   F over ['a']; 9 candidates
      same_text      over  9 candidates, one Lean run: 1.5s
      evaluation over 9 candidates on 4 samples, one Lean run: 2.6s; 0 survive
  lh_gpr_fpr_16__reg_a0__c__all_constructed    F over ['a']; 9 candidates
      same_text      over  9 candidates, one Lean run: 3.6s
      evaluation over 9 candidates on 4 samples, one Lean run: 3.1s; 0 survive
  lh_gpr_gpr_16__reg_a0__c__all_constructed    F over ['a']; 9 candidates
      same_text      over  9 candidates, one Lean run: 3.5s
      evaluation over 9 candidates on 4 samples, one Lean run: 3.2s; 0 survive
  lh_gpr_gpr_imm_16__reg_a0__c__all_constructed F over ['a']; 9 candidates
      same_text      over  9 candidates, one Lean run: 3.5s
      evaluation over 9 candidates on 4 samples, one Lean run: 3.1s; 0 survive
  lh_gpr_imm_16__reg_a0__c__all_constructed    F over ['a']; 9 candidates
      same_text      over  9 candidates, one Lean run: 3.4s
      evaluation over 9 candidates on 4 samples, one Lean run: 3.1s; 0 survive
  lhu_gpr_fpr_16__reg_a0__go__all_constructed  F over ['a']; 9 candidates
      same_text      over  9 candidates, one Lean run: 1.4s
      evaluation over 9 candidates on 4 samples, one Lean run: 2.6s; 1 survive
      integer_level  over  1 candidates, one Lean run: 2.3s
      ZBB_EXTOP      extop_zbb.ZEXTH                          UNDECIDED none 3.8s
  lhu_gpr_gpr_16__reg_a0__go__all_constructed  F over ['a']; 9 candidates
      same_text      over  9 candidates, one Lean run: 1.5s
      evaluation over 9 candidates on 4 samples, one Lean run: 2.6s; 1 survive
      integer_level  over  1 candidates, one Lean run: 2.4s
      ZBB_EXTOP      extop_zbb.ZEXTH                          UNDECIDED none 3.8s
  lhu_gpr_gpr_imm_16__reg_a0__go__all_constructed F over ['a']; 9 candidates
      same_text      over  9 candidates, one Lean run: 1.6s
      evaluation over 9 candidates on 4 samples, one Lean run: 2.7s; 1 survive
      integer_level  over  1 candidates, one Lean run: 2.3s
      ZBB_EXTOP      extop_zbb.ZEXTH                          UNDECIDED none 3.8s
  lhu_gpr_imm_16__reg_a0__go__all_constructed  F over ['a']; 9 candidates
      same_text      over  9 candidates, one Lean run: 1.4s
      evaluation over 9 candidates on 4 samples, one Lean run: 2.6s; 1 survive
      integer_level  over  1 candidates, one Lean run: 2.4s
      ZBB_EXTOP      extop_zbb.ZEXTH                          UNDECIDED none 3.9s
  lw_gpr_fpr_32__reg_a0__c__all_constructed    F over ['a']; 9 candidates
      same_text      over  9 candidates, one Lean run: 5.2s
      evaluation over 9 candidates on 4 samples, one Lean run: 3.5s; 0 survive
  lw_gpr_gpr_32__reg_a0__c__all_constructed    F over ['a']; 9 candidates
      same_text      over  9 candidates, one Lean run: 5.0s
      evaluation over 9 candidates on 4 samples, one Lean run: 3.5s; 0 survive
  lw_gpr_gpr_imm_32__reg_a0__c__all_constructed F over ['a']; 9 candidates
      same_text      over  9 candidates, one Lean run: 5.2s
      evaluation over 9 candidates on 4 samples, one Lean run: 3.6s; 0 survive
  lw_gpr_imm_32__reg_a0__c__all_constructed    F over ['a']; 9 candidates
      same_text      over  9 candidates, one Lean run: 5.3s
      evaluation over 9 candidates on 4 samples, one Lean run: 3.5s; 0 survive
  lwu_gpr_fpr_32__reg_a0__c__all_constructed   F over ['a']; 9 candidates
      same_text      over  9 candidates, one Lean run: 1.4s
      evaluation over 9 candidates on 4 samples, one Lean run: 2.6s; 0 survive
  lwu_gpr_fpr_fpr_32__reg_a0__c__all_constructed F over ['a']; 9 candidates
      same_text      over  9 candidates, one Lean run: 1.3s
      evaluation over 9 candidates on 4 samples, one Lean run: 2.6s; 0 survive
  lwu_gpr_gpr_32__reg_a0__c__all_constructed   F over ['a']; 9 candidates
      same_text      over  9 candidates, one Lean run: 1.3s
      evaluation over 9 candidates on 4 samples, one Lean run: 2.6s; 0 survive
  lwu_gpr_gpr_gpr_32__reg_a0__c__all_constructed F over ['a']; 9 candidates
      same_text      over  9 candidates, one Lean run: 1.3s
      evaluation over 9 candidates on 4 samples, one Lean run: 2.6s; 0 survive
  lwu_gpr_gpr_imm_32__reg_a0__c__all_constructed F over ['a']; 9 candidates
      same_text      over  9 candidates, one Lean run: 1.3s
      evaluation over 9 candidates on 4 samples, one Lean run: 2.6s; 0 survive
  lwu_gpr_gpr_same_32__reg_a0__c__all_constructed F over ['a']; 9 candidates
      same_text      over  9 candidates, one Lean run: 1.4s
      evaluation over 9 candidates on 4 samples, one Lean run: 2.6s; 0 survive
  lwu_gpr_imm_32__reg_a0__c__all_constructed   F over ['a']; 9 candidates
      same_text      over  9 candidates, one Lean run: 1.4s
      evaluation over 9 candidates on 4 samples, one Lean run: 2.6s; 0 survive
  lwu_gpr_mem_32__reg_a0__c__all_constructed   F over ['a']; 9 candidates
      same_text      over  9 candidates, one Lean run: 1.4s
      evaluation over 9 candidates on 4 samples, one Lean run: 2.6s; 0 survive
  or_gpr_gpr_gpr_64__reg_a0__c__all_constructed F over ['a', 'b']; 52 candidates
      same_text      over 52 candidates, one Lean run: 2.5s
      RTYPE          rop.OR                                   PROVED    same_text
  ori_gpr_gpr_imm_64__reg_a0__go__all_constructed F over ['a']; 9 candidates
      same_text      over  9 candidates, one Lean run: 1.4s
      evaluation over 9 candidates on 4 samples, one Lean run: 2.6s; 0 survive
  sb_gpr_fpr_8__mem_MEM_fa1__go__all_constructed F over ['a', 'b']; 52 candidates
      same_text      over 52 candidates, one Lean run: 3.2s
      evaluation over 52 candidates on 4 samples, one Lean run: 5.2s; 0 survive
  sb_gpr_fpr_fpr_8__mem_MEM_fa1__go__all_constructed F over ['a', 'b']; 52 candidates
      same_text      over 52 candidates, one Lean run: 3.2s
      evaluation over 52 candidates on 4 samples, one Lean run: 5.0s; 0 survive
  sb_gpr_gpr_8__mem_MEM_a1__go__all_constructed F over ['a', 'b']; 52 candidates
      same_text      over 52 candidates, one Lean run: 3.3s
      evaluation over 52 candidates on 4 samples, one Lean run: 5.1s; 0 survive
  sb_gpr_gpr_gpr_8__mem_MEM_a1__go__all_constructed F over ['a', 'b']; 52 candidates
      same_text      over 52 candidates, one Lean run: 3.2s
      evaluation over 52 candidates on 4 samples, one Lean run: 5.1s; 0 survive
  sb_gpr_gpr_imm_8__mem_MEM_a1__go__all_constructed F over ['a', 'b']; 52 candidates
      same_text      over 52 candidates, one Lean run: 3.2s
      evaluation over 52 candidates on 4 samples, one Lean run: 5.0s; 0 survive
  sb_gpr_gpr_same_8__mem_MEM_a1__go__all_constructed F over ['a', 'b']; 52 candidates
      same_text      over 52 candidates, one Lean run: 3.2s
      evaluation over 52 candidates on 4 samples, one Lean run: 5.1s; 0 survive
  sb_gpr_imm_8__mem_MEM_0x3__go__all_constructed F over ['a', 'b']; 52 candidates
      same_text      over 52 candidates, one Lean run: 3.1s
      evaluation over 52 candidates on 4 samples, one Lean run: 5.1s; 0 survive
  sb_gpr_mem_8__mem_MEM_0x0_a1___go__all_constructed F over ['a', 'b']; 52 candidates
      same_text      over 52 candidates, one Lean run: 3.1s
      evaluation over 52 candidates on 4 samples, one Lean run: 5.1s; 0 survive
  sll_gpr_gpr_same_64__reg_a0__c__all_constructed F over ['a']; 9 candidates
      same_text      over  9 candidates, one Lean run: 2.0s
      evaluation over 9 candidates on 4 samples, one Lean run: 2.8s; 0 survive
  slliw_gpr_gpr_imm_32__reg_a0__c__all_constructed F over ['a']; 9 candidates
      same_text      over  9 candidates, one Lean run: 1.4s
      evaluation over 9 candidates on 4 samples, one Lean run: 2.6s; 0 survive
  sllw_gpr_gpr_same_32__reg_a0__c__all_constructed F over ['a']; 9 candidates
      same_text      over  9 candidates, one Lean run: 5.7s
      evaluation over 9 candidates on 4 samples, one Lean run: 5.5s; 0 survive
  sltiu_gpr_gpr_imm_64__reg_a0__c__all_constructed F over ['a']; 9 candidates
      same_text      over  9 candidates, one Lean run: 5.3s
      evaluation over 9 candidates on 4 samples, one Lean run: 3.5s; 0 survive
  srai_gpr_gpr_imm_64__reg_a0__c__all_constructed F over ['a']; 9 candidates
      same_text      over  9 candidates, one Lean run: 1.9s
      evaluation over 9 candidates on 4 samples, one Lean run: 2.8s; 0 survive
  srl_gpr_gpr_gpr_64__reg_a0__c__all_constructed F over ['a', 'b']; 52 candidates
      same_text      over 52 candidates, one Lean run: 5.4s
      evaluation over 52 candidates on 4 samples, one Lean run: 5.1s; 1 survive
      integer_level  over  1 candidates, one Lean run: 3.1s
      RTYPE          rop.SRL                                  UNDECIDED none 4.7s
  srli_gpr_gpr_imm_64__reg_a0__c__all_constructed F over ['a']; 9 candidates
      same_text      over  9 candidates, one Lean run: 1.4s
      evaluation over 9 candidates on 4 samples, one Lean run: 2.6s; 0 survive
  srlw_gpr_gpr_gpr_32__reg_a0__c__all_constructed F over ['a', 'b']; 52 candidates
      same_text      over 52 candidates, one Lean run: 26.8s
      evaluation over 52 candidates on 4 samples, one Lean run: 7.8s; 1 survive
      integer_level  over  1 candidates, one Lean run: 47.4s
      RTYPEW         ropw.SRLW                                UNDECIDED none 58.3s
  subw_gpr_gpr_same_32__reg_a0__c__all_constructed F over []; 0 candidates
      same_text      over  0 candidates, one Lean run: 1.2s; TIMEOUT
      evaluation: the emit did not evaluate (1.3s); every candidate goes to the provers; eanpath/equals_corpus_j_0_1/Eval_subw_gpr_gpr_same_32__reg_a0__c__all_constructed.lean:233:59: error: unexpected token '=>'; expected '[', '{', '|', '⦃' or term
  sw_gpr_fpr_32__mem_MEM_fa1__go__all_constructed F over ['a', 'b']; 52 candidates
      same_text      over 52 candidates, one Lean run: 4.1s
      evaluation over 52 candidates on 4 samples, one Lean run: 5.0s; 0 survive
  sw_gpr_fpr_fpr_32__mem_MEM_fa1__go__all_constructed F over ['a', 'b']; 52 candidates
      same_text      over 52 candidates, one Lean run: 4.1s
      evaluation over 52 candidates on 4 samples, one Lean run: 5.1s; 0 survive
  sw_gpr_gpr_32__mem_MEM_a1__go__all_constructed F over ['a', 'b']; 52 candidates
      same_text      over 52 candidates, one Lean run: 4.0s
      evaluation over 52 candidates on 4 samples, one Lean run: 5.2s; 0 survive
  sw_gpr_gpr_gpr_32__mem_MEM_a1__go__all_constructed F over ['a', 'b']; 52 candidates
      same_text      over 52 candidates, one Lean run: 4.1s
      evaluation over 52 candidates on 4 samples, one Lean run: 5.2s; 0 survive
  sw_gpr_gpr_imm_32__mem_MEM_a1__go__all_constructed F over ['a', 'b']; 52 candidates
      same_text      over 52 candidates, one Lean run: 4.2s
      evaluation over 52 candidates on 4 samples, one Lean run: 5.1s; 0 survive
  sw_gpr_gpr_same_32__mem_MEM_a1__go__all_constructed F over ['a', 'b']; 52 candidates
      same_text      over 52 candidates, one Lean run: 4.0s
      evaluation over 52 candidates on 4 samples, one Lean run: 5.3s; 0 survive
  sw_gpr_imm_32__mem_MEM_0x3__go__all_constructed F over ['a', 'b']; 52 candidates
      same_text      over 52 candidates, one Lean run: 4.1s
      evaluation over 52 candidates on 4 samples, one Lean run: 5.1s; 0 survive
  sw_gpr_mem_32__mem_MEM_0x0_a1___go__all_constructed F over ['a', 'b']; 52 candidates
      same_text      over 52 candidates, one Lean run: 4.1s
      evaluation over 52 candidates on 4 samples, one Lean run: 5.1s; 0 survive
  xor_gpr_gpr_same_64__reg_a0__c__all_constructed F over []; 0 candidates
      same_text      over  0 candidates, one Lean run: 1.2s; TIMEOUT
      evaluation: the emit did not evaluate (1.2s); every candidate goes to the provers; leanpath/equals_corpus_j_0_1/Eval_xor_gpr_gpr_same_64__reg_a0__c__all_constructed.lean:233:59: error: unexpected token '=>'; expected '[', '{', '|', '⦃' or term
  xori_gpr_gpr_imm_64__reg_a0__go__all_constructed F over ['a']; 9 candidates
      same_text      over  9 candidates, one Lean run: 1.7s
      evaluation over 9 candidates on 4 samples, one Lean run: 2.7s; 0 survive
  equals: 87 units, 1 with a proved definition
