  emitted definitions scanned: 4750
  add_gpr_gpr_gpr_64__reg_a0__rust__native_first F over ['a', 'b']; 52 candidates
      same_text      over 52 candidates, one Lean run: 4.2s
      RTYPE          rop.ADD                                  PROVED    same_text
  add_gpr_gpr_same_64__reg_a0__rust__native_first F over ['a']; 9 candidates
      same_text      over  9 candidates, one Lean run: 3.0s
      integer_level  over  9 candidates, one Lean run: 18.2s
      BREV8                                                   UNDECIDED none 5.5s
      CLZ                                                     UNDECIDED none 5.0s
      CLZW                                                    UNDECIDED none 4.5s
      CTZ                                                     UNDECIDED none 4.8s
      CTZW                                                    UNDECIDED none 4.5s
      REV8                                                    UNDECIDED none 4.5s
      ZBB_EXTOP      extop_zbb.SEXTB                          UNDECIDED none 4.3s
      ZBB_EXTOP      extop_zbb.SEXTH                          UNDECIDED none 4.6s
      ZBB_EXTOP      extop_zbb.ZEXTH                          UNDECIDED none 5.0s
  addi_gpr_gpr_imm_64__reg_a0__rust__native_first F over ['a']; 9 candidates
      same_text      over  9 candidates, one Lean run: 2.4s
      integer_level  over  9 candidates, one Lean run: 20.7s
      BREV8                                                   UNDECIDED none 4.8s
      CLZ                                                     UNDECIDED none 6.0s
      CLZW                                                    UNDECIDED none 5.5s
      CTZ                                                     UNDECIDED none 6.0s
      CTZW                                                    UNDECIDED none 4.8s
      REV8                                                    UNDECIDED none 4.8s
      ZBB_EXTOP      extop_zbb.SEXTB                          UNDECIDED none 4.9s
      ZBB_EXTOP      extop_zbb.SEXTH                          UNDECIDED none 5.7s
      ZBB_EXTOP      extop_zbb.ZEXTH                          UNDECIDED none 5.3s
  and_gpr_gpr_gpr_64__reg_a0__rust__native_first F over ['a', 'b']; 52 candidates
      same_text      over 52 candidates, one Lean run: 5.7s
      RTYPE          rop.AND                                  PROVED    same_text
  andi_gpr_gpr_imm_64__reg_a0__rust__native_first F over ['a']; 9 candidates
      same_text      over  9 candidates, one Lean run: 2.8s
      integer_level  over  9 candidates, one Lean run: 26.4s
      BREV8                                                   UNDECIDED none 7.0s
      CLZ                                                     UNDECIDED none 6.3s
      CLZW                                                    UNDECIDED none 5.8s
      CTZ                                                     UNDECIDED none 5.6s
      CTZW                                                    UNDECIDED none 6.0s
      REV8                                                    UNDECIDED none 6.2s
      ZBB_EXTOP      extop_zbb.SEXTB                          UNDECIDED none 5.2s
      ZBB_EXTOP      extop_zbb.SEXTH                          UNDECIDED none 4.8s
      ZBB_EXTOP      extop_zbb.ZEXTH                          UNDECIDED none 4.8s
  beq_gpr_gpr_64__branch_condition__rust__native_first F over ['a', 'b']; 52 candidates
      same_text      over 52 candidates, one Lean run: 4.4s
      integer_level  over 10 candidates, one Lean run: 36.4s
