  emitted definitions scanned: 4750
  add_gpr_gpr_same_64__reg_a0__c__native_first F over ['a']; 9 candidates
      same_text      over  9 candidates, one Lean run: 3.3s
      integer_level  over  9 candidates, one Lean run: 19.6s
      BREV8                                                   UNDECIDED none 5.0s
      CLZ                                                     UNDECIDED none 4.4s
      CLZW                                                    UNDECIDED none 4.5s
      CTZ                                                     UNDECIDED none 4.5s
      CTZW                                                    UNDECIDED none 4.7s
      REV8                                                    UNDECIDED none 4.7s
      ZBB_EXTOP      extop_zbb.SEXTB                          UNDECIDED none 5.0s
      ZBB_EXTOP      extop_zbb.SEXTH                          UNDECIDED none 4.8s
      ZBB_EXTOP      extop_zbb.ZEXTH                          UNDECIDED none 4.8s
  and_gpr_gpr_gpr_64__reg_a0__c__native_first  F over ['a', 'b']; 52 candidates
      same_text      over 52 candidates, one Lean run: 4.7s
      RTYPE          rop.AND                                  PROVED    same_text
  beq_gpr_gpr_64__branch_condition__c__native_first F over ['a', 'b']; 52 candidates
      same_text      over 52 candidates, one Lean run: 6.3s
      integer_level  over 10 candidates, one Lean run: 46.9s
      integer_level  over 12 candidates, one Lean run: 36.1s
      integer_level  over 12 candidates, one Lean run: 19.6s
      integer_level  over 12 candidates, one Lean run: 36.8s
      integer_level  over  6 candidates, one Lean run: 30.1s
  beq_gpr_gpr_imm_64__branch_condition__c__native_first F over ['a', 'b']; 52 candidates
      same_text      over 52 candidates, one Lean run: 7.3s
      integer_level  over 10 candidates, one Lean run: 49.7s
      integer_level  over 12 candidates, one Lean run: 52.0s
      integer_level  over 12 candidates, one Lean run: 26.9s
      integer_level  over 12 candidates, one Lean run: 42.1s
  bge_gpr_gpr_64__branch_condition__c__native_first F over ['a', 'b']; 52 candidates
      same_text      over 52 candidates, one Lean run: 6.5s
      integer_level  over 10 candidates, one Lean run: 43.7s
      integer_level  over 12 candidates, one Lean run: 48.8s
      integer_level  over 12 candidates, one Lean run: 28.2s
      integer_level  over 12 candidates, one Lean run: 47.5s
  bge_gpr_gpr_imm_64__branch_condition__c__native_first F over ['a', 'b']; 52 candidates
      same_text      over 52 candidates, one Lean run: 4.9s
      integer_level  over 10 candidates, one Lean run: 50.0s
      integer_level  over 12 candidates, one Lean run: 52.3s
      integer_level  over 12 candidates, one Lean run: 25.3s
      integer_level  over 12 candidates, one Lean run: 41.4s
  bgeu_gpr_gpr_64__branch_condition__c__native_first F over ['a', 'b']; 52 candidates
      same_text      over 52 candidates, one Lean run: 5.3s
      integer_level  over 10 candidates, one Lean run: 59.6s
      integer_level  over 12 candidates, one Lean run: 53.8s
      integer_level  over 12 candidates, one Lean run: 24.0s
      integer_level  over 12 candidates, one Lean run: 34.9s
  bgeu_gpr_gpr_imm_64__branch_condition__c__native_first F over ['a', 'b']; 52 candidates
      same_text      over 52 candidates, one Lean run: 5.6s
      integer_level  over 10 candidates, one Lean run: 58.7s
      integer_level  over 12 candidates, one Lean run: 57.9s
      integer_level  over 12 candidates, one Lean run: 27.1s
