  emitted definitions scanned: 4750
  add_gpr_gpr_gpr_64__reg_a0__cpp__all_constructed F over ['a', 'b']; 52 candidates
      RTYPE          rop.ADD                                  UNDECIDED none 93.5s
      RTYPE          rop.SUB                                  UNDECIDED none 93.5s
      RTYPE          rop.SLL                                  UNDECIDED none 85.2s
      RTYPE          rop.SLT                                  UNDECIDED none 86.6s
  add_gpr_gpr_gpr_64__reg_a0__rust__all_constructed F over ['a', 'b']; 52 candidates
      RTYPE          rop.ADD                                  UNDECIDED none 96.9s
      RTYPE          rop.SUB                                  UNDECIDED none 97.1s
      RTYPE          rop.SLL                                  UNDECIDED none 84.9s
      RTYPE          rop.SLT                                  UNDECIDED none 87.6s
  add_gpr_gpr_same_64__reg_a0__cpp__all_constructed F over ['a']; 9 candidates
      BREV8                                                   UNDECIDED none 6.6s
      CLZ                                                     UNDECIDED none 3.5s
      CLZW                                                    UNDECIDED none 3.3s
      CTZ                                                     UNDECIDED none 3.3s
      CTZW                                                    UNDECIDED none 4.1s
      REV8                                                    UNDECIDED none 5.6s
      ZBB_EXTOP      extop_zbb.SEXTB                          UNDECIDED none 3.9s
      ZBB_EXTOP      extop_zbb.SEXTH                          UNDECIDED none 3.8s
      ZBB_EXTOP      extop_zbb.ZEXTH                          UNDECIDED none 3.2s
      BREV8                                                   UNDECIDED none 8.3s
      CLZ                                                     UNDECIDED none 4.9s
      CLZW                                                    UNDECIDED none 4.9s
      CTZ                                                     UNDECIDED none 4.8s
      CTZW                                                    UNDECIDED none 5.7s
      REV8                                                    UNDECIDED none 7.3s
      ZBB_EXTOP      extop_zbb.SEXTB                          UNDECIDED none 5.5s
      ZBB_EXTOP      extop_zbb.SEXTH                          UNDECIDED none 5.5s
      ZBB_EXTOP      extop_zbb.ZEXTH                          UNDECIDED none 4.9s
  add_gpr_gpr_same_64__reg_a0__rust__all_constructed F over ['a']; 9 candidates
      BREV8                                                   UNDECIDED none 6.6s
      CLZ                                                     UNDECIDED none 3.7s
      CLZW                                                    UNDECIDED none 3.6s
      CTZ                                                     UNDECIDED none 3.6s
      CTZW                                                    UNDECIDED none 3.7s
      REV8                                                    UNDECIDED none 5.5s
      ZBB_EXTOP      extop_zbb.SEXTB                          UNDECIDED none 3.8s
      ZBB_EXTOP      extop_zbb.SEXTH                          UNDECIDED none 3.9s
      ZBB_EXTOP      extop_zbb.ZEXTH                          UNDECIDED none 3.7s
      BREV8                                                   UNDECIDED none 8.4s
      CLZ                                                     UNDECIDED none 5.4s
      CLZW                                                    UNDECIDED none 5.2s
      CTZ                                                     UNDECIDED none 5.2s
      CTZW                                                    UNDECIDED none 5.2s
      REV8                                                    UNDECIDED none 7.0s
      ZBB_EXTOP      extop_zbb.SEXTB                          UNDECIDED none 5.4s
      ZBB_EXTOP      extop_zbb.SEXTH                          UNDECIDED none 5.5s
      ZBB_EXTOP      extop_zbb.ZEXTH                          UNDECIDED none 5.2s
  addi_gpr_gpr_imm_64__reg_a0__cpp__all_constructed F over ['a']; 9 candidates
      BREV8                                                   UNDECIDED none 87.7s
      CLZ                                                     UNDECIDED none 87.6s
      CLZW                                                    UNDECIDED none 90.3s
      CTZ                                                     UNDECIDED none 90.3s
  addi_gpr_gpr_imm_64__reg_a0__rust__all_constructed F over ['a']; 9 candidates
      BREV8                                                   UNDECIDED none 88.6s
      CLZ                                                     UNDECIDED none 85.7s
