  emitted definitions scanned: 4750
  add_gpr_gpr_gpr_64__reg_a0__rust__all_constructed F over ['a', 'b']; 52 candidates
      same_text      over 52 candidates, one Lean run: 56.1s
      integer_level  over 10 candidates, one Lean run: 120.0s; TIMEOUT
  add_gpr_gpr_same_64__reg_a0__rust__all_constructed F over ['a']; 9 candidates
      same_text      over  9 candidates, one Lean run: 3.2s
      integer_level  over  9 candidates, one Lean run: 22.4s
      BREV8                                                   UNDECIDED none 6.0s
      CLZ                                                     UNDECIDED none 6.7s
      CLZW                                                    UNDECIDED none 6.2s
      CTZ                                                     UNDECIDED none 5.2s
      CTZW                                                    UNDECIDED none 5.2s
      REV8                                                    UNDECIDED none 6.9s
      ZBB_EXTOP      extop_zbb.SEXTB                          UNDECIDED none 6.7s
      ZBB_EXTOP      extop_zbb.SEXTH                          UNDECIDED none 5.4s
      ZBB_EXTOP      extop_zbb.ZEXTH                          UNDECIDED none 5.9s
  addi_gpr_gpr_imm_64__reg_a0__rust__all_constructed F over ['a']; 9 candidates
      same_text      over  9 candidates, one Lean run: 10.0s
      integer_level  over  9 candidates, one Lean run: 120.0s; TIMEOUT
      BREV8                                                   UNDECIDED none 29.2s
      CLZ                                                     UNDECIDED none 23.2s
  addw_gpr_gpr_same_32__reg_a0__rust__all_constructed F over ['a']; 9 candidates
      same_text      over  9 candidates, one Lean run: 14.3s
      integer_level  over  9 candidates, one Lean run: 120.0s; TIMEOUT
      BREV8                                                   UNDECIDED none 20.1s
      CLZ                                                     UNDECIDED none 21.2s
      CLZW                                                    UNDECIDED none 20.7s
  and_gpr_gpr_gpr_64__reg_a0__rust__all_constructed F over ['a', 'b']; 52 candidates
      same_text      over 52 candidates, one Lean run: 5.7s
      RTYPE          rop.AND                                  PROVED    same_text
  andi_gpr_gpr_imm_64__reg_a0__rust__all_constructed F over ['a']; 9 candidates
      same_text      over  9 candidates, one Lean run: 2.8s
      integer_level  over  9 candidates, one Lean run: 22.6s
      BREV8                                                   UNDECIDED none 4.8s
      CLZ                                                     UNDECIDED none 4.8s
      CLZW                                                    UNDECIDED none 4.4s
      CTZ                                                     UNDECIDED none 4.5s
      CTZW                                                    UNDECIDED none 4.7s
      REV8                                                    UNDECIDED none 5.2s
      ZBB_EXTOP      extop_zbb.SEXTB                          UNDECIDED none 4.9s
      ZBB_EXTOP      extop_zbb.SEXTH                          UNDECIDED none 5.0s
      ZBB_EXTOP      extop_zbb.ZEXTH                          UNDECIDED none 4.7s
  beq_gpr_gpr_64__branch_condition__rust__all_constructed F over ['a', 'b']; 52 candidates
      same_text      over 52 candidates, one Lean run: 71.4s
      integer_level  over 10 candidates, one Lean run: 120.0s; TIMEOUT
  beq_gpr_gpr_gpr_64__branch_condition__rust__all_constructed F over ['a', 'b']; 52 candidates
      same_text      over 52 candidates, one Lean run: 81.5s
      integer_level  over 10 candidates, one Lean run: 120.0s; TIMEOUT
  beq_gpr_gpr_imm_64__branch_condition__rust__all_constructed F over ['a', 'b']; 52 candidates
      same_text      over 52 candidates, one Lean run: 85.3s
      integer_level  over 10 candidates, one Lean run: 120.0s; TIMEOUT
  beq_gpr_gpr_same_64__branch_condition__rust__all_constructed F over ['a', 'b']; 52 candidates
      same_text      over 52 candidates, one Lean run: 68.2s
      integer_level  over 10 candidates, one Lean run: 120.0s; TIMEOUT
  bge_gpr_gpr_64__branch_condition__rust__all_constructed F over ['a', 'b']; 52 candidates
      same_text      over 52 candidates, one Lean run: 81.5s
      integer_level  over 10 candidates, one Lean run: 41.5s
