  emitted definitions scanned: 4750
  add_gpr_gpr_gpr_64__reg_a0__c__all_constructed F over ['a', 'b']; 52 candidates
      same_text      over 52 candidates, one Lean run: 52.5s
      integer_level  over 10 candidates, one Lean run: 120.0s; TIMEOUT
  addi_gpr_gpr_imm_64__reg_a0__c__all_constructed F over ['a']; 9 candidates
      same_text      over  9 candidates, one Lean run: 13.0s
      integer_level  over  9 candidates, one Lean run: 120.0s; TIMEOUT
      BREV8                                                   UNDECIDED none 22.4s
      CLZ                                                     UNDECIDED none 23.5s
      CLZW                                                    UNDECIDED none 23.6s
  and_gpr_gpr_gpr_64__reg_a0__c__all_constructed F over ['a', 'b']; 52 candidates
      same_text      over 52 candidates, one Lean run: 4.1s
      RTYPE          rop.AND                                  PROVED    same_text
  beq_gpr_gpr_64__branch_condition__c__all_constructed F over ['a', 'b']; 52 candidates
      same_text      over 52 candidates, one Lean run: 73.2s
      integer_level  over 12 candidates, one Lean run: 120.0s; TIMEOUT
  beq_gpr_gpr_gpr_64__branch_condition__c__all_constructed F over ['a', 'b']; 52 candidates
      same_text      over 52 candidates, one Lean run: 79.1s
      integer_level  over 12 candidates, one Lean run: 120.0s; TIMEOUT
  beq_gpr_gpr_imm_64__branch_condition__c__all_constructed F over ['a', 'b']; 52 candidates
      same_text      over 52 candidates, one Lean run: 67.2s
      integer_level  over 12 candidates, one Lean run: 120.0s; TIMEOUT
  beq_gpr_gpr_same_64__branch_condition__c__all_constructed F over ['a', 'b']; 52 candidates
      same_text      over 52 candidates, one Lean run: 62.4s
      integer_level  over 12 candidates, one Lean run: 120.0s; TIMEOUT
  bge_gpr_gpr_64__branch_condition__c__all_constructed F over ['a', 'b']; 52 candidates
      same_text      over 52 candidates, one Lean run: 49.5s
      integer_level  over 12 candidates, one Lean run: 36.5s
      integer_level  over  7 candidates, one Lean run: 29.2s
      RTYPE          rop.ADD                                  UNDECIDED none 19.5s
      RTYPE          rop.SUB                                  UNDECIDED none 17.0s
      RTYPE          rop.SLL                                  UNDECIDED none 17.6s
  bge_gpr_gpr_imm_64__branch_condition__c__all_constructed F over ['a', 'b']; 52 candidates
      same_text      over 52 candidates, one Lean run: 45.2s
      integer_level  over 12 candidates, one Lean run: 30.6s
      integer_level  over  7 candidates, one Lean run: 19.2s
      RTYPE          rop.ADD                                  UNDECIDED none 21.7s
      RTYPE          rop.SUB                                  UNDECIDED none 21.5s
      RTYPE          rop.SLL                                  UNDECIDED none 21.1s
      RTYPE          rop.SLT                                  UNDECIDED none 17.9s
  bgeu_gpr_gpr_64__branch_condition__c__all_constructed F over ['a', 'b']; 52 candidates
      same_text      over 52 candidates, one Lean run: 45.6s
