  emitted definitions scanned: 4750
  add_gpr_gpr_gpr_64__reg_a0__rust__native_first F over ['a', 'b']; 52 candidates
      evaluation over 52 candidates on 4 samples, one Lean run: 80.4s; 2 survive
      same_text      over  2 candidates, one Lean run: 2.5s
      RTYPE          rop.ADD                                  PROVED    same_text
  add_gpr_gpr_same_64__reg_a0__rust__native_first F over ['a']; 9 candidates
      evaluation over 9 candidates on 4 samples, one Lean run: 15.5s; 0 survive
  addi_gpr_gpr_imm_64__reg_a0__rust__native_first F over ['a']; 9 candidates
      evaluation over 9 candidates on 4 samples, one Lean run: 16.5s; 0 survive
  and_gpr_gpr_gpr_64__reg_a0__rust__native_first F over ['a', 'b']; 52 candidates
      evaluation over 52 candidates on 4 samples, one Lean run: 72.9s; 1 survive
      same_text      over  1 candidates, one Lean run: 2.3s
      RTYPE          rop.AND                                  PROVED    same_text
  andi_gpr_gpr_imm_64__reg_a0__rust__native_first F over ['a']; 9 candidates
      evaluation over 9 candidates on 4 samples, one Lean run: 13.5s; 0 survive
  beq_gpr_gpr_64__branch_condition__rust__native_first F over ['a', 'b']; 52 candidates
      evaluation over 52 candidates on 4 samples, one Lean run: 66.3s; 0 survive
  beq_gpr_gpr_gpr_64__branch_condition__rust__native_first F over ['a', 'b']; 52 candidates
      evaluation over 52 candidates on 4 samples, one Lean run: 66.4s; 0 survive
  beq_gpr_gpr_imm_64__branch_condition__rust__native_first F over ['a', 'b']; 52 candidates
      evaluation over 52 candidates on 4 samples, one Lean run: 66.2s; 0 survive
  beq_gpr_gpr_same_64__branch_condition__rust__native_first F over ['a', 'b']; 52 candidates
