  emitted definitions scanned: 4750
  add_gpr_gpr_gpr_64__reg_a0__cpp__native_first F over ['a', 'b']; 52 candidates
      round 1 (one Lean run, 52 candidates x 2 theorems): 102.3s
      RTYPE          rop.ADD                                  PROVED    same_text
  add_gpr_gpr_gpr_64__reg_a0__rust__native_first F over ['a', 'b']; 52 candidates
      round 1 (one Lean run, 52 candidates x 2 theorems): 119.4s
      RTYPE          rop.ADD                                  PROVED    same_text
  add_gpr_gpr_same_64__reg_a0__cpp__native_first F over ['a']; 9 candidates
      round 1 (one Lean run, 9 candidates x 2 theorems): 12.0s
      BREV8                                                   UNDECIDED none 2.8s
      CLZ                                                     UNDECIDED none 2.7s
      CLZW                                                    UNDECIDED none 2.6s
      CTZ                                                     UNDECIDED none 2.6s
      CTZW                                                    UNDECIDED none 2.6s
      REV8                                                    UNDECIDED none 2.7s
      ZBB_EXTOP      extop_zbb.SEXTB                          UNDECIDED none 2.8s
      ZBB_EXTOP      extop_zbb.SEXTH                          UNDECIDED none 2.6s
      ZBB_EXTOP      extop_zbb.ZEXTH                          UNDECIDED none 2.5s
  add_gpr_gpr_same_64__reg_a0__rust__native_first F over ['a']; 9 candidates
      round 1 (one Lean run, 9 candidates x 2 theorems): 12.0s
      BREV8                                                   UNDECIDED none 2.7s
      CLZ                                                     UNDECIDED none 2.6s
      CLZW                                                    UNDECIDED none 2.6s
      CTZ                                                     UNDECIDED none 2.5s
      CTZW                                                    UNDECIDED none 2.6s
      REV8                                                    UNDECIDED none 2.7s
      ZBB_EXTOP      extop_zbb.SEXTB                          UNDECIDED none 2.7s
      ZBB_EXTOP      extop_zbb.SEXTH                          UNDECIDED none 2.7s
      ZBB_EXTOP      extop_zbb.ZEXTH                          UNDECIDED none 2.5s
  addi_gpr_gpr_imm_64__reg_a0__cpp__native_first F over ['a']; 9 candidates
      round 1 (one Lean run, 9 candidates x 2 theorems): 11.5s
      BREV8                                                   UNDECIDED none 2.8s
      CLZ                                                     UNDECIDED none 2.7s
      CLZW                                                    UNDECIDED none 2.8s
      CTZ                                                     UNDECIDED none 2.7s
      CTZW                                                    UNDECIDED none 2.8s
      REV8                                                    UNDECIDED none 2.8s
      ZBB_EXTOP      extop_zbb.SEXTB                          UNDECIDED none 2.7s
      ZBB_EXTOP      extop_zbb.SEXTH                          UNDECIDED none 2.7s
      ZBB_EXTOP      extop_zbb.ZEXTH                          UNDECIDED none 2.7s
  addi_gpr_gpr_imm_64__reg_a0__rust__native_first F over ['a']; 9 candidates
      round 1 (one Lean run, 9 candidates x 2 theorems): 13.4s
      BREV8                                                   UNDECIDED none 3.3s
      CLZ                                                     UNDECIDED none 3.1s
      CLZW                                                    UNDECIDED none 3.0s
      CTZ                                                     UNDECIDED none 3.0s
      CTZW                                                    UNDECIDED none 3.1s
      REV8                                                    UNDECIDED none 3.0s
      ZBB_EXTOP      extop_zbb.SEXTB                          UNDECIDED none 3.4s
      ZBB_EXTOP      extop_zbb.SEXTH                          UNDECIDED none 3.3s
      ZBB_EXTOP      extop_zbb.ZEXTH                          UNDECIDED none 3.6s
  and_gpr_gpr_gpr_64__reg_a0__cpp__native_first F over ['a', 'b']; 52 candidates
      round 1 (one Lean run, 52 candidates x 2 theorems): 102.6s
      RTYPE          rop.AND                                  PROVED    same_text
  and_gpr_gpr_gpr_64__reg_a0__rust__native_first F over ['a', 'b']; 52 candidates
      round 1 (one Lean run, 52 candidates x 2 theorems): 98.5s
      RTYPE          rop.AND                                  PROVED    same_text
  andi_gpr_gpr_imm_64__reg_a0__cpp__native_first F over ['a']; 9 candidates
      round 1 (one Lean run, 9 candidates x 2 theorems): 13.8s
      BREV8                                                   UNDECIDED none 3.0s
      CLZ                                                     UNDECIDED none 2.9s
      CLZW                                                    UNDECIDED none 2.9s
      CTZ                                                     UNDECIDED none 3.0s
      CTZW                                                    UNDECIDED none 2.9s
      REV8                                                    UNDECIDED none 2.9s
      ZBB_EXTOP      extop_zbb.SEXTB                          UNDECIDED none 2.9s
      ZBB_EXTOP      extop_zbb.SEXTH                          UNDECIDED none 2.9s
      ZBB_EXTOP      extop_zbb.ZEXTH                          UNDECIDED none 2.8s
  andi_gpr_gpr_imm_64__reg_a0__rust__native_first F over ['a']; 9 candidates
      round 1 (one Lean run, 9 candidates x 2 theorems): 13.7s
      BREV8                                                   UNDECIDED none 2.9s
      CLZ                                                     UNDECIDED none 2.8s
      CLZW                                                    UNDECIDED none 2.9s
      CTZ                                                     UNDECIDED none 2.8s
      CTZW                                                    UNDECIDED none 2.8s
      REV8                                                    UNDECIDED none 2.9s
      ZBB_EXTOP      extop_zbb.SEXTB                          UNDECIDED none 2.8s
      ZBB_EXTOP      extop_zbb.SEXTH                          UNDECIDED none 2.8s
      ZBB_EXTOP      extop_zbb.ZEXTH                          UNDECIDED none 2.8s
  beq_gpr_gpr_64__branch_condition__cpp__native_first F over ['a', 'b']; 52 candidates
