  emitted definitions scanned: 4750
  add_gpr_gpr_gpr_64__reg_a0__cpp__all_constructed F over ['a', 'b']; 52 candidates
      same_text      over 52 candidates, one Lean run: 64.7s
      integer_level  over 10 candidates, one Lean run: 120.0s; TIMEOUT
  add_gpr_gpr_same_64__reg_a0__cpp__all_constructed F over ['a']; 9 candidates
      same_text      over  9 candidates, one Lean run: 3.3s
      integer_level  over  9 candidates, one Lean run: 20.3s
      BREV8                                                   UNDECIDED none 5.8s
      CLZ                                                     UNDECIDED none 4.8s
      CLZW                                                    UNDECIDED none 5.1s
      CTZ                                                     UNDECIDED none 4.5s
      CTZW                                                    UNDECIDED none 5.0s
      REV8                                                    UNDECIDED none 7.0s
      ZBB_EXTOP      extop_zbb.SEXTB                          UNDECIDED none 5.1s
      ZBB_EXTOP      extop_zbb.SEXTH                          UNDECIDED none 5.0s
      ZBB_EXTOP      extop_zbb.ZEXTH                          UNDECIDED none 5.0s
  addi_gpr_gpr_imm_64__reg_a0__cpp__all_constructed F over ['a']; 9 candidates
      same_text      over  9 candidates, one Lean run: 12.0s
      integer_level  over  9 candidates, one Lean run: 120.0s; TIMEOUT
      BREV8                                                   UNDECIDED none 26.5s
      CLZ                                                     UNDECIDED none 23.3s
  addw_gpr_gpr_same_32__reg_a0__cpp__all_constructed F over ['a']; 9 candidates
      same_text      over  9 candidates, one Lean run: 12.1s
      integer_level  over  9 candidates, one Lean run: 120.0s; TIMEOUT
      BREV8                                                   UNDECIDED none 19.0s
      CLZ                                                     UNDECIDED none 19.3s
      CLZW                                                    UNDECIDED none 19.3s
      CTZ                                                     UNDECIDED none 21.9s
  and_gpr_gpr_gpr_64__reg_a0__cpp__all_constructed F over ['a', 'b']; 52 candidates
      same_text      over 52 candidates, one Lean run: 4.9s
      RTYPE          rop.AND                                  PROVED    same_text
  andi_gpr_gpr_imm_64__reg_a0__cpp__all_constructed F over ['a']; 9 candidates
      same_text      over  9 candidates, one Lean run: 2.6s
      integer_level  over  9 candidates, one Lean run: 22.0s
      BREV8                                                   UNDECIDED none 4.7s
      CLZ                                                     UNDECIDED none 4.3s
      CLZW                                                    UNDECIDED none 4.4s
      CTZ                                                     UNDECIDED none 5.1s
      CTZW                                                    UNDECIDED none 5.1s
      REV8                                                    UNDECIDED none 5.2s
      ZBB_EXTOP      extop_zbb.SEXTB                          UNDECIDED none 4.4s
      ZBB_EXTOP      extop_zbb.SEXTH                          UNDECIDED none 4.5s
      ZBB_EXTOP      extop_zbb.ZEXTH                          UNDECIDED none 4.5s
  beq_gpr_gpr_64__branch_condition__cpp__all_constructed F over ['a', 'b']; 52 candidates
      same_text      over 52 candidates, one Lean run: 68.9s
      integer_level  over 12 candidates, one Lean run: 120.0s; TIMEOUT
  beq_gpr_gpr_gpr_64__branch_condition__cpp__all_constructed F over ['a', 'b']; 52 candidates
      same_text      over 52 candidates, one Lean run: 82.6s
      integer_level  over 12 candidates, one Lean run: 120.0s; TIMEOUT
  beq_gpr_gpr_imm_64__branch_condition__cpp__all_constructed F over ['a', 'b']; 52 candidates
      same_text      over 52 candidates, one Lean run: 80.0s
