  emitted definitions scanned: 4750
  add_gpr_gpr_gpr_64__reg_a0__cpp__all_constructed F over ['a', 'b']; 52 candidates
      round 1 (one Lean run, 52 candidates x 2 theorems): 120.0s; TIMEOUT
      RTYPE          rop.ADD                                  UNDECIDED none 129.5s
      RTYPE          rop.SUB                                  UNDECIDED none 128.5s
      RTYPE          rop.SLL                                  UNDECIDED none 129.6s
      RTYPE          rop.SLT                                  UNDECIDED none 128.7s
      RTYPE          rop.SLTU                                 UNDECIDED none 128.9s
      RTYPE          rop.XOR                                  UNDECIDED none 127.3s
      RTYPE          rop.SRL                                  UNDECIDED none 128.5s
      RTYPE          rop.SRA                                  UNDECIDED none 129.0s
  add_gpr_gpr_gpr_64__reg_a0__rust__all_constructed F over ['a', 'b']; 52 candidates
      round 1 (one Lean run, 52 candidates x 2 theorems): 120.0s; TIMEOUT
      RTYPE          rop.ADD                                  UNDECIDED none 127.3s
      RTYPE          rop.SUB                                  UNDECIDED none 127.4s
      RTYPE          rop.SLL                                  UNDECIDED none 125.4s
      RTYPE          rop.SLT                                  UNDECIDED none 125.3s
      RTYPE          rop.SLTU                                 UNDECIDED none 126.2s
      RTYPE          rop.XOR                                  UNDECIDED none 125.8s
      RTYPE          rop.SRL                                  UNDECIDED none 127.3s
      RTYPE          rop.SRA                                  UNDECIDED none 128.1s
      RTYPE          rop.OR                                   UNDECIDED none 128.3s
      RTYPE          rop.AND                                  UNDECIDED none 128.2s
  add_gpr_gpr_same_64__reg_a0__cpp__all_constructed F over ['a']; 9 candidates
      round 1 (one Lean run, 9 candidates x 2 theorems): 13.2s
      BREV8                                                   UNDECIDED none 3.0s
      CLZ                                                     UNDECIDED none 2.9s
      CLZW                                                    UNDECIDED none 2.9s
      CTZ                                                     UNDECIDED none 2.9s
      CTZW                                                    UNDECIDED none 3.0s
      REV8                                                    UNDECIDED none 3.1s
      ZBB_EXTOP      extop_zbb.SEXTB                          UNDECIDED none 2.9s
      ZBB_EXTOP      extop_zbb.SEXTH                          UNDECIDED none 3.0s
      ZBB_EXTOP      extop_zbb.ZEXTH                          UNDECIDED none 3.0s
  add_gpr_gpr_same_64__reg_a0__rust__all_constructed F over ['a']; 9 candidates
      round 1 (one Lean run, 9 candidates x 2 theorems): 12.3s
      BREV8                                                   UNDECIDED none 2.8s
      CLZ                                                     UNDECIDED none 2.7s
      CLZW                                                    UNDECIDED none 2.7s
      CTZ                                                     UNDECIDED none 2.7s
      CTZW                                                    UNDECIDED none 2.8s
      REV8                                                    UNDECIDED none 2.8s
      ZBB_EXTOP      extop_zbb.SEXTB                          UNDECIDED none 2.7s
      ZBB_EXTOP      extop_zbb.SEXTH                          UNDECIDED none 2.8s
      ZBB_EXTOP      extop_zbb.ZEXTH                          UNDECIDED none 2.7s
  addi_gpr_gpr_imm_64__reg_a0__cpp__all_constructed F over ['a']; 9 candidates
      round 1 (one Lean run, 9 candidates x 2 theorems): 120.0s; TIMEOUT
      BREV8                                                   UNDECIDED none 125.9s
      CLZ                                                     UNDECIDED none 126.0s
      CLZW                                                    UNDECIDED none 126.0s
      CTZ                                                     UNDECIDED none 126.1s
      CTZW                                                    UNDECIDED none 126.0s
      REV8                                                    UNDECIDED none 125.7s
      ZBB_EXTOP      extop_zbb.SEXTB                          UNDECIDED none 126.1s
      ZBB_EXTOP      extop_zbb.SEXTH                          UNDECIDED none 126.0s
      ZBB_EXTOP      extop_zbb.ZEXTH                          UNDECIDED none 125.8s
  addi_gpr_gpr_imm_64__reg_a0__rust__all_constructed F over ['a']; 9 candidates
