  emitted definitions scanned: 4750
  add_gpr_gpr_gpr_64__reg_a0__cpp__all_constructed F over ['a', 'b']; 52 candidates
      same_text      over 52 candidates, one Lean run: 54.3s
      integer_level  over 10 candidates, one Lean run: 120.0s; TIMEOUT
  add_gpr_gpr_same_64__reg_a0__cpp__all_constructed F over ['a']; 9 candidates
      same_text      over  9 candidates, one Lean run: 2.9s
      integer_level  over  9 candidates, one Lean run: 19.8s
      BREV8                                                   UNDECIDED none 6.8s
      CLZ                                                     UNDECIDED none 6.0s
      CLZW                                                    UNDECIDED none 5.2s
      CTZ                                                     UNDECIDED none 5.9s
      CTZW                                                    UNDECIDED none 5.4s
      REV8                                                    UNDECIDED none 5.7s
      ZBB_EXTOP      extop_zbb.SEXTB                          UNDECIDED none 4.8s
      ZBB_EXTOP      extop_zbb.SEXTH                          UNDECIDED none 5.7s
      ZBB_EXTOP      extop_zbb.ZEXTH                          UNDECIDED none 5.2s
  addi_gpr_gpr_imm_64__reg_a0__cpp__all_constructed F over ['a']; 9 candidates
      same_text      over  9 candidates, one Lean run: 10.8s
      integer_level  over  9 candidates, one Lean run: 120.0s; TIMEOUT
      BREV8                                                   UNDECIDED none 29.8s
      CLZ                                                     UNDECIDED none 24.9s
  addw_gpr_gpr_same_32__reg_a0__cpp__all_constructed F over ['a']; 9 candidates
      same_text      over  9 candidates, one Lean run: 11.8s
      integer_level  over  9 candidates, one Lean run: 120.0s; TIMEOUT
      BREV8                                                   UNDECIDED none 19.8s
      CLZ                                                     UNDECIDED none 19.1s
      CLZW                                                    UNDECIDED none 19.8s
      CTZ                                                     UNDECIDED none 21.0s
  and_gpr_gpr_gpr_64__reg_a0__cpp__all_constructed F over ['a', 'b']; 52 candidates
      same_text      over 52 candidates, one Lean run: 5.2s
      RTYPE          rop.AND                                  PROVED    same_text
  andi_gpr_gpr_imm_64__reg_a0__cpp__all_constructed F over ['a']; 9 candidates
      same_text      over  9 candidates, one Lean run: 2.6s
      integer_level  over  9 candidates, one Lean run: 21.7s
      BREV8                                                   UNDECIDED none 4.5s
      CLZ                                                     UNDECIDED none 4.3s
      CLZW                                                    UNDECIDED none 4.6s
      CTZ                                                     UNDECIDED none 4.1s
      CTZW                                                    UNDECIDED none 4.2s
      REV8                                                    UNDECIDED none 4.2s
      ZBB_EXTOP      extop_zbb.SEXTB                          UNDECIDED none 4.3s
      ZBB_EXTOP      extop_zbb.SEXTH                          UNDECIDED none 4.2s
      ZBB_EXTOP      extop_zbb.ZEXTH                          UNDECIDED none 4.1s
  beq_gpr_gpr_64__branch_condition__cpp__all_constructed F over ['a', 'b']; 52 candidates
      same_text      over 52 candidates, one Lean run: 73.0s
      integer_level  over 19 candidates, one Lean run: 120.0s; TIMEOUT
  beq_gpr_gpr_gpr_64__branch_condition__cpp__all_constructed F over ['a', 'b']; 52 candidates
      same_text      over 52 candidates, one Lean run: 80.9s
