  emitted definitions scanned: 4750
  add_gpr_gpr_same_64__reg_a0__c__native_first F over ['a']; 9 candidates
      same_text      over  9 candidates, one Lean run: 2.7s
      integer_level  over  9 candidates, one Lean run: 24.2s
      BREV8                                                   UNDECIDED none 5.1s
      CLZ                                                     UNDECIDED none 4.6s
      CLZW                                                    UNDECIDED none 4.4s
      CTZ                                                     UNDECIDED none 4.5s
      CTZW                                                    UNDECIDED none 4.4s
      REV8                                                    UNDECIDED none 4.6s
      ZBB_EXTOP      extop_zbb.SEXTB                          UNDECIDED none 4.6s
      ZBB_EXTOP      extop_zbb.SEXTH                          UNDECIDED none 4.7s
      ZBB_EXTOP      extop_zbb.ZEXTH                          UNDECIDED none 4.8s
  and_gpr_gpr_gpr_64__reg_a0__c__native_first  F over ['a', 'b']; 52 candidates
      same_text      over 52 candidates, one Lean run: 3.5s
      RTYPE          rop.AND                                  PROVED    same_text
  beq_gpr_gpr_64__branch_condition__c__native_first F over ['a', 'b']; 52 candidates
      same_text      over 52 candidates, one Lean run: 4.7s
      integer_level  over 10 candidates, one Lean run: 42.6s
      integer_level  over 42 candidates, one Lean run: 107.4s
  beq_gpr_gpr_imm_64__branch_condition__c__native_first F over ['a', 'b']; 52 candidates
      same_text      over 52 candidates, one Lean run: 8.0s
      integer_level  over 10 candidates, one Lean run: 52.2s
      integer_level  over 42 candidates, one Lean run: 120.0s; TIMEOUT
  bge_gpr_gpr_64__branch_condition__c__native_first F over ['a', 'b']; 52 candidates
      same_text      over 52 candidates, one Lean run: 6.6s
      integer_level  over 10 candidates, one Lean run: 54.9s
      integer_level  over 42 candidates, one Lean run: 120.0s; TIMEOUT
  bge_gpr_gpr_imm_64__branch_condition__c__native_first F over ['a', 'b']; 52 candidates
      same_text      over 52 candidates, one Lean run: 5.0s
      integer_level  over 10 candidates, one Lean run: 46.0s
      integer_level  over 42 candidates, one Lean run: 120.0s; TIMEOUT
  bgeu_gpr_gpr_64__branch_condition__c__native_first F over ['a', 'b']; 52 candidates
      same_text      over 52 candidates, one Lean run: 5.6s
      integer_level  over 10 candidates, one Lean run: 43.4s
