  emitted definitions scanned: 4750
  add_gpr_gpr_gpr_64__reg_a0__rust__native_first F over ['a', 'b']; 52 candidates
      same_text      over 52 candidates, one Lean run: 6.4s
      RTYPE          rop.ADD                                  PROVED    same_text
  add_gpr_gpr_same_64__reg_a0__rust__native_first F over ['a']; 9 candidates
      same_text      over  9 candidates, one Lean run: 3.5s
      integer_level  over  9 candidates, one Lean run: 21.2s
      BREV8                                                   UNDECIDED none 4.4s
      CLZ                                                     UNDECIDED none 4.2s
      CLZW                                                    UNDECIDED none 4.3s
      CTZ                                                     UNDECIDED none 4.2s
      CTZW                                                    UNDECIDED none 4.4s
      REV8                                                    UNDECIDED none 4.6s
      ZBB_EXTOP      extop_zbb.SEXTB                          UNDECIDED none 4.7s
      ZBB_EXTOP      extop_zbb.SEXTH                          UNDECIDED none 4.7s
      ZBB_EXTOP      extop_zbb.ZEXTH                          UNDECIDED none 4.3s
  addi_gpr_gpr_imm_64__reg_a0__rust__native_first F over ['a']; 9 candidates
      same_text      over  9 candidates, one Lean run: 2.7s
      integer_level  over  9 candidates, one Lean run: 16.1s
      BREV8                                                   UNDECIDED none 4.8s
      CLZ                                                     UNDECIDED none 4.1s
      CLZW                                                    UNDECIDED none 4.1s
      CTZ                                                     UNDECIDED none 4.2s
      CTZW                                                    UNDECIDED none 4.2s
      REV8                                                    UNDECIDED none 4.5s
      ZBB_EXTOP      extop_zbb.SEXTB                          UNDECIDED none 3.9s
      ZBB_EXTOP      extop_zbb.SEXTH                          UNDECIDED none 3.7s
      ZBB_EXTOP      extop_zbb.ZEXTH                          UNDECIDED none 3.5s
  and_gpr_gpr_gpr_64__reg_a0__rust__native_first F over ['a', 'b']; 52 candidates
      same_text      over 52 candidates, one Lean run: 3.4s
      RTYPE          rop.AND                                  PROVED    same_text
  andi_gpr_gpr_imm_64__reg_a0__rust__native_first F over ['a']; 9 candidates
      same_text      over  9 candidates, one Lean run: 2.0s
      integer_level  over  9 candidates, one Lean run: 17.0s
      BREV8                                                   UNDECIDED none 3.9s
      CLZ                                                     UNDECIDED none 3.5s
      CLZW                                                    UNDECIDED none 3.6s
      CTZ                                                     UNDECIDED none 3.5s
      CTZW                                                    UNDECIDED none 3.5s
      REV8                                                    UNDECIDED none 3.6s
      ZBB_EXTOP      extop_zbb.SEXTB                          UNDECIDED none 3.6s
      ZBB_EXTOP      extop_zbb.SEXTH                          UNDECIDED none 3.6s
      ZBB_EXTOP      extop_zbb.ZEXTH                          UNDECIDED none 3.6s
  beq_gpr_gpr_64__branch_condition__rust__native_first F over ['a', 'b']; 52 candidates
      same_text      over 52 candidates, one Lean run: 3.9s
      integer_level  over 10 candidates, one Lean run: 34.1s
      integer_level  over 42 candidates, one Lean run: 120.0s; TIMEOUT
  beq_gpr_gpr_gpr_64__branch_condition__rust__native_first F over ['a', 'b']; 52 candidates
      same_text      over 52 candidates, one Lean run: 8.1s
      integer_level  over 10 candidates, one Lean run: 41.7s
      integer_level  over 42 candidates, one Lean run: 120.0s; TIMEOUT
  beq_gpr_gpr_imm_64__branch_condition__rust__native_first F over ['a', 'b']; 52 candidates
      same_text      over 52 candidates, one Lean run: 5.6s
      integer_level  over 10 candidates, one Lean run: 45.3s
      integer_level  over 42 candidates, one Lean run: 120.0s; TIMEOUT
  beq_gpr_gpr_same_64__branch_condition__rust__native_first F over ['a', 'b']; 52 candidates
      same_text      over 52 candidates, one Lean run: 5.3s
      integer_level  over 10 candidates, one Lean run: 46.7s
      integer_level  over 42 candidates, one Lean run: 103.5s
  bge_gpr_gpr_64__branch_condition__rust__native_first F over ['a', 'b']; 52 candidates
      same_text      over 52 candidates, one Lean run: 6.3s
      integer_level  over 10 candidates, one Lean run: 58.2s
