  emitted definitions scanned: 4750
  add_gpr_gpr_gpr_64__reg_a0__cpp__native_first F over ['a', 'b']; 52 candidates
      RTYPE          rop.ADD                                  PROVED    same_text 1.4s
  add_gpr_gpr_gpr_64__reg_a0__rust__native_first F over ['a', 'b']; 52 candidates
      RTYPE          rop.ADD                                  PROVED    same_text 1.4s
  add_gpr_gpr_same_64__reg_a0__cpp__native_first F over ['a']; 9 candidates
      BREV8                                                   UNDECIDED none 7.0s
      CLZ                                                     UNDECIDED none 4.1s
      CLZW                                                    UNDECIDED none 4.2s
      CTZ                                                     UNDECIDED none 4.1s
      CTZW                                                    UNDECIDED none 4.2s
      REV8                                                    UNDECIDED none 5.6s
      ZBB_EXTOP      extop_zbb.SEXTB                          UNDECIDED none 4.2s
      ZBB_EXTOP      extop_zbb.SEXTH                          UNDECIDED none 4.3s
      ZBB_EXTOP      extop_zbb.ZEXTH                          UNDECIDED none 4.3s
  add_gpr_gpr_same_64__reg_a0__rust__native_first F over ['a']; 9 candidates
      BREV8                                                   UNDECIDED none 7.0s
      CLZ                                                     UNDECIDED none 4.1s
      CLZW                                                    UNDECIDED none 4.1s
      CTZ                                                     UNDECIDED none 4.2s
      CTZW                                                    UNDECIDED none 4.2s
      REV8                                                    UNDECIDED none 5.6s
      ZBB_EXTOP      extop_zbb.SEXTB                          UNDECIDED none 4.2s
      ZBB_EXTOP      extop_zbb.SEXTH                          UNDECIDED none 4.3s
      ZBB_EXTOP      extop_zbb.ZEXTH                          UNDECIDED none 4.4s
  addi_gpr_gpr_imm_64__reg_a0__cpp__native_first F over ['a']; 9 candidates
      BREV8                                                   UNDECIDED none 7.2s
      CLZ                                                     UNDECIDED none 4.4s
      CLZW                                                    UNDECIDED none 4.5s
      CTZ                                                     UNDECIDED none 4.3s
      CTZW                                                    UNDECIDED none 4.5s
      REV8                                                    UNDECIDED none 6.0s
      ZBB_EXTOP      extop_zbb.SEXTB                          UNDECIDED none 4.3s
      ZBB_EXTOP      extop_zbb.SEXTH                          UNDECIDED none 4.4s
      ZBB_EXTOP      extop_zbb.ZEXTH                          UNDECIDED none 4.4s
  addi_gpr_gpr_imm_64__reg_a0__rust__native_first F over ['a']; 9 candidates
      BREV8                                                   UNDECIDED none 7.1s
      CLZ                                                     UNDECIDED none 4.3s
      CLZW                                                    UNDECIDED none 4.5s
      CTZ                                                     UNDECIDED none 4.4s
      CTZW                                                    UNDECIDED none 4.4s
      REV8                                                    UNDECIDED none 5.8s
      ZBB_EXTOP      extop_zbb.SEXTB                          UNDECIDED none 4.4s
      ZBB_EXTOP      extop_zbb.SEXTH                          UNDECIDED none 4.5s
      ZBB_EXTOP      extop_zbb.ZEXTH                          UNDECIDED none 4.5s
  and_gpr_gpr_gpr_64__reg_a0__cpp__native_first F over ['a', 'b']; 52 candidates
      RTYPE          rop.ADD                                  UNDECIDED none 5.3s
      RTYPE          rop.SUB                                  UNDECIDED none 5.4s
      RTYPE          rop.SLL                                  UNDECIDED none 4.9s
      RTYPE          rop.SLT                                  UNDECIDED none 6.2s
      RTYPE          rop.SLTU                                 UNDECIDED none 6.4s
      RTYPE          rop.XOR                                  UNDECIDED none 5.0s
      RTYPE          rop.SRL                                  UNDECIDED none 4.8s
      RTYPE          rop.SRA                                  UNDECIDED none 5.3s
      RTYPE          rop.OR                                   UNDECIDED none 5.0s
      RTYPE          rop.AND                                  PROVED    same_text 1.3s
  and_gpr_gpr_gpr_64__reg_a0__rust__native_first F over ['a', 'b']; 52 candidates
      RTYPE          rop.ADD                                  UNDECIDED none 5.4s
      RTYPE          rop.SUB                                  UNDECIDED none 5.3s
      RTYPE          rop.SLL                                  UNDECIDED none 4.9s
      RTYPE          rop.SLT                                  UNDECIDED none 6.4s
      RTYPE          rop.SLTU                                 UNDECIDED none 6.2s
      RTYPE          rop.XOR                                  UNDECIDED none 5.0s
      RTYPE          rop.SRL                                  UNDECIDED none 4.7s
      RTYPE          rop.SRA                                  UNDECIDED none 5.3s
      RTYPE          rop.OR                                   UNDECIDED none 5.0s
      RTYPE          rop.AND                                  PROVED    same_text 1.3s
  andi_gpr_gpr_imm_64__reg_a0__cpp__native_first F over ['a']; 9 candidates
      BREV8                                                   UNDECIDED none 7.5s
      CLZ                                                     UNDECIDED none 4.6s
      CLZW                                                    UNDECIDED none 4.7s
      CTZ                                                     UNDECIDED none 4.6s
      CTZW                                                    UNDECIDED none 4.7s
      REV8                                                    UNDECIDED none 6.2s
      ZBB_EXTOP      extop_zbb.SEXTB                          UNDECIDED none 4.6s
      ZBB_EXTOP      extop_zbb.SEXTH                          UNDECIDED none 4.7s
      ZBB_EXTOP      extop_zbb.ZEXTH                          UNDECIDED none 4.8s
  andi_gpr_gpr_imm_64__reg_a0__rust__native_first F over ['a']; 9 candidates
      BREV8                                                   UNDECIDED none 7.4s
      CLZ                                                     UNDECIDED none 4.6s
      CLZW                                                    UNDECIDED none 4.6s
      CTZ                                                     UNDECIDED none 4.7s
      CTZW                                                    UNDECIDED none 4.6s
      REV8                                                    UNDECIDED none 6.2s
      ZBB_EXTOP      extop_zbb.SEXTB                          UNDECIDED none 4.7s
      ZBB_EXTOP      extop_zbb.SEXTH                          UNDECIDED none 4.8s
      ZBB_EXTOP      extop_zbb.ZEXTH                          UNDECIDED none 4.6s
  beq_gpr_gpr_64__branch_condition__cpp__native_first F over ['a', 'b']; 52 candidates
      RTYPE          rop.ADD                                  UNDECIDED none 6.7s
      RTYPE          rop.SUB                                  UNDECIDED none 6.9s
      RTYPE          rop.SLL                                  UNDECIDED none 6.8s
      RTYPE          rop.SLT                                  UNDECIDED none 8.5s
      RTYPE          rop.SLTU                                 UNDECIDED none 8.4s
      RTYPE          rop.XOR                                  UNDECIDED none 7.3s
      RTYPE          rop.SRL                                  UNDECIDED none 6.6s
      RTYPE          rop.SRA                                  UNDECIDED none 7.0s
      RTYPE          rop.OR                                   UNDECIDED none 6.5s
      RTYPE          rop.AND                                  UNDECIDED none 6.8s
      CLMUL                                                   UNDECIDED none 8.4s
      CLMULH                                                  UNDECIDED none 8.3s
      CLMULR                                                  UNDECIDED none 8.4s
      DIV            false                                    UNDECIDED none 9.6s
      DIV            true                                     UNDECIDED none 9.7s
      DIVW           false                                    UNDECIDED none 11.6s
      DIVW           true                                     UNDECIDED none 12.3s
      MUL            { result_part := VectorHalf.High, signed UNDECIDED none 7.7s
      MUL            { result_part := VectorHalf.High, signed UNDECIDED none 7.8s
  beq_gpr_gpr_64__branch_condition__rust__native_first F over ['a', 'b']; 52 candidates
      RTYPE          rop.ADD                                  UNDECIDED none 6.7s
      RTYPE          rop.SUB                                  UNDECIDED none 6.8s
      RTYPE          rop.SLL                                  UNDECIDED none 6.7s
      RTYPE          rop.SLT                                  UNDECIDED none 8.3s
      RTYPE          rop.SLTU                                 UNDECIDED none 8.3s
      RTYPE          rop.XOR                                  UNDECIDED none 7.1s
      RTYPE          rop.SRL                                  UNDECIDED none 6.8s
      RTYPE          rop.SRA                                  UNDECIDED none 6.8s
      RTYPE          rop.OR                                   UNDECIDED none 6.6s
      RTYPE          rop.AND                                  UNDECIDED none 6.7s
      CLMUL                                                   UNDECIDED none 8.3s
      CLMULH                                                  UNDECIDED none 8.6s
      CLMULR                                                  UNDECIDED none 8.4s
      DIV            false                                    UNDECIDED none 9.8s
      DIV            true                                     UNDECIDED none 10.0s
      DIVW           false                                    UNDECIDED none 11.8s
      DIVW           true                                     UNDECIDED none 12.7s
      MUL            { result_part := VectorHalf.High, signed UNDECIDED none 7.7s
      MUL            { result_part := VectorHalf.High, signed UNDECIDED none 7.6s
  beq_gpr_gpr_gpr_64__branch_condition__cpp__native_first F over ['a', 'b']; 52 candidates
      RTYPE          rop.ADD                                  UNDECIDED none 6.7s
      RTYPE          rop.SUB                                  UNDECIDED none 6.6s
      RTYPE          rop.SLL                                  UNDECIDED none 6.6s
      RTYPE          rop.SLT                                  UNDECIDED none 8.3s
      RTYPE          rop.SLTU                                 UNDECIDED none 8.5s
      RTYPE          rop.XOR                                  UNDECIDED none 7.0s
      RTYPE          rop.SRL                                  UNDECIDED none 6.6s
      RTYPE          rop.SRA                                  UNDECIDED none 6.7s
      RTYPE          rop.OR                                   UNDECIDED none 6.5s
      RTYPE          rop.AND                                  UNDECIDED none 6.6s
      CLMUL                                                   UNDECIDED none 8.3s
      CLMULH                                                  UNDECIDED none 8.4s
      CLMULR                                                  UNDECIDED none 8.2s
      DIV            false                                    UNDECIDED none 9.5s
      DIV            true                                     UNDECIDED none 9.9s
      DIVW           false                                    UNDECIDED none 11.7s
      DIVW           true                                     UNDECIDED none 12.6s
      MUL            { result_part := VectorHalf.High, signed UNDECIDED none 7.6s
      MUL            { result_part := VectorHalf.High, signed UNDECIDED none 7.7s
  beq_gpr_gpr_gpr_64__branch_condition__rust__native_first F over ['a', 'b']; 52 candidates
      RTYPE          rop.ADD                                  UNDECIDED none 6.9s
      RTYPE          rop.SUB                                  UNDECIDED none 6.8s
      RTYPE          rop.SLL                                  UNDECIDED none 6.6s
      RTYPE          rop.SLT                                  UNDECIDED none 8.3s
      RTYPE          rop.SLTU                                 UNDECIDED none 8.5s
      RTYPE          rop.XOR                                  UNDECIDED none 7.1s
      RTYPE          rop.SRL                                  UNDECIDED none 6.6s
      RTYPE          rop.SRA                                  UNDECIDED none 6.7s
      RTYPE          rop.OR                                   UNDECIDED none 6.7s
      RTYPE          rop.AND                                  UNDECIDED none 6.5s
      CLMUL                                                   UNDECIDED none 8.2s
      CLMULH                                                  UNDECIDED none 8.4s
