  emitted definitions scanned: 4750; lean-sail definitions indexed: 137
  lhu_gpr_gpr_gpr_16__reg_a0__go__all_constructed F over ['a']; 9 candidates
      evaluation over 9 candidates on 4 samples, one Lean run: 2.6s; 1 survive
      same_text      over  1 candidates, one Lean run: 1.3s
      integer_level  over  1 candidates, one Lean run: 2.5s
      ZBB_EXTOP      extop_zbb.ZEXTH                          PROVED    fixed_width 5.3s
  sllw_gpr_gpr_gpr_32__reg_a0__c__all_constructed F over ['a', 'b']; 52 candidates
      evaluation over 52 candidates on 4 samples, one Lean run: 7.7s; 1 survive
      same_text      over  1 candidates, one Lean run: 2.4s
      integer_level  over  1 candidates, one Lean run: 97.4s
      RTYPEW         ropw.SLLW                                PROVED    fixed_width 102.2s
  lhu_gpr_imm_16__reg_a0__go__all_constructed  F over ['a']; 9 candidates
      evaluation over 9 candidates on 4 samples, one Lean run: 2.5s; 1 survive
      same_text      over  1 candidates, one Lean run: 1.3s
      integer_level  over  1 candidates, one Lean run: 2.5s
      ZBB_EXTOP      extop_zbb.ZEXTH                          PROVED    fixed_width 5.0s
  lhu_gpr_gpr_16__reg_a0__go__native_first     F over ['a']; 9 candidates
      evaluation over 9 candidates on 4 samples, one Lean run: 2.7s; 1 survive
      same_text      over  1 candidates, one Lean run: 1.3s
      integer_level  over  1 candidates, one Lean run: 2.5s
      ZBB_EXTOP      extop_zbb.ZEXTH                          PROVED    fixed_width 5.0s
  srl_gpr_gpr_gpr_64__reg_a0__go__native_first F over ['a', 'b']; 52 candidates
      evaluation over 52 candidates on 4 samples, one Lean run: 5.1s; 1 survive
      same_text      over  1 candidates, one Lean run: 1.8s
      integer_level  over  1 candidates, one Lean run: 4.0s
      RTYPE          rop.SRL                                  PROVED    fixed_width 7.4s
  lhu_gpr_mem_16__reg_a0__go__native_first     F over ['a']; 9 candidates
      evaluation over 9 candidates on 4 samples, one Lean run: 2.6s; 1 survive
      same_text      over  1 candidates, one Lean run: 1.3s
      integer_level  over  1 candidates, one Lean run: 2.6s
      ZBB_EXTOP      extop_zbb.ZEXTH                          PROVED    fixed_width 5.2s
  blt_gpr_gpr_imm_64__branch_condition__rust__all_constructed F over ['a', 'b']; 52 candidates
      evaluation over 52 candidates on 4 samples, one Lean run: 39.7s; 1 survive
      same_text      over  1 candidates, one Lean run: 2.7s
      integer_level  over  1 candidates, one Lean run: 4.4s
      RTYPE          rop.SLT                                  UNDECIDED none 17.1s
  sllw_gpr_gpr_gpr_32__reg_a0__cpp__all_constructed F over ['a', 'b']; 52 candidates
      evaluation over 52 candidates on 4 samples, one Lean run: 7.9s; 1 survive
      same_text      over  1 candidates, one Lean run: 2.3s
      integer_level  over  1 candidates, one Lean run: 96.8s
      RTYPEW         ropw.SLLW                                PROVED    fixed_width 101.4s
  srlw_gpr_gpr_gpr_32__reg_a0__rust__all_constructed F over ['a', 'b']; 52 candidates
      evaluation over 52 candidates on 4 samples, one Lean run: 7.6s; 1 survive
      same_text      over  1 candidates, one Lean run: 2.3s
      integer_level  over  1 candidates, one Lean run: 4.7s
      RTYPEW         ropw.SRLW                                PROVED    fixed_width 9.2s
  bltu_gpr_gpr_gpr_64__branch_condition__rust__all_constructed F over ['a', 'b']; 52 candidates
      evaluation over 52 candidates on 4 samples, one Lean run: 12.8s; 1 survive
      same_text      over  1 candidates, one Lean run: 2.4s
      integer_level  over  1 candidates, one Lean run: 6.1s
      RTYPE          rop.SLTU                                 UNDECIDED none 11.7s
  srl_gpr_gpr_gpr_64__reg_a0__cpp__all_constructed F over ['a', 'b']; 52 candidates
      evaluation over 52 candidates on 4 samples, one Lean run: 5.0s; 1 survive
      same_text      over  1 candidates, one Lean run: 1.9s
      integer_level  over  1 candidates, one Lean run: 10.1s
      RTYPE          rop.SRL                                  PROVED    fixed_width 13.3s
  equals: 11 units, 9 with a proved definition
