  proof lib LeanIM; executable lib LeanIMPrExecutable; decoder state: s0
  emitted definitions scanned: 4750
  decode: 458 words, lean rc=0, 237.7s
  register expressions evaluated: 9 of 10 (14.2s)
  certifying with 2 Lean job(s) at a time
  add_gpr_gpr_gpr_64__reg_a0__go__all_constructed REFUSED  no certified pure form for JALR (an element the rule does not know: (update_elp_state rs1))
  add_gpr_gpr_same_64__reg_a0__go__all_constructed REFUSED  no certified pure form for JALR (an element the rule does not know: (update_elp_state rs1))
  addi_gpr_gpr_imm_64__reg_a0__go__all_constructed REFUSED  no certified pure form for JALR (an element the rule does not know: (update_elp_state rs1))
  addiw_gpr_gpr_imm_32__reg_a0__c__all_constructed REFUSED  71 instructions, above the walk's bound of 64
  addiw_gpr_gpr_imm_32__reg_a0__go__all_constructed REFUSED  170 instructions, above the walk's bound of 64
  addw_gpr_gpr_gpr_32__reg_a0__c__all_constructed REFUSED  71 instructions, above the walk's bound of 64
  addw_gpr_gpr_gpr_32__reg_a0__go__all_constructed REFUSED  170 instructions, above the walk's bound of 64
  addw_gpr_gpr_same_32__reg_a0__go__all_constructed REFUSED  144 instructions, above the walk's bound of 64
  and_gpr_gpr_gpr_64__reg_a0__go__all_constructed REFUSED  no certified pure form for JALR (an element the rule does not know: (update_elp_state rs1))
  andi_gpr_gpr_imm_64__reg_a0__go__all_constructed REFUSED  no certified pure form for JALR (an element the rule does not know: (update_elp_state rs1))
  auipc_gpr_imm_32__reg_a0__c__all_constructed REFUSED  no certified pure form for UTYPE (an effect in an arm beyond register reads: ((← (get_arch_pc ())) + off))
  auipc_gpr_imm_32__reg_a0__go__all_constructed REFUSED  no certified pure form for UTYPE (an effect in an arm beyond register reads: ((← (get_arch_pc ())) + off))
  bge_gpr_gpr_64__branch_condition__go__all_constructed REFUSED  no certified pure form for JALR (an element the rule does not know: (update_elp_state rs1))
  bge_gpr_gpr_gpr_64__branch_condition__go__all_constructed REFUSED  no certified pure form for JALR (an element the rule does not know: (update_elp_state rs1))
  bge_gpr_gpr_imm_64__branch_condition__go__all_constructed REFUSED  no certified pure form for JALR (an element the rule does not know: (update_elp_state rs1))
  bge_gpr_gpr_same_64__branch_condition__go__all_constructed REFUSED  no certified pure form for JALR (an element the rule does not know: (update_elp_state rs1))
  blt_gpr_gpr_64__branch_condition__c__all_constructed REFUSED  register of read r not resolved
  blt_gpr_gpr_64__branch_condition__go__all_constructed REFUSED  no certified pure form for C_NOP (a pure clause that is not an ExecuteAs alias: RETIRE_SUCCESS)
  blt_gpr_gpr_gpr_64__branch_condition__c__all_constructed REFUSED  register of read r not resolved
  blt_gpr_gpr_gpr_64__branch_condition__go__all_constructed REFUSED  no certified pure form for C_NOP (a pure clause that is not an ExecuteAs alias: RETIRE_SUCCESS)
  blt_gpr_gpr_imm_64__branch_condition__c__all_constructed REFUSED  register of read r not resolved
  blt_gpr_gpr_imm_64__branch_condition__go__all_constructed REFUSED  no certified pure form for C_NOP (a pure clause that is not an ExecuteAs alias: RETIRE_SUCCESS)
  blt_gpr_gpr_same_64__branch_condition__c__all_constructed REFUSED  register of read r not resolved
  blt_gpr_gpr_same_64__branch_condition__go__all_constructed REFUSED  no certified pure form for C_NOP (a pure clause that is not an ExecuteAs alias: RETIRE_SUCCESS)
  bltu_gpr_gpr_64__branch_condition__c__all_constructed REFUSED  register of read r not resolved
  bltu_gpr_gpr_64__branch_condition__go__all_constructed REFUSED  no certified pure form for C_NOP (a pure clause that is not an ExecuteAs alias: RETIRE_SUCCESS)
  bltu_gpr_gpr_gpr_64__branch_condition__c__all_constructed REFUSED  register of read r not resolved
  bltu_gpr_gpr_gpr_64__branch_condition__go__all_constructed REFUSED  no certified pure form for C_NOP (a pure clause that is not an ExecuteAs alias: RETIRE_SUCCESS)
  bltu_gpr_gpr_imm_64__branch_condition__c__all_constructed REFUSED  register of read r not resolved
  bltu_gpr_gpr_imm_64__branch_condition__go__all_constructed REFUSED  no certified pure form for C_NOP (a pure clause that is not an ExecuteAs alias: RETIRE_SUCCESS)
  bltu_gpr_gpr_same_64__branch_condition__c__all_constructed REFUSED  register of read r not resolved
  bltu_gpr_gpr_same_64__branch_condition__go__all_constructed REFUSED  no certified pure form for C_NOP (a pure clause that is not an ExecuteAs alias: RETIRE_SUCCESS)
  bne_gpr_gpr_64__branch_condition__go__all_constructed REFUSED  no certified pure form for C_NOP (a pure clause that is not an ExecuteAs alias: RETIRE_SUCCESS)
  bne_gpr_gpr_gpr_64__branch_condition__go__all_constructed REFUSED  no certified pure form for C_NOP (a pure clause that is not an ExecuteAs alias: RETIRE_SUCCESS)
  bne_gpr_gpr_imm_64__branch_condition__go__all_constructed REFUSED  no certified pure form for C_NOP (a pure clause that is not an ExecuteAs alias: RETIRE_SUCCESS)
  bne_gpr_gpr_same_64__branch_condition__go__all_constructed REFUSED  no certified pure form for C_NOP (a pure clause that is not an ExecuteAs alias: RETIRE_SUCCESS)
  czero_eqz_gpr_gpr_gpr_64__reg_a0__c__all_constructed REFUSED  no certified pure form for ZICOND_RTYPE (an element the rule does not know: let condition ← (( do)
  czero_eqz_gpr_gpr_gpr_64__reg_a0__go__all_constructed REFUSED  no certified pure form for C_NOP (a pure clause that is not an ExecuteAs alias: RETIRE_SUCCESS)
  czero_eqz_gpr_gpr_same_64__reg_a0__c__all_constructed REFUSED  no certified pure form for ZICOND_RTYPE (an element the rule does not know: let condition ← (( do)
  czero_eqz_gpr_gpr_same_64__reg_a0__go__all_constructed REFUSED  no certified pure form for C_NOP (a pure clause that is not an ExecuteAs alias: RETIRE_SUCCESS)
  czero_nez_gpr_gpr_gpr_64__reg_a0__c__all_constructed REFUSED  no certified pure form for ZICOND_RTYPE (an element the rule does not know: let condition ← (( do)
  czero_nez_gpr_gpr_gpr_64__reg_a0__go__all_constructed REFUSED  no certified pure form for C_NOP (a pure clause that is not an ExecuteAs alias: RETIRE_SUCCESS)
  czero_nez_gpr_gpr_same_64__reg_a0__c__all_constructed REFUSED  no certified pure form for ZICOND_RTYPE (an element the rule does not know: let condition ← (( do)
  czero_nez_gpr_gpr_same_64__reg_a0__go__all_constructed REFUSED  no certified pure form for C_NOP (a pure clause that is not an ExecuteAs alias: RETIRE_SUCCESS)
  div_gpr_gpr_gpr_64__reg_a0__c__all_constructed REFUSED  6428 instructions, above the walk's bound of 64
  div_gpr_gpr_gpr_64__reg_a0__go__all_constructed REFUSED  9109 instructions, above the walk's bound of 64
  div_gpr_gpr_same_64__reg_a0__c__all_constructed REFUSED  6345 instructions, above the walk's bound of 64
  div_gpr_gpr_same_64__reg_a0__go__all_constructed REFUSED  9021 instructions, above the walk's bound of 64
  divu_gpr_gpr_gpr_64__reg_a0__c__all_constructed REFUSED  6270 instructions, above the walk's bound of 64
  divu_gpr_gpr_gpr_64__reg_a0__go__all_constructed REFUSED  8927 instructions, above the walk's bound of 64
  divu_gpr_gpr_same_64__reg_a0__c__all_constructed REFUSED  6266 instructions, above the walk's bound of 64
  divu_gpr_gpr_same_64__reg_a0__go__all_constructed REFUSED  8925 instructions, above the walk's bound of 64
  divuw_gpr_gpr_gpr_32__reg_a0__c__all_constructed REFUSED  1459 instructions, above the walk's bound of 64
  divuw_gpr_gpr_gpr_32__reg_a0__go__all_constructed REFUSED  1998 instructions, above the walk's bound of 64
  divuw_gpr_gpr_same_32__reg_a0__c__all_constructed REFUSED  1463 instructions, above the walk's bound of 64
  divuw_gpr_gpr_same_32__reg_a0__go__all_constructed REFUSED  1997 instructions, above the walk's bound of 64
  divw_gpr_gpr_gpr_32__reg_a0__c__all_constructed REFUSED  1610 instructions, above the walk's bound of 64
  divw_gpr_gpr_gpr_32__reg_a0__go__all_constructed REFUSED  2159 instructions, above the walk's bound of 64
  divw_gpr_gpr_same_32__reg_a0__c__all_constructed REFUSED  1543 instructions, above the walk's bound of 64
  divw_gpr_gpr_same_32__reg_a0__go__all_constructed REFUSED  2082 instructions, above the walk's bound of 64
  fadd_d_fpr_fpr_fpr_64__freg_fa0__c__native_first REFUSED  no certified pure form for ILLEGAL (a pure clause that is not an ExecuteAs alias: (Illegal_Instruction ()))
  fadd_s_fpr_fpr_fpr_32__freg_fa0__c__native_first REFUSED  no certified pure form for ILLEGAL (a pure clause that is not an ExecuteAs alias: (Illegal_Instruction ()))
  fcvt_d_l_fpr_gpr_64__freg_fa0__c__native_first REFUSED  no certified pure form for ILLEGAL (a pure clause that is not an ExecuteAs alias: (Illegal_Instruction ()))
  fcvt_d_lu_fpr_gpr_64__freg_fa0__c__native_first REFUSED  no certified pure form for ILLEGAL (a pure clause that is not an ExecuteAs alias: (Illegal_Instruction ()))
  fcvt_d_s_fpr_fpr_64__freg_fa0__c__native_first REFUSED  no certified pure form for ILLEGAL (a pure clause that is not an ExecuteAs alias: (Illegal_Instruction ()))
  fcvt_d_s_fpr_fpr_fpr_64__freg_fa0__c__native_first REFUSED  no certified pure form for ILLEGAL (a pure clause that is not an ExecuteAs alias: (Illegal_Instruction ()))
  fcvt_d_w_fpr_gpr_64__freg_fa0__c__native_first REFUSED  no certified pure form for ILLEGAL (a pure clause that is not an ExecuteAs alias: (Illegal_Instruction ()))
  fcvt_d_wu_fpr_gpr_64__freg_fa0__c__native_first REFUSED  no certified pure form for ILLEGAL (a pure clause that is not an ExecuteAs alias: (Illegal_Instruction ()))
  fcvt_s_d_fpr_fpr_32__freg_fa0__c__native_first REFUSED  no certified pure form for ILLEGAL (a pure clause that is not an ExecuteAs alias: (Illegal_Instruction ()))
  fcvt_s_d_fpr_fpr_fpr_32__freg_fa0__c__native_first REFUSED  no certified pure form for ILLEGAL (a pure clause that is not an ExecuteAs alias: (Illegal_Instruction ()))
  fcvt_s_l_fpr_gpr_32__freg_fa0__c__native_first REFUSED  no certified pure form for ILLEGAL (a pure clause that is not an ExecuteAs alias: (Illegal_Instruction ()))
  fcvt_s_lu_fpr_gpr_32__freg_fa0__c__native_first REFUSED  no certified pure form for ILLEGAL (a pure clause that is not an ExecuteAs alias: (Illegal_Instruction ()))
  fcvt_s_w_fpr_gpr_32__freg_fa0__c__native_first REFUSED  no certified pure form for ILLEGAL (a pure clause that is not an ExecuteAs alias: (Illegal_Instruction ()))
  fcvt_s_wu_fpr_gpr_32__freg_fa0__c__native_first REFUSED  no certified pure form for ILLEGAL (a pure clause that is not an ExecuteAs alias: (Illegal_Instruction ()))
  fdiv_d_fpr_fpr_fpr_64__freg_fa0__c__native_first REFUSED  no certified pure form for ILLEGAL (a pure clause that is not an ExecuteAs alias: (Illegal_Instruction ()))
  fdiv_s_fpr_fpr_fpr_32__freg_fa0__c__native_first REFUSED  no certified pure form for ILLEGAL (a pure clause that is not an ExecuteAs alias: (Illegal_Instruction ()))
  feq_d_gpr_fpr_fpr_64__reg_a0__c__all_constructed REFUSED  90 instructions, above the walk's bound of 64
  feq_d_gpr_fpr_fpr_64__reg_a0__go__all_constructed REFUSED  115 instructions, above the walk's bound of 64
  feq_s_gpr_fpr_fpr_32__reg_a0__c__all_constructed REFUSED  72 instructions, above the walk's bound of 64
  feq_s_gpr_fpr_fpr_32__reg_a0__go__all_constructed REFUSED  143 instructions, above the walk's bound of 64
  fle_d_gpr_fpr_fpr_64__reg_a0__c__all_constructed REFUSED  147 instructions, above the walk's bound of 64
  fle_d_gpr_fpr_fpr_64__reg_a0__go__all_constructed REFUSED  166 instructions, above the walk's bound of 64
  fle_s_gpr_fpr_fpr_32__reg_a0__c__all_constructed REFUSED  125 instructions, above the walk's bound of 64
  fle_s_gpr_fpr_fpr_32__reg_a0__go__all_constructed REFUSED  188 instructions, above the walk's bound of 64
  flt_d_gpr_fpr_fpr_64__reg_a0__c__all_constructed REFUSED  130 instructions, above the walk's bound of 64
  flt_d_gpr_fpr_fpr_64__reg_a0__go__all_constructed REFUSED  149 instructions, above the walk's bound of 64
  flt_s_gpr_fpr_fpr_32__reg_a0__c__all_constructed REFUSED  112 instructions, above the walk's bound of 64
  flt_s_gpr_fpr_fpr_32__reg_a0__go__all_constructed REFUSED  175 instructions, above the walk's bound of 64
  flw_fpr_fpr_32__freg_fa0__go__all_constructed REFUSED  no certified pure form for JALR (an element the rule does not know: (update_elp_state rs1))
  flw_fpr_fpr_fpr_32__freg_fa0__go__all_constructed REFUSED  no certified pure form for JALR (an element the rule does not know: (update_elp_state rs1))
  flw_fpr_gpr_32__freg_fa0__go__all_constructed REFUSED  no certified pure form for JALR (an element the rule does not know: (update_elp_state rs1))
  flw_fpr_mem_32__freg_fa0__go__all_constructed REFUSED  no certified pure form for JALR (an element the rule does not know: (update_elp_state rs1))
  fmul_d_fpr_fpr_fpr_64__freg_fa0__c__native_first REFUSED  no certified pure form for ILLEGAL (a pure clause that is not an ExecuteAs alias: (Illegal_Instruction ()))
  fmul_s_fpr_fpr_fpr_32__freg_fa0__c__native_first REFUSED  no certified pure form for ILLEGAL (a pure clause that is not an ExecuteAs alias: (Illegal_Instruction ()))
  fmv_w_x_fpr_gpr_32__freg_fa0__go__all_constructed REFUSED  no certified pure form for JALR (an element the rule does not know: (update_elp_state rs1))
  fmv_x_w_gpr_fpr_32__reg_a0__go__all_constructed REFUSED  140 instructions, above the walk's bound of 64
  fmv_x_w_gpr_fpr_fpr_32__reg_a0__go__all_constructed REFUSED  140 instructions, above the walk's bound of 64
  fsub_d_fpr_fpr_fpr_64__freg_fa0__c__native_first REFUSED  no certified pure form for ILLEGAL (a pure clause that is not an ExecuteAs alias: (Illegal_Instruction ()))
  fsub_s_fpr_fpr_fpr_32__freg_fa0__c__native_first REFUSED  no certified pure form for ILLEGAL (a pure clause that is not an ExecuteAs alias: (Illegal_Instruction ()))
  jal_gpr_fpr_64__reg_a0__go__all_constructed REFUSED  no certified pure form for JALR (an element the rule does not know: (update_elp_state rs1))
  jal_gpr_fpr_fpr_64__reg_a0__go__all_constructed REFUSED  no certified pure form for JALR (an element the rule does not know: (update_elp_state rs1))
  jal_gpr_gpr_64__reg_a0__go__all_constructed REFUSED  no certified pure form for JALR (an element the rule does not know: (update_elp_state rs1))
  jal_gpr_gpr_gpr_64__reg_a0__go__all_constructed REFUSED  no certified pure form for JALR (an element the rule does not know: (update_elp_state rs1))
  jal_gpr_gpr_imm_64__reg_a0__go__all_constructed REFUSED  no certified pure form for JALR (an element the rule does not know: (update_elp_state rs1))
  jal_gpr_gpr_same_64__reg_a0__go__all_constructed REFUSED  no certified pure form for JALR (an element the rule does not know: (update_elp_state rs1))
  jal_gpr_imm_64__reg_a0__go__all_constructed REFUSED  no certified pure form for JALR (an element the rule does not know: (update_elp_state rs1))
  jal_gpr_mem_64__reg_a0__go__all_constructed REFUSED  no certified pure form for JALR (an element the rule does not know: (update_elp_state rs1))
  jalr_gpr_fpr_64__reg_a0__go__all_constructed REFUSED  no certified pure form for JALR (an element the rule does not know: (update_elp_state rs1))
  jalr_gpr_fpr_fpr_64__reg_a0__go__all_constructed REFUSED  no certified pure form for JALR (an element the rule does not know: (update_elp_state rs1))
  jalr_gpr_gpr_64__reg_a0__go__all_constructed REFUSED  no certified pure form for JALR (an element the rule does not know: (update_elp_state rs1))
  jalr_gpr_gpr_gpr_64__reg_a0__go__all_constructed REFUSED  no certified pure form for JALR (an element the rule does not know: (update_elp_state rs1))
  jalr_gpr_gpr_imm_64__reg_a0__go__all_constructed REFUSED  no certified pure form for JALR (an element the rule does not know: (update_elp_state rs1))
  jalr_gpr_gpr_same_64__reg_a0__go__all_constructed REFUSED  no certified pure form for JALR (an element the rule does not know: (update_elp_state rs1))
  jalr_gpr_imm_64__reg_a0__go__all_constructed REFUSED  no certified pure form for JALR (an element the rule does not know: (update_elp_state rs1))
  jalr_gpr_mem_64__reg_a0__go__all_constructed REFUSED  no certified pure form for JALR (an element the rule does not know: (update_elp_state rs1))
  lb_gpr_fpr_8__reg_a0__go__all_constructed REFUSED  263 instructions, above the walk's bound of 64
  lb_gpr_fpr_fpr_8__reg_a0__go__all_constructed REFUSED  263 instructions, above the walk's bound of 64
  lb_gpr_gpr_8__reg_a0__go__all_constructed REFUSED  263 instructions, above the walk's bound of 64
  lb_gpr_gpr_gpr_8__reg_a0__go__all_constructed REFUSED  263 instructions, above the walk's bound of 64
  lb_gpr_gpr_imm_8__reg_a0__go__all_constructed REFUSED  263 instructions, above the walk's bound of 64
  lb_gpr_gpr_same_8__reg_a0__go__all_constructed REFUSED  263 instructions, above the walk's bound of 64
  lb_gpr_imm_8__reg_a0__go__all_constructed REFUSED  263 instructions, above the walk's bound of 64
  lb_gpr_mem_8__reg_a0__go__all_constructed REFUSED  263 instructions, above the walk's bound of 64
  lh_gpr_fpr_16__reg_a0__go__all_constructed REFUSED  222 instructions, above the walk's bound of 64
  lh_gpr_fpr_fpr_16__reg_a0__go__all_constructed REFUSED  222 instructions, above the walk's bound of 64
  lh_gpr_gpr_16__reg_a0__go__all_constructed REFUSED  222 instructions, above the walk's bound of 64
  lh_gpr_gpr_gpr_16__reg_a0__go__all_constructed REFUSED  222 instructions, above the walk's bound of 64
  lh_gpr_gpr_imm_16__reg_a0__go__all_constructed REFUSED  222 instructions, above the walk's bound of 64
  lh_gpr_gpr_same_16__reg_a0__go__all_constructed REFUSED  222 instructions, above the walk's bound of 64
  lh_gpr_imm_16__reg_a0__go__all_constructed REFUSED  222 instructions, above the walk's bound of 64
  lh_gpr_mem_16__reg_a0__go__all_constructed REFUSED  222 instructions, above the walk's bound of 64
  lui_gpr_imm_32__reg_a0__c__all_constructed REFUSED  no certified pure form for UTYPE (an effect in an arm beyond register reads: ((← (get_arch_pc ())) + off))
  lui_gpr_imm_32__reg_a0__go__all_constructed REFUSED  no certified pure form for UTYPE (an effect in an arm beyond register reads: ((← (get_arch_pc ())) + off))
  lw_gpr_fpr_32__reg_a0__go__all_constructed REFUSED  140 instructions, above the walk's bound of 64
  lw_gpr_fpr_fpr_32__reg_a0__go__all_constructed REFUSED  140 instructions, above the walk's bound of 64
  lw_gpr_gpr_32__reg_a0__go__all_constructed REFUSED  140 instructions, above the walk's bound of 64
  lw_gpr_gpr_gpr_32__reg_a0__go__all_constructed REFUSED  140 instructions, above the walk's bound of 64
  lw_gpr_gpr_imm_32__reg_a0__go__all_constructed REFUSED  140 instructions, above the walk's bound of 64
  lw_gpr_gpr_same_32__reg_a0__go__all_constructed REFUSED  140 instructions, above the walk's bound of 64
  lw_gpr_imm_32__reg_a0__go__all_constructed REFUSED  140 instructions, above the walk's bound of 64
  lw_gpr_mem_32__reg_a0__go__all_constructed REFUSED  140 instructions, above the walk's bound of 64
  mul_gpr_gpr_gpr_64__reg_a0__c__all_constructed REFUSED  2255 instructions, above the walk's bound of 64
  mul_gpr_gpr_gpr_64__reg_a0__go__all_constructed REFUSED  2626 instructions, above the walk's bound of 64
  mul_gpr_gpr_same_64__reg_a0__c__all_constructed REFUSED  2257 instructions, above the walk's bound of 64
  mul_gpr_gpr_same_64__reg_a0__go__all_constructed REFUSED  2626 instructions, above the walk's bound of 64
  mulh_gpr_gpr_gpr_64__reg_a0__c__all_constructed REFUSED  10283 instructions, above the walk's bound of 64
  mulh_gpr_gpr_gpr_64__reg_a0__go__all_constructed REFUSED  18837 instructions, above the walk's bound of 64
  mulh_gpr_gpr_same_64__reg_a0__c__all_constructed REFUSED  9855 instructions, above the walk's bound of 64
  mulh_gpr_gpr_same_64__reg_a0__go__all_constructed REFUSED  18878 instructions, above the walk's bound of 64
  mulhsu_gpr_gpr_gpr_64__reg_a0__c__all_constructed REFUSED  7807 instructions, above the walk's bound of 64
  mulhsu_gpr_gpr_gpr_64__reg_a0__go__all_constructed REFUSED  14534 instructions, above the walk's bound of 64
  mulhsu_gpr_gpr_same_64__reg_a0__c__all_constructed REFUSED  7780 instructions, above the walk's bound of 64
  mulhsu_gpr_gpr_same_64__reg_a0__go__all_constructed REFUSED  14834 instructions, above the walk's bound of 64
  mulhu_gpr_gpr_gpr_64__reg_a0__c__all_constructed REFUSED  7086 instructions, above the walk's bound of 64
  mulhu_gpr_gpr_gpr_64__reg_a0__go__all_constructed REFUSED  14083 instructions, above the walk's bound of 64
  mulhu_gpr_gpr_same_64__reg_a0__c__all_constructed REFUSED  7087 instructions, above the walk's bound of 64
  mulhu_gpr_gpr_same_64__reg_a0__go__all_constructed REFUSED  14392 instructions, above the walk's bound of 64
  mulw_gpr_gpr_gpr_32__reg_a0__c__all_constructed REFUSED  971 instructions, above the walk's bound of 64
  mulw_gpr_gpr_gpr_32__reg_a0__go__all_constructed REFUSED  1264 instructions, above the walk's bound of 64
  mulw_gpr_gpr_same_32__reg_a0__c__all_constructed REFUSED  971 instructions, above the walk's bound of 64
  mulw_gpr_gpr_same_32__reg_a0__go__all_constructed REFUSED  1264 instructions, above the walk's bound of 64
  or_gpr_gpr_gpr_64__reg_a0__go__all_constructed REFUSED  no certified pure form for JALR (an element the rule does not know: (update_elp_state rs1))
  rem_gpr_gpr_gpr_64__reg_a0__c__all_constructed REFUSED  6167 instructions, above the walk's bound of 64
  rem_gpr_gpr_gpr_64__reg_a0__go__all_constructed REFUSED  8784 instructions, above the walk's bound of 64
  rem_gpr_gpr_same_64__reg_a0__c__all_constructed REFUSED  6127 instructions, above the walk's bound of 64
  rem_gpr_gpr_same_64__reg_a0__go__all_constructed REFUSED  8738 instructions, above the walk's bound of 64
  remu_gpr_gpr_gpr_64__reg_a0__c__all_constructed REFUSED  6014 instructions, above the walk's bound of 64
  remu_gpr_gpr_gpr_64__reg_a0__go__all_constructed REFUSED  8597 instructions, above the walk's bound of 64
  remu_gpr_gpr_same_64__reg_a0__c__all_constructed REFUSED  6014 instructions, above the walk's bound of 64
  remu_gpr_gpr_same_64__reg_a0__go__all_constructed REFUSED  8595 instructions, above the walk's bound of 64
  remuw_gpr_gpr_gpr_32__reg_a0__c__all_constructed REFUSED  1401 instructions, above the walk's bound of 64
  remuw_gpr_gpr_gpr_32__reg_a0__go__all_constructed REFUSED  1894 instructions, above the walk's bound of 64
  remuw_gpr_gpr_same_32__reg_a0__c__all_constructed REFUSED  1405 instructions, above the walk's bound of 64
  remuw_gpr_gpr_same_32__reg_a0__go__all_constructed REFUSED  1890 instructions, above the walk's bound of 64
  remw_gpr_gpr_gpr_32__reg_a0__c__all_constructed REFUSED  1545 instructions, above the walk's bound of 64
  remw_gpr_gpr_gpr_32__reg_a0__go__all_constructed REFUSED  2041 instructions, above the walk's bound of 64
  remw_gpr_gpr_same_32__reg_a0__c__all_constructed REFUSED  1512 instructions, above the walk's bound of 64
  remw_gpr_gpr_same_32__reg_a0__go__all_constructed REFUSED  2005 instructions, above the walk's bound of 64
  sh_gpr_fpr_16__mem_MEM_fa1__c__all_constructed REFUSED  no certified pure form for UTYPE (an effect in an arm beyond register reads: ((← (get_arch_pc ())) + off))
  sh_gpr_fpr_16__mem_MEM_fa1__go__all_constructed REFUSED  no certified pure form for UTYPE (an effect in an arm beyond register reads: ((← (get_arch_pc ())) + off))
  sh_gpr_fpr_fpr_16__mem_MEM_fa1__c__all_constructed REFUSED  no certified pure form for UTYPE (an effect in an arm beyond register reads: ((← (get_arch_pc ())) + off))
  sh_gpr_fpr_fpr_16__mem_MEM_fa1__go__all_constructed REFUSED  no certified pure form for UTYPE (an effect in an arm beyond register reads: ((← (get_arch_pc ())) + off))
  sh_gpr_gpr_16__mem_MEM_a1__c__all_constructed REFUSED  no certified pure form for UTYPE (an effect in an arm beyond register reads: ((← (get_arch_pc ())) + off))
  sh_gpr_gpr_16__mem_MEM_a1__go__all_constructed REFUSED  no certified pure form for UTYPE (an effect in an arm beyond register reads: ((← (get_arch_pc ())) + off))
  sh_gpr_gpr_gpr_16__mem_MEM_a1__c__all_constructed REFUSED  no certified pure form for UTYPE (an effect in an arm beyond register reads: ((← (get_arch_pc ())) + off))
  sh_gpr_gpr_gpr_16__mem_MEM_a1__go__all_constructed REFUSED  no certified pure form for UTYPE (an effect in an arm beyond register reads: ((← (get_arch_pc ())) + off))
  sh_gpr_gpr_imm_16__mem_MEM_a1__c__all_constructed REFUSED  no certified pure form for UTYPE (an effect in an arm beyond register reads: ((← (get_arch_pc ())) + off))
  sh_gpr_gpr_imm_16__mem_MEM_a1__go__all_constructed REFUSED  no certified pure form for UTYPE (an effect in an arm beyond register reads: ((← (get_arch_pc ())) + off))
  sh_gpr_gpr_same_16__mem_MEM_a1__c__all_constructed REFUSED  no certified pure form for UTYPE (an effect in an arm beyond register reads: ((← (get_arch_pc ())) + off))
  sh_gpr_gpr_same_16__mem_MEM_a1__go__all_constructed REFUSED  no certified pure form for UTYPE (an effect in an arm beyond register reads: ((← (get_arch_pc ())) + off))
  sh_gpr_imm_16__mem_MEM_0x3__c__all_constructed REFUSED  no certified pure form for UTYPE (an effect in an arm beyond register reads: ((← (get_arch_pc ())) + off))
  sh_gpr_imm_16__mem_MEM_0x3__go__all_constructed REFUSED  no certified pure form for UTYPE (an effect in an arm beyond register reads: ((← (get_arch_pc ())) + off))
  sh_gpr_mem_16__mem_MEM_0x0_a1___c__all_constructed REFUSED  no certified pure form for UTYPE (an effect in an arm beyond register reads: ((← (get_arch_pc ())) + off))
  sh_gpr_mem_16__mem_MEM_0x0_a1___go__all_constructed REFUSED  no certified pure form for UTYPE (an effect in an arm beyond register reads: ((← (get_arch_pc ())) + off))
  sll_gpr_gpr_gpr_64__reg_a0__go__all_constructed REFUSED  106 instructions, above the walk's bound of 64
  sll_gpr_gpr_same_64__reg_a0__go__all_constructed REFUSED  107 instructions, above the walk's bound of 64
  slli_gpr_gpr_imm_64__reg_a0__go__all_constructed REFUSED  no certified pure form for JALR (an element the rule does not know: (update_elp_state rs1))
  slliw_gpr_gpr_imm_32__reg_a0__go__all_constructed REFUSED  148 instructions, above the walk's bound of 64
  sllw_gpr_gpr_gpr_32__reg_a0__go__all_constructed REFUSED  230 instructions, above the walk's bound of 64
  sllw_gpr_gpr_same_32__reg_a0__go__all_constructed REFUSED  227 instructions, above the walk's bound of 64
  slt_gpr_gpr_gpr_64__reg_a0__c__all_constructed REFUSED  register of read r not resolved
  slt_gpr_gpr_gpr_64__reg_a0__go__all_constructed REFUSED  no certified pure form for C_NOP (a pure clause that is not an ExecuteAs alias: RETIRE_SUCCESS)
  slt_gpr_gpr_same_64__reg_a0__go__all_constructed REFUSED  no certified pure form for JALR (an element the rule does not know: (update_elp_state rs1))
  slti_gpr_gpr_imm_64__reg_a0__c__all_constructed REFUSED  register of read r not resolved
  slti_gpr_gpr_imm_64__reg_a0__go__all_constructed REFUSED  no certified pure form for C_NOP (a pure clause that is not an ExecuteAs alias: RETIRE_SUCCESS)
  sltiu_gpr_gpr_imm_64__reg_a0__go__all_constructed REFUSED  no certified pure form for BTYPE (an element the rule does not know: let taken ← (( do)
  sltu_gpr_gpr_gpr_64__reg_a0__c__all_constructed REFUSED  register of read r not resolved
  sltu_gpr_gpr_gpr_64__reg_a0__go__all_constructed REFUSED  no certified pure form for C_NOP (a pure clause that is not an ExecuteAs alias: RETIRE_SUCCESS)
  sltu_gpr_gpr_same_64__reg_a0__go__all_constructed REFUSED  no certified pure form for JALR (an element the rule does not know: (update_elp_state rs1))
  sra_gpr_gpr_gpr_64__reg_a0__c__all_constructed REFUSED  no certified pure form for ZICOND_RTYPE (an element the rule does not know: let condition ← (( do)
  sra_gpr_gpr_gpr_64__reg_a0__go__all_constructed REFUSED  155 instructions, above the walk's bound of 64
  sra_gpr_gpr_same_64__reg_a0__c__all_constructed REFUSED  no certified pure form for ZICOND_RTYPE (an element the rule does not know: let condition ← (( do)
  sra_gpr_gpr_same_64__reg_a0__go__all_constructed REFUSED  153 instructions, above the walk's bound of 64
  srai_gpr_gpr_imm_64__reg_a0__go__all_constructed REFUSED  no certified pure form for BTYPE (an element the rule does not know: let taken ← (( do)
  sraiw_gpr_gpr_imm_32__reg_a0__go__all_constructed REFUSED  161 instructions, above the walk's bound of 64
  sraw_gpr_gpr_gpr_32__reg_a0__c__all_constructed REFUSED  89 instructions, above the walk's bound of 64
  sraw_gpr_gpr_gpr_32__reg_a0__go__all_constructed REFUSED  268 instructions, above the walk's bound of 64
  sraw_gpr_gpr_same_32__reg_a0__c__all_constructed REFUSED  88 instructions, above the walk's bound of 64
  sraw_gpr_gpr_same_32__reg_a0__go__all_constructed REFUSED  268 instructions, above the walk's bound of 64
  srl_gpr_gpr_gpr_64__reg_a0__go__all_constructed REFUSED  106 instructions, above the walk's bound of 64
  srl_gpr_gpr_same_64__reg_a0__go__all_constructed REFUSED  106 instructions, above the walk's bound of 64
  srli_gpr_gpr_imm_64__reg_a0__go__all_constructed REFUSED  no certified pure form for JALR (an element the rule does not know: (update_elp_state rs1))
  srliw_gpr_gpr_imm_32__reg_a0__go__all_constructed REFUSED  no certified pure form for UTYPE (an effect in an arm beyond register reads: ((← (get_arch_pc ())) + off))
  srlw_gpr_gpr_gpr_32__reg_a0__go__all_constructed REFUSED  230 instructions, above the walk's bound of 64
  srlw_gpr_gpr_same_32__reg_a0__c__all_constructed REFUSED  no certified pure form for ZICOND_RTYPE (an element the rule does not know: let condition ← (( do)
  srlw_gpr_gpr_same_32__reg_a0__go__all_constructed REFUSED  227 instructions, above the walk's bound of 64
  sub_gpr_gpr_gpr_64__reg_a0__c__all_constructed REFUSED  2028 instructions, above the walk's bound of 64
  sub_gpr_gpr_gpr_64__reg_a0__go__all_constructed REFUSED  compile rc=1: ./main.go:220:29: too many errors
  sub_gpr_gpr_same_64__reg_a0__go__all_constructed REFUSED  no certified pure form for JALR (an element the rule does not know: (update_elp_state rs1))
  subw_gpr_gpr_gpr_32__reg_a0__c__all_constructed REFUSED  870 instructions, above the walk's bound of 64
  subw_gpr_gpr_gpr_32__reg_a0__go__all_constructed REFUSED  1070 instructions, above the walk's bound of 64
  subw_gpr_gpr_same_32__reg_a0__go__all_constructed REFUSED  no certified pure form for JALR (an element the rule does not know: (update_elp_state rs1))
  xor_gpr_gpr_gpr_64__reg_a0__go__all_constructed REFUSED  no certified pure form for JALR (an element the rule does not know: (update_elp_state rs1))
  xor_gpr_gpr_same_64__reg_a0__go__all_constructed REFUSED  no certified pure form for JALR (an element the rule does not know: (update_elp_state rs1))
  add_gpr_gpr_gpr_64__reg_a0__c__all_constructed CERTIFIED   52.9s  (pure_RTYPE ((pure_RTYPE (a) (b) (XOR))) ((pure_SHIFTIOP ((pure_RTYPE ((pure_RTYPE ((pure_
  add_gpr_gpr_same_64__reg_a0__c__all_constructed CERTIFIED   42.5s  (pure_SHIFTIOP (a) ((0x01#6)) (SLLI))
  addi_gpr_gpr_imm_64__reg_a0__c__all_constructed CERTIFIED   59.4s  (pure_RTYPE ((pure_ITYPE (a) (0x003#12) (LeanIM.iop.XORI))) ((pure_SHIFTIOP ((pure_RTYPE (
  addw_gpr_gpr_same_32__reg_a0__c__all_constructed CERTIFIED   49.6s  (pure_ZBA_RTYPEUW ((pure_SHIFTIOP (a) ((0x01#6)) (SLLI))) ((pure_RTYPE ((pure_SHIFTIOP ((p
  and_gpr_gpr_gpr_64__reg_a0__c__all_constructed CERTIFIED   48.8s  (pure_RTYPE (a) (b) (AND))
  and_gpr_gpr_same_64__reg_a0__c__all_constructed FAILED      51.3s  a
      PseudoCoupHQ/Research/oracle/riscv/leanpath/walk_corpus_0/Walk_and_gpr_gpr_same_64__reg_a0__c__all_constructed.lean:232:65: error: unexpected token ','; expected ']'
      PseudoCoupHQ/Research/oracle/riscv/leanpath/walk_corpus_0/Walk_and_gpr_gpr_same_64__reg_a0__c__all_constructed.lean:231:13: error: unsolved goals
        | EStateM.Result.error a a_1 => False
  and_gpr_gpr_same_64__reg_a0__go__all_constructed FAILED      44.0s  a
      PseudoCoupHQ/Research/oracle/riscv/leanpath/walk_corpus_0/Walk_and_gpr_gpr_same_64__reg_a0__go__all_constructed.lean:232:65: error: unexpected token ','; expected ']'
      PseudoCoupHQ/Research/oracle/riscv/leanpath/walk_corpus_0/Walk_and_gpr_gpr_same_64__reg_a0__go__all_constructed.lean:231:13: error: unsolved goals
        | EStateM.Result.error a a_1 => False
  andi_gpr_gpr_imm_64__reg_a0__c__all_constructed CERTIFIED   49.5s  (pure_ITYPE (a) ((sign_extend (m := 12) (0x03#6))) (ANDI))
  beq_gpr_gpr_64__branch_condition__c__all_constructed CERTIFIED   43.2s  (pure_ZBB_RTYPE ((pure_ITYPE (zero_reg) (((sign_extend (m := 12) (0x01#6)))) (ADDI))) ((pu
  beq_gpr_gpr_64__branch_condition__go__all_constructed CERTIFIED   57.6s  (pure_ITYPE ((pure_ITYPE ((pure_RTYPE ((pure_SHIFTIOP ((pure_RTYPE ((pure_SHIFTIOP ((pure_
  beq_gpr_gpr_gpr_64__branch_condition__c__all_constructed CERTIFIED   37.4s  (pure_ZBB_RTYPE ((pure_ITYPE (zero_reg) (((sign_extend (m := 12) (0x01#6)))) (ADDI))) ((pu
  beq_gpr_gpr_gpr_64__branch_condition__go__all_constructed CERTIFIED   46.5s  (pure_ITYPE ((pure_ITYPE ((pure_RTYPE ((pure_SHIFTIOP ((pure_RTYPE ((pure_SHIFTIOP ((pure_
  beq_gpr_gpr_imm_64__branch_condition__c__all_constructed CERTIFIED   48.5s  (pure_ZBB_RTYPE ((pure_ITYPE (zero_reg) (((sign_extend (m := 12) (0x01#6)))) (ADDI))) ((pu
  beq_gpr_gpr_imm_64__branch_condition__go__all_constructed CERTIFIED   35.1s  (pure_ITYPE ((pure_ITYPE ((pure_RTYPE ((pure_SHIFTIOP ((pure_RTYPE ((pure_SHIFTIOP ((pure_
  beq_gpr_gpr_same_64__branch_condition__c__all_constructed CERTIFIED   49.1s  (pure_ZBB_RTYPE ((pure_ITYPE (zero_reg) (((sign_extend (m := 12) (0x01#6)))) (ADDI))) ((pu
  beq_gpr_gpr_same_64__branch_condition__go__all_constructed CERTIFIED   33.5s  (pure_ITYPE ((pure_ITYPE ((pure_RTYPE ((pure_SHIFTIOP ((pure_RTYPE ((pure_SHIFTIOP ((pure_
  bge_gpr_gpr_64__branch_condition__c__all_constructed CERTIFIED   45.5s  (pure_SHIFTIOP ((pure_RTYPE ((pure_RTYPE ((pure_RTYPE ((pure_RTYPE ((pure_RTYPE ((pure_RTY
  bge_gpr_gpr_gpr_64__branch_condition__c__all_constructed CERTIFIED   40.9s  (pure_SHIFTIOP ((pure_RTYPE ((pure_RTYPE ((pure_RTYPE ((pure_RTYPE ((pure_RTYPE ((pure_RTY
  bge_gpr_gpr_imm_64__branch_condition__c__all_constructed CERTIFIED   39.4s  (pure_SHIFTIOP ((pure_RTYPE ((pure_RTYPE ((pure_RTYPE ((pure_RTYPE ((pure_RTYPE ((pure_RTY
  bge_gpr_gpr_same_64__branch_condition__c__all_constructed CERTIFIED   37.3s  (pure_SHIFTIOP ((pure_RTYPE ((pure_RTYPE ((pure_RTYPE ((pure_RTYPE ((pure_RTYPE ((pure_RTY
  bgeu_gpr_gpr_64__branch_condition__c__all_constructed CERTIFIED   38.5s  (pure_SHIFTIOP ((pure_RTYPE ((pure_RTYPE ((pure_RTYPE ((pure_RTYPE ((pure_RTYPE ((pure_RTY
  bgeu_gpr_gpr_64__branch_condition__go__all_constructed CERTIFIED   36.5s  (pure_RTYPE (zero_reg) ((pure_ITYPE ((pure_SHIFTIOP ((pure_RTYPE ((pure_RTYPE ((pure_SHIFT
  bgeu_gpr_gpr_gpr_64__branch_condition__c__all_constructed CERTIFIED   39.6s  (pure_SHIFTIOP ((pure_RTYPE ((pure_RTYPE ((pure_RTYPE ((pure_RTYPE ((pure_RTYPE ((pure_RTY
  bgeu_gpr_gpr_gpr_64__branch_condition__go__all_constructed CERTIFIED   36.5s  (pure_RTYPE (zero_reg) ((pure_ITYPE ((pure_SHIFTIOP ((pure_RTYPE ((pure_RTYPE ((pure_SHIFT
  bgeu_gpr_gpr_imm_64__branch_condition__c__all_constructed CERTIFIED   44.5s  (pure_SHIFTIOP ((pure_RTYPE ((pure_RTYPE ((pure_RTYPE ((pure_RTYPE ((pure_RTYPE ((pure_RTY
  bgeu_gpr_gpr_imm_64__branch_condition__go__all_constructed CERTIFIED   39.6s  (pure_RTYPE (zero_reg) ((pure_ITYPE ((pure_SHIFTIOP ((pure_RTYPE ((pure_RTYPE ((pure_SHIFT
  bgeu_gpr_gpr_same_64__branch_condition__c__all_constructed CERTIFIED   35.3s  (pure_SHIFTIOP ((pure_RTYPE ((pure_RTYPE ((pure_RTYPE ((pure_RTYPE ((pure_RTYPE ((pure_RTY
  bgeu_gpr_gpr_same_64__branch_condition__go__all_constructed CERTIFIED   35.6s  (pure_RTYPE (zero_reg) ((pure_ITYPE ((pure_SHIFTIOP ((pure_RTYPE ((pure_RTYPE ((pure_SHIFT
  bne_gpr_gpr_64__branch_condition__c__all_constructed CERTIFIED   29.0s  (pure_ITYPE ((pure_RTYPE ((pure_RTYPE ((pure_RTYPE ((pure_RTYPE ((pure_RTYPE ((pure_RTYPE 
  bne_gpr_gpr_gpr_64__branch_condition__c__all_constructed CERTIFIED   33.4s  (pure_ITYPE ((pure_RTYPE ((pure_RTYPE ((pure_RTYPE ((pure_RTYPE ((pure_RTYPE ((pure_RTYPE 
  bne_gpr_gpr_imm_64__branch_condition__c__all_constructed CERTIFIED   32.7s  (pure_ITYPE ((pure_RTYPE ((pure_RTYPE ((pure_RTYPE ((pure_RTYPE ((pure_RTYPE ((pure_RTYPE 
  bne_gpr_gpr_same_64__branch_condition__c__all_constructed CERTIFIED   30.6s  (pure_ITYPE ((pure_RTYPE ((pure_RTYPE ((pure_RTYPE ((pure_RTYPE ((pure_RTYPE ((pure_RTYPE 
  fld_fpr_fpr_64__freg_fa0__c__all_constructed FAILED      29.8s  a
      PseudoCoupHQ/Research/oracle/riscv/leanpath/walk_corpus_0/Walk_fld_fpr_fpr_64__freg_fa0__c__all_constructed.lean:232:65: error: unexpected token ','; expected ']'
      PseudoCoupHQ/Research/oracle/riscv/leanpath/walk_corpus_0/Walk_fld_fpr_fpr_64__freg_fa0__c__all_constructed.lean:231:13: error: unsolved goals
        | EStateM.Result.error a a_1 => False
  fld_fpr_fpr_64__freg_fa0__go__all_constructed FAILED      28.1s  a
      PseudoCoupHQ/Research/oracle/riscv/leanpath/walk_corpus_0/Walk_fld_fpr_fpr_64__freg_fa0__go__all_constructed.lean:232:65: error: unexpected token ','; expected ']'
      PseudoCoupHQ/Research/oracle/riscv/leanpath/walk_corpus_0/Walk_fld_fpr_fpr_64__freg_fa0__go__all_constructed.lean:231:13: error: unsolved goals
        | EStateM.Result.error a a_1 => False
  fld_fpr_fpr_fpr_64__freg_fa0__c__all_constructed FAILED      32.2s  a
      PseudoCoupHQ/Research/oracle/riscv/leanpath/walk_corpus_0/Walk_fld_fpr_fpr_fpr_64__freg_fa0__c__all_constructed.lean:232:65: error: unexpected token ','; expected ']'
      PseudoCoupHQ/Research/oracle/riscv/leanpath/walk_corpus_0/Walk_fld_fpr_fpr_fpr_64__freg_fa0__c__all_constructed.lean:231:13: error: unsolved goals
        | EStateM.Result.error a a_1 => False
  fld_fpr_fpr_fpr_64__freg_fa0__go__all_constructed FAILED      30.0s  a
      PseudoCoupHQ/Research/oracle/riscv/leanpath/walk_corpus_0/Walk_fld_fpr_fpr_fpr_64__freg_fa0__go__all_constructed.lean:232:65: error: unexpected token ','; expected ']'
      PseudoCoupHQ/Research/oracle/riscv/leanpath/walk_corpus_0/Walk_fld_fpr_fpr_fpr_64__freg_fa0__go__all_constructed.lean:231:13: error: unsolved goals
        | EStateM.Result.error a a_1 => False
  fld_fpr_gpr_64__freg_fa0__c__all_constructed FAILED      28.2s  a
      PseudoCoupHQ/Research/oracle/riscv/leanpath/walk_corpus_0/Walk_fld_fpr_gpr_64__freg_fa0__c__all_constructed.lean:232:65: error: unexpected token ','; expected ']'
      PseudoCoupHQ/Research/oracle/riscv/leanpath/walk_corpus_0/Walk_fld_fpr_gpr_64__freg_fa0__c__all_constructed.lean:231:13: error: unsolved goals
        | EStateM.Result.error a a_1 => False
  fld_fpr_gpr_64__freg_fa0__go__all_constructed FAILED      29.0s  a
      PseudoCoupHQ/Research/oracle/riscv/leanpath/walk_corpus_0/Walk_fld_fpr_gpr_64__freg_fa0__go__all_constructed.lean:232:65: error: unexpected token ','; expected ']'
      PseudoCoupHQ/Research/oracle/riscv/leanpath/walk_corpus_0/Walk_fld_fpr_gpr_64__freg_fa0__go__all_constructed.lean:231:13: error: unsolved goals
        | EStateM.Result.error a a_1 => False
  fld_fpr_mem_64__freg_fa0__c__all_constructed FAILED      28.5s  a
      PseudoCoupHQ/Research/oracle/riscv/leanpath/walk_corpus_0/Walk_fld_fpr_mem_64__freg_fa0__c__all_constructed.lean:232:65: error: unexpected token ','; expected ']'
      PseudoCoupHQ/Research/oracle/riscv/leanpath/walk_corpus_0/Walk_fld_fpr_mem_64__freg_fa0__c__all_constructed.lean:231:13: error: unsolved goals
        | EStateM.Result.error a a_1 => False
  fld_fpr_mem_64__freg_fa0__go__all_constructed FAILED      31.1s  a
      PseudoCoupHQ/Research/oracle/riscv/leanpath/walk_corpus_0/Walk_fld_fpr_mem_64__freg_fa0__go__all_constructed.lean:232:65: error: unexpected token ','; expected ']'
      PseudoCoupHQ/Research/oracle/riscv/leanpath/walk_corpus_0/Walk_fld_fpr_mem_64__freg_fa0__go__all_constructed.lean:231:13: error: unsolved goals
        | EStateM.Result.error a a_1 => False
  flw_fpr_fpr_32__freg_fa0__c__all_constructed CERTIFIED   40.3s  (pure_RTYPE (a) ((pure_SHIFTIOP ((pure_ITYPE (zero_reg) (((sign_extend (m := 12) (0x3f#6))
  flw_fpr_fpr_fpr_32__freg_fa0__c__all_constructed CERTIFIED   28.7s  (pure_RTYPE (a) ((pure_SHIFTIOP ((pure_ITYPE (zero_reg) (((sign_extend (m := 12) (0x3f#6))
  flw_fpr_gpr_32__freg_fa0__c__all_constructed CERTIFIED   31.9s  (pure_RTYPE (a) ((pure_SHIFTIOP ((pure_ITYPE (zero_reg) (((sign_extend (m := 12) (0x3f#6))
  flw_fpr_mem_32__freg_fa0__c__all_constructed CERTIFIED   36.1s  (pure_RTYPE (a) ((pure_SHIFTIOP ((pure_ITYPE (zero_reg) (((sign_extend (m := 12) (0x3f#6))
  fmv_d_fpr_fpr_64__freg_fa0__c__all_constructed FAILED      28.6s  a
      PseudoCoupHQ/Research/oracle/riscv/leanpath/walk_corpus_0/Walk_fmv_d_fpr_fpr_64__freg_fa0__c__all_constructed.lean:232:65: error: unexpected token ','; expected ']'
      PseudoCoupHQ/Research/oracle/riscv/leanpath/walk_corpus_0/Walk_fmv_d_fpr_fpr_64__freg_fa0__c__all_constructed.lean:231:13: error: unsolved goals
        | EStateM.Result.error a a_1 => False
  fmv_d_fpr_fpr_64__freg_fa0__go__all_constructed FAILED      30.5s  a
      PseudoCoupHQ/Research/oracle/riscv/leanpath/walk_corpus_0/Walk_fmv_d_fpr_fpr_64__freg_fa0__go__all_constructed.lean:232:65: error: unexpected token ','; expected ']'
      PseudoCoupHQ/Research/oracle/riscv/leanpath/walk_corpus_0/Walk_fmv_d_fpr_fpr_64__freg_fa0__go__all_constructed.lean:231:13: error: unsolved goals
        | EStateM.Result.error a a_1 => False
  fmv_d_fpr_fpr_fpr_64__freg_fa0__c__all_constructed FAILED      25.3s  a
      PseudoCoupHQ/Research/oracle/riscv/leanpath/walk_corpus_0/Walk_fmv_d_fpr_fpr_fpr_64__freg_fa0__c__all_constructed.lean:232:65: error: unexpected token ','; expected ']'
      PseudoCoupHQ/Research/oracle/riscv/leanpath/walk_corpus_0/Walk_fmv_d_fpr_fpr_fpr_64__freg_fa0__c__all_constructed.lean:231:13: error: unsolved goals
        | EStateM.Result.error a a_1 => False
  fmv_d_fpr_fpr_fpr_64__freg_fa0__go__all_constructed FAILED      31.4s  a
      PseudoCoupHQ/Research/oracle/riscv/leanpath/walk_corpus_0/Walk_fmv_d_fpr_fpr_fpr_64__freg_fa0__go__all_constructed.lean:232:65: error: unexpected token ','; expected ']'
      PseudoCoupHQ/Research/oracle/riscv/leanpath/walk_corpus_0/Walk_fmv_d_fpr_fpr_fpr_64__freg_fa0__go__all_constructed.lean:231:13: error: unsolved goals
        | EStateM.Result.error a a_1 => False
  fmv_d_x_fpr_gpr_64__freg_fa0__c__all_constructed FAILED      31.6s  a
      PseudoCoupHQ/Research/oracle/riscv/leanpath/walk_corpus_0/Walk_fmv_d_x_fpr_gpr_64__freg_fa0__c__all_constructed.lean:232:65: error: unexpected token ','; expected ']'
      PseudoCoupHQ/Research/oracle/riscv/leanpath/walk_corpus_0/Walk_fmv_d_x_fpr_gpr_64__freg_fa0__c__all_constructed.lean:231:13: error: unsolved goals
        | EStateM.Result.error a a_1 => False
  fmv_d_x_fpr_gpr_64__freg_fa0__go__all_constructed FAILED      29.0s  a
      PseudoCoupHQ/Research/oracle/riscv/leanpath/walk_corpus_0/Walk_fmv_d_x_fpr_gpr_64__freg_fa0__go__all_constructed.lean:232:65: error: unexpected token ','; expected ']'
      PseudoCoupHQ/Research/oracle/riscv/leanpath/walk_corpus_0/Walk_fmv_d_x_fpr_gpr_64__freg_fa0__go__all_constructed.lean:231:13: error: unsolved goals
        | EStateM.Result.error a a_1 => False
  fmv_s_fpr_fpr_32__freg_fa0__c__all_constructed FAILED      29.1s  a
      PseudoCoupHQ/Research/oracle/riscv/leanpath/walk_corpus_0/Walk_fmv_s_fpr_fpr_32__freg_fa0__c__all_constructed.lean:232:65: error: unexpected token ','; expected ']'
      PseudoCoupHQ/Research/oracle/riscv/leanpath/walk_corpus_0/Walk_fmv_s_fpr_fpr_32__freg_fa0__c__all_constructed.lean:231:13: error: unsolved goals
        | EStateM.Result.error a a_1 => False
  fmv_s_fpr_fpr_32__freg_fa0__go__all_constructed FAILED      28.5s  a
      PseudoCoupHQ/Research/oracle/riscv/leanpath/walk_corpus_0/Walk_fmv_s_fpr_fpr_32__freg_fa0__go__all_constructed.lean:232:65: error: unexpected token ','; expected ']'
      PseudoCoupHQ/Research/oracle/riscv/leanpath/walk_corpus_0/Walk_fmv_s_fpr_fpr_32__freg_fa0__go__all_constructed.lean:231:13: error: unsolved goals
        | EStateM.Result.error a a_1 => False
  fmv_s_fpr_fpr_fpr_32__freg_fa0__c__all_constructed FAILED      28.8s  a
      PseudoCoupHQ/Research/oracle/riscv/leanpath/walk_corpus_0/Walk_fmv_s_fpr_fpr_fpr_32__freg_fa0__c__all_constructed.lean:232:65: error: unexpected token ','; expected ']'
      PseudoCoupHQ/Research/oracle/riscv/leanpath/walk_corpus_0/Walk_fmv_s_fpr_fpr_fpr_32__freg_fa0__c__all_constructed.lean:231:13: error: unsolved goals
        | EStateM.Result.error a a_1 => False
  fmv_s_fpr_fpr_fpr_32__freg_fa0__go__all_constructed FAILED      30.0s  a
      PseudoCoupHQ/Research/oracle/riscv/leanpath/walk_corpus_0/Walk_fmv_s_fpr_fpr_fpr_32__freg_fa0__go__all_constructed.lean:232:65: error: unexpected token ','; expected ']'
      PseudoCoupHQ/Research/oracle/riscv/leanpath/walk_corpus_0/Walk_fmv_s_fpr_fpr_fpr_32__freg_fa0__go__all_constructed.lean:231:13: error: unsolved goals
        | EStateM.Result.error a a_1 => False
  fmv_w_x_fpr_gpr_32__freg_fa0__c__all_constructed CERTIFIED   33.9s  (pure_RTYPE (a) ((pure_SHIFTIOP ((pure_ITYPE (zero_reg) (((sign_extend (m := 12) (0x3f#6))
  fmv_x_d_gpr_fpr_64__reg_a0__c__all_constructed FAILED      24.5s  a
      PseudoCoupHQ/Research/oracle/riscv/leanpath/walk_corpus_0/Walk_fmv_x_d_gpr_fpr_64__reg_a0__c__all_constructed.lean:232:65: error: unexpected token ','; expected ']'
      PseudoCoupHQ/Research/oracle/riscv/leanpath/walk_corpus_0/Walk_fmv_x_d_gpr_fpr_64__reg_a0__c__all_constructed.lean:231:13: error: unsolved goals
        | EStateM.Result.error a a_1 => False
  fmv_x_d_gpr_fpr_64__reg_a0__go__all_constructed FAILED      28.9s  a
      PseudoCoupHQ/Research/oracle/riscv/leanpath/walk_corpus_0/Walk_fmv_x_d_gpr_fpr_64__reg_a0__go__all_constructed.lean:232:65: error: unexpected token ','; expected ']'
      PseudoCoupHQ/Research/oracle/riscv/leanpath/walk_corpus_0/Walk_fmv_x_d_gpr_fpr_64__reg_a0__go__all_constructed.lean:231:13: error: unsolved goals
        | EStateM.Result.error a a_1 => False
  fmv_x_d_gpr_fpr_fpr_64__reg_a0__c__all_constructed FAILED      25.9s  a
      PseudoCoupHQ/Research/oracle/riscv/leanpath/walk_corpus_0/Walk_fmv_x_d_gpr_fpr_fpr_64__reg_a0__c__all_constructed.lean:232:65: error: unexpected token ','; expected ']'
      PseudoCoupHQ/Research/oracle/riscv/leanpath/walk_corpus_0/Walk_fmv_x_d_gpr_fpr_fpr_64__reg_a0__c__all_constructed.lean:231:13: error: unsolved goals
        | EStateM.Result.error a a_1 => False
  fmv_x_d_gpr_fpr_fpr_64__reg_a0__go__all_constructed FAILED      33.2s  a
      PseudoCoupHQ/Research/oracle/riscv/leanpath/walk_corpus_0/Walk_fmv_x_d_gpr_fpr_fpr_64__reg_a0__go__all_constructed.lean:232:65: error: unexpected token ','; expected ']'
      PseudoCoupHQ/Research/oracle/riscv/leanpath/walk_corpus_0/Walk_fmv_x_d_gpr_fpr_fpr_64__reg_a0__go__all_constructed.lean:231:13: error: unsolved goals
        | EStateM.Result.error a a_1 => False
  fmv_x_w_gpr_fpr_32__reg_a0__c__all_constructed CERTIFIED   40.2s  (pure_ZBA_RTYPEUW (a) ((pure_RTYPE ((pure_SHIFTIOP ((pure_SHIFTIWOP (a) (0x1f#5) (LeanIM.s
  fmv_x_w_gpr_fpr_fpr_32__reg_a0__c__all_constructed CERTIFIED   39.6s  (pure_ZBA_RTYPEUW (a) ((pure_RTYPE ((pure_SHIFTIOP ((pure_SHIFTIWOP (a) (0x1f#5) (LeanIM.s
  fsd_fpr_fpr_64__mem_MEM_fa1__c__all_constructed FAILED      32.4s  a
      PseudoCoupHQ/Research/oracle/riscv/leanpath/walk_corpus_0/Walk_fsd_fpr_fpr_64__mem_MEM_fa1__c__all_constructed.lean:232:65: error: unexpected token ','; expected ']'
      PseudoCoupHQ/Research/oracle/riscv/leanpath/walk_corpus_0/Walk_fsd_fpr_fpr_64__mem_MEM_fa1__c__all_constructed.lean:231:13: error: unsolved goals
        | EStateM.Result.error a a_1 => False
  fsd_fpr_fpr_64__mem_MEM_fa1__go__all_constructed FAILED      25.0s  a
      PseudoCoupHQ/Research/oracle/riscv/leanpath/walk_corpus_0/Walk_fsd_fpr_fpr_64__mem_MEM_fa1__go__all_constructed.lean:232:65: error: unexpected token ','; expected ']'
      PseudoCoupHQ/Research/oracle/riscv/leanpath/walk_corpus_0/Walk_fsd_fpr_fpr_64__mem_MEM_fa1__go__all_constructed.lean:231:13: error: unsolved goals
        | EStateM.Result.error a a_1 => False
  fsd_fpr_fpr_fpr_64__mem_MEM_fa1__c__all_constructed FAILED      30.4s  a
      PseudoCoupHQ/Research/oracle/riscv/leanpath/walk_corpus_0/Walk_fsd_fpr_fpr_fpr_64__mem_MEM_fa1__c__all_constructed.lean:232:65: error: unexpected token ','; expected ']'
      PseudoCoupHQ/Research/oracle/riscv/leanpath/walk_corpus_0/Walk_fsd_fpr_fpr_fpr_64__mem_MEM_fa1__c__all_constructed.lean:231:13: error: unsolved goals
        | EStateM.Result.error a a_1 => False
  fsd_fpr_fpr_fpr_64__mem_MEM_fa1__go__all_constructed FAILED      28.3s  a
      PseudoCoupHQ/Research/oracle/riscv/leanpath/walk_corpus_0/Walk_fsd_fpr_fpr_fpr_64__mem_MEM_fa1__go__all_constructed.lean:232:65: error: unexpected token ','; expected ']'
      PseudoCoupHQ/Research/oracle/riscv/leanpath/walk_corpus_0/Walk_fsd_fpr_fpr_fpr_64__mem_MEM_fa1__go__all_constructed.lean:231:13: error: unsolved goals
        | EStateM.Result.error a a_1 => False
  fsd_fpr_gpr_64__mem_MEM_a1__c__all_constructed FAILED      29.3s  a
      PseudoCoupHQ/Research/oracle/riscv/leanpath/walk_corpus_0/Walk_fsd_fpr_gpr_64__mem_MEM_a1__c__all_constructed.lean:232:65: error: unexpected token ','; expected ']'
      PseudoCoupHQ/Research/oracle/riscv/leanpath/walk_corpus_0/Walk_fsd_fpr_gpr_64__mem_MEM_a1__c__all_constructed.lean:231:13: error: unsolved goals
        | EStateM.Result.error a a_1 => False
  fsd_fpr_gpr_64__mem_MEM_a1__go__all_constructed FAILED      31.8s  a
      PseudoCoupHQ/Research/oracle/riscv/leanpath/walk_corpus_0/Walk_fsd_fpr_gpr_64__mem_MEM_a1__go__all_constructed.lean:232:65: error: unexpected token ','; expected ']'
      PseudoCoupHQ/Research/oracle/riscv/leanpath/walk_corpus_0/Walk_fsd_fpr_gpr_64__mem_MEM_a1__go__all_constructed.lean:231:13: error: unsolved goals
        | EStateM.Result.error a a_1 => False
  fsd_fpr_mem_64__mem_MEM_0x0_a1___c__all_constructed FAILED      28.1s  a
      PseudoCoupHQ/Research/oracle/riscv/leanpath/walk_corpus_0/Walk_fsd_fpr_mem_64__mem_MEM_0x0_a1___c__all_constructed.lean:232:65: error: unexpected token ','; expected ']'
      PseudoCoupHQ/Research/oracle/riscv/leanpath/walk_corpus_0/Walk_fsd_fpr_mem_64__mem_MEM_0x0_a1___c__all_constructed.lean:231:13: error: unsolved goals
        | EStateM.Result.error a a_1 => False
  fsd_fpr_mem_64__mem_MEM_0x0_a1___go__all_constructed FAILED      30.7s  a
      PseudoCoupHQ/Research/oracle/riscv/leanpath/walk_corpus_0/Walk_fsd_fpr_mem_64__mem_MEM_0x0_a1___go__all_constructed.lean:232:65: error: unexpected token ','; expected ']'
      PseudoCoupHQ/Research/oracle/riscv/leanpath/walk_corpus_0/Walk_fsd_fpr_mem_64__mem_MEM_0x0_a1___go__all_constructed.lean:231:13: error: unsolved goals
        | EStateM.Result.error a a_1 => False
  fsw_fpr_fpr_32__mem_MEM_fa1__c__all_constructed CERTIFIED   34.7s  (pure_ZBA_RTYPEUW (b) ((pure_SHIFTIOP ((pure_SHIFTIOP (a) ((0x20#6)) (SRLI))) ((0x20#6)) (
  fsw_fpr_fpr_32__mem_MEM_fa1__go__all_constructed CERTIFIED   34.6s  (pure_RTYPE ((pure_RTYPE (a) ((pure_SHIFTIOP ((pure_ITYPE (zero_reg) (((sign_extend (m := 
  fsw_fpr_fpr_fpr_32__mem_MEM_fa1__c__all_constructed CERTIFIED   27.8s  (pure_ZBA_RTYPEUW (b) ((pure_SHIFTIOP ((pure_SHIFTIOP (a) ((0x20#6)) (SRLI))) ((0x20#6)) (
  fsw_fpr_fpr_fpr_32__mem_MEM_fa1__go__all_constructed CERTIFIED   30.4s  (pure_RTYPE ((pure_RTYPE (a) ((pure_SHIFTIOP ((pure_ITYPE (zero_reg) (((sign_extend (m := 
  fsw_fpr_gpr_32__mem_MEM_a1__c__all_constructed CERTIFIED   36.7s  (pure_ZBA_RTYPEUW (b) ((pure_SHIFTIOP ((pure_SHIFTIOP (a) ((0x20#6)) (SRLI))) ((0x20#6)) (
  fsw_fpr_gpr_32__mem_MEM_a1__go__all_constructed CERTIFIED   37.1s  (pure_RTYPE ((pure_RTYPE (a) ((pure_SHIFTIOP ((pure_ITYPE (zero_reg) (((sign_extend (m := 
  fsw_fpr_mem_32__mem_MEM_0x0_a1___c__all_constructed CERTIFIED   31.6s  (pure_ZBA_RTYPEUW (b) ((pure_SHIFTIOP ((pure_SHIFTIOP (a) ((0x20#6)) (SRLI))) ((0x20#6)) (
  fsw_fpr_mem_32__mem_MEM_0x0_a1___go__all_constructed CERTIFIED   34.9s  (pure_RTYPE ((pure_RTYPE (a) ((pure_SHIFTIOP ((pure_ITYPE (zero_reg) (((sign_extend (m := 
  jal_gpr_fpr_64__reg_a0__c__all_constructed CERTIFIED   39.7s  (pure_RTYPE ((pure_SHIFTIOP ((pure_RTYPE ((pure_RTYPE ((pure_RTYPE ((pure_RTYPE ((pure_RTY
  jal_gpr_fpr_fpr_64__reg_a0__c__all_constructed CERTIFIED   37.3s  (pure_RTYPE ((pure_SHIFTIOP ((pure_RTYPE ((pure_RTYPE ((pure_RTYPE ((pure_RTYPE ((pure_RTY
  jal_gpr_gpr_64__reg_a0__c__all_constructed CERTIFIED   42.6s  (pure_RTYPE ((pure_SHIFTIOP ((pure_RTYPE ((pure_RTYPE ((pure_RTYPE ((pure_RTYPE ((pure_RTY
  jal_gpr_gpr_gpr_64__reg_a0__c__all_constructed CERTIFIED   34.3s  (pure_RTYPE ((pure_SHIFTIOP ((pure_RTYPE ((pure_RTYPE ((pure_RTYPE ((pure_RTYPE ((pure_RTY
  jal_gpr_gpr_imm_64__reg_a0__c__all_constructed CERTIFIED   42.0s  (pure_RTYPE ((pure_SHIFTIOP ((pure_RTYPE ((pure_RTYPE ((pure_RTYPE ((pure_RTYPE ((pure_RTY
  jal_gpr_gpr_same_64__reg_a0__c__all_constructed CERTIFIED   35.3s  (pure_RTYPE ((pure_SHIFTIOP ((pure_RTYPE ((pure_RTYPE ((pure_RTYPE ((pure_RTYPE ((pure_RTY
  jal_gpr_imm_64__reg_a0__c__all_constructed CERTIFIED   41.8s  (pure_RTYPE ((pure_SHIFTIOP ((pure_RTYPE ((pure_RTYPE ((pure_RTYPE ((pure_RTYPE ((pure_RTY
  jal_gpr_mem_64__reg_a0__c__all_constructed CERTIFIED   38.1s  (pure_RTYPE ((pure_SHIFTIOP ((pure_RTYPE ((pure_RTYPE ((pure_RTYPE ((pure_RTYPE ((pure_RTY
  jalr_gpr_fpr_64__reg_a0__c__all_constructed CERTIFIED   41.6s  (pure_RTYPE ((pure_SHIFTIOP ((pure_RTYPE ((pure_RTYPE ((pure_RTYPE ((pure_RTYPE ((pure_RTY
  jalr_gpr_fpr_fpr_64__reg_a0__c__all_constructed CERTIFIED   39.9s  (pure_RTYPE ((pure_SHIFTIOP ((pure_RTYPE ((pure_RTYPE ((pure_RTYPE ((pure_RTYPE ((pure_RTY
  jalr_gpr_gpr_64__reg_a0__c__all_constructed CERTIFIED   33.7s  (pure_RTYPE ((pure_SHIFTIOP ((pure_RTYPE ((pure_RTYPE ((pure_RTYPE ((pure_RTYPE ((pure_RTY
  jalr_gpr_gpr_gpr_64__reg_a0__c__all_constructed CERTIFIED   37.2s  (pure_RTYPE ((pure_SHIFTIOP ((pure_RTYPE ((pure_RTYPE ((pure_RTYPE ((pure_RTYPE ((pure_RTY
  jalr_gpr_gpr_imm_64__reg_a0__c__all_constructed CERTIFIED   44.1s  (pure_RTYPE ((pure_SHIFTIOP ((pure_RTYPE ((pure_RTYPE ((pure_RTYPE ((pure_RTYPE ((pure_RTY
  jalr_gpr_gpr_same_64__reg_a0__c__all_constructed CERTIFIED   39.9s  (pure_RTYPE ((pure_SHIFTIOP ((pure_RTYPE ((pure_RTYPE ((pure_RTYPE ((pure_RTYPE ((pure_RTY
  jalr_gpr_imm_64__reg_a0__c__all_constructed CERTIFIED   36.8s  (pure_RTYPE ((pure_SHIFTIOP ((pure_RTYPE ((pure_RTYPE ((pure_RTYPE ((pure_RTYPE ((pure_RTY
  jalr_gpr_mem_64__reg_a0__c__all_constructed CERTIFIED   35.9s  (pure_RTYPE ((pure_SHIFTIOP ((pure_RTYPE ((pure_RTYPE ((pure_RTYPE ((pure_RTYPE ((pure_RTY
  lb_gpr_fpr_8__reg_a0__c__all_constructed CERTIFIED   37.6s  (pure_RTYPE (a) ((pure_SHIFTIOP ((pure_RTYPE ((pure_ZBA_RTYPE ((pure_RTYPE ((pure_ZBA_RTYP
  lb_gpr_fpr_fpr_8__reg_a0__c__all_constructed CERTIFIED   33.1s  (pure_RTYPE (a) ((pure_SHIFTIOP ((pure_RTYPE ((pure_ZBA_RTYPE ((pure_RTYPE ((pure_ZBA_RTYP
  lb_gpr_gpr_8__reg_a0__c__all_constructed CERTIFIED   34.5s  (pure_RTYPE (a) ((pure_SHIFTIOP ((pure_RTYPE ((pure_ZBA_RTYPE ((pure_RTYPE ((pure_ZBA_RTYP
  lb_gpr_gpr_gpr_8__reg_a0__c__all_constructed CERTIFIED   38.6s  (pure_RTYPE (a) ((pure_SHIFTIOP ((pure_RTYPE ((pure_ZBA_RTYPE ((pure_RTYPE ((pure_ZBA_RTYP
  lb_gpr_gpr_imm_8__reg_a0__c__all_constructed CERTIFIED   36.2s  (pure_RTYPE (a) ((pure_SHIFTIOP ((pure_RTYPE ((pure_ZBA_RTYPE ((pure_RTYPE ((pure_ZBA_RTYP
  lb_gpr_gpr_same_8__reg_a0__c__all_constructed CERTIFIED   53.0s  (pure_RTYPE (a) ((pure_SHIFTIOP ((pure_RTYPE ((pure_ZBA_RTYPE ((pure_RTYPE ((pure_ZBA_RTYP
  lb_gpr_imm_8__reg_a0__c__all_constructed CERTIFIED   34.1s  (pure_RTYPE (a) ((pure_SHIFTIOP ((pure_RTYPE ((pure_ZBA_RTYPE ((pure_RTYPE ((pure_ZBA_RTYP
  lb_gpr_mem_8__reg_a0__c__all_constructed CERTIFIED   35.6s  (pure_RTYPE (a) ((pure_SHIFTIOP ((pure_RTYPE ((pure_ZBA_RTYPE ((pure_RTYPE ((pure_ZBA_RTYP
  lbu_gpr_fpr_8__reg_a0__c__all_constructed FAILED      26.7s  a
      PseudoCoupHQ/Research/oracle/riscv/leanpath/walk_corpus_0/Walk_lbu_gpr_fpr_8__reg_a0__c__all_constructed.lean:232:65: error: unexpected token ','; expected ']'
      PseudoCoupHQ/Research/oracle/riscv/leanpath/walk_corpus_0/Walk_lbu_gpr_fpr_8__reg_a0__c__all_constructed.lean:231:13: error: unsolved goals
        | EStateM.Result.error a a_1 => False
  lbu_gpr_fpr_8__reg_a0__go__all_constructed CERTIFIED   27.9s  (pure_ITYPE (a) (0x0ff#12) (LeanIM.iop.ANDI))
  lbu_gpr_fpr_fpr_8__reg_a0__c__all_constructed FAILED      34.4s  a
      PseudoCoupHQ/Research/oracle/riscv/leanpath/walk_corpus_0/Walk_lbu_gpr_fpr_fpr_8__reg_a0__c__all_constructed.lean:232:65: error: unexpected token ','; expected ']'
      PseudoCoupHQ/Research/oracle/riscv/leanpath/walk_corpus_0/Walk_lbu_gpr_fpr_fpr_8__reg_a0__c__all_constructed.lean:231:13: error: unsolved goals
        | EStateM.Result.error a a_1 => False
  lbu_gpr_fpr_fpr_8__reg_a0__go__all_constructed CERTIFIED   31.2s  (pure_ITYPE (a) (0x0ff#12) (LeanIM.iop.ANDI))
  lbu_gpr_gpr_8__reg_a0__c__all_constructed FAILED      31.9s  a
      PseudoCoupHQ/Research/oracle/riscv/leanpath/walk_corpus_0/Walk_lbu_gpr_gpr_8__reg_a0__c__all_constructed.lean:232:65: error: unexpected token ','; expected ']'
      PseudoCoupHQ/Research/oracle/riscv/leanpath/walk_corpus_0/Walk_lbu_gpr_gpr_8__reg_a0__c__all_constructed.lean:231:13: error: unsolved goals
        | EStateM.Result.error a a_1 => False
  lbu_gpr_gpr_8__reg_a0__go__all_constructed CERTIFIED   32.3s  (pure_ITYPE (a) (0x0ff#12) (LeanIM.iop.ANDI))
  lbu_gpr_gpr_gpr_8__reg_a0__c__all_constructed FAILED      29.9s  a
      PseudoCoupHQ/Research/oracle/riscv/leanpath/walk_corpus_0/Walk_lbu_gpr_gpr_gpr_8__reg_a0__c__all_constructed.lean:232:65: error: unexpected token ','; expected ']'
      PseudoCoupHQ/Research/oracle/riscv/leanpath/walk_corpus_0/Walk_lbu_gpr_gpr_gpr_8__reg_a0__c__all_constructed.lean:231:13: error: unsolved goals
        | EStateM.Result.error a a_1 => False
  lbu_gpr_gpr_gpr_8__reg_a0__go__all_constructed CERTIFIED   30.7s  (pure_ITYPE (a) (0x0ff#12) (LeanIM.iop.ANDI))
  lbu_gpr_gpr_imm_8__reg_a0__c__all_constructed FAILED      25.7s  a
      PseudoCoupHQ/Research/oracle/riscv/leanpath/walk_corpus_0/Walk_lbu_gpr_gpr_imm_8__reg_a0__c__all_constructed.lean:232:65: error: unexpected token ','; expected ']'
      PseudoCoupHQ/Research/oracle/riscv/leanpath/walk_corpus_0/Walk_lbu_gpr_gpr_imm_8__reg_a0__c__all_constructed.lean:231:13: error: unsolved goals
        | EStateM.Result.error a a_1 => False
  lbu_gpr_gpr_imm_8__reg_a0__go__all_constructed CERTIFIED   27.1s  (pure_ITYPE (a) (0x0ff#12) (LeanIM.iop.ANDI))
  lbu_gpr_gpr_same_8__reg_a0__c__all_constructed FAILED      29.4s  a
      PseudoCoupHQ/Research/oracle/riscv/leanpath/walk_corpus_0/Walk_lbu_gpr_gpr_same_8__reg_a0__c__all_constructed.lean:232:65: error: unexpected token ','; expected ']'
      PseudoCoupHQ/Research/oracle/riscv/leanpath/walk_corpus_0/Walk_lbu_gpr_gpr_same_8__reg_a0__c__all_constructed.lean:231:13: error: unsolved goals
        | EStateM.Result.error a a_1 => False
  lbu_gpr_gpr_same_8__reg_a0__go__all_constructed CERTIFIED   30.1s  (pure_ITYPE (a) (0x0ff#12) (LeanIM.iop.ANDI))
  lbu_gpr_imm_8__reg_a0__c__all_constructed FAILED      30.6s  a
      PseudoCoupHQ/Research/oracle/riscv/leanpath/walk_corpus_0/Walk_lbu_gpr_imm_8__reg_a0__c__all_constructed.lean:232:65: error: unexpected token ','; expected ']'
      PseudoCoupHQ/Research/oracle/riscv/leanpath/walk_corpus_0/Walk_lbu_gpr_imm_8__reg_a0__c__all_constructed.lean:231:13: error: unsolved goals
        | EStateM.Result.error a a_1 => False
  lbu_gpr_imm_8__reg_a0__go__all_constructed CERTIFIED   31.4s  (pure_ITYPE (a) (0x0ff#12) (LeanIM.iop.ANDI))
  lbu_gpr_mem_8__reg_a0__c__all_constructed FAILED      34.0s  a
      PseudoCoupHQ/Research/oracle/riscv/leanpath/walk_corpus_0/Walk_lbu_gpr_mem_8__reg_a0__c__all_constructed.lean:232:65: error: unexpected token ','; expected ']'
      PseudoCoupHQ/Research/oracle/riscv/leanpath/walk_corpus_0/Walk_lbu_gpr_mem_8__reg_a0__c__all_constructed.lean:231:13: error: unsolved goals
        | EStateM.Result.error a a_1 => False
  lbu_gpr_mem_8__reg_a0__go__all_constructed CERTIFIED   29.9s  (pure_ITYPE (a) (0x0ff#12) (LeanIM.iop.ANDI))
  ld_gpr_fpr_64__reg_a0__c__all_constructed FAILED      33.0s  a
      PseudoCoupHQ/Research/oracle/riscv/leanpath/walk_corpus_0/Walk_ld_gpr_fpr_64__reg_a0__c__all_constructed.lean:232:65: error: unexpected token ','; expected ']'
      PseudoCoupHQ/Research/oracle/riscv/leanpath/walk_corpus_0/Walk_ld_gpr_fpr_64__reg_a0__c__all_constructed.lean:231:13: error: unsolved goals
        | EStateM.Result.error a a_1 => False
  ld_gpr_fpr_64__reg_a0__go__all_constructed FAILED      27.2s  a
      PseudoCoupHQ/Research/oracle/riscv/leanpath/walk_corpus_0/Walk_ld_gpr_fpr_64__reg_a0__go__all_constructed.lean:232:65: error: unexpected token ','; expected ']'
      PseudoCoupHQ/Research/oracle/riscv/leanpath/walk_corpus_0/Walk_ld_gpr_fpr_64__reg_a0__go__all_constructed.lean:231:13: error: unsolved goals
        | EStateM.Result.error a a_1 => False
  ld_gpr_fpr_fpr_64__reg_a0__c__all_constructed FAILED      29.9s  a
      PseudoCoupHQ/Research/oracle/riscv/leanpath/walk_corpus_0/Walk_ld_gpr_fpr_fpr_64__reg_a0__c__all_constructed.lean:232:65: error: unexpected token ','; expected ']'
      PseudoCoupHQ/Research/oracle/riscv/leanpath/walk_corpus_0/Walk_ld_gpr_fpr_fpr_64__reg_a0__c__all_constructed.lean:231:13: error: unsolved goals
        | EStateM.Result.error a a_1 => False
  ld_gpr_fpr_fpr_64__reg_a0__go__all_constructed FAILED      29.0s  a
      PseudoCoupHQ/Research/oracle/riscv/leanpath/walk_corpus_0/Walk_ld_gpr_fpr_fpr_64__reg_a0__go__all_constructed.lean:232:65: error: unexpected token ','; expected ']'
      PseudoCoupHQ/Research/oracle/riscv/leanpath/walk_corpus_0/Walk_ld_gpr_fpr_fpr_64__reg_a0__go__all_constructed.lean:231:13: error: unsolved goals
        | EStateM.Result.error a a_1 => False
  ld_gpr_gpr_64__reg_a0__c__all_constructed FAILED      32.8s  a
      PseudoCoupHQ/Research/oracle/riscv/leanpath/walk_corpus_0/Walk_ld_gpr_gpr_64__reg_a0__c__all_constructed.lean:232:65: error: unexpected token ','; expected ']'
      PseudoCoupHQ/Research/oracle/riscv/leanpath/walk_corpus_0/Walk_ld_gpr_gpr_64__reg_a0__c__all_constructed.lean:231:13: error: unsolved goals
        | EStateM.Result.error a a_1 => False
  ld_gpr_gpr_64__reg_a0__go__all_constructed FAILED      28.7s  a
      PseudoCoupHQ/Research/oracle/riscv/leanpath/walk_corpus_0/Walk_ld_gpr_gpr_64__reg_a0__go__all_constructed.lean:232:65: error: unexpected token ','; expected ']'
      PseudoCoupHQ/Research/oracle/riscv/leanpath/walk_corpus_0/Walk_ld_gpr_gpr_64__reg_a0__go__all_constructed.lean:231:13: error: unsolved goals
        | EStateM.Result.error a a_1 => False
  ld_gpr_gpr_gpr_64__reg_a0__c__all_constructed FAILED      28.4s  a
      PseudoCoupHQ/Research/oracle/riscv/leanpath/walk_corpus_0/Walk_ld_gpr_gpr_gpr_64__reg_a0__c__all_constructed.lean:232:65: error: unexpected token ','; expected ']'
      PseudoCoupHQ/Research/oracle/riscv/leanpath/walk_corpus_0/Walk_ld_gpr_gpr_gpr_64__reg_a0__c__all_constructed.lean:231:13: error: unsolved goals
        | EStateM.Result.error a a_1 => False
  ld_gpr_gpr_gpr_64__reg_a0__go__all_constructed FAILED      26.9s  a
      PseudoCoupHQ/Research/oracle/riscv/leanpath/walk_corpus_0/Walk_ld_gpr_gpr_gpr_64__reg_a0__go__all_constructed.lean:232:65: error: unexpected token ','; expected ']'
      PseudoCoupHQ/Research/oracle/riscv/leanpath/walk_corpus_0/Walk_ld_gpr_gpr_gpr_64__reg_a0__go__all_constructed.lean:231:13: error: unsolved goals
        | EStateM.Result.error a a_1 => False
  ld_gpr_gpr_imm_64__reg_a0__c__all_constructed FAILED      41.2s  a
      PseudoCoupHQ/Research/oracle/riscv/leanpath/walk_corpus_0/Walk_ld_gpr_gpr_imm_64__reg_a0__c__all_constructed.lean:232:65: error: unexpected token ','; expected ']'
      PseudoCoupHQ/Research/oracle/riscv/leanpath/walk_corpus_0/Walk_ld_gpr_gpr_imm_64__reg_a0__c__all_constructed.lean:231:13: error: unsolved goals
        | EStateM.Result.error a a_1 => False
  ld_gpr_gpr_imm_64__reg_a0__go__all_constructed FAILED      30.4s  a
      PseudoCoupHQ/Research/oracle/riscv/leanpath/walk_corpus_0/Walk_ld_gpr_gpr_imm_64__reg_a0__go__all_constructed.lean:232:65: error: unexpected token ','; expected ']'
      PseudoCoupHQ/Research/oracle/riscv/leanpath/walk_corpus_0/Walk_ld_gpr_gpr_imm_64__reg_a0__go__all_constructed.lean:231:13: error: unsolved goals
        | EStateM.Result.error a a_1 => False
  ld_gpr_gpr_same_64__reg_a0__c__all_constructed FAILED      26.5s  a
      PseudoCoupHQ/Research/oracle/riscv/leanpath/walk_corpus_0/Walk_ld_gpr_gpr_same_64__reg_a0__c__all_constructed.lean:232:65: error: unexpected token ','; expected ']'
      PseudoCoupHQ/Research/oracle/riscv/leanpath/walk_corpus_0/Walk_ld_gpr_gpr_same_64__reg_a0__c__all_constructed.lean:231:13: error: unsolved goals
        | EStateM.Result.error a a_1 => False
  ld_gpr_gpr_same_64__reg_a0__go__all_constructed FAILED      34.5s  a
      PseudoCoupHQ/Research/oracle/riscv/leanpath/walk_corpus_0/Walk_ld_gpr_gpr_same_64__reg_a0__go__all_constructed.lean:232:65: error: unexpected token ','; expected ']'
      PseudoCoupHQ/Research/oracle/riscv/leanpath/walk_corpus_0/Walk_ld_gpr_gpr_same_64__reg_a0__go__all_constructed.lean:231:13: error: unsolved goals
        | EStateM.Result.error a a_1 => False
  ld_gpr_imm_64__reg_a0__c__all_constructed FAILED      31.1s  a
      PseudoCoupHQ/Research/oracle/riscv/leanpath/walk_corpus_0/Walk_ld_gpr_imm_64__reg_a0__c__all_constructed.lean:232:65: error: unexpected token ','; expected ']'
      PseudoCoupHQ/Research/oracle/riscv/leanpath/walk_corpus_0/Walk_ld_gpr_imm_64__reg_a0__c__all_constructed.lean:231:13: error: unsolved goals
        | EStateM.Result.error a a_1 => False
  ld_gpr_imm_64__reg_a0__go__all_constructed FAILED      29.4s  a
      PseudoCoupHQ/Research/oracle/riscv/leanpath/walk_corpus_0/Walk_ld_gpr_imm_64__reg_a0__go__all_constructed.lean:232:65: error: unexpected token ','; expected ']'
      PseudoCoupHQ/Research/oracle/riscv/leanpath/walk_corpus_0/Walk_ld_gpr_imm_64__reg_a0__go__all_constructed.lean:231:13: error: unsolved goals
        | EStateM.Result.error a a_1 => False
  ld_gpr_mem_64__reg_a0__c__all_constructed FAILED      29.0s  a
      PseudoCoupHQ/Research/oracle/riscv/leanpath/walk_corpus_0/Walk_ld_gpr_mem_64__reg_a0__c__all_constructed.lean:232:65: error: unexpected token ','; expected ']'
      PseudoCoupHQ/Research/oracle/riscv/leanpath/walk_corpus_0/Walk_ld_gpr_mem_64__reg_a0__c__all_constructed.lean:231:13: error: unsolved goals
        | EStateM.Result.error a a_1 => False
  ld_gpr_mem_64__reg_a0__go__all_constructed FAILED      31.9s  a
      PseudoCoupHQ/Research/oracle/riscv/leanpath/walk_corpus_0/Walk_ld_gpr_mem_64__reg_a0__go__all_constructed.lean:232:65: error: unexpected token ','; expected ']'
      PseudoCoupHQ/Research/oracle/riscv/leanpath/walk_corpus_0/Walk_ld_gpr_mem_64__reg_a0__go__all_constructed.lean:231:13: error: unsolved goals
        | EStateM.Result.error a a_1 => False
  lh_gpr_fpr_16__reg_a0__c__all_constructed CERTIFIED   39.1s  (pure_RTYPE (a) ((pure_SHIFTIOP ((pure_RTYPE ((pure_ZBA_RTYPE ((pure_RTYPE ((pure_ZBA_RTYP
  lh_gpr_fpr_fpr_16__reg_a0__c__all_constructed CERTIFIED   33.2s  (pure_RTYPE (a) ((pure_SHIFTIOP ((pure_RTYPE ((pure_ZBA_RTYPE ((pure_RTYPE ((pure_ZBA_RTYP
  lh_gpr_gpr_16__reg_a0__c__all_constructed CERTIFIED   37.8s  (pure_RTYPE (a) ((pure_SHIFTIOP ((pure_RTYPE ((pure_ZBA_RTYPE ((pure_RTYPE ((pure_ZBA_RTYP
  lh_gpr_gpr_gpr_16__reg_a0__c__all_constructed CERTIFIED   32.7s  (pure_RTYPE (a) ((pure_SHIFTIOP ((pure_RTYPE ((pure_ZBA_RTYPE ((pure_RTYPE ((pure_ZBA_RTYP
  lh_gpr_gpr_imm_16__reg_a0__c__all_constructed CERTIFIED   33.3s  (pure_RTYPE (a) ((pure_SHIFTIOP ((pure_RTYPE ((pure_ZBA_RTYPE ((pure_RTYPE ((pure_ZBA_RTYP
  lh_gpr_gpr_same_16__reg_a0__c__all_constructed CERTIFIED   43.3s  (pure_RTYPE (a) ((pure_SHIFTIOP ((pure_RTYPE ((pure_ZBA_RTYPE ((pure_RTYPE ((pure_ZBA_RTYP
  lh_gpr_imm_16__reg_a0__c__all_constructed CERTIFIED   39.5s  (pure_RTYPE (a) ((pure_SHIFTIOP ((pure_RTYPE ((pure_ZBA_RTYPE ((pure_RTYPE ((pure_ZBA_RTYP
  lh_gpr_mem_16__reg_a0__c__all_constructed CERTIFIED   32.5s  (pure_RTYPE (a) ((pure_SHIFTIOP ((pure_RTYPE ((pure_ZBA_RTYPE ((pure_RTYPE ((pure_ZBA_RTYP
  lhu_gpr_fpr_16__reg_a0__c__all_constructed FAILED      33.4s  a
      PseudoCoupHQ/Research/oracle/riscv/leanpath/walk_corpus_0/Walk_lhu_gpr_fpr_16__reg_a0__c__all_constructed.lean:232:65: error: unexpected token ','; expected ']'
      PseudoCoupHQ/Research/oracle/riscv/leanpath/walk_corpus_0/Walk_lhu_gpr_fpr_16__reg_a0__c__all_constructed.lean:231:13: error: unsolved goals
        | EStateM.Result.error a a_1 => False
  lhu_gpr_fpr_16__reg_a0__go__all_constructed CERTIFIED   29.1s  (pure_SHIFTIOP ((pure_SHIFTIOP (a) ((0x30#6)) (SLLI))) ((0x30#6)) (SRLI))
  lhu_gpr_fpr_fpr_16__reg_a0__c__all_constructed FAILED      29.1s  a
      PseudoCoupHQ/Research/oracle/riscv/leanpath/walk_corpus_0/Walk_lhu_gpr_fpr_fpr_16__reg_a0__c__all_constructed.lean:232:65: error: unexpected token ','; expected ']'
      PseudoCoupHQ/Research/oracle/riscv/leanpath/walk_corpus_0/Walk_lhu_gpr_fpr_fpr_16__reg_a0__c__all_constructed.lean:231:13: error: unsolved goals
        | EStateM.Result.error a a_1 => False
  lhu_gpr_fpr_fpr_16__reg_a0__go__all_constructed CERTIFIED   32.9s  (pure_SHIFTIOP ((pure_SHIFTIOP (a) ((0x30#6)) (SLLI))) ((0x30#6)) (SRLI))
  lhu_gpr_gpr_16__reg_a0__c__all_constructed FAILED      30.8s  a
      PseudoCoupHQ/Research/oracle/riscv/leanpath/walk_corpus_0/Walk_lhu_gpr_gpr_16__reg_a0__c__all_constructed.lean:232:65: error: unexpected token ','; expected ']'
      PseudoCoupHQ/Research/oracle/riscv/leanpath/walk_corpus_0/Walk_lhu_gpr_gpr_16__reg_a0__c__all_constructed.lean:231:13: error: unsolved goals
        | EStateM.Result.error a a_1 => False
  lhu_gpr_gpr_16__reg_a0__go__all_constructed CERTIFIED   31.1s  (pure_SHIFTIOP ((pure_SHIFTIOP (a) ((0x30#6)) (SLLI))) ((0x30#6)) (SRLI))
  lhu_gpr_gpr_gpr_16__reg_a0__c__all_constructed FAILED      28.3s  a
      PseudoCoupHQ/Research/oracle/riscv/leanpath/walk_corpus_0/Walk_lhu_gpr_gpr_gpr_16__reg_a0__c__all_constructed.lean:232:65: error: unexpected token ','; expected ']'
      PseudoCoupHQ/Research/oracle/riscv/leanpath/walk_corpus_0/Walk_lhu_gpr_gpr_gpr_16__reg_a0__c__all_constructed.lean:231:13: error: unsolved goals
        | EStateM.Result.error a a_1 => False
  lhu_gpr_gpr_gpr_16__reg_a0__go__all_constructed CERTIFIED   27.0s  (pure_SHIFTIOP ((pure_SHIFTIOP (a) ((0x30#6)) (SLLI))) ((0x30#6)) (SRLI))
  lhu_gpr_gpr_imm_16__reg_a0__c__all_constructed FAILED      29.6s  a
      PseudoCoupHQ/Research/oracle/riscv/leanpath/walk_corpus_0/Walk_lhu_gpr_gpr_imm_16__reg_a0__c__all_constructed.lean:232:65: error: unexpected token ','; expected ']'
      PseudoCoupHQ/Research/oracle/riscv/leanpath/walk_corpus_0/Walk_lhu_gpr_gpr_imm_16__reg_a0__c__all_constructed.lean:231:13: error: unsolved goals
        | EStateM.Result.error a a_1 => False
  lhu_gpr_gpr_imm_16__reg_a0__go__all_constructed CERTIFIED   29.5s  (pure_SHIFTIOP ((pure_SHIFTIOP (a) ((0x30#6)) (SLLI))) ((0x30#6)) (SRLI))
  lhu_gpr_gpr_same_16__reg_a0__c__all_constructed FAILED      29.5s  a
      PseudoCoupHQ/Research/oracle/riscv/leanpath/walk_corpus_0/Walk_lhu_gpr_gpr_same_16__reg_a0__c__all_constructed.lean:232:65: error: unexpected token ','; expected ']'
      PseudoCoupHQ/Research/oracle/riscv/leanpath/walk_corpus_0/Walk_lhu_gpr_gpr_same_16__reg_a0__c__all_constructed.lean:231:13: error: unsolved goals
        | EStateM.Result.error a a_1 => False
  lhu_gpr_gpr_same_16__reg_a0__go__all_constructed CERTIFIED   30.0s  (pure_SHIFTIOP ((pure_SHIFTIOP (a) ((0x30#6)) (SLLI))) ((0x30#6)) (SRLI))
  lhu_gpr_imm_16__reg_a0__c__all_constructed FAILED      35.0s  a
      PseudoCoupHQ/Research/oracle/riscv/leanpath/walk_corpus_0/Walk_lhu_gpr_imm_16__reg_a0__c__all_constructed.lean:232:65: error: unexpected token ','; expected ']'
      PseudoCoupHQ/Research/oracle/riscv/leanpath/walk_corpus_0/Walk_lhu_gpr_imm_16__reg_a0__c__all_constructed.lean:231:13: error: unsolved goals
        | EStateM.Result.error a a_1 => False
  lhu_gpr_imm_16__reg_a0__go__all_constructed CERTIFIED   32.1s  (pure_SHIFTIOP ((pure_SHIFTIOP (a) ((0x30#6)) (SLLI))) ((0x30#6)) (SRLI))
  lhu_gpr_mem_16__reg_a0__c__all_constructed FAILED      27.8s  a
      PseudoCoupHQ/Research/oracle/riscv/leanpath/walk_corpus_0/Walk_lhu_gpr_mem_16__reg_a0__c__all_constructed.lean:232:65: error: unexpected token ','; expected ']'
      PseudoCoupHQ/Research/oracle/riscv/leanpath/walk_corpus_0/Walk_lhu_gpr_mem_16__reg_a0__c__all_constructed.lean:231:13: error: unsolved goals
        | EStateM.Result.error a a_1 => False
  lhu_gpr_mem_16__reg_a0__go__all_constructed CERTIFIED   36.1s  (pure_SHIFTIOP ((pure_SHIFTIOP (a) ((0x30#6)) (SLLI))) ((0x30#6)) (SRLI))
  lw_gpr_fpr_32__reg_a0__c__all_constructed CERTIFIED   39.2s  (pure_ZBA_RTYPEUW (a) ((pure_RTYPE ((pure_SHIFTIOP ((pure_SHIFTIWOP (a) (0x1f#5) (LeanIM.s
  lw_gpr_fpr_fpr_32__reg_a0__c__all_constructed CERTIFIED   39.2s  (pure_ZBA_RTYPEUW (a) ((pure_RTYPE ((pure_SHIFTIOP ((pure_SHIFTIWOP (a) (0x1f#5) (LeanIM.s
  lw_gpr_gpr_32__reg_a0__c__all_constructed CERTIFIED   39.0s  (pure_ZBA_RTYPEUW (a) ((pure_RTYPE ((pure_SHIFTIOP ((pure_SHIFTIWOP (a) (0x1f#5) (LeanIM.s
  lw_gpr_gpr_gpr_32__reg_a0__c__all_constructed CERTIFIED   35.4s  (pure_ZBA_RTYPEUW (a) ((pure_RTYPE ((pure_SHIFTIOP ((pure_SHIFTIWOP (a) (0x1f#5) (LeanIM.s
  lw_gpr_gpr_imm_32__reg_a0__c__all_constructed CERTIFIED   35.7s  (pure_ZBA_RTYPEUW (a) ((pure_RTYPE ((pure_SHIFTIOP ((pure_SHIFTIWOP (a) (0x1f#5) (LeanIM.s
  lw_gpr_gpr_same_32__reg_a0__c__all_constructed CERTIFIED   37.3s  (pure_ZBA_RTYPEUW (a) ((pure_RTYPE ((pure_SHIFTIOP ((pure_SHIFTIWOP (a) (0x1f#5) (LeanIM.s
  lw_gpr_imm_32__reg_a0__c__all_constructed CERTIFIED   39.7s  (pure_ZBA_RTYPEUW (a) ((pure_RTYPE ((pure_SHIFTIOP ((pure_SHIFTIWOP (a) (0x1f#5) (LeanIM.s
  lw_gpr_mem_32__reg_a0__c__all_constructed CERTIFIED   44.8s  (pure_ZBA_RTYPEUW (a) ((pure_RTYPE ((pure_SHIFTIOP ((pure_SHIFTIWOP (a) (0x1f#5) (LeanIM.s
  lwu_gpr_fpr_32__reg_a0__c__all_constructed CERTIFIED   27.3s  (pure_ZBA_RTYPEUW (a) (zero_reg) (0b00#2))
  lwu_gpr_fpr_32__reg_a0__go__all_constructed CERTIFIED   33.0s  (pure_SHIFTIOP ((pure_SHIFTIOP (a) ((0x20#6)) (SLLI))) ((0x20#6)) (SRLI))
  lwu_gpr_fpr_fpr_32__reg_a0__c__all_constructed CERTIFIED   36.7s  (pure_ZBA_RTYPEUW (a) (zero_reg) (0b00#2))
  lwu_gpr_fpr_fpr_32__reg_a0__go__all_constructed CERTIFIED   30.2s  (pure_SHIFTIOP ((pure_SHIFTIOP (a) ((0x20#6)) (SLLI))) ((0x20#6)) (SRLI))
  lwu_gpr_gpr_32__reg_a0__c__all_constructed CERTIFIED   33.6s  (pure_ZBA_RTYPEUW (a) (zero_reg) (0b00#2))
  lwu_gpr_gpr_32__reg_a0__go__all_constructed CERTIFIED   32.0s  (pure_SHIFTIOP ((pure_SHIFTIOP (a) ((0x20#6)) (SLLI))) ((0x20#6)) (SRLI))
  lwu_gpr_gpr_gpr_32__reg_a0__c__all_constructed CERTIFIED   32.1s  (pure_ZBA_RTYPEUW (a) (zero_reg) (0b00#2))
  lwu_gpr_gpr_gpr_32__reg_a0__go__all_constructed CERTIFIED   36.0s  (pure_SHIFTIOP ((pure_SHIFTIOP (a) ((0x20#6)) (SLLI))) ((0x20#6)) (SRLI))
  lwu_gpr_gpr_imm_32__reg_a0__c__all_constructed CERTIFIED   36.2s  (pure_ZBA_RTYPEUW (a) (zero_reg) (0b00#2))
  lwu_gpr_gpr_imm_32__reg_a0__go__all_constructed CERTIFIED   27.6s  (pure_SHIFTIOP ((pure_SHIFTIOP (a) ((0x20#6)) (SLLI))) ((0x20#6)) (SRLI))
  lwu_gpr_gpr_same_32__reg_a0__c__all_constructed CERTIFIED   31.1s  (pure_ZBA_RTYPEUW (a) (zero_reg) (0b00#2))
  lwu_gpr_gpr_same_32__reg_a0__go__all_constructed CERTIFIED   29.5s  (pure_SHIFTIOP ((pure_SHIFTIOP (a) ((0x20#6)) (SLLI))) ((0x20#6)) (SRLI))
  lwu_gpr_imm_32__reg_a0__c__all_constructed CERTIFIED   35.9s  (pure_ZBA_RTYPEUW (a) (zero_reg) (0b00#2))
  lwu_gpr_imm_32__reg_a0__go__all_constructed CERTIFIED   29.0s  (pure_SHIFTIOP ((pure_SHIFTIOP (a) ((0x20#6)) (SLLI))) ((0x20#6)) (SRLI))
  lwu_gpr_mem_32__reg_a0__c__all_constructed CERTIFIED   30.4s  (pure_ZBA_RTYPEUW (a) (zero_reg) (0b00#2))
  lwu_gpr_mem_32__reg_a0__go__all_constructed CERTIFIED   30.1s  (pure_SHIFTIOP ((pure_SHIFTIOP (a) ((0x20#6)) (SLLI))) ((0x20#6)) (SRLI))
  or_gpr_gpr_gpr_64__reg_a0__c__all_constructed CERTIFIED   33.4s  (pure_RTYPE (a) (b) (OR))
  or_gpr_gpr_same_64__reg_a0__c__all_constructed FAILED      30.8s  a
      PseudoCoupHQ/Research/oracle/riscv/leanpath/walk_corpus_0/Walk_or_gpr_gpr_same_64__reg_a0__c__all_constructed.lean:232:65: error: unexpected token ','; expected ']'
      PseudoCoupHQ/Research/oracle/riscv/leanpath/walk_corpus_0/Walk_or_gpr_gpr_same_64__reg_a0__c__all_constructed.lean:231:13: error: unsolved goals
        | EStateM.Result.error a a_1 => False
  or_gpr_gpr_same_64__reg_a0__go__all_constructed FAILED      27.6s  a
      PseudoCoupHQ/Research/oracle/riscv/leanpath/walk_corpus_0/Walk_or_gpr_gpr_same_64__reg_a0__go__all_constructed.lean:232:65: error: unexpected token ','; expected ']'
      PseudoCoupHQ/Research/oracle/riscv/leanpath/walk_corpus_0/Walk_or_gpr_gpr_same_64__reg_a0__go__all_constructed.lean:231:13: error: unsolved goals
        | EStateM.Result.error a a_1 => False
  ori_gpr_gpr_imm_64__reg_a0__c__all_constructed CERTIFIED   30.6s  (pure_ITYPE (a) (0x003#12) (LeanIM.iop.ORI))
  ori_gpr_gpr_imm_64__reg_a0__go__all_constructed CERTIFIED   26.2s  (pure_ITYPE (a) (0x003#12) (LeanIM.iop.ORI))
  sb_gpr_fpr_8__mem_MEM_fa1__c__all_constructed CERTIFIED   29.5s  (pure_RTYPE ((pure_ITYPE (a) (0xf00#12) (LeanIM.iop.ANDI))) (b) (OR))
  sb_gpr_fpr_8__mem_MEM_fa1__go__all_constructed CERTIFIED   31.7s  (pure_RTYPE ((pure_ITYPE (a) (0xf00#12) (LeanIM.iop.ANDI))) ((pure_ITYPE (b) (0x0ff#12) (L
  sb_gpr_fpr_fpr_8__mem_MEM_fa1__c__all_constructed CERTIFIED   30.0s  (pure_RTYPE ((pure_ITYPE (a) (0xf00#12) (LeanIM.iop.ANDI))) (b) (OR))
  sb_gpr_fpr_fpr_8__mem_MEM_fa1__go__all_constructed CERTIFIED   35.0s  (pure_RTYPE ((pure_ITYPE (a) (0xf00#12) (LeanIM.iop.ANDI))) ((pure_ITYPE (b) (0x0ff#12) (L
  sb_gpr_gpr_8__mem_MEM_a1__c__all_constructed CERTIFIED   33.5s  (pure_RTYPE ((pure_ITYPE (a) (0xf00#12) (LeanIM.iop.ANDI))) (b) (OR))
  sb_gpr_gpr_8__mem_MEM_a1__go__all_constructed CERTIFIED   26.4s  (pure_RTYPE ((pure_ITYPE (a) (0xf00#12) (LeanIM.iop.ANDI))) ((pure_ITYPE (b) (0x0ff#12) (L
  sb_gpr_gpr_gpr_8__mem_MEM_a1__c__all_constructed CERTIFIED   30.5s  (pure_RTYPE ((pure_ITYPE (a) (0xf00#12) (LeanIM.iop.ANDI))) (b) (OR))
  sb_gpr_gpr_gpr_8__mem_MEM_a1__go__all_constructed CERTIFIED   32.3s  (pure_RTYPE ((pure_ITYPE (a) (0xf00#12) (LeanIM.iop.ANDI))) ((pure_ITYPE (b) (0x0ff#12) (L
  sb_gpr_gpr_imm_8__mem_MEM_a1__c__all_constructed CERTIFIED   31.6s  (pure_RTYPE ((pure_ITYPE (a) (0xf00#12) (LeanIM.iop.ANDI))) (b) (OR))
  sb_gpr_gpr_imm_8__mem_MEM_a1__go__all_constructed CERTIFIED   36.7s  (pure_RTYPE ((pure_ITYPE (a) (0xf00#12) (LeanIM.iop.ANDI))) ((pure_ITYPE (b) (0x0ff#12) (L
  sb_gpr_gpr_same_8__mem_MEM_a1__c__all_constructed CERTIFIED   31.8s  (pure_RTYPE ((pure_ITYPE (a) (0xf00#12) (LeanIM.iop.ANDI))) (b) (OR))
  sb_gpr_gpr_same_8__mem_MEM_a1__go__all_constructed CERTIFIED   32.5s  (pure_RTYPE ((pure_ITYPE (a) (0xf00#12) (LeanIM.iop.ANDI))) ((pure_ITYPE (b) (0x0ff#12) (L
  sb_gpr_imm_8__mem_MEM_0x3__c__all_constructed CERTIFIED   29.2s  (pure_RTYPE ((pure_ITYPE (a) (0xf00#12) (LeanIM.iop.ANDI))) (b) (OR))
  sb_gpr_imm_8__mem_MEM_0x3__go__all_constructed CERTIFIED   30.9s  (pure_RTYPE ((pure_ITYPE (a) (0xf00#12) (LeanIM.iop.ANDI))) ((pure_ITYPE (b) (0x0ff#12) (L
  sb_gpr_mem_8__mem_MEM_0x0_a1___c__all_constructed CERTIFIED   32.4s  (pure_RTYPE ((pure_ITYPE (a) (0xf00#12) (LeanIM.iop.ANDI))) (b) (OR))
  sb_gpr_mem_8__mem_MEM_0x0_a1___go__all_constructed CERTIFIED   32.8s  (pure_RTYPE ((pure_ITYPE (a) (0xf00#12) (LeanIM.iop.ANDI))) ((pure_ITYPE (b) (0x0ff#12) (L
  sd_gpr_fpr_64__mem_MEM_fa1__c__all_constructed FAILED      28.6s  a
      PseudoCoupHQ/Research/oracle/riscv/leanpath/walk_corpus_0/Walk_sd_gpr_fpr_64__mem_MEM_fa1__c__all_constructed.lean:232:65: error: unexpected token ','; expected ']'
      PseudoCoupHQ/Research/oracle/riscv/leanpath/walk_corpus_0/Walk_sd_gpr_fpr_64__mem_MEM_fa1__c__all_constructed.lean:231:13: error: unsolved goals
        | EStateM.Result.error a a_1 => False
  sd_gpr_fpr_64__mem_MEM_fa1__go__all_constructed FAILED      36.5s  a
      PseudoCoupHQ/Research/oracle/riscv/leanpath/walk_corpus_0/Walk_sd_gpr_fpr_64__mem_MEM_fa1__go__all_constructed.lean:232:65: error: unexpected token ','; expected ']'
      PseudoCoupHQ/Research/oracle/riscv/leanpath/walk_corpus_0/Walk_sd_gpr_fpr_64__mem_MEM_fa1__go__all_constructed.lean:231:13: error: unsolved goals
        | EStateM.Result.error a a_1 => False
  sd_gpr_fpr_fpr_64__mem_MEM_fa1__c__all_constructed FAILED      26.4s  a
      PseudoCoupHQ/Research/oracle/riscv/leanpath/walk_corpus_0/Walk_sd_gpr_fpr_fpr_64__mem_MEM_fa1__c__all_constructed.lean:232:65: error: unexpected token ','; expected ']'
      PseudoCoupHQ/Research/oracle/riscv/leanpath/walk_corpus_0/Walk_sd_gpr_fpr_fpr_64__mem_MEM_fa1__c__all_constructed.lean:231:13: error: unsolved goals
        | EStateM.Result.error a a_1 => False
  sd_gpr_fpr_fpr_64__mem_MEM_fa1__go__all_constructed FAILED      27.1s  a
      PseudoCoupHQ/Research/oracle/riscv/leanpath/walk_corpus_0/Walk_sd_gpr_fpr_fpr_64__mem_MEM_fa1__go__all_constructed.lean:232:65: error: unexpected token ','; expected ']'
      PseudoCoupHQ/Research/oracle/riscv/leanpath/walk_corpus_0/Walk_sd_gpr_fpr_fpr_64__mem_MEM_fa1__go__all_constructed.lean:231:13: error: unsolved goals
        | EStateM.Result.error a a_1 => False
  sd_gpr_gpr_64__mem_MEM_a1__c__all_constructed FAILED      27.0s  a
      PseudoCoupHQ/Research/oracle/riscv/leanpath/walk_corpus_0/Walk_sd_gpr_gpr_64__mem_MEM_a1__c__all_constructed.lean:232:65: error: unexpected token ','; expected ']'
      PseudoCoupHQ/Research/oracle/riscv/leanpath/walk_corpus_0/Walk_sd_gpr_gpr_64__mem_MEM_a1__c__all_constructed.lean:231:13: error: unsolved goals
        | EStateM.Result.error a a_1 => False
  sd_gpr_gpr_64__mem_MEM_a1__go__all_constructed FAILED      27.0s  a
      PseudoCoupHQ/Research/oracle/riscv/leanpath/walk_corpus_0/Walk_sd_gpr_gpr_64__mem_MEM_a1__go__all_constructed.lean:232:65: error: unexpected token ','; expected ']'
      PseudoCoupHQ/Research/oracle/riscv/leanpath/walk_corpus_0/Walk_sd_gpr_gpr_64__mem_MEM_a1__go__all_constructed.lean:231:13: error: unsolved goals
        | EStateM.Result.error a a_1 => False
  sd_gpr_gpr_gpr_64__mem_MEM_a1__c__all_constructed FAILED      34.4s  a
      PseudoCoupHQ/Research/oracle/riscv/leanpath/walk_corpus_0/Walk_sd_gpr_gpr_gpr_64__mem_MEM_a1__c__all_constructed.lean:232:65: error: unexpected token ','; expected ']'
      PseudoCoupHQ/Research/oracle/riscv/leanpath/walk_corpus_0/Walk_sd_gpr_gpr_gpr_64__mem_MEM_a1__c__all_constructed.lean:231:13: error: unsolved goals
        | EStateM.Result.error a a_1 => False
  sd_gpr_gpr_gpr_64__mem_MEM_a1__go__all_constructed FAILED      29.9s  a
      PseudoCoupHQ/Research/oracle/riscv/leanpath/walk_corpus_0/Walk_sd_gpr_gpr_gpr_64__mem_MEM_a1__go__all_constructed.lean:232:65: error: unexpected token ','; expected ']'
      PseudoCoupHQ/Research/oracle/riscv/leanpath/walk_corpus_0/Walk_sd_gpr_gpr_gpr_64__mem_MEM_a1__go__all_constructed.lean:231:13: error: unsolved goals
        | EStateM.Result.error a a_1 => False
  sd_gpr_gpr_imm_64__mem_MEM_a1__c__all_constructed FAILED      33.4s  a
      PseudoCoupHQ/Research/oracle/riscv/leanpath/walk_corpus_0/Walk_sd_gpr_gpr_imm_64__mem_MEM_a1__c__all_constructed.lean:232:65: error: unexpected token ','; expected ']'
      PseudoCoupHQ/Research/oracle/riscv/leanpath/walk_corpus_0/Walk_sd_gpr_gpr_imm_64__mem_MEM_a1__c__all_constructed.lean:231:13: error: unsolved goals
        | EStateM.Result.error a a_1 => False
  sd_gpr_gpr_imm_64__mem_MEM_a1__go__all_constructed FAILED      28.5s  a
      PseudoCoupHQ/Research/oracle/riscv/leanpath/walk_corpus_0/Walk_sd_gpr_gpr_imm_64__mem_MEM_a1__go__all_constructed.lean:232:65: error: unexpected token ','; expected ']'
      PseudoCoupHQ/Research/oracle/riscv/leanpath/walk_corpus_0/Walk_sd_gpr_gpr_imm_64__mem_MEM_a1__go__all_constructed.lean:231:13: error: unsolved goals
        | EStateM.Result.error a a_1 => False
  sd_gpr_gpr_same_64__mem_MEM_a1__c__all_constructed FAILED      31.4s  a
      PseudoCoupHQ/Research/oracle/riscv/leanpath/walk_corpus_0/Walk_sd_gpr_gpr_same_64__mem_MEM_a1__c__all_constructed.lean:232:65: error: unexpected token ','; expected ']'
      PseudoCoupHQ/Research/oracle/riscv/leanpath/walk_corpus_0/Walk_sd_gpr_gpr_same_64__mem_MEM_a1__c__all_constructed.lean:231:13: error: unsolved goals
        | EStateM.Result.error a a_1 => False
  sd_gpr_gpr_same_64__mem_MEM_a1__go__all_constructed FAILED      30.1s  a
      PseudoCoupHQ/Research/oracle/riscv/leanpath/walk_corpus_0/Walk_sd_gpr_gpr_same_64__mem_MEM_a1__go__all_constructed.lean:232:65: error: unexpected token ','; expected ']'
      PseudoCoupHQ/Research/oracle/riscv/leanpath/walk_corpus_0/Walk_sd_gpr_gpr_same_64__mem_MEM_a1__go__all_constructed.lean:231:13: error: unsolved goals
        | EStateM.Result.error a a_1 => False
  sd_gpr_imm_64__mem_MEM_0x3__c__all_constructed FAILED      26.1s  a
      PseudoCoupHQ/Research/oracle/riscv/leanpath/walk_corpus_0/Walk_sd_gpr_imm_64__mem_MEM_0x3__c__all_constructed.lean:232:65: error: unexpected token ','; expected ']'
      PseudoCoupHQ/Research/oracle/riscv/leanpath/walk_corpus_0/Walk_sd_gpr_imm_64__mem_MEM_0x3__c__all_constructed.lean:231:13: error: unsolved goals
        | EStateM.Result.error a a_1 => False
  sd_gpr_imm_64__mem_MEM_0x3__go__all_constructed FAILED      30.0s  a
      PseudoCoupHQ/Research/oracle/riscv/leanpath/walk_corpus_0/Walk_sd_gpr_imm_64__mem_MEM_0x3__go__all_constructed.lean:232:65: error: unexpected token ','; expected ']'
      PseudoCoupHQ/Research/oracle/riscv/leanpath/walk_corpus_0/Walk_sd_gpr_imm_64__mem_MEM_0x3__go__all_constructed.lean:231:13: error: unsolved goals
        | EStateM.Result.error a a_1 => False
  sd_gpr_mem_64__mem_MEM_0x0_a1___c__all_constructed FAILED      30.0s  a
      PseudoCoupHQ/Research/oracle/riscv/leanpath/walk_corpus_0/Walk_sd_gpr_mem_64__mem_MEM_0x0_a1___c__all_constructed.lean:232:65: error: unexpected token ','; expected ']'
      PseudoCoupHQ/Research/oracle/riscv/leanpath/walk_corpus_0/Walk_sd_gpr_mem_64__mem_MEM_0x0_a1___c__all_constructed.lean:231:13: error: unsolved goals
        | EStateM.Result.error a a_1 => False
  sd_gpr_mem_64__mem_MEM_0x0_a1___go__all_constructed FAILED      30.5s  a
      PseudoCoupHQ/Research/oracle/riscv/leanpath/walk_corpus_0/Walk_sd_gpr_mem_64__mem_MEM_0x0_a1___go__all_constructed.lean:232:65: error: unexpected token ','; expected ']'
      PseudoCoupHQ/Research/oracle/riscv/leanpath/walk_corpus_0/Walk_sd_gpr_mem_64__mem_MEM_0x0_a1___go__all_constructed.lean:231:13: error: unsolved goals
        | EStateM.Result.error a a_1 => False
  sll_gpr_gpr_gpr_64__reg_a0__c__all_constructed CERTIFIED   30.7s  (pure_RTYPE ((pure_RTYPE ((pure_RTYPE ((pure_RTYPE ((pure_RTYPE ((pure_RTYPE (a) ((pure_IT
  sll_gpr_gpr_same_64__reg_a0__c__all_constructed CERTIFIED   38.9s  (pure_RTYPE ((pure_RTYPE ((pure_RTYPE ((pure_RTYPE ((pure_RTYPE ((pure_RTYPE (a) ((pure_IT
  slli_gpr_gpr_imm_64__reg_a0__c__all_constructed CERTIFIED   35.9s  (pure_SHIFTIOP (a) ((0x03#6)) (SLLI))
  slliw_gpr_gpr_imm_32__reg_a0__c__all_constructed CERTIFIED   32.5s  (pure_SHIFTIWOP (a) (0x03#5) (LeanIM.sopw.SLLIW))
  sllw_gpr_gpr_gpr_32__reg_a0__c__all_constructed CERTIFIED   48.0s  (pure_ZBA_RTYPEUW ((pure_RTYPEW ((pure_RTYPEW ((pure_RTYPEW ((pure_RTYPEW ((pure_RTYPEW (a
  sllw_gpr_gpr_same_32__reg_a0__c__all_constructed CERTIFIED   37.9s  (pure_ZBA_RTYPEUW ((pure_RTYPEW ((pure_RTYPEW ((pure_RTYPEW ((pure_RTYPEW ((pure_RTYPEW (a
  slt_gpr_gpr_same_64__reg_a0__c__all_constructed CERTIFIED   29.8s  (pure_ITYPE (zero_reg) (((sign_extend (m := 12) (0x00#6)))) (ADDI))
  sltiu_gpr_gpr_imm_64__reg_a0__c__all_constructed CERTIFIED   37.5s  (pure_RTYPE ((pure_ZBB_RTYPE ((pure_SHIFTIOP ((pure_ITYPE (a) (0xfff#12) (LeanIM.iop.XORI)
  sltu_gpr_gpr_same_64__reg_a0__c__all_constructed CERTIFIED   29.5s  (pure_ITYPE (zero_reg) (((sign_extend (m := 12) (0x00#6)))) (ADDI))
  srai_gpr_gpr_imm_64__reg_a0__c__all_constructed CERTIFIED   36.2s  (pure_RTYPE ((pure_RTYPE ((pure_SHIFTIOP ((pure_SHIFTIOP (a) ((0x3f#6)) (SRLI))) ((0x3d#6)
  sraiw_gpr_gpr_imm_32__reg_a0__c__all_constructed CERTIFIED   36.9s  (pure_RTYPE ((pure_SHIFTIOP ((pure_RTYPE ((pure_SHIFTIWOP (a) (0x1f#5) (LeanIM.sopw.SRLIW)
  srl_gpr_gpr_gpr_64__reg_a0__c__all_constructed CERTIFIED   26.1s  (pure_RTYPE ((pure_RTYPE ((pure_RTYPE ((pure_RTYPE ((pure_RTYPE ((pure_RTYPE (a) ((pure_IT
  srl_gpr_gpr_same_64__reg_a0__c__all_constructed CERTIFIED   26.6s  (pure_RTYPE ((pure_RTYPE ((pure_RTYPE ((pure_RTYPE ((pure_RTYPE ((pure_RTYPE (a) ((pure_IT
  srli_gpr_gpr_imm_64__reg_a0__c__all_constructed CERTIFIED   23.5s  (pure_SHIFTIOP (a) ((0x03#6)) (SRLI))
  srliw_gpr_gpr_imm_32__reg_a0__c__all_constructed CERTIFIED   23.7s  (pure_SHIFTIWOP (a) (0x03#5) (LeanIM.sopw.SRLIW))
  srlw_gpr_gpr_gpr_32__reg_a0__c__all_constructed CERTIFIED   30.6s  (pure_ZBA_RTYPEUW ((pure_RTYPEW ((pure_RTYPEW ((pure_RTYPEW ((pure_RTYPEW ((pure_RTYPEW (a
  sub_gpr_gpr_same_64__reg_a0__c__all_constructed CERTIFIED   21.0s  (pure_ITYPE (zero_reg) (((sign_extend (m := 12) (0x00#6)))) (ADDI))
  subw_gpr_gpr_same_32__reg_a0__c__all_constructed CERTIFIED   21.7s  (pure_ITYPE (zero_reg) (((sign_extend (m := 12) (0x00#6)))) (ADDI))
  sw_gpr_fpr_32__mem_MEM_fa1__c__all_constructed CERTIFIED   20.9s  (pure_ZBA_RTYPEUW (b) ((pure_SHIFTIOP ((pure_SHIFTIOP (a) ((0x20#6)) (SRLI))) ((0x20#6)) (
  sw_gpr_fpr_32__mem_MEM_fa1__go__all_constructed CERTIFIED   22.8s  (pure_RTYPE ((pure_RTYPE (a) ((pure_SHIFTIOP ((pure_ITYPE (zero_reg) (((sign_extend (m := 
  sw_gpr_fpr_fpr_32__mem_MEM_fa1__c__all_constructed CERTIFIED   22.4s  (pure_ZBA_RTYPEUW (b) ((pure_SHIFTIOP ((pure_SHIFTIOP (a) ((0x20#6)) (SRLI))) ((0x20#6)) (
  sw_gpr_fpr_fpr_32__mem_MEM_fa1__go__all_constructed CERTIFIED   24.4s  (pure_RTYPE ((pure_RTYPE (a) ((pure_SHIFTIOP ((pure_ITYPE (zero_reg) (((sign_extend (m := 
  sw_gpr_gpr_32__mem_MEM_a1__c__all_constructed CERTIFIED   21.7s  (pure_ZBA_RTYPEUW (b) ((pure_SHIFTIOP ((pure_SHIFTIOP (a) ((0x20#6)) (SRLI))) ((0x20#6)) (
  sw_gpr_gpr_32__mem_MEM_a1__go__all_constructed CERTIFIED   23.0s  (pure_RTYPE ((pure_RTYPE (a) ((pure_SHIFTIOP ((pure_ITYPE (zero_reg) (((sign_extend (m := 
  sw_gpr_gpr_gpr_32__mem_MEM_a1__c__all_constructed CERTIFIED   24.4s  (pure_ZBA_RTYPEUW (b) ((pure_SHIFTIOP ((pure_SHIFTIOP (a) ((0x20#6)) (SRLI))) ((0x20#6)) (
  sw_gpr_gpr_gpr_32__mem_MEM_a1__go__all_constructed CERTIFIED   22.2s  (pure_RTYPE ((pure_RTYPE (a) ((pure_SHIFTIOP ((pure_ITYPE (zero_reg) (((sign_extend (m := 
  sw_gpr_gpr_imm_32__mem_MEM_a1__c__all_constructed CERTIFIED   23.3s  (pure_ZBA_RTYPEUW (b) ((pure_SHIFTIOP ((pure_SHIFTIOP (a) ((0x20#6)) (SRLI))) ((0x20#6)) (
  sw_gpr_gpr_imm_32__mem_MEM_a1__go__all_constructed CERTIFIED   23.2s  (pure_RTYPE ((pure_RTYPE (a) ((pure_SHIFTIOP ((pure_ITYPE (zero_reg) (((sign_extend (m := 
  sw_gpr_gpr_same_32__mem_MEM_a1__c__all_constructed CERTIFIED   22.3s  (pure_ZBA_RTYPEUW (b) ((pure_SHIFTIOP ((pure_SHIFTIOP (a) ((0x20#6)) (SRLI))) ((0x20#6)) (
  sw_gpr_gpr_same_32__mem_MEM_a1__go__all_constructed CERTIFIED   23.5s  (pure_RTYPE ((pure_RTYPE (a) ((pure_SHIFTIOP ((pure_ITYPE (zero_reg) (((sign_extend (m := 
  sw_gpr_imm_32__mem_MEM_0x3__c__all_constructed CERTIFIED   22.8s  (pure_ZBA_RTYPEUW (b) ((pure_SHIFTIOP ((pure_SHIFTIOP (a) ((0x20#6)) (SRLI))) ((0x20#6)) (
  sw_gpr_imm_32__mem_MEM_0x3__go__all_constructed CERTIFIED   23.4s  (pure_RTYPE ((pure_RTYPE (a) ((pure_SHIFTIOP ((pure_ITYPE (zero_reg) (((sign_extend (m := 
  sw_gpr_mem_32__mem_MEM_0x0_a1___c__all_constructed CERTIFIED   22.0s  (pure_ZBA_RTYPEUW (b) ((pure_SHIFTIOP ((pure_SHIFTIOP (a) ((0x20#6)) (SRLI))) ((0x20#6)) (
  sw_gpr_mem_32__mem_MEM_0x0_a1___go__all_constructed CERTIFIED   23.8s  (pure_RTYPE ((pure_RTYPE (a) ((pure_SHIFTIOP ((pure_ITYPE (zero_reg) (((sign_extend (m := 
  xor_gpr_gpr_gpr_64__reg_a0__c__all_constructed CERTIFIED   21.5s  (pure_RTYPE (a) (b) (XOR))
  xor_gpr_gpr_same_64__reg_a0__c__all_constructed CERTIFIED   22.2s  (pure_ITYPE (zero_reg) (((sign_extend (m := 12) (0x00#6)))) (ADDI))
  xori_gpr_gpr_imm_64__reg_a0__c__all_constructed CERTIFIED   22.9s  (pure_ITYPE (a) (0x003#12) (LeanIM.iop.XORI))
  xori_gpr_gpr_imm_64__reg_a0__go__all_constructed CERTIFIED   19.0s  (pure_RTYPE ((pure_ITYPE (a) (0xffc#12) (LeanIM.iop.ANDI))) ((pure_ITYPE ((pure_ITYPE ((pu
  walk: certified 174, failed 82, refused 234, of 490
