  proof lib LeanIM; executable lib LeanIMPrExecutable; decoder state: s0
  emitted definitions scanned: 4750
  decode: 218 words, lean rc=0, 84.5s
  register expressions evaluated: 4 of 4 (3.8s)
  certifying with 2 Lean job(s) at a time
  add_gpr_gpr_gpr_64__reg_a0__go__native_first REFUSED  no certified pure form for JALR (an element the rule does not know: (update_elp_state rs1))
  add_gpr_gpr_same_64__reg_a0__go__native_first REFUSED  no certified pure form for JALR (an element the rule does not know: (update_elp_state rs1))
  addi_gpr_gpr_imm_64__reg_a0__go__native_first REFUSED  no certified pure form for JALR (an element the rule does not know: (update_elp_state rs1))
  addiw_gpr_gpr_imm_32__reg_a0__c__native_first REFUSED  67 instructions, above the walk's bound of 64
  addiw_gpr_gpr_imm_32__reg_a0__go__native_first REFUSED  72 instructions, above the walk's bound of 64
  addw_gpr_gpr_gpr_32__reg_a0__c__native_first REFUSED  67 instructions, above the walk's bound of 64
  addw_gpr_gpr_gpr_32__reg_a0__go__native_first REFUSED  72 instructions, above the walk's bound of 64
  addw_gpr_gpr_same_32__reg_a0__c__native_first REFUSED  67 instructions, above the walk's bound of 64
  addw_gpr_gpr_same_32__reg_a0__go__native_first REFUSED  72 instructions, above the walk's bound of 64
  and_gpr_gpr_gpr_64__reg_a0__go__native_first REFUSED  no certified pure form for JALR (an element the rule does not know: (update_elp_state rs1))
  andi_gpr_gpr_imm_64__reg_a0__go__native_first REFUSED  no certified pure form for JALR (an element the rule does not know: (update_elp_state rs1))
  auipc_gpr_imm_32__reg_a0__c__native_first REFUSED  no certified pure form for UTYPE (an effect in an arm beyond register reads: ((← (get_arch_pc ())) + off))
  auipc_gpr_imm_32__reg_a0__go__native_first REFUSED  no certified pure form for UTYPE (an effect in an arm beyond register reads: ((← (get_arch_pc ())) + off))
  beq_gpr_gpr_64__branch_condition__go__native_first REFUSED  no certified pure form for C_NOP (a pure clause that is not an ExecuteAs alias: RETIRE_SUCCESS)
  beq_gpr_gpr_gpr_64__branch_condition__go__native_first REFUSED  no certified pure form for C_NOP (a pure clause that is not an ExecuteAs alias: RETIRE_SUCCESS)
  beq_gpr_gpr_imm_64__branch_condition__go__native_first REFUSED  no certified pure form for C_NOP (a pure clause that is not an ExecuteAs alias: RETIRE_SUCCESS)
  beq_gpr_gpr_same_64__branch_condition__go__native_first REFUSED  no certified pure form for C_NOP (a pure clause that is not an ExecuteAs alias: RETIRE_SUCCESS)
  bge_gpr_gpr_64__branch_condition__go__native_first REFUSED  no certified pure form for C_NOP (a pure clause that is not an ExecuteAs alias: RETIRE_SUCCESS)
  bge_gpr_gpr_gpr_64__branch_condition__go__native_first REFUSED  no certified pure form for C_NOP (a pure clause that is not an ExecuteAs alias: RETIRE_SUCCESS)
  bge_gpr_gpr_imm_64__branch_condition__go__native_first REFUSED  no certified pure form for C_NOP (a pure clause that is not an ExecuteAs alias: RETIRE_SUCCESS)
  bge_gpr_gpr_same_64__branch_condition__go__native_first REFUSED  no certified pure form for C_NOP (a pure clause that is not an ExecuteAs alias: RETIRE_SUCCESS)
  bgeu_gpr_gpr_64__branch_condition__go__native_first REFUSED  no certified pure form for C_NOP (a pure clause that is not an ExecuteAs alias: RETIRE_SUCCESS)
  bgeu_gpr_gpr_gpr_64__branch_condition__go__native_first REFUSED  no certified pure form for C_NOP (a pure clause that is not an ExecuteAs alias: RETIRE_SUCCESS)
  bgeu_gpr_gpr_imm_64__branch_condition__go__native_first REFUSED  no certified pure form for C_NOP (a pure clause that is not an ExecuteAs alias: RETIRE_SUCCESS)
  bgeu_gpr_gpr_same_64__branch_condition__go__native_first REFUSED  no certified pure form for C_NOP (a pure clause that is not an ExecuteAs alias: RETIRE_SUCCESS)
  bne_gpr_gpr_64__branch_condition__go__native_first REFUSED  no certified pure form for JALR (an element the rule does not know: (update_elp_state rs1))
  bne_gpr_gpr_gpr_64__branch_condition__go__native_first REFUSED  no certified pure form for JALR (an element the rule does not know: (update_elp_state rs1))
  bne_gpr_gpr_imm_64__branch_condition__go__native_first REFUSED  no certified pure form for JALR (an element the rule does not know: (update_elp_state rs1))
  bne_gpr_gpr_same_64__branch_condition__go__native_first REFUSED  no certified pure form for JALR (an element the rule does not know: (update_elp_state rs1))
  czero_eqz_gpr_gpr_gpr_64__reg_a0__c__native_first REFUSED  no certified pure form for ZICOND_RTYPE (an element the rule does not know: let condition ← (( do)
  czero_eqz_gpr_gpr_gpr_64__reg_a0__go__native_first REFUSED  no certified pure form for C_NOP (a pure clause that is not an ExecuteAs alias: RETIRE_SUCCESS)
  czero_eqz_gpr_gpr_same_64__reg_a0__go__native_first REFUSED  no certified pure form for C_NOP (a pure clause that is not an ExecuteAs alias: RETIRE_SUCCESS)
  czero_nez_gpr_gpr_gpr_64__reg_a0__c__native_first REFUSED  no certified pure form for ZICOND_RTYPE (an element the rule does not know: let condition ← (( do)
  czero_nez_gpr_gpr_gpr_64__reg_a0__go__native_first REFUSED  no certified pure form for C_NOP (a pure clause that is not an ExecuteAs alias: RETIRE_SUCCESS)
  czero_nez_gpr_gpr_same_64__reg_a0__go__native_first REFUSED  no certified pure form for C_NOP (a pure clause that is not an ExecuteAs alias: RETIRE_SUCCESS)
  div_gpr_gpr_gpr_64__reg_a0__c__native_first REFUSED  no certified pure form for ZICOND_RTYPE (an element the rule does not know: let condition ← (( do)
  div_gpr_gpr_gpr_64__reg_a0__go__native_first REFUSED  no certified pure form for LOAD (an element the rule does not know: assert (width ≤b xlen_bytes) "extensions/I
  div_gpr_gpr_same_64__reg_a0__go__native_first REFUSED  no certified pure form for LOAD (an element the rule does not know: assert (width ≤b xlen_bytes) "extensions/I
  divu_gpr_gpr_gpr_64__reg_a0__go__native_first REFUSED  no certified pure form for LOAD (an element the rule does not know: assert (width ≤b xlen_bytes) "extensions/I
  divu_gpr_gpr_same_64__reg_a0__go__native_first REFUSED  no certified pure form for LOAD (an element the rule does not know: assert (width ≤b xlen_bytes) "extensions/I
  divuw_gpr_gpr_gpr_32__reg_a0__c__native_first REFUSED  67 instructions, above the walk's bound of 64
  divuw_gpr_gpr_gpr_32__reg_a0__go__native_first REFUSED  89 instructions, above the walk's bound of 64
  divuw_gpr_gpr_same_32__reg_a0__go__native_first REFUSED  86 instructions, above the walk's bound of 64
  divw_gpr_gpr_gpr_32__reg_a0__c__native_first REFUSED  87 instructions, above the walk's bound of 64
  divw_gpr_gpr_gpr_32__reg_a0__go__native_first REFUSED  115 instructions, above the walk's bound of 64
  divw_gpr_gpr_same_32__reg_a0__go__native_first REFUSED  109 instructions, above the walk's bound of 64
  fadd_d_fpr_fpr_fpr_64__freg_fa0__cpp__native_first REFUSED  no certified pure form for ILLEGAL (a pure clause that is not an ExecuteAs alias: (Illegal_Instruction ()))
  fadd_s_fpr_fpr_fpr_32__freg_fa0__cpp__native_first REFUSED  no certified pure form for ILLEGAL (a pure clause that is not an ExecuteAs alias: (Illegal_Instruction ()))
  fcvt_d_l_fpr_gpr_64__freg_fa0__cpp__native_first REFUSED  no certified pure form for ILLEGAL (a pure clause that is not an ExecuteAs alias: (Illegal_Instruction ()))
  fcvt_d_lu_fpr_gpr_64__freg_fa0__cpp__native_first REFUSED  no certified pure form for ILLEGAL (a pure clause that is not an ExecuteAs alias: (Illegal_Instruction ()))
  fcvt_d_s_fpr_fpr_64__freg_fa0__cpp__native_first REFUSED  no certified pure form for ILLEGAL (a pure clause that is not an ExecuteAs alias: (Illegal_Instruction ()))
  fcvt_d_s_fpr_fpr_fpr_64__freg_fa0__cpp__native_first REFUSED  no certified pure form for ILLEGAL (a pure clause that is not an ExecuteAs alias: (Illegal_Instruction ()))
  fcvt_d_w_fpr_gpr_64__freg_fa0__cpp__native_first REFUSED  no certified pure form for ILLEGAL (a pure clause that is not an ExecuteAs alias: (Illegal_Instruction ()))
  fcvt_d_wu_fpr_gpr_64__freg_fa0__cpp__native_first REFUSED  no certified pure form for ILLEGAL (a pure clause that is not an ExecuteAs alias: (Illegal_Instruction ()))
  fcvt_s_d_fpr_fpr_32__freg_fa0__cpp__native_first REFUSED  no certified pure form for ILLEGAL (a pure clause that is not an ExecuteAs alias: (Illegal_Instruction ()))
  fcvt_s_d_fpr_fpr_fpr_32__freg_fa0__cpp__native_first REFUSED  no certified pure form for ILLEGAL (a pure clause that is not an ExecuteAs alias: (Illegal_Instruction ()))
  fcvt_s_l_fpr_gpr_32__freg_fa0__cpp__native_first REFUSED  no certified pure form for ILLEGAL (a pure clause that is not an ExecuteAs alias: (Illegal_Instruction ()))
  fcvt_s_lu_fpr_gpr_32__freg_fa0__cpp__native_first REFUSED  no certified pure form for ILLEGAL (a pure clause that is not an ExecuteAs alias: (Illegal_Instruction ()))
  fcvt_s_w_fpr_gpr_32__freg_fa0__cpp__native_first REFUSED  no certified pure form for ILLEGAL (a pure clause that is not an ExecuteAs alias: (Illegal_Instruction ()))
  fcvt_s_wu_fpr_gpr_32__freg_fa0__cpp__native_first REFUSED  no certified pure form for ILLEGAL (a pure clause that is not an ExecuteAs alias: (Illegal_Instruction ()))
  fdiv_d_fpr_fpr_fpr_64__freg_fa0__cpp__native_first REFUSED  no certified pure form for ILLEGAL (a pure clause that is not an ExecuteAs alias: (Illegal_Instruction ()))
  fdiv_s_fpr_fpr_fpr_32__freg_fa0__cpp__native_first REFUSED  no certified pure form for ILLEGAL (a pure clause that is not an ExecuteAs alias: (Illegal_Instruction ()))
  feq_d_gpr_fpr_fpr_64__reg_a0__c__native_first REFUSED  no certified pure form for ILLEGAL (a pure clause that is not an ExecuteAs alias: (Illegal_Instruction ()))
  feq_d_gpr_fpr_fpr_64__reg_a0__go__native_first REFUSED  no certified pure form for C_NOP (a pure clause that is not an ExecuteAs alias: RETIRE_SUCCESS)
  feq_s_gpr_fpr_fpr_32__reg_a0__c__native_first REFUSED  no certified pure form for ILLEGAL (a pure clause that is not an ExecuteAs alias: (Illegal_Instruction ()))
  feq_s_gpr_fpr_fpr_32__reg_a0__go__native_first REFUSED  no certified pure form for C_NOP (a pure clause that is not an ExecuteAs alias: RETIRE_SUCCESS)
  fle_d_gpr_fpr_fpr_64__reg_a0__c__native_first REFUSED  no certified pure form for ILLEGAL (a pure clause that is not an ExecuteAs alias: (Illegal_Instruction ()))
  fle_d_gpr_fpr_fpr_64__reg_a0__go__native_first REFUSED  no certified pure form for C_NOP (a pure clause that is not an ExecuteAs alias: RETIRE_SUCCESS)
  fle_s_gpr_fpr_fpr_32__reg_a0__c__native_first REFUSED  no certified pure form for ILLEGAL (a pure clause that is not an ExecuteAs alias: (Illegal_Instruction ()))
  fle_s_gpr_fpr_fpr_32__reg_a0__go__native_first REFUSED  no certified pure form for C_NOP (a pure clause that is not an ExecuteAs alias: RETIRE_SUCCESS)
  flt_d_gpr_fpr_fpr_64__reg_a0__c__native_first REFUSED  no certified pure form for ILLEGAL (a pure clause that is not an ExecuteAs alias: (Illegal_Instruction ()))
  flt_d_gpr_fpr_fpr_64__reg_a0__go__native_first REFUSED  no certified pure form for C_NOP (a pure clause that is not an ExecuteAs alias: RETIRE_SUCCESS)
  flt_s_gpr_fpr_fpr_32__reg_a0__c__native_first REFUSED  no certified pure form for ILLEGAL (a pure clause that is not an ExecuteAs alias: (Illegal_Instruction ()))
  flt_s_gpr_fpr_fpr_32__reg_a0__go__native_first REFUSED  no certified pure form for C_NOP (a pure clause that is not an ExecuteAs alias: RETIRE_SUCCESS)
  flw_fpr_fpr_32__freg_fa0__go__native_first REFUSED  no certified pure form for JALR (an element the rule does not know: (update_elp_state rs1))
  flw_fpr_fpr_fpr_32__freg_fa0__go__native_first REFUSED  no certified pure form for JALR (an element the rule does not know: (update_elp_state rs1))
  flw_fpr_gpr_32__freg_fa0__go__native_first REFUSED  no certified pure form for JALR (an element the rule does not know: (update_elp_state rs1))
  flw_fpr_mem_32__freg_fa0__go__native_first REFUSED  no certified pure form for JALR (an element the rule does not know: (update_elp_state rs1))
  fmul_d_fpr_fpr_fpr_64__freg_fa0__cpp__native_first REFUSED  no certified pure form for ILLEGAL (a pure clause that is not an ExecuteAs alias: (Illegal_Instruction ()))
  fmul_s_fpr_fpr_fpr_32__freg_fa0__cpp__native_first REFUSED  no certified pure form for ILLEGAL (a pure clause that is not an ExecuteAs alias: (Illegal_Instruction ()))
  fmv_w_x_fpr_gpr_32__freg_fa0__go__native_first REFUSED  no certified pure form for JALR (an element the rule does not know: (update_elp_state rs1))
  fmv_x_w_gpr_fpr_32__reg_a0__c__native_first REFUSED  66 instructions, above the walk's bound of 64
  fmv_x_w_gpr_fpr_32__reg_a0__go__native_first REFUSED  72 instructions, above the walk's bound of 64
  fmv_x_w_gpr_fpr_fpr_32__reg_a0__c__native_first REFUSED  66 instructions, above the walk's bound of 64
  fmv_x_w_gpr_fpr_fpr_32__reg_a0__go__native_first REFUSED  72 instructions, above the walk's bound of 64
  fsub_d_fpr_fpr_fpr_64__freg_fa0__cpp__native_first REFUSED  no certified pure form for ILLEGAL (a pure clause that is not an ExecuteAs alias: (Illegal_Instruction ()))
  fsub_s_fpr_fpr_fpr_32__freg_fa0__cpp__native_first REFUSED  no certified pure form for ILLEGAL (a pure clause that is not an ExecuteAs alias: (Illegal_Instruction ()))
  jal_gpr_fpr_64__reg_a0__go__native_first REFUSED  no certified pure form for JALR (an element the rule does not know: (update_elp_state rs1))
  jal_gpr_fpr_fpr_64__reg_a0__go__native_first REFUSED  no certified pure form for JALR (an element the rule does not know: (update_elp_state rs1))
  jal_gpr_gpr_64__reg_a0__go__native_first REFUSED  no certified pure form for JALR (an element the rule does not know: (update_elp_state rs1))
  jal_gpr_gpr_gpr_64__reg_a0__go__native_first REFUSED  no certified pure form for JALR (an element the rule does not know: (update_elp_state rs1))
  jal_gpr_gpr_imm_64__reg_a0__go__native_first REFUSED  no certified pure form for JALR (an element the rule does not know: (update_elp_state rs1))
  jal_gpr_gpr_same_64__reg_a0__go__native_first REFUSED  no certified pure form for JALR (an element the rule does not know: (update_elp_state rs1))
  jal_gpr_imm_64__reg_a0__go__native_first REFUSED  no certified pure form for JALR (an element the rule does not know: (update_elp_state rs1))
  jal_gpr_mem_64__reg_a0__go__native_first REFUSED  no certified pure form for JALR (an element the rule does not know: (update_elp_state rs1))
  jalr_gpr_fpr_64__reg_a0__go__native_first REFUSED  no certified pure form for JALR (an element the rule does not know: (update_elp_state rs1))
  jalr_gpr_fpr_fpr_64__reg_a0__go__native_first REFUSED  no certified pure form for JALR (an element the rule does not know: (update_elp_state rs1))
  jalr_gpr_gpr_64__reg_a0__go__native_first REFUSED  no certified pure form for JALR (an element the rule does not know: (update_elp_state rs1))
  jalr_gpr_gpr_gpr_64__reg_a0__go__native_first REFUSED  no certified pure form for JALR (an element the rule does not know: (update_elp_state rs1))
  jalr_gpr_gpr_imm_64__reg_a0__go__native_first REFUSED  no certified pure form for JALR (an element the rule does not know: (update_elp_state rs1))
  jalr_gpr_gpr_same_64__reg_a0__go__native_first REFUSED  no certified pure form for JALR (an element the rule does not know: (update_elp_state rs1))
  jalr_gpr_imm_64__reg_a0__go__native_first REFUSED  no certified pure form for JALR (an element the rule does not know: (update_elp_state rs1))
  jalr_gpr_mem_64__reg_a0__go__native_first REFUSED  no certified pure form for JALR (an element the rule does not know: (update_elp_state rs1))
  lb_gpr_fpr_8__reg_a0__c__native_first    REFUSED  110 instructions, above the walk's bound of 64
  lb_gpr_fpr_8__reg_a0__go__native_first   REFUSED  177 instructions, above the walk's bound of 64
  lb_gpr_fpr_fpr_8__reg_a0__c__native_first REFUSED  110 instructions, above the walk's bound of 64
  lb_gpr_fpr_fpr_8__reg_a0__go__native_first REFUSED  177 instructions, above the walk's bound of 64
  lb_gpr_gpr_8__reg_a0__c__native_first    REFUSED  110 instructions, above the walk's bound of 64
  lb_gpr_gpr_8__reg_a0__go__native_first   REFUSED  177 instructions, above the walk's bound of 64
  lb_gpr_gpr_gpr_8__reg_a0__c__native_first REFUSED  110 instructions, above the walk's bound of 64
  lb_gpr_gpr_gpr_8__reg_a0__go__native_first REFUSED  177 instructions, above the walk's bound of 64
  lb_gpr_gpr_imm_8__reg_a0__c__native_first REFUSED  110 instructions, above the walk's bound of 64
  lb_gpr_gpr_imm_8__reg_a0__go__native_first REFUSED  177 instructions, above the walk's bound of 64
  lb_gpr_gpr_same_8__reg_a0__c__native_first REFUSED  110 instructions, above the walk's bound of 64
  lb_gpr_gpr_same_8__reg_a0__go__native_first REFUSED  177 instructions, above the walk's bound of 64
  lb_gpr_imm_8__reg_a0__c__native_first    REFUSED  110 instructions, above the walk's bound of 64
  lb_gpr_imm_8__reg_a0__go__native_first   REFUSED  177 instructions, above the walk's bound of 64
  lb_gpr_mem_8__reg_a0__c__native_first    REFUSED  110 instructions, above the walk's bound of 64
  lb_gpr_mem_8__reg_a0__go__native_first   REFUSED  177 instructions, above the walk's bound of 64
  lh_gpr_fpr_16__reg_a0__c__native_first   REFUSED  88 instructions, above the walk's bound of 64
  lh_gpr_fpr_16__reg_a0__go__native_first  REFUSED  145 instructions, above the walk's bound of 64
  lh_gpr_fpr_fpr_16__reg_a0__c__native_first REFUSED  88 instructions, above the walk's bound of 64
  lh_gpr_fpr_fpr_16__reg_a0__go__native_first REFUSED  145 instructions, above the walk's bound of 64
  lh_gpr_gpr_16__reg_a0__c__native_first   REFUSED  88 instructions, above the walk's bound of 64
  lh_gpr_gpr_16__reg_a0__go__native_first  REFUSED  145 instructions, above the walk's bound of 64
  lh_gpr_gpr_gpr_16__reg_a0__c__native_first REFUSED  88 instructions, above the walk's bound of 64
  lh_gpr_gpr_gpr_16__reg_a0__go__native_first REFUSED  145 instructions, above the walk's bound of 64
  lh_gpr_gpr_imm_16__reg_a0__c__native_first REFUSED  88 instructions, above the walk's bound of 64
  lh_gpr_gpr_imm_16__reg_a0__go__native_first REFUSED  145 instructions, above the walk's bound of 64
  lh_gpr_gpr_same_16__reg_a0__c__native_first REFUSED  88 instructions, above the walk's bound of 64
  lh_gpr_gpr_same_16__reg_a0__go__native_first REFUSED  145 instructions, above the walk's bound of 64
  lh_gpr_imm_16__reg_a0__c__native_first   REFUSED  88 instructions, above the walk's bound of 64
  lh_gpr_imm_16__reg_a0__go__native_first  REFUSED  145 instructions, above the walk's bound of 64
  lh_gpr_mem_16__reg_a0__c__native_first   REFUSED  88 instructions, above the walk's bound of 64
  lh_gpr_mem_16__reg_a0__go__native_first  REFUSED  145 instructions, above the walk's bound of 64
  lui_gpr_imm_32__reg_a0__c__native_first  REFUSED  no certified pure form for UTYPE (an effect in an arm beyond register reads: ((← (get_arch_pc ())) + off))
  lui_gpr_imm_32__reg_a0__go__native_first REFUSED  no certified pure form for UTYPE (an effect in an arm beyond register reads: ((← (get_arch_pc ())) + off))
  lw_gpr_fpr_32__reg_a0__c__native_first   REFUSED  66 instructions, above the walk's bound of 64
  lw_gpr_fpr_32__reg_a0__go__native_first  REFUSED  72 instructions, above the walk's bound of 64
  lw_gpr_fpr_fpr_32__reg_a0__c__native_first REFUSED  66 instructions, above the walk's bound of 64
  lw_gpr_fpr_fpr_32__reg_a0__go__native_first REFUSED  72 instructions, above the walk's bound of 64
  lw_gpr_gpr_32__reg_a0__c__native_first   REFUSED  66 instructions, above the walk's bound of 64
  lw_gpr_gpr_32__reg_a0__go__native_first  REFUSED  72 instructions, above the walk's bound of 64
  lw_gpr_gpr_gpr_32__reg_a0__c__native_first REFUSED  66 instructions, above the walk's bound of 64
  lw_gpr_gpr_gpr_32__reg_a0__go__native_first REFUSED  72 instructions, above the walk's bound of 64
  lw_gpr_gpr_imm_32__reg_a0__c__native_first REFUSED  66 instructions, above the walk's bound of 64
  lw_gpr_gpr_imm_32__reg_a0__go__native_first REFUSED  72 instructions, above the walk's bound of 64
  lw_gpr_gpr_same_32__reg_a0__c__native_first REFUSED  66 instructions, above the walk's bound of 64
  lw_gpr_gpr_same_32__reg_a0__go__native_first REFUSED  72 instructions, above the walk's bound of 64
  lw_gpr_imm_32__reg_a0__c__native_first   REFUSED  66 instructions, above the walk's bound of 64
  lw_gpr_imm_32__reg_a0__go__native_first  REFUSED  72 instructions, above the walk's bound of 64
  lw_gpr_mem_32__reg_a0__c__native_first   REFUSED  66 instructions, above the walk's bound of 64
  lw_gpr_mem_32__reg_a0__go__native_first  REFUSED  72 instructions, above the walk's bound of 64
  mulh_gpr_gpr_gpr_64__reg_a0__c__native_first REFUSED  274 instructions, above the walk's bound of 64
  mulh_gpr_gpr_gpr_64__reg_a0__go__native_first REFUSED  18837 instructions, above the walk's bound of 64
  mulh_gpr_gpr_same_64__reg_a0__c__native_first REFUSED  126 instructions, above the walk's bound of 64
  mulh_gpr_gpr_same_64__reg_a0__go__native_first REFUSED  18878 instructions, above the walk's bound of 64
  mulhsu_gpr_gpr_gpr_64__reg_a0__c__native_first REFUSED  125 instructions, above the walk's bound of 64
  mulhsu_gpr_gpr_gpr_64__reg_a0__go__native_first REFUSED  14534 instructions, above the walk's bound of 64
  mulhsu_gpr_gpr_same_64__reg_a0__c__native_first REFUSED  125 instructions, above the walk's bound of 64
  mulhsu_gpr_gpr_same_64__reg_a0__go__native_first REFUSED  14834 instructions, above the walk's bound of 64
  mulhu_gpr_gpr_gpr_64__reg_a0__go__native_first REFUSED  14083 instructions, above the walk's bound of 64
  mulhu_gpr_gpr_same_64__reg_a0__go__native_first REFUSED  14392 instructions, above the walk's bound of 64
  mulw_gpr_gpr_gpr_32__reg_a0__c__native_first REFUSED  67 instructions, above the walk's bound of 64
  mulw_gpr_gpr_gpr_32__reg_a0__go__native_first REFUSED  72 instructions, above the walk's bound of 64
  mulw_gpr_gpr_same_32__reg_a0__c__native_first REFUSED  67 instructions, above the walk's bound of 64
  mulw_gpr_gpr_same_32__reg_a0__go__native_first REFUSED  72 instructions, above the walk's bound of 64
  or_gpr_gpr_gpr_64__reg_a0__go__native_first REFUSED  no certified pure form for JALR (an element the rule does not know: (update_elp_state rs1))
  rem_gpr_gpr_gpr_64__reg_a0__c__native_first REFUSED  no certified pure form for ZICOND_RTYPE (an element the rule does not know: let condition ← (( do)
  rem_gpr_gpr_gpr_64__reg_a0__go__native_first REFUSED  no certified pure form for LOAD (an element the rule does not know: assert (width ≤b xlen_bytes) "extensions/I
  rem_gpr_gpr_same_64__reg_a0__go__native_first REFUSED  no certified pure form for LOAD (an element the rule does not know: assert (width ≤b xlen_bytes) "extensions/I
  remu_gpr_gpr_gpr_64__reg_a0__go__native_first REFUSED  no certified pure form for LOAD (an element the rule does not know: assert (width ≤b xlen_bytes) "extensions/I
  remu_gpr_gpr_same_64__reg_a0__go__native_first REFUSED  no certified pure form for LOAD (an element the rule does not know: assert (width ≤b xlen_bytes) "extensions/I
  remuw_gpr_gpr_gpr_32__reg_a0__c__native_first REFUSED  67 instructions, above the walk's bound of 64
  remuw_gpr_gpr_gpr_32__reg_a0__go__native_first REFUSED  89 instructions, above the walk's bound of 64
  remuw_gpr_gpr_same_32__reg_a0__go__native_first REFUSED  86 instructions, above the walk's bound of 64
  remw_gpr_gpr_gpr_32__reg_a0__c__native_first REFUSED  82 instructions, above the walk's bound of 64
  remw_gpr_gpr_gpr_32__reg_a0__go__native_first REFUSED  110 instructions, above the walk's bound of 64
  remw_gpr_gpr_same_32__reg_a0__go__native_first REFUSED  105 instructions, above the walk's bound of 64
  sh_gpr_fpr_16__mem_MEM_fa1__c__native_first REFUSED  no certified pure form for UTYPE (an effect in an arm beyond register reads: ((← (get_arch_pc ())) + off))
  sh_gpr_fpr_16__mem_MEM_fa1__go__native_first REFUSED  no certified pure form for UTYPE (an effect in an arm beyond register reads: ((← (get_arch_pc ())) + off))
  sh_gpr_fpr_fpr_16__mem_MEM_fa1__c__native_first REFUSED  no certified pure form for UTYPE (an effect in an arm beyond register reads: ((← (get_arch_pc ())) + off))
  sh_gpr_fpr_fpr_16__mem_MEM_fa1__go__native_first REFUSED  no certified pure form for UTYPE (an effect in an arm beyond register reads: ((← (get_arch_pc ())) + off))
  sh_gpr_gpr_16__mem_MEM_a1__c__native_first REFUSED  no certified pure form for UTYPE (an effect in an arm beyond register reads: ((← (get_arch_pc ())) + off))
  sh_gpr_gpr_16__mem_MEM_a1__go__native_first REFUSED  no certified pure form for UTYPE (an effect in an arm beyond register reads: ((← (get_arch_pc ())) + off))
  sh_gpr_gpr_gpr_16__mem_MEM_a1__c__native_first REFUSED  no certified pure form for UTYPE (an effect in an arm beyond register reads: ((← (get_arch_pc ())) + off))
  sh_gpr_gpr_gpr_16__mem_MEM_a1__go__native_first REFUSED  no certified pure form for UTYPE (an effect in an arm beyond register reads: ((← (get_arch_pc ())) + off))
  sh_gpr_gpr_imm_16__mem_MEM_a1__c__native_first REFUSED  no certified pure form for UTYPE (an effect in an arm beyond register reads: ((← (get_arch_pc ())) + off))
  sh_gpr_gpr_imm_16__mem_MEM_a1__go__native_first REFUSED  no certified pure form for UTYPE (an effect in an arm beyond register reads: ((← (get_arch_pc ())) + off))
  sh_gpr_gpr_same_16__mem_MEM_a1__c__native_first REFUSED  no certified pure form for UTYPE (an effect in an arm beyond register reads: ((← (get_arch_pc ())) + off))
  sh_gpr_gpr_same_16__mem_MEM_a1__go__native_first REFUSED  no certified pure form for UTYPE (an effect in an arm beyond register reads: ((← (get_arch_pc ())) + off))
  sh_gpr_imm_16__mem_MEM_0x3__c__native_first REFUSED  no certified pure form for UTYPE (an effect in an arm beyond register reads: ((← (get_arch_pc ())) + off))
  sh_gpr_imm_16__mem_MEM_0x3__go__native_first REFUSED  no certified pure form for UTYPE (an effect in an arm beyond register reads: ((← (get_arch_pc ())) + off))
  sh_gpr_mem_16__mem_MEM_0x0_a1___c__native_first REFUSED  no certified pure form for UTYPE (an effect in an arm beyond register reads: ((← (get_arch_pc ())) + off))
  sh_gpr_mem_16__mem_MEM_0x0_a1___go__native_first REFUSED  no certified pure form for UTYPE (an effect in an arm beyond register reads: ((← (get_arch_pc ())) + off))
  sll_gpr_gpr_same_64__reg_a0__go__native_first REFUSED  no certified pure form for JALR (an element the rule does not know: (update_elp_state rs1))
  slli_gpr_gpr_imm_64__reg_a0__go__native_first REFUSED  no certified pure form for JALR (an element the rule does not know: (update_elp_state rs1))
  slliw_gpr_gpr_imm_32__reg_a0__c__native_first REFUSED  69 instructions, above the walk's bound of 64
  slliw_gpr_gpr_imm_32__reg_a0__go__native_first REFUSED  72 instructions, above the walk's bound of 64
  sllw_gpr_gpr_gpr_32__reg_a0__c__native_first REFUSED  67 instructions, above the walk's bound of 64
  sllw_gpr_gpr_gpr_32__reg_a0__go__native_first REFUSED  74 instructions, above the walk's bound of 64
  sllw_gpr_gpr_same_32__reg_a0__c__native_first REFUSED  67 instructions, above the walk's bound of 64
  sllw_gpr_gpr_same_32__reg_a0__go__native_first REFUSED  71 instructions, above the walk's bound of 64
  slt_gpr_gpr_same_64__reg_a0__go__native_first REFUSED  no certified pure form for JALR (an element the rule does not know: (update_elp_state rs1))
  slti_gpr_gpr_imm_64__reg_a0__go__native_first REFUSED  no certified pure form for JALR (an element the rule does not know: (update_elp_state rs1))
  sltu_gpr_gpr_same_64__reg_a0__go__native_first REFUSED  no certified pure form for JALR (an element the rule does not know: (update_elp_state rs1))
  sra_gpr_gpr_same_64__reg_a0__go__native_first REFUSED  no certified pure form for JALR (an element the rule does not know: (update_elp_state rs1))
  srai_gpr_gpr_imm_64__reg_a0__go__native_first REFUSED  no certified pure form for JALR (an element the rule does not know: (update_elp_state rs1))
  sraiw_gpr_gpr_imm_32__reg_a0__c__native_first REFUSED  69 instructions, above the walk's bound of 64
  sraiw_gpr_gpr_imm_32__reg_a0__go__native_first REFUSED  72 instructions, above the walk's bound of 64
  sraw_gpr_gpr_gpr_32__reg_a0__c__native_first REFUSED  69 instructions, above the walk's bound of 64
  sraw_gpr_gpr_gpr_32__reg_a0__go__native_first REFUSED  74 instructions, above the walk's bound of 64
  sraw_gpr_gpr_same_32__reg_a0__c__native_first REFUSED  69 instructions, above the walk's bound of 64
  sraw_gpr_gpr_same_32__reg_a0__go__native_first REFUSED  71 instructions, above the walk's bound of 64
  srl_gpr_gpr_same_64__reg_a0__go__native_first REFUSED  no certified pure form for JALR (an element the rule does not know: (update_elp_state rs1))
  srli_gpr_gpr_imm_64__reg_a0__go__native_first REFUSED  no certified pure form for JALR (an element the rule does not know: (update_elp_state rs1))
  srliw_gpr_gpr_imm_32__reg_a0__go__native_first REFUSED  no certified pure form for UTYPE (an effect in an arm beyond register reads: ((← (get_arch_pc ())) + off))
  srlw_gpr_gpr_gpr_32__reg_a0__c__native_first REFUSED  67 instructions, above the walk's bound of 64
  srlw_gpr_gpr_gpr_32__reg_a0__go__native_first REFUSED  74 instructions, above the walk's bound of 64
  srlw_gpr_gpr_same_32__reg_a0__c__native_first REFUSED  67 instructions, above the walk's bound of 64
  srlw_gpr_gpr_same_32__reg_a0__go__native_first REFUSED  71 instructions, above the walk's bound of 64
  sub_gpr_gpr_gpr_64__reg_a0__go__native_first REFUSED  no certified pure form for JALR (an element the rule does not know: (update_elp_state rs1))
  sub_gpr_gpr_same_64__reg_a0__go__native_first REFUSED  no certified pure form for JALR (an element the rule does not know: (update_elp_state rs1))
  subw_gpr_gpr_gpr_32__reg_a0__c__native_first REFUSED  67 instructions, above the walk's bound of 64
  subw_gpr_gpr_gpr_32__reg_a0__go__native_first REFUSED  72 instructions, above the walk's bound of 64
  subw_gpr_gpr_same_32__reg_a0__go__native_first REFUSED  no certified pure form for JALR (an element the rule does not know: (update_elp_state rs1))
  xor_gpr_gpr_gpr_64__reg_a0__go__native_first REFUSED  no certified pure form for JALR (an element the rule does not know: (update_elp_state rs1))
  xor_gpr_gpr_same_64__reg_a0__go__native_first REFUSED  no certified pure form for JALR (an element the rule does not know: (update_elp_state rs1))
  add_gpr_gpr_gpr_64__reg_a0__c__native_first CERTIFIED   26.4s  (pure_RTYPE (a) (b) (ADD))
  add_gpr_gpr_same_64__reg_a0__c__native_first CERTIFIED   25.4s  (pure_SHIFTIOP (a) ((0x01#6)) (SLLI))
  addi_gpr_gpr_imm_64__reg_a0__c__native_first CERTIFIED   24.4s  (pure_ITYPE (a) (((sign_extend (m := 12) (0x03#6)))) (ADDI))
  and_gpr_gpr_gpr_64__reg_a0__c__native_first CERTIFIED   26.9s  (pure_RTYPE (a) (b) (AND))
  and_gpr_gpr_same_64__reg_a0__c__native_first FAILED      24.5s  a
      PseudoCoupHQ/Research/oracle/riscv/leanpath/walk_corpus_1/Walk_and_gpr_gpr_same_64__reg_a0__c__native_first.lean:232:65: error: unexpected token ','; expected ']'
      PseudoCoupHQ/Research/oracle/riscv/leanpath/walk_corpus_1/Walk_and_gpr_gpr_same_64__reg_a0__c__native_first.lean:231:13: error: unsolved goals
        | EStateM.Result.error a a_1 => False
  and_gpr_gpr_same_64__reg_a0__go__native_first FAILED      22.0s  a
      PseudoCoupHQ/Research/oracle/riscv/leanpath/walk_corpus_1/Walk_and_gpr_gpr_same_64__reg_a0__go__native_first.lean:232:65: error: unexpected token ','; expected ']'
      PseudoCoupHQ/Research/oracle/riscv/leanpath/walk_corpus_1/Walk_and_gpr_gpr_same_64__reg_a0__go__native_first.lean:231:13: error: unsolved goals
        | EStateM.Result.error a a_1 => False
  andi_gpr_gpr_imm_64__reg_a0__c__native_first CERTIFIED   28.8s  (pure_ITYPE (a) ((sign_extend (m := 12) (0x03#6))) (ANDI))
  beq_gpr_gpr_64__branch_condition__c__native_first CERTIFIED   29.1s  (pure_ITYPE ((pure_RTYPE (a) (b) (XOR))) (0x001#12) (LeanIM.iop.SLTIU))
  beq_gpr_gpr_gpr_64__branch_condition__c__native_first CERTIFIED   37.7s  (pure_ITYPE ((pure_RTYPE (a) (b) (XOR))) (0x001#12) (LeanIM.iop.SLTIU))
  beq_gpr_gpr_imm_64__branch_condition__c__native_first CERTIFIED   39.3s  (pure_ITYPE ((pure_RTYPE (a) (b) (XOR))) (0x001#12) (LeanIM.iop.SLTIU))
  beq_gpr_gpr_same_64__branch_condition__c__native_first CERTIFIED   37.0s  (pure_ITYPE ((pure_RTYPE (a) (b) (XOR))) (0x001#12) (LeanIM.iop.SLTIU))
  bge_gpr_gpr_64__branch_condition__c__native_first CERTIFIED   44.5s  (pure_ITYPE ((pure_RTYPE (a) (b) (LeanIM.rop.SLT))) (0x001#12) (LeanIM.iop.XORI))
  bge_gpr_gpr_gpr_64__branch_condition__c__native_first CERTIFIED   33.3s  (pure_ITYPE ((pure_RTYPE (a) (b) (LeanIM.rop.SLT))) (0x001#12) (LeanIM.iop.XORI))
  bge_gpr_gpr_imm_64__branch_condition__c__native_first CERTIFIED   46.7s  (pure_ITYPE ((pure_RTYPE (a) (b) (LeanIM.rop.SLT))) (0x001#12) (LeanIM.iop.XORI))
  bge_gpr_gpr_same_64__branch_condition__c__native_first CERTIFIED   44.4s  (pure_ITYPE ((pure_RTYPE (a) (b) (LeanIM.rop.SLT))) (0x001#12) (LeanIM.iop.XORI))
  bgeu_gpr_gpr_64__branch_condition__c__native_first CERTIFIED   33.7s  (pure_ITYPE ((pure_RTYPE (a) (b) (LeanIM.rop.SLTU))) (0x001#12) (LeanIM.iop.XORI))
  bgeu_gpr_gpr_gpr_64__branch_condition__c__native_first CERTIFIED   36.0s  (pure_ITYPE ((pure_RTYPE (a) (b) (LeanIM.rop.SLTU))) (0x001#12) (LeanIM.iop.XORI))
  bgeu_gpr_gpr_imm_64__branch_condition__c__native_first CERTIFIED   42.9s  (pure_ITYPE ((pure_RTYPE (a) (b) (LeanIM.rop.SLTU))) (0x001#12) (LeanIM.iop.XORI))
  bgeu_gpr_gpr_same_64__branch_condition__c__native_first CERTIFIED   35.1s  (pure_ITYPE ((pure_RTYPE (a) (b) (LeanIM.rop.SLTU))) (0x001#12) (LeanIM.iop.XORI))
  blt_gpr_gpr_64__branch_condition__c__native_first CERTIFIED   36.2s  (pure_RTYPE (a) (b) (LeanIM.rop.SLT))
  blt_gpr_gpr_64__branch_condition__go__native_first CERTIFIED   36.9s  (pure_RTYPE (a) (b) (LeanIM.rop.SLT))
  blt_gpr_gpr_gpr_64__branch_condition__c__native_first CERTIFIED   30.3s  (pure_RTYPE (a) (b) (LeanIM.rop.SLT))
  blt_gpr_gpr_gpr_64__branch_condition__go__native_first CERTIFIED   40.0s  (pure_RTYPE (a) (b) (LeanIM.rop.SLT))
  blt_gpr_gpr_imm_64__branch_condition__c__native_first CERTIFIED   38.4s  (pure_RTYPE (a) (b) (LeanIM.rop.SLT))
  blt_gpr_gpr_imm_64__branch_condition__go__native_first CERTIFIED   30.5s  (pure_RTYPE (a) (b) (LeanIM.rop.SLT))
  blt_gpr_gpr_same_64__branch_condition__c__native_first CERTIFIED   36.7s  (pure_RTYPE (a) (b) (LeanIM.rop.SLT))
  blt_gpr_gpr_same_64__branch_condition__go__native_first CERTIFIED   34.5s  (pure_RTYPE (a) (b) (LeanIM.rop.SLT))
  bltu_gpr_gpr_64__branch_condition__c__native_first CERTIFIED   38.9s  (pure_RTYPE (a) (b) (LeanIM.rop.SLTU))
  bltu_gpr_gpr_64__branch_condition__go__native_first CERTIFIED   36.3s  (pure_RTYPE (a) (b) (LeanIM.rop.SLTU))
  bltu_gpr_gpr_gpr_64__branch_condition__c__native_first CERTIFIED   36.2s  (pure_RTYPE (a) (b) (LeanIM.rop.SLTU))
  bltu_gpr_gpr_gpr_64__branch_condition__go__native_first CERTIFIED   39.4s  (pure_RTYPE (a) (b) (LeanIM.rop.SLTU))
  bltu_gpr_gpr_imm_64__branch_condition__c__native_first CERTIFIED   37.1s  (pure_RTYPE (a) (b) (LeanIM.rop.SLTU))
  bltu_gpr_gpr_imm_64__branch_condition__go__native_first CERTIFIED   33.7s  (pure_RTYPE (a) (b) (LeanIM.rop.SLTU))
  bltu_gpr_gpr_same_64__branch_condition__c__native_first CERTIFIED   29.7s  (pure_RTYPE (a) (b) (LeanIM.rop.SLTU))
  bltu_gpr_gpr_same_64__branch_condition__go__native_first CERTIFIED   28.8s  (pure_RTYPE (a) (b) (LeanIM.rop.SLTU))
  bne_gpr_gpr_64__branch_condition__c__native_first CERTIFIED   28.0s  (pure_RTYPE (zero_reg) ((pure_RTYPE (a) (b) (XOR))) (LeanIM.rop.SLTU))
  bne_gpr_gpr_gpr_64__branch_condition__c__native_first CERTIFIED   29.1s  (pure_RTYPE (zero_reg) ((pure_RTYPE (a) (b) (XOR))) (LeanIM.rop.SLTU))
  bne_gpr_gpr_imm_64__branch_condition__c__native_first CERTIFIED   30.2s  (pure_RTYPE (zero_reg) ((pure_RTYPE (a) (b) (XOR))) (LeanIM.rop.SLTU))
  bne_gpr_gpr_same_64__branch_condition__c__native_first CERTIFIED   29.6s  (pure_RTYPE (zero_reg) ((pure_RTYPE (a) (b) (XOR))) (LeanIM.rop.SLTU))
  czero_eqz_gpr_gpr_same_64__reg_a0__c__native_first FAILED      29.9s  a
      PseudoCoupHQ/Research/oracle/riscv/leanpath/walk_corpus_1/Walk_czero_eqz_gpr_gpr_same_64__reg_a0__c__native_first.lean:232:65: error: unexpected token ','; expected ']'
      PseudoCoupHQ/Research/oracle/riscv/leanpath/walk_corpus_1/Walk_czero_eqz_gpr_gpr_same_64__reg_a0__c__native_first.lean:231:13: error: unsolved goals
        | EStateM.Result.error a a_1 => False
  czero_nez_gpr_gpr_same_64__reg_a0__c__native_first CERTIFIED   32.6s  (pure_ITYPE (zero_reg) (((sign_extend (m := 12) (0x00#6)))) (ADDI))
  div_gpr_gpr_same_64__reg_a0__c__native_first CERTIFIED   29.9s  (pure_ITYPE ((pure_ITYPE ((pure_RTYPE (zero_reg) (a) (LeanIM.rop.SLTU))) (((sign_extend (m
  divu_gpr_gpr_gpr_64__reg_a0__c__native_first CERTIFIED   30.6s  (pure_DIV (b) (a) (true))
  divu_gpr_gpr_same_64__reg_a0__c__native_first CERTIFIED   34.7s  (pure_ITYPE ((pure_ITYPE ((pure_RTYPE (zero_reg) (a) (LeanIM.rop.SLTU))) (((sign_extend (m
  divuw_gpr_gpr_same_32__reg_a0__c__native_first CERTIFIED   27.4s  (pure_ITYPE ((pure_ITYPE ((pure_RTYPE (zero_reg) (a) (LeanIM.rop.SLTU))) (((sign_extend (m
  divw_gpr_gpr_same_32__reg_a0__c__native_first CERTIFIED   35.4s  (pure_ITYPE ((pure_ITYPE ((pure_RTYPE (zero_reg) (a) (LeanIM.rop.SLTU))) (((sign_extend (m
  fld_fpr_fpr_64__freg_fa0__c__native_first FAILED      29.2s  a
      PseudoCoupHQ/Research/oracle/riscv/leanpath/walk_corpus_1/Walk_fld_fpr_fpr_64__freg_fa0__c__native_first.lean:232:65: error: unexpected token ','; expected ']'
      PseudoCoupHQ/Research/oracle/riscv/leanpath/walk_corpus_1/Walk_fld_fpr_fpr_64__freg_fa0__c__native_first.lean:231:13: error: unsolved goals
        | EStateM.Result.error a a_1 => False
  fld_fpr_fpr_64__freg_fa0__go__native_first FAILED      29.3s  a
      PseudoCoupHQ/Research/oracle/riscv/leanpath/walk_corpus_1/Walk_fld_fpr_fpr_64__freg_fa0__go__native_first.lean:232:65: error: unexpected token ','; expected ']'
      PseudoCoupHQ/Research/oracle/riscv/leanpath/walk_corpus_1/Walk_fld_fpr_fpr_64__freg_fa0__go__native_first.lean:231:13: error: unsolved goals
        | EStateM.Result.error a a_1 => False
  fld_fpr_fpr_fpr_64__freg_fa0__c__native_first FAILED      31.0s  a
      PseudoCoupHQ/Research/oracle/riscv/leanpath/walk_corpus_1/Walk_fld_fpr_fpr_fpr_64__freg_fa0__c__native_first.lean:232:65: error: unexpected token ','; expected ']'
      PseudoCoupHQ/Research/oracle/riscv/leanpath/walk_corpus_1/Walk_fld_fpr_fpr_fpr_64__freg_fa0__c__native_first.lean:231:13: error: unsolved goals
        | EStateM.Result.error a a_1 => False
  fld_fpr_fpr_fpr_64__freg_fa0__go__native_first FAILED      26.7s  a
      PseudoCoupHQ/Research/oracle/riscv/leanpath/walk_corpus_1/Walk_fld_fpr_fpr_fpr_64__freg_fa0__go__native_first.lean:232:65: error: unexpected token ','; expected ']'
      PseudoCoupHQ/Research/oracle/riscv/leanpath/walk_corpus_1/Walk_fld_fpr_fpr_fpr_64__freg_fa0__go__native_first.lean:231:13: error: unsolved goals
        | EStateM.Result.error a a_1 => False
  fld_fpr_gpr_64__freg_fa0__c__native_first FAILED      29.7s  a
      PseudoCoupHQ/Research/oracle/riscv/leanpath/walk_corpus_1/Walk_fld_fpr_gpr_64__freg_fa0__c__native_first.lean:232:65: error: unexpected token ','; expected ']'
      PseudoCoupHQ/Research/oracle/riscv/leanpath/walk_corpus_1/Walk_fld_fpr_gpr_64__freg_fa0__c__native_first.lean:231:13: error: unsolved goals
        | EStateM.Result.error a a_1 => False
  fld_fpr_gpr_64__freg_fa0__go__native_first FAILED      30.8s  a
      PseudoCoupHQ/Research/oracle/riscv/leanpath/walk_corpus_1/Walk_fld_fpr_gpr_64__freg_fa0__go__native_first.lean:232:65: error: unexpected token ','; expected ']'
      PseudoCoupHQ/Research/oracle/riscv/leanpath/walk_corpus_1/Walk_fld_fpr_gpr_64__freg_fa0__go__native_first.lean:231:13: error: unsolved goals
        | EStateM.Result.error a a_1 => False
  fld_fpr_mem_64__freg_fa0__c__native_first FAILED      28.6s  a
      PseudoCoupHQ/Research/oracle/riscv/leanpath/walk_corpus_1/Walk_fld_fpr_mem_64__freg_fa0__c__native_first.lean:232:65: error: unexpected token ','; expected ']'
      PseudoCoupHQ/Research/oracle/riscv/leanpath/walk_corpus_1/Walk_fld_fpr_mem_64__freg_fa0__c__native_first.lean:231:13: error: unsolved goals
        | EStateM.Result.error a a_1 => False
  fld_fpr_mem_64__freg_fa0__go__native_first FAILED      34.2s  a
      PseudoCoupHQ/Research/oracle/riscv/leanpath/walk_corpus_1/Walk_fld_fpr_mem_64__freg_fa0__go__native_first.lean:232:65: error: unexpected token ','; expected ']'
      PseudoCoupHQ/Research/oracle/riscv/leanpath/walk_corpus_1/Walk_fld_fpr_mem_64__freg_fa0__go__native_first.lean:231:13: error: unsolved goals
        | EStateM.Result.error a a_1 => False
  flw_fpr_fpr_32__freg_fa0__c__native_first CERTIFIED   32.0s  (pure_RTYPE (a) ((pure_SHIFTIOP ((pure_ITYPE (zero_reg) (((sign_extend (m := 12) (0x3f#6))
  flw_fpr_fpr_fpr_32__freg_fa0__c__native_first CERTIFIED   36.2s  (pure_RTYPE (a) ((pure_SHIFTIOP ((pure_ITYPE (zero_reg) (((sign_extend (m := 12) (0x3f#6))
  flw_fpr_gpr_32__freg_fa0__c__native_first CERTIFIED   33.2s  (pure_RTYPE (a) ((pure_SHIFTIOP ((pure_ITYPE (zero_reg) (((sign_extend (m := 12) (0x3f#6))
  flw_fpr_mem_32__freg_fa0__c__native_first CERTIFIED   27.4s  (pure_RTYPE (a) ((pure_SHIFTIOP ((pure_ITYPE (zero_reg) (((sign_extend (m := 12) (0x3f#6))
  fmv_d_fpr_fpr_64__freg_fa0__c__native_first FAILED      26.9s  a
      PseudoCoupHQ/Research/oracle/riscv/leanpath/walk_corpus_1/Walk_fmv_d_fpr_fpr_64__freg_fa0__c__native_first.lean:232:65: error: unexpected token ','; expected ']'
      PseudoCoupHQ/Research/oracle/riscv/leanpath/walk_corpus_1/Walk_fmv_d_fpr_fpr_64__freg_fa0__c__native_first.lean:231:13: error: unsolved goals
        | EStateM.Result.error a a_1 => False
  fmv_d_fpr_fpr_64__freg_fa0__go__native_first FAILED      28.3s  a
      PseudoCoupHQ/Research/oracle/riscv/leanpath/walk_corpus_1/Walk_fmv_d_fpr_fpr_64__freg_fa0__go__native_first.lean:232:65: error: unexpected token ','; expected ']'
      PseudoCoupHQ/Research/oracle/riscv/leanpath/walk_corpus_1/Walk_fmv_d_fpr_fpr_64__freg_fa0__go__native_first.lean:231:13: error: unsolved goals
        | EStateM.Result.error a a_1 => False
  fmv_d_fpr_fpr_fpr_64__freg_fa0__c__native_first FAILED      32.0s  a
      PseudoCoupHQ/Research/oracle/riscv/leanpath/walk_corpus_1/Walk_fmv_d_fpr_fpr_fpr_64__freg_fa0__c__native_first.lean:232:65: error: unexpected token ','; expected ']'
      PseudoCoupHQ/Research/oracle/riscv/leanpath/walk_corpus_1/Walk_fmv_d_fpr_fpr_fpr_64__freg_fa0__c__native_first.lean:231:13: error: unsolved goals
        | EStateM.Result.error a a_1 => False
  fmv_d_fpr_fpr_fpr_64__freg_fa0__go__native_first FAILED      25.1s  a
      PseudoCoupHQ/Research/oracle/riscv/leanpath/walk_corpus_1/Walk_fmv_d_fpr_fpr_fpr_64__freg_fa0__go__native_first.lean:232:65: error: unexpected token ','; expected ']'
      PseudoCoupHQ/Research/oracle/riscv/leanpath/walk_corpus_1/Walk_fmv_d_fpr_fpr_fpr_64__freg_fa0__go__native_first.lean:231:13: error: unsolved goals
        | EStateM.Result.error a a_1 => False
  fmv_d_x_fpr_gpr_64__freg_fa0__c__native_first FAILED      23.7s  a
      PseudoCoupHQ/Research/oracle/riscv/leanpath/walk_corpus_1/Walk_fmv_d_x_fpr_gpr_64__freg_fa0__c__native_first.lean:232:65: error: unexpected token ','; expected ']'
      PseudoCoupHQ/Research/oracle/riscv/leanpath/walk_corpus_1/Walk_fmv_d_x_fpr_gpr_64__freg_fa0__c__native_first.lean:231:13: error: unsolved goals
        | EStateM.Result.error a a_1 => False
  fmv_d_x_fpr_gpr_64__freg_fa0__go__native_first FAILED      27.9s  a
      PseudoCoupHQ/Research/oracle/riscv/leanpath/walk_corpus_1/Walk_fmv_d_x_fpr_gpr_64__freg_fa0__go__native_first.lean:232:65: error: unexpected token ','; expected ']'
      PseudoCoupHQ/Research/oracle/riscv/leanpath/walk_corpus_1/Walk_fmv_d_x_fpr_gpr_64__freg_fa0__go__native_first.lean:231:13: error: unsolved goals
        | EStateM.Result.error a a_1 => False
  fmv_s_fpr_fpr_32__freg_fa0__c__native_first FAILED      28.6s  a
      PseudoCoupHQ/Research/oracle/riscv/leanpath/walk_corpus_1/Walk_fmv_s_fpr_fpr_32__freg_fa0__c__native_first.lean:232:65: error: unexpected token ','; expected ']'
      PseudoCoupHQ/Research/oracle/riscv/leanpath/walk_corpus_1/Walk_fmv_s_fpr_fpr_32__freg_fa0__c__native_first.lean:231:13: error: unsolved goals
        | EStateM.Result.error a a_1 => False
  fmv_s_fpr_fpr_32__freg_fa0__go__native_first FAILED      30.2s  a
      PseudoCoupHQ/Research/oracle/riscv/leanpath/walk_corpus_1/Walk_fmv_s_fpr_fpr_32__freg_fa0__go__native_first.lean:232:65: error: unexpected token ','; expected ']'
      PseudoCoupHQ/Research/oracle/riscv/leanpath/walk_corpus_1/Walk_fmv_s_fpr_fpr_32__freg_fa0__go__native_first.lean:231:13: error: unsolved goals
        | EStateM.Result.error a a_1 => False
  fmv_s_fpr_fpr_fpr_32__freg_fa0__c__native_first FAILED      30.9s  a
      PseudoCoupHQ/Research/oracle/riscv/leanpath/walk_corpus_1/Walk_fmv_s_fpr_fpr_fpr_32__freg_fa0__c__native_first.lean:232:65: error: unexpected token ','; expected ']'
      PseudoCoupHQ/Research/oracle/riscv/leanpath/walk_corpus_1/Walk_fmv_s_fpr_fpr_fpr_32__freg_fa0__c__native_first.lean:231:13: error: unsolved goals
        | EStateM.Result.error a a_1 => False
  fmv_s_fpr_fpr_fpr_32__freg_fa0__go__native_first FAILED      27.2s  a
      PseudoCoupHQ/Research/oracle/riscv/leanpath/walk_corpus_1/Walk_fmv_s_fpr_fpr_fpr_32__freg_fa0__go__native_first.lean:232:65: error: unexpected token ','; expected ']'
      PseudoCoupHQ/Research/oracle/riscv/leanpath/walk_corpus_1/Walk_fmv_s_fpr_fpr_fpr_32__freg_fa0__go__native_first.lean:231:13: error: unsolved goals
        | EStateM.Result.error a a_1 => False
  fmv_w_x_fpr_gpr_32__freg_fa0__c__native_first CERTIFIED   31.6s  (pure_RTYPE (a) ((pure_SHIFTIOP ((pure_ITYPE (zero_reg) (((sign_extend (m := 12) (0x3f#6))
  fmv_x_d_gpr_fpr_64__reg_a0__c__native_first FAILED      28.8s  a
      PseudoCoupHQ/Research/oracle/riscv/leanpath/walk_corpus_1/Walk_fmv_x_d_gpr_fpr_64__reg_a0__c__native_first.lean:232:65: error: unexpected token ','; expected ']'
      PseudoCoupHQ/Research/oracle/riscv/leanpath/walk_corpus_1/Walk_fmv_x_d_gpr_fpr_64__reg_a0__c__native_first.lean:231:13: error: unsolved goals
        | EStateM.Result.error a a_1 => False
  fmv_x_d_gpr_fpr_64__reg_a0__go__native_first FAILED      28.1s  a
      PseudoCoupHQ/Research/oracle/riscv/leanpath/walk_corpus_1/Walk_fmv_x_d_gpr_fpr_64__reg_a0__go__native_first.lean:232:65: error: unexpected token ','; expected ']'
      PseudoCoupHQ/Research/oracle/riscv/leanpath/walk_corpus_1/Walk_fmv_x_d_gpr_fpr_64__reg_a0__go__native_first.lean:231:13: error: unsolved goals
        | EStateM.Result.error a a_1 => False
  fmv_x_d_gpr_fpr_fpr_64__reg_a0__c__native_first FAILED      28.6s  a
      PseudoCoupHQ/Research/oracle/riscv/leanpath/walk_corpus_1/Walk_fmv_x_d_gpr_fpr_fpr_64__reg_a0__c__native_first.lean:232:65: error: unexpected token ','; expected ']'
      PseudoCoupHQ/Research/oracle/riscv/leanpath/walk_corpus_1/Walk_fmv_x_d_gpr_fpr_fpr_64__reg_a0__c__native_first.lean:231:13: error: unsolved goals
        | EStateM.Result.error a a_1 => False
  fmv_x_d_gpr_fpr_fpr_64__reg_a0__go__native_first FAILED      29.8s  a
      PseudoCoupHQ/Research/oracle/riscv/leanpath/walk_corpus_1/Walk_fmv_x_d_gpr_fpr_fpr_64__reg_a0__go__native_first.lean:232:65: error: unexpected token ','; expected ']'
      PseudoCoupHQ/Research/oracle/riscv/leanpath/walk_corpus_1/Walk_fmv_x_d_gpr_fpr_fpr_64__reg_a0__go__native_first.lean:231:13: error: unsolved goals
        | EStateM.Result.error a a_1 => False
  fsd_fpr_fpr_64__mem_MEM_fa1__c__native_first FAILED      31.3s  a
      PseudoCoupHQ/Research/oracle/riscv/leanpath/walk_corpus_1/Walk_fsd_fpr_fpr_64__mem_MEM_fa1__c__native_first.lean:232:65: error: unexpected token ','; expected ']'
      PseudoCoupHQ/Research/oracle/riscv/leanpath/walk_corpus_1/Walk_fsd_fpr_fpr_64__mem_MEM_fa1__c__native_first.lean:231:13: error: unsolved goals
        | EStateM.Result.error a a_1 => False
  fsd_fpr_fpr_64__mem_MEM_fa1__go__native_first FAILED      36.3s  a
      PseudoCoupHQ/Research/oracle/riscv/leanpath/walk_corpus_1/Walk_fsd_fpr_fpr_64__mem_MEM_fa1__go__native_first.lean:232:65: error: unexpected token ','; expected ']'
      PseudoCoupHQ/Research/oracle/riscv/leanpath/walk_corpus_1/Walk_fsd_fpr_fpr_64__mem_MEM_fa1__go__native_first.lean:231:13: error: unsolved goals
        | EStateM.Result.error a a_1 => False
  fsd_fpr_fpr_fpr_64__mem_MEM_fa1__c__native_first FAILED      26.4s  a
      PseudoCoupHQ/Research/oracle/riscv/leanpath/walk_corpus_1/Walk_fsd_fpr_fpr_fpr_64__mem_MEM_fa1__c__native_first.lean:232:65: error: unexpected token ','; expected ']'
      PseudoCoupHQ/Research/oracle/riscv/leanpath/walk_corpus_1/Walk_fsd_fpr_fpr_fpr_64__mem_MEM_fa1__c__native_first.lean:231:13: error: unsolved goals
        | EStateM.Result.error a a_1 => False
  fsd_fpr_fpr_fpr_64__mem_MEM_fa1__go__native_first FAILED      26.4s  a
      PseudoCoupHQ/Research/oracle/riscv/leanpath/walk_corpus_1/Walk_fsd_fpr_fpr_fpr_64__mem_MEM_fa1__go__native_first.lean:232:65: error: unexpected token ','; expected ']'
      PseudoCoupHQ/Research/oracle/riscv/leanpath/walk_corpus_1/Walk_fsd_fpr_fpr_fpr_64__mem_MEM_fa1__go__native_first.lean:231:13: error: unsolved goals
        | EStateM.Result.error a a_1 => False
  fsd_fpr_gpr_64__mem_MEM_a1__c__native_first FAILED      26.6s  a
      PseudoCoupHQ/Research/oracle/riscv/leanpath/walk_corpus_1/Walk_fsd_fpr_gpr_64__mem_MEM_a1__c__native_first.lean:232:65: error: unexpected token ','; expected ']'
      PseudoCoupHQ/Research/oracle/riscv/leanpath/walk_corpus_1/Walk_fsd_fpr_gpr_64__mem_MEM_a1__c__native_first.lean:231:13: error: unsolved goals
        | EStateM.Result.error a a_1 => False
  fsd_fpr_gpr_64__mem_MEM_a1__go__native_first FAILED      34.4s  a
      PseudoCoupHQ/Research/oracle/riscv/leanpath/walk_corpus_1/Walk_fsd_fpr_gpr_64__mem_MEM_a1__go__native_first.lean:232:65: error: unexpected token ','; expected ']'
      PseudoCoupHQ/Research/oracle/riscv/leanpath/walk_corpus_1/Walk_fsd_fpr_gpr_64__mem_MEM_a1__go__native_first.lean:231:13: error: unsolved goals
        | EStateM.Result.error a a_1 => False
  fsd_fpr_mem_64__mem_MEM_0x0_a1___c__native_first FAILED      33.9s  a
      PseudoCoupHQ/Research/oracle/riscv/leanpath/walk_corpus_1/Walk_fsd_fpr_mem_64__mem_MEM_0x0_a1___c__native_first.lean:232:65: error: unexpected token ','; expected ']'
      PseudoCoupHQ/Research/oracle/riscv/leanpath/walk_corpus_1/Walk_fsd_fpr_mem_64__mem_MEM_0x0_a1___c__native_first.lean:231:13: error: unsolved goals
        | EStateM.Result.error a a_1 => False
  fsd_fpr_mem_64__mem_MEM_0x0_a1___go__native_first FAILED      28.1s  a
      PseudoCoupHQ/Research/oracle/riscv/leanpath/walk_corpus_1/Walk_fsd_fpr_mem_64__mem_MEM_0x0_a1___go__native_first.lean:232:65: error: unexpected token ','; expected ']'
      PseudoCoupHQ/Research/oracle/riscv/leanpath/walk_corpus_1/Walk_fsd_fpr_mem_64__mem_MEM_0x0_a1___go__native_first.lean:231:13: error: unsolved goals
        | EStateM.Result.error a a_1 => False
  fsw_fpr_fpr_32__mem_MEM_fa1__c__native_first CERTIFIED   33.9s  (pure_ZBA_RTYPEUW (b) ((pure_SHIFTIOP ((pure_SHIFTIOP (a) ((0x20#6)) (SRLI))) ((0x20#6)) (
  fsw_fpr_fpr_32__mem_MEM_fa1__go__native_first CERTIFIED   31.0s  (pure_RTYPE ((pure_RTYPE (a) ((pure_SHIFTIOP ((pure_ITYPE (zero_reg) (((sign_extend (m := 
  fsw_fpr_fpr_fpr_32__mem_MEM_fa1__c__native_first CERTIFIED   33.3s  (pure_ZBA_RTYPEUW (b) ((pure_SHIFTIOP ((pure_SHIFTIOP (a) ((0x20#6)) (SRLI))) ((0x20#6)) (
  fsw_fpr_fpr_fpr_32__mem_MEM_fa1__go__native_first CERTIFIED   33.4s  (pure_RTYPE ((pure_RTYPE (a) ((pure_SHIFTIOP ((pure_ITYPE (zero_reg) (((sign_extend (m := 
  fsw_fpr_gpr_32__mem_MEM_a1__c__native_first CERTIFIED   33.2s  (pure_ZBA_RTYPEUW (b) ((pure_SHIFTIOP ((pure_SHIFTIOP (a) ((0x20#6)) (SRLI))) ((0x20#6)) (
  fsw_fpr_gpr_32__mem_MEM_a1__go__native_first CERTIFIED   37.8s  (pure_RTYPE ((pure_RTYPE (a) ((pure_SHIFTIOP ((pure_ITYPE (zero_reg) (((sign_extend (m := 
  fsw_fpr_mem_32__mem_MEM_0x0_a1___c__native_first CERTIFIED   28.2s  (pure_ZBA_RTYPEUW (b) ((pure_SHIFTIOP ((pure_SHIFTIOP (a) ((0x20#6)) (SRLI))) ((0x20#6)) (
  fsw_fpr_mem_32__mem_MEM_0x0_a1___go__native_first CERTIFIED   29.6s  (pure_RTYPE ((pure_RTYPE (a) ((pure_SHIFTIOP ((pure_ITYPE (zero_reg) (((sign_extend (m := 
  jal_gpr_fpr_64__reg_a0__c__native_first  CERTIFIED   30.0s  (pure_ITYPE (a) (((sign_extend (m := 12) (0x04#6)))) (ADDI))
  jal_gpr_fpr_fpr_64__reg_a0__c__native_first CERTIFIED   31.9s  (pure_ITYPE (a) (((sign_extend (m := 12) (0x04#6)))) (ADDI))
  jal_gpr_gpr_64__reg_a0__c__native_first  CERTIFIED   29.6s  (pure_ITYPE (a) (((sign_extend (m := 12) (0x04#6)))) (ADDI))
  jal_gpr_gpr_gpr_64__reg_a0__c__native_first CERTIFIED   29.7s  (pure_ITYPE (a) (((sign_extend (m := 12) (0x04#6)))) (ADDI))
  jal_gpr_gpr_imm_64__reg_a0__c__native_first CERTIFIED   28.9s  (pure_ITYPE (a) (((sign_extend (m := 12) (0x04#6)))) (ADDI))
  jal_gpr_gpr_same_64__reg_a0__c__native_first CERTIFIED   33.0s  (pure_ITYPE (a) (((sign_extend (m := 12) (0x04#6)))) (ADDI))
  jal_gpr_imm_64__reg_a0__c__native_first  CERTIFIED   27.6s  (pure_ITYPE (a) (((sign_extend (m := 12) (0x04#6)))) (ADDI))
  jal_gpr_mem_64__reg_a0__c__native_first  CERTIFIED   31.7s  (pure_ITYPE (a) (((sign_extend (m := 12) (0x04#6)))) (ADDI))
  jalr_gpr_fpr_64__reg_a0__c__native_first CERTIFIED   26.9s  (pure_ITYPE (a) (((sign_extend (m := 12) (0x04#6)))) (ADDI))
  jalr_gpr_fpr_fpr_64__reg_a0__c__native_first CERTIFIED   33.9s  (pure_ITYPE (a) (((sign_extend (m := 12) (0x04#6)))) (ADDI))
  jalr_gpr_gpr_64__reg_a0__c__native_first CERTIFIED   30.1s  (pure_ITYPE (a) (((sign_extend (m := 12) (0x04#6)))) (ADDI))
  jalr_gpr_gpr_gpr_64__reg_a0__c__native_first CERTIFIED   33.8s  (pure_ITYPE (a) (((sign_extend (m := 12) (0x04#6)))) (ADDI))
  jalr_gpr_gpr_imm_64__reg_a0__c__native_first CERTIFIED   29.0s  (pure_ITYPE (a) (((sign_extend (m := 12) (0x04#6)))) (ADDI))
  jalr_gpr_gpr_same_64__reg_a0__c__native_first CERTIFIED   33.0s  (pure_ITYPE (a) (((sign_extend (m := 12) (0x04#6)))) (ADDI))
  jalr_gpr_imm_64__reg_a0__c__native_first CERTIFIED   30.7s  (pure_ITYPE (a) (((sign_extend (m := 12) (0x04#6)))) (ADDI))
  jalr_gpr_mem_64__reg_a0__c__native_first CERTIFIED   35.5s  (pure_ITYPE (a) (((sign_extend (m := 12) (0x04#6)))) (ADDI))
  lbu_gpr_fpr_8__reg_a0__c__native_first   FAILED      27.7s  a
      PseudoCoupHQ/Research/oracle/riscv/leanpath/walk_corpus_1/Walk_lbu_gpr_fpr_8__reg_a0__c__native_first.lean:232:65: error: unexpected token ','; expected ']'
      PseudoCoupHQ/Research/oracle/riscv/leanpath/walk_corpus_1/Walk_lbu_gpr_fpr_8__reg_a0__c__native_first.lean:231:13: error: unsolved goals
        | EStateM.Result.error a a_1 => False
  lbu_gpr_fpr_8__reg_a0__go__native_first  CERTIFIED   27.5s  (pure_ITYPE (a) (0x0ff#12) (LeanIM.iop.ANDI))
  lbu_gpr_fpr_fpr_8__reg_a0__c__native_first FAILED      28.7s  a
      PseudoCoupHQ/Research/oracle/riscv/leanpath/walk_corpus_1/Walk_lbu_gpr_fpr_fpr_8__reg_a0__c__native_first.lean:232:65: error: unexpected token ','; expected ']'
      PseudoCoupHQ/Research/oracle/riscv/leanpath/walk_corpus_1/Walk_lbu_gpr_fpr_fpr_8__reg_a0__c__native_first.lean:231:13: error: unsolved goals
        | EStateM.Result.error a a_1 => False
  lbu_gpr_fpr_fpr_8__reg_a0__go__native_first CERTIFIED   31.7s  (pure_ITYPE (a) (0x0ff#12) (LeanIM.iop.ANDI))
  lbu_gpr_gpr_8__reg_a0__c__native_first   FAILED      31.6s  a
      PseudoCoupHQ/Research/oracle/riscv/leanpath/walk_corpus_1/Walk_lbu_gpr_gpr_8__reg_a0__c__native_first.lean:232:65: error: unexpected token ','; expected ']'
      PseudoCoupHQ/Research/oracle/riscv/leanpath/walk_corpus_1/Walk_lbu_gpr_gpr_8__reg_a0__c__native_first.lean:231:13: error: unsolved goals
        | EStateM.Result.error a a_1 => False
  lbu_gpr_gpr_8__reg_a0__go__native_first  CERTIFIED   32.0s  (pure_ITYPE (a) (0x0ff#12) (LeanIM.iop.ANDI))
  lbu_gpr_gpr_gpr_8__reg_a0__c__native_first FAILED      28.7s  a
      PseudoCoupHQ/Research/oracle/riscv/leanpath/walk_corpus_1/Walk_lbu_gpr_gpr_gpr_8__reg_a0__c__native_first.lean:232:65: error: unexpected token ','; expected ']'
      PseudoCoupHQ/Research/oracle/riscv/leanpath/walk_corpus_1/Walk_lbu_gpr_gpr_gpr_8__reg_a0__c__native_first.lean:231:13: error: unsolved goals
        | EStateM.Result.error a a_1 => False
  lbu_gpr_gpr_gpr_8__reg_a0__go__native_first CERTIFIED   27.5s  (pure_ITYPE (a) (0x0ff#12) (LeanIM.iop.ANDI))
  lbu_gpr_gpr_imm_8__reg_a0__c__native_first FAILED      33.3s  a
      PseudoCoupHQ/Research/oracle/riscv/leanpath/walk_corpus_1/Walk_lbu_gpr_gpr_imm_8__reg_a0__c__native_first.lean:232:65: error: unexpected token ','; expected ']'
      PseudoCoupHQ/Research/oracle/riscv/leanpath/walk_corpus_1/Walk_lbu_gpr_gpr_imm_8__reg_a0__c__native_first.lean:231:13: error: unsolved goals
        | EStateM.Result.error a a_1 => False
  lbu_gpr_gpr_imm_8__reg_a0__go__native_first CERTIFIED   32.4s  (pure_ITYPE (a) (0x0ff#12) (LeanIM.iop.ANDI))
  lbu_gpr_gpr_same_8__reg_a0__c__native_first FAILED      25.7s  a
      PseudoCoupHQ/Research/oracle/riscv/leanpath/walk_corpus_1/Walk_lbu_gpr_gpr_same_8__reg_a0__c__native_first.lean:232:65: error: unexpected token ','; expected ']'
      PseudoCoupHQ/Research/oracle/riscv/leanpath/walk_corpus_1/Walk_lbu_gpr_gpr_same_8__reg_a0__c__native_first.lean:231:13: error: unsolved goals
        | EStateM.Result.error a a_1 => False
  lbu_gpr_gpr_same_8__reg_a0__go__native_first CERTIFIED   31.8s  (pure_ITYPE (a) (0x0ff#12) (LeanIM.iop.ANDI))
  lbu_gpr_imm_8__reg_a0__c__native_first   FAILED      25.7s  a
      PseudoCoupHQ/Research/oracle/riscv/leanpath/walk_corpus_1/Walk_lbu_gpr_imm_8__reg_a0__c__native_first.lean:232:65: error: unexpected token ','; expected ']'
      PseudoCoupHQ/Research/oracle/riscv/leanpath/walk_corpus_1/Walk_lbu_gpr_imm_8__reg_a0__c__native_first.lean:231:13: error: unsolved goals
        | EStateM.Result.error a a_1 => False
  lbu_gpr_imm_8__reg_a0__go__native_first  CERTIFIED   37.9s  (pure_ITYPE (a) (0x0ff#12) (LeanIM.iop.ANDI))
  lbu_gpr_mem_8__reg_a0__c__native_first   FAILED      27.1s  a
      PseudoCoupHQ/Research/oracle/riscv/leanpath/walk_corpus_1/Walk_lbu_gpr_mem_8__reg_a0__c__native_first.lean:232:65: error: unexpected token ','; expected ']'
      PseudoCoupHQ/Research/oracle/riscv/leanpath/walk_corpus_1/Walk_lbu_gpr_mem_8__reg_a0__c__native_first.lean:231:13: error: unsolved goals
        | EStateM.Result.error a a_1 => False
  lbu_gpr_mem_8__reg_a0__go__native_first  CERTIFIED   28.6s  (pure_ITYPE (a) (0x0ff#12) (LeanIM.iop.ANDI))
  ld_gpr_fpr_64__reg_a0__c__native_first   FAILED      30.6s  a
      PseudoCoupHQ/Research/oracle/riscv/leanpath/walk_corpus_1/Walk_ld_gpr_fpr_64__reg_a0__c__native_first.lean:232:65: error: unexpected token ','; expected ']'
      PseudoCoupHQ/Research/oracle/riscv/leanpath/walk_corpus_1/Walk_ld_gpr_fpr_64__reg_a0__c__native_first.lean:231:13: error: unsolved goals
        | EStateM.Result.error a a_1 => False
  ld_gpr_fpr_64__reg_a0__go__native_first  FAILED      24.6s  a
      PseudoCoupHQ/Research/oracle/riscv/leanpath/walk_corpus_1/Walk_ld_gpr_fpr_64__reg_a0__go__native_first.lean:232:65: error: unexpected token ','; expected ']'
      PseudoCoupHQ/Research/oracle/riscv/leanpath/walk_corpus_1/Walk_ld_gpr_fpr_64__reg_a0__go__native_first.lean:231:13: error: unsolved goals
        | EStateM.Result.error a a_1 => False
  ld_gpr_fpr_fpr_64__reg_a0__c__native_first FAILED      34.4s  a
      PseudoCoupHQ/Research/oracle/riscv/leanpath/walk_corpus_1/Walk_ld_gpr_fpr_fpr_64__reg_a0__c__native_first.lean:232:65: error: unexpected token ','; expected ']'
      PseudoCoupHQ/Research/oracle/riscv/leanpath/walk_corpus_1/Walk_ld_gpr_fpr_fpr_64__reg_a0__c__native_first.lean:231:13: error: unsolved goals
        | EStateM.Result.error a a_1 => False
  ld_gpr_fpr_fpr_64__reg_a0__go__native_first FAILED      31.5s  a
      PseudoCoupHQ/Research/oracle/riscv/leanpath/walk_corpus_1/Walk_ld_gpr_fpr_fpr_64__reg_a0__go__native_first.lean:232:65: error: unexpected token ','; expected ']'
      PseudoCoupHQ/Research/oracle/riscv/leanpath/walk_corpus_1/Walk_ld_gpr_fpr_fpr_64__reg_a0__go__native_first.lean:231:13: error: unsolved goals
        | EStateM.Result.error a a_1 => False
  ld_gpr_gpr_64__reg_a0__c__native_first   FAILED      28.4s  a
      PseudoCoupHQ/Research/oracle/riscv/leanpath/walk_corpus_1/Walk_ld_gpr_gpr_64__reg_a0__c__native_first.lean:232:65: error: unexpected token ','; expected ']'
      PseudoCoupHQ/Research/oracle/riscv/leanpath/walk_corpus_1/Walk_ld_gpr_gpr_64__reg_a0__c__native_first.lean:231:13: error: unsolved goals
        | EStateM.Result.error a a_1 => False
  ld_gpr_gpr_64__reg_a0__go__native_first  FAILED      36.4s  a
      PseudoCoupHQ/Research/oracle/riscv/leanpath/walk_corpus_1/Walk_ld_gpr_gpr_64__reg_a0__go__native_first.lean:232:65: error: unexpected token ','; expected ']'
      PseudoCoupHQ/Research/oracle/riscv/leanpath/walk_corpus_1/Walk_ld_gpr_gpr_64__reg_a0__go__native_first.lean:231:13: error: unsolved goals
        | EStateM.Result.error a a_1 => False
  ld_gpr_gpr_gpr_64__reg_a0__c__native_first FAILED      32.4s  a
      PseudoCoupHQ/Research/oracle/riscv/leanpath/walk_corpus_1/Walk_ld_gpr_gpr_gpr_64__reg_a0__c__native_first.lean:232:65: error: unexpected token ','; expected ']'
      PseudoCoupHQ/Research/oracle/riscv/leanpath/walk_corpus_1/Walk_ld_gpr_gpr_gpr_64__reg_a0__c__native_first.lean:231:13: error: unsolved goals
        | EStateM.Result.error a a_1 => False
  ld_gpr_gpr_gpr_64__reg_a0__go__native_first FAILED      30.8s  a
      PseudoCoupHQ/Research/oracle/riscv/leanpath/walk_corpus_1/Walk_ld_gpr_gpr_gpr_64__reg_a0__go__native_first.lean:232:65: error: unexpected token ','; expected ']'
      PseudoCoupHQ/Research/oracle/riscv/leanpath/walk_corpus_1/Walk_ld_gpr_gpr_gpr_64__reg_a0__go__native_first.lean:231:13: error: unsolved goals
        | EStateM.Result.error a a_1 => False
  ld_gpr_gpr_imm_64__reg_a0__c__native_first FAILED      30.9s  a
      PseudoCoupHQ/Research/oracle/riscv/leanpath/walk_corpus_1/Walk_ld_gpr_gpr_imm_64__reg_a0__c__native_first.lean:232:65: error: unexpected token ','; expected ']'
      PseudoCoupHQ/Research/oracle/riscv/leanpath/walk_corpus_1/Walk_ld_gpr_gpr_imm_64__reg_a0__c__native_first.lean:231:13: error: unsolved goals
        | EStateM.Result.error a a_1 => False
  ld_gpr_gpr_imm_64__reg_a0__go__native_first FAILED      28.1s  a
      PseudoCoupHQ/Research/oracle/riscv/leanpath/walk_corpus_1/Walk_ld_gpr_gpr_imm_64__reg_a0__go__native_first.lean:232:65: error: unexpected token ','; expected ']'
      PseudoCoupHQ/Research/oracle/riscv/leanpath/walk_corpus_1/Walk_ld_gpr_gpr_imm_64__reg_a0__go__native_first.lean:231:13: error: unsolved goals
        | EStateM.Result.error a a_1 => False
  ld_gpr_gpr_same_64__reg_a0__c__native_first FAILED      26.3s  a
      PseudoCoupHQ/Research/oracle/riscv/leanpath/walk_corpus_1/Walk_ld_gpr_gpr_same_64__reg_a0__c__native_first.lean:232:65: error: unexpected token ','; expected ']'
      PseudoCoupHQ/Research/oracle/riscv/leanpath/walk_corpus_1/Walk_ld_gpr_gpr_same_64__reg_a0__c__native_first.lean:231:13: error: unsolved goals
        | EStateM.Result.error a a_1 => False
  ld_gpr_gpr_same_64__reg_a0__go__native_first FAILED      28.7s  a
      PseudoCoupHQ/Research/oracle/riscv/leanpath/walk_corpus_1/Walk_ld_gpr_gpr_same_64__reg_a0__go__native_first.lean:232:65: error: unexpected token ','; expected ']'
      PseudoCoupHQ/Research/oracle/riscv/leanpath/walk_corpus_1/Walk_ld_gpr_gpr_same_64__reg_a0__go__native_first.lean:231:13: error: unsolved goals
        | EStateM.Result.error a a_1 => False
  ld_gpr_imm_64__reg_a0__c__native_first   FAILED      28.8s  a
      PseudoCoupHQ/Research/oracle/riscv/leanpath/walk_corpus_1/Walk_ld_gpr_imm_64__reg_a0__c__native_first.lean:232:65: error: unexpected token ','; expected ']'
      PseudoCoupHQ/Research/oracle/riscv/leanpath/walk_corpus_1/Walk_ld_gpr_imm_64__reg_a0__c__native_first.lean:231:13: error: unsolved goals
        | EStateM.Result.error a a_1 => False
  ld_gpr_imm_64__reg_a0__go__native_first  FAILED      28.5s  a
      PseudoCoupHQ/Research/oracle/riscv/leanpath/walk_corpus_1/Walk_ld_gpr_imm_64__reg_a0__go__native_first.lean:232:65: error: unexpected token ','; expected ']'
      PseudoCoupHQ/Research/oracle/riscv/leanpath/walk_corpus_1/Walk_ld_gpr_imm_64__reg_a0__go__native_first.lean:231:13: error: unsolved goals
        | EStateM.Result.error a a_1 => False
  ld_gpr_mem_64__reg_a0__c__native_first   FAILED      28.9s  a
      PseudoCoupHQ/Research/oracle/riscv/leanpath/walk_corpus_1/Walk_ld_gpr_mem_64__reg_a0__c__native_first.lean:232:65: error: unexpected token ','; expected ']'
      PseudoCoupHQ/Research/oracle/riscv/leanpath/walk_corpus_1/Walk_ld_gpr_mem_64__reg_a0__c__native_first.lean:231:13: error: unsolved goals
        | EStateM.Result.error a a_1 => False
  ld_gpr_mem_64__reg_a0__go__native_first  FAILED      25.6s  a
      PseudoCoupHQ/Research/oracle/riscv/leanpath/walk_corpus_1/Walk_ld_gpr_mem_64__reg_a0__go__native_first.lean:232:65: error: unexpected token ','; expected ']'
      PseudoCoupHQ/Research/oracle/riscv/leanpath/walk_corpus_1/Walk_ld_gpr_mem_64__reg_a0__go__native_first.lean:231:13: error: unsolved goals
        | EStateM.Result.error a a_1 => False
  lhu_gpr_fpr_16__reg_a0__c__native_first  FAILED      30.7s  a
      PseudoCoupHQ/Research/oracle/riscv/leanpath/walk_corpus_1/Walk_lhu_gpr_fpr_16__reg_a0__c__native_first.lean:232:65: error: unexpected token ','; expected ']'
      PseudoCoupHQ/Research/oracle/riscv/leanpath/walk_corpus_1/Walk_lhu_gpr_fpr_16__reg_a0__c__native_first.lean:231:13: error: unsolved goals
        | EStateM.Result.error a a_1 => False
  lhu_gpr_fpr_16__reg_a0__go__native_first CERTIFIED   32.6s  (pure_SHIFTIOP ((pure_SHIFTIOP (a) ((0x30#6)) (SLLI))) ((0x30#6)) (SRLI))
  lhu_gpr_fpr_fpr_16__reg_a0__c__native_first FAILED      28.6s  a
      PseudoCoupHQ/Research/oracle/riscv/leanpath/walk_corpus_1/Walk_lhu_gpr_fpr_fpr_16__reg_a0__c__native_first.lean:232:65: error: unexpected token ','; expected ']'
      PseudoCoupHQ/Research/oracle/riscv/leanpath/walk_corpus_1/Walk_lhu_gpr_fpr_fpr_16__reg_a0__c__native_first.lean:231:13: error: unsolved goals
        | EStateM.Result.error a a_1 => False
  lhu_gpr_fpr_fpr_16__reg_a0__go__native_first CERTIFIED   36.3s  (pure_SHIFTIOP ((pure_SHIFTIOP (a) ((0x30#6)) (SLLI))) ((0x30#6)) (SRLI))
  lhu_gpr_gpr_16__reg_a0__c__native_first  FAILED      25.9s  a
      PseudoCoupHQ/Research/oracle/riscv/leanpath/walk_corpus_1/Walk_lhu_gpr_gpr_16__reg_a0__c__native_first.lean:232:65: error: unexpected token ','; expected ']'
      PseudoCoupHQ/Research/oracle/riscv/leanpath/walk_corpus_1/Walk_lhu_gpr_gpr_16__reg_a0__c__native_first.lean:231:13: error: unsolved goals
        | EStateM.Result.error a a_1 => False
  lhu_gpr_gpr_16__reg_a0__go__native_first CERTIFIED   31.2s  (pure_SHIFTIOP ((pure_SHIFTIOP (a) ((0x30#6)) (SLLI))) ((0x30#6)) (SRLI))
  lhu_gpr_gpr_gpr_16__reg_a0__c__native_first FAILED      28.4s  a
      PseudoCoupHQ/Research/oracle/riscv/leanpath/walk_corpus_1/Walk_lhu_gpr_gpr_gpr_16__reg_a0__c__native_first.lean:232:65: error: unexpected token ','; expected ']'
      PseudoCoupHQ/Research/oracle/riscv/leanpath/walk_corpus_1/Walk_lhu_gpr_gpr_gpr_16__reg_a0__c__native_first.lean:231:13: error: unsolved goals
        | EStateM.Result.error a a_1 => False
  lhu_gpr_gpr_gpr_16__reg_a0__go__native_first CERTIFIED   41.2s  (pure_SHIFTIOP ((pure_SHIFTIOP (a) ((0x30#6)) (SLLI))) ((0x30#6)) (SRLI))
  lhu_gpr_gpr_imm_16__reg_a0__c__native_first FAILED      25.2s  a
      PseudoCoupHQ/Research/oracle/riscv/leanpath/walk_corpus_1/Walk_lhu_gpr_gpr_imm_16__reg_a0__c__native_first.lean:232:65: error: unexpected token ','; expected ']'
      PseudoCoupHQ/Research/oracle/riscv/leanpath/walk_corpus_1/Walk_lhu_gpr_gpr_imm_16__reg_a0__c__native_first.lean:231:13: error: unsolved goals
        | EStateM.Result.error a a_1 => False
  lhu_gpr_gpr_imm_16__reg_a0__go__native_first CERTIFIED   31.2s  (pure_SHIFTIOP ((pure_SHIFTIOP (a) ((0x30#6)) (SLLI))) ((0x30#6)) (SRLI))
  lhu_gpr_gpr_same_16__reg_a0__c__native_first FAILED      28.0s  a
      PseudoCoupHQ/Research/oracle/riscv/leanpath/walk_corpus_1/Walk_lhu_gpr_gpr_same_16__reg_a0__c__native_first.lean:232:65: error: unexpected token ','; expected ']'
      PseudoCoupHQ/Research/oracle/riscv/leanpath/walk_corpus_1/Walk_lhu_gpr_gpr_same_16__reg_a0__c__native_first.lean:231:13: error: unsolved goals
        | EStateM.Result.error a a_1 => False
  lhu_gpr_gpr_same_16__reg_a0__go__native_first CERTIFIED   32.3s  (pure_SHIFTIOP ((pure_SHIFTIOP (a) ((0x30#6)) (SLLI))) ((0x30#6)) (SRLI))
  lhu_gpr_imm_16__reg_a0__c__native_first  FAILED      27.6s  a
      PseudoCoupHQ/Research/oracle/riscv/leanpath/walk_corpus_1/Walk_lhu_gpr_imm_16__reg_a0__c__native_first.lean:232:65: error: unexpected token ','; expected ']'
      PseudoCoupHQ/Research/oracle/riscv/leanpath/walk_corpus_1/Walk_lhu_gpr_imm_16__reg_a0__c__native_first.lean:231:13: error: unsolved goals
        | EStateM.Result.error a a_1 => False
  lhu_gpr_imm_16__reg_a0__go__native_first CERTIFIED   31.5s  (pure_SHIFTIOP ((pure_SHIFTIOP (a) ((0x30#6)) (SLLI))) ((0x30#6)) (SRLI))
  lhu_gpr_mem_16__reg_a0__c__native_first  FAILED      31.4s  a
      PseudoCoupHQ/Research/oracle/riscv/leanpath/walk_corpus_1/Walk_lhu_gpr_mem_16__reg_a0__c__native_first.lean:232:65: error: unexpected token ','; expected ']'
      PseudoCoupHQ/Research/oracle/riscv/leanpath/walk_corpus_1/Walk_lhu_gpr_mem_16__reg_a0__c__native_first.lean:231:13: error: unsolved goals
        | EStateM.Result.error a a_1 => False
  lhu_gpr_mem_16__reg_a0__go__native_first CERTIFIED   33.7s  (pure_SHIFTIOP ((pure_SHIFTIOP (a) ((0x30#6)) (SLLI))) ((0x30#6)) (SRLI))
  lwu_gpr_fpr_32__reg_a0__c__native_first  CERTIFIED   33.5s  (pure_ZBA_RTYPEUW (a) (zero_reg) (0b00#2))
  lwu_gpr_fpr_32__reg_a0__go__native_first CERTIFIED   31.7s  (pure_SHIFTIOP ((pure_SHIFTIOP (a) ((0x20#6)) (SLLI))) ((0x20#6)) (SRLI))
  lwu_gpr_fpr_fpr_32__reg_a0__c__native_first CERTIFIED   35.9s  (pure_ZBA_RTYPEUW (a) (zero_reg) (0b00#2))
  lwu_gpr_fpr_fpr_32__reg_a0__go__native_first CERTIFIED   30.7s  (pure_SHIFTIOP ((pure_SHIFTIOP (a) ((0x20#6)) (SLLI))) ((0x20#6)) (SRLI))
  lwu_gpr_gpr_32__reg_a0__c__native_first  CERTIFIED   27.7s  (pure_ZBA_RTYPEUW (a) (zero_reg) (0b00#2))
  lwu_gpr_gpr_32__reg_a0__go__native_first CERTIFIED   32.8s  (pure_SHIFTIOP ((pure_SHIFTIOP (a) ((0x20#6)) (SLLI))) ((0x20#6)) (SRLI))
  lwu_gpr_gpr_gpr_32__reg_a0__c__native_first CERTIFIED   29.1s  (pure_ZBA_RTYPEUW (a) (zero_reg) (0b00#2))
  lwu_gpr_gpr_gpr_32__reg_a0__go__native_first CERTIFIED   35.7s  (pure_SHIFTIOP ((pure_SHIFTIOP (a) ((0x20#6)) (SLLI))) ((0x20#6)) (SRLI))
  lwu_gpr_gpr_imm_32__reg_a0__c__native_first CERTIFIED   30.5s  (pure_ZBA_RTYPEUW (a) (zero_reg) (0b00#2))
  lwu_gpr_gpr_imm_32__reg_a0__go__native_first CERTIFIED   32.6s  (pure_SHIFTIOP ((pure_SHIFTIOP (a) ((0x20#6)) (SLLI))) ((0x20#6)) (SRLI))
  lwu_gpr_gpr_same_32__reg_a0__c__native_first CERTIFIED   29.3s  (pure_ZBA_RTYPEUW (a) (zero_reg) (0b00#2))
  lwu_gpr_gpr_same_32__reg_a0__go__native_first CERTIFIED   29.1s  (pure_SHIFTIOP ((pure_SHIFTIOP (a) ((0x20#6)) (SLLI))) ((0x20#6)) (SRLI))
  lwu_gpr_imm_32__reg_a0__c__native_first  CERTIFIED   31.0s  (pure_ZBA_RTYPEUW (a) (zero_reg) (0b00#2))
  lwu_gpr_imm_32__reg_a0__go__native_first CERTIFIED   31.0s  (pure_SHIFTIOP ((pure_SHIFTIOP (a) ((0x20#6)) (SLLI))) ((0x20#6)) (SRLI))
  lwu_gpr_mem_32__reg_a0__c__native_first  CERTIFIED   31.8s  (pure_ZBA_RTYPEUW (a) (zero_reg) (0b00#2))
  lwu_gpr_mem_32__reg_a0__go__native_first CERTIFIED   32.5s  (pure_SHIFTIOP ((pure_SHIFTIOP (a) ((0x20#6)) (SLLI))) ((0x20#6)) (SRLI))
  mul_gpr_gpr_gpr_64__reg_a0__c__native_first CERTIFIED   30.0s  (pure_MUL (a) (b) ({ result_part := Low, signed_rs1 := Signed, signed_rs2 := Signed }))
  mul_gpr_gpr_gpr_64__reg_a0__go__native_first CERTIFIED   29.1s  (pure_MUL (a) (b) ({ result_part := LeanIM.VectorHalf.Low, signed_rs1 := LeanIM.Signedness
  mul_gpr_gpr_same_64__reg_a0__c__native_first CERTIFIED   30.1s  (pure_MUL (a) (a) ({ result_part := Low, signed_rs1 := Signed, signed_rs2 := Signed }))
  mul_gpr_gpr_same_64__reg_a0__go__native_first CERTIFIED   30.4s  (pure_MUL (a) (a) ({ result_part := LeanIM.VectorHalf.Low, signed_rs1 := LeanIM.Signedness
  mulhu_gpr_gpr_gpr_64__reg_a0__c__native_first CERTIFIED   34.3s  (pure_MUL (b) (a) ({ result_part := LeanIM.VectorHalf.High, signed_rs1 := LeanIM.Signednes
  mulhu_gpr_gpr_same_64__reg_a0__c__native_first CERTIFIED   28.5s  (pure_MUL (a) (a) ({ result_part := LeanIM.VectorHalf.High, signed_rs1 := LeanIM.Signednes
  or_gpr_gpr_gpr_64__reg_a0__c__native_first CERTIFIED   27.1s  (pure_RTYPE (a) (b) (OR))
  or_gpr_gpr_same_64__reg_a0__c__native_first FAILED      32.0s  a
      PseudoCoupHQ/Research/oracle/riscv/leanpath/walk_corpus_1/Walk_or_gpr_gpr_same_64__reg_a0__c__native_first.lean:232:65: error: unexpected token ','; expected ']'
      PseudoCoupHQ/Research/oracle/riscv/leanpath/walk_corpus_1/Walk_or_gpr_gpr_same_64__reg_a0__c__native_first.lean:231:13: error: unsolved goals
        | EStateM.Result.error a a_1 => False
  or_gpr_gpr_same_64__reg_a0__go__native_first FAILED      34.7s  a
      PseudoCoupHQ/Research/oracle/riscv/leanpath/walk_corpus_1/Walk_or_gpr_gpr_same_64__reg_a0__go__native_first.lean:232:65: error: unexpected token ','; expected ']'
      PseudoCoupHQ/Research/oracle/riscv/leanpath/walk_corpus_1/Walk_or_gpr_gpr_same_64__reg_a0__go__native_first.lean:231:13: error: unsolved goals
        | EStateM.Result.error a a_1 => False
  ori_gpr_gpr_imm_64__reg_a0__c__native_first CERTIFIED   32.4s  (pure_ITYPE (a) (0x003#12) (LeanIM.iop.ORI))
  ori_gpr_gpr_imm_64__reg_a0__go__native_first CERTIFIED   30.5s  (pure_ITYPE (a) (0x003#12) (LeanIM.iop.ORI))
  rem_gpr_gpr_same_64__reg_a0__c__native_first CERTIFIED   31.5s  (pure_ITYPE (zero_reg) (((sign_extend (m := 12) (0x00#6)))) (ADDI))
  remu_gpr_gpr_gpr_64__reg_a0__c__native_first CERTIFIED   34.0s  (pure_REM (b) (a) (true))
  remu_gpr_gpr_same_64__reg_a0__c__native_first CERTIFIED   30.2s  (pure_ITYPE (zero_reg) (((sign_extend (m := 12) (0x00#6)))) (ADDI))
  remuw_gpr_gpr_same_32__reg_a0__c__native_first CERTIFIED   32.8s  (pure_ITYPE (zero_reg) (((sign_extend (m := 12) (0x00#6)))) (ADDI))
  remw_gpr_gpr_same_32__reg_a0__c__native_first CERTIFIED   31.3s  (pure_ITYPE (zero_reg) (((sign_extend (m := 12) (0x00#6)))) (ADDI))
  sb_gpr_fpr_8__mem_MEM_fa1__c__native_first CERTIFIED   27.3s  (pure_RTYPE ((pure_ITYPE (a) (0xf00#12) (LeanIM.iop.ANDI))) (b) (OR))
  sb_gpr_fpr_8__mem_MEM_fa1__go__native_first CERTIFIED   33.7s  (pure_RTYPE ((pure_ITYPE (a) (0xf00#12) (LeanIM.iop.ANDI))) ((pure_ITYPE (b) (0x0ff#12) (L
  sb_gpr_fpr_fpr_8__mem_MEM_fa1__c__native_first CERTIFIED   33.7s  (pure_RTYPE ((pure_ITYPE (a) (0xf00#12) (LeanIM.iop.ANDI))) (b) (OR))
  sb_gpr_fpr_fpr_8__mem_MEM_fa1__go__native_first CERTIFIED   28.5s  (pure_RTYPE ((pure_ITYPE (a) (0xf00#12) (LeanIM.iop.ANDI))) ((pure_ITYPE (b) (0x0ff#12) (L
  sb_gpr_gpr_8__mem_MEM_a1__c__native_first CERTIFIED   28.5s  (pure_RTYPE ((pure_ITYPE (a) (0xf00#12) (LeanIM.iop.ANDI))) (b) (OR))
  sb_gpr_gpr_8__mem_MEM_a1__go__native_first CERTIFIED   30.9s  (pure_RTYPE ((pure_ITYPE (a) (0xf00#12) (LeanIM.iop.ANDI))) ((pure_ITYPE (b) (0x0ff#12) (L
  sb_gpr_gpr_gpr_8__mem_MEM_a1__c__native_first CERTIFIED   33.4s  (pure_RTYPE ((pure_ITYPE (a) (0xf00#12) (LeanIM.iop.ANDI))) (b) (OR))
  sb_gpr_gpr_gpr_8__mem_MEM_a1__go__native_first CERTIFIED   34.3s  (pure_RTYPE ((pure_ITYPE (a) (0xf00#12) (LeanIM.iop.ANDI))) ((pure_ITYPE (b) (0x0ff#12) (L
  sb_gpr_gpr_imm_8__mem_MEM_a1__c__native_first CERTIFIED   36.5s  (pure_RTYPE ((pure_ITYPE (a) (0xf00#12) (LeanIM.iop.ANDI))) (b) (OR))
  sb_gpr_gpr_imm_8__mem_MEM_a1__go__native_first CERTIFIED   27.9s  (pure_RTYPE ((pure_ITYPE (a) (0xf00#12) (LeanIM.iop.ANDI))) ((pure_ITYPE (b) (0x0ff#12) (L
  sb_gpr_gpr_same_8__mem_MEM_a1__c__native_first CERTIFIED   31.7s  (pure_RTYPE ((pure_ITYPE (a) (0xf00#12) (LeanIM.iop.ANDI))) (b) (OR))
  sb_gpr_gpr_same_8__mem_MEM_a1__go__native_first CERTIFIED   27.3s  (pure_RTYPE ((pure_ITYPE (a) (0xf00#12) (LeanIM.iop.ANDI))) ((pure_ITYPE (b) (0x0ff#12) (L
  sb_gpr_imm_8__mem_MEM_0x3__c__native_first CERTIFIED   38.6s  (pure_RTYPE ((pure_ITYPE (a) (0xf00#12) (LeanIM.iop.ANDI))) (b) (OR))
  sb_gpr_imm_8__mem_MEM_0x3__go__native_first CERTIFIED   29.3s  (pure_RTYPE ((pure_ITYPE (a) (0xf00#12) (LeanIM.iop.ANDI))) ((pure_ITYPE (b) (0x0ff#12) (L
  sb_gpr_mem_8__mem_MEM_0x0_a1___c__native_first CERTIFIED   33.2s  (pure_RTYPE ((pure_ITYPE (a) (0xf00#12) (LeanIM.iop.ANDI))) (b) (OR))
  sb_gpr_mem_8__mem_MEM_0x0_a1___go__native_first CERTIFIED   36.2s  (pure_RTYPE ((pure_ITYPE (a) (0xf00#12) (LeanIM.iop.ANDI))) ((pure_ITYPE (b) (0x0ff#12) (L
  sd_gpr_fpr_64__mem_MEM_fa1__c__native_first FAILED      30.8s  a
      PseudoCoupHQ/Research/oracle/riscv/leanpath/walk_corpus_1/Walk_sd_gpr_fpr_64__mem_MEM_fa1__c__native_first.lean:232:65: error: unexpected token ','; expected ']'
      PseudoCoupHQ/Research/oracle/riscv/leanpath/walk_corpus_1/Walk_sd_gpr_fpr_64__mem_MEM_fa1__c__native_first.lean:231:13: error: unsolved goals
        | EStateM.Result.error a a_1 => False
  sd_gpr_fpr_64__mem_MEM_fa1__go__native_first FAILED      33.7s  a
      PseudoCoupHQ/Research/oracle/riscv/leanpath/walk_corpus_1/Walk_sd_gpr_fpr_64__mem_MEM_fa1__go__native_first.lean:232:65: error: unexpected token ','; expected ']'
      PseudoCoupHQ/Research/oracle/riscv/leanpath/walk_corpus_1/Walk_sd_gpr_fpr_64__mem_MEM_fa1__go__native_first.lean:231:13: error: unsolved goals
        | EStateM.Result.error a a_1 => False
  sd_gpr_fpr_fpr_64__mem_MEM_fa1__c__native_first FAILED      30.2s  a
      PseudoCoupHQ/Research/oracle/riscv/leanpath/walk_corpus_1/Walk_sd_gpr_fpr_fpr_64__mem_MEM_fa1__c__native_first.lean:232:65: error: unexpected token ','; expected ']'
      PseudoCoupHQ/Research/oracle/riscv/leanpath/walk_corpus_1/Walk_sd_gpr_fpr_fpr_64__mem_MEM_fa1__c__native_first.lean:231:13: error: unsolved goals
        | EStateM.Result.error a a_1 => False
  sd_gpr_fpr_fpr_64__mem_MEM_fa1__go__native_first FAILED      28.0s  a
      PseudoCoupHQ/Research/oracle/riscv/leanpath/walk_corpus_1/Walk_sd_gpr_fpr_fpr_64__mem_MEM_fa1__go__native_first.lean:232:65: error: unexpected token ','; expected ']'
      PseudoCoupHQ/Research/oracle/riscv/leanpath/walk_corpus_1/Walk_sd_gpr_fpr_fpr_64__mem_MEM_fa1__go__native_first.lean:231:13: error: unsolved goals
        | EStateM.Result.error a a_1 => False
  sd_gpr_gpr_64__mem_MEM_a1__c__native_first FAILED      28.2s  a
      PseudoCoupHQ/Research/oracle/riscv/leanpath/walk_corpus_1/Walk_sd_gpr_gpr_64__mem_MEM_a1__c__native_first.lean:232:65: error: unexpected token ','; expected ']'
      PseudoCoupHQ/Research/oracle/riscv/leanpath/walk_corpus_1/Walk_sd_gpr_gpr_64__mem_MEM_a1__c__native_first.lean:231:13: error: unsolved goals
        | EStateM.Result.error a a_1 => False
  sd_gpr_gpr_64__mem_MEM_a1__go__native_first FAILED      31.0s  a
      PseudoCoupHQ/Research/oracle/riscv/leanpath/walk_corpus_1/Walk_sd_gpr_gpr_64__mem_MEM_a1__go__native_first.lean:232:65: error: unexpected token ','; expected ']'
      PseudoCoupHQ/Research/oracle/riscv/leanpath/walk_corpus_1/Walk_sd_gpr_gpr_64__mem_MEM_a1__go__native_first.lean:231:13: error: unsolved goals
        | EStateM.Result.error a a_1 => False
  sd_gpr_gpr_gpr_64__mem_MEM_a1__c__native_first FAILED      27.8s  a
      PseudoCoupHQ/Research/oracle/riscv/leanpath/walk_corpus_1/Walk_sd_gpr_gpr_gpr_64__mem_MEM_a1__c__native_first.lean:232:65: error: unexpected token ','; expected ']'
      PseudoCoupHQ/Research/oracle/riscv/leanpath/walk_corpus_1/Walk_sd_gpr_gpr_gpr_64__mem_MEM_a1__c__native_first.lean:231:13: error: unsolved goals
        | EStateM.Result.error a a_1 => False
  sd_gpr_gpr_gpr_64__mem_MEM_a1__go__native_first FAILED      26.5s  a
      PseudoCoupHQ/Research/oracle/riscv/leanpath/walk_corpus_1/Walk_sd_gpr_gpr_gpr_64__mem_MEM_a1__go__native_first.lean:232:65: error: unexpected token ','; expected ']'
      PseudoCoupHQ/Research/oracle/riscv/leanpath/walk_corpus_1/Walk_sd_gpr_gpr_gpr_64__mem_MEM_a1__go__native_first.lean:231:13: error: unsolved goals
        | EStateM.Result.error a a_1 => False
  sd_gpr_gpr_imm_64__mem_MEM_a1__c__native_first FAILED      29.3s  a
      PseudoCoupHQ/Research/oracle/riscv/leanpath/walk_corpus_1/Walk_sd_gpr_gpr_imm_64__mem_MEM_a1__c__native_first.lean:232:65: error: unexpected token ','; expected ']'
      PseudoCoupHQ/Research/oracle/riscv/leanpath/walk_corpus_1/Walk_sd_gpr_gpr_imm_64__mem_MEM_a1__c__native_first.lean:231:13: error: unsolved goals
        | EStateM.Result.error a a_1 => False
  sd_gpr_gpr_imm_64__mem_MEM_a1__go__native_first FAILED      30.6s  a
      PseudoCoupHQ/Research/oracle/riscv/leanpath/walk_corpus_1/Walk_sd_gpr_gpr_imm_64__mem_MEM_a1__go__native_first.lean:232:65: error: unexpected token ','; expected ']'
      PseudoCoupHQ/Research/oracle/riscv/leanpath/walk_corpus_1/Walk_sd_gpr_gpr_imm_64__mem_MEM_a1__go__native_first.lean:231:13: error: unsolved goals
        | EStateM.Result.error a a_1 => False
  sd_gpr_gpr_same_64__mem_MEM_a1__c__native_first FAILED      35.2s  a
      PseudoCoupHQ/Research/oracle/riscv/leanpath/walk_corpus_1/Walk_sd_gpr_gpr_same_64__mem_MEM_a1__c__native_first.lean:232:65: error: unexpected token ','; expected ']'
      PseudoCoupHQ/Research/oracle/riscv/leanpath/walk_corpus_1/Walk_sd_gpr_gpr_same_64__mem_MEM_a1__c__native_first.lean:231:13: error: unsolved goals
        | EStateM.Result.error a a_1 => False
  sd_gpr_gpr_same_64__mem_MEM_a1__go__native_first FAILED      29.6s  a
      PseudoCoupHQ/Research/oracle/riscv/leanpath/walk_corpus_1/Walk_sd_gpr_gpr_same_64__mem_MEM_a1__go__native_first.lean:232:65: error: unexpected token ','; expected ']'
      PseudoCoupHQ/Research/oracle/riscv/leanpath/walk_corpus_1/Walk_sd_gpr_gpr_same_64__mem_MEM_a1__go__native_first.lean:231:13: error: unsolved goals
        | EStateM.Result.error a a_1 => False
  sd_gpr_imm_64__mem_MEM_0x3__c__native_first FAILED      29.0s  a
      PseudoCoupHQ/Research/oracle/riscv/leanpath/walk_corpus_1/Walk_sd_gpr_imm_64__mem_MEM_0x3__c__native_first.lean:232:65: error: unexpected token ','; expected ']'
      PseudoCoupHQ/Research/oracle/riscv/leanpath/walk_corpus_1/Walk_sd_gpr_imm_64__mem_MEM_0x3__c__native_first.lean:231:13: error: unsolved goals
        | EStateM.Result.error a a_1 => False
  sd_gpr_imm_64__mem_MEM_0x3__go__native_first FAILED      24.8s  a
      PseudoCoupHQ/Research/oracle/riscv/leanpath/walk_corpus_1/Walk_sd_gpr_imm_64__mem_MEM_0x3__go__native_first.lean:232:65: error: unexpected token ','; expected ']'
      PseudoCoupHQ/Research/oracle/riscv/leanpath/walk_corpus_1/Walk_sd_gpr_imm_64__mem_MEM_0x3__go__native_first.lean:231:13: error: unsolved goals
        | EStateM.Result.error a a_1 => False
  sd_gpr_mem_64__mem_MEM_0x0_a1___c__native_first FAILED      31.9s  a
      PseudoCoupHQ/Research/oracle/riscv/leanpath/walk_corpus_1/Walk_sd_gpr_mem_64__mem_MEM_0x0_a1___c__native_first.lean:232:65: error: unexpected token ','; expected ']'
      PseudoCoupHQ/Research/oracle/riscv/leanpath/walk_corpus_1/Walk_sd_gpr_mem_64__mem_MEM_0x0_a1___c__native_first.lean:231:13: error: unsolved goals
        | EStateM.Result.error a a_1 => False
  sd_gpr_mem_64__mem_MEM_0x0_a1___go__native_first FAILED      29.1s  a
      PseudoCoupHQ/Research/oracle/riscv/leanpath/walk_corpus_1/Walk_sd_gpr_mem_64__mem_MEM_0x0_a1___go__native_first.lean:232:65: error: unexpected token ','; expected ']'
      PseudoCoupHQ/Research/oracle/riscv/leanpath/walk_corpus_1/Walk_sd_gpr_mem_64__mem_MEM_0x0_a1___go__native_first.lean:231:13: error: unsolved goals
        | EStateM.Result.error a a_1 => False
  sll_gpr_gpr_gpr_64__reg_a0__c__native_first CERTIFIED   33.8s  (pure_RTYPE (a) (b) (LeanIM.rop.SLL))
  sll_gpr_gpr_gpr_64__reg_a0__go__native_first CERTIFIED   31.6s  (pure_RTYPE (a) ((pure_ITYPE ((pure_ITYPE (b) (0x0ff#12) (LeanIM.iop.ANDI))) (0x03f#12) (L
  sll_gpr_gpr_same_64__reg_a0__c__native_first CERTIFIED   33.6s  (pure_RTYPE (a) (a) (LeanIM.rop.SLL))
  slli_gpr_gpr_imm_64__reg_a0__c__native_first CERTIFIED   30.1s  (pure_SHIFTIOP (a) ((0x03#6)) (SLLI))
  slt_gpr_gpr_gpr_64__reg_a0__c__native_first CERTIFIED   29.0s  (pure_RTYPE (a) (b) (LeanIM.rop.SLT))
  slt_gpr_gpr_gpr_64__reg_a0__go__native_first CERTIFIED   31.4s  (pure_RTYPE (a) (b) (LeanIM.rop.SLT))
  slt_gpr_gpr_same_64__reg_a0__c__native_first CERTIFIED   34.3s  (pure_ITYPE (zero_reg) (((sign_extend (m := 12) (0x00#6)))) (ADDI))
  slti_gpr_gpr_imm_64__reg_a0__c__native_first CERTIFIED   32.3s  (pure_ITYPE (a) (0x003#12) (LeanIM.iop.SLTI))
  sltiu_gpr_gpr_imm_64__reg_a0__c__native_first CERTIFIED   31.3s  (pure_ITYPE (a) (0x003#12) (LeanIM.iop.SLTIU))
  sltiu_gpr_gpr_imm_64__reg_a0__go__native_first CERTIFIED   35.5s  (pure_ITYPE ((pure_RTYPE ((pure_ITYPE ((pure_ITYPE ((pure_ITYPE (a) (0x003#12) (LeanIM.iop
  sltu_gpr_gpr_gpr_64__reg_a0__c__native_first CERTIFIED   32.1s  (pure_RTYPE (a) (b) (LeanIM.rop.SLTU))
  sltu_gpr_gpr_gpr_64__reg_a0__go__native_first CERTIFIED   31.2s  (pure_RTYPE (a) (b) (LeanIM.rop.SLTU))
  sltu_gpr_gpr_same_64__reg_a0__c__native_first CERTIFIED   31.3s  (pure_ITYPE (zero_reg) (((sign_extend (m := 12) (0x00#6)))) (ADDI))
  sra_gpr_gpr_gpr_64__reg_a0__c__native_first CERTIFIED   33.3s  (pure_RTYPE (a) (b) (LeanIM.rop.SRA))
  sra_gpr_gpr_gpr_64__reg_a0__go__native_first CERTIFIED   26.7s  (pure_RTYPE (a) ((pure_ITYPE ((pure_ITYPE (b) (0x0ff#12) (LeanIM.iop.ANDI))) (0x03f#12) (L
  sra_gpr_gpr_same_64__reg_a0__c__native_first CERTIFIED   28.8s  (pure_RTYPE (a) (a) (LeanIM.rop.SRA))
  srai_gpr_gpr_imm_64__reg_a0__c__native_first CERTIFIED   29.5s  (pure_SHIFTIOP (a) ((0x03#6)) (SRAI))
  srl_gpr_gpr_gpr_64__reg_a0__c__native_first CERTIFIED   35.5s  (pure_RTYPE (a) (b) (LeanIM.rop.SRL))
  srl_gpr_gpr_gpr_64__reg_a0__go__native_first CERTIFIED   32.2s  (pure_RTYPE (a) ((pure_ITYPE ((pure_ITYPE (b) (0x0ff#12) (LeanIM.iop.ANDI))) (0x03f#12) (L
  srl_gpr_gpr_same_64__reg_a0__c__native_first CERTIFIED   28.2s  (pure_RTYPE (a) (a) (LeanIM.rop.SRL))
  srli_gpr_gpr_imm_64__reg_a0__c__native_first CERTIFIED   30.9s  (pure_SHIFTIOP (a) ((0x03#6)) (SRLI))
  srliw_gpr_gpr_imm_32__reg_a0__c__native_first CERTIFIED   29.1s  (pure_SHIFTIWOP (a) (0x03#5) (LeanIM.sopw.SRLIW))
  sub_gpr_gpr_gpr_64__reg_a0__c__native_first CERTIFIED   28.6s  (pure_RTYPE (a) (b) (SUB))
  sub_gpr_gpr_same_64__reg_a0__c__native_first CERTIFIED   33.4s  (pure_ITYPE (zero_reg) (((sign_extend (m := 12) (0x00#6)))) (ADDI))
  subw_gpr_gpr_same_32__reg_a0__c__native_first CERTIFIED   28.4s  (pure_ITYPE (zero_reg) (((sign_extend (m := 12) (0x00#6)))) (ADDI))
  sw_gpr_fpr_32__mem_MEM_fa1__c__native_first CERTIFIED   28.9s  (pure_ZBA_RTYPEUW (b) ((pure_SHIFTIOP ((pure_SHIFTIOP (a) ((0x20#6)) (SRLI))) ((0x20#6)) (
  sw_gpr_fpr_32__mem_MEM_fa1__go__native_first CERTIFIED   36.9s  (pure_RTYPE ((pure_RTYPE (a) ((pure_SHIFTIOP ((pure_ITYPE (zero_reg) (((sign_extend (m := 
  sw_gpr_fpr_fpr_32__mem_MEM_fa1__c__native_first CERTIFIED   34.3s  (pure_ZBA_RTYPEUW (b) ((pure_SHIFTIOP ((pure_SHIFTIOP (a) ((0x20#6)) (SRLI))) ((0x20#6)) (
  sw_gpr_fpr_fpr_32__mem_MEM_fa1__go__native_first CERTIFIED   31.1s  (pure_RTYPE ((pure_RTYPE (a) ((pure_SHIFTIOP ((pure_ITYPE (zero_reg) (((sign_extend (m := 
  sw_gpr_gpr_32__mem_MEM_a1__c__native_first CERTIFIED   32.9s  (pure_ZBA_RTYPEUW (b) ((pure_SHIFTIOP ((pure_SHIFTIOP (a) ((0x20#6)) (SRLI))) ((0x20#6)) (
  sw_gpr_gpr_32__mem_MEM_a1__go__native_first CERTIFIED   34.1s  (pure_RTYPE ((pure_RTYPE (a) ((pure_SHIFTIOP ((pure_ITYPE (zero_reg) (((sign_extend (m := 
  sw_gpr_gpr_gpr_32__mem_MEM_a1__c__native_first CERTIFIED   36.8s  (pure_ZBA_RTYPEUW (b) ((pure_SHIFTIOP ((pure_SHIFTIOP (a) ((0x20#6)) (SRLI))) ((0x20#6)) (
  sw_gpr_gpr_gpr_32__mem_MEM_a1__go__native_first CERTIFIED   35.4s  (pure_RTYPE ((pure_RTYPE (a) ((pure_SHIFTIOP ((pure_ITYPE (zero_reg) (((sign_extend (m := 
  sw_gpr_gpr_imm_32__mem_MEM_a1__c__native_first CERTIFIED   31.7s  (pure_ZBA_RTYPEUW (b) ((pure_SHIFTIOP ((pure_SHIFTIOP (a) ((0x20#6)) (SRLI))) ((0x20#6)) (
  sw_gpr_gpr_imm_32__mem_MEM_a1__go__native_first CERTIFIED   36.7s  (pure_RTYPE ((pure_RTYPE (a) ((pure_SHIFTIOP ((pure_ITYPE (zero_reg) (((sign_extend (m := 
  sw_gpr_gpr_same_32__mem_MEM_a1__c__native_first CERTIFIED   31.8s  (pure_ZBA_RTYPEUW (b) ((pure_SHIFTIOP ((pure_SHIFTIOP (a) ((0x20#6)) (SRLI))) ((0x20#6)) (
  sw_gpr_gpr_same_32__mem_MEM_a1__go__native_first CERTIFIED   30.6s  (pure_RTYPE ((pure_RTYPE (a) ((pure_SHIFTIOP ((pure_ITYPE (zero_reg) (((sign_extend (m := 
  sw_gpr_imm_32__mem_MEM_0x3__c__native_first CERTIFIED   28.6s  (pure_ZBA_RTYPEUW (b) ((pure_SHIFTIOP ((pure_SHIFTIOP (a) ((0x20#6)) (SRLI))) ((0x20#6)) (
  sw_gpr_imm_32__mem_MEM_0x3__go__native_first CERTIFIED   36.2s  (pure_RTYPE ((pure_RTYPE (a) ((pure_SHIFTIOP ((pure_ITYPE (zero_reg) (((sign_extend (m := 
  sw_gpr_mem_32__mem_MEM_0x0_a1___c__native_first CERTIFIED   30.2s  (pure_ZBA_RTYPEUW (b) ((pure_SHIFTIOP ((pure_SHIFTIOP (a) ((0x20#6)) (SRLI))) ((0x20#6)) (
  sw_gpr_mem_32__mem_MEM_0x0_a1___go__native_first CERTIFIED   31.2s  (pure_RTYPE ((pure_RTYPE (a) ((pure_SHIFTIOP ((pure_ITYPE (zero_reg) (((sign_extend (m := 
  xor_gpr_gpr_gpr_64__reg_a0__c__native_first CERTIFIED   32.2s  (pure_RTYPE (a) (b) (XOR))
  xor_gpr_gpr_same_64__reg_a0__c__native_first CERTIFIED   36.4s  (pure_ITYPE (zero_reg) (((sign_extend (m := 12) (0x00#6)))) (ADDI))
  xori_gpr_gpr_imm_64__reg_a0__c__native_first CERTIFIED   30.7s  (pure_ITYPE (a) (0x003#12) (LeanIM.iop.XORI))
  xori_gpr_gpr_imm_64__reg_a0__go__native_first CERTIFIED   27.5s  (pure_RTYPE ((pure_ITYPE (a) (0xffc#12) (LeanIM.iop.ANDI))) ((pure_ITYPE ((pure_ITYPE ((pu
  walk: certified 179, failed 83, refused 228, of 490
