  proof lib LeanIM; executable lib LeanIMPrExecutable; decoder state: s0
  emitted definitions scanned: 4750
  decode: 109 words, lean rc=0, 43.1s
  register expressions evaluated: 6 of 6 (4.5s)
  certifying with 2 Lean job(s) at a time
  addiw_gpr_gpr_imm_32__reg_a0__cpp__native_first REFUSED  67 instructions, above the walk's bound of 64
  addiw_gpr_gpr_imm_32__reg_a0__rust__native_first REFUSED  71 instructions, above the walk's bound of 64
  addw_gpr_gpr_gpr_32__reg_a0__cpp__native_first REFUSED  67 instructions, above the walk's bound of 64
  addw_gpr_gpr_gpr_32__reg_a0__rust__native_first REFUSED  71 instructions, above the walk's bound of 64
  addw_gpr_gpr_same_32__reg_a0__cpp__native_first REFUSED  67 instructions, above the walk's bound of 64
  addw_gpr_gpr_same_32__reg_a0__rust__native_first REFUSED  71 instructions, above the walk's bound of 64
  auipc_gpr_imm_32__reg_a0__cpp__native_first REFUSED  no certified pure form for UTYPE (an effect in an arm beyond register reads: ((← (get_arch_pc ())) + off))
  auipc_gpr_imm_32__reg_a0__rust__native_first REFUSED  no certified pure form for UTYPE (an effect in an arm beyond register reads: ((← (get_arch_pc ())) + off))
  czero_eqz_gpr_gpr_gpr_64__reg_a0__cpp__native_first REFUSED  no certified pure form for ZICOND_RTYPE (an element the rule does not know: let condition ← (( do)
  czero_nez_gpr_gpr_gpr_64__reg_a0__cpp__native_first REFUSED  no certified pure form for ZICOND_RTYPE (an element the rule does not know: let condition ← (( do)
  div_gpr_gpr_gpr_64__reg_a0__cpp__native_first REFUSED  no certified pure form for ZICOND_RTYPE (an element the rule does not know: let condition ← (( do)
  div_gpr_gpr_gpr_64__reg_a0__rust__native_first REFUSED  no certified pure form for BTYPE (an element the rule does not know: let taken ← (( do)
  divuw_gpr_gpr_gpr_32__reg_a0__cpp__native_first REFUSED  67 instructions, above the walk's bound of 64
  divuw_gpr_gpr_gpr_32__reg_a0__rust__native_first REFUSED  71 instructions, above the walk's bound of 64
  divw_gpr_gpr_gpr_32__reg_a0__cpp__native_first REFUSED  87 instructions, above the walk's bound of 64
  divw_gpr_gpr_gpr_32__reg_a0__rust__native_first REFUSED  71 instructions, above the walk's bound of 64
  fadd_d_fpr_fpr_fpr_64__freg_fa0__rust__native_first REFUSED  no certified pure form for ILLEGAL (a pure clause that is not an ExecuteAs alias: (Illegal_Instruction ()))
  fadd_s_fpr_fpr_fpr_32__freg_fa0__rust__native_first REFUSED  no certified pure form for ILLEGAL (a pure clause that is not an ExecuteAs alias: (Illegal_Instruction ()))
  fcvt_d_l_fpr_gpr_64__freg_fa0__rust__native_first REFUSED  no certified pure form for ILLEGAL (a pure clause that is not an ExecuteAs alias: (Illegal_Instruction ()))
  fcvt_d_lu_fpr_gpr_64__freg_fa0__rust__native_first REFUSED  no certified pure form for ILLEGAL (a pure clause that is not an ExecuteAs alias: (Illegal_Instruction ()))
  fcvt_d_s_fpr_fpr_64__freg_fa0__rust__native_first REFUSED  no certified pure form for ILLEGAL (a pure clause that is not an ExecuteAs alias: (Illegal_Instruction ()))
  fcvt_d_s_fpr_fpr_fpr_64__freg_fa0__rust__native_first REFUSED  no certified pure form for ILLEGAL (a pure clause that is not an ExecuteAs alias: (Illegal_Instruction ()))
  fcvt_d_w_fpr_gpr_64__freg_fa0__rust__native_first REFUSED  no certified pure form for ILLEGAL (a pure clause that is not an ExecuteAs alias: (Illegal_Instruction ()))
  fcvt_d_wu_fpr_gpr_64__freg_fa0__rust__native_first REFUSED  no certified pure form for ILLEGAL (a pure clause that is not an ExecuteAs alias: (Illegal_Instruction ()))
  fcvt_s_d_fpr_fpr_32__freg_fa0__rust__native_first REFUSED  no certified pure form for ILLEGAL (a pure clause that is not an ExecuteAs alias: (Illegal_Instruction ()))
  fcvt_s_d_fpr_fpr_fpr_32__freg_fa0__rust__native_first REFUSED  no certified pure form for ILLEGAL (a pure clause that is not an ExecuteAs alias: (Illegal_Instruction ()))
  fcvt_s_l_fpr_gpr_32__freg_fa0__rust__native_first REFUSED  no certified pure form for ILLEGAL (a pure clause that is not an ExecuteAs alias: (Illegal_Instruction ()))
  fcvt_s_lu_fpr_gpr_32__freg_fa0__rust__native_first REFUSED  no certified pure form for ILLEGAL (a pure clause that is not an ExecuteAs alias: (Illegal_Instruction ()))
  fcvt_s_w_fpr_gpr_32__freg_fa0__rust__native_first REFUSED  no certified pure form for ILLEGAL (a pure clause that is not an ExecuteAs alias: (Illegal_Instruction ()))
  fcvt_s_wu_fpr_gpr_32__freg_fa0__rust__native_first REFUSED  no certified pure form for ILLEGAL (a pure clause that is not an ExecuteAs alias: (Illegal_Instruction ()))
  fdiv_d_fpr_fpr_fpr_64__freg_fa0__rust__native_first REFUSED  no certified pure form for ILLEGAL (a pure clause that is not an ExecuteAs alias: (Illegal_Instruction ()))
  fdiv_s_fpr_fpr_fpr_32__freg_fa0__rust__native_first REFUSED  no certified pure form for ILLEGAL (a pure clause that is not an ExecuteAs alias: (Illegal_Instruction ()))
  feq_d_gpr_fpr_fpr_64__reg_a0__cpp__native_first REFUSED  no certified pure form for ILLEGAL (a pure clause that is not an ExecuteAs alias: (Illegal_Instruction ()))
  feq_d_gpr_fpr_fpr_64__reg_a0__rust__native_first REFUSED  no certified pure form for ILLEGAL (a pure clause that is not an ExecuteAs alias: (Illegal_Instruction ()))
  feq_s_gpr_fpr_fpr_32__reg_a0__cpp__native_first REFUSED  no certified pure form for ILLEGAL (a pure clause that is not an ExecuteAs alias: (Illegal_Instruction ()))
  feq_s_gpr_fpr_fpr_32__reg_a0__rust__native_first REFUSED  no certified pure form for ILLEGAL (a pure clause that is not an ExecuteAs alias: (Illegal_Instruction ()))
  fle_d_gpr_fpr_fpr_64__reg_a0__cpp__native_first REFUSED  no certified pure form for ILLEGAL (a pure clause that is not an ExecuteAs alias: (Illegal_Instruction ()))
  fle_d_gpr_fpr_fpr_64__reg_a0__rust__native_first REFUSED  no certified pure form for ILLEGAL (a pure clause that is not an ExecuteAs alias: (Illegal_Instruction ()))
  fle_s_gpr_fpr_fpr_32__reg_a0__cpp__native_first REFUSED  no certified pure form for ILLEGAL (a pure clause that is not an ExecuteAs alias: (Illegal_Instruction ()))
  fle_s_gpr_fpr_fpr_32__reg_a0__rust__native_first REFUSED  no certified pure form for ILLEGAL (a pure clause that is not an ExecuteAs alias: (Illegal_Instruction ()))
  flt_d_gpr_fpr_fpr_64__reg_a0__cpp__native_first REFUSED  no certified pure form for ILLEGAL (a pure clause that is not an ExecuteAs alias: (Illegal_Instruction ()))
  flt_d_gpr_fpr_fpr_64__reg_a0__rust__native_first REFUSED  no certified pure form for ILLEGAL (a pure clause that is not an ExecuteAs alias: (Illegal_Instruction ()))
  flt_s_gpr_fpr_fpr_32__reg_a0__cpp__native_first REFUSED  no certified pure form for ILLEGAL (a pure clause that is not an ExecuteAs alias: (Illegal_Instruction ()))
  flt_s_gpr_fpr_fpr_32__reg_a0__rust__native_first REFUSED  no certified pure form for ILLEGAL (a pure clause that is not an ExecuteAs alias: (Illegal_Instruction ()))
  fmul_d_fpr_fpr_fpr_64__freg_fa0__rust__native_first REFUSED  no certified pure form for ILLEGAL (a pure clause that is not an ExecuteAs alias: (Illegal_Instruction ()))
  fmul_s_fpr_fpr_fpr_32__freg_fa0__rust__native_first REFUSED  no certified pure form for ILLEGAL (a pure clause that is not an ExecuteAs alias: (Illegal_Instruction ()))
  fmv_x_w_gpr_fpr_32__reg_a0__cpp__native_first REFUSED  66 instructions, above the walk's bound of 64
  fmv_x_w_gpr_fpr_32__reg_a0__rust__native_first REFUSED  70 instructions, above the walk's bound of 64
  fmv_x_w_gpr_fpr_fpr_32__reg_a0__cpp__native_first REFUSED  66 instructions, above the walk's bound of 64
  fmv_x_w_gpr_fpr_fpr_32__reg_a0__rust__native_first REFUSED  70 instructions, above the walk's bound of 64
  fsub_d_fpr_fpr_fpr_64__freg_fa0__rust__native_first REFUSED  no certified pure form for ILLEGAL (a pure clause that is not an ExecuteAs alias: (Illegal_Instruction ()))
  fsub_s_fpr_fpr_fpr_32__freg_fa0__rust__native_first REFUSED  no certified pure form for ILLEGAL (a pure clause that is not an ExecuteAs alias: (Illegal_Instruction ()))
  lb_gpr_fpr_8__reg_a0__cpp__native_first  REFUSED  110 instructions, above the walk's bound of 64
  lb_gpr_fpr_8__reg_a0__rust__native_first REFUSED  110 instructions, above the walk's bound of 64
  lb_gpr_fpr_fpr_8__reg_a0__cpp__native_first REFUSED  110 instructions, above the walk's bound of 64
  lb_gpr_fpr_fpr_8__reg_a0__rust__native_first REFUSED  110 instructions, above the walk's bound of 64
  lb_gpr_gpr_8__reg_a0__cpp__native_first  REFUSED  110 instructions, above the walk's bound of 64
  lb_gpr_gpr_8__reg_a0__rust__native_first REFUSED  110 instructions, above the walk's bound of 64
  lb_gpr_gpr_gpr_8__reg_a0__cpp__native_first REFUSED  110 instructions, above the walk's bound of 64
  lb_gpr_gpr_gpr_8__reg_a0__rust__native_first REFUSED  110 instructions, above the walk's bound of 64
  lb_gpr_gpr_imm_8__reg_a0__cpp__native_first REFUSED  110 instructions, above the walk's bound of 64
  lb_gpr_gpr_imm_8__reg_a0__rust__native_first REFUSED  110 instructions, above the walk's bound of 64
  lb_gpr_gpr_same_8__reg_a0__cpp__native_first REFUSED  110 instructions, above the walk's bound of 64
  lb_gpr_gpr_same_8__reg_a0__rust__native_first REFUSED  110 instructions, above the walk's bound of 64
  lb_gpr_imm_8__reg_a0__cpp__native_first  REFUSED  110 instructions, above the walk's bound of 64
  lb_gpr_imm_8__reg_a0__rust__native_first REFUSED  110 instructions, above the walk's bound of 64
  lb_gpr_mem_8__reg_a0__cpp__native_first  REFUSED  110 instructions, above the walk's bound of 64
  lb_gpr_mem_8__reg_a0__rust__native_first REFUSED  110 instructions, above the walk's bound of 64
  lh_gpr_fpr_16__reg_a0__cpp__native_first REFUSED  88 instructions, above the walk's bound of 64
  lh_gpr_fpr_16__reg_a0__rust__native_first REFUSED  88 instructions, above the walk's bound of 64
  lh_gpr_fpr_fpr_16__reg_a0__cpp__native_first REFUSED  88 instructions, above the walk's bound of 64
  lh_gpr_fpr_fpr_16__reg_a0__rust__native_first REFUSED  88 instructions, above the walk's bound of 64
  lh_gpr_gpr_16__reg_a0__cpp__native_first REFUSED  88 instructions, above the walk's bound of 64
  lh_gpr_gpr_16__reg_a0__rust__native_first REFUSED  88 instructions, above the walk's bound of 64
  lh_gpr_gpr_gpr_16__reg_a0__cpp__native_first REFUSED  88 instructions, above the walk's bound of 64
  lh_gpr_gpr_gpr_16__reg_a0__rust__native_first REFUSED  88 instructions, above the walk's bound of 64
  lh_gpr_gpr_imm_16__reg_a0__cpp__native_first REFUSED  88 instructions, above the walk's bound of 64
  lh_gpr_gpr_imm_16__reg_a0__rust__native_first REFUSED  88 instructions, above the walk's bound of 64
  lh_gpr_gpr_same_16__reg_a0__cpp__native_first REFUSED  88 instructions, above the walk's bound of 64
  lh_gpr_gpr_same_16__reg_a0__rust__native_first REFUSED  88 instructions, above the walk's bound of 64
  lh_gpr_imm_16__reg_a0__cpp__native_first REFUSED  88 instructions, above the walk's bound of 64
  lh_gpr_imm_16__reg_a0__rust__native_first REFUSED  88 instructions, above the walk's bound of 64
  lh_gpr_mem_16__reg_a0__cpp__native_first REFUSED  88 instructions, above the walk's bound of 64
  lh_gpr_mem_16__reg_a0__rust__native_first REFUSED  88 instructions, above the walk's bound of 64
  lui_gpr_imm_32__reg_a0__cpp__native_first REFUSED  no certified pure form for UTYPE (an effect in an arm beyond register reads: ((← (get_arch_pc ())) + off))
  lui_gpr_imm_32__reg_a0__rust__native_first REFUSED  no certified pure form for UTYPE (an effect in an arm beyond register reads: ((← (get_arch_pc ())) + off))
  lw_gpr_fpr_32__reg_a0__cpp__native_first REFUSED  66 instructions, above the walk's bound of 64
  lw_gpr_fpr_32__reg_a0__rust__native_first REFUSED  70 instructions, above the walk's bound of 64
  lw_gpr_fpr_fpr_32__reg_a0__cpp__native_first REFUSED  66 instructions, above the walk's bound of 64
  lw_gpr_fpr_fpr_32__reg_a0__rust__native_first REFUSED  70 instructions, above the walk's bound of 64
  lw_gpr_gpr_32__reg_a0__cpp__native_first REFUSED  66 instructions, above the walk's bound of 64
  lw_gpr_gpr_32__reg_a0__rust__native_first REFUSED  70 instructions, above the walk's bound of 64
  lw_gpr_gpr_gpr_32__reg_a0__cpp__native_first REFUSED  66 instructions, above the walk's bound of 64
  lw_gpr_gpr_gpr_32__reg_a0__rust__native_first REFUSED  70 instructions, above the walk's bound of 64
  lw_gpr_gpr_imm_32__reg_a0__cpp__native_first REFUSED  66 instructions, above the walk's bound of 64
  lw_gpr_gpr_imm_32__reg_a0__rust__native_first REFUSED  70 instructions, above the walk's bound of 64
  lw_gpr_gpr_same_32__reg_a0__cpp__native_first REFUSED  66 instructions, above the walk's bound of 64
  lw_gpr_gpr_same_32__reg_a0__rust__native_first REFUSED  70 instructions, above the walk's bound of 64
  lw_gpr_imm_32__reg_a0__cpp__native_first REFUSED  66 instructions, above the walk's bound of 64
  lw_gpr_imm_32__reg_a0__rust__native_first REFUSED  70 instructions, above the walk's bound of 64
  lw_gpr_mem_32__reg_a0__cpp__native_first REFUSED  66 instructions, above the walk's bound of 64
  lw_gpr_mem_32__reg_a0__rust__native_first REFUSED  70 instructions, above the walk's bound of 64
  mulh_gpr_gpr_gpr_64__reg_a0__cpp__native_first REFUSED  274 instructions, above the walk's bound of 64
  mulh_gpr_gpr_gpr_64__reg_a0__rust__native_first REFUSED  274 instructions, above the walk's bound of 64
  mulh_gpr_gpr_same_64__reg_a0__cpp__native_first REFUSED  126 instructions, above the walk's bound of 64
  mulh_gpr_gpr_same_64__reg_a0__rust__native_first REFUSED  126 instructions, above the walk's bound of 64
  mulhsu_gpr_gpr_gpr_64__reg_a0__cpp__native_first REFUSED  125 instructions, above the walk's bound of 64
  mulhsu_gpr_gpr_gpr_64__reg_a0__rust__native_first REFUSED  125 instructions, above the walk's bound of 64
  mulhsu_gpr_gpr_same_64__reg_a0__cpp__native_first REFUSED  125 instructions, above the walk's bound of 64
  mulhsu_gpr_gpr_same_64__reg_a0__rust__native_first REFUSED  125 instructions, above the walk's bound of 64
  mulw_gpr_gpr_gpr_32__reg_a0__cpp__native_first REFUSED  67 instructions, above the walk's bound of 64
  mulw_gpr_gpr_gpr_32__reg_a0__rust__native_first REFUSED  71 instructions, above the walk's bound of 64
  mulw_gpr_gpr_same_32__reg_a0__cpp__native_first REFUSED  67 instructions, above the walk's bound of 64
  mulw_gpr_gpr_same_32__reg_a0__rust__native_first REFUSED  71 instructions, above the walk's bound of 64
  rem_gpr_gpr_gpr_64__reg_a0__cpp__native_first REFUSED  no certified pure form for ZICOND_RTYPE (an element the rule does not know: let condition ← (( do)
  remuw_gpr_gpr_gpr_32__reg_a0__cpp__native_first REFUSED  67 instructions, above the walk's bound of 64
  remuw_gpr_gpr_gpr_32__reg_a0__rust__native_first REFUSED  71 instructions, above the walk's bound of 64
  remw_gpr_gpr_gpr_32__reg_a0__cpp__native_first REFUSED  82 instructions, above the walk's bound of 64
  remw_gpr_gpr_gpr_32__reg_a0__rust__native_first REFUSED  71 instructions, above the walk's bound of 64
  sh_gpr_fpr_16__mem_MEM_fa1__cpp__native_first REFUSED  no certified pure form for UTYPE (an effect in an arm beyond register reads: ((← (get_arch_pc ())) + off))
  sh_gpr_fpr_16__mem_MEM_fa1__rust__native_first REFUSED  no certified pure form for UTYPE (an effect in an arm beyond register reads: ((← (get_arch_pc ())) + off))
  sh_gpr_fpr_fpr_16__mem_MEM_fa1__cpp__native_first REFUSED  no certified pure form for UTYPE (an effect in an arm beyond register reads: ((← (get_arch_pc ())) + off))
  sh_gpr_fpr_fpr_16__mem_MEM_fa1__rust__native_first REFUSED  no certified pure form for UTYPE (an effect in an arm beyond register reads: ((← (get_arch_pc ())) + off))
  sh_gpr_gpr_16__mem_MEM_a1__cpp__native_first REFUSED  no certified pure form for UTYPE (an effect in an arm beyond register reads: ((← (get_arch_pc ())) + off))
  sh_gpr_gpr_16__mem_MEM_a1__rust__native_first REFUSED  no certified pure form for UTYPE (an effect in an arm beyond register reads: ((← (get_arch_pc ())) + off))
  sh_gpr_gpr_gpr_16__mem_MEM_a1__cpp__native_first REFUSED  no certified pure form for UTYPE (an effect in an arm beyond register reads: ((← (get_arch_pc ())) + off))
  sh_gpr_gpr_gpr_16__mem_MEM_a1__rust__native_first REFUSED  no certified pure form for UTYPE (an effect in an arm beyond register reads: ((← (get_arch_pc ())) + off))
  sh_gpr_gpr_imm_16__mem_MEM_a1__cpp__native_first REFUSED  no certified pure form for UTYPE (an effect in an arm beyond register reads: ((← (get_arch_pc ())) + off))
  sh_gpr_gpr_imm_16__mem_MEM_a1__rust__native_first REFUSED  no certified pure form for UTYPE (an effect in an arm beyond register reads: ((← (get_arch_pc ())) + off))
  sh_gpr_gpr_same_16__mem_MEM_a1__cpp__native_first REFUSED  no certified pure form for UTYPE (an effect in an arm beyond register reads: ((← (get_arch_pc ())) + off))
  sh_gpr_gpr_same_16__mem_MEM_a1__rust__native_first REFUSED  no certified pure form for UTYPE (an effect in an arm beyond register reads: ((← (get_arch_pc ())) + off))
  sh_gpr_imm_16__mem_MEM_0x3__cpp__native_first REFUSED  no certified pure form for UTYPE (an effect in an arm beyond register reads: ((← (get_arch_pc ())) + off))
  sh_gpr_imm_16__mem_MEM_0x3__rust__native_first REFUSED  no certified pure form for UTYPE (an effect in an arm beyond register reads: ((← (get_arch_pc ())) + off))
  sh_gpr_mem_16__mem_MEM_0x0_a1___cpp__native_first REFUSED  no certified pure form for UTYPE (an effect in an arm beyond register reads: ((← (get_arch_pc ())) + off))
  sh_gpr_mem_16__mem_MEM_0x0_a1___rust__native_first REFUSED  no certified pure form for UTYPE (an effect in an arm beyond register reads: ((← (get_arch_pc ())) + off))
  slliw_gpr_gpr_imm_32__reg_a0__cpp__native_first REFUSED  69 instructions, above the walk's bound of 64
  slliw_gpr_gpr_imm_32__reg_a0__rust__native_first REFUSED  70 instructions, above the walk's bound of 64
  sllw_gpr_gpr_gpr_32__reg_a0__cpp__native_first REFUSED  67 instructions, above the walk's bound of 64
  sllw_gpr_gpr_gpr_32__reg_a0__rust__native_first REFUSED  71 instructions, above the walk's bound of 64
  sllw_gpr_gpr_same_32__reg_a0__cpp__native_first REFUSED  67 instructions, above the walk's bound of 64
  sllw_gpr_gpr_same_32__reg_a0__rust__native_first REFUSED  71 instructions, above the walk's bound of 64
  sraiw_gpr_gpr_imm_32__reg_a0__cpp__native_first REFUSED  69 instructions, above the walk's bound of 64
  sraiw_gpr_gpr_imm_32__reg_a0__rust__native_first REFUSED  70 instructions, above the walk's bound of 64
  sraw_gpr_gpr_gpr_32__reg_a0__cpp__native_first REFUSED  69 instructions, above the walk's bound of 64
  sraw_gpr_gpr_gpr_32__reg_a0__rust__native_first REFUSED  71 instructions, above the walk's bound of 64
  sraw_gpr_gpr_same_32__reg_a0__cpp__native_first REFUSED  69 instructions, above the walk's bound of 64
  sraw_gpr_gpr_same_32__reg_a0__rust__native_first REFUSED  71 instructions, above the walk's bound of 64
  srlw_gpr_gpr_gpr_32__reg_a0__cpp__native_first REFUSED  67 instructions, above the walk's bound of 64
  srlw_gpr_gpr_gpr_32__reg_a0__rust__native_first REFUSED  71 instructions, above the walk's bound of 64
  srlw_gpr_gpr_same_32__reg_a0__cpp__native_first REFUSED  67 instructions, above the walk's bound of 64
  srlw_gpr_gpr_same_32__reg_a0__rust__native_first REFUSED  71 instructions, above the walk's bound of 64
  subw_gpr_gpr_gpr_32__reg_a0__cpp__native_first REFUSED  67 instructions, above the walk's bound of 64
  subw_gpr_gpr_gpr_32__reg_a0__rust__native_first REFUSED  71 instructions, above the walk's bound of 64
  add_gpr_gpr_gpr_64__reg_a0__cpp__native_first CERTIFIED   18.4s  (pure_RTYPE (a) (b) (ADD))
  add_gpr_gpr_gpr_64__reg_a0__rust__native_first CERTIFIED   18.9s  (pure_RTYPE (a) (b) (ADD))
  add_gpr_gpr_same_64__reg_a0__cpp__native_first CERTIFIED   19.1s  (pure_SHIFTIOP (a) ((0x01#6)) (SLLI))
  add_gpr_gpr_same_64__reg_a0__rust__native_first CERTIFIED   18.2s  (pure_SHIFTIOP (a) ((0x01#6)) (SLLI))
  addi_gpr_gpr_imm_64__reg_a0__cpp__native_first CERTIFIED   17.8s  (pure_ITYPE (a) (((sign_extend (m := 12) (0x03#6)))) (ADDI))
  addi_gpr_gpr_imm_64__reg_a0__rust__native_first CERTIFIED   17.4s  (pure_ITYPE (a) (((sign_extend (m := 12) (0x03#6)))) (ADDI))
  and_gpr_gpr_gpr_64__reg_a0__cpp__native_first CERTIFIED   18.9s  (pure_RTYPE (a) (b) (AND))
  and_gpr_gpr_gpr_64__reg_a0__rust__native_first CERTIFIED   18.9s  (pure_RTYPE (a) (b) (AND))
  and_gpr_gpr_same_64__reg_a0__cpp__native_first FAILED      16.0s  a
      PseudoCoupHQ/Research/oracle/riscv/leanpath/walk_corpus_3/Walk_and_gpr_gpr_same_64__reg_a0__cpp__native_first.lean:232:65: error: unexpected token ','; expected ']'
      PseudoCoupHQ/Research/oracle/riscv/leanpath/walk_corpus_3/Walk_and_gpr_gpr_same_64__reg_a0__cpp__native_first.lean:231:13: error: unsolved goals
        | EStateM.Result.error a a_1 => False
  and_gpr_gpr_same_64__reg_a0__rust__native_first FAILED      16.0s  a
      PseudoCoupHQ/Research/oracle/riscv/leanpath/walk_corpus_3/Walk_and_gpr_gpr_same_64__reg_a0__rust__native_first.lean:232:65: error: unexpected token ','; expected ']'
      PseudoCoupHQ/Research/oracle/riscv/leanpath/walk_corpus_3/Walk_and_gpr_gpr_same_64__reg_a0__rust__native_first.lean:231:13: error: unsolved goals
        | EStateM.Result.error a a_1 => False
  andi_gpr_gpr_imm_64__reg_a0__cpp__native_first CERTIFIED   17.9s  (pure_ITYPE (a) ((sign_extend (m := 12) (0x03#6))) (ANDI))
  andi_gpr_gpr_imm_64__reg_a0__rust__native_first CERTIFIED   17.5s  (pure_ITYPE (a) ((sign_extend (m := 12) (0x03#6))) (ANDI))
  beq_gpr_gpr_64__branch_condition__cpp__native_first CERTIFIED   22.2s  (pure_ITYPE ((pure_RTYPE (a) (b) (XOR))) (0x001#12) (LeanIM.iop.SLTIU))
  beq_gpr_gpr_64__branch_condition__rust__native_first CERTIFIED   22.0s  (pure_ITYPE ((pure_RTYPE (a) (b) (XOR))) (0x001#12) (LeanIM.iop.SLTIU))
  beq_gpr_gpr_gpr_64__branch_condition__cpp__native_first CERTIFIED   25.6s  (pure_ITYPE ((pure_RTYPE (a) (b) (XOR))) (0x001#12) (LeanIM.iop.SLTIU))
  beq_gpr_gpr_gpr_64__branch_condition__rust__native_first CERTIFIED   26.4s  (pure_ITYPE ((pure_RTYPE (a) (b) (XOR))) (0x001#12) (LeanIM.iop.SLTIU))
  beq_gpr_gpr_imm_64__branch_condition__cpp__native_first CERTIFIED   26.2s  (pure_ITYPE ((pure_RTYPE (a) (b) (XOR))) (0x001#12) (LeanIM.iop.SLTIU))
  beq_gpr_gpr_imm_64__branch_condition__rust__native_first CERTIFIED   26.9s  (pure_ITYPE ((pure_RTYPE (a) (b) (XOR))) (0x001#12) (LeanIM.iop.SLTIU))
  beq_gpr_gpr_same_64__branch_condition__cpp__native_first CERTIFIED   25.5s  (pure_ITYPE ((pure_RTYPE (a) (b) (XOR))) (0x001#12) (LeanIM.iop.SLTIU))
  beq_gpr_gpr_same_64__branch_condition__rust__native_first CERTIFIED   26.1s  (pure_ITYPE ((pure_RTYPE (a) (b) (XOR))) (0x001#12) (LeanIM.iop.SLTIU))
  bge_gpr_gpr_64__branch_condition__cpp__native_first CERTIFIED   34.7s  (pure_ITYPE ((pure_RTYPE (a) (b) (LeanIM.rop.SLT))) (0x001#12) (LeanIM.iop.XORI))
  bge_gpr_gpr_64__branch_condition__rust__native_first CERTIFIED   38.8s  (pure_ITYPE ((pure_RTYPE (a) (b) (LeanIM.rop.SLT))) (0x001#12) (LeanIM.iop.XORI))
  bge_gpr_gpr_gpr_64__branch_condition__cpp__native_first CERTIFIED   41.3s  (pure_ITYPE ((pure_RTYPE (a) (b) (LeanIM.rop.SLT))) (0x001#12) (LeanIM.iop.XORI))
  bge_gpr_gpr_gpr_64__branch_condition__rust__native_first CERTIFIED   42.6s  (pure_ITYPE ((pure_RTYPE (a) (b) (LeanIM.rop.SLT))) (0x001#12) (LeanIM.iop.XORI))
  bge_gpr_gpr_imm_64__branch_condition__cpp__native_first CERTIFIED   32.8s  (pure_ITYPE ((pure_RTYPE (a) (b) (LeanIM.rop.SLT))) (0x001#12) (LeanIM.iop.XORI))
  bge_gpr_gpr_imm_64__branch_condition__rust__native_first CERTIFIED   29.9s  (pure_ITYPE ((pure_RTYPE (a) (b) (LeanIM.rop.SLT))) (0x001#12) (LeanIM.iop.XORI))
  bge_gpr_gpr_same_64__branch_condition__cpp__native_first CERTIFIED   38.9s  (pure_ITYPE ((pure_RTYPE (a) (b) (LeanIM.rop.SLT))) (0x001#12) (LeanIM.iop.XORI))
  bge_gpr_gpr_same_64__branch_condition__rust__native_first CERTIFIED   50.3s  (pure_ITYPE ((pure_RTYPE (a) (b) (LeanIM.rop.SLT))) (0x001#12) (LeanIM.iop.XORI))
  bgeu_gpr_gpr_64__branch_condition__cpp__native_first CERTIFIED   39.2s  (pure_ITYPE ((pure_RTYPE (a) (b) (LeanIM.rop.SLTU))) (0x001#12) (LeanIM.iop.XORI))
  bgeu_gpr_gpr_64__branch_condition__rust__native_first CERTIFIED   46.8s  (pure_ITYPE ((pure_RTYPE (a) (b) (LeanIM.rop.SLTU))) (0x001#12) (LeanIM.iop.XORI))
  bgeu_gpr_gpr_gpr_64__branch_condition__cpp__native_first CERTIFIED   45.2s  (pure_ITYPE ((pure_RTYPE (a) (b) (LeanIM.rop.SLTU))) (0x001#12) (LeanIM.iop.XORI))
  bgeu_gpr_gpr_gpr_64__branch_condition__rust__native_first CERTIFIED   34.5s  (pure_ITYPE ((pure_RTYPE (a) (b) (LeanIM.rop.SLTU))) (0x001#12) (LeanIM.iop.XORI))
  bgeu_gpr_gpr_imm_64__branch_condition__cpp__native_first CERTIFIED   42.8s  (pure_ITYPE ((pure_RTYPE (a) (b) (LeanIM.rop.SLTU))) (0x001#12) (LeanIM.iop.XORI))
  bgeu_gpr_gpr_imm_64__branch_condition__rust__native_first CERTIFIED   37.8s  (pure_ITYPE ((pure_RTYPE (a) (b) (LeanIM.rop.SLTU))) (0x001#12) (LeanIM.iop.XORI))
  bgeu_gpr_gpr_same_64__branch_condition__cpp__native_first CERTIFIED   43.5s  (pure_ITYPE ((pure_RTYPE (a) (b) (LeanIM.rop.SLTU))) (0x001#12) (LeanIM.iop.XORI))
  bgeu_gpr_gpr_same_64__branch_condition__rust__native_first CERTIFIED   44.2s  (pure_ITYPE ((pure_RTYPE (a) (b) (LeanIM.rop.SLTU))) (0x001#12) (LeanIM.iop.XORI))
  blt_gpr_gpr_64__branch_condition__cpp__native_first CERTIFIED   35.3s  (pure_RTYPE (a) (b) (LeanIM.rop.SLT))
  blt_gpr_gpr_64__branch_condition__rust__native_first CERTIFIED   38.4s  (pure_RTYPE (a) (b) (LeanIM.rop.SLT))
  blt_gpr_gpr_gpr_64__branch_condition__cpp__native_first CERTIFIED   45.0s  (pure_RTYPE (a) (b) (LeanIM.rop.SLT))
  blt_gpr_gpr_gpr_64__branch_condition__rust__native_first CERTIFIED   40.2s  (pure_RTYPE (a) (b) (LeanIM.rop.SLT))
  blt_gpr_gpr_imm_64__branch_condition__cpp__native_first CERTIFIED   32.4s  (pure_RTYPE (a) (b) (LeanIM.rop.SLT))
  blt_gpr_gpr_imm_64__branch_condition__rust__native_first CERTIFIED   39.7s  (pure_RTYPE (a) (b) (LeanIM.rop.SLT))
  blt_gpr_gpr_same_64__branch_condition__cpp__native_first CERTIFIED   38.3s  (pure_RTYPE (a) (b) (LeanIM.rop.SLT))
  blt_gpr_gpr_same_64__branch_condition__rust__native_first CERTIFIED   31.6s  (pure_RTYPE (a) (b) (LeanIM.rop.SLT))
  bltu_gpr_gpr_64__branch_condition__cpp__native_first CERTIFIED   27.0s  (pure_RTYPE (a) (b) (LeanIM.rop.SLTU))
  bltu_gpr_gpr_64__branch_condition__rust__native_first CERTIFIED   30.2s  (pure_RTYPE (a) (b) (LeanIM.rop.SLTU))
  bltu_gpr_gpr_gpr_64__branch_condition__cpp__native_first CERTIFIED   30.4s  (pure_RTYPE (a) (b) (LeanIM.rop.SLTU))
  bltu_gpr_gpr_gpr_64__branch_condition__rust__native_first CERTIFIED   31.5s  (pure_RTYPE (a) (b) (LeanIM.rop.SLTU))
  bltu_gpr_gpr_imm_64__branch_condition__cpp__native_first CERTIFIED   30.5s  (pure_RTYPE (a) (b) (LeanIM.rop.SLTU))
  bltu_gpr_gpr_imm_64__branch_condition__rust__native_first CERTIFIED   31.1s  (pure_RTYPE (a) (b) (LeanIM.rop.SLTU))
  bltu_gpr_gpr_same_64__branch_condition__cpp__native_first CERTIFIED   29.3s  (pure_RTYPE (a) (b) (LeanIM.rop.SLTU))
  bltu_gpr_gpr_same_64__branch_condition__rust__native_first CERTIFIED   33.9s  (pure_RTYPE (a) (b) (LeanIM.rop.SLTU))
  bne_gpr_gpr_64__branch_condition__cpp__native_first CERTIFIED   27.4s  (pure_RTYPE (zero_reg) ((pure_RTYPE (a) (b) (XOR))) (LeanIM.rop.SLTU))
  bne_gpr_gpr_64__branch_condition__rust__native_first CERTIFIED   29.2s  (pure_RTYPE (zero_reg) ((pure_RTYPE (a) (b) (XOR))) (LeanIM.rop.SLTU))
  bne_gpr_gpr_gpr_64__branch_condition__cpp__native_first CERTIFIED   33.0s  (pure_RTYPE (zero_reg) ((pure_RTYPE (a) (b) (XOR))) (LeanIM.rop.SLTU))
  bne_gpr_gpr_gpr_64__branch_condition__rust__native_first CERTIFIED   30.5s  (pure_RTYPE (zero_reg) ((pure_RTYPE (a) (b) (XOR))) (LeanIM.rop.SLTU))
  bne_gpr_gpr_imm_64__branch_condition__cpp__native_first CERTIFIED   28.6s  (pure_RTYPE (zero_reg) ((pure_RTYPE (a) (b) (XOR))) (LeanIM.rop.SLTU))
  bne_gpr_gpr_imm_64__branch_condition__rust__native_first CERTIFIED   33.9s  (pure_RTYPE (zero_reg) ((pure_RTYPE (a) (b) (XOR))) (LeanIM.rop.SLTU))
  bne_gpr_gpr_same_64__branch_condition__cpp__native_first CERTIFIED   29.7s  (pure_RTYPE (zero_reg) ((pure_RTYPE (a) (b) (XOR))) (LeanIM.rop.SLTU))
  bne_gpr_gpr_same_64__branch_condition__rust__native_first CERTIFIED   31.3s  (pure_RTYPE (zero_reg) ((pure_RTYPE (a) (b) (XOR))) (LeanIM.rop.SLTU))
  czero_eqz_gpr_gpr_gpr_64__reg_a0__rust__native_first CERTIFIED   36.2s  (pure_RTYPE ((pure_ITYPE ((pure_ITYPE (a) (0x001#12) (LeanIM.iop.SLTIU))) (((sign_extend (
  czero_eqz_gpr_gpr_same_64__reg_a0__cpp__native_first FAILED      28.9s  a
      PseudoCoupHQ/Research/oracle/riscv/leanpath/walk_corpus_3/Walk_czero_eqz_gpr_gpr_same_64__reg_a0__cpp__native_first.lean:232:65: error: unexpected token ','; expected ']'
      PseudoCoupHQ/Research/oracle/riscv/leanpath/walk_corpus_3/Walk_czero_eqz_gpr_gpr_same_64__reg_a0__cpp__native_first.lean:231:13: error: unsolved goals
        | EStateM.Result.error a a_1 => False
  czero_eqz_gpr_gpr_same_64__reg_a0__rust__native_first FAILED      29.6s  a
      PseudoCoupHQ/Research/oracle/riscv/leanpath/walk_corpus_3/Walk_czero_eqz_gpr_gpr_same_64__reg_a0__rust__native_first.lean:232:65: error: unexpected token ','; expected ']'
      PseudoCoupHQ/Research/oracle/riscv/leanpath/walk_corpus_3/Walk_czero_eqz_gpr_gpr_same_64__reg_a0__rust__native_first.lean:231:13: error: unsolved goals
        | EStateM.Result.error a a_1 => False
  czero_nez_gpr_gpr_gpr_64__reg_a0__rust__native_first CERTIFIED   28.8s  (pure_RTYPE ((pure_ITYPE ((pure_RTYPE (zero_reg) (a) (LeanIM.rop.SLTU))) (((sign_extend (m
  czero_nez_gpr_gpr_same_64__reg_a0__cpp__native_first CERTIFIED   32.6s  (pure_ITYPE (zero_reg) (((sign_extend (m := 12) (0x00#6)))) (ADDI))
  czero_nez_gpr_gpr_same_64__reg_a0__rust__native_first CERTIFIED   32.3s  (pure_ITYPE (zero_reg) (((sign_extend (m := 12) (0x00#6)))) (ADDI))
  div_gpr_gpr_same_64__reg_a0__cpp__native_first CERTIFIED   30.5s  (pure_ITYPE ((pure_ITYPE ((pure_RTYPE (zero_reg) (a) (LeanIM.rop.SLTU))) (((sign_extend (m
  div_gpr_gpr_same_64__reg_a0__rust__native_first CERTIFIED   30.9s  (pure_ITYPE (zero_reg) (((sign_extend (m := 12) (0x01#6)))) (ADDI))
  divu_gpr_gpr_gpr_64__reg_a0__cpp__native_first CERTIFIED   33.6s  (pure_DIV (b) (a) (true))
  divu_gpr_gpr_gpr_64__reg_a0__rust__native_first CERTIFIED   28.5s  (pure_DIV (b) (a) (true))
  divu_gpr_gpr_same_64__reg_a0__cpp__native_first CERTIFIED   29.6s  (pure_ITYPE ((pure_ITYPE ((pure_RTYPE (zero_reg) (a) (LeanIM.rop.SLTU))) (((sign_extend (m
  divu_gpr_gpr_same_64__reg_a0__rust__native_first CERTIFIED   30.4s  (pure_ITYPE (zero_reg) (((sign_extend (m := 12) (0x01#6)))) (ADDI))
  divuw_gpr_gpr_same_32__reg_a0__cpp__native_first CERTIFIED   29.7s  (pure_ITYPE ((pure_ITYPE ((pure_RTYPE (zero_reg) (a) (LeanIM.rop.SLTU))) (((sign_extend (m
  divuw_gpr_gpr_same_32__reg_a0__rust__native_first CERTIFIED   33.1s  (pure_ITYPE (zero_reg) (((sign_extend (m := 12) (0x01#6)))) (ADDI))
  divw_gpr_gpr_same_32__reg_a0__cpp__native_first CERTIFIED   29.6s  (pure_ITYPE ((pure_ITYPE ((pure_RTYPE (zero_reg) (a) (LeanIM.rop.SLTU))) (((sign_extend (m
  divw_gpr_gpr_same_32__reg_a0__rust__native_first CERTIFIED   29.3s  (pure_ITYPE (zero_reg) (((sign_extend (m := 12) (0x01#6)))) (ADDI))
  fld_fpr_fpr_64__freg_fa0__cpp__native_first FAILED      31.6s  a
      PseudoCoupHQ/Research/oracle/riscv/leanpath/walk_corpus_3/Walk_fld_fpr_fpr_64__freg_fa0__cpp__native_first.lean:232:65: error: unexpected token ','; expected ']'
      PseudoCoupHQ/Research/oracle/riscv/leanpath/walk_corpus_3/Walk_fld_fpr_fpr_64__freg_fa0__cpp__native_first.lean:231:13: error: unsolved goals
        | EStateM.Result.error a a_1 => False
  fld_fpr_fpr_64__freg_fa0__rust__native_first FAILED      32.7s  a
      PseudoCoupHQ/Research/oracle/riscv/leanpath/walk_corpus_3/Walk_fld_fpr_fpr_64__freg_fa0__rust__native_first.lean:232:65: error: unexpected token ','; expected ']'
      PseudoCoupHQ/Research/oracle/riscv/leanpath/walk_corpus_3/Walk_fld_fpr_fpr_64__freg_fa0__rust__native_first.lean:231:13: error: unsolved goals
        | EStateM.Result.error a a_1 => False
  fld_fpr_fpr_fpr_64__freg_fa0__cpp__native_first FAILED      26.4s  a
      PseudoCoupHQ/Research/oracle/riscv/leanpath/walk_corpus_3/Walk_fld_fpr_fpr_fpr_64__freg_fa0__cpp__native_first.lean:232:65: error: unexpected token ','; expected ']'
      PseudoCoupHQ/Research/oracle/riscv/leanpath/walk_corpus_3/Walk_fld_fpr_fpr_fpr_64__freg_fa0__cpp__native_first.lean:231:13: error: unsolved goals
        | EStateM.Result.error a a_1 => False
  fld_fpr_fpr_fpr_64__freg_fa0__rust__native_first FAILED      29.4s  a
      PseudoCoupHQ/Research/oracle/riscv/leanpath/walk_corpus_3/Walk_fld_fpr_fpr_fpr_64__freg_fa0__rust__native_first.lean:232:65: error: unexpected token ','; expected ']'
      PseudoCoupHQ/Research/oracle/riscv/leanpath/walk_corpus_3/Walk_fld_fpr_fpr_fpr_64__freg_fa0__rust__native_first.lean:231:13: error: unsolved goals
        | EStateM.Result.error a a_1 => False
  fld_fpr_gpr_64__freg_fa0__cpp__native_first FAILED      36.5s  a
      PseudoCoupHQ/Research/oracle/riscv/leanpath/walk_corpus_3/Walk_fld_fpr_gpr_64__freg_fa0__cpp__native_first.lean:232:65: error: unexpected token ','; expected ']'
      PseudoCoupHQ/Research/oracle/riscv/leanpath/walk_corpus_3/Walk_fld_fpr_gpr_64__freg_fa0__cpp__native_first.lean:231:13: error: unsolved goals
        | EStateM.Result.error a a_1 => False
  fld_fpr_gpr_64__freg_fa0__rust__native_first FAILED      30.6s  a
      PseudoCoupHQ/Research/oracle/riscv/leanpath/walk_corpus_3/Walk_fld_fpr_gpr_64__freg_fa0__rust__native_first.lean:232:65: error: unexpected token ','; expected ']'
      PseudoCoupHQ/Research/oracle/riscv/leanpath/walk_corpus_3/Walk_fld_fpr_gpr_64__freg_fa0__rust__native_first.lean:231:13: error: unsolved goals
        | EStateM.Result.error a a_1 => False
  fld_fpr_mem_64__freg_fa0__cpp__native_first FAILED      32.4s  a
      PseudoCoupHQ/Research/oracle/riscv/leanpath/walk_corpus_3/Walk_fld_fpr_mem_64__freg_fa0__cpp__native_first.lean:232:65: error: unexpected token ','; expected ']'
      PseudoCoupHQ/Research/oracle/riscv/leanpath/walk_corpus_3/Walk_fld_fpr_mem_64__freg_fa0__cpp__native_first.lean:231:13: error: unsolved goals
        | EStateM.Result.error a a_1 => False
  fld_fpr_mem_64__freg_fa0__rust__native_first FAILED      26.7s  a
      PseudoCoupHQ/Research/oracle/riscv/leanpath/walk_corpus_3/Walk_fld_fpr_mem_64__freg_fa0__rust__native_first.lean:232:65: error: unexpected token ','; expected ']'
      PseudoCoupHQ/Research/oracle/riscv/leanpath/walk_corpus_3/Walk_fld_fpr_mem_64__freg_fa0__rust__native_first.lean:231:13: error: unsolved goals
        | EStateM.Result.error a a_1 => False
  flw_fpr_fpr_32__freg_fa0__cpp__native_first CERTIFIED   31.2s  (pure_RTYPE (a) ((pure_SHIFTIOP ((pure_ITYPE (zero_reg) (((sign_extend (m := 12) (0x3f#6))
  flw_fpr_fpr_32__freg_fa0__rust__native_first CERTIFIED   36.0s  (pure_RTYPE (a) ((pure_SHIFTIOP ((pure_ITYPE (zero_reg) (((sign_extend (m := 12) (0x3f#6))
  flw_fpr_fpr_fpr_32__freg_fa0__cpp__native_first CERTIFIED   30.3s  (pure_RTYPE (a) ((pure_SHIFTIOP ((pure_ITYPE (zero_reg) (((sign_extend (m := 12) (0x3f#6))
  flw_fpr_fpr_fpr_32__freg_fa0__rust__native_first CERTIFIED   33.1s  (pure_RTYPE (a) ((pure_SHIFTIOP ((pure_ITYPE (zero_reg) (((sign_extend (m := 12) (0x3f#6))
  flw_fpr_gpr_32__freg_fa0__cpp__native_first CERTIFIED   33.4s  (pure_RTYPE (a) ((pure_SHIFTIOP ((pure_ITYPE (zero_reg) (((sign_extend (m := 12) (0x3f#6))
  flw_fpr_gpr_32__freg_fa0__rust__native_first CERTIFIED   33.4s  (pure_RTYPE (a) ((pure_SHIFTIOP ((pure_ITYPE (zero_reg) (((sign_extend (m := 12) (0x3f#6))
  flw_fpr_mem_32__freg_fa0__cpp__native_first CERTIFIED   28.4s  (pure_RTYPE (a) ((pure_SHIFTIOP ((pure_ITYPE (zero_reg) (((sign_extend (m := 12) (0x3f#6))
  flw_fpr_mem_32__freg_fa0__rust__native_first CERTIFIED   31.4s  (pure_RTYPE (a) ((pure_SHIFTIOP ((pure_ITYPE (zero_reg) (((sign_extend (m := 12) (0x3f#6))
  fmv_d_fpr_fpr_64__freg_fa0__cpp__native_first FAILED      25.9s  a
      PseudoCoupHQ/Research/oracle/riscv/leanpath/walk_corpus_3/Walk_fmv_d_fpr_fpr_64__freg_fa0__cpp__native_first.lean:232:65: error: unexpected token ','; expected ']'
      PseudoCoupHQ/Research/oracle/riscv/leanpath/walk_corpus_3/Walk_fmv_d_fpr_fpr_64__freg_fa0__cpp__native_first.lean:231:13: error: unsolved goals
        | EStateM.Result.error a a_1 => False
  fmv_d_fpr_fpr_64__freg_fa0__rust__native_first FAILED      29.9s  a
      PseudoCoupHQ/Research/oracle/riscv/leanpath/walk_corpus_3/Walk_fmv_d_fpr_fpr_64__freg_fa0__rust__native_first.lean:232:65: error: unexpected token ','; expected ']'
      PseudoCoupHQ/Research/oracle/riscv/leanpath/walk_corpus_3/Walk_fmv_d_fpr_fpr_64__freg_fa0__rust__native_first.lean:231:13: error: unsolved goals
        | EStateM.Result.error a a_1 => False
  fmv_d_fpr_fpr_fpr_64__freg_fa0__cpp__native_first FAILED      30.1s  a
      PseudoCoupHQ/Research/oracle/riscv/leanpath/walk_corpus_3/Walk_fmv_d_fpr_fpr_fpr_64__freg_fa0__cpp__native_first.lean:232:65: error: unexpected token ','; expected ']'
      PseudoCoupHQ/Research/oracle/riscv/leanpath/walk_corpus_3/Walk_fmv_d_fpr_fpr_fpr_64__freg_fa0__cpp__native_first.lean:231:13: error: unsolved goals
        | EStateM.Result.error a a_1 => False
  fmv_d_fpr_fpr_fpr_64__freg_fa0__rust__native_first FAILED      27.4s  a
      PseudoCoupHQ/Research/oracle/riscv/leanpath/walk_corpus_3/Walk_fmv_d_fpr_fpr_fpr_64__freg_fa0__rust__native_first.lean:232:65: error: unexpected token ','; expected ']'
      PseudoCoupHQ/Research/oracle/riscv/leanpath/walk_corpus_3/Walk_fmv_d_fpr_fpr_fpr_64__freg_fa0__rust__native_first.lean:231:13: error: unsolved goals
        | EStateM.Result.error a a_1 => False
  fmv_d_x_fpr_gpr_64__freg_fa0__cpp__native_first FAILED      29.3s  a
      PseudoCoupHQ/Research/oracle/riscv/leanpath/walk_corpus_3/Walk_fmv_d_x_fpr_gpr_64__freg_fa0__cpp__native_first.lean:232:65: error: unexpected token ','; expected ']'
      PseudoCoupHQ/Research/oracle/riscv/leanpath/walk_corpus_3/Walk_fmv_d_x_fpr_gpr_64__freg_fa0__cpp__native_first.lean:231:13: error: unsolved goals
        | EStateM.Result.error a a_1 => False
  fmv_d_x_fpr_gpr_64__freg_fa0__rust__native_first FAILED      33.1s  a
      PseudoCoupHQ/Research/oracle/riscv/leanpath/walk_corpus_3/Walk_fmv_d_x_fpr_gpr_64__freg_fa0__rust__native_first.lean:232:65: error: unexpected token ','; expected ']'
      PseudoCoupHQ/Research/oracle/riscv/leanpath/walk_corpus_3/Walk_fmv_d_x_fpr_gpr_64__freg_fa0__rust__native_first.lean:231:13: error: unsolved goals
        | EStateM.Result.error a a_1 => False
  fmv_s_fpr_fpr_32__freg_fa0__cpp__native_first FAILED      28.3s  a
      PseudoCoupHQ/Research/oracle/riscv/leanpath/walk_corpus_3/Walk_fmv_s_fpr_fpr_32__freg_fa0__cpp__native_first.lean:232:65: error: unexpected token ','; expected ']'
      PseudoCoupHQ/Research/oracle/riscv/leanpath/walk_corpus_3/Walk_fmv_s_fpr_fpr_32__freg_fa0__cpp__native_first.lean:231:13: error: unsolved goals
        | EStateM.Result.error a a_1 => False
  fmv_s_fpr_fpr_32__freg_fa0__rust__native_first FAILED      30.8s  a
      PseudoCoupHQ/Research/oracle/riscv/leanpath/walk_corpus_3/Walk_fmv_s_fpr_fpr_32__freg_fa0__rust__native_first.lean:232:65: error: unexpected token ','; expected ']'
      PseudoCoupHQ/Research/oracle/riscv/leanpath/walk_corpus_3/Walk_fmv_s_fpr_fpr_32__freg_fa0__rust__native_first.lean:231:13: error: unsolved goals
        | EStateM.Result.error a a_1 => False
  fmv_s_fpr_fpr_fpr_32__freg_fa0__cpp__native_first FAILED      33.0s  a
      PseudoCoupHQ/Research/oracle/riscv/leanpath/walk_corpus_3/Walk_fmv_s_fpr_fpr_fpr_32__freg_fa0__cpp__native_first.lean:232:65: error: unexpected token ','; expected ']'
      PseudoCoupHQ/Research/oracle/riscv/leanpath/walk_corpus_3/Walk_fmv_s_fpr_fpr_fpr_32__freg_fa0__cpp__native_first.lean:231:13: error: unsolved goals
        | EStateM.Result.error a a_1 => False
  fmv_s_fpr_fpr_fpr_32__freg_fa0__rust__native_first FAILED      27.2s  a
      PseudoCoupHQ/Research/oracle/riscv/leanpath/walk_corpus_3/Walk_fmv_s_fpr_fpr_fpr_32__freg_fa0__rust__native_first.lean:232:65: error: unexpected token ','; expected ']'
      PseudoCoupHQ/Research/oracle/riscv/leanpath/walk_corpus_3/Walk_fmv_s_fpr_fpr_fpr_32__freg_fa0__rust__native_first.lean:231:13: error: unsolved goals
        | EStateM.Result.error a a_1 => False
  fmv_w_x_fpr_gpr_32__freg_fa0__cpp__native_first CERTIFIED   36.4s  (pure_RTYPE (a) ((pure_SHIFTIOP ((pure_ITYPE (zero_reg) (((sign_extend (m := 12) (0x3f#6))
  fmv_w_x_fpr_gpr_32__freg_fa0__rust__native_first CERTIFIED   34.3s  (pure_RTYPE (a) ((pure_SHIFTIOP ((pure_ITYPE (zero_reg) (((sign_extend (m := 12) (0x3f#6))
  fmv_x_d_gpr_fpr_64__reg_a0__cpp__native_first FAILED      34.3s  a
      PseudoCoupHQ/Research/oracle/riscv/leanpath/walk_corpus_3/Walk_fmv_x_d_gpr_fpr_64__reg_a0__cpp__native_first.lean:232:65: error: unexpected token ','; expected ']'
      PseudoCoupHQ/Research/oracle/riscv/leanpath/walk_corpus_3/Walk_fmv_x_d_gpr_fpr_64__reg_a0__cpp__native_first.lean:231:13: error: unsolved goals
        | EStateM.Result.error a a_1 => False
  fmv_x_d_gpr_fpr_64__reg_a0__rust__native_first FAILED      27.0s  a
      PseudoCoupHQ/Research/oracle/riscv/leanpath/walk_corpus_3/Walk_fmv_x_d_gpr_fpr_64__reg_a0__rust__native_first.lean:232:65: error: unexpected token ','; expected ']'
      PseudoCoupHQ/Research/oracle/riscv/leanpath/walk_corpus_3/Walk_fmv_x_d_gpr_fpr_64__reg_a0__rust__native_first.lean:231:13: error: unsolved goals
        | EStateM.Result.error a a_1 => False
  fmv_x_d_gpr_fpr_fpr_64__reg_a0__cpp__native_first FAILED      30.4s  a
      PseudoCoupHQ/Research/oracle/riscv/leanpath/walk_corpus_3/Walk_fmv_x_d_gpr_fpr_fpr_64__reg_a0__cpp__native_first.lean:232:65: error: unexpected token ','; expected ']'
      PseudoCoupHQ/Research/oracle/riscv/leanpath/walk_corpus_3/Walk_fmv_x_d_gpr_fpr_fpr_64__reg_a0__cpp__native_first.lean:231:13: error: unsolved goals
        | EStateM.Result.error a a_1 => False
  fmv_x_d_gpr_fpr_fpr_64__reg_a0__rust__native_first FAILED      33.2s  a
      PseudoCoupHQ/Research/oracle/riscv/leanpath/walk_corpus_3/Walk_fmv_x_d_gpr_fpr_fpr_64__reg_a0__rust__native_first.lean:232:65: error: unexpected token ','; expected ']'
      PseudoCoupHQ/Research/oracle/riscv/leanpath/walk_corpus_3/Walk_fmv_x_d_gpr_fpr_fpr_64__reg_a0__rust__native_first.lean:231:13: error: unsolved goals
        | EStateM.Result.error a a_1 => False
  fsd_fpr_fpr_64__mem_MEM_fa1__cpp__native_first FAILED      29.8s  a
      PseudoCoupHQ/Research/oracle/riscv/leanpath/walk_corpus_3/Walk_fsd_fpr_fpr_64__mem_MEM_fa1__cpp__native_first.lean:232:65: error: unexpected token ','; expected ']'
      PseudoCoupHQ/Research/oracle/riscv/leanpath/walk_corpus_3/Walk_fsd_fpr_fpr_64__mem_MEM_fa1__cpp__native_first.lean:231:13: error: unsolved goals
        | EStateM.Result.error a a_1 => False
  fsd_fpr_fpr_64__mem_MEM_fa1__rust__native_first FAILED      30.2s  a
      PseudoCoupHQ/Research/oracle/riscv/leanpath/walk_corpus_3/Walk_fsd_fpr_fpr_64__mem_MEM_fa1__rust__native_first.lean:232:65: error: unexpected token ','; expected ']'
      PseudoCoupHQ/Research/oracle/riscv/leanpath/walk_corpus_3/Walk_fsd_fpr_fpr_64__mem_MEM_fa1__rust__native_first.lean:231:13: error: unsolved goals
        | EStateM.Result.error a a_1 => False
  fsd_fpr_fpr_fpr_64__mem_MEM_fa1__cpp__native_first FAILED      28.9s  a
      PseudoCoupHQ/Research/oracle/riscv/leanpath/walk_corpus_3/Walk_fsd_fpr_fpr_fpr_64__mem_MEM_fa1__cpp__native_first.lean:232:65: error: unexpected token ','; expected ']'
      PseudoCoupHQ/Research/oracle/riscv/leanpath/walk_corpus_3/Walk_fsd_fpr_fpr_fpr_64__mem_MEM_fa1__cpp__native_first.lean:231:13: error: unsolved goals
        | EStateM.Result.error a a_1 => False
  fsd_fpr_fpr_fpr_64__mem_MEM_fa1__rust__native_first FAILED      31.6s  a
      PseudoCoupHQ/Research/oracle/riscv/leanpath/walk_corpus_3/Walk_fsd_fpr_fpr_fpr_64__mem_MEM_fa1__rust__native_first.lean:232:65: error: unexpected token ','; expected ']'
      PseudoCoupHQ/Research/oracle/riscv/leanpath/walk_corpus_3/Walk_fsd_fpr_fpr_fpr_64__mem_MEM_fa1__rust__native_first.lean:231:13: error: unsolved goals
        | EStateM.Result.error a a_1 => False
  fsd_fpr_gpr_64__mem_MEM_a1__cpp__native_first FAILED      31.1s  a
      PseudoCoupHQ/Research/oracle/riscv/leanpath/walk_corpus_3/Walk_fsd_fpr_gpr_64__mem_MEM_a1__cpp__native_first.lean:232:65: error: unexpected token ','; expected ']'
      PseudoCoupHQ/Research/oracle/riscv/leanpath/walk_corpus_3/Walk_fsd_fpr_gpr_64__mem_MEM_a1__cpp__native_first.lean:231:13: error: unsolved goals
        | EStateM.Result.error a a_1 => False
  fsd_fpr_gpr_64__mem_MEM_a1__rust__native_first FAILED      28.9s  a
      PseudoCoupHQ/Research/oracle/riscv/leanpath/walk_corpus_3/Walk_fsd_fpr_gpr_64__mem_MEM_a1__rust__native_first.lean:232:65: error: unexpected token ','; expected ']'
      PseudoCoupHQ/Research/oracle/riscv/leanpath/walk_corpus_3/Walk_fsd_fpr_gpr_64__mem_MEM_a1__rust__native_first.lean:231:13: error: unsolved goals
        | EStateM.Result.error a a_1 => False
  fsd_fpr_mem_64__mem_MEM_0x0_a1___cpp__native_first FAILED      32.6s  a
      PseudoCoupHQ/Research/oracle/riscv/leanpath/walk_corpus_3/Walk_fsd_fpr_mem_64__mem_MEM_0x0_a1___cpp__native_first.lean:232:65: error: unexpected token ','; expected ']'
      PseudoCoupHQ/Research/oracle/riscv/leanpath/walk_corpus_3/Walk_fsd_fpr_mem_64__mem_MEM_0x0_a1___cpp__native_first.lean:231:13: error: unsolved goals
        | EStateM.Result.error a a_1 => False
  fsd_fpr_mem_64__mem_MEM_0x0_a1___rust__native_first FAILED      26.1s  a
      PseudoCoupHQ/Research/oracle/riscv/leanpath/walk_corpus_3/Walk_fsd_fpr_mem_64__mem_MEM_0x0_a1___rust__native_first.lean:232:65: error: unexpected token ','; expected ']'
      PseudoCoupHQ/Research/oracle/riscv/leanpath/walk_corpus_3/Walk_fsd_fpr_mem_64__mem_MEM_0x0_a1___rust__native_first.lean:231:13: error: unsolved goals
        | EStateM.Result.error a a_1 => False
  fsw_fpr_fpr_32__mem_MEM_fa1__cpp__native_first CERTIFIED   28.9s  (pure_ZBA_RTYPEUW (b) ((pure_SHIFTIOP ((pure_SHIFTIOP (a) ((0x20#6)) (SRLI))) ((0x20#6)) (
  fsw_fpr_fpr_32__mem_MEM_fa1__rust__native_first CERTIFIED   34.4s  (pure_RTYPE ((pure_SHIFTIOP ((pure_SHIFTIOP (a) ((0x20#6)) (SRLI))) ((0x20#6)) (SLLI))) ((
  fsw_fpr_fpr_fpr_32__mem_MEM_fa1__cpp__native_first CERTIFIED   36.4s  (pure_ZBA_RTYPEUW (b) ((pure_SHIFTIOP ((pure_SHIFTIOP (a) ((0x20#6)) (SRLI))) ((0x20#6)) (
  fsw_fpr_fpr_fpr_32__mem_MEM_fa1__rust__native_first CERTIFIED   32.1s  (pure_RTYPE ((pure_SHIFTIOP ((pure_SHIFTIOP (a) ((0x20#6)) (SRLI))) ((0x20#6)) (SLLI))) ((
  fsw_fpr_gpr_32__mem_MEM_a1__cpp__native_first CERTIFIED   32.2s  (pure_ZBA_RTYPEUW (b) ((pure_SHIFTIOP ((pure_SHIFTIOP (a) ((0x20#6)) (SRLI))) ((0x20#6)) (
  fsw_fpr_gpr_32__mem_MEM_a1__rust__native_first CERTIFIED   30.5s  (pure_RTYPE ((pure_SHIFTIOP ((pure_SHIFTIOP (a) ((0x20#6)) (SRLI))) ((0x20#6)) (SLLI))) ((
  fsw_fpr_mem_32__mem_MEM_0x0_a1___cpp__native_first CERTIFIED   37.1s  (pure_ZBA_RTYPEUW (b) ((pure_SHIFTIOP ((pure_SHIFTIOP (a) ((0x20#6)) (SRLI))) ((0x20#6)) (
  fsw_fpr_mem_32__mem_MEM_0x0_a1___rust__native_first CERTIFIED   31.4s  (pure_RTYPE ((pure_SHIFTIOP ((pure_SHIFTIOP (a) ((0x20#6)) (SRLI))) ((0x20#6)) (SLLI))) ((
  jal_gpr_fpr_64__reg_a0__cpp__native_first CERTIFIED   35.3s  (pure_ITYPE (a) (((sign_extend (m := 12) (0x04#6)))) (ADDI))
  jal_gpr_fpr_64__reg_a0__rust__native_first CERTIFIED   29.2s  (pure_ITYPE (a) (((sign_extend (m := 12) (0x04#6)))) (ADDI))
  jal_gpr_fpr_fpr_64__reg_a0__cpp__native_first CERTIFIED   29.3s  (pure_ITYPE (a) (((sign_extend (m := 12) (0x04#6)))) (ADDI))
  jal_gpr_fpr_fpr_64__reg_a0__rust__native_first CERTIFIED   27.5s  (pure_ITYPE (a) (((sign_extend (m := 12) (0x04#6)))) (ADDI))
  jal_gpr_gpr_64__reg_a0__cpp__native_first CERTIFIED   33.0s  (pure_ITYPE (a) (((sign_extend (m := 12) (0x04#6)))) (ADDI))
  jal_gpr_gpr_64__reg_a0__rust__native_first CERTIFIED   31.4s  (pure_ITYPE (a) (((sign_extend (m := 12) (0x04#6)))) (ADDI))
  jal_gpr_gpr_gpr_64__reg_a0__cpp__native_first CERTIFIED   33.5s  (pure_ITYPE (a) (((sign_extend (m := 12) (0x04#6)))) (ADDI))
  jal_gpr_gpr_gpr_64__reg_a0__rust__native_first CERTIFIED   32.7s  (pure_ITYPE (a) (((sign_extend (m := 12) (0x04#6)))) (ADDI))
  jal_gpr_gpr_imm_64__reg_a0__cpp__native_first CERTIFIED   28.2s  (pure_ITYPE (a) (((sign_extend (m := 12) (0x04#6)))) (ADDI))
  jal_gpr_gpr_imm_64__reg_a0__rust__native_first CERTIFIED   32.2s  (pure_ITYPE (a) (((sign_extend (m := 12) (0x04#6)))) (ADDI))
  jal_gpr_gpr_same_64__reg_a0__cpp__native_first CERTIFIED   30.5s  (pure_ITYPE (a) (((sign_extend (m := 12) (0x04#6)))) (ADDI))
  jal_gpr_gpr_same_64__reg_a0__rust__native_first CERTIFIED   26.2s  (pure_ITYPE (a) (((sign_extend (m := 12) (0x04#6)))) (ADDI))
  jal_gpr_imm_64__reg_a0__cpp__native_first CERTIFIED   26.5s  (pure_ITYPE (a) (((sign_extend (m := 12) (0x04#6)))) (ADDI))
  jal_gpr_imm_64__reg_a0__rust__native_first CERTIFIED   31.1s  (pure_ITYPE (a) (((sign_extend (m := 12) (0x04#6)))) (ADDI))
  jal_gpr_mem_64__reg_a0__cpp__native_first CERTIFIED   28.9s  (pure_ITYPE (a) (((sign_extend (m := 12) (0x04#6)))) (ADDI))
  jal_gpr_mem_64__reg_a0__rust__native_first CERTIFIED   32.5s  (pure_ITYPE (a) (((sign_extend (m := 12) (0x04#6)))) (ADDI))
  jalr_gpr_fpr_64__reg_a0__cpp__native_first CERTIFIED   28.0s  (pure_ITYPE (a) (((sign_extend (m := 12) (0x04#6)))) (ADDI))
  jalr_gpr_fpr_64__reg_a0__rust__native_first CERTIFIED   26.6s  (pure_ITYPE (a) (((sign_extend (m := 12) (0x04#6)))) (ADDI))
  jalr_gpr_fpr_fpr_64__reg_a0__cpp__native_first CERTIFIED   31.9s  (pure_ITYPE (a) (((sign_extend (m := 12) (0x04#6)))) (ADDI))
  jalr_gpr_fpr_fpr_64__reg_a0__rust__native_first CERTIFIED   32.7s  (pure_ITYPE (a) (((sign_extend (m := 12) (0x04#6)))) (ADDI))
  jalr_gpr_gpr_64__reg_a0__cpp__native_first CERTIFIED   33.0s  (pure_ITYPE (a) (((sign_extend (m := 12) (0x04#6)))) (ADDI))
  jalr_gpr_gpr_64__reg_a0__rust__native_first CERTIFIED   28.2s  (pure_ITYPE (a) (((sign_extend (m := 12) (0x04#6)))) (ADDI))
  jalr_gpr_gpr_gpr_64__reg_a0__cpp__native_first CERTIFIED   33.4s  (pure_ITYPE (a) (((sign_extend (m := 12) (0x04#6)))) (ADDI))
  jalr_gpr_gpr_gpr_64__reg_a0__rust__native_first CERTIFIED   33.4s  (pure_ITYPE (a) (((sign_extend (m := 12) (0x04#6)))) (ADDI))
  jalr_gpr_gpr_imm_64__reg_a0__cpp__native_first CERTIFIED   31.4s  (pure_ITYPE (a) (((sign_extend (m := 12) (0x04#6)))) (ADDI))
  jalr_gpr_gpr_imm_64__reg_a0__rust__native_first CERTIFIED   30.1s  (pure_ITYPE (a) (((sign_extend (m := 12) (0x04#6)))) (ADDI))
  jalr_gpr_gpr_same_64__reg_a0__cpp__native_first CERTIFIED   33.2s  (pure_ITYPE (a) (((sign_extend (m := 12) (0x04#6)))) (ADDI))
  jalr_gpr_gpr_same_64__reg_a0__rust__native_first CERTIFIED   28.5s  (pure_ITYPE (a) (((sign_extend (m := 12) (0x04#6)))) (ADDI))
  jalr_gpr_imm_64__reg_a0__cpp__native_first CERTIFIED   29.9s  (pure_ITYPE (a) (((sign_extend (m := 12) (0x04#6)))) (ADDI))
  jalr_gpr_imm_64__reg_a0__rust__native_first CERTIFIED   28.9s  (pure_ITYPE (a) (((sign_extend (m := 12) (0x04#6)))) (ADDI))
  jalr_gpr_mem_64__reg_a0__cpp__native_first CERTIFIED   28.9s  (pure_ITYPE (a) (((sign_extend (m := 12) (0x04#6)))) (ADDI))
  jalr_gpr_mem_64__reg_a0__rust__native_first CERTIFIED   31.5s  (pure_ITYPE (a) (((sign_extend (m := 12) (0x04#6)))) (ADDI))
  lbu_gpr_fpr_8__reg_a0__cpp__native_first FAILED      26.9s  a
      PseudoCoupHQ/Research/oracle/riscv/leanpath/walk_corpus_3/Walk_lbu_gpr_fpr_8__reg_a0__cpp__native_first.lean:232:65: error: unexpected token ','; expected ']'
      PseudoCoupHQ/Research/oracle/riscv/leanpath/walk_corpus_3/Walk_lbu_gpr_fpr_8__reg_a0__cpp__native_first.lean:231:13: error: unsolved goals
        | EStateM.Result.error a a_1 => False
  lbu_gpr_fpr_8__reg_a0__rust__native_first FAILED      39.1s  a
      PseudoCoupHQ/Research/oracle/riscv/leanpath/walk_corpus_3/Walk_lbu_gpr_fpr_8__reg_a0__rust__native_first.lean:232:65: error: unexpected token ','; expected ']'
      PseudoCoupHQ/Research/oracle/riscv/leanpath/walk_corpus_3/Walk_lbu_gpr_fpr_8__reg_a0__rust__native_first.lean:231:13: error: unsolved goals
        | EStateM.Result.error a a_1 => False
  lbu_gpr_fpr_fpr_8__reg_a0__cpp__native_first FAILED      25.6s  a
      PseudoCoupHQ/Research/oracle/riscv/leanpath/walk_corpus_3/Walk_lbu_gpr_fpr_fpr_8__reg_a0__cpp__native_first.lean:232:65: error: unexpected token ','; expected ']'
      PseudoCoupHQ/Research/oracle/riscv/leanpath/walk_corpus_3/Walk_lbu_gpr_fpr_fpr_8__reg_a0__cpp__native_first.lean:231:13: error: unsolved goals
        | EStateM.Result.error a a_1 => False
  lbu_gpr_fpr_fpr_8__reg_a0__rust__native_first FAILED      27.4s  a
      PseudoCoupHQ/Research/oracle/riscv/leanpath/walk_corpus_3/Walk_lbu_gpr_fpr_fpr_8__reg_a0__rust__native_first.lean:232:65: error: unexpected token ','; expected ']'
      PseudoCoupHQ/Research/oracle/riscv/leanpath/walk_corpus_3/Walk_lbu_gpr_fpr_fpr_8__reg_a0__rust__native_first.lean:231:13: error: unsolved goals
        | EStateM.Result.error a a_1 => False
  lbu_gpr_gpr_8__reg_a0__cpp__native_first FAILED      25.3s  a
      PseudoCoupHQ/Research/oracle/riscv/leanpath/walk_corpus_3/Walk_lbu_gpr_gpr_8__reg_a0__cpp__native_first.lean:232:65: error: unexpected token ','; expected ']'
      PseudoCoupHQ/Research/oracle/riscv/leanpath/walk_corpus_3/Walk_lbu_gpr_gpr_8__reg_a0__cpp__native_first.lean:231:13: error: unsolved goals
        | EStateM.Result.error a a_1 => False
  lbu_gpr_gpr_8__reg_a0__rust__native_first FAILED      26.6s  a
      PseudoCoupHQ/Research/oracle/riscv/leanpath/walk_corpus_3/Walk_lbu_gpr_gpr_8__reg_a0__rust__native_first.lean:232:65: error: unexpected token ','; expected ']'
      PseudoCoupHQ/Research/oracle/riscv/leanpath/walk_corpus_3/Walk_lbu_gpr_gpr_8__reg_a0__rust__native_first.lean:231:13: error: unsolved goals
        | EStateM.Result.error a a_1 => False
  lbu_gpr_gpr_gpr_8__reg_a0__cpp__native_first FAILED      27.1s  a
      PseudoCoupHQ/Research/oracle/riscv/leanpath/walk_corpus_3/Walk_lbu_gpr_gpr_gpr_8__reg_a0__cpp__native_first.lean:232:65: error: unexpected token ','; expected ']'
      PseudoCoupHQ/Research/oracle/riscv/leanpath/walk_corpus_3/Walk_lbu_gpr_gpr_gpr_8__reg_a0__cpp__native_first.lean:231:13: error: unsolved goals
        | EStateM.Result.error a a_1 => False
  lbu_gpr_gpr_gpr_8__reg_a0__rust__native_first FAILED      34.3s  a
      PseudoCoupHQ/Research/oracle/riscv/leanpath/walk_corpus_3/Walk_lbu_gpr_gpr_gpr_8__reg_a0__rust__native_first.lean:232:65: error: unexpected token ','; expected ']'
      PseudoCoupHQ/Research/oracle/riscv/leanpath/walk_corpus_3/Walk_lbu_gpr_gpr_gpr_8__reg_a0__rust__native_first.lean:231:13: error: unsolved goals
        | EStateM.Result.error a a_1 => False
  lbu_gpr_gpr_imm_8__reg_a0__cpp__native_first FAILED      27.9s  a
      PseudoCoupHQ/Research/oracle/riscv/leanpath/walk_corpus_3/Walk_lbu_gpr_gpr_imm_8__reg_a0__cpp__native_first.lean:232:65: error: unexpected token ','; expected ']'
      PseudoCoupHQ/Research/oracle/riscv/leanpath/walk_corpus_3/Walk_lbu_gpr_gpr_imm_8__reg_a0__cpp__native_first.lean:231:13: error: unsolved goals
        | EStateM.Result.error a a_1 => False
  lbu_gpr_gpr_imm_8__reg_a0__rust__native_first FAILED      27.2s  a
      PseudoCoupHQ/Research/oracle/riscv/leanpath/walk_corpus_3/Walk_lbu_gpr_gpr_imm_8__reg_a0__rust__native_first.lean:232:65: error: unexpected token ','; expected ']'
      PseudoCoupHQ/Research/oracle/riscv/leanpath/walk_corpus_3/Walk_lbu_gpr_gpr_imm_8__reg_a0__rust__native_first.lean:231:13: error: unsolved goals
        | EStateM.Result.error a a_1 => False
  lbu_gpr_gpr_same_8__reg_a0__cpp__native_first FAILED      25.8s  a
      PseudoCoupHQ/Research/oracle/riscv/leanpath/walk_corpus_3/Walk_lbu_gpr_gpr_same_8__reg_a0__cpp__native_first.lean:232:65: error: unexpected token ','; expected ']'
      PseudoCoupHQ/Research/oracle/riscv/leanpath/walk_corpus_3/Walk_lbu_gpr_gpr_same_8__reg_a0__cpp__native_first.lean:231:13: error: unsolved goals
        | EStateM.Result.error a a_1 => False
  lbu_gpr_gpr_same_8__reg_a0__rust__native_first FAILED      27.3s  a
      PseudoCoupHQ/Research/oracle/riscv/leanpath/walk_corpus_3/Walk_lbu_gpr_gpr_same_8__reg_a0__rust__native_first.lean:232:65: error: unexpected token ','; expected ']'
      PseudoCoupHQ/Research/oracle/riscv/leanpath/walk_corpus_3/Walk_lbu_gpr_gpr_same_8__reg_a0__rust__native_first.lean:231:13: error: unsolved goals
        | EStateM.Result.error a a_1 => False
  lbu_gpr_imm_8__reg_a0__cpp__native_first FAILED      29.1s  a
      PseudoCoupHQ/Research/oracle/riscv/leanpath/walk_corpus_3/Walk_lbu_gpr_imm_8__reg_a0__cpp__native_first.lean:232:65: error: unexpected token ','; expected ']'
      PseudoCoupHQ/Research/oracle/riscv/leanpath/walk_corpus_3/Walk_lbu_gpr_imm_8__reg_a0__cpp__native_first.lean:231:13: error: unsolved goals
        | EStateM.Result.error a a_1 => False
  lbu_gpr_imm_8__reg_a0__rust__native_first FAILED      26.3s  a
      PseudoCoupHQ/Research/oracle/riscv/leanpath/walk_corpus_3/Walk_lbu_gpr_imm_8__reg_a0__rust__native_first.lean:232:65: error: unexpected token ','; expected ']'
      PseudoCoupHQ/Research/oracle/riscv/leanpath/walk_corpus_3/Walk_lbu_gpr_imm_8__reg_a0__rust__native_first.lean:231:13: error: unsolved goals
        | EStateM.Result.error a a_1 => False
  lbu_gpr_mem_8__reg_a0__cpp__native_first FAILED      29.7s  a
      PseudoCoupHQ/Research/oracle/riscv/leanpath/walk_corpus_3/Walk_lbu_gpr_mem_8__reg_a0__cpp__native_first.lean:232:65: error: unexpected token ','; expected ']'
      PseudoCoupHQ/Research/oracle/riscv/leanpath/walk_corpus_3/Walk_lbu_gpr_mem_8__reg_a0__cpp__native_first.lean:231:13: error: unsolved goals
        | EStateM.Result.error a a_1 => False
  lbu_gpr_mem_8__reg_a0__rust__native_first FAILED      33.5s  a
      PseudoCoupHQ/Research/oracle/riscv/leanpath/walk_corpus_3/Walk_lbu_gpr_mem_8__reg_a0__rust__native_first.lean:232:65: error: unexpected token ','; expected ']'
      PseudoCoupHQ/Research/oracle/riscv/leanpath/walk_corpus_3/Walk_lbu_gpr_mem_8__reg_a0__rust__native_first.lean:231:13: error: unsolved goals
        | EStateM.Result.error a a_1 => False
  ld_gpr_fpr_64__reg_a0__cpp__native_first FAILED      28.3s  a
      PseudoCoupHQ/Research/oracle/riscv/leanpath/walk_corpus_3/Walk_ld_gpr_fpr_64__reg_a0__cpp__native_first.lean:232:65: error: unexpected token ','; expected ']'
      PseudoCoupHQ/Research/oracle/riscv/leanpath/walk_corpus_3/Walk_ld_gpr_fpr_64__reg_a0__cpp__native_first.lean:231:13: error: unsolved goals
        | EStateM.Result.error a a_1 => False
  ld_gpr_fpr_64__reg_a0__rust__native_first FAILED      29.0s  a
      PseudoCoupHQ/Research/oracle/riscv/leanpath/walk_corpus_3/Walk_ld_gpr_fpr_64__reg_a0__rust__native_first.lean:232:65: error: unexpected token ','; expected ']'
      PseudoCoupHQ/Research/oracle/riscv/leanpath/walk_corpus_3/Walk_ld_gpr_fpr_64__reg_a0__rust__native_first.lean:231:13: error: unsolved goals
        | EStateM.Result.error a a_1 => False
  ld_gpr_fpr_fpr_64__reg_a0__cpp__native_first FAILED      27.1s  a
      PseudoCoupHQ/Research/oracle/riscv/leanpath/walk_corpus_3/Walk_ld_gpr_fpr_fpr_64__reg_a0__cpp__native_first.lean:232:65: error: unexpected token ','; expected ']'
      PseudoCoupHQ/Research/oracle/riscv/leanpath/walk_corpus_3/Walk_ld_gpr_fpr_fpr_64__reg_a0__cpp__native_first.lean:231:13: error: unsolved goals
        | EStateM.Result.error a a_1 => False
  ld_gpr_fpr_fpr_64__reg_a0__rust__native_first FAILED      23.5s  a
      PseudoCoupHQ/Research/oracle/riscv/leanpath/walk_corpus_3/Walk_ld_gpr_fpr_fpr_64__reg_a0__rust__native_first.lean:232:65: error: unexpected token ','; expected ']'
      PseudoCoupHQ/Research/oracle/riscv/leanpath/walk_corpus_3/Walk_ld_gpr_fpr_fpr_64__reg_a0__rust__native_first.lean:231:13: error: unsolved goals
        | EStateM.Result.error a a_1 => False
  ld_gpr_gpr_64__reg_a0__cpp__native_first FAILED      29.0s  a
      PseudoCoupHQ/Research/oracle/riscv/leanpath/walk_corpus_3/Walk_ld_gpr_gpr_64__reg_a0__cpp__native_first.lean:232:65: error: unexpected token ','; expected ']'
      PseudoCoupHQ/Research/oracle/riscv/leanpath/walk_corpus_3/Walk_ld_gpr_gpr_64__reg_a0__cpp__native_first.lean:231:13: error: unsolved goals
        | EStateM.Result.error a a_1 => False
  ld_gpr_gpr_64__reg_a0__rust__native_first FAILED      30.0s  a
      PseudoCoupHQ/Research/oracle/riscv/leanpath/walk_corpus_3/Walk_ld_gpr_gpr_64__reg_a0__rust__native_first.lean:232:65: error: unexpected token ','; expected ']'
      PseudoCoupHQ/Research/oracle/riscv/leanpath/walk_corpus_3/Walk_ld_gpr_gpr_64__reg_a0__rust__native_first.lean:231:13: error: unsolved goals
        | EStateM.Result.error a a_1 => False
  ld_gpr_gpr_gpr_64__reg_a0__cpp__native_first FAILED      25.6s  a
      PseudoCoupHQ/Research/oracle/riscv/leanpath/walk_corpus_3/Walk_ld_gpr_gpr_gpr_64__reg_a0__cpp__native_first.lean:232:65: error: unexpected token ','; expected ']'
      PseudoCoupHQ/Research/oracle/riscv/leanpath/walk_corpus_3/Walk_ld_gpr_gpr_gpr_64__reg_a0__cpp__native_first.lean:231:13: error: unsolved goals
        | EStateM.Result.error a a_1 => False
  ld_gpr_gpr_gpr_64__reg_a0__rust__native_first FAILED      30.9s  a
      PseudoCoupHQ/Research/oracle/riscv/leanpath/walk_corpus_3/Walk_ld_gpr_gpr_gpr_64__reg_a0__rust__native_first.lean:232:65: error: unexpected token ','; expected ']'
      PseudoCoupHQ/Research/oracle/riscv/leanpath/walk_corpus_3/Walk_ld_gpr_gpr_gpr_64__reg_a0__rust__native_first.lean:231:13: error: unsolved goals
        | EStateM.Result.error a a_1 => False
  ld_gpr_gpr_imm_64__reg_a0__cpp__native_first FAILED      28.3s  a
      PseudoCoupHQ/Research/oracle/riscv/leanpath/walk_corpus_3/Walk_ld_gpr_gpr_imm_64__reg_a0__cpp__native_first.lean:232:65: error: unexpected token ','; expected ']'
      PseudoCoupHQ/Research/oracle/riscv/leanpath/walk_corpus_3/Walk_ld_gpr_gpr_imm_64__reg_a0__cpp__native_first.lean:231:13: error: unsolved goals
        | EStateM.Result.error a a_1 => False
  ld_gpr_gpr_imm_64__reg_a0__rust__native_first FAILED      27.0s  a
      PseudoCoupHQ/Research/oracle/riscv/leanpath/walk_corpus_3/Walk_ld_gpr_gpr_imm_64__reg_a0__rust__native_first.lean:232:65: error: unexpected token ','; expected ']'
      PseudoCoupHQ/Research/oracle/riscv/leanpath/walk_corpus_3/Walk_ld_gpr_gpr_imm_64__reg_a0__rust__native_first.lean:231:13: error: unsolved goals
        | EStateM.Result.error a a_1 => False
  ld_gpr_gpr_same_64__reg_a0__cpp__native_first FAILED      25.5s  a
      PseudoCoupHQ/Research/oracle/riscv/leanpath/walk_corpus_3/Walk_ld_gpr_gpr_same_64__reg_a0__cpp__native_first.lean:232:65: error: unexpected token ','; expected ']'
      PseudoCoupHQ/Research/oracle/riscv/leanpath/walk_corpus_3/Walk_ld_gpr_gpr_same_64__reg_a0__cpp__native_first.lean:231:13: error: unsolved goals
        | EStateM.Result.error a a_1 => False
  ld_gpr_gpr_same_64__reg_a0__rust__native_first FAILED      26.3s  a
      PseudoCoupHQ/Research/oracle/riscv/leanpath/walk_corpus_3/Walk_ld_gpr_gpr_same_64__reg_a0__rust__native_first.lean:232:65: error: unexpected token ','; expected ']'
      PseudoCoupHQ/Research/oracle/riscv/leanpath/walk_corpus_3/Walk_ld_gpr_gpr_same_64__reg_a0__rust__native_first.lean:231:13: error: unsolved goals
        | EStateM.Result.error a a_1 => False
  ld_gpr_imm_64__reg_a0__cpp__native_first FAILED      26.0s  a
      PseudoCoupHQ/Research/oracle/riscv/leanpath/walk_corpus_3/Walk_ld_gpr_imm_64__reg_a0__cpp__native_first.lean:232:65: error: unexpected token ','; expected ']'
      PseudoCoupHQ/Research/oracle/riscv/leanpath/walk_corpus_3/Walk_ld_gpr_imm_64__reg_a0__cpp__native_first.lean:231:13: error: unsolved goals
        | EStateM.Result.error a a_1 => False
  ld_gpr_imm_64__reg_a0__rust__native_first FAILED      31.7s  a
      PseudoCoupHQ/Research/oracle/riscv/leanpath/walk_corpus_3/Walk_ld_gpr_imm_64__reg_a0__rust__native_first.lean:232:65: error: unexpected token ','; expected ']'
      PseudoCoupHQ/Research/oracle/riscv/leanpath/walk_corpus_3/Walk_ld_gpr_imm_64__reg_a0__rust__native_first.lean:231:13: error: unsolved goals
        | EStateM.Result.error a a_1 => False
  ld_gpr_mem_64__reg_a0__cpp__native_first FAILED      33.3s  a
      PseudoCoupHQ/Research/oracle/riscv/leanpath/walk_corpus_3/Walk_ld_gpr_mem_64__reg_a0__cpp__native_first.lean:232:65: error: unexpected token ','; expected ']'
      PseudoCoupHQ/Research/oracle/riscv/leanpath/walk_corpus_3/Walk_ld_gpr_mem_64__reg_a0__cpp__native_first.lean:231:13: error: unsolved goals
        | EStateM.Result.error a a_1 => False
  ld_gpr_mem_64__reg_a0__rust__native_first FAILED      26.5s  a
      PseudoCoupHQ/Research/oracle/riscv/leanpath/walk_corpus_3/Walk_ld_gpr_mem_64__reg_a0__rust__native_first.lean:232:65: error: unexpected token ','; expected ']'
      PseudoCoupHQ/Research/oracle/riscv/leanpath/walk_corpus_3/Walk_ld_gpr_mem_64__reg_a0__rust__native_first.lean:231:13: error: unsolved goals
        | EStateM.Result.error a a_1 => False
  lhu_gpr_fpr_16__reg_a0__cpp__native_first FAILED      29.7s  a
      PseudoCoupHQ/Research/oracle/riscv/leanpath/walk_corpus_3/Walk_lhu_gpr_fpr_16__reg_a0__cpp__native_first.lean:232:65: error: unexpected token ','; expected ']'
      PseudoCoupHQ/Research/oracle/riscv/leanpath/walk_corpus_3/Walk_lhu_gpr_fpr_16__reg_a0__cpp__native_first.lean:231:13: error: unsolved goals
        | EStateM.Result.error a a_1 => False
  lhu_gpr_fpr_16__reg_a0__rust__native_first FAILED      29.4s  a
      PseudoCoupHQ/Research/oracle/riscv/leanpath/walk_corpus_3/Walk_lhu_gpr_fpr_16__reg_a0__rust__native_first.lean:232:65: error: unexpected token ','; expected ']'
      PseudoCoupHQ/Research/oracle/riscv/leanpath/walk_corpus_3/Walk_lhu_gpr_fpr_16__reg_a0__rust__native_first.lean:231:13: error: unsolved goals
        | EStateM.Result.error a a_1 => False
  lhu_gpr_fpr_fpr_16__reg_a0__cpp__native_first FAILED      30.1s  a
      PseudoCoupHQ/Research/oracle/riscv/leanpath/walk_corpus_3/Walk_lhu_gpr_fpr_fpr_16__reg_a0__cpp__native_first.lean:232:65: error: unexpected token ','; expected ']'
      PseudoCoupHQ/Research/oracle/riscv/leanpath/walk_corpus_3/Walk_lhu_gpr_fpr_fpr_16__reg_a0__cpp__native_first.lean:231:13: error: unsolved goals
        | EStateM.Result.error a a_1 => False
  lhu_gpr_fpr_fpr_16__reg_a0__rust__native_first FAILED      27.7s  a
      PseudoCoupHQ/Research/oracle/riscv/leanpath/walk_corpus_3/Walk_lhu_gpr_fpr_fpr_16__reg_a0__rust__native_first.lean:232:65: error: unexpected token ','; expected ']'
      PseudoCoupHQ/Research/oracle/riscv/leanpath/walk_corpus_3/Walk_lhu_gpr_fpr_fpr_16__reg_a0__rust__native_first.lean:231:13: error: unsolved goals
        | EStateM.Result.error a a_1 => False
  lhu_gpr_gpr_16__reg_a0__cpp__native_first FAILED      32.2s  a
      PseudoCoupHQ/Research/oracle/riscv/leanpath/walk_corpus_3/Walk_lhu_gpr_gpr_16__reg_a0__cpp__native_first.lean:232:65: error: unexpected token ','; expected ']'
      PseudoCoupHQ/Research/oracle/riscv/leanpath/walk_corpus_3/Walk_lhu_gpr_gpr_16__reg_a0__cpp__native_first.lean:231:13: error: unsolved goals
        | EStateM.Result.error a a_1 => False
  lhu_gpr_gpr_16__reg_a0__rust__native_first FAILED      31.3s  a
      PseudoCoupHQ/Research/oracle/riscv/leanpath/walk_corpus_3/Walk_lhu_gpr_gpr_16__reg_a0__rust__native_first.lean:232:65: error: unexpected token ','; expected ']'
      PseudoCoupHQ/Research/oracle/riscv/leanpath/walk_corpus_3/Walk_lhu_gpr_gpr_16__reg_a0__rust__native_first.lean:231:13: error: unsolved goals
        | EStateM.Result.error a a_1 => False
  lhu_gpr_gpr_gpr_16__reg_a0__cpp__native_first FAILED      28.1s  a
      PseudoCoupHQ/Research/oracle/riscv/leanpath/walk_corpus_3/Walk_lhu_gpr_gpr_gpr_16__reg_a0__cpp__native_first.lean:232:65: error: unexpected token ','; expected ']'
      PseudoCoupHQ/Research/oracle/riscv/leanpath/walk_corpus_3/Walk_lhu_gpr_gpr_gpr_16__reg_a0__cpp__native_first.lean:231:13: error: unsolved goals
        | EStateM.Result.error a a_1 => False
  lhu_gpr_gpr_gpr_16__reg_a0__rust__native_first FAILED      33.1s  a
      PseudoCoupHQ/Research/oracle/riscv/leanpath/walk_corpus_3/Walk_lhu_gpr_gpr_gpr_16__reg_a0__rust__native_first.lean:232:65: error: unexpected token ','; expected ']'
      PseudoCoupHQ/Research/oracle/riscv/leanpath/walk_corpus_3/Walk_lhu_gpr_gpr_gpr_16__reg_a0__rust__native_first.lean:231:13: error: unsolved goals
        | EStateM.Result.error a a_1 => False
  lhu_gpr_gpr_imm_16__reg_a0__cpp__native_first FAILED      28.2s  a
      PseudoCoupHQ/Research/oracle/riscv/leanpath/walk_corpus_3/Walk_lhu_gpr_gpr_imm_16__reg_a0__cpp__native_first.lean:232:65: error: unexpected token ','; expected ']'
      PseudoCoupHQ/Research/oracle/riscv/leanpath/walk_corpus_3/Walk_lhu_gpr_gpr_imm_16__reg_a0__cpp__native_first.lean:231:13: error: unsolved goals
        | EStateM.Result.error a a_1 => False
  lhu_gpr_gpr_imm_16__reg_a0__rust__native_first FAILED      26.8s  a
      PseudoCoupHQ/Research/oracle/riscv/leanpath/walk_corpus_3/Walk_lhu_gpr_gpr_imm_16__reg_a0__rust__native_first.lean:232:65: error: unexpected token ','; expected ']'
      PseudoCoupHQ/Research/oracle/riscv/leanpath/walk_corpus_3/Walk_lhu_gpr_gpr_imm_16__reg_a0__rust__native_first.lean:231:13: error: unsolved goals
        | EStateM.Result.error a a_1 => False
  lhu_gpr_gpr_same_16__reg_a0__cpp__native_first FAILED      30.7s  a
      PseudoCoupHQ/Research/oracle/riscv/leanpath/walk_corpus_3/Walk_lhu_gpr_gpr_same_16__reg_a0__cpp__native_first.lean:232:65: error: unexpected token ','; expected ']'
      PseudoCoupHQ/Research/oracle/riscv/leanpath/walk_corpus_3/Walk_lhu_gpr_gpr_same_16__reg_a0__cpp__native_first.lean:231:13: error: unsolved goals
        | EStateM.Result.error a a_1 => False
  lhu_gpr_gpr_same_16__reg_a0__rust__native_first FAILED      27.5s  a
      PseudoCoupHQ/Research/oracle/riscv/leanpath/walk_corpus_3/Walk_lhu_gpr_gpr_same_16__reg_a0__rust__native_first.lean:232:65: error: unexpected token ','; expected ']'
      PseudoCoupHQ/Research/oracle/riscv/leanpath/walk_corpus_3/Walk_lhu_gpr_gpr_same_16__reg_a0__rust__native_first.lean:231:13: error: unsolved goals
        | EStateM.Result.error a a_1 => False
  lhu_gpr_imm_16__reg_a0__cpp__native_first FAILED      28.3s  a
      PseudoCoupHQ/Research/oracle/riscv/leanpath/walk_corpus_3/Walk_lhu_gpr_imm_16__reg_a0__cpp__native_first.lean:232:65: error: unexpected token ','; expected ']'
      PseudoCoupHQ/Research/oracle/riscv/leanpath/walk_corpus_3/Walk_lhu_gpr_imm_16__reg_a0__cpp__native_first.lean:231:13: error: unsolved goals
        | EStateM.Result.error a a_1 => False
  lhu_gpr_imm_16__reg_a0__rust__native_first FAILED      26.7s  a
      PseudoCoupHQ/Research/oracle/riscv/leanpath/walk_corpus_3/Walk_lhu_gpr_imm_16__reg_a0__rust__native_first.lean:232:65: error: unexpected token ','; expected ']'
      PseudoCoupHQ/Research/oracle/riscv/leanpath/walk_corpus_3/Walk_lhu_gpr_imm_16__reg_a0__rust__native_first.lean:231:13: error: unsolved goals
        | EStateM.Result.error a a_1 => False
  lhu_gpr_mem_16__reg_a0__cpp__native_first FAILED      28.2s  a
      PseudoCoupHQ/Research/oracle/riscv/leanpath/walk_corpus_3/Walk_lhu_gpr_mem_16__reg_a0__cpp__native_first.lean:232:65: error: unexpected token ','; expected ']'
      PseudoCoupHQ/Research/oracle/riscv/leanpath/walk_corpus_3/Walk_lhu_gpr_mem_16__reg_a0__cpp__native_first.lean:231:13: error: unsolved goals
        | EStateM.Result.error a a_1 => False
  lhu_gpr_mem_16__reg_a0__rust__native_first FAILED      32.2s  a
      PseudoCoupHQ/Research/oracle/riscv/leanpath/walk_corpus_3/Walk_lhu_gpr_mem_16__reg_a0__rust__native_first.lean:232:65: error: unexpected token ','; expected ']'
      PseudoCoupHQ/Research/oracle/riscv/leanpath/walk_corpus_3/Walk_lhu_gpr_mem_16__reg_a0__rust__native_first.lean:231:13: error: unsolved goals
        | EStateM.Result.error a a_1 => False
  lwu_gpr_fpr_32__reg_a0__cpp__native_first CERTIFIED   33.9s  (pure_ZBA_RTYPEUW (a) (zero_reg) (0b00#2))
  lwu_gpr_fpr_32__reg_a0__rust__native_first CERTIFIED   28.4s  (pure_SHIFTIOP ((pure_SHIFTIOP (a) ((0x20#6)) (SLLI))) ((0x20#6)) (SRLI))
  lwu_gpr_fpr_fpr_32__reg_a0__cpp__native_first CERTIFIED   31.6s  (pure_ZBA_RTYPEUW (a) (zero_reg) (0b00#2))
  lwu_gpr_fpr_fpr_32__reg_a0__rust__native_first CERTIFIED   27.8s  (pure_SHIFTIOP ((pure_SHIFTIOP (a) ((0x20#6)) (SLLI))) ((0x20#6)) (SRLI))
  lwu_gpr_gpr_32__reg_a0__cpp__native_first CERTIFIED   29.4s  (pure_ZBA_RTYPEUW (a) (zero_reg) (0b00#2))
  lwu_gpr_gpr_32__reg_a0__rust__native_first CERTIFIED   31.1s  (pure_SHIFTIOP ((pure_SHIFTIOP (a) ((0x20#6)) (SLLI))) ((0x20#6)) (SRLI))
  lwu_gpr_gpr_gpr_32__reg_a0__cpp__native_first CERTIFIED   28.6s  (pure_ZBA_RTYPEUW (a) (zero_reg) (0b00#2))
  lwu_gpr_gpr_gpr_32__reg_a0__rust__native_first CERTIFIED   26.9s  (pure_SHIFTIOP ((pure_SHIFTIOP (a) ((0x20#6)) (SLLI))) ((0x20#6)) (SRLI))
  lwu_gpr_gpr_imm_32__reg_a0__cpp__native_first CERTIFIED   26.6s  (pure_ZBA_RTYPEUW (a) (zero_reg) (0b00#2))
  lwu_gpr_gpr_imm_32__reg_a0__rust__native_first CERTIFIED   30.6s  (pure_SHIFTIOP ((pure_SHIFTIOP (a) ((0x20#6)) (SLLI))) ((0x20#6)) (SRLI))
  lwu_gpr_gpr_same_32__reg_a0__cpp__native_first CERTIFIED   30.6s  (pure_ZBA_RTYPEUW (a) (zero_reg) (0b00#2))
  lwu_gpr_gpr_same_32__reg_a0__rust__native_first CERTIFIED   32.0s  (pure_SHIFTIOP ((pure_SHIFTIOP (a) ((0x20#6)) (SLLI))) ((0x20#6)) (SRLI))
  lwu_gpr_imm_32__reg_a0__cpp__native_first CERTIFIED   26.9s  (pure_ZBA_RTYPEUW (a) (zero_reg) (0b00#2))
  lwu_gpr_imm_32__reg_a0__rust__native_first CERTIFIED   29.2s  (pure_SHIFTIOP ((pure_SHIFTIOP (a) ((0x20#6)) (SLLI))) ((0x20#6)) (SRLI))
  lwu_gpr_mem_32__reg_a0__cpp__native_first CERTIFIED   30.3s  (pure_ZBA_RTYPEUW (a) (zero_reg) (0b00#2))
  lwu_gpr_mem_32__reg_a0__rust__native_first CERTIFIED   28.6s  (pure_SHIFTIOP ((pure_SHIFTIOP (a) ((0x20#6)) (SLLI))) ((0x20#6)) (SRLI))
  mul_gpr_gpr_gpr_64__reg_a0__cpp__native_first CERTIFIED   30.9s  (pure_MUL (a) (b) ({ result_part := Low, signed_rs1 := Signed, signed_rs2 := Signed }))
  mul_gpr_gpr_gpr_64__reg_a0__rust__native_first CERTIFIED   28.6s  (pure_MUL (b) (a) ({ result_part := LeanIM.VectorHalf.Low, signed_rs1 := LeanIM.Signedness
  mul_gpr_gpr_same_64__reg_a0__cpp__native_first CERTIFIED   31.1s  (pure_MUL (a) (a) ({ result_part := Low, signed_rs1 := Signed, signed_rs2 := Signed }))
  mul_gpr_gpr_same_64__reg_a0__rust__native_first CERTIFIED   38.1s  (pure_MUL (a) (a) ({ result_part := LeanIM.VectorHalf.Low, signed_rs1 := LeanIM.Signedness
  mulhu_gpr_gpr_gpr_64__reg_a0__cpp__native_first CERTIFIED   28.1s  (pure_MUL (b) (a) ({ result_part := LeanIM.VectorHalf.High, signed_rs1 := LeanIM.Signednes
  mulhu_gpr_gpr_gpr_64__reg_a0__rust__native_first CERTIFIED   28.7s  (pure_MUL (b) (a) ({ result_part := LeanIM.VectorHalf.High, signed_rs1 := LeanIM.Signednes
  mulhu_gpr_gpr_same_64__reg_a0__cpp__native_first CERTIFIED   31.6s  (pure_MUL (a) (a) ({ result_part := LeanIM.VectorHalf.High, signed_rs1 := LeanIM.Signednes
  mulhu_gpr_gpr_same_64__reg_a0__rust__native_first CERTIFIED   30.5s  (pure_MUL (a) (a) ({ result_part := LeanIM.VectorHalf.High, signed_rs1 := LeanIM.Signednes
  or_gpr_gpr_gpr_64__reg_a0__cpp__native_first CERTIFIED   32.0s  (pure_RTYPE (a) (b) (OR))
  or_gpr_gpr_gpr_64__reg_a0__rust__native_first CERTIFIED   29.3s  (pure_RTYPE (a) (b) (OR))
  or_gpr_gpr_same_64__reg_a0__cpp__native_first FAILED      33.2s  a
      PseudoCoupHQ/Research/oracle/riscv/leanpath/walk_corpus_3/Walk_or_gpr_gpr_same_64__reg_a0__cpp__native_first.lean:232:65: error: unexpected token ','; expected ']'
      PseudoCoupHQ/Research/oracle/riscv/leanpath/walk_corpus_3/Walk_or_gpr_gpr_same_64__reg_a0__cpp__native_first.lean:231:13: error: unsolved goals
        | EStateM.Result.error a a_1 => False
  or_gpr_gpr_same_64__reg_a0__rust__native_first FAILED      30.4s  a
      PseudoCoupHQ/Research/oracle/riscv/leanpath/walk_corpus_3/Walk_or_gpr_gpr_same_64__reg_a0__rust__native_first.lean:232:65: error: unexpected token ','; expected ']'
      PseudoCoupHQ/Research/oracle/riscv/leanpath/walk_corpus_3/Walk_or_gpr_gpr_same_64__reg_a0__rust__native_first.lean:231:13: error: unsolved goals
        | EStateM.Result.error a a_1 => False
  ori_gpr_gpr_imm_64__reg_a0__cpp__native_first CERTIFIED   34.7s  (pure_ITYPE (a) (0x003#12) (LeanIM.iop.ORI))
  ori_gpr_gpr_imm_64__reg_a0__rust__native_first CERTIFIED   32.3s  (pure_ITYPE (a) (0x003#12) (LeanIM.iop.ORI))
  rem_gpr_gpr_gpr_64__reg_a0__rust__native_first CERTIFIED   34.3s  (pure_RTYPE ((pure_ITYPE ((pure_ITYPE ((pure_RTYPE ((pure_ITYPE (a) (0xfff#12) (LeanIM.iop
  rem_gpr_gpr_same_64__reg_a0__cpp__native_first CERTIFIED   28.8s  (pure_ITYPE (zero_reg) (((sign_extend (m := 12) (0x00#6)))) (ADDI))
  rem_gpr_gpr_same_64__reg_a0__rust__native_first CERTIFIED   30.8s  (pure_ITYPE (zero_reg) (((sign_extend (m := 12) (0x00#6)))) (ADDI))
  remu_gpr_gpr_gpr_64__reg_a0__cpp__native_first CERTIFIED   31.4s  (pure_REM (b) (a) (true))
  remu_gpr_gpr_gpr_64__reg_a0__rust__native_first CERTIFIED   34.5s  (pure_REM (b) (a) (true))
  remu_gpr_gpr_same_64__reg_a0__cpp__native_first CERTIFIED   36.3s  (pure_ITYPE (zero_reg) (((sign_extend (m := 12) (0x00#6)))) (ADDI))
  remu_gpr_gpr_same_64__reg_a0__rust__native_first CERTIFIED   29.1s  (pure_ITYPE (zero_reg) (((sign_extend (m := 12) (0x00#6)))) (ADDI))
  remuw_gpr_gpr_same_32__reg_a0__cpp__native_first CERTIFIED   26.1s  (pure_ITYPE (zero_reg) (((sign_extend (m := 12) (0x00#6)))) (ADDI))
  remuw_gpr_gpr_same_32__reg_a0__rust__native_first CERTIFIED   28.5s  (pure_ITYPE (zero_reg) (((sign_extend (m := 12) (0x00#6)))) (ADDI))
  remw_gpr_gpr_same_32__reg_a0__cpp__native_first CERTIFIED   29.2s  (pure_ITYPE (zero_reg) (((sign_extend (m := 12) (0x00#6)))) (ADDI))
  remw_gpr_gpr_same_32__reg_a0__rust__native_first CERTIFIED   33.1s  (pure_ITYPE (zero_reg) (((sign_extend (m := 12) (0x00#6)))) (ADDI))
  sb_gpr_fpr_8__mem_MEM_fa1__cpp__native_first CERTIFIED   34.6s  (pure_RTYPE ((pure_ITYPE (a) (0xf00#12) (LeanIM.iop.ANDI))) (b) (OR))
  sb_gpr_fpr_8__mem_MEM_fa1__rust__native_first CERTIFIED   37.4s  (pure_RTYPE ((pure_ITYPE (a) (0xf00#12) (LeanIM.iop.ANDI))) (b) (OR))
  sb_gpr_fpr_fpr_8__mem_MEM_fa1__cpp__native_first CERTIFIED   31.4s  (pure_RTYPE ((pure_ITYPE (a) (0xf00#12) (LeanIM.iop.ANDI))) (b) (OR))
  sb_gpr_fpr_fpr_8__mem_MEM_fa1__rust__native_first CERTIFIED   30.9s  (pure_RTYPE ((pure_ITYPE (a) (0xf00#12) (LeanIM.iop.ANDI))) (b) (OR))
  sb_gpr_gpr_8__mem_MEM_a1__cpp__native_first CERTIFIED   43.9s  (pure_RTYPE ((pure_ITYPE (a) (0xf00#12) (LeanIM.iop.ANDI))) (b) (OR))
  sb_gpr_gpr_8__mem_MEM_a1__rust__native_first CERTIFIED   28.6s  (pure_RTYPE ((pure_ITYPE (a) (0xf00#12) (LeanIM.iop.ANDI))) (b) (OR))
  sb_gpr_gpr_gpr_8__mem_MEM_a1__cpp__native_first CERTIFIED   28.1s  (pure_RTYPE ((pure_ITYPE (a) (0xf00#12) (LeanIM.iop.ANDI))) (b) (OR))
  sb_gpr_gpr_gpr_8__mem_MEM_a1__rust__native_first CERTIFIED   34.6s  (pure_RTYPE ((pure_ITYPE (a) (0xf00#12) (LeanIM.iop.ANDI))) (b) (OR))
  sb_gpr_gpr_imm_8__mem_MEM_a1__cpp__native_first CERTIFIED   26.6s  (pure_RTYPE ((pure_ITYPE (a) (0xf00#12) (LeanIM.iop.ANDI))) (b) (OR))
  sb_gpr_gpr_imm_8__mem_MEM_a1__rust__native_first CERTIFIED   28.9s  (pure_RTYPE ((pure_ITYPE (a) (0xf00#12) (LeanIM.iop.ANDI))) (b) (OR))
  sb_gpr_gpr_same_8__mem_MEM_a1__cpp__native_first CERTIFIED   35.0s  (pure_RTYPE ((pure_ITYPE (a) (0xf00#12) (LeanIM.iop.ANDI))) (b) (OR))
  sb_gpr_gpr_same_8__mem_MEM_a1__rust__native_first CERTIFIED   30.6s  (pure_RTYPE ((pure_ITYPE (a) (0xf00#12) (LeanIM.iop.ANDI))) (b) (OR))
  sb_gpr_imm_8__mem_MEM_0x3__cpp__native_first CERTIFIED   34.1s  (pure_RTYPE ((pure_ITYPE (a) (0xf00#12) (LeanIM.iop.ANDI))) (b) (OR))
  sb_gpr_imm_8__mem_MEM_0x3__rust__native_first CERTIFIED   30.6s  (pure_RTYPE ((pure_ITYPE (a) (0xf00#12) (LeanIM.iop.ANDI))) (b) (OR))
  sb_gpr_mem_8__mem_MEM_0x0_a1___cpp__native_first CERTIFIED   29.8s  (pure_RTYPE ((pure_ITYPE (a) (0xf00#12) (LeanIM.iop.ANDI))) (b) (OR))
  sb_gpr_mem_8__mem_MEM_0x0_a1___rust__native_first CERTIFIED   30.7s  (pure_RTYPE ((pure_ITYPE (a) (0xf00#12) (LeanIM.iop.ANDI))) (b) (OR))
  sd_gpr_fpr_64__mem_MEM_fa1__cpp__native_first FAILED      29.6s  a
      PseudoCoupHQ/Research/oracle/riscv/leanpath/walk_corpus_3/Walk_sd_gpr_fpr_64__mem_MEM_fa1__cpp__native_first.lean:232:65: error: unexpected token ','; expected ']'
      PseudoCoupHQ/Research/oracle/riscv/leanpath/walk_corpus_3/Walk_sd_gpr_fpr_64__mem_MEM_fa1__cpp__native_first.lean:231:13: error: unsolved goals
        | EStateM.Result.error a a_1 => False
  sd_gpr_fpr_64__mem_MEM_fa1__rust__native_first FAILED      27.1s  a
      PseudoCoupHQ/Research/oracle/riscv/leanpath/walk_corpus_3/Walk_sd_gpr_fpr_64__mem_MEM_fa1__rust__native_first.lean:232:65: error: unexpected token ','; expected ']'
      PseudoCoupHQ/Research/oracle/riscv/leanpath/walk_corpus_3/Walk_sd_gpr_fpr_64__mem_MEM_fa1__rust__native_first.lean:231:13: error: unsolved goals
        | EStateM.Result.error a a_1 => False
  sd_gpr_fpr_fpr_64__mem_MEM_fa1__cpp__native_first FAILED      32.1s  a
      PseudoCoupHQ/Research/oracle/riscv/leanpath/walk_corpus_3/Walk_sd_gpr_fpr_fpr_64__mem_MEM_fa1__cpp__native_first.lean:232:65: error: unexpected token ','; expected ']'
      PseudoCoupHQ/Research/oracle/riscv/leanpath/walk_corpus_3/Walk_sd_gpr_fpr_fpr_64__mem_MEM_fa1__cpp__native_first.lean:231:13: error: unsolved goals
        | EStateM.Result.error a a_1 => False
  sd_gpr_fpr_fpr_64__mem_MEM_fa1__rust__native_first FAILED      27.2s  a
      PseudoCoupHQ/Research/oracle/riscv/leanpath/walk_corpus_3/Walk_sd_gpr_fpr_fpr_64__mem_MEM_fa1__rust__native_first.lean:232:65: error: unexpected token ','; expected ']'
      PseudoCoupHQ/Research/oracle/riscv/leanpath/walk_corpus_3/Walk_sd_gpr_fpr_fpr_64__mem_MEM_fa1__rust__native_first.lean:231:13: error: unsolved goals
        | EStateM.Result.error a a_1 => False
  sd_gpr_gpr_64__mem_MEM_a1__cpp__native_first FAILED      25.2s  a
      PseudoCoupHQ/Research/oracle/riscv/leanpath/walk_corpus_3/Walk_sd_gpr_gpr_64__mem_MEM_a1__cpp__native_first.lean:232:65: error: unexpected token ','; expected ']'
      PseudoCoupHQ/Research/oracle/riscv/leanpath/walk_corpus_3/Walk_sd_gpr_gpr_64__mem_MEM_a1__cpp__native_first.lean:231:13: error: unsolved goals
        | EStateM.Result.error a a_1 => False
  sd_gpr_gpr_64__mem_MEM_a1__rust__native_first FAILED      26.5s  a
      PseudoCoupHQ/Research/oracle/riscv/leanpath/walk_corpus_3/Walk_sd_gpr_gpr_64__mem_MEM_a1__rust__native_first.lean:232:65: error: unexpected token ','; expected ']'
      PseudoCoupHQ/Research/oracle/riscv/leanpath/walk_corpus_3/Walk_sd_gpr_gpr_64__mem_MEM_a1__rust__native_first.lean:231:13: error: unsolved goals
        | EStateM.Result.error a a_1 => False
  sd_gpr_gpr_gpr_64__mem_MEM_a1__cpp__native_first FAILED      33.0s  a
      PseudoCoupHQ/Research/oracle/riscv/leanpath/walk_corpus_3/Walk_sd_gpr_gpr_gpr_64__mem_MEM_a1__cpp__native_first.lean:232:65: error: unexpected token ','; expected ']'
      PseudoCoupHQ/Research/oracle/riscv/leanpath/walk_corpus_3/Walk_sd_gpr_gpr_gpr_64__mem_MEM_a1__cpp__native_first.lean:231:13: error: unsolved goals
        | EStateM.Result.error a a_1 => False
  sd_gpr_gpr_gpr_64__mem_MEM_a1__rust__native_first FAILED      29.1s  a
      PseudoCoupHQ/Research/oracle/riscv/leanpath/walk_corpus_3/Walk_sd_gpr_gpr_gpr_64__mem_MEM_a1__rust__native_first.lean:232:65: error: unexpected token ','; expected ']'
      PseudoCoupHQ/Research/oracle/riscv/leanpath/walk_corpus_3/Walk_sd_gpr_gpr_gpr_64__mem_MEM_a1__rust__native_first.lean:231:13: error: unsolved goals
        | EStateM.Result.error a a_1 => False
  sd_gpr_gpr_imm_64__mem_MEM_a1__cpp__native_first FAILED      30.0s  a
      PseudoCoupHQ/Research/oracle/riscv/leanpath/walk_corpus_3/Walk_sd_gpr_gpr_imm_64__mem_MEM_a1__cpp__native_first.lean:232:65: error: unexpected token ','; expected ']'
      PseudoCoupHQ/Research/oracle/riscv/leanpath/walk_corpus_3/Walk_sd_gpr_gpr_imm_64__mem_MEM_a1__cpp__native_first.lean:231:13: error: unsolved goals
        | EStateM.Result.error a a_1 => False
  sd_gpr_gpr_imm_64__mem_MEM_a1__rust__native_first FAILED      30.3s  a
      PseudoCoupHQ/Research/oracle/riscv/leanpath/walk_corpus_3/Walk_sd_gpr_gpr_imm_64__mem_MEM_a1__rust__native_first.lean:232:65: error: unexpected token ','; expected ']'
      PseudoCoupHQ/Research/oracle/riscv/leanpath/walk_corpus_3/Walk_sd_gpr_gpr_imm_64__mem_MEM_a1__rust__native_first.lean:231:13: error: unsolved goals
        | EStateM.Result.error a a_1 => False
  sd_gpr_gpr_same_64__mem_MEM_a1__cpp__native_first FAILED      33.4s  a
      PseudoCoupHQ/Research/oracle/riscv/leanpath/walk_corpus_3/Walk_sd_gpr_gpr_same_64__mem_MEM_a1__cpp__native_first.lean:232:65: error: unexpected token ','; expected ']'
      PseudoCoupHQ/Research/oracle/riscv/leanpath/walk_corpus_3/Walk_sd_gpr_gpr_same_64__mem_MEM_a1__cpp__native_first.lean:231:13: error: unsolved goals
        | EStateM.Result.error a a_1 => False
  sd_gpr_gpr_same_64__mem_MEM_a1__rust__native_first FAILED      26.6s  a
      PseudoCoupHQ/Research/oracle/riscv/leanpath/walk_corpus_3/Walk_sd_gpr_gpr_same_64__mem_MEM_a1__rust__native_first.lean:232:65: error: unexpected token ','; expected ']'
      PseudoCoupHQ/Research/oracle/riscv/leanpath/walk_corpus_3/Walk_sd_gpr_gpr_same_64__mem_MEM_a1__rust__native_first.lean:231:13: error: unsolved goals
        | EStateM.Result.error a a_1 => False
  sd_gpr_imm_64__mem_MEM_0x3__cpp__native_first FAILED      30.4s  a
      PseudoCoupHQ/Research/oracle/riscv/leanpath/walk_corpus_3/Walk_sd_gpr_imm_64__mem_MEM_0x3__cpp__native_first.lean:232:65: error: unexpected token ','; expected ']'
      PseudoCoupHQ/Research/oracle/riscv/leanpath/walk_corpus_3/Walk_sd_gpr_imm_64__mem_MEM_0x3__cpp__native_first.lean:231:13: error: unsolved goals
        | EStateM.Result.error a a_1 => False
  sd_gpr_imm_64__mem_MEM_0x3__rust__native_first FAILED      31.2s  a
      PseudoCoupHQ/Research/oracle/riscv/leanpath/walk_corpus_3/Walk_sd_gpr_imm_64__mem_MEM_0x3__rust__native_first.lean:232:65: error: unexpected token ','; expected ']'
      PseudoCoupHQ/Research/oracle/riscv/leanpath/walk_corpus_3/Walk_sd_gpr_imm_64__mem_MEM_0x3__rust__native_first.lean:231:13: error: unsolved goals
        | EStateM.Result.error a a_1 => False
  sd_gpr_mem_64__mem_MEM_0x0_a1___cpp__native_first FAILED      32.3s  a
      PseudoCoupHQ/Research/oracle/riscv/leanpath/walk_corpus_3/Walk_sd_gpr_mem_64__mem_MEM_0x0_a1___cpp__native_first.lean:232:65: error: unexpected token ','; expected ']'
      PseudoCoupHQ/Research/oracle/riscv/leanpath/walk_corpus_3/Walk_sd_gpr_mem_64__mem_MEM_0x0_a1___cpp__native_first.lean:231:13: error: unsolved goals
        | EStateM.Result.error a a_1 => False
  sd_gpr_mem_64__mem_MEM_0x0_a1___rust__native_first FAILED      25.0s  a
      PseudoCoupHQ/Research/oracle/riscv/leanpath/walk_corpus_3/Walk_sd_gpr_mem_64__mem_MEM_0x0_a1___rust__native_first.lean:232:65: error: unexpected token ','; expected ']'
      PseudoCoupHQ/Research/oracle/riscv/leanpath/walk_corpus_3/Walk_sd_gpr_mem_64__mem_MEM_0x0_a1___rust__native_first.lean:231:13: error: unsolved goals
        | EStateM.Result.error a a_1 => False
  sll_gpr_gpr_gpr_64__reg_a0__cpp__native_first CERTIFIED   26.5s  (pure_RTYPE (a) (b) (LeanIM.rop.SLL))
  sll_gpr_gpr_gpr_64__reg_a0__rust__native_first CERTIFIED   26.5s  (pure_RTYPE (a) (b) (LeanIM.rop.SLL))
  sll_gpr_gpr_same_64__reg_a0__cpp__native_first CERTIFIED   21.5s  (pure_RTYPE (a) (a) (LeanIM.rop.SLL))
  sll_gpr_gpr_same_64__reg_a0__rust__native_first CERTIFIED   22.4s  (pure_RTYPE (a) (a) (LeanIM.rop.SLL))
  slli_gpr_gpr_imm_64__reg_a0__cpp__native_first CERTIFIED   22.9s  (pure_SHIFTIOP (a) ((0x03#6)) (SLLI))
  slli_gpr_gpr_imm_64__reg_a0__rust__native_first CERTIFIED   22.2s  (pure_SHIFTIOP (a) ((0x03#6)) (SLLI))
  slt_gpr_gpr_gpr_64__reg_a0__cpp__native_first CERTIFIED   22.1s  (pure_RTYPE (a) (b) (LeanIM.rop.SLT))
  slt_gpr_gpr_gpr_64__reg_a0__rust__native_first CERTIFIED   21.2s  (pure_RTYPE (a) (b) (LeanIM.rop.SLT))
  slt_gpr_gpr_same_64__reg_a0__cpp__native_first CERTIFIED   22.6s  (pure_ITYPE (zero_reg) (((sign_extend (m := 12) (0x00#6)))) (ADDI))
  slt_gpr_gpr_same_64__reg_a0__rust__native_first CERTIFIED   21.4s  (pure_ITYPE (zero_reg) (((sign_extend (m := 12) (0x00#6)))) (ADDI))
  slti_gpr_gpr_imm_64__reg_a0__cpp__native_first CERTIFIED   23.6s  (pure_ITYPE (a) (0x003#12) (LeanIM.iop.SLTI))
  slti_gpr_gpr_imm_64__reg_a0__rust__native_first CERTIFIED   22.2s  (pure_ITYPE (a) (0x003#12) (LeanIM.iop.SLTI))
  sltiu_gpr_gpr_imm_64__reg_a0__cpp__native_first CERTIFIED   22.7s  (pure_ITYPE (a) (0x003#12) (LeanIM.iop.SLTIU))
  sltiu_gpr_gpr_imm_64__reg_a0__rust__native_first CERTIFIED   22.5s  (pure_ITYPE (a) (0x003#12) (LeanIM.iop.SLTIU))
  sltu_gpr_gpr_gpr_64__reg_a0__cpp__native_first CERTIFIED   21.5s  (pure_RTYPE (a) (b) (LeanIM.rop.SLTU))
  sltu_gpr_gpr_gpr_64__reg_a0__rust__native_first CERTIFIED   21.8s  (pure_RTYPE (a) (b) (LeanIM.rop.SLTU))
  sltu_gpr_gpr_same_64__reg_a0__cpp__native_first CERTIFIED   21.9s  (pure_ITYPE (zero_reg) (((sign_extend (m := 12) (0x00#6)))) (ADDI))
  sltu_gpr_gpr_same_64__reg_a0__rust__native_first CERTIFIED   21.9s  (pure_ITYPE (zero_reg) (((sign_extend (m := 12) (0x00#6)))) (ADDI))
  sra_gpr_gpr_gpr_64__reg_a0__cpp__native_first CERTIFIED   22.4s  (pure_RTYPE (a) (b) (LeanIM.rop.SRA))
  sra_gpr_gpr_gpr_64__reg_a0__rust__native_first CERTIFIED   22.5s  (pure_RTYPE (a) (b) (LeanIM.rop.SRA))
  sra_gpr_gpr_same_64__reg_a0__cpp__native_first CERTIFIED   21.6s  (pure_RTYPE (a) (a) (LeanIM.rop.SRA))
  sra_gpr_gpr_same_64__reg_a0__rust__native_first CERTIFIED   21.7s  (pure_RTYPE (a) (a) (LeanIM.rop.SRA))
  srai_gpr_gpr_imm_64__reg_a0__cpp__native_first CERTIFIED   22.9s  (pure_SHIFTIOP (a) ((0x03#6)) (SRAI))
  srai_gpr_gpr_imm_64__reg_a0__rust__native_first CERTIFIED   22.8s  (pure_SHIFTIOP (a) ((0x03#6)) (SRAI))
  srl_gpr_gpr_gpr_64__reg_a0__cpp__native_first CERTIFIED   23.1s  (pure_RTYPE (a) (b) (LeanIM.rop.SRL))
  srl_gpr_gpr_gpr_64__reg_a0__rust__native_first CERTIFIED   23.7s  (pure_RTYPE (a) (b) (LeanIM.rop.SRL))
  srl_gpr_gpr_same_64__reg_a0__cpp__native_first CERTIFIED   19.8s  (pure_RTYPE (a) (a) (LeanIM.rop.SRL))
  srl_gpr_gpr_same_64__reg_a0__rust__native_first CERTIFIED   18.5s  (pure_RTYPE (a) (a) (LeanIM.rop.SRL))
  srli_gpr_gpr_imm_64__reg_a0__cpp__native_first CERTIFIED   16.8s  (pure_SHIFTIOP (a) ((0x03#6)) (SRLI))
  srli_gpr_gpr_imm_64__reg_a0__rust__native_first CERTIFIED   16.6s  (pure_SHIFTIOP (a) ((0x03#6)) (SRLI))
  srliw_gpr_gpr_imm_32__reg_a0__cpp__native_first CERTIFIED   16.7s  (pure_SHIFTIWOP (a) (0x03#5) (LeanIM.sopw.SRLIW))
  srliw_gpr_gpr_imm_32__reg_a0__rust__native_first CERTIFIED   16.2s  (pure_SHIFTIWOP (a) (0x03#5) (LeanIM.sopw.SRLIW))
  sub_gpr_gpr_gpr_64__reg_a0__cpp__native_first CERTIFIED   16.5s  (pure_RTYPE (a) (b) (SUB))
  sub_gpr_gpr_gpr_64__reg_a0__rust__native_first CERTIFIED   16.4s  (pure_RTYPE (a) (b) (SUB))
  sub_gpr_gpr_same_64__reg_a0__cpp__native_first CERTIFIED   16.3s  (pure_ITYPE (zero_reg) (((sign_extend (m := 12) (0x00#6)))) (ADDI))
  sub_gpr_gpr_same_64__reg_a0__rust__native_first CERTIFIED   16.2s  (pure_ITYPE (zero_reg) (((sign_extend (m := 12) (0x00#6)))) (ADDI))
  subw_gpr_gpr_same_32__reg_a0__cpp__native_first CERTIFIED   16.2s  (pure_ITYPE (zero_reg) (((sign_extend (m := 12) (0x00#6)))) (ADDI))
  subw_gpr_gpr_same_32__reg_a0__rust__native_first CERTIFIED   16.5s  (pure_ITYPE (zero_reg) (((sign_extend (m := 12) (0x00#6)))) (ADDI))
  sw_gpr_fpr_32__mem_MEM_fa1__cpp__native_first CERTIFIED   16.5s  (pure_ZBA_RTYPEUW (b) ((pure_SHIFTIOP ((pure_SHIFTIOP (a) ((0x20#6)) (SRLI))) ((0x20#6)) (
  sw_gpr_fpr_32__mem_MEM_fa1__rust__native_first CERTIFIED   17.0s  (pure_RTYPE ((pure_SHIFTIOP ((pure_SHIFTIOP (a) ((0x20#6)) (SRLI))) ((0x20#6)) (SLLI))) ((
  sw_gpr_fpr_fpr_32__mem_MEM_fa1__cpp__native_first CERTIFIED   16.9s  (pure_ZBA_RTYPEUW (b) ((pure_SHIFTIOP ((pure_SHIFTIOP (a) ((0x20#6)) (SRLI))) ((0x20#6)) (
  sw_gpr_fpr_fpr_32__mem_MEM_fa1__rust__native_first CERTIFIED   17.2s  (pure_RTYPE ((pure_SHIFTIOP ((pure_SHIFTIOP (a) ((0x20#6)) (SRLI))) ((0x20#6)) (SLLI))) ((
  sw_gpr_gpr_32__mem_MEM_a1__cpp__native_first CERTIFIED   16.7s  (pure_ZBA_RTYPEUW (b) ((pure_SHIFTIOP ((pure_SHIFTIOP (a) ((0x20#6)) (SRLI))) ((0x20#6)) (
  sw_gpr_gpr_32__mem_MEM_a1__rust__native_first CERTIFIED   16.7s  (pure_RTYPE ((pure_SHIFTIOP ((pure_SHIFTIOP (a) ((0x20#6)) (SRLI))) ((0x20#6)) (SLLI))) ((
  sw_gpr_gpr_gpr_32__mem_MEM_a1__cpp__native_first CERTIFIED   16.7s  (pure_ZBA_RTYPEUW (b) ((pure_SHIFTIOP ((pure_SHIFTIOP (a) ((0x20#6)) (SRLI))) ((0x20#6)) (
  sw_gpr_gpr_gpr_32__mem_MEM_a1__rust__native_first CERTIFIED   17.0s  (pure_RTYPE ((pure_SHIFTIOP ((pure_SHIFTIOP (a) ((0x20#6)) (SRLI))) ((0x20#6)) (SLLI))) ((
  sw_gpr_gpr_imm_32__mem_MEM_a1__cpp__native_first CERTIFIED   17.0s  (pure_ZBA_RTYPEUW (b) ((pure_SHIFTIOP ((pure_SHIFTIOP (a) ((0x20#6)) (SRLI))) ((0x20#6)) (
  sw_gpr_gpr_imm_32__mem_MEM_a1__rust__native_first CERTIFIED   17.0s  (pure_RTYPE ((pure_SHIFTIOP ((pure_SHIFTIOP (a) ((0x20#6)) (SRLI))) ((0x20#6)) (SLLI))) ((
  sw_gpr_gpr_same_32__mem_MEM_a1__cpp__native_first CERTIFIED   16.7s  (pure_ZBA_RTYPEUW (b) ((pure_SHIFTIOP ((pure_SHIFTIOP (a) ((0x20#6)) (SRLI))) ((0x20#6)) (
  sw_gpr_gpr_same_32__mem_MEM_a1__rust__native_first CERTIFIED   16.7s  (pure_RTYPE ((pure_SHIFTIOP ((pure_SHIFTIOP (a) ((0x20#6)) (SRLI))) ((0x20#6)) (SLLI))) ((
  sw_gpr_imm_32__mem_MEM_0x3__cpp__native_first CERTIFIED   16.6s  (pure_ZBA_RTYPEUW (b) ((pure_SHIFTIOP ((pure_SHIFTIOP (a) ((0x20#6)) (SRLI))) ((0x20#6)) (
  sw_gpr_imm_32__mem_MEM_0x3__rust__native_first CERTIFIED   17.1s  (pure_RTYPE ((pure_SHIFTIOP ((pure_SHIFTIOP (a) ((0x20#6)) (SRLI))) ((0x20#6)) (SLLI))) ((
  sw_gpr_mem_32__mem_MEM_0x0_a1___cpp__native_first CERTIFIED   16.7s  (pure_ZBA_RTYPEUW (b) ((pure_SHIFTIOP ((pure_SHIFTIOP (a) ((0x20#6)) (SRLI))) ((0x20#6)) (
  sw_gpr_mem_32__mem_MEM_0x0_a1___rust__native_first CERTIFIED   16.7s  (pure_RTYPE ((pure_SHIFTIOP ((pure_SHIFTIOP (a) ((0x20#6)) (SRLI))) ((0x20#6)) (SLLI))) ((
  xor_gpr_gpr_gpr_64__reg_a0__cpp__native_first CERTIFIED   16.3s  (pure_RTYPE (a) (b) (XOR))
  xor_gpr_gpr_gpr_64__reg_a0__rust__native_first CERTIFIED   16.7s  (pure_RTYPE (a) (b) (XOR))
  xor_gpr_gpr_same_64__reg_a0__cpp__native_first CERTIFIED   16.4s  (pure_ITYPE (zero_reg) (((sign_extend (m := 12) (0x00#6)))) (ADDI))
  xor_gpr_gpr_same_64__reg_a0__rust__native_first CERTIFIED   16.2s  (pure_ITYPE (zero_reg) (((sign_extend (m := 12) (0x00#6)))) (ADDI))
  xori_gpr_gpr_imm_64__reg_a0__cpp__native_first CERTIFIED   16.1s  (pure_ITYPE (a) (0x003#12) (LeanIM.iop.XORI))
  xori_gpr_gpr_imm_64__reg_a0__rust__native_first CERTIFIED   16.1s  (pure_ITYPE (a) (0x003#12) (LeanIM.iop.XORI))
  walk: certified 237, failed 100, refused 153, of 490
