clauses 339; emitted definitions 4750; lean-sail indexed 149
classes that were UNDECIDED: 35
reaching equals: 35; of those the bridge applies to: 33
  au_174_c_not_i32               PROVED    fixed_width      7.3s  bridge=4  covers 3
  au_271_c_mul_i32_i32           UNDECIDED none            11.4s  bridge=0  covers 3
  au_311_c_lor_i32_i32           PROVED    fixed_width      9.2s  bridge=4  covers 3
  au_312_c_lor_i32_i64           PROVED    fixed_width      8.1s  bridge=4  covers 6
  au_314_c_lor_i32_bool          PROVED    fixed_width     10.2s  bridge=4  covers 3
  au_315_c_lor_i64_i32           PROVED    fixed_width      8.1s  bridge=4  covers 6
  au_323_c_lor_bool_i32          PROVED    fixed_width     10.0s  bridge=4  covers 3
  au_327_c_land_i32_i32          PROVED    fixed_width     11.4s  bridge=4  covers 3
  au_328_c_land_i32_i64          PROVED    fixed_width      9.5s  bridge=4  covers 6
  au_331_c_land_i64_i32          PROVED    fixed_width      9.5s  bridge=4  covers 6
  au_391_c_eq_i32_i32            PROVED    fixed_width      9.0s  bridge=4  covers 3
  au_392_c_eq_i32_i64            PROVED    fixed_width      8.1s  bridge=4  covers 4
  au_394_c_eq_i32_bool           PROVED    fixed_width      8.5s  bridge=4  covers 2
  au_395_c_eq_i64_i32            PROVED    fixed_width      8.0s  bridge=4  covers 4
  au_403_c_eq_bool_i32           PROVED    fixed_width      8.5s  bridge=4  covers 2
  au_407_c_ne_i32_i32            PROVED    fixed_width      9.0s  bridge=4  covers 4
  au_408_c_ne_i32_i64            PROVED    fixed_width      8.1s  bridge=4  covers 5
  au_417_go_not_bool             PROVED    fixed_width      6.8s  bridge=6  covers 1
  au_425_go_mul_i32_i32          UNDECIDED none            11.5s  bridge=0  covers 1
  au_445_go_shr_i32_u64          UNDECIDED none            20.4s  bridge=6  covers 1
  au_448_go_shr_i64_u64          UNDECIDED none            12.9s  bridge=6  covers 1
  au_470_go_eq_i32_i32           PROVED    fixed_width      9.8s  bridge=4  covers 1
  au_471_go_eq_i64_i64           PROVED    fixed_width      6.4s  bridge=4  covers 2
  au_473_go_eq_bool_bool         PROVED    fixed_width      8.3s  bridge=6  covers 1
  au_474_go_ne_i32_i32           PROVED    fixed_width      9.9s  bridge=4  covers 1
  au_475_go_ne_i64_i64           PROVED    fixed_width      6.5s  bridge=4  covers 2
  au_477_go_ne_bool_bool         PROVED    fixed_width      7.9s  bridge=4  covers 1
  au_478_go_lt_i32_i32           PROVED    fixed_width     10.9s  bridge=4  covers 1
  au_481_go_le_i32_i32           PROVED    fixed_width     12.1s  bridge=4  covers 1
  au_482_go_le_i64_i64           PROVED    fixed_width      7.0s  bridge=4  covers 1
  au_483_go_le_u64_u64           PROVED    fixed_width      7.0s  bridge=4  covers 1
  au_484_go_gt_i32_i32           PROVED    fixed_width     10.9s  bridge=4  covers 1
  au_487_go_ge_i32_i32           PROVED    fixed_width     12.0s  bridge=4  covers 1
  au_488_go_ge_i64_i64           PROVED    fixed_width      6.9s  bridge=4  covers 1
  au_489_go_ge_u64_u64           PROVED    fixed_width      6.8s  bridge=4  covers 1

OF THE 35 THAT WERE UNDECIDED:
  PROVED        31 classes  covering  80 arch-units
  UNDECIDED      4 classes  covering   6 arch-units

MOVED by the bridge: 31 classes, 80 arch-units
guard: clean
