  proof lib LeanIM; executable lib LeanIMPrExecutable; decoder state: s0
  emitted definitions scanned: 4750; lean-sail definitions indexed: 149
  decode: 21 words, lean rc=0, 9.5s
  certifying with 1 Lean job(s) at a time
  rust__op_3                               REFUSED  no certified pure form for ILLEGAL (a pure clause that is not an ExecuteAs alias: (Illegal_Instruction ()))
  rust__op_7                               REFUSED  compile rc=1: For more information about this error, try `rustc --explain E0614`.
  rust__op_11                              REFUSED  compile rc=1: For more information about this error, try `rustc --explain E0614`.
  rust__op_15                              REFUSED  compile rc=1: For more information about an error, try `rustc --explain E0277`.
  rust__op_19                              REFUSED  compile rc=1: For more information about this error, try `rustc --explain E0308`.
  rust__op_23                              REFUSED  compile rc=1: For more information about this error, try `rustc --explain E0308`.
  rust__op_27                              REFUSED  compile rc=1: For more information about this error, try `rustc --explain E0308`.
  rust__op_31                              REFUSED  compile rc=1: For more information about this error, try `rustc --explain E0308`.
  rust__op_35                              REFUSED  compile rc=1: For more information about this error, try `rustc --explain E0308`.
  rust__op_51                              REFUSED  compile rc=1: For more information about this error, try `rustc --explain E0277`.
  rust__op_55                              REFUSED  compile rc=1: For more information about this error, try `rustc --explain E0308`.
  rust__op_59                              REFUSED  compile rc=1: For more information about this error, try `rustc --explain E0308`.
  rust__op_63                              REFUSED  compile rc=1: For more information about this error, try `rustc --explain E0610`.
  rust__op_67                              REFUSED  compile rc=1: For more information about this error, try `rustc --explain E0308`.
  rust__op_71                              REFUSED  compile rc=1: For more information about this error, try `rustc --explain E0308`.
  rust__op_75                              REFUSED  compile rc=1: For more information about this error, try `rustc --explain E0308`.
  rust__op_79                              REFUSED  compile rc=1: For more information about this error, try `rustc --explain E0308`.
  rust__op_83                              REFUSED  compile rc=1: For more information about this error, try `rustc --explain E0308`.
  rust__op_87                              REFUSED  compile rc=1: For more information about this error, try `rustc --explain E0308`.
  rust__op_91                              REFUSED  compile rc=1: For more information about this error, try `rustc --explain E0308`.
  rust__op_95                              REFUSED  compile rc=1: For more information about this error, try `rustc --explain E0308`.
  rust__op_99                              REFUSED  compile rc=1: For more information about this error, try `rustc --explain E0308`.
  rust__op_103                             REFUSED  compile rc=1: For more information about this error, try `rustc --explain E0308`.
  rust__op_107                             REFUSED  compile rc=1: For more information about this error, try `rustc --explain E0308`.
  rust__op_111                             REFUSED  compile rc=1: For more information about this error, try `rustc --explain E0308`.
  rust__op_115                             REFUSED  compile rc=1: For more information about this error, try `rustc --explain E0308`.
  rust__op_119                             REFUSED  compile rc=1: For more information about this error, try `rustc --explain E0308`.
  rust__op_123                             REFUSED  compile rc=1: For more information about this error, try `rustc --explain E0308`.
  rust__op_127                             REFUSED  compile rc=1: For more information about this error, try `rustc --explain E0308`.
  rust__op_131                             REFUSED  compile rc=1: For more information about this error, try `rustc --explain E0308`.
  rust__op_135                             REFUSED  compile rc=1: For more information about this error, try `rustc --explain E0308`.
  rust__op_139                             REFUSED  compile rc=1: For more information about an error, try `rustc --explain E0277`.
  rust__op_143                             REFUSED  compile rc=1: For more information about this error, try `rustc --explain E0277`.
  rust__op_147                             REFUSED  compile rc=1: For more information about this error, try `rustc --explain E0277`.
  rust__op_151                             REFUSED  compile rc=1: For more information about an error, try `rustc --explain E0277`.
  rust__op_155                             REFUSED  compile rc=1: For more information about this error, try `rustc --explain E0277`.
  rust__op_159                             REFUSED  compile rc=1: For more information about an error, try `rustc --explain E0277`.
  rust__op_163                             REFUSED  compile rc=1: For more information about an error, try `rustc --explain E0277`.
  rust__op_167                             REFUSED  compile rc=1: For more information about an error, try `rustc --explain E0277`.
  rust__op_171                             REFUSED  compile rc=1: For more information about this error, try `rustc --explain E0277`.
  rust__op_175                             REFUSED  compile rc=1: For more information about an error, try `rustc --explain E0277`.
  rust__op_179                             REFUSED  compile rc=1: For more information about this error, try `rustc --explain E0277`.
  rust__op_183                             REFUSED  compile rc=1: For more information about this error, try `rustc --explain E0277`.
  rust__op_187                             REFUSED  compile rc=1: For more information about an error, try `rustc --explain E0277`.
  rust__op_191                             REFUSED  compile rc=1: For more information about this error, try `rustc --explain E0277`.
  rust__op_195                             REFUSED  compile rc=1: For more information about an error, try `rustc --explain E0277`.
  rust__op_199                             REFUSED  compile rc=1: For more information about an error, try `rustc --explain E0277`.
  rust__op_203                             REFUSED  compile rc=1: For more information about an error, try `rustc --explain E0277`.
  rust__op_207                             REFUSED  compile rc=1: For more information about this error, try `rustc --explain E0277`.
  rust__op_211                             REFUSED  compile rc=1: For more information about an error, try `rustc --explain E0277`.
  rust__op_215                             REFUSED  compile rc=1: For more information about this error, try `rustc --explain E0277`.
  rust__op_219                             REFUSED  compile rc=1: For more information about this error, try `rustc --explain E0277`.
  rust__op_223                             REFUSED  compile rc=1: For more information about an error, try `rustc --explain E0277`.
  rust__op_227                             REFUSED  compile rc=1: For more information about this error, try `rustc --explain E0277`.
  rust__op_231                             REFUSED  compile rc=1: For more information about an error, try `rustc --explain E0277`.
  rust__op_235                             REFUSED  compile rc=1: For more information about an error, try `rustc --explain E0277`.
  rust__op_239                             REFUSED  compile rc=1: For more information about an error, try `rustc --explain E0277`.
  rust__op_243                             REFUSED  compile rc=1: For more information about this error, try `rustc --explain E0277`.
  rust__op_247                             REFUSED  compile rc=1: For more information about this error, try `rustc --explain E0308`.
  rust__op_251                             REFUSED  compile rc=1: For more information about this error, try `rustc --explain E0308`.
  rust__op_255                             REFUSED  compile rc=1: For more information about this error, try `rustc --explain E0308`.
  rust__op_259                             REFUSED  compile rc=1: For more information about this error, try `rustc --explain E0308`.
  rust__op_263                             REFUSED  compile rc=1: For more information about this error, try `rustc --explain E0308`.
  rust__op_267                             REFUSED  no certified pure form for ILLEGAL (a pure clause that is not an ExecuteAs alias: (Illegal_Instruction ()))
  rust__op_271                             REFUSED  compile rc=1: For more information about this error, try `rustc --explain E0308`.
  rust__op_275                             REFUSED  compile rc=1: For more information about this error, try `rustc --explain E0308`.
  rust__op_279                             REFUSED  compile rc=1: For more information about this error, try `rustc --explain E0308`.
  rust__op_283                             REFUSED  compile rc=1: For more information about this error, try `rustc --explain E0308`.
  rust__op_287                             REFUSED  compile rc=1: For more information about this error, try `rustc --explain E0308`.
  rust__op_291                             REFUSED  compile rc=1: For more information about this error, try `rustc --explain E0308`.
  rust__op_295                             REFUSED  compile rc=1: For more information about this error, try `rustc --explain E0308`.
  rust__op_299                             REFUSED  compile rc=1: For more information about this error, try `rustc --explain E0308`.
  rust__op_303                             REFUSED  no certified pure form for ILLEGAL (a pure clause that is not an ExecuteAs alias: (Illegal_Instruction ()))
  rust__op_307                             REFUSED  compile rc=1: For more information about this error, try `rustc --explain E0308`.
  rust__op_311                             REFUSED  compile rc=1: For more information about this error, try `rustc --explain E0308`.
  rust__op_315                             REFUSED  compile rc=1: For more information about this error, try `rustc --explain E0308`.
  rust__op_319                             REFUSED  compile rc=1: For more information about this error, try `rustc --explain E0308`.
  rust__op_323                             REFUSED  compile rc=1: For more information about this error, try `rustc --explain E0308`.
  rust__op_327                             REFUSED  compile rc=1: For more information about this error, try `rustc --explain E0308`.
  rust__op_331                             REFUSED  compile rc=1: For more information about this error, try `rustc --explain E0308`.
  rust__op_335                             REFUSED  compile rc=1: For more information about this error, try `rustc --explain E0308`.
  rust__op_339                             REFUSED  no certified pure form for ILLEGAL (a pure clause that is not an ExecuteAs alias: (Illegal_Instruction ()))
  rust__op_343                             REFUSED  compile rc=1: For more information about this error, try `rustc --explain E0308`.
  rust__op_347                             REFUSED  compile rc=1: For more information about this error, try `rustc --explain E0308`.
  rust__op_351                             REFUSED  compile rc=1: For more information about this error, try `rustc --explain E0308`.
  rust__op_355                             REFUSED  compile rc=1: For more information about this error, try `rustc --explain E0308`.
  rust__op_359                             REFUSED  compile rc=1: For more information about this error, try `rustc --explain E0308`.
  rust__op_363                             REFUSED  compile rc=1: For more information about this error, try `rustc --explain E0308`.
  rust__op_367                             REFUSED  compile rc=1: For more information about this error, try `rustc --explain E0308`.
  rust__op_371                             REFUSED  compile rc=1: For more information about this error, try `rustc --explain E0308`.
  rust__op_375                             REFUSED  no certified pure form for ILLEGAL (a pure clause that is not an ExecuteAs alias: (Illegal_Instruction ()))
  rust__op_379                             REFUSED  compile rc=1: For more information about this error, try `rustc --explain E0308`.
  rust__op_383                             REFUSED  compile rc=1: For more information about this error, try `rustc --explain E0308`.
  rust__op_387                             REFUSED  compile rc=1: For more information about this error, try `rustc --explain E0308`.
  rust__op_391                             REFUSED  compile rc=1: For more information about this error, try `rustc --explain E0308`.
  rust__op_395                             REFUSED  compile rc=1: For more information about this error, try `rustc --explain E0308`.
  rust__op_399                             REFUSED  compile rc=1: For more information about this error, try `rustc --explain E0308`.
  rust__op_403                             REFUSED  compile rc=1: For more information about this error, try `rustc --explain E0308`.
  rust__op_407                             REFUSED  compile rc=1: For more information about this error, try `rustc --explain E0308`.
  rust__op_411                             REFUSED  no certified pure form for ILLEGAL (a pure clause that is not an ExecuteAs alias: (Illegal_Instruction ()))
  rust__op_415                             REFUSED  compile rc=1: For more information about this error, try `rustc --explain E0308`.
  rust__op_419                             REFUSED  compile rc=1: For more information about this error, try `rustc --explain E0308`.
  rust__op_423                             REFUSED  compile rc=1: For more information about this error, try `rustc --explain E0308`.
  rust__op_427                             REFUSED  compile rc=1: For more information about this error, try `rustc --explain E0308`.
  rust__op_431                             REFUSED  compile rc=1: For more information about this error, try `rustc --explain E0308`.
  rust__op_435                             REFUSED  compile rc=1: For more information about this error, try `rustc --explain E0308`.
  rust__op_439                             REFUSED  compile rc=1: For more information about this error, try `rustc --explain E0308`.
  rust__op_443                             REFUSED  compile rc=1: For more information about this error, try `rustc --explain E0308`.
  rust__op_447                             REFUSED  no certified pure form for ILLEGAL (a pure clause that is not an ExecuteAs alias: (Illegal_Instruction ()))
  rust__op_451                             REFUSED  compile rc=1: For more information about this error, try `rustc --explain E0308`.
  rust__op_455                             REFUSED  compile rc=1: For more information about this error, try `rustc --explain E0308`.
  rust__op_459                             REFUSED  compile rc=1: For more information about this error, try `rustc --explain E0308`.
  rust__op_467                             REFUSED  compile rc=1: For more information about this error, try `rustc --explain E0277`.
  rust__op_471                             REFUSED  compile rc=1: For more information about this error, try `rustc --explain E0277`.
  rust__op_479                             REFUSED  compile rc=1: For more information about this error, try `rustc --explain E0277`.
  rust__op_483                             REFUSED  compile rc=1: For more information about an error, try `rustc --explain E0277`.
  rust__op_487                             REFUSED  compile rc=1: For more information about an error, try `rustc --explain E0277`.
  rust__op_491                             REFUSED  compile rc=1: For more information about an error, try `rustc --explain E0277`.
  rust__op_495                             REFUSED  compile rc=1: For more information about an error, try `rustc --explain E0277`.
  rust__op_503                             REFUSED  compile rc=1: For more information about this error, try `rustc --explain E0277`.
  rust__op_507                             REFUSED  compile rc=1: For more information about this error, try `rustc --explain E0277`.
  rust__op_515                             REFUSED  compile rc=1: For more information about this error, try `rustc --explain E0277`.
  rust__op_519                             REFUSED  compile rc=1: For more information about an error, try `rustc --explain E0277`.
  rust__op_523                             REFUSED  compile rc=1: For more information about an error, try `rustc --explain E0277`.
  rust__op_527                             REFUSED  compile rc=1: For more information about an error, try `rustc --explain E0277`.
  rust__op_531                             REFUSED  compile rc=1: For more information about an error, try `rustc --explain E0277`.
  rust__op_535                             REFUSED  compile rc=1: For more information about an error, try `rustc --explain E0277`.
  rust__op_539                             REFUSED  compile rc=1: For more information about this error, try `rustc --explain E0277`.
  rust__op_543                             REFUSED  compile rc=1: For more information about this error, try `rustc --explain E0277`.
  rust__op_547                             REFUSED  compile rc=1: For more information about an error, try `rustc --explain E0277`.
  rust__op_551                             REFUSED  compile rc=1: For more information about this error, try `rustc --explain E0277`.
  rust__op_555                             REFUSED  no certified pure form for ILLEGAL (a pure clause that is not an ExecuteAs alias: (Illegal_Instruction ()))
  rust__op_559                             REFUSED  compile rc=1: For more information about this error, try `rustc --explain E0277`.
  rust__op_563                             REFUSED  compile rc=1: For more information about this error, try `rustc --explain E0277`.
  rust__op_567                             REFUSED  compile rc=1: For more information about an error, try `rustc --explain E0277`.
  rust__op_571                             REFUSED  compile rc=1: For more information about an error, try `rustc --explain E0277`.
  rust__op_575                             REFUSED  compile rc=1: For more information about this error, try `rustc --explain E0277`.
  rust__op_579                             REFUSED  compile rc=1: For more information about this error, try `rustc --explain E0277`.
  rust__op_583                             REFUSED  compile rc=1: For more information about an error, try `rustc --explain E0277`.
  rust__op_587                             REFUSED  compile rc=1: For more information about this error, try `rustc --explain E0277`.
  rust__op_591                             REFUSED  no certified pure form for ILLEGAL (a pure clause that is not an ExecuteAs alias: (Illegal_Instruction ()))
  rust__op_595                             REFUSED  compile rc=1: For more information about this error, try `rustc --explain E0277`.
  rust__op_599                             REFUSED  compile rc=1: For more information about this error, try `rustc --explain E0277`.
  rust__op_603                             REFUSED  compile rc=1: For more information about an error, try `rustc --explain E0277`.
  rust__op_607                             REFUSED  compile rc=1: For more information about an error, try `rustc --explain E0277`.
  rust__op_611                             REFUSED  compile rc=1: For more information about this error, try `rustc --explain E0277`.
  rust__op_615                             REFUSED  compile rc=1: For more information about this error, try `rustc --explain E0277`.
  rust__op_619                             REFUSED  compile rc=1: For more information about an error, try `rustc --explain E0277`.
  rust__op_623                             REFUSED  compile rc=1: For more information about this error, try `rustc --explain E0277`.
  rust__op_627                             REFUSED  no certified pure form for ILLEGAL (a pure clause that is not an ExecuteAs alias: (Illegal_Instruction ()))
  rust__op_631                             REFUSED  compile rc=1: For more information about this error, try `rustc --explain E0277`.
  rust__op_635                             REFUSED  compile rc=1: For more information about this error, try `rustc --explain E0277`.
  rust__op_639                             REFUSED  compile rc=1: For more information about an error, try `rustc --explain E0277`.
  rust__op_643                             REFUSED  compile rc=1: For more information about an error, try `rustc --explain E0277`.
  rust__op_647                             REFUSED  compile rc=1: For more information about this error, try `rustc --explain E0277`.
  rust__op_651                             REFUSED  compile rc=1: For more information about this error, try `rustc --explain E0277`.
  rust__op_655                             REFUSED  compile rc=1: For more information about an error, try `rustc --explain E0277`.
  rust__op_659                             REFUSED  compile rc=1: For more information about this error, try `rustc --explain E0277`.
  rust__op_663                             REFUSED  no certified pure form for ILLEGAL (a pure clause that is not an ExecuteAs alias: (Illegal_Instruction ()))
  rust__op_667                             REFUSED  compile rc=1: For more information about this error, try `rustc --explain E0277`.
  rust__op_671                             REFUSED  compile rc=1: For more information about this error, try `rustc --explain E0277`.
  rust__op_675                             REFUSED  compile rc=1: For more information about an error, try `rustc --explain E0277`.
  rust__op_679                             REFUSED  compile rc=1: For more information about an error, try `rustc --explain E0277`.
  rust__op_683                             REFUSED  compile rc=1: For more information about this error, try `rustc --explain E0277`.
  rust__op_687                             REFUSED  compile rc=1: For more information about this error, try `rustc --explain E0277`.
  rust__op_691                             REFUSED  compile rc=1: For more information about an error, try `rustc --explain E0277`.
  rust__op_695                             REFUSED  compile rc=1: For more information about this error, try `rustc --explain E0277`.
  rust__op_699                             REFUSED  no certified pure form for UTYPE (an effect in an arm beyond register reads: ((← (get_arch_pc ())) + off))
  rust__op_703                             REFUSED  compile rc=1: For more information about this error, try `rustc --explain E0277`.
  rust__op_707                             REFUSED  compile rc=1: For more information about this error, try `rustc --explain E0277`.
  rust__op_711                             REFUSED  compile rc=1: For more information about an error, try `rustc --explain E0277`.
  rust__op_715                             REFUSED  compile rc=1: For more information about this error, try `rustc --explain E0308`.
  rust__op_719                             REFUSED  compile rc=1: For more information about this error, try `rustc --explain E0308`.
  rust__op_723                             REFUSED  compile rc=1: For more information about this error, try `rustc --explain E0308`.
  rust__op_727                             REFUSED  compile rc=1: For more information about this error, try `rustc --explain E0308`.
  rust__op_731                             REFUSED  compile rc=1: For more information about this error, try `rustc --explain E0308`.
  rust__op_739                             REFUSED  compile rc=1: For more information about this error, try `rustc --explain E0308`.
  rust__op_743                             REFUSED  compile rc=1: For more information about this error, try `rustc --explain E0308`.
  rust__op_747                             REFUSED  compile rc=1: For more information about this error, try `rustc --explain E0308`.
  rust__op_751                             REFUSED  compile rc=1: For more information about this error, try `rustc --explain E0308`.
  rust__op_755                             REFUSED  compile rc=1: For more information about this error, try `rustc --explain E0308`.
  rust__op_759                             REFUSED  compile rc=1: For more information about this error, try `rustc --explain E0308`.
  rust__op_763                             REFUSED  compile rc=1: For more information about this error, try `rustc --explain E0308`.
  rust__op_767                             REFUSED  compile rc=1: For more information about this error, try `rustc --explain E0308`.
  rust__op_771                             REFUSED  compile rc=1: For more information about this error, try `rustc --explain E0308`.
  rust__op_775                             REFUSED  compile rc=1: For more information about this error, try `rustc --explain E0308`.
  rust__op_779                             REFUSED  compile rc=1: For more information about this error, try `rustc --explain E0308`.
  rust__op_783                             REFUSED  compile rc=1: For more information about this error, try `rustc --explain E0308`.
  rust__op_787                             REFUSED  compile rc=1: For more information about this error, try `rustc --explain E0308`.
  rust__op_791                             REFUSED  compile rc=1: For more information about this error, try `rustc --explain E0308`.
  rust__op_795                             REFUSED  compile rc=1: For more information about this error, try `rustc --explain E0308`.
  rust__op_799                             REFUSED  compile rc=1: For more information about this error, try `rustc --explain E0308`.
  rust__op_803                             REFUSED  compile rc=1: For more information about this error, try `rustc --explain E0308`.
  rust__op_807                             REFUSED  no certified pure form for ILLEGAL (a pure clause that is not an ExecuteAs alias: (Illegal_Instruction ()))
  rust__op_811                             REFUSED  compile rc=1: For more information about this error, try `rustc --explain E0308`.
  rust__op_815                             REFUSED  compile rc=1: For more information about this error, try `rustc --explain E0308`.
  rust__op_819                             REFUSED  compile rc=1: For more information about this error, try `rustc --explain E0308`.
  rust__op_823                             REFUSED  compile rc=1: For more information about this error, try `rustc --explain E0573`.
  rust__op_827                             REFUSED  compile rc=1: For more information about this error, try `rustc --explain E0573`.
  rust__op_831                             REFUSED  compile rc=1: For more information about this error, try `rustc --explain E0573`.
  rust__op_835                             REFUSED  compile rc=1: For more information about this error, try `rustc --explain E0573`.
  rust__op_839                             REFUSED  compile rc=1: For more information about this error, try `rustc --explain E0573`.
  rust__op_843                             REFUSED  compile rc=1: For more information about this error, try `rustc --explain E0573`.
  rust__op_847                             REFUSED  compile rc=1: For more information about this error, try `rustc --explain E0573`.
  rust__op_851                             REFUSED  compile rc=1: For more information about this error, try `rustc --explain E0573`.
  rust__op_855                             REFUSED  compile rc=1: For more information about this error, try `rustc --explain E0573`.
  rust__op_39                              CERTIFIED   17.8s  a
  rust__op_43                              CERTIFIED   18.9s  a
  rust__op_47                              CERTIFIED   15.8s  a
  rust__op_463                             CERTIFIED   16.1s  (pure_RTYPEW (a) (b) (LeanIM.ropw.SLLW))
  rust__op_475                             CERTIFIED   16.2s  (pure_RTYPE (a) (b) (LeanIM.rop.SLL))
  rust__op_499                             CERTIFIED   16.3s  (pure_RTYPEW (a) (b) (LeanIM.ropw.SRAW))
  rust__op_511                             CERTIFIED   16.2s  (pure_RTYPE (a) (b) (LeanIM.rop.SRL))
  rust__op_735                             CERTIFIED   16.1s  a
  walk: certified 8, failed 0, refused 206, of 214
