  proof lib LeanIM; executable lib LeanIMPrExecutable; decoder state: s0
  emitted definitions scanned: 4750; lean-sail definitions indexed: 149
  decode: 32 words, lean rc=0, 13.3s
  register expressions evaluated: 3 of 3 (3.5s)
  certifying with 1 Lean job(s) at a time
  rust__op_5                               REFUSED  compile rc=1: For more information about an error, try `rustc --explain E0277`.
  rust__op_9                               REFUSED  compile rc=1: For more information about this error, try `rustc --explain E0614`.
  rust__op_21                              REFUSED  compile rc=1: For more information about this error, try `rustc --explain E0308`.
  rust__op_25                              REFUSED  compile rc=1: For more information about this error, try `rustc --explain E0308`.
  rust__op_29                              REFUSED  compile rc=1: For more information about this error, try `rustc --explain E0308`.
  rust__op_33                              REFUSED  compile rc=1: For more information about this error, try `rustc --explain E0308`.
  rust__op_49                              REFUSED  compile rc=1: For more information about this error, try `rustc --explain E0277`.
  rust__op_53                              REFUSED  compile rc=1: For more information about this error, try `rustc --explain E0277`.
  rust__op_57                              REFUSED  compile rc=1: For more information about this error, try `rustc --explain E0308`.
  rust__op_61                              REFUSED  compile rc=1: For more information about this error, try `rustc --explain E0610`.
  rust__op_65                              REFUSED  compile rc=1: For more information about this error, try `rustc --explain E0610`.
  rust__op_69                              REFUSED  compile rc=1: For more information about this error, try `rustc --explain E0308`.
  rust__op_73                              REFUSED  compile rc=1: For more information about this error, try `rustc --explain E0308`.
  rust__op_77                              REFUSED  compile rc=1: For more information about this error, try `rustc --explain E0308`.
  rust__op_81                              REFUSED  compile rc=1: For more information about this error, try `rustc --explain E0308`.
  rust__op_85                              REFUSED  compile rc=1: For more information about this error, try `rustc --explain E0308`.
  rust__op_89                              REFUSED  compile rc=1: For more information about this error, try `rustc --explain E0308`.
  rust__op_93                              REFUSED  compile rc=1: For more information about this error, try `rustc --explain E0308`.
  rust__op_97                              REFUSED  compile rc=1: For more information about this error, try `rustc --explain E0308`.
  rust__op_105                             REFUSED  compile rc=1: For more information about this error, try `rustc --explain E0308`.
  rust__op_109                             REFUSED  compile rc=1: For more information about this error, try `rustc --explain E0308`.
  rust__op_113                             REFUSED  compile rc=1: For more information about this error, try `rustc --explain E0308`.
  rust__op_117                             REFUSED  compile rc=1: For more information about this error, try `rustc --explain E0308`.
  rust__op_121                             REFUSED  compile rc=1: For more information about this error, try `rustc --explain E0308`.
  rust__op_125                             REFUSED  compile rc=1: For more information about this error, try `rustc --explain E0308`.
  rust__op_129                             REFUSED  compile rc=1: For more information about this error, try `rustc --explain E0308`.
  rust__op_133                             REFUSED  compile rc=1: For more information about this error, try `rustc --explain E0308`.
  rust__op_141                             REFUSED  compile rc=1: For more information about this error, try `rustc --explain E0277`.
  rust__op_149                             REFUSED  compile rc=1: For more information about this error, try `rustc --explain E0277`.
  rust__op_153                             REFUSED  compile rc=1: For more information about this error, try `rustc --explain E0277`.
  rust__op_157                             REFUSED  compile rc=1: For more information about an error, try `rustc --explain E0277`.
  rust__op_161                             REFUSED  compile rc=1: For more information about an error, try `rustc --explain E0277`.
  rust__op_165                             REFUSED  compile rc=1: For more information about an error, try `rustc --explain E0277`.
  rust__op_169                             REFUSED  compile rc=1: For more information about this error, try `rustc --explain E0277`.
  rust__op_177                             REFUSED  compile rc=1: For more information about this error, try `rustc --explain E0277`.
  rust__op_185                             REFUSED  compile rc=1: For more information about this error, try `rustc --explain E0277`.
  rust__op_189                             REFUSED  compile rc=1: For more information about this error, try `rustc --explain E0277`.
  rust__op_193                             REFUSED  compile rc=1: For more information about an error, try `rustc --explain E0277`.
  rust__op_197                             REFUSED  compile rc=1: For more information about an error, try `rustc --explain E0277`.
  rust__op_201                             REFUSED  compile rc=1: For more information about an error, try `rustc --explain E0277`.
  rust__op_205                             REFUSED  compile rc=1: For more information about this error, try `rustc --explain E0277`.
  rust__op_213                             REFUSED  compile rc=1: For more information about this error, try `rustc --explain E0277`.
  rust__op_221                             REFUSED  compile rc=1: For more information about this error, try `rustc --explain E0277`.
  rust__op_225                             REFUSED  compile rc=1: For more information about this error, try `rustc --explain E0277`.
  rust__op_229                             REFUSED  compile rc=1: For more information about an error, try `rustc --explain E0277`.
  rust__op_233                             REFUSED  compile rc=1: For more information about an error, try `rustc --explain E0277`.
  rust__op_237                             REFUSED  compile rc=1: For more information about an error, try `rustc --explain E0277`.
  rust__op_241                             REFUSED  compile rc=1: For more information about this error, try `rustc --explain E0277`.
  rust__op_249                             REFUSED  compile rc=1: For more information about this error, try `rustc --explain E0308`.
  rust__op_257                             REFUSED  compile rc=1: For more information about this error, try `rustc --explain E0308`.
  rust__op_261                             REFUSED  compile rc=1: For more information about this error, try `rustc --explain E0308`.
  rust__op_265                             REFUSED  compile rc=1: For more information about this error, try `rustc --explain E0308`.
  rust__op_269                             REFUSED  compile rc=1: For more information about this error, try `rustc --explain E0308`.
  rust__op_273                             REFUSED  compile rc=1: For more information about this error, try `rustc --explain E0308`.
  rust__op_277                             REFUSED  compile rc=1: For more information about this error, try `rustc --explain E0308`.
  rust__op_285                             REFUSED  compile rc=1: For more information about this error, try `rustc --explain E0308`.
  rust__op_293                             REFUSED  compile rc=1: For more information about this error, try `rustc --explain E0308`.
  rust__op_297                             REFUSED  compile rc=1: For more information about this error, try `rustc --explain E0308`.
  rust__op_301                             REFUSED  compile rc=1: For more information about this error, try `rustc --explain E0308`.
  rust__op_305                             REFUSED  compile rc=1: For more information about this error, try `rustc --explain E0308`.
  rust__op_309                             REFUSED  compile rc=1: For more information about this error, try `rustc --explain E0308`.
  rust__op_313                             REFUSED  compile rc=1: For more information about this error, try `rustc --explain E0308`.
  rust__op_321                             REFUSED  compile rc=1: For more information about this error, try `rustc --explain E0308`.
  rust__op_329                             REFUSED  compile rc=1: For more information about this error, try `rustc --explain E0308`.
  rust__op_333                             REFUSED  compile rc=1: For more information about this error, try `rustc --explain E0308`.
  rust__op_337                             REFUSED  compile rc=1: For more information about this error, try `rustc --explain E0308`.
  rust__op_341                             REFUSED  compile rc=1: For more information about this error, try `rustc --explain E0308`.
  rust__op_345                             REFUSED  compile rc=1: For more information about this error, try `rustc --explain E0308`.
  rust__op_349                             REFUSED  compile rc=1: For more information about this error, try `rustc --explain E0308`.
  rust__op_357                             REFUSED  compile rc=1: For more information about this error, try `rustc --explain E0308`.
  rust__op_365                             REFUSED  compile rc=1: For more information about this error, try `rustc --explain E0308`.
  rust__op_369                             REFUSED  compile rc=1: For more information about this error, try `rustc --explain E0308`.
  rust__op_373                             REFUSED  compile rc=1: For more information about this error, try `rustc --explain E0308`.
  rust__op_377                             REFUSED  compile rc=1: For more information about this error, try `rustc --explain E0308`.
  rust__op_381                             REFUSED  compile rc=1: For more information about this error, try `rustc --explain E0308`.
  rust__op_385                             REFUSED  compile rc=1: For more information about this error, try `rustc --explain E0308`.
  rust__op_393                             REFUSED  compile rc=1: For more information about this error, try `rustc --explain E0308`.
  rust__op_401                             REFUSED  compile rc=1: For more information about this error, try `rustc --explain E0308`.
  rust__op_405                             REFUSED  compile rc=1: For more information about this error, try `rustc --explain E0308`.
  rust__op_409                             REFUSED  compile rc=1: For more information about this error, try `rustc --explain E0308`.
  rust__op_413                             REFUSED  compile rc=1: For more information about this error, try `rustc --explain E0308`.
  rust__op_417                             REFUSED  compile rc=1: For more information about this error, try `rustc --explain E0308`.
  rust__op_421                             REFUSED  compile rc=1: For more information about this error, try `rustc --explain E0308`.
  rust__op_429                             REFUSED  compile rc=1: For more information about this error, try `rustc --explain E0308`.
  rust__op_437                             REFUSED  compile rc=1: For more information about this error, try `rustc --explain E0308`.
  rust__op_441                             REFUSED  compile rc=1: For more information about this error, try `rustc --explain E0308`.
  rust__op_445                             REFUSED  compile rc=1: For more information about this error, try `rustc --explain E0308`.
  rust__op_449                             REFUSED  compile rc=1: For more information about this error, try `rustc --explain E0308`.
  rust__op_453                             REFUSED  compile rc=1: For more information about this error, try `rustc --explain E0308`.
  rust__op_457                             REFUSED  compile rc=1: For more information about this error, try `rustc --explain E0308`.
  rust__op_465                             REFUSED  compile rc=1: For more information about this error, try `rustc --explain E0277`.
  rust__op_473                             REFUSED  compile rc=1: For more information about this error, try `rustc --explain E0277`.
  rust__op_477                             REFUSED  compile rc=1: For more information about this error, try `rustc --explain E0277`.
  rust__op_481                             REFUSED  compile rc=1: For more information about an error, try `rustc --explain E0277`.
  rust__op_485                             REFUSED  compile rc=1: For more information about an error, try `rustc --explain E0277`.
  rust__op_489                             REFUSED  compile rc=1: For more information about an error, try `rustc --explain E0277`.
  rust__op_493                             REFUSED  compile rc=1: For more information about an error, try `rustc --explain E0277`.
  rust__op_497                             REFUSED  compile rc=1: For more information about an error, try `rustc --explain E0277`.
  rust__op_501                             REFUSED  compile rc=1: For more information about this error, try `rustc --explain E0277`.
  rust__op_509                             REFUSED  compile rc=1: For more information about this error, try `rustc --explain E0277`.
  rust__op_513                             REFUSED  compile rc=1: For more information about this error, try `rustc --explain E0277`.
  rust__op_517                             REFUSED  compile rc=1: For more information about an error, try `rustc --explain E0277`.
  rust__op_521                             REFUSED  compile rc=1: For more information about an error, try `rustc --explain E0277`.
  rust__op_525                             REFUSED  compile rc=1: For more information about an error, try `rustc --explain E0277`.
  rust__op_529                             REFUSED  compile rc=1: For more information about an error, try `rustc --explain E0277`.
  rust__op_533                             REFUSED  compile rc=1: For more information about an error, try `rustc --explain E0277`.
  rust__op_537                             REFUSED  compile rc=1: For more information about this error, try `rustc --explain E0277`.
  rust__op_545                             REFUSED  compile rc=1: For more information about this error, try `rustc --explain E0277`.
  rust__op_549                             REFUSED  compile rc=1: For more information about this error, try `rustc --explain E0277`.
  rust__op_553                             REFUSED  compile rc=1: For more information about this error, try `rustc --explain E0277`.
  rust__op_557                             REFUSED  compile rc=1: For more information about this error, try `rustc --explain E0277`.
  rust__op_561                             REFUSED  compile rc=1: For more information about an error, try `rustc --explain E0277`.
  rust__op_565                             REFUSED  compile rc=1: For more information about an error, try `rustc --explain E0277`.
  rust__op_569                             REFUSED  compile rc=1: For more information about an error, try `rustc --explain E0277`.
  rust__op_573                             REFUSED  compile rc=1: For more information about this error, try `rustc --explain E0277`.
  rust__op_581                             REFUSED  compile rc=1: For more information about this error, try `rustc --explain E0277`.
  rust__op_585                             REFUSED  compile rc=1: For more information about this error, try `rustc --explain E0277`.
  rust__op_589                             REFUSED  compile rc=1: For more information about this error, try `rustc --explain E0277`.
  rust__op_593                             REFUSED  compile rc=1: For more information about this error, try `rustc --explain E0277`.
  rust__op_597                             REFUSED  compile rc=1: For more information about an error, try `rustc --explain E0277`.
  rust__op_601                             REFUSED  compile rc=1: For more information about an error, try `rustc --explain E0277`.
  rust__op_605                             REFUSED  compile rc=1: For more information about an error, try `rustc --explain E0277`.
  rust__op_609                             REFUSED  compile rc=1: For more information about this error, try `rustc --explain E0277`.
  rust__op_617                             REFUSED  compile rc=1: For more information about this error, try `rustc --explain E0277`.
  rust__op_621                             REFUSED  compile rc=1: For more information about this error, try `rustc --explain E0277`.
  rust__op_625                             REFUSED  compile rc=1: For more information about this error, try `rustc --explain E0277`.
  rust__op_629                             REFUSED  compile rc=1: For more information about this error, try `rustc --explain E0277`.
  rust__op_633                             REFUSED  compile rc=1: For more information about an error, try `rustc --explain E0277`.
  rust__op_637                             REFUSED  compile rc=1: For more information about an error, try `rustc --explain E0277`.
  rust__op_641                             REFUSED  compile rc=1: For more information about an error, try `rustc --explain E0277`.
  rust__op_645                             REFUSED  compile rc=1: For more information about this error, try `rustc --explain E0277`.
  rust__op_649                             REFUSED  reads x2, outside the ABI arguments
  rust__op_653                             REFUSED  compile rc=1: For more information about this error, try `rustc --explain E0277`.
  rust__op_657                             REFUSED  compile rc=1: For more information about this error, try `rustc --explain E0277`.
  rust__op_661                             REFUSED  compile rc=1: For more information about this error, try `rustc --explain E0277`.
  rust__op_665                             REFUSED  compile rc=1: For more information about this error, try `rustc --explain E0277`.
  rust__op_669                             REFUSED  compile rc=1: For more information about an error, try `rustc --explain E0277`.
  rust__op_673                             REFUSED  compile rc=1: For more information about an error, try `rustc --explain E0277`.
  rust__op_677                             REFUSED  compile rc=1: For more information about an error, try `rustc --explain E0277`.
  rust__op_681                             REFUSED  compile rc=1: For more information about this error, try `rustc --explain E0277`.
  rust__op_685                             REFUSED  reads x2, outside the ABI arguments
  rust__op_689                             REFUSED  compile rc=1: For more information about this error, try `rustc --explain E0277`.
  rust__op_693                             REFUSED  compile rc=1: For more information about this error, try `rustc --explain E0277`.
  rust__op_697                             REFUSED  compile rc=1: For more information about this error, try `rustc --explain E0277`.
  rust__op_701                             REFUSED  compile rc=1: For more information about this error, try `rustc --explain E0277`.
  rust__op_705                             REFUSED  compile rc=1: For more information about an error, try `rustc --explain E0277`.
  rust__op_709                             REFUSED  compile rc=1: For more information about an error, try `rustc --explain E0277`.
  rust__op_713                             REFUSED  compile rc=1: For more information about an error, try `rustc --explain E0277`.
  rust__op_717                             REFUSED  compile rc=1: For more information about this error, try `rustc --explain E0308`.
  rust__op_725                             REFUSED  compile rc=1: For more information about this error, try `rustc --explain E0308`.
  rust__op_729                             REFUSED  compile rc=1: For more information about this error, try `rustc --explain E0308`.
  rust__op_733                             REFUSED  compile rc=1: For more information about this error, try `rustc --explain E0308`.
  rust__op_737                             REFUSED  compile rc=1: For more information about this error, try `rustc --explain E0308`.
  rust__op_741                             REFUSED  compile rc=1: For more information about this error, try `rustc --explain E0308`.
  rust__op_745                             REFUSED  compile rc=1: For more information about this error, try `rustc --explain E0308`.
  rust__op_753                             REFUSED  compile rc=1: For more information about this error, try `rustc --explain E0308`.
  rust__op_757                             REFUSED  compile rc=1: For more information about this error, try `rustc --explain E0308`.
  rust__op_761                             REFUSED  compile rc=1: For more information about this error, try `rustc --explain E0308`.
  rust__op_765                             REFUSED  compile rc=1: For more information about this error, try `rustc --explain E0308`.
  rust__op_769                             REFUSED  compile rc=1: For more information about this error, try `rustc --explain E0308`.
  rust__op_773                             REFUSED  compile rc=1: For more information about this error, try `rustc --explain E0308`.
  rust__op_777                             REFUSED  compile rc=1: For more information about this error, try `rustc --explain E0308`.
  rust__op_781                             REFUSED  compile rc=1: For more information about this error, try `rustc --explain E0308`.
  rust__op_785                             REFUSED  compile rc=1: For more information about this error, try `rustc --explain E0308`.
  rust__op_789                             REFUSED  compile rc=1: For more information about this error, try `rustc --explain E0308`.
  rust__op_793                             REFUSED  no certified pure form for STORE (an element the rule does not know: assert (width ≤b xlen_bytes) "extensions/
  rust__op_797                             REFUSED  compile rc=1: For more information about this error, try `rustc --explain E0308`.
  rust__op_801                             REFUSED  compile rc=1: For more information about this error, try `rustc --explain E0308`.
  rust__op_805                             REFUSED  compile rc=1: For more information about this error, try `rustc --explain E0308`.
  rust__op_809                             REFUSED  compile rc=1: For more information about this error, try `rustc --explain E0308`.
  rust__op_813                             REFUSED  compile rc=1: For more information about this error, try `rustc --explain E0308`.
  rust__op_817                             REFUSED  compile rc=1: For more information about this error, try `rustc --explain E0308`.
  rust__op_825                             REFUSED  compile rc=1: For more information about this error, try `rustc --explain E0573`.
  rust__op_829                             REFUSED  compile rc=1: For more information about this error, try `rustc --explain E0573`.
  rust__op_833                             REFUSED  compile rc=1: For more information about this error, try `rustc --explain E0573`.
  rust__op_837                             REFUSED  compile rc=1: For more information about this error, try `rustc --explain E0573`.
  rust__op_841                             REFUSED  compile rc=1: For more information about this error, try `rustc --explain E0573`.
  rust__op_845                             REFUSED  compile rc=1: For more information about this error, try `rustc --explain E0573`.
  rust__op_849                             REFUSED  compile rc=1: For more information about this error, try `rustc --explain E0573`.
  rust__op_853                             REFUSED  compile rc=1: For more information about this error, try `rustc --explain E0573`.
  rust__op_857                             REFUSED  compile rc=1: For more information about this error, try `rustc --explain E0573`.
  rust__op_1                               CERTIFIED   20.8s  (pure_RTYPE (zero_reg) (a) (LeanIM.rop.SUB))
  rust__op_13                              CERTIFIED   17.1s  (pure_ITYPE (a) (0xfff#12) (LeanIM.iop.XORI))
  rust__op_17                              CERTIFIED   16.2s  (pure_ITYPE (a) (0x001#12) (LeanIM.iop.XORI))
  rust__op_37                              CERTIFIED   16.2s  a
  rust__op_41                              CERTIFIED   16.3s  a
  rust__op_45                              CERTIFIED   16.1s  a
  rust__op_101                             CERTIFIED   16.3s  (pure_RTYPE (a) (b) (AND))
  rust__op_137                             CERTIFIED   16.1s  (pure_RTYPE (a) (b) (OR))
  rust__op_145                             CERTIFIED   15.8s  (pure_RTYPE (a) (b) (AND))
  rust__op_173                             CERTIFIED   15.6s  (pure_RTYPE (a) (b) (AND))
  rust__op_181                             CERTIFIED   15.6s  (pure_RTYPE (a) (b) (OR))
  rust__op_209                             CERTIFIED   15.5s  (pure_RTYPE (a) (b) (OR))
  rust__op_217                             CERTIFIED   15.6s  (pure_RTYPE (a) (b) (XOR))
  rust__op_245                             CERTIFIED   15.6s  (pure_RTYPE (a) (b) (XOR))
  rust__op_253                             CERTIFIED   15.7s  (pure_ITYPE ((pure_RTYPE (a) (b) (XOR))) (0x001#12) (LeanIM.iop.SLTIU))
  rust__op_281                             CERTIFIED   15.7s  (pure_ITYPE ((pure_RTYPE (a) (b) (XOR))) (0x001#12) (LeanIM.iop.XORI))
  rust__op_289                             CERTIFIED   15.7s  (pure_RTYPE (zero_reg) ((pure_RTYPE (a) (b) (XOR))) (LeanIM.rop.SLTU))
  rust__op_317                             CERTIFIED   15.6s  (pure_RTYPE (a) (b) (XOR))
  rust__op_325                             CERTIFIED   15.5s  (pure_RTYPE (a) (b) (LeanIM.rop.SLT))
  rust__op_353                             CERTIFIED   15.9s  (pure_RTYPE ((pure_ITYPE (a) (0x001#12) (LeanIM.iop.XORI))) (b) (AND))
  rust__op_361                             CERTIFIED   15.9s  (pure_ITYPE ((pure_RTYPE (b) (a) (LeanIM.rop.SLT))) (0x001#12) (LeanIM.iop.XORI))
  rust__op_389                             CERTIFIED   15.7s  (pure_RTYPE ((pure_ITYPE (a) (0x001#12) (LeanIM.iop.XORI))) (b) (OR))
  rust__op_397                             CERTIFIED   15.6s  (pure_RTYPE (b) (a) (LeanIM.rop.SLT))
  rust__op_425                             CERTIFIED   15.6s  (pure_RTYPE (a) ((pure_ITYPE (b) (0x001#12) (LeanIM.iop.XORI))) (AND))
  rust__op_433                             CERTIFIED   14.7s  (pure_ITYPE ((pure_RTYPE (a) (b) (LeanIM.rop.SLT))) (0x001#12) (LeanIM.iop.XORI))
  rust__op_461                             CERTIFIED   14.5s  (pure_RTYPE (a) ((pure_ITYPE (b) (0x001#12) (LeanIM.iop.XORI))) (OR))
  rust__op_469                             CERTIFIED   14.4s  (pure_RTYPE (a) (b) (LeanIM.rop.SLL))
  rust__op_505                             CERTIFIED   14.5s  (pure_RTYPE (a) (b) (LeanIM.rop.SRA))
  rust__op_541                             CERTIFIED   14.5s  (pure_RTYPE (a) (b) (ADD))
  rust__op_577                             CERTIFIED   14.5s  (pure_RTYPE (a) (b) (SUB))
  rust__op_613                             CERTIFIED   14.3s  (pure_MUL (b) (a) ({ result_part := LeanIM.VectorHalf.Low, signed_rs1 := LeanIM.Signedness
  rust__op_721                             CERTIFIED   14.3s  a
  rust__op_749                             CERTIFIED   14.3s  a
  rust__op_821                             CERTIFIED   14.6s  (pure_RTYPE (a) ((pure_SHIFTIOP (b) ((0x08#6)) (SLLI))) (OR))
  walk: certified 34, failed 0, refused 181, of 215
