  proof lib LeanIM; executable lib LeanIMPrExecutable; decoder state: s0
  emitted definitions scanned: 4750; lean-sail definitions indexed: 149
  decode: 46 words, lean rc=0, 18.2s
  register expressions evaluated: 3 of 3 (3.9s)
  certifying with 1 Lean job(s) at a time
  rust__op_2                               REFUSED  compile rc=1: For more information about an error, try `rustc --explain E0277`.
  rust__op_6                               REFUSED  compile rc=1: For more information about this error, try `rustc --explain E0614`.
  rust__op_10                              REFUSED  compile rc=1: For more information about this error, try `rustc --explain E0614`.
  rust__op_18                              REFUSED  compile rc=1: For more information about this error, try `rustc --explain E0308`.
  rust__op_22                              REFUSED  compile rc=1: For more information about this error, try `rustc --explain E0308`.
  rust__op_26                              REFUSED  compile rc=1: For more information about this error, try `rustc --explain E0308`.
  rust__op_30                              REFUSED  compile rc=1: For more information about this error, try `rustc --explain E0308`.
  rust__op_34                              REFUSED  compile rc=1: For more information about this error, try `rustc --explain E0308`.
  rust__op_50                              REFUSED  compile rc=1: For more information about this error, try `rustc --explain E0277`.
  rust__op_54                              REFUSED  compile rc=1: For more information about this error, try `rustc --explain E0308`.
  rust__op_58                              REFUSED  compile rc=1: For more information about this error, try `rustc --explain E0308`.
  rust__op_62                              REFUSED  compile rc=1: For more information about this error, try `rustc --explain E0610`.
  rust__op_66                              REFUSED  compile rc=1: For more information about this error, try `rustc --explain E0308`.
  rust__op_70                              REFUSED  compile rc=1: For more information about this error, try `rustc --explain E0308`.
  rust__op_74                              REFUSED  compile rc=1: For more information about this error, try `rustc --explain E0308`.
  rust__op_78                              REFUSED  compile rc=1: For more information about this error, try `rustc --explain E0308`.
  rust__op_82                              REFUSED  compile rc=1: For more information about this error, try `rustc --explain E0308`.
  rust__op_86                              REFUSED  compile rc=1: For more information about this error, try `rustc --explain E0308`.
  rust__op_90                              REFUSED  compile rc=1: For more information about this error, try `rustc --explain E0308`.
  rust__op_94                              REFUSED  compile rc=1: For more information about this error, try `rustc --explain E0308`.
  rust__op_98                              REFUSED  compile rc=1: For more information about this error, try `rustc --explain E0308`.
  rust__op_102                             REFUSED  compile rc=1: For more information about this error, try `rustc --explain E0308`.
  rust__op_106                             REFUSED  compile rc=1: For more information about this error, try `rustc --explain E0308`.
  rust__op_110                             REFUSED  compile rc=1: For more information about this error, try `rustc --explain E0308`.
  rust__op_114                             REFUSED  compile rc=1: For more information about this error, try `rustc --explain E0308`.
  rust__op_118                             REFUSED  compile rc=1: For more information about this error, try `rustc --explain E0308`.
  rust__op_122                             REFUSED  compile rc=1: For more information about this error, try `rustc --explain E0308`.
  rust__op_126                             REFUSED  compile rc=1: For more information about this error, try `rustc --explain E0308`.
  rust__op_130                             REFUSED  compile rc=1: For more information about this error, try `rustc --explain E0308`.
  rust__op_134                             REFUSED  compile rc=1: For more information about this error, try `rustc --explain E0308`.
  rust__op_142                             REFUSED  compile rc=1: For more information about this error, try `rustc --explain E0277`.
  rust__op_146                             REFUSED  compile rc=1: For more information about an error, try `rustc --explain E0277`.
  rust__op_150                             REFUSED  compile rc=1: For more information about an error, try `rustc --explain E0277`.
  rust__op_154                             REFUSED  compile rc=1: For more information about this error, try `rustc --explain E0277`.
  rust__op_158                             REFUSED  compile rc=1: For more information about an error, try `rustc --explain E0277`.
  rust__op_162                             REFUSED  compile rc=1: For more information about an error, try `rustc --explain E0277`.
  rust__op_166                             REFUSED  compile rc=1: For more information about an error, try `rustc --explain E0277`.
  rust__op_170                             REFUSED  compile rc=1: For more information about this error, try `rustc --explain E0277`.
  rust__op_178                             REFUSED  compile rc=1: For more information about this error, try `rustc --explain E0277`.
  rust__op_182                             REFUSED  compile rc=1: For more information about an error, try `rustc --explain E0277`.
  rust__op_186                             REFUSED  compile rc=1: For more information about an error, try `rustc --explain E0277`.
  rust__op_190                             REFUSED  compile rc=1: For more information about this error, try `rustc --explain E0277`.
  rust__op_194                             REFUSED  compile rc=1: For more information about an error, try `rustc --explain E0277`.
  rust__op_198                             REFUSED  compile rc=1: For more information about an error, try `rustc --explain E0277`.
  rust__op_202                             REFUSED  compile rc=1: For more information about an error, try `rustc --explain E0277`.
  rust__op_206                             REFUSED  compile rc=1: For more information about this error, try `rustc --explain E0277`.
  rust__op_214                             REFUSED  compile rc=1: For more information about this error, try `rustc --explain E0277`.
  rust__op_218                             REFUSED  compile rc=1: For more information about an error, try `rustc --explain E0277`.
  rust__op_222                             REFUSED  compile rc=1: For more information about an error, try `rustc --explain E0277`.
  rust__op_226                             REFUSED  compile rc=1: For more information about this error, try `rustc --explain E0277`.
  rust__op_230                             REFUSED  compile rc=1: For more information about an error, try `rustc --explain E0277`.
  rust__op_234                             REFUSED  compile rc=1: For more information about an error, try `rustc --explain E0277`.
  rust__op_238                             REFUSED  compile rc=1: For more information about an error, try `rustc --explain E0277`.
  rust__op_242                             REFUSED  compile rc=1: For more information about this error, try `rustc --explain E0277`.
  rust__op_250                             REFUSED  compile rc=1: For more information about this error, try `rustc --explain E0308`.
  rust__op_254                             REFUSED  compile rc=1: For more information about this error, try `rustc --explain E0308`.
  rust__op_258                             REFUSED  compile rc=1: For more information about this error, try `rustc --explain E0308`.
  rust__op_262                             REFUSED  compile rc=1: For more information about this error, try `rustc --explain E0308`.
  rust__op_266                             REFUSED  compile rc=1: For more information about this error, try `rustc --explain E0308`.
  rust__op_270                             REFUSED  compile rc=1: For more information about this error, try `rustc --explain E0308`.
  rust__op_274                             REFUSED  no certified pure form for ILLEGAL (a pure clause that is not an ExecuteAs alias: (Illegal_Instruction ()))
  rust__op_278                             REFUSED  compile rc=1: For more information about this error, try `rustc --explain E0308`.
  rust__op_286                             REFUSED  compile rc=1: For more information about this error, try `rustc --explain E0308`.
  rust__op_290                             REFUSED  compile rc=1: For more information about this error, try `rustc --explain E0308`.
  rust__op_294                             REFUSED  compile rc=1: For more information about this error, try `rustc --explain E0308`.
  rust__op_298                             REFUSED  compile rc=1: For more information about this error, try `rustc --explain E0308`.
  rust__op_302                             REFUSED  compile rc=1: For more information about this error, try `rustc --explain E0308`.
  rust__op_306                             REFUSED  compile rc=1: For more information about this error, try `rustc --explain E0308`.
  rust__op_310                             REFUSED  no certified pure form for ILLEGAL (a pure clause that is not an ExecuteAs alias: (Illegal_Instruction ()))
  rust__op_314                             REFUSED  compile rc=1: For more information about this error, try `rustc --explain E0308`.
  rust__op_322                             REFUSED  compile rc=1: For more information about this error, try `rustc --explain E0308`.
  rust__op_326                             REFUSED  compile rc=1: For more information about this error, try `rustc --explain E0308`.
  rust__op_330                             REFUSED  compile rc=1: For more information about this error, try `rustc --explain E0308`.
  rust__op_334                             REFUSED  compile rc=1: For more information about this error, try `rustc --explain E0308`.
  rust__op_338                             REFUSED  compile rc=1: For more information about this error, try `rustc --explain E0308`.
  rust__op_342                             REFUSED  compile rc=1: For more information about this error, try `rustc --explain E0308`.
  rust__op_346                             REFUSED  no certified pure form for ILLEGAL (a pure clause that is not an ExecuteAs alias: (Illegal_Instruction ()))
  rust__op_350                             REFUSED  compile rc=1: For more information about this error, try `rustc --explain E0308`.
  rust__op_358                             REFUSED  compile rc=1: For more information about this error, try `rustc --explain E0308`.
  rust__op_362                             REFUSED  compile rc=1: For more information about this error, try `rustc --explain E0308`.
  rust__op_366                             REFUSED  compile rc=1: For more information about this error, try `rustc --explain E0308`.
  rust__op_370                             REFUSED  compile rc=1: For more information about this error, try `rustc --explain E0308`.
  rust__op_374                             REFUSED  compile rc=1: For more information about this error, try `rustc --explain E0308`.
  rust__op_378                             REFUSED  compile rc=1: For more information about this error, try `rustc --explain E0308`.
  rust__op_382                             REFUSED  no certified pure form for ILLEGAL (a pure clause that is not an ExecuteAs alias: (Illegal_Instruction ()))
  rust__op_386                             REFUSED  compile rc=1: For more information about this error, try `rustc --explain E0308`.
  rust__op_394                             REFUSED  compile rc=1: For more information about this error, try `rustc --explain E0308`.
  rust__op_398                             REFUSED  compile rc=1: For more information about this error, try `rustc --explain E0308`.
  rust__op_402                             REFUSED  compile rc=1: For more information about this error, try `rustc --explain E0308`.
  rust__op_406                             REFUSED  compile rc=1: For more information about this error, try `rustc --explain E0308`.
  rust__op_410                             REFUSED  compile rc=1: For more information about this error, try `rustc --explain E0308`.
  rust__op_414                             REFUSED  compile rc=1: For more information about this error, try `rustc --explain E0308`.
  rust__op_418                             REFUSED  no certified pure form for ILLEGAL (a pure clause that is not an ExecuteAs alias: (Illegal_Instruction ()))
  rust__op_422                             REFUSED  compile rc=1: For more information about this error, try `rustc --explain E0308`.
  rust__op_430                             REFUSED  compile rc=1: For more information about this error, try `rustc --explain E0308`.
  rust__op_434                             REFUSED  compile rc=1: For more information about this error, try `rustc --explain E0308`.
  rust__op_438                             REFUSED  compile rc=1: For more information about this error, try `rustc --explain E0308`.
  rust__op_442                             REFUSED  compile rc=1: For more information about this error, try `rustc --explain E0308`.
  rust__op_446                             REFUSED  compile rc=1: For more information about this error, try `rustc --explain E0308`.
  rust__op_450                             REFUSED  compile rc=1: For more information about this error, try `rustc --explain E0308`.
  rust__op_454                             REFUSED  no certified pure form for ILLEGAL (a pure clause that is not an ExecuteAs alias: (Illegal_Instruction ()))
  rust__op_458                             REFUSED  compile rc=1: For more information about this error, try `rustc --explain E0308`.
  rust__op_466                             REFUSED  compile rc=1: For more information about this error, try `rustc --explain E0277`.
  rust__op_478                             REFUSED  compile rc=1: For more information about this error, try `rustc --explain E0277`.
  rust__op_482                             REFUSED  compile rc=1: For more information about an error, try `rustc --explain E0277`.
  rust__op_486                             REFUSED  compile rc=1: For more information about an error, try `rustc --explain E0277`.
  rust__op_490                             REFUSED  compile rc=1: For more information about an error, try `rustc --explain E0277`.
  rust__op_494                             REFUSED  compile rc=1: For more information about an error, try `rustc --explain E0277`.
  rust__op_502                             REFUSED  compile rc=1: For more information about this error, try `rustc --explain E0277`.
  rust__op_514                             REFUSED  compile rc=1: For more information about this error, try `rustc --explain E0277`.
  rust__op_518                             REFUSED  compile rc=1: For more information about an error, try `rustc --explain E0277`.
  rust__op_522                             REFUSED  compile rc=1: For more information about an error, try `rustc --explain E0277`.
  rust__op_526                             REFUSED  compile rc=1: For more information about an error, try `rustc --explain E0277`.
  rust__op_530                             REFUSED  compile rc=1: For more information about an error, try `rustc --explain E0277`.
  rust__op_538                             REFUSED  compile rc=1: For more information about this error, try `rustc --explain E0277`.
  rust__op_542                             REFUSED  compile rc=1: For more information about an error, try `rustc --explain E0277`.
  rust__op_546                             REFUSED  compile rc=1: For more information about an error, try `rustc --explain E0277`.
  rust__op_550                             REFUSED  compile rc=1: For more information about this error, try `rustc --explain E0277`.
  rust__op_554                             REFUSED  compile rc=1: For more information about this error, try `rustc --explain E0277`.
  rust__op_558                             REFUSED  compile rc=1: For more information about this error, try `rustc --explain E0277`.
  rust__op_562                             REFUSED  no certified pure form for ILLEGAL (a pure clause that is not an ExecuteAs alias: (Illegal_Instruction ()))
  rust__op_566                             REFUSED  compile rc=1: For more information about an error, try `rustc --explain E0277`.
  rust__op_574                             REFUSED  compile rc=1: For more information about this error, try `rustc --explain E0277`.
  rust__op_578                             REFUSED  compile rc=1: For more information about an error, try `rustc --explain E0277`.
  rust__op_582                             REFUSED  compile rc=1: For more information about an error, try `rustc --explain E0277`.
  rust__op_586                             REFUSED  compile rc=1: For more information about this error, try `rustc --explain E0277`.
  rust__op_590                             REFUSED  compile rc=1: For more information about this error, try `rustc --explain E0277`.
  rust__op_594                             REFUSED  compile rc=1: For more information about this error, try `rustc --explain E0277`.
  rust__op_598                             REFUSED  no certified pure form for ILLEGAL (a pure clause that is not an ExecuteAs alias: (Illegal_Instruction ()))
  rust__op_602                             REFUSED  compile rc=1: For more information about an error, try `rustc --explain E0277`.
  rust__op_610                             REFUSED  compile rc=1: For more information about this error, try `rustc --explain E0277`.
  rust__op_614                             REFUSED  compile rc=1: For more information about an error, try `rustc --explain E0277`.
  rust__op_618                             REFUSED  compile rc=1: For more information about an error, try `rustc --explain E0277`.
  rust__op_622                             REFUSED  compile rc=1: For more information about this error, try `rustc --explain E0277`.
  rust__op_626                             REFUSED  compile rc=1: For more information about this error, try `rustc --explain E0277`.
  rust__op_630                             REFUSED  compile rc=1: For more information about this error, try `rustc --explain E0277`.
  rust__op_634                             REFUSED  no certified pure form for ILLEGAL (a pure clause that is not an ExecuteAs alias: (Illegal_Instruction ()))
  rust__op_638                             REFUSED  compile rc=1: For more information about an error, try `rustc --explain E0277`.
  rust__op_642                             REFUSED  reads x2, outside the ABI arguments
  rust__op_646                             REFUSED  compile rc=1: For more information about this error, try `rustc --explain E0277`.
  rust__op_650                             REFUSED  compile rc=1: For more information about an error, try `rustc --explain E0277`.
  rust__op_654                             REFUSED  compile rc=1: For more information about an error, try `rustc --explain E0277`.
  rust__op_658                             REFUSED  compile rc=1: For more information about this error, try `rustc --explain E0277`.
  rust__op_662                             REFUSED  compile rc=1: For more information about this error, try `rustc --explain E0277`.
  rust__op_666                             REFUSED  compile rc=1: For more information about this error, try `rustc --explain E0277`.
  rust__op_670                             REFUSED  no certified pure form for ILLEGAL (a pure clause that is not an ExecuteAs alias: (Illegal_Instruction ()))
  rust__op_674                             REFUSED  compile rc=1: For more information about an error, try `rustc --explain E0277`.
  rust__op_678                             REFUSED  reads x2, outside the ABI arguments
  rust__op_682                             REFUSED  compile rc=1: For more information about this error, try `rustc --explain E0277`.
  rust__op_686                             REFUSED  compile rc=1: For more information about an error, try `rustc --explain E0277`.
  rust__op_690                             REFUSED  compile rc=1: For more information about an error, try `rustc --explain E0277`.
  rust__op_694                             REFUSED  compile rc=1: For more information about this error, try `rustc --explain E0277`.
  rust__op_698                             REFUSED  compile rc=1: For more information about this error, try `rustc --explain E0277`.
  rust__op_702                             REFUSED  compile rc=1: For more information about this error, try `rustc --explain E0277`.
  rust__op_706                             REFUSED  no certified pure form for UTYPE (an effect in an arm beyond register reads: ((← (get_arch_pc ())) + off))
  rust__op_710                             REFUSED  compile rc=1: For more information about an error, try `rustc --explain E0277`.
  rust__op_718                             REFUSED  compile rc=1: For more information about this error, try `rustc --explain E0308`.
  rust__op_722                             REFUSED  compile rc=1: For more information about this error, try `rustc --explain E0308`.
  rust__op_726                             REFUSED  compile rc=1: For more information about this error, try `rustc --explain E0308`.
  rust__op_730                             REFUSED  compile rc=1: For more information about this error, try `rustc --explain E0308`.
  rust__op_734                             REFUSED  compile rc=1: For more information about this error, try `rustc --explain E0308`.
  rust__op_738                             REFUSED  compile rc=1: For more information about this error, try `rustc --explain E0308`.
  rust__op_746                             REFUSED  compile rc=1: For more information about this error, try `rustc --explain E0308`.
  rust__op_750                             REFUSED  compile rc=1: For more information about this error, try `rustc --explain E0308`.
  rust__op_754                             REFUSED  compile rc=1: For more information about this error, try `rustc --explain E0308`.
  rust__op_758                             REFUSED  compile rc=1: For more information about this error, try `rustc --explain E0308`.
  rust__op_762                             REFUSED  compile rc=1: For more information about this error, try `rustc --explain E0308`.
  rust__op_766                             REFUSED  compile rc=1: For more information about this error, try `rustc --explain E0308`.
  rust__op_770                             REFUSED  compile rc=1: For more information about this error, try `rustc --explain E0308`.
  rust__op_774                             REFUSED  compile rc=1: For more information about this error, try `rustc --explain E0308`.
  rust__op_778                             REFUSED  compile rc=1: For more information about this error, try `rustc --explain E0308`.
  rust__op_782                             REFUSED  compile rc=1: For more information about this error, try `rustc --explain E0308`.
  rust__op_786                             REFUSED  no certified pure form for STORE (an element the rule does not know: assert (width ≤b xlen_bytes) "extensions/
  rust__op_790                             REFUSED  compile rc=1: For more information about this error, try `rustc --explain E0308`.
  rust__op_794                             REFUSED  compile rc=1: For more information about this error, try `rustc --explain E0308`.
  rust__op_798                             REFUSED  compile rc=1: For more information about this error, try `rustc --explain E0308`.
  rust__op_802                             REFUSED  compile rc=1: For more information about this error, try `rustc --explain E0308`.
  rust__op_806                             REFUSED  compile rc=1: For more information about this error, try `rustc --explain E0308`.
  rust__op_810                             REFUSED  compile rc=1: For more information about this error, try `rustc --explain E0308`.
  rust__op_814                             REFUSED  no certified pure form for C_ILLEGAL (a pure clause that is not an ExecuteAs alias: (Illegal_Instruction ()))
  rust__op_818                             REFUSED  compile rc=1: For more information about this error, try `rustc --explain E0308`.
  rust__op_822                             REFUSED  compile rc=1: For more information about this error, try `rustc --explain E0573`.
  rust__op_826                             REFUSED  compile rc=1: For more information about this error, try `rustc --explain E0573`.
  rust__op_830                             REFUSED  compile rc=1: For more information about this error, try `rustc --explain E0573`.
  rust__op_834                             REFUSED  compile rc=1: For more information about this error, try `rustc --explain E0573`.
  rust__op_838                             REFUSED  compile rc=1: For more information about this error, try `rustc --explain E0573`.
  rust__op_842                             REFUSED  compile rc=1: For more information about this error, try `rustc --explain E0573`.
  rust__op_846                             REFUSED  compile rc=1: For more information about this error, try `rustc --explain E0573`.
  rust__op_850                             REFUSED  compile rc=1: For more information about this error, try `rustc --explain E0573`.
  rust__op_854                             REFUSED  compile rc=1: For more information about this error, try `rustc --explain E0573`.
  rust__op_14                              CERTIFIED   20.6s  (pure_ITYPE (a) (0xfff#12) (LeanIM.iop.XORI))
  rust__op_38                              CERTIFIED   16.0s  a
  rust__op_42                              CERTIFIED   16.2s  a
  rust__op_46                              CERTIFIED   16.0s  a
  rust__op_138                             CERTIFIED   16.2s  (pure_RTYPE (a) (b) (AND))
  rust__op_174                             CERTIFIED   16.5s  (pure_RTYPE (a) (b) (OR))
  rust__op_210                             CERTIFIED   16.4s  (pure_RTYPE (a) (b) (XOR))
  rust__op_246                             CERTIFIED   15.7s  (pure_ITYPE ((pure_RTYPE (a) (b) (XOR))) (0x001#12) (LeanIM.iop.SLTIU))
  rust__op_282                             CERTIFIED   15.6s  (pure_RTYPE (zero_reg) ((pure_RTYPE (a) (b) (XOR))) (LeanIM.rop.SLTU))
  rust__op_318                             CERTIFIED   15.6s  (pure_RTYPE (a) (b) (LeanIM.rop.SLT))
  rust__op_354                             CERTIFIED   15.6s  (pure_ITYPE ((pure_RTYPE (b) (a) (LeanIM.rop.SLT))) (0x001#12) (LeanIM.iop.XORI))
  rust__op_390                             CERTIFIED   15.7s  (pure_RTYPE (b) (a) (LeanIM.rop.SLT))
  rust__op_426                             CERTIFIED   15.6s  (pure_ITYPE ((pure_RTYPE (a) (b) (LeanIM.rop.SLT))) (0x001#12) (LeanIM.iop.XORI))
  rust__op_462                             CERTIFIED   15.4s  (pure_RTYPEW (a) (b) (LeanIM.ropw.SLLW))
  rust__op_470                             CERTIFIED   15.5s  (pure_RTYPE (a) (b) (LeanIM.rop.SLL))
  rust__op_474                             CERTIFIED   15.6s  (pure_RTYPE (a) (b) (LeanIM.rop.SLL))
  rust__op_498                             CERTIFIED   15.3s  (pure_RTYPEW (a) (b) (LeanIM.ropw.SRAW))
  rust__op_506                             CERTIFIED   15.7s  (pure_RTYPE (a) (b) (LeanIM.rop.SRA))
  rust__op_510                             CERTIFIED   15.6s  (pure_RTYPE (a) (b) (LeanIM.rop.SRL))
  rust__op_534                             CERTIFIED   15.5s  (pure_RTYPEW (a) (b) (ADDW))
  rust__op_570                             CERTIFIED   15.4s  (pure_RTYPEW (a) (b) (SUBW))
  rust__op_606                             CERTIFIED   15.5s  (pure_MULW (b) (a))
  rust__op_714                             CERTIFIED   15.4s  a
  rust__op_742                             CERTIFIED   15.3s  a
  walk: certified 24, failed 0, refused 190, of 214
