  proof lib LeanIM; executable lib LeanIMPrExecutable; decoder state: s0
  emitted definitions scanned: 4750; lean-sail definitions indexed: 149
  decode: 28 words, lean rc=0, 11.9s
  register expressions evaluated: 2 of 2 (3.2s)
  certifying with 1 Lean job(s) at a time
  rust__op_4                               REFUSED  no certified pure form for ILLEGAL (a pure clause that is not an ExecuteAs alias: (Illegal_Instruction ()))
  rust__op_8                               REFUSED  compile rc=1: For more information about this error, try `rustc --explain E0614`.
  rust__op_16                              REFUSED  compile rc=1: For more information about an error, try `rustc --explain E0277`.
  rust__op_20                              REFUSED  compile rc=1: For more information about this error, try `rustc --explain E0308`.
  rust__op_24                              REFUSED  compile rc=1: For more information about this error, try `rustc --explain E0308`.
  rust__op_28                              REFUSED  compile rc=1: For more information about this error, try `rustc --explain E0308`.
  rust__op_32                              REFUSED  compile rc=1: For more information about this error, try `rustc --explain E0308`.
  rust__op_48                              REFUSED  compile rc=1: For more information about this error, try `rustc --explain E0277`.
  rust__op_52                              REFUSED  compile rc=1: For more information about this error, try `rustc --explain E0277`.
  rust__op_56                              REFUSED  compile rc=1: For more information about this error, try `rustc --explain E0308`.
  rust__op_60                              REFUSED  compile rc=1: For more information about this error, try `rustc --explain E0610`.
  rust__op_64                              REFUSED  compile rc=1: For more information about this error, try `rustc --explain E0610`.
  rust__op_68                              REFUSED  compile rc=1: For more information about this error, try `rustc --explain E0308`.
  rust__op_72                              REFUSED  compile rc=1: For more information about this error, try `rustc --explain E0308`.
  rust__op_76                              REFUSED  compile rc=1: For more information about this error, try `rustc --explain E0308`.
  rust__op_80                              REFUSED  compile rc=1: For more information about this error, try `rustc --explain E0308`.
  rust__op_84                              REFUSED  compile rc=1: For more information about this error, try `rustc --explain E0308`.
  rust__op_88                              REFUSED  compile rc=1: For more information about this error, try `rustc --explain E0308`.
  rust__op_92                              REFUSED  compile rc=1: For more information about this error, try `rustc --explain E0308`.
  rust__op_96                              REFUSED  compile rc=1: For more information about this error, try `rustc --explain E0308`.
  rust__op_100                             REFUSED  compile rc=1: For more information about this error, try `rustc --explain E0308`.
  rust__op_104                             REFUSED  compile rc=1: For more information about this error, try `rustc --explain E0308`.
  rust__op_108                             REFUSED  compile rc=1: For more information about this error, try `rustc --explain E0308`.
  rust__op_112                             REFUSED  compile rc=1: For more information about this error, try `rustc --explain E0308`.
  rust__op_116                             REFUSED  compile rc=1: For more information about this error, try `rustc --explain E0308`.
  rust__op_120                             REFUSED  compile rc=1: For more information about this error, try `rustc --explain E0308`.
  rust__op_124                             REFUSED  compile rc=1: For more information about this error, try `rustc --explain E0308`.
  rust__op_128                             REFUSED  compile rc=1: For more information about this error, try `rustc --explain E0308`.
  rust__op_132                             REFUSED  compile rc=1: For more information about this error, try `rustc --explain E0308`.
  rust__op_136                             REFUSED  compile rc=1: For more information about this error, try `rustc --explain E0308`.
  rust__op_140                             REFUSED  compile rc=1: For more information about an error, try `rustc --explain E0277`.
  rust__op_144                             REFUSED  compile rc=1: For more information about an error, try `rustc --explain E0277`.
  rust__op_148                             REFUSED  compile rc=1: For more information about this error, try `rustc --explain E0277`.
  rust__op_156                             REFUSED  compile rc=1: For more information about an error, try `rustc --explain E0277`.
  rust__op_160                             REFUSED  compile rc=1: For more information about an error, try `rustc --explain E0277`.
  rust__op_164                             REFUSED  compile rc=1: For more information about an error, try `rustc --explain E0277`.
  rust__op_168                             REFUSED  compile rc=1: For more information about this error, try `rustc --explain E0277`.
  rust__op_172                             REFUSED  compile rc=1: For more information about this error, try `rustc --explain E0277`.
  rust__op_176                             REFUSED  compile rc=1: For more information about an error, try `rustc --explain E0277`.
  rust__op_180                             REFUSED  compile rc=1: For more information about an error, try `rustc --explain E0277`.
  rust__op_184                             REFUSED  compile rc=1: For more information about this error, try `rustc --explain E0277`.
  rust__op_192                             REFUSED  compile rc=1: For more information about an error, try `rustc --explain E0277`.
  rust__op_196                             REFUSED  compile rc=1: For more information about an error, try `rustc --explain E0277`.
  rust__op_200                             REFUSED  compile rc=1: For more information about an error, try `rustc --explain E0277`.
  rust__op_204                             REFUSED  compile rc=1: For more information about this error, try `rustc --explain E0277`.
  rust__op_208                             REFUSED  compile rc=1: For more information about this error, try `rustc --explain E0277`.
  rust__op_212                             REFUSED  compile rc=1: For more information about an error, try `rustc --explain E0277`.
  rust__op_216                             REFUSED  compile rc=1: For more information about an error, try `rustc --explain E0277`.
  rust__op_220                             REFUSED  compile rc=1: For more information about this error, try `rustc --explain E0277`.
  rust__op_228                             REFUSED  compile rc=1: For more information about an error, try `rustc --explain E0277`.
  rust__op_232                             REFUSED  compile rc=1: For more information about an error, try `rustc --explain E0277`.
  rust__op_236                             REFUSED  compile rc=1: For more information about an error, try `rustc --explain E0277`.
  rust__op_240                             REFUSED  compile rc=1: For more information about this error, try `rustc --explain E0277`.
  rust__op_244                             REFUSED  compile rc=1: For more information about this error, try `rustc --explain E0277`.
  rust__op_248                             REFUSED  compile rc=1: For more information about this error, try `rustc --explain E0308`.
  rust__op_252                             REFUSED  compile rc=1: For more information about this error, try `rustc --explain E0308`.
  rust__op_256                             REFUSED  compile rc=1: For more information about this error, try `rustc --explain E0308`.
  rust__op_264                             REFUSED  compile rc=1: For more information about this error, try `rustc --explain E0308`.
  rust__op_268                             REFUSED  compile rc=1: For more information about this error, try `rustc --explain E0308`.
  rust__op_272                             REFUSED  compile rc=1: For more information about this error, try `rustc --explain E0308`.
  rust__op_276                             REFUSED  compile rc=1: For more information about this error, try `rustc --explain E0308`.
  rust__op_280                             REFUSED  compile rc=1: For more information about this error, try `rustc --explain E0308`.
  rust__op_284                             REFUSED  compile rc=1: For more information about this error, try `rustc --explain E0308`.
  rust__op_288                             REFUSED  compile rc=1: For more information about this error, try `rustc --explain E0308`.
  rust__op_292                             REFUSED  compile rc=1: For more information about this error, try `rustc --explain E0308`.
  rust__op_300                             REFUSED  compile rc=1: For more information about this error, try `rustc --explain E0308`.
  rust__op_304                             REFUSED  compile rc=1: For more information about this error, try `rustc --explain E0308`.
  rust__op_308                             REFUSED  compile rc=1: For more information about this error, try `rustc --explain E0308`.
  rust__op_312                             REFUSED  compile rc=1: For more information about this error, try `rustc --explain E0308`.
  rust__op_316                             REFUSED  compile rc=1: For more information about this error, try `rustc --explain E0308`.
  rust__op_320                             REFUSED  compile rc=1: For more information about this error, try `rustc --explain E0308`.
  rust__op_324                             REFUSED  compile rc=1: For more information about this error, try `rustc --explain E0308`.
  rust__op_328                             REFUSED  compile rc=1: For more information about this error, try `rustc --explain E0308`.
  rust__op_336                             REFUSED  compile rc=1: For more information about this error, try `rustc --explain E0308`.
  rust__op_340                             REFUSED  compile rc=1: For more information about this error, try `rustc --explain E0308`.
  rust__op_344                             REFUSED  compile rc=1: For more information about this error, try `rustc --explain E0308`.
  rust__op_348                             REFUSED  compile rc=1: For more information about this error, try `rustc --explain E0308`.
  rust__op_352                             REFUSED  compile rc=1: For more information about this error, try `rustc --explain E0308`.
  rust__op_356                             REFUSED  compile rc=1: For more information about this error, try `rustc --explain E0308`.
  rust__op_360                             REFUSED  compile rc=1: For more information about this error, try `rustc --explain E0308`.
  rust__op_364                             REFUSED  compile rc=1: For more information about this error, try `rustc --explain E0308`.
  rust__op_372                             REFUSED  compile rc=1: For more information about this error, try `rustc --explain E0308`.
  rust__op_376                             REFUSED  compile rc=1: For more information about this error, try `rustc --explain E0308`.
  rust__op_380                             REFUSED  compile rc=1: For more information about this error, try `rustc --explain E0308`.
  rust__op_384                             REFUSED  compile rc=1: For more information about this error, try `rustc --explain E0308`.
  rust__op_388                             REFUSED  compile rc=1: For more information about this error, try `rustc --explain E0308`.
  rust__op_392                             REFUSED  compile rc=1: For more information about this error, try `rustc --explain E0308`.
  rust__op_396                             REFUSED  compile rc=1: For more information about this error, try `rustc --explain E0308`.
  rust__op_400                             REFUSED  compile rc=1: For more information about this error, try `rustc --explain E0308`.
  rust__op_408                             REFUSED  compile rc=1: For more information about this error, try `rustc --explain E0308`.
  rust__op_412                             REFUSED  compile rc=1: For more information about this error, try `rustc --explain E0308`.
  rust__op_416                             REFUSED  compile rc=1: For more information about this error, try `rustc --explain E0308`.
  rust__op_420                             REFUSED  compile rc=1: For more information about this error, try `rustc --explain E0308`.
  rust__op_424                             REFUSED  compile rc=1: For more information about this error, try `rustc --explain E0308`.
  rust__op_428                             REFUSED  compile rc=1: For more information about this error, try `rustc --explain E0308`.
  rust__op_432                             REFUSED  compile rc=1: For more information about this error, try `rustc --explain E0308`.
  rust__op_436                             REFUSED  compile rc=1: For more information about this error, try `rustc --explain E0308`.
  rust__op_444                             REFUSED  compile rc=1: For more information about this error, try `rustc --explain E0308`.
  rust__op_448                             REFUSED  compile rc=1: For more information about this error, try `rustc --explain E0308`.
  rust__op_452                             REFUSED  compile rc=1: For more information about this error, try `rustc --explain E0308`.
  rust__op_456                             REFUSED  compile rc=1: For more information about this error, try `rustc --explain E0308`.
  rust__op_460                             REFUSED  compile rc=1: For more information about this error, try `rustc --explain E0308`.
  rust__op_472                             REFUSED  compile rc=1: For more information about this error, try `rustc --explain E0277`.
  rust__op_480                             REFUSED  compile rc=1: For more information about an error, try `rustc --explain E0277`.
  rust__op_484                             REFUSED  compile rc=1: For more information about an error, try `rustc --explain E0277`.
  rust__op_488                             REFUSED  compile rc=1: For more information about an error, try `rustc --explain E0277`.
  rust__op_492                             REFUSED  compile rc=1: For more information about an error, try `rustc --explain E0277`.
  rust__op_496                             REFUSED  compile rc=1: For more information about an error, try `rustc --explain E0277`.
  rust__op_508                             REFUSED  compile rc=1: For more information about this error, try `rustc --explain E0277`.
  rust__op_516                             REFUSED  compile rc=1: For more information about an error, try `rustc --explain E0277`.
  rust__op_520                             REFUSED  compile rc=1: For more information about an error, try `rustc --explain E0277`.
  rust__op_524                             REFUSED  compile rc=1: For more information about an error, try `rustc --explain E0277`.
  rust__op_528                             REFUSED  compile rc=1: For more information about an error, try `rustc --explain E0277`.
  rust__op_532                             REFUSED  compile rc=1: For more information about an error, try `rustc --explain E0277`.
  rust__op_536                             REFUSED  compile rc=1: For more information about an error, try `rustc --explain E0277`.
  rust__op_540                             REFUSED  compile rc=1: For more information about an error, try `rustc --explain E0277`.
  rust__op_544                             REFUSED  compile rc=1: For more information about this error, try `rustc --explain E0277`.
  rust__op_552                             REFUSED  compile rc=1: For more information about this error, try `rustc --explain E0277`.
  rust__op_556                             REFUSED  compile rc=1: For more information about an error, try `rustc --explain E0277`.
  rust__op_560                             REFUSED  compile rc=1: For more information about this error, try `rustc --explain E0277`.
  rust__op_564                             REFUSED  compile rc=1: For more information about an error, try `rustc --explain E0277`.
  rust__op_568                             REFUSED  compile rc=1: For more information about an error, try `rustc --explain E0277`.
  rust__op_572                             REFUSED  compile rc=1: For more information about an error, try `rustc --explain E0277`.
  rust__op_576                             REFUSED  compile rc=1: For more information about an error, try `rustc --explain E0277`.
  rust__op_580                             REFUSED  compile rc=1: For more information about this error, try `rustc --explain E0277`.
  rust__op_588                             REFUSED  compile rc=1: For more information about this error, try `rustc --explain E0277`.
  rust__op_592                             REFUSED  compile rc=1: For more information about an error, try `rustc --explain E0277`.
  rust__op_596                             REFUSED  compile rc=1: For more information about this error, try `rustc --explain E0277`.
  rust__op_600                             REFUSED  compile rc=1: For more information about an error, try `rustc --explain E0277`.
  rust__op_604                             REFUSED  compile rc=1: For more information about an error, try `rustc --explain E0277`.
  rust__op_608                             REFUSED  compile rc=1: For more information about an error, try `rustc --explain E0277`.
  rust__op_612                             REFUSED  compile rc=1: For more information about an error, try `rustc --explain E0277`.
  rust__op_616                             REFUSED  compile rc=1: For more information about this error, try `rustc --explain E0277`.
  rust__op_624                             REFUSED  compile rc=1: For more information about this error, try `rustc --explain E0277`.
  rust__op_628                             REFUSED  compile rc=1: For more information about an error, try `rustc --explain E0277`.
  rust__op_632                             REFUSED  compile rc=1: For more information about this error, try `rustc --explain E0277`.
  rust__op_636                             REFUSED  compile rc=1: For more information about an error, try `rustc --explain E0277`.
  rust__op_640                             REFUSED  compile rc=1: For more information about an error, try `rustc --explain E0277`.
  rust__op_644                             REFUSED  compile rc=1: For more information about an error, try `rustc --explain E0277`.
  rust__op_648                             REFUSED  compile rc=1: For more information about an error, try `rustc --explain E0277`.
  rust__op_652                             REFUSED  compile rc=1: For more information about this error, try `rustc --explain E0277`.
  rust__op_656                             REFUSED  no certified pure form for BTYPE (an element the rule does not know: let taken ← (( do)
  rust__op_660                             REFUSED  compile rc=1: For more information about this error, try `rustc --explain E0277`.
  rust__op_664                             REFUSED  compile rc=1: For more information about an error, try `rustc --explain E0277`.
  rust__op_668                             REFUSED  compile rc=1: For more information about this error, try `rustc --explain E0277`.
  rust__op_672                             REFUSED  compile rc=1: For more information about an error, try `rustc --explain E0277`.
  rust__op_676                             REFUSED  compile rc=1: For more information about an error, try `rustc --explain E0277`.
  rust__op_680                             REFUSED  compile rc=1: For more information about an error, try `rustc --explain E0277`.
  rust__op_684                             REFUSED  compile rc=1: For more information about an error, try `rustc --explain E0277`.
  rust__op_688                             REFUSED  compile rc=1: For more information about this error, try `rustc --explain E0277`.
  rust__op_692                             REFUSED  no certified pure form for BTYPE (an element the rule does not know: let taken ← (( do)
  rust__op_696                             REFUSED  compile rc=1: For more information about this error, try `rustc --explain E0277`.
  rust__op_700                             REFUSED  compile rc=1: For more information about an error, try `rustc --explain E0277`.
  rust__op_704                             REFUSED  compile rc=1: For more information about this error, try `rustc --explain E0277`.
  rust__op_708                             REFUSED  compile rc=1: For more information about an error, try `rustc --explain E0277`.
  rust__op_712                             REFUSED  compile rc=1: For more information about an error, try `rustc --explain E0277`.
  rust__op_716                             REFUSED  compile rc=1: For more information about this error, try `rustc --explain E0308`.
  rust__op_720                             REFUSED  compile rc=1: For more information about this error, try `rustc --explain E0308`.
  rust__op_724                             REFUSED  compile rc=1: For more information about this error, try `rustc --explain E0308`.
  rust__op_732                             REFUSED  compile rc=1: For more information about this error, try `rustc --explain E0308`.
  rust__op_736                             REFUSED  compile rc=1: For more information about this error, try `rustc --explain E0308`.
  rust__op_740                             REFUSED  compile rc=1: For more information about this error, try `rustc --explain E0308`.
  rust__op_744                             REFUSED  compile rc=1: For more information about this error, try `rustc --explain E0308`.
  rust__op_748                             REFUSED  compile rc=1: For more information about this error, try `rustc --explain E0308`.
  rust__op_752                             REFUSED  compile rc=1: For more information about this error, try `rustc --explain E0308`.
  rust__op_756                             REFUSED  compile rc=1: For more information about this error, try `rustc --explain E0308`.
  rust__op_760                             REFUSED  compile rc=1: For more information about this error, try `rustc --explain E0308`.
  rust__op_764                             REFUSED  compile rc=1: For more information about this error, try `rustc --explain E0308`.
  rust__op_768                             REFUSED  compile rc=1: For more information about this error, try `rustc --explain E0308`.
  rust__op_772                             REFUSED  compile rc=1: For more information about this error, try `rustc --explain E0308`.
  rust__op_776                             REFUSED  compile rc=1: For more information about this error, try `rustc --explain E0308`.
  rust__op_780                             REFUSED  compile rc=1: For more information about this error, try `rustc --explain E0308`.
  rust__op_784                             REFUSED  compile rc=1: For more information about this error, try `rustc --explain E0308`.
  rust__op_788                             REFUSED  compile rc=1: For more information about this error, try `rustc --explain E0308`.
  rust__op_792                             REFUSED  compile rc=1: For more information about this error, try `rustc --explain E0308`.
  rust__op_796                             REFUSED  compile rc=1: For more information about this error, try `rustc --explain E0308`.
  rust__op_800                             REFUSED  no certified pure form for STORE (an element the rule does not know: assert (width ≤b xlen_bytes) "extensions/
  rust__op_804                             REFUSED  compile rc=1: For more information about this error, try `rustc --explain E0308`.
  rust__op_808                             REFUSED  compile rc=1: For more information about this error, try `rustc --explain E0308`.
  rust__op_812                             REFUSED  compile rc=1: For more information about this error, try `rustc --explain E0308`.
  rust__op_816                             REFUSED  compile rc=1: For more information about this error, try `rustc --explain E0308`.
  rust__op_820                             REFUSED  compile rc=1: For more information about this error, try `rustc --explain E0308`.
  rust__op_824                             REFUSED  compile rc=1: For more information about this error, try `rustc --explain E0573`.
  rust__op_828                             REFUSED  compile rc=1: For more information about this error, try `rustc --explain E0573`.
  rust__op_832                             REFUSED  compile rc=1: For more information about this error, try `rustc --explain E0573`.
  rust__op_836                             REFUSED  compile rc=1: For more information about this error, try `rustc --explain E0573`.
  rust__op_840                             REFUSED  compile rc=1: For more information about this error, try `rustc --explain E0573`.
  rust__op_844                             REFUSED  compile rc=1: For more information about this error, try `rustc --explain E0573`.
  rust__op_848                             REFUSED  compile rc=1: For more information about this error, try `rustc --explain E0573`.
  rust__op_852                             REFUSED  compile rc=1: For more information about this error, try `rustc --explain E0573`.
  rust__op_856                             REFUSED  compile rc=1: For more information about this error, try `rustc --explain E0573`.
  rust__op_0                               CERTIFIED   20.4s  (pure_RTYPEW (zero_reg) (a) (LeanIM.ropw.SUBW))
  rust__op_12                              CERTIFIED   17.3s  (pure_ITYPE (a) (0xfff#12) (LeanIM.iop.XORI))
  rust__op_36                              CERTIFIED   16.5s  a
  rust__op_40                              CERTIFIED   16.0s  a
  rust__op_44                              CERTIFIED   16.3s  a
  rust__op_152                             CERTIFIED   16.5s  (pure_RTYPE (a) (b) (AND))
  rust__op_188                             CERTIFIED   16.3s  (pure_RTYPE (a) (b) (OR))
  rust__op_224                             CERTIFIED   16.0s  (pure_RTYPE (a) (b) (XOR))
  rust__op_260                             CERTIFIED   15.9s  (pure_ITYPE ((pure_RTYPE (a) (b) (XOR))) (0x001#12) (LeanIM.iop.SLTIU))
  rust__op_296                             CERTIFIED   15.5s  (pure_RTYPE (zero_reg) ((pure_RTYPE (a) (b) (XOR))) (LeanIM.rop.SLTU))
  rust__op_332                             CERTIFIED   15.8s  (pure_RTYPE (a) (b) (LeanIM.rop.SLTU))
  rust__op_368                             CERTIFIED   15.6s  (pure_ITYPE ((pure_RTYPE (b) (a) (LeanIM.rop.SLTU))) (0x001#12) (LeanIM.iop.XORI))
  rust__op_404                             CERTIFIED   15.6s  (pure_RTYPE (b) (a) (LeanIM.rop.SLTU))
  rust__op_440                             CERTIFIED   15.8s  (pure_ITYPE ((pure_RTYPE (a) (b) (LeanIM.rop.SLTU))) (0x001#12) (LeanIM.iop.XORI))
  rust__op_464                             CERTIFIED   15.5s  (pure_RTYPEW (a) (b) (LeanIM.ropw.SLLW))
  rust__op_468                             CERTIFIED   15.7s  (pure_RTYPE (a) (b) (LeanIM.rop.SLL))
  rust__op_476                             CERTIFIED   15.4s  (pure_RTYPE (a) (b) (LeanIM.rop.SLL))
  rust__op_500                             CERTIFIED   15.6s  (pure_RTYPEW (a) (b) (LeanIM.ropw.SRAW))
  rust__op_504                             CERTIFIED   15.4s  (pure_RTYPE (a) (b) (LeanIM.rop.SRA))
  rust__op_512                             CERTIFIED   15.4s  (pure_RTYPE (a) (b) (LeanIM.rop.SRL))
  rust__op_548                             CERTIFIED   15.5s  (pure_RTYPE (a) (b) (ADD))
  rust__op_584                             CERTIFIED   15.6s  (pure_RTYPE (a) (b) (SUB))
  rust__op_620                             CERTIFIED   15.5s  (pure_MUL (b) (a) ({ result_part := LeanIM.VectorHalf.Low, signed_rs1 := LeanIM.Signedness
  rust__op_728                             CERTIFIED   15.5s  a
  walk: certified 24, failed 0, refused 191, of 215
