  proof lib LeanIM; executable lib LeanIMPrExecutable; decoder state: s0
  emitted definitions scanned: 4750; lean-sail definitions indexed: 149
  decode: 55 words, lean rc=0, 21.5s
  register expressions evaluated: 1 of 1 (2.8s)
  certifying with 1 Lean job(s) at a time
  go__op_5                                 REFUSED  compile rc=1: ./main.go:6:10: invalid operation: operator + not defined on a (variable of type bool)
  go__op_9                                 REFUSED  no certified pure form for ILLEGAL (a pure clause that is not an ExecuteAs alias: (Illegal_Instruction ()))
  go__op_13                                REFUSED  compile rc=1: ./main.go:6:10: invalid operation: operator ! not defined on a (variable of type int64)
  go__op_21                                REFUSED  compile rc=1: ./main.go:6:10: invalid operation: operator ^ not defined on a (variable of type float32)
  go__op_25                                REFUSED  compile rc=1: ./main.go:6:10: invalid operation: cannot indirect a (variable of type int64)
  go__op_29                                REFUSED  compile rc=1: ./main.go:6:10: invalid operation: cannot indirect a (variable of type bool)
  go__op_33                                REFUSED  no certified pure form for LOAD (an element the rule does not know: assert (width ≤b xlen_bytes) "extensions/I
  go__op_37                                REFUSED  compile rc=1: ./main.go:6:11: invalid operation: cannot receive from non-channel int64 a (variable of type int64)
  go__op_41                                REFUSED  compile rc=1: ./main.go:6:11: invalid operation: cannot receive from non-channel bool a (variable of type bool)
  go__op_45                                REFUSED  compile rc=1: ./main.go:6:10: syntax error: unexpected ++ at end of statement
  go__op_49                                REFUSED  compile rc=1: ./main.go:6:10: syntax error: unexpected -- at end of statement
  go__op_53                                REFUSED  compile rc=1: ./main.go:6:10: syntax error: unexpected -- at end of statement
  go__op_57                                REFUSED  compile rc=1: ./main.go:6:10: syntax error: unexpected ... at end of statement
  go__op_61                                REFUSED  compile rc=1: ./main.go:6:9: invalid operation: a * b (mismatched types int32 and int64)
  go__op_65                                REFUSED  compile rc=1: ./main.go:6:9: invalid operation: a * b (mismatched types int32 and bool)
  go__op_69                                REFUSED  compile rc=1: ./main.go:6:9: invalid operation: a * b (mismatched types int64 and float32)
  go__op_73                                REFUSED  compile rc=1: ./main.go:6:9: invalid operation: a * b (mismatched types uint64 and int64)
  go__op_77                                REFUSED  compile rc=1: ./main.go:6:9: invalid operation: a * b (mismatched types uint64 and bool)
  go__op_81                                REFUSED  no certified pure form for ILLEGAL (a pure clause that is not an ExecuteAs alias: (Illegal_Instruction ()))
  go__op_85                                REFUSED  compile rc=1: ./main.go:6:9: invalid operation: a * b (mismatched types float64 and int64)
  go__op_89                                REFUSED  compile rc=1: ./main.go:6:9: invalid operation: a * b (mismatched types float64 and bool)
  go__op_93                                REFUSED  compile rc=1: ./main.go:6:9: invalid operation: a * b (mismatched types bool and float32)
  go__op_97                                REFUSED  compile rc=1: ./main.go:6:9: invalid operation: a / b (mismatched types int32 and int64)
  go__op_101                               REFUSED  compile rc=1: ./main.go:6:9: invalid operation: a / b (mismatched types int32 and bool)
  go__op_105                               REFUSED  compile rc=1: ./main.go:6:9: invalid operation: a / b (mismatched types int64 and float32)
  go__op_109                               REFUSED  compile rc=1: ./main.go:6:9: invalid operation: a / b (mismatched types uint64 and int64)
  go__op_113                               REFUSED  compile rc=1: ./main.go:6:9: invalid operation: a / b (mismatched types uint64 and bool)
  go__op_117                               REFUSED  no certified pure form for ILLEGAL (a pure clause that is not an ExecuteAs alias: (Illegal_Instruction ()))
  go__op_121                               REFUSED  compile rc=1: ./main.go:6:9: invalid operation: a / b (mismatched types float64 and int64)
  go__op_125                               REFUSED  compile rc=1: ./main.go:6:9: invalid operation: a / b (mismatched types float64 and bool)
  go__op_129                               REFUSED  compile rc=1: ./main.go:6:9: invalid operation: a / b (mismatched types bool and float32)
  go__op_133                               REFUSED  compile rc=1: ./main.go:6:9: invalid operation: a % b (mismatched types int32 and int64)
  go__op_137                               REFUSED  compile rc=1: ./main.go:6:9: invalid operation: a % b (mismatched types int32 and bool)
  go__op_141                               REFUSED  compile rc=1: ./main.go:6:9: invalid operation: a % b (mismatched types int64 and float32)
  go__op_145                               REFUSED  compile rc=1: ./main.go:6:9: invalid operation: a % b (mismatched types uint64 and int64)
  go__op_149                               REFUSED  compile rc=1: ./main.go:6:9: invalid operation: a % b (mismatched types uint64 and bool)
  go__op_153                               REFUSED  compile rc=1: ./main.go:6:9: invalid operation: operator % not defined on a (variable of type float32)
  go__op_157                               REFUSED  compile rc=1: ./main.go:6:9: invalid operation: a % b (mismatched types float64 and int64)
  go__op_161                               REFUSED  compile rc=1: ./main.go:6:9: invalid operation: a % b (mismatched types float64 and bool)
  go__op_165                               REFUSED  compile rc=1: ./main.go:6:9: invalid operation: a % b (mismatched types bool and float32)
  go__op_169                               REFUSED  no certified pure form for LOAD (an element the rule does not know: assert (width ≤b xlen_bytes) "extensions/I
  go__op_173                               REFUSED  compile rc=1: ./main.go:6:14: invalid operation: shift count b (variable of type bool) must be integer
  go__op_177                               REFUSED  compile rc=1: ./main.go:6:14: invalid operation: shift count b (variable of type float32) must be integer
  go__op_181                               REFUSED  no certified pure form for LOAD (an element the rule does not know: assert (width ≤b xlen_bytes) "extensions/I
  go__op_185                               REFUSED  compile rc=1: ./main.go:6:14: invalid operation: shift count b (variable of type bool) must be integer
  go__op_189                               REFUSED  compile rc=1: ./main.go:6:9: invalid operation: shifted operand a (variable of type float32) must be integer
  go__op_193                               REFUSED  compile rc=1: ./main.go:6:9: invalid operation: shifted operand a (variable of type float64) must be integer
  go__op_197                               REFUSED  compile rc=1: ./main.go:6:9: invalid operation: shifted operand a (variable of type float64) must be integer
  go__op_201                               REFUSED  compile rc=1: ./main.go:6:9: invalid operation: shifted operand a (variable of type bool) must be integer
  go__op_205                               REFUSED  no certified pure form for LOAD (an element the rule does not know: assert (width ≤b xlen_bytes) "extensions/I
  go__op_209                               REFUSED  compile rc=1: ./main.go:6:14: invalid operation: shift count b (variable of type bool) must be integer
  go__op_213                               REFUSED  compile rc=1: ./main.go:6:14: invalid operation: shift count b (variable of type float32) must be integer
  go__op_217                               REFUSED  no certified pure form for LOAD (an element the rule does not know: assert (width ≤b xlen_bytes) "extensions/I
  go__op_221                               REFUSED  compile rc=1: ./main.go:6:14: invalid operation: shift count b (variable of type bool) must be integer
  go__op_225                               REFUSED  compile rc=1: ./main.go:6:9: invalid operation: shifted operand a (variable of type float32) must be integer
  go__op_229                               REFUSED  compile rc=1: ./main.go:6:9: invalid operation: shifted operand a (variable of type float64) must be integer
  go__op_233                               REFUSED  compile rc=1: ./main.go:6:9: invalid operation: shifted operand a (variable of type float64) must be integer
  go__op_237                               REFUSED  compile rc=1: ./main.go:6:9: invalid operation: shifted operand a (variable of type bool) must be integer
  go__op_241                               REFUSED  compile rc=1: ./main.go:6:9: invalid operation: a & b (mismatched types int32 and int64)
  go__op_245                               REFUSED  compile rc=1: ./main.go:6:9: invalid operation: a & b (mismatched types int32 and bool)
  go__op_249                               REFUSED  compile rc=1: ./main.go:6:9: invalid operation: a & b (mismatched types int64 and float32)
  go__op_253                               REFUSED  compile rc=1: ./main.go:6:9: invalid operation: a & b (mismatched types uint64 and int64)
  go__op_257                               REFUSED  compile rc=1: ./main.go:6:9: invalid operation: a & b (mismatched types uint64 and bool)
  go__op_261                               REFUSED  compile rc=1: ./main.go:6:9: invalid operation: operator & not defined on a (variable of type float32)
  go__op_265                               REFUSED  compile rc=1: ./main.go:6:9: invalid operation: a & b (mismatched types float64 and int64)
  go__op_269                               REFUSED  compile rc=1: ./main.go:6:9: invalid operation: a & b (mismatched types float64 and bool)
  go__op_273                               REFUSED  compile rc=1: ./main.go:6:9: invalid operation: a & b (mismatched types bool and float32)
  go__op_277                               REFUSED  compile rc=1: ./main.go:6:9: invalid operation: a &^ b (mismatched types int32 and int64)
  go__op_281                               REFUSED  compile rc=1: ./main.go:6:9: invalid operation: a &^ b (mismatched types int32 and bool)
  go__op_285                               REFUSED  compile rc=1: ./main.go:6:9: invalid operation: a &^ b (mismatched types int64 and float32)
  go__op_289                               REFUSED  compile rc=1: ./main.go:6:9: invalid operation: a &^ b (mismatched types uint64 and int64)
  go__op_293                               REFUSED  compile rc=1: ./main.go:6:9: invalid operation: a &^ b (mismatched types uint64 and bool)
  go__op_297                               REFUSED  compile rc=1: ./main.go:6:9: invalid operation: operator &^ not defined on a (variable of type float32)
  go__op_301                               REFUSED  compile rc=1: ./main.go:6:9: invalid operation: a &^ b (mismatched types float64 and int64)
  go__op_305                               REFUSED  compile rc=1: ./main.go:6:9: invalid operation: a &^ b (mismatched types float64 and bool)
  go__op_309                               REFUSED  compile rc=1: ./main.go:6:9: invalid operation: a &^ b (mismatched types bool and float32)
  go__op_313                               REFUSED  compile rc=1: ./main.go:6:9: invalid operation: a + b (mismatched types int32 and int64)
  go__op_317                               REFUSED  compile rc=1: ./main.go:6:9: invalid operation: a + b (mismatched types int32 and bool)
  go__op_321                               REFUSED  compile rc=1: ./main.go:6:9: invalid operation: a + b (mismatched types int64 and float32)
  go__op_325                               REFUSED  compile rc=1: ./main.go:6:9: invalid operation: a + b (mismatched types uint64 and int64)
  go__op_329                               REFUSED  compile rc=1: ./main.go:6:9: invalid operation: a + b (mismatched types uint64 and bool)
  go__op_333                               REFUSED  no certified pure form for ILLEGAL (a pure clause that is not an ExecuteAs alias: (Illegal_Instruction ()))
  go__op_337                               REFUSED  compile rc=1: ./main.go:6:9: invalid operation: a + b (mismatched types float64 and int64)
  go__op_341                               REFUSED  compile rc=1: ./main.go:6:9: invalid operation: a + b (mismatched types float64 and bool)
  go__op_345                               REFUSED  compile rc=1: ./main.go:6:9: invalid operation: a + b (mismatched types bool and float32)
  go__op_349                               REFUSED  compile rc=1: ./main.go:6:9: invalid operation: a - b (mismatched types int32 and int64)
  go__op_353                               REFUSED  compile rc=1: ./main.go:6:9: invalid operation: a - b (mismatched types int32 and bool)
  go__op_357                               REFUSED  compile rc=1: ./main.go:6:9: invalid operation: a - b (mismatched types int64 and float32)
  go__op_361                               REFUSED  compile rc=1: ./main.go:6:9: invalid operation: a - b (mismatched types uint64 and int64)
  go__op_365                               REFUSED  compile rc=1: ./main.go:6:9: invalid operation: a - b (mismatched types uint64 and bool)
  go__op_369                               REFUSED  no certified pure form for ILLEGAL (a pure clause that is not an ExecuteAs alias: (Illegal_Instruction ()))
  go__op_373                               REFUSED  compile rc=1: ./main.go:6:9: invalid operation: a - b (mismatched types float64 and int64)
  go__op_377                               REFUSED  compile rc=1: ./main.go:6:9: invalid operation: a - b (mismatched types float64 and bool)
  go__op_381                               REFUSED  compile rc=1: ./main.go:6:9: invalid operation: a - b (mismatched types bool and float32)
  go__op_385                               REFUSED  compile rc=1: ./main.go:6:9: invalid operation: a | b (mismatched types int32 and int64)
  go__op_389                               REFUSED  compile rc=1: ./main.go:6:9: invalid operation: a | b (mismatched types int32 and bool)
  go__op_393                               REFUSED  compile rc=1: ./main.go:6:9: invalid operation: a | b (mismatched types int64 and float32)
  go__op_397                               REFUSED  compile rc=1: ./main.go:6:9: invalid operation: a | b (mismatched types uint64 and int64)
  go__op_401                               REFUSED  compile rc=1: ./main.go:6:9: invalid operation: a | b (mismatched types uint64 and bool)
  go__op_405                               REFUSED  compile rc=1: ./main.go:6:9: invalid operation: operator | not defined on a (variable of type float32)
  go__op_409                               REFUSED  compile rc=1: ./main.go:6:9: invalid operation: a | b (mismatched types float64 and int64)
  go__op_413                               REFUSED  compile rc=1: ./main.go:6:9: invalid operation: a | b (mismatched types float64 and bool)
  go__op_417                               REFUSED  compile rc=1: ./main.go:6:9: invalid operation: a | b (mismatched types bool and float32)
  go__op_421                               REFUSED  compile rc=1: ./main.go:6:9: invalid operation: a ^ b (mismatched types int32 and int64)
  go__op_425                               REFUSED  compile rc=1: ./main.go:6:9: invalid operation: a ^ b (mismatched types int32 and bool)
  go__op_429                               REFUSED  compile rc=1: ./main.go:6:9: invalid operation: a ^ b (mismatched types int64 and float32)
  go__op_433                               REFUSED  compile rc=1: ./main.go:6:9: invalid operation: a ^ b (mismatched types uint64 and int64)
  go__op_437                               REFUSED  compile rc=1: ./main.go:6:9: invalid operation: a ^ b (mismatched types uint64 and bool)
  go__op_441                               REFUSED  compile rc=1: ./main.go:6:9: invalid operation: operator ^ not defined on a (variable of type float32)
  go__op_445                               REFUSED  compile rc=1: ./main.go:6:9: invalid operation: a ^ b (mismatched types float64 and int64)
  go__op_449                               REFUSED  compile rc=1: ./main.go:6:9: invalid operation: a ^ b (mismatched types float64 and bool)
  go__op_453                               REFUSED  compile rc=1: ./main.go:6:9: invalid operation: a ^ b (mismatched types bool and float32)
  go__op_457                               REFUSED  compile rc=1: ./main.go:6:14: invalid operation: a == b (mismatched types int32 and int64)
  go__op_461                               REFUSED  compile rc=1: ./main.go:6:14: invalid operation: a == b (mismatched types int32 and bool)
  go__op_465                               REFUSED  compile rc=1: ./main.go:6:14: invalid operation: a == b (mismatched types int64 and float32)
  go__op_469                               REFUSED  compile rc=1: ./main.go:6:14: invalid operation: a == b (mismatched types uint64 and int64)
  go__op_473                               REFUSED  compile rc=1: ./main.go:6:14: invalid operation: a == b (mismatched types uint64 and bool)
  go__op_477                               REFUSED  no certified pure form for ILLEGAL (a pure clause that is not an ExecuteAs alias: (Illegal_Instruction ()))
  go__op_481                               REFUSED  compile rc=1: ./main.go:6:14: invalid operation: a == b (mismatched types float64 and int64)
  go__op_485                               REFUSED  compile rc=1: ./main.go:6:14: invalid operation: a == b (mismatched types float64 and bool)
  go__op_489                               REFUSED  compile rc=1: ./main.go:6:14: invalid operation: a == b (mismatched types bool and float32)
  go__op_493                               REFUSED  compile rc=1: ./main.go:6:14: invalid operation: a != b (mismatched types int32 and int64)
  go__op_497                               REFUSED  compile rc=1: ./main.go:6:14: invalid operation: a != b (mismatched types int32 and bool)
  go__op_501                               REFUSED  compile rc=1: ./main.go:6:14: invalid operation: a != b (mismatched types int64 and float32)
  go__op_505                               REFUSED  compile rc=1: ./main.go:6:14: invalid operation: a != b (mismatched types uint64 and int64)
  go__op_509                               REFUSED  compile rc=1: ./main.go:6:14: invalid operation: a != b (mismatched types uint64 and bool)
  go__op_513                               REFUSED  no certified pure form for ILLEGAL (a pure clause that is not an ExecuteAs alias: (Illegal_Instruction ()))
  go__op_517                               REFUSED  compile rc=1: ./main.go:6:14: invalid operation: a != b (mismatched types float64 and int64)
  go__op_521                               REFUSED  compile rc=1: ./main.go:6:14: invalid operation: a != b (mismatched types float64 and bool)
  go__op_525                               REFUSED  compile rc=1: ./main.go:6:14: invalid operation: a != b (mismatched types bool and float32)
  go__op_529                               REFUSED  compile rc=1: ./main.go:6:13: invalid operation: a < b (mismatched types int32 and int64)
  go__op_533                               REFUSED  compile rc=1: ./main.go:6:13: invalid operation: a < b (mismatched types int32 and bool)
  go__op_537                               REFUSED  compile rc=1: ./main.go:6:13: invalid operation: a < b (mismatched types int64 and float32)
  go__op_541                               REFUSED  compile rc=1: ./main.go:6:13: invalid operation: a < b (mismatched types uint64 and int64)
  go__op_545                               REFUSED  compile rc=1: ./main.go:6:13: invalid operation: a < b (mismatched types uint64 and bool)
  go__op_549                               REFUSED  no certified pure form for ILLEGAL (a pure clause that is not an ExecuteAs alias: (Illegal_Instruction ()))
  go__op_553                               REFUSED  compile rc=1: ./main.go:6:13: invalid operation: a < b (mismatched types float64 and int64)
  go__op_557                               REFUSED  compile rc=1: ./main.go:6:13: invalid operation: a < b (mismatched types float64 and bool)
  go__op_561                               REFUSED  compile rc=1: ./main.go:6:13: invalid operation: a < b (mismatched types bool and float32)
  go__op_565                               REFUSED  compile rc=1: ./main.go:6:14: invalid operation: a <= b (mismatched types int32 and int64)
  go__op_569                               REFUSED  compile rc=1: ./main.go:6:14: invalid operation: a <= b (mismatched types int32 and bool)
  go__op_573                               REFUSED  compile rc=1: ./main.go:6:14: invalid operation: a <= b (mismatched types int64 and float32)
  go__op_577                               REFUSED  compile rc=1: ./main.go:6:14: invalid operation: a <= b (mismatched types uint64 and int64)
  go__op_581                               REFUSED  compile rc=1: ./main.go:6:14: invalid operation: a <= b (mismatched types uint64 and bool)
  go__op_585                               REFUSED  no certified pure form for ILLEGAL (a pure clause that is not an ExecuteAs alias: (Illegal_Instruction ()))
  go__op_589                               REFUSED  compile rc=1: ./main.go:6:14: invalid operation: a <= b (mismatched types float64 and int64)
  go__op_593                               REFUSED  compile rc=1: ./main.go:6:14: invalid operation: a <= b (mismatched types float64 and bool)
  go__op_597                               REFUSED  compile rc=1: ./main.go:6:14: invalid operation: a <= b (mismatched types bool and float32)
  go__op_601                               REFUSED  compile rc=1: ./main.go:6:13: invalid operation: a > b (mismatched types int32 and int64)
  go__op_605                               REFUSED  compile rc=1: ./main.go:6:13: invalid operation: a > b (mismatched types int32 and bool)
  go__op_609                               REFUSED  compile rc=1: ./main.go:6:13: invalid operation: a > b (mismatched types int64 and float32)
  go__op_613                               REFUSED  compile rc=1: ./main.go:6:13: invalid operation: a > b (mismatched types uint64 and int64)
  go__op_617                               REFUSED  compile rc=1: ./main.go:6:13: invalid operation: a > b (mismatched types uint64 and bool)
  go__op_621                               REFUSED  no certified pure form for ILLEGAL (a pure clause that is not an ExecuteAs alias: (Illegal_Instruction ()))
  go__op_625                               REFUSED  compile rc=1: ./main.go:6:13: invalid operation: a > b (mismatched types float64 and int64)
  go__op_629                               REFUSED  compile rc=1: ./main.go:6:13: invalid operation: a > b (mismatched types float64 and bool)
  go__op_633                               REFUSED  compile rc=1: ./main.go:6:13: invalid operation: a > b (mismatched types bool and float32)
  go__op_637                               REFUSED  compile rc=1: ./main.go:6:14: invalid operation: a >= b (mismatched types int32 and int64)
  go__op_641                               REFUSED  compile rc=1: ./main.go:6:14: invalid operation: a >= b (mismatched types int32 and bool)
  go__op_645                               REFUSED  compile rc=1: ./main.go:6:14: invalid operation: a >= b (mismatched types int64 and float32)
  go__op_649                               REFUSED  compile rc=1: ./main.go:6:14: invalid operation: a >= b (mismatched types uint64 and int64)
  go__op_653                               REFUSED  compile rc=1: ./main.go:6:14: invalid operation: a >= b (mismatched types uint64 and bool)
  go__op_657                               REFUSED  no certified pure form for ILLEGAL (a pure clause that is not an ExecuteAs alias: (Illegal_Instruction ()))
  go__op_661                               REFUSED  compile rc=1: ./main.go:6:14: invalid operation: a >= b (mismatched types float64 and int64)
  go__op_665                               REFUSED  compile rc=1: ./main.go:6:14: invalid operation: a >= b (mismatched types float64 and bool)
  go__op_669                               REFUSED  compile rc=1: ./main.go:6:14: invalid operation: a >= b (mismatched types bool and float32)
  go__op_673                               REFUSED  compile rc=1: ./main.go:6:9: invalid operation: a && b (mismatched types int32 and int64)
  go__op_677                               REFUSED  compile rc=1: ./main.go:6:9: invalid operation: a && b (mismatched types int32 and bool)
  go__op_681                               REFUSED  compile rc=1: ./main.go:6:9: invalid operation: a && b (mismatched types int64 and float32)
  go__op_685                               REFUSED  compile rc=1: ./main.go:6:9: invalid operation: a && b (mismatched types uint64 and int64)
  go__op_689                               REFUSED  compile rc=1: ./main.go:6:9: invalid operation: a && b (mismatched types uint64 and bool)
  go__op_693                               REFUSED  compile rc=1: ./main.go:6:9: invalid operation: operator && not defined on a (variable of type float32)
  go__op_697                               REFUSED  compile rc=1: ./main.go:6:9: invalid operation: a && b (mismatched types float64 and int64)
  go__op_701                               REFUSED  compile rc=1: ./main.go:6:9: invalid operation: a && b (mismatched types float64 and bool)
  go__op_705                               REFUSED  compile rc=1: ./main.go:6:9: invalid operation: a && b (mismatched types bool and float32)
  go__op_709                               REFUSED  compile rc=1: ./main.go:6:9: invalid operation: a || b (mismatched types int32 and int64)
  go__op_713                               REFUSED  compile rc=1: ./main.go:6:9: invalid operation: a || b (mismatched types int32 and bool)
  go__op_717                               REFUSED  compile rc=1: ./main.go:6:9: invalid operation: a || b (mismatched types int64 and float32)
  go__op_721                               REFUSED  compile rc=1: ./main.go:6:9: invalid operation: a || b (mismatched types uint64 and int64)
  go__op_725                               REFUSED  compile rc=1: ./main.go:6:9: invalid operation: a || b (mismatched types uint64 and bool)
  go__op_729                               REFUSED  compile rc=1: ./main.go:6:9: invalid operation: operator || not defined on a (variable of type float32)
  go__op_733                               REFUSED  compile rc=1: ./main.go:6:9: invalid operation: a || b (mismatched types float64 and int64)
  go__op_737                               REFUSED  compile rc=1: ./main.go:6:9: invalid operation: a || b (mismatched types float64 and bool)
  go__op_741                               REFUSED  compile rc=1: ./main.go:6:9: invalid operation: a || b (mismatched types bool and float32)
  go__op_1                                 CERTIFIED   16.2s  a
  go__op_17                                CERTIFIED   16.3s  (pure_ITYPE (a) (0x001#12) (LeanIM.iop.SLTIU))
  walk: certified 2, failed 0, refused 184, of 186
