  proof lib LeanIM; executable lib LeanIMPrExecutable; decoder state: s0
  emitted definitions scanned: 4750; lean-sail definitions indexed: 149
  decode: 81 words, lean rc=0, 30.5s
  register expressions evaluated: 3 of 3 (3.6s)
  certifying with 1 Lean job(s) at a time
  go__op_10                                REFUSED  no certified pure form for ILLEGAL (a pure clause that is not an ExecuteAs alias: (Illegal_Instruction ()))
  go__op_14                                REFUSED  compile rc=1: ./main.go:6:10: invalid operation: operator ! not defined on a (variable of type uint64)
  go__op_22                                REFUSED  compile rc=1: ./main.go:6:10: invalid operation: operator ^ not defined on a (variable of type float64)
  go__op_26                                REFUSED  compile rc=1: ./main.go:6:10: invalid operation: cannot indirect a (variable of type uint64)
  go__op_30                                REFUSED  no certified pure form for LOAD (an element the rule does not know: assert (width ≤b xlen_bytes) "extensions/I
  go__op_34                                REFUSED  no certified pure form for LOAD (an element the rule does not know: assert (width ≤b xlen_bytes) "extensions/I
  go__op_38                                REFUSED  compile rc=1: ./main.go:6:11: invalid operation: cannot receive from non-channel uint64 a (variable of type uint64)
  go__op_42                                REFUSED  compile rc=1: ./main.go:6:10: syntax error: unexpected ++ at end of statement
  go__op_46                                REFUSED  compile rc=1: ./main.go:6:10: syntax error: unexpected ++ at end of statement
  go__op_50                                REFUSED  compile rc=1: ./main.go:6:10: syntax error: unexpected -- at end of statement
  go__op_54                                REFUSED  compile rc=1: ./main.go:6:10: syntax error: unexpected ... at end of statement
  go__op_58                                REFUSED  compile rc=1: ./main.go:6:10: syntax error: unexpected ... at end of statement
  go__op_62                                REFUSED  compile rc=1: ./main.go:6:9: invalid operation: a * b (mismatched types int32 and uint64)
  go__op_66                                REFUSED  compile rc=1: ./main.go:6:9: invalid operation: a * b (mismatched types int64 and int32)
  go__op_70                                REFUSED  compile rc=1: ./main.go:6:9: invalid operation: a * b (mismatched types int64 and float64)
  go__op_78                                REFUSED  compile rc=1: ./main.go:6:9: invalid operation: a * b (mismatched types float32 and int32)
  go__op_82                                REFUSED  compile rc=1: ./main.go:6:9: invalid operation: a * b (mismatched types float32 and float64)
  go__op_86                                REFUSED  compile rc=1: ./main.go:6:9: invalid operation: a * b (mismatched types float64 and uint64)
  go__op_90                                REFUSED  compile rc=1: ./main.go:6:9: invalid operation: a * b (mismatched types bool and int32)
  go__op_94                                REFUSED  compile rc=1: ./main.go:6:9: invalid operation: a * b (mismatched types bool and float64)
  go__op_98                                REFUSED  compile rc=1: ./main.go:6:9: invalid operation: a / b (mismatched types int32 and uint64)
  go__op_102                               REFUSED  compile rc=1: ./main.go:6:9: invalid operation: a / b (mismatched types int64 and int32)
  go__op_106                               REFUSED  compile rc=1: ./main.go:6:9: invalid operation: a / b (mismatched types int64 and float64)
  go__op_110                               REFUSED  no certified pure form for LOAD (an element the rule does not know: assert (width ≤b xlen_bytes) "extensions/I
  go__op_114                               REFUSED  compile rc=1: ./main.go:6:9: invalid operation: a / b (mismatched types float32 and int32)
  go__op_118                               REFUSED  compile rc=1: ./main.go:6:9: invalid operation: a / b (mismatched types float32 and float64)
  go__op_122                               REFUSED  compile rc=1: ./main.go:6:9: invalid operation: a / b (mismatched types float64 and uint64)
  go__op_126                               REFUSED  compile rc=1: ./main.go:6:9: invalid operation: a / b (mismatched types bool and int32)
  go__op_130                               REFUSED  compile rc=1: ./main.go:6:9: invalid operation: a / b (mismatched types bool and float64)
  go__op_134                               REFUSED  compile rc=1: ./main.go:6:9: invalid operation: a % b (mismatched types int32 and uint64)
  go__op_138                               REFUSED  compile rc=1: ./main.go:6:9: invalid operation: a % b (mismatched types int64 and int32)
  go__op_142                               REFUSED  compile rc=1: ./main.go:6:9: invalid operation: a % b (mismatched types int64 and float64)
  go__op_146                               REFUSED  no certified pure form for LOAD (an element the rule does not know: assert (width ≤b xlen_bytes) "extensions/I
  go__op_150                               REFUSED  compile rc=1: ./main.go:6:9: invalid operation: a % b (mismatched types float32 and int32)
  go__op_154                               REFUSED  compile rc=1: ./main.go:6:9: invalid operation: a % b (mismatched types float32 and float64)
  go__op_158                               REFUSED  compile rc=1: ./main.go:6:9: invalid operation: a % b (mismatched types float64 and uint64)
  go__op_162                               REFUSED  compile rc=1: ./main.go:6:9: invalid operation: a % b (mismatched types bool and int32)
  go__op_166                               REFUSED  compile rc=1: ./main.go:6:9: invalid operation: a % b (mismatched types bool and float64)
  go__op_170                               REFUSED  no certified pure form for JALR (an element the rule does not know: (update_elp_state rs1))
  go__op_174                               REFUSED  no certified pure form for LOAD (an element the rule does not know: assert (width ≤b xlen_bytes) "extensions/I
  go__op_178                               REFUSED  compile rc=1: ./main.go:6:14: invalid operation: shift count b (variable of type float64) must be integer
  go__op_182                               REFUSED  no certified pure form for JALR (an element the rule does not know: (update_elp_state rs1))
  go__op_186                               REFUSED  compile rc=1: ./main.go:6:9: invalid operation: shifted operand a (variable of type float32) must be integer
  go__op_190                               REFUSED  compile rc=1: ./main.go:6:9: invalid operation: shifted operand a (variable of type float32) must be integer
  go__op_194                               REFUSED  compile rc=1: ./main.go:6:9: invalid operation: shifted operand a (variable of type float64) must be integer
  go__op_198                               REFUSED  compile rc=1: ./main.go:6:9: invalid operation: shifted operand a (variable of type bool) must be integer
  go__op_202                               REFUSED  compile rc=1: ./main.go:6:9: invalid operation: shifted operand a (variable of type bool) must be integer
  go__op_206                               REFUSED  no certified pure form for JALR (an element the rule does not know: (update_elp_state rs1))
  go__op_210                               REFUSED  no certified pure form for LOAD (an element the rule does not know: assert (width ≤b xlen_bytes) "extensions/I
  go__op_214                               REFUSED  compile rc=1: ./main.go:6:14: invalid operation: shift count b (variable of type float64) must be integer
  go__op_218                               REFUSED  no certified pure form for JALR (an element the rule does not know: (update_elp_state rs1))
  go__op_222                               REFUSED  compile rc=1: ./main.go:6:9: invalid operation: shifted operand a (variable of type float32) must be integer
  go__op_226                               REFUSED  compile rc=1: ./main.go:6:9: invalid operation: shifted operand a (variable of type float32) must be integer
  go__op_230                               REFUSED  compile rc=1: ./main.go:6:9: invalid operation: shifted operand a (variable of type float64) must be integer
  go__op_234                               REFUSED  compile rc=1: ./main.go:6:9: invalid operation: shifted operand a (variable of type bool) must be integer
  go__op_238                               REFUSED  compile rc=1: ./main.go:6:9: invalid operation: shifted operand a (variable of type bool) must be integer
  go__op_242                               REFUSED  compile rc=1: ./main.go:6:9: invalid operation: a & b (mismatched types int32 and uint64)
  go__op_246                               REFUSED  compile rc=1: ./main.go:6:9: invalid operation: a & b (mismatched types int64 and int32)
  go__op_250                               REFUSED  compile rc=1: ./main.go:6:9: invalid operation: a & b (mismatched types int64 and float64)
  go__op_254                               REFUSED  no certified pure form for JALR (an element the rule does not know: (update_elp_state rs1))
  go__op_258                               REFUSED  compile rc=1: ./main.go:6:9: invalid operation: a & b (mismatched types float32 and int32)
  go__op_262                               REFUSED  compile rc=1: ./main.go:6:9: invalid operation: a & b (mismatched types float32 and float64)
  go__op_266                               REFUSED  compile rc=1: ./main.go:6:9: invalid operation: a & b (mismatched types float64 and uint64)
  go__op_270                               REFUSED  compile rc=1: ./main.go:6:9: invalid operation: a & b (mismatched types bool and int32)
  go__op_274                               REFUSED  compile rc=1: ./main.go:6:9: invalid operation: a & b (mismatched types bool and float64)
  go__op_278                               REFUSED  compile rc=1: ./main.go:6:9: invalid operation: a &^ b (mismatched types int32 and uint64)
  go__op_282                               REFUSED  compile rc=1: ./main.go:6:9: invalid operation: a &^ b (mismatched types int64 and int32)
  go__op_286                               REFUSED  compile rc=1: ./main.go:6:9: invalid operation: a &^ b (mismatched types int64 and float64)
  go__op_290                               REFUSED  no certified pure form for JALR (an element the rule does not know: (update_elp_state rs1))
  go__op_294                               REFUSED  compile rc=1: ./main.go:6:9: invalid operation: a &^ b (mismatched types float32 and int32)
  go__op_298                               REFUSED  compile rc=1: ./main.go:6:9: invalid operation: a &^ b (mismatched types float32 and float64)
  go__op_302                               REFUSED  compile rc=1: ./main.go:6:9: invalid operation: a &^ b (mismatched types float64 and uint64)
  go__op_306                               REFUSED  compile rc=1: ./main.go:6:9: invalid operation: a &^ b (mismatched types bool and int32)
  go__op_310                               REFUSED  compile rc=1: ./main.go:6:9: invalid operation: a &^ b (mismatched types bool and float64)
  go__op_314                               REFUSED  compile rc=1: ./main.go:6:9: invalid operation: a + b (mismatched types int32 and uint64)
  go__op_318                               REFUSED  compile rc=1: ./main.go:6:9: invalid operation: a + b (mismatched types int64 and int32)
  go__op_322                               REFUSED  compile rc=1: ./main.go:6:9: invalid operation: a + b (mismatched types int64 and float64)
  go__op_326                               REFUSED  no certified pure form for JALR (an element the rule does not know: (update_elp_state rs1))
  go__op_330                               REFUSED  compile rc=1: ./main.go:6:9: invalid operation: a + b (mismatched types float32 and int32)
  go__op_334                               REFUSED  compile rc=1: ./main.go:6:9: invalid operation: a + b (mismatched types float32 and float64)
  go__op_338                               REFUSED  compile rc=1: ./main.go:6:9: invalid operation: a + b (mismatched types float64 and uint64)
  go__op_342                               REFUSED  compile rc=1: ./main.go:6:9: invalid operation: a + b (mismatched types bool and int32)
  go__op_346                               REFUSED  compile rc=1: ./main.go:6:9: invalid operation: a + b (mismatched types bool and float64)
  go__op_350                               REFUSED  compile rc=1: ./main.go:6:9: invalid operation: a - b (mismatched types int32 and uint64)
  go__op_354                               REFUSED  compile rc=1: ./main.go:6:9: invalid operation: a - b (mismatched types int64 and int32)
  go__op_358                               REFUSED  compile rc=1: ./main.go:6:9: invalid operation: a - b (mismatched types int64 and float64)
  go__op_362                               REFUSED  no certified pure form for JALR (an element the rule does not know: (update_elp_state rs1))
  go__op_366                               REFUSED  compile rc=1: ./main.go:6:9: invalid operation: a - b (mismatched types float32 and int32)
  go__op_370                               REFUSED  compile rc=1: ./main.go:6:9: invalid operation: a - b (mismatched types float32 and float64)
  go__op_374                               REFUSED  compile rc=1: ./main.go:6:9: invalid operation: a - b (mismatched types float64 and uint64)
  go__op_378                               REFUSED  compile rc=1: ./main.go:6:9: invalid operation: a - b (mismatched types bool and int32)
  go__op_382                               REFUSED  compile rc=1: ./main.go:6:9: invalid operation: a - b (mismatched types bool and float64)
  go__op_386                               REFUSED  compile rc=1: ./main.go:6:9: invalid operation: a | b (mismatched types int32 and uint64)
  go__op_390                               REFUSED  compile rc=1: ./main.go:6:9: invalid operation: a | b (mismatched types int64 and int32)
  go__op_394                               REFUSED  compile rc=1: ./main.go:6:9: invalid operation: a | b (mismatched types int64 and float64)
  go__op_398                               REFUSED  no certified pure form for JALR (an element the rule does not know: (update_elp_state rs1))
  go__op_402                               REFUSED  compile rc=1: ./main.go:6:9: invalid operation: a | b (mismatched types float32 and int32)
  go__op_406                               REFUSED  compile rc=1: ./main.go:6:9: invalid operation: a | b (mismatched types float32 and float64)
  go__op_410                               REFUSED  compile rc=1: ./main.go:6:9: invalid operation: a | b (mismatched types float64 and uint64)
  go__op_414                               REFUSED  compile rc=1: ./main.go:6:9: invalid operation: a | b (mismatched types bool and int32)
  go__op_418                               REFUSED  compile rc=1: ./main.go:6:9: invalid operation: a | b (mismatched types bool and float64)
  go__op_422                               REFUSED  compile rc=1: ./main.go:6:9: invalid operation: a ^ b (mismatched types int32 and uint64)
  go__op_426                               REFUSED  compile rc=1: ./main.go:6:9: invalid operation: a ^ b (mismatched types int64 and int32)
  go__op_430                               REFUSED  compile rc=1: ./main.go:6:9: invalid operation: a ^ b (mismatched types int64 and float64)
  go__op_434                               REFUSED  no certified pure form for JALR (an element the rule does not know: (update_elp_state rs1))
  go__op_438                               REFUSED  compile rc=1: ./main.go:6:9: invalid operation: a ^ b (mismatched types float32 and int32)
  go__op_442                               REFUSED  compile rc=1: ./main.go:6:9: invalid operation: a ^ b (mismatched types float32 and float64)
  go__op_446                               REFUSED  compile rc=1: ./main.go:6:9: invalid operation: a ^ b (mismatched types float64 and uint64)
  go__op_450                               REFUSED  compile rc=1: ./main.go:6:9: invalid operation: a ^ b (mismatched types bool and int32)
  go__op_454                               REFUSED  compile rc=1: ./main.go:6:9: invalid operation: a ^ b (mismatched types bool and float64)
  go__op_458                               REFUSED  compile rc=1: ./main.go:6:14: invalid operation: a == b (mismatched types int32 and uint64)
  go__op_462                               REFUSED  compile rc=1: ./main.go:6:14: invalid operation: a == b (mismatched types int64 and int32)
  go__op_466                               REFUSED  compile rc=1: ./main.go:6:14: invalid operation: a == b (mismatched types int64 and float64)
  go__op_470                               REFUSED  no certified pure form for JALR (an element the rule does not know: (update_elp_state rs1))
  go__op_474                               REFUSED  compile rc=1: ./main.go:6:14: invalid operation: a == b (mismatched types float32 and int32)
  go__op_478                               REFUSED  compile rc=1: ./main.go:6:14: invalid operation: a == b (mismatched types float32 and float64)
  go__op_482                               REFUSED  compile rc=1: ./main.go:6:14: invalid operation: a == b (mismatched types float64 and uint64)
  go__op_486                               REFUSED  compile rc=1: ./main.go:6:14: invalid operation: a == b (mismatched types bool and int32)
  go__op_490                               REFUSED  compile rc=1: ./main.go:6:14: invalid operation: a == b (mismatched types bool and float64)
  go__op_494                               REFUSED  compile rc=1: ./main.go:6:14: invalid operation: a != b (mismatched types int32 and uint64)
  go__op_498                               REFUSED  compile rc=1: ./main.go:6:14: invalid operation: a != b (mismatched types int64 and int32)
  go__op_502                               REFUSED  compile rc=1: ./main.go:6:14: invalid operation: a != b (mismatched types int64 and float64)
  go__op_506                               REFUSED  no certified pure form for JALR (an element the rule does not know: (update_elp_state rs1))
  go__op_510                               REFUSED  compile rc=1: ./main.go:6:14: invalid operation: a != b (mismatched types float32 and int32)
  go__op_514                               REFUSED  compile rc=1: ./main.go:6:14: invalid operation: a != b (mismatched types float32 and float64)
  go__op_518                               REFUSED  compile rc=1: ./main.go:6:14: invalid operation: a != b (mismatched types float64 and uint64)
  go__op_522                               REFUSED  compile rc=1: ./main.go:6:14: invalid operation: a != b (mismatched types bool and int32)
  go__op_526                               REFUSED  compile rc=1: ./main.go:6:14: invalid operation: a != b (mismatched types bool and float64)
  go__op_530                               REFUSED  compile rc=1: ./main.go:6:13: invalid operation: a < b (mismatched types int32 and uint64)
  go__op_534                               REFUSED  compile rc=1: ./main.go:6:13: invalid operation: a < b (mismatched types int64 and int32)
  go__op_538                               REFUSED  compile rc=1: ./main.go:6:13: invalid operation: a < b (mismatched types int64 and float64)
  go__op_546                               REFUSED  compile rc=1: ./main.go:6:13: invalid operation: a < b (mismatched types float32 and int32)
  go__op_550                               REFUSED  compile rc=1: ./main.go:6:13: invalid operation: a < b (mismatched types float32 and float64)
  go__op_554                               REFUSED  compile rc=1: ./main.go:6:13: invalid operation: a < b (mismatched types float64 and uint64)
  go__op_558                               REFUSED  compile rc=1: ./main.go:6:13: invalid operation: a < b (mismatched types bool and int32)
  go__op_562                               REFUSED  compile rc=1: ./main.go:6:13: invalid operation: a < b (mismatched types bool and float64)
  go__op_566                               REFUSED  compile rc=1: ./main.go:6:14: invalid operation: a <= b (mismatched types int32 and uint64)
  go__op_570                               REFUSED  compile rc=1: ./main.go:6:14: invalid operation: a <= b (mismatched types int64 and int32)
  go__op_574                               REFUSED  compile rc=1: ./main.go:6:14: invalid operation: a <= b (mismatched types int64 and float64)
  go__op_578                               REFUSED  no certified pure form for JALR (an element the rule does not know: (update_elp_state rs1))
  go__op_582                               REFUSED  compile rc=1: ./main.go:6:14: invalid operation: a <= b (mismatched types float32 and int32)
  go__op_586                               REFUSED  compile rc=1: ./main.go:6:14: invalid operation: a <= b (mismatched types float32 and float64)
  go__op_590                               REFUSED  compile rc=1: ./main.go:6:14: invalid operation: a <= b (mismatched types float64 and uint64)
  go__op_594                               REFUSED  compile rc=1: ./main.go:6:14: invalid operation: a <= b (mismatched types bool and int32)
  go__op_598                               REFUSED  compile rc=1: ./main.go:6:14: invalid operation: a <= b (mismatched types bool and float64)
  go__op_602                               REFUSED  compile rc=1: ./main.go:6:13: invalid operation: a > b (mismatched types int32 and uint64)
  go__op_606                               REFUSED  compile rc=1: ./main.go:6:13: invalid operation: a > b (mismatched types int64 and int32)
  go__op_610                               REFUSED  compile rc=1: ./main.go:6:13: invalid operation: a > b (mismatched types int64 and float64)
  go__op_618                               REFUSED  compile rc=1: ./main.go:6:13: invalid operation: a > b (mismatched types float32 and int32)
  go__op_622                               REFUSED  compile rc=1: ./main.go:6:13: invalid operation: a > b (mismatched types float32 and float64)
  go__op_626                               REFUSED  compile rc=1: ./main.go:6:13: invalid operation: a > b (mismatched types float64 and uint64)
  go__op_630                               REFUSED  compile rc=1: ./main.go:6:13: invalid operation: a > b (mismatched types bool and int32)
  go__op_634                               REFUSED  compile rc=1: ./main.go:6:13: invalid operation: a > b (mismatched types bool and float64)
  go__op_638                               REFUSED  compile rc=1: ./main.go:6:14: invalid operation: a >= b (mismatched types int32 and uint64)
  go__op_642                               REFUSED  compile rc=1: ./main.go:6:14: invalid operation: a >= b (mismatched types int64 and int32)
  go__op_646                               REFUSED  compile rc=1: ./main.go:6:14: invalid operation: a >= b (mismatched types int64 and float64)
  go__op_650                               REFUSED  no certified pure form for JALR (an element the rule does not know: (update_elp_state rs1))
  go__op_654                               REFUSED  compile rc=1: ./main.go:6:14: invalid operation: a >= b (mismatched types float32 and int32)
  go__op_658                               REFUSED  compile rc=1: ./main.go:6:14: invalid operation: a >= b (mismatched types float32 and float64)
  go__op_662                               REFUSED  compile rc=1: ./main.go:6:14: invalid operation: a >= b (mismatched types float64 and uint64)
  go__op_666                               REFUSED  compile rc=1: ./main.go:6:14: invalid operation: a >= b (mismatched types bool and int32)
  go__op_670                               REFUSED  compile rc=1: ./main.go:6:14: invalid operation: a >= b (mismatched types bool and float64)
  go__op_674                               REFUSED  compile rc=1: ./main.go:6:9: invalid operation: a && b (mismatched types int32 and uint64)
  go__op_678                               REFUSED  compile rc=1: ./main.go:6:9: invalid operation: a && b (mismatched types int64 and int32)
  go__op_682                               REFUSED  compile rc=1: ./main.go:6:9: invalid operation: a && b (mismatched types int64 and float64)
  go__op_686                               REFUSED  compile rc=1: ./main.go:6:9: invalid operation: operator && not defined on a (variable of type uint64)
  go__op_690                               REFUSED  compile rc=1: ./main.go:6:9: invalid operation: a && b (mismatched types float32 and int32)
  go__op_694                               REFUSED  compile rc=1: ./main.go:6:9: invalid operation: a && b (mismatched types float32 and float64)
  go__op_698                               REFUSED  compile rc=1: ./main.go:6:9: invalid operation: a && b (mismatched types float64 and uint64)
  go__op_702                               REFUSED  compile rc=1: ./main.go:6:9: invalid operation: a && b (mismatched types bool and int32)
  go__op_706                               REFUSED  compile rc=1: ./main.go:6:9: invalid operation: a && b (mismatched types bool and float64)
  go__op_710                               REFUSED  compile rc=1: ./main.go:6:9: invalid operation: a || b (mismatched types int32 and uint64)
  go__op_714                               REFUSED  compile rc=1: ./main.go:6:9: invalid operation: a || b (mismatched types int64 and int32)
  go__op_718                               REFUSED  compile rc=1: ./main.go:6:9: invalid operation: a || b (mismatched types int64 and float64)
  go__op_722                               REFUSED  compile rc=1: ./main.go:6:9: invalid operation: operator || not defined on a (variable of type uint64)
  go__op_726                               REFUSED  compile rc=1: ./main.go:6:9: invalid operation: a || b (mismatched types float32 and int32)
  go__op_730                               REFUSED  compile rc=1: ./main.go:6:9: invalid operation: a || b (mismatched types float32 and float64)
  go__op_734                               REFUSED  compile rc=1: ./main.go:6:9: invalid operation: a || b (mismatched types float64 and uint64)
  go__op_738                               REFUSED  compile rc=1: ./main.go:6:9: invalid operation: a || b (mismatched types bool and int32)
  go__op_742                               REFUSED  compile rc=1: ./main.go:6:9: invalid operation: a || b (mismatched types bool and float64)
  go__op_2                                 CERTIFIED   16.3s  a
  go__op_6                                 CERTIFIED   15.7s  (pure_RTYPE (zero_reg) (a) (LeanIM.rop.SUB))
  go__op_18                                CERTIFIED   15.5s  (pure_ITYPE (a) (0xfff#12) (LeanIM.iop.XORI))
  go__op_74                                CERTIFIED   15.7s  (pure_MUL (a) (b) ({ result_part := LeanIM.VectorHalf.Low, signed_rs1 := LeanIM.Signedness
  go__op_542                               CERTIFIED   15.6s  (pure_RTYPE (a) (b) (LeanIM.rop.SLTU))
  go__op_614                               CERTIFIED   15.3s  (pure_RTYPE (b) (a) (LeanIM.rop.SLTU))
  walk: certified 6, failed 0, refused 180, of 186
