  proof lib LeanIM; executable lib LeanIMPrExecutable; decoder state: s0
  emitted definitions scanned: 4750; lean-sail definitions indexed: 149
  decode: 86 words, lean rc=0, 32.7s
  register expressions evaluated: 3 of 3 (3.7s)
  certifying with 1 Lean job(s) at a time
  go__op_12                                REFUSED  compile rc=1: ./main.go:6:10: invalid operation: operator ! not defined on a (variable of type int32)
  go__op_16                                REFUSED  compile rc=1: ./main.go:6:10: invalid operation: operator ! not defined on a (variable of type float64)
  go__op_24                                REFUSED  compile rc=1: ./main.go:6:10: invalid operation: cannot indirect a (variable of type int32)
  go__op_28                                REFUSED  compile rc=1: ./main.go:6:10: invalid operation: cannot indirect a (variable of type float64)
  go__op_32                                REFUSED  no certified pure form for LOAD (an element the rule does not know: assert (width ≤b xlen_bytes) "extensions/I
  go__op_36                                REFUSED  compile rc=1: ./main.go:6:11: invalid operation: cannot receive from non-channel int32 a (variable of type int32)
  go__op_40                                REFUSED  compile rc=1: ./main.go:6:11: invalid operation: cannot receive from non-channel float64 a (variable of type float64)
  go__op_44                                REFUSED  compile rc=1: ./main.go:6:10: syntax error: unexpected ++ at end of statement
  go__op_48                                REFUSED  compile rc=1: ./main.go:6:10: syntax error: unexpected -- at end of statement
  go__op_52                                REFUSED  compile rc=1: ./main.go:6:10: syntax error: unexpected -- at end of statement
  go__op_56                                REFUSED  compile rc=1: ./main.go:6:10: syntax error: unexpected ... at end of statement
  go__op_64                                REFUSED  compile rc=1: ./main.go:6:9: invalid operation: a * b (mismatched types int32 and float64)
  go__op_68                                REFUSED  compile rc=1: ./main.go:6:9: invalid operation: a * b (mismatched types int64 and uint64)
  go__op_72                                REFUSED  compile rc=1: ./main.go:6:9: invalid operation: a * b (mismatched types uint64 and int32)
  go__op_76                                REFUSED  compile rc=1: ./main.go:6:9: invalid operation: a * b (mismatched types uint64 and float64)
  go__op_80                                REFUSED  compile rc=1: ./main.go:6:9: invalid operation: a * b (mismatched types float32 and uint64)
  go__op_84                                REFUSED  compile rc=1: ./main.go:6:9: invalid operation: a * b (mismatched types float64 and int32)
  go__op_88                                REFUSED  no certified pure form for ILLEGAL (a pure clause that is not an ExecuteAs alias: (Illegal_Instruction ()))
  go__op_92                                REFUSED  compile rc=1: ./main.go:6:9: invalid operation: a * b (mismatched types bool and uint64)
  go__op_96                                REFUSED  no certified pure form for LOAD (an element the rule does not know: assert (width ≤b xlen_bytes) "extensions/I
  go__op_100                               REFUSED  compile rc=1: ./main.go:6:9: invalid operation: a / b (mismatched types int32 and float64)
  go__op_104                               REFUSED  compile rc=1: ./main.go:6:9: invalid operation: a / b (mismatched types int64 and uint64)
  go__op_108                               REFUSED  compile rc=1: ./main.go:6:9: invalid operation: a / b (mismatched types uint64 and int32)
  go__op_112                               REFUSED  compile rc=1: ./main.go:6:9: invalid operation: a / b (mismatched types uint64 and float64)
  go__op_116                               REFUSED  compile rc=1: ./main.go:6:9: invalid operation: a / b (mismatched types float32 and uint64)
  go__op_120                               REFUSED  compile rc=1: ./main.go:6:9: invalid operation: a / b (mismatched types float64 and int32)
  go__op_124                               REFUSED  no certified pure form for ILLEGAL (a pure clause that is not an ExecuteAs alias: (Illegal_Instruction ()))
  go__op_128                               REFUSED  compile rc=1: ./main.go:6:9: invalid operation: a / b (mismatched types bool and uint64)
  go__op_132                               REFUSED  no certified pure form for LOAD (an element the rule does not know: assert (width ≤b xlen_bytes) "extensions/I
  go__op_136                               REFUSED  compile rc=1: ./main.go:6:9: invalid operation: a % b (mismatched types int32 and float64)
  go__op_140                               REFUSED  compile rc=1: ./main.go:6:9: invalid operation: a % b (mismatched types int64 and uint64)
  go__op_144                               REFUSED  compile rc=1: ./main.go:6:9: invalid operation: a % b (mismatched types uint64 and int32)
  go__op_148                               REFUSED  compile rc=1: ./main.go:6:9: invalid operation: a % b (mismatched types uint64 and float64)
  go__op_152                               REFUSED  compile rc=1: ./main.go:6:9: invalid operation: a % b (mismatched types float32 and uint64)
  go__op_156                               REFUSED  compile rc=1: ./main.go:6:9: invalid operation: a % b (mismatched types float64 and int32)
  go__op_160                               REFUSED  compile rc=1: ./main.go:6:9: invalid operation: operator % not defined on a (variable of type float64)
  go__op_164                               REFUSED  compile rc=1: ./main.go:6:9: invalid operation: a % b (mismatched types bool and uint64)
  go__op_168                               REFUSED  no certified pure form for LOAD (an element the rule does not know: assert (width ≤b xlen_bytes) "extensions/I
  go__op_172                               REFUSED  compile rc=1: ./main.go:6:14: invalid operation: shift count b (variable of type float64) must be integer
  go__op_176                               REFUSED  no certified pure form for JALR (an element the rule does not know: (update_elp_state rs1))
  go__op_180                               REFUSED  no certified pure form for LOAD (an element the rule does not know: assert (width ≤b xlen_bytes) "extensions/I
  go__op_184                               REFUSED  compile rc=1: ./main.go:6:14: invalid operation: shift count b (variable of type float64) must be integer
  go__op_188                               REFUSED  compile rc=1: ./main.go:6:9: invalid operation: shifted operand a (variable of type float32) must be integer
  go__op_192                               REFUSED  compile rc=1: ./main.go:6:9: invalid operation: shifted operand a (variable of type float64) must be integer
  go__op_196                               REFUSED  compile rc=1: ./main.go:6:9: invalid operation: shifted operand a (variable of type float64) must be integer
  go__op_200                               REFUSED  compile rc=1: ./main.go:6:9: invalid operation: shifted operand a (variable of type bool) must be integer
  go__op_204                               REFUSED  no certified pure form for LOAD (an element the rule does not know: assert (width ≤b xlen_bytes) "extensions/I
  go__op_208                               REFUSED  compile rc=1: ./main.go:6:14: invalid operation: shift count b (variable of type float64) must be integer
  go__op_212                               REFUSED  no certified pure form for JALR (an element the rule does not know: (update_elp_state rs1))
  go__op_216                               REFUSED  no certified pure form for LOAD (an element the rule does not know: assert (width ≤b xlen_bytes) "extensions/I
  go__op_220                               REFUSED  compile rc=1: ./main.go:6:14: invalid operation: shift count b (variable of type float64) must be integer
  go__op_224                               REFUSED  compile rc=1: ./main.go:6:9: invalid operation: shifted operand a (variable of type float32) must be integer
  go__op_228                               REFUSED  compile rc=1: ./main.go:6:9: invalid operation: shifted operand a (variable of type float64) must be integer
  go__op_232                               REFUSED  compile rc=1: ./main.go:6:9: invalid operation: shifted operand a (variable of type float64) must be integer
  go__op_236                               REFUSED  compile rc=1: ./main.go:6:9: invalid operation: shifted operand a (variable of type bool) must be integer
  go__op_240                               REFUSED  no certified pure form for JALR (an element the rule does not know: (update_elp_state rs1))
  go__op_244                               REFUSED  compile rc=1: ./main.go:6:9: invalid operation: a & b (mismatched types int32 and float64)
  go__op_248                               REFUSED  compile rc=1: ./main.go:6:9: invalid operation: a & b (mismatched types int64 and uint64)
  go__op_252                               REFUSED  compile rc=1: ./main.go:6:9: invalid operation: a & b (mismatched types uint64 and int32)
  go__op_256                               REFUSED  compile rc=1: ./main.go:6:9: invalid operation: a & b (mismatched types uint64 and float64)
  go__op_260                               REFUSED  compile rc=1: ./main.go:6:9: invalid operation: a & b (mismatched types float32 and uint64)
  go__op_264                               REFUSED  compile rc=1: ./main.go:6:9: invalid operation: a & b (mismatched types float64 and int32)
  go__op_268                               REFUSED  compile rc=1: ./main.go:6:9: invalid operation: operator & not defined on a (variable of type float64)
  go__op_272                               REFUSED  compile rc=1: ./main.go:6:9: invalid operation: a & b (mismatched types bool and uint64)
  go__op_276                               REFUSED  no certified pure form for JALR (an element the rule does not know: (update_elp_state rs1))
  go__op_280                               REFUSED  compile rc=1: ./main.go:6:9: invalid operation: a &^ b (mismatched types int32 and float64)
  go__op_284                               REFUSED  compile rc=1: ./main.go:6:9: invalid operation: a &^ b (mismatched types int64 and uint64)
  go__op_288                               REFUSED  compile rc=1: ./main.go:6:9: invalid operation: a &^ b (mismatched types uint64 and int32)
  go__op_292                               REFUSED  compile rc=1: ./main.go:6:9: invalid operation: a &^ b (mismatched types uint64 and float64)
  go__op_296                               REFUSED  compile rc=1: ./main.go:6:9: invalid operation: a &^ b (mismatched types float32 and uint64)
  go__op_300                               REFUSED  compile rc=1: ./main.go:6:9: invalid operation: a &^ b (mismatched types float64 and int32)
  go__op_304                               REFUSED  compile rc=1: ./main.go:6:9: invalid operation: operator &^ not defined on a (variable of type float64)
  go__op_308                               REFUSED  compile rc=1: ./main.go:6:9: invalid operation: a &^ b (mismatched types bool and uint64)
  go__op_312                               REFUSED  no certified pure form for JALR (an element the rule does not know: (update_elp_state rs1))
  go__op_316                               REFUSED  compile rc=1: ./main.go:6:9: invalid operation: a + b (mismatched types int32 and float64)
  go__op_320                               REFUSED  compile rc=1: ./main.go:6:9: invalid operation: a + b (mismatched types int64 and uint64)
  go__op_324                               REFUSED  compile rc=1: ./main.go:6:9: invalid operation: a + b (mismatched types uint64 and int32)
  go__op_328                               REFUSED  compile rc=1: ./main.go:6:9: invalid operation: a + b (mismatched types uint64 and float64)
  go__op_332                               REFUSED  compile rc=1: ./main.go:6:9: invalid operation: a + b (mismatched types float32 and uint64)
  go__op_336                               REFUSED  compile rc=1: ./main.go:6:9: invalid operation: a + b (mismatched types float64 and int32)
  go__op_340                               REFUSED  no certified pure form for ILLEGAL (a pure clause that is not an ExecuteAs alias: (Illegal_Instruction ()))
  go__op_344                               REFUSED  compile rc=1: ./main.go:6:9: invalid operation: a + b (mismatched types bool and uint64)
  go__op_348                               REFUSED  no certified pure form for JALR (an element the rule does not know: (update_elp_state rs1))
  go__op_352                               REFUSED  compile rc=1: ./main.go:6:9: invalid operation: a - b (mismatched types int32 and float64)
  go__op_356                               REFUSED  compile rc=1: ./main.go:6:9: invalid operation: a - b (mismatched types int64 and uint64)
  go__op_360                               REFUSED  compile rc=1: ./main.go:6:9: invalid operation: a - b (mismatched types uint64 and int32)
  go__op_364                               REFUSED  compile rc=1: ./main.go:6:9: invalid operation: a - b (mismatched types uint64 and float64)
  go__op_368                               REFUSED  compile rc=1: ./main.go:6:9: invalid operation: a - b (mismatched types float32 and uint64)
  go__op_372                               REFUSED  compile rc=1: ./main.go:6:9: invalid operation: a - b (mismatched types float64 and int32)
  go__op_376                               REFUSED  no certified pure form for ILLEGAL (a pure clause that is not an ExecuteAs alias: (Illegal_Instruction ()))
  go__op_380                               REFUSED  compile rc=1: ./main.go:6:9: invalid operation: a - b (mismatched types bool and uint64)
  go__op_384                               REFUSED  no certified pure form for JALR (an element the rule does not know: (update_elp_state rs1))
  go__op_388                               REFUSED  compile rc=1: ./main.go:6:9: invalid operation: a | b (mismatched types int32 and float64)
  go__op_392                               REFUSED  compile rc=1: ./main.go:6:9: invalid operation: a | b (mismatched types int64 and uint64)
  go__op_396                               REFUSED  compile rc=1: ./main.go:6:9: invalid operation: a | b (mismatched types uint64 and int32)
  go__op_400                               REFUSED  compile rc=1: ./main.go:6:9: invalid operation: a | b (mismatched types uint64 and float64)
  go__op_404                               REFUSED  compile rc=1: ./main.go:6:9: invalid operation: a | b (mismatched types float32 and uint64)
  go__op_408                               REFUSED  compile rc=1: ./main.go:6:9: invalid operation: a | b (mismatched types float64 and int32)
  go__op_412                               REFUSED  compile rc=1: ./main.go:6:9: invalid operation: operator | not defined on a (variable of type float64)
  go__op_416                               REFUSED  compile rc=1: ./main.go:6:9: invalid operation: a | b (mismatched types bool and uint64)
  go__op_420                               REFUSED  no certified pure form for JALR (an element the rule does not know: (update_elp_state rs1))
  go__op_424                               REFUSED  compile rc=1: ./main.go:6:9: invalid operation: a ^ b (mismatched types int32 and float64)
  go__op_428                               REFUSED  compile rc=1: ./main.go:6:9: invalid operation: a ^ b (mismatched types int64 and uint64)
  go__op_432                               REFUSED  compile rc=1: ./main.go:6:9: invalid operation: a ^ b (mismatched types uint64 and int32)
  go__op_436                               REFUSED  compile rc=1: ./main.go:6:9: invalid operation: a ^ b (mismatched types uint64 and float64)
  go__op_440                               REFUSED  compile rc=1: ./main.go:6:9: invalid operation: a ^ b (mismatched types float32 and uint64)
  go__op_444                               REFUSED  compile rc=1: ./main.go:6:9: invalid operation: a ^ b (mismatched types float64 and int32)
  go__op_448                               REFUSED  compile rc=1: ./main.go:6:9: invalid operation: operator ^ not defined on a (variable of type float64)
  go__op_452                               REFUSED  compile rc=1: ./main.go:6:9: invalid operation: a ^ b (mismatched types bool and uint64)
  go__op_456                               REFUSED  no certified pure form for JALR (an element the rule does not know: (update_elp_state rs1))
  go__op_460                               REFUSED  compile rc=1: ./main.go:6:14: invalid operation: a == b (mismatched types int32 and float64)
  go__op_464                               REFUSED  compile rc=1: ./main.go:6:14: invalid operation: a == b (mismatched types int64 and uint64)
  go__op_468                               REFUSED  compile rc=1: ./main.go:6:14: invalid operation: a == b (mismatched types uint64 and int32)
  go__op_472                               REFUSED  compile rc=1: ./main.go:6:14: invalid operation: a == b (mismatched types uint64 and float64)
  go__op_476                               REFUSED  compile rc=1: ./main.go:6:14: invalid operation: a == b (mismatched types float32 and uint64)
  go__op_480                               REFUSED  compile rc=1: ./main.go:6:14: invalid operation: a == b (mismatched types float64 and int32)
  go__op_484                               REFUSED  no certified pure form for ILLEGAL (a pure clause that is not an ExecuteAs alias: (Illegal_Instruction ()))
  go__op_488                               REFUSED  compile rc=1: ./main.go:6:14: invalid operation: a == b (mismatched types bool and uint64)
  go__op_492                               REFUSED  no certified pure form for JALR (an element the rule does not know: (update_elp_state rs1))
  go__op_496                               REFUSED  compile rc=1: ./main.go:6:14: invalid operation: a != b (mismatched types int32 and float64)
  go__op_500                               REFUSED  compile rc=1: ./main.go:6:14: invalid operation: a != b (mismatched types int64 and uint64)
  go__op_504                               REFUSED  compile rc=1: ./main.go:6:14: invalid operation: a != b (mismatched types uint64 and int32)
  go__op_508                               REFUSED  compile rc=1: ./main.go:6:14: invalid operation: a != b (mismatched types uint64 and float64)
  go__op_512                               REFUSED  compile rc=1: ./main.go:6:14: invalid operation: a != b (mismatched types float32 and uint64)
  go__op_516                               REFUSED  compile rc=1: ./main.go:6:14: invalid operation: a != b (mismatched types float64 and int32)
  go__op_520                               REFUSED  no certified pure form for ILLEGAL (a pure clause that is not an ExecuteAs alias: (Illegal_Instruction ()))
  go__op_524                               REFUSED  compile rc=1: ./main.go:6:14: invalid operation: a != b (mismatched types bool and uint64)
  go__op_532                               REFUSED  compile rc=1: ./main.go:6:13: invalid operation: a < b (mismatched types int32 and float64)
  go__op_536                               REFUSED  compile rc=1: ./main.go:6:13: invalid operation: a < b (mismatched types int64 and uint64)
  go__op_540                               REFUSED  compile rc=1: ./main.go:6:13: invalid operation: a < b (mismatched types uint64 and int32)
  go__op_544                               REFUSED  compile rc=1: ./main.go:6:13: invalid operation: a < b (mismatched types uint64 and float64)
  go__op_548                               REFUSED  compile rc=1: ./main.go:6:13: invalid operation: a < b (mismatched types float32 and uint64)
  go__op_552                               REFUSED  compile rc=1: ./main.go:6:13: invalid operation: a < b (mismatched types float64 and int32)
  go__op_556                               REFUSED  no certified pure form for ILLEGAL (a pure clause that is not an ExecuteAs alias: (Illegal_Instruction ()))
  go__op_560                               REFUSED  compile rc=1: ./main.go:6:13: invalid operation: a < b (mismatched types bool and uint64)
  go__op_564                               REFUSED  no certified pure form for JALR (an element the rule does not know: (update_elp_state rs1))
  go__op_568                               REFUSED  compile rc=1: ./main.go:6:14: invalid operation: a <= b (mismatched types int32 and float64)
  go__op_572                               REFUSED  compile rc=1: ./main.go:6:14: invalid operation: a <= b (mismatched types int64 and uint64)
  go__op_576                               REFUSED  compile rc=1: ./main.go:6:14: invalid operation: a <= b (mismatched types uint64 and int32)
  go__op_580                               REFUSED  compile rc=1: ./main.go:6:14: invalid operation: a <= b (mismatched types uint64 and float64)
  go__op_584                               REFUSED  compile rc=1: ./main.go:6:14: invalid operation: a <= b (mismatched types float32 and uint64)
  go__op_588                               REFUSED  compile rc=1: ./main.go:6:14: invalid operation: a <= b (mismatched types float64 and int32)
  go__op_592                               REFUSED  no certified pure form for ILLEGAL (a pure clause that is not an ExecuteAs alias: (Illegal_Instruction ()))
  go__op_596                               REFUSED  compile rc=1: ./main.go:6:14: invalid operation: a <= b (mismatched types bool and uint64)
  go__op_604                               REFUSED  compile rc=1: ./main.go:6:13: invalid operation: a > b (mismatched types int32 and float64)
  go__op_608                               REFUSED  compile rc=1: ./main.go:6:13: invalid operation: a > b (mismatched types int64 and uint64)
  go__op_612                               REFUSED  compile rc=1: ./main.go:6:13: invalid operation: a > b (mismatched types uint64 and int32)
  go__op_616                               REFUSED  compile rc=1: ./main.go:6:13: invalid operation: a > b (mismatched types uint64 and float64)
  go__op_620                               REFUSED  compile rc=1: ./main.go:6:13: invalid operation: a > b (mismatched types float32 and uint64)
  go__op_624                               REFUSED  compile rc=1: ./main.go:6:13: invalid operation: a > b (mismatched types float64 and int32)
  go__op_628                               REFUSED  no certified pure form for ILLEGAL (a pure clause that is not an ExecuteAs alias: (Illegal_Instruction ()))
  go__op_632                               REFUSED  compile rc=1: ./main.go:6:13: invalid operation: a > b (mismatched types bool and uint64)
  go__op_636                               REFUSED  no certified pure form for JALR (an element the rule does not know: (update_elp_state rs1))
  go__op_640                               REFUSED  compile rc=1: ./main.go:6:14: invalid operation: a >= b (mismatched types int32 and float64)
  go__op_644                               REFUSED  compile rc=1: ./main.go:6:14: invalid operation: a >= b (mismatched types int64 and uint64)
  go__op_648                               REFUSED  compile rc=1: ./main.go:6:14: invalid operation: a >= b (mismatched types uint64 and int32)
  go__op_652                               REFUSED  compile rc=1: ./main.go:6:14: invalid operation: a >= b (mismatched types uint64 and float64)
  go__op_656                               REFUSED  compile rc=1: ./main.go:6:14: invalid operation: a >= b (mismatched types float32 and uint64)
  go__op_660                               REFUSED  compile rc=1: ./main.go:6:14: invalid operation: a >= b (mismatched types float64 and int32)
  go__op_664                               REFUSED  no certified pure form for ILLEGAL (a pure clause that is not an ExecuteAs alias: (Illegal_Instruction ()))
  go__op_668                               REFUSED  compile rc=1: ./main.go:6:14: invalid operation: a >= b (mismatched types bool and uint64)
  go__op_672                               REFUSED  compile rc=1: ./main.go:6:9: invalid operation: operator && not defined on a (variable of type int32)
  go__op_676                               REFUSED  compile rc=1: ./main.go:6:9: invalid operation: a && b (mismatched types int32 and float64)
  go__op_680                               REFUSED  compile rc=1: ./main.go:6:9: invalid operation: a && b (mismatched types int64 and uint64)
  go__op_684                               REFUSED  compile rc=1: ./main.go:6:9: invalid operation: a && b (mismatched types uint64 and int32)
  go__op_688                               REFUSED  compile rc=1: ./main.go:6:9: invalid operation: a && b (mismatched types uint64 and float64)
  go__op_692                               REFUSED  compile rc=1: ./main.go:6:9: invalid operation: a && b (mismatched types float32 and uint64)
  go__op_696                               REFUSED  compile rc=1: ./main.go:6:9: invalid operation: a && b (mismatched types float64 and int32)
  go__op_700                               REFUSED  compile rc=1: ./main.go:6:9: invalid operation: operator && not defined on a (variable of type float64)
  go__op_704                               REFUSED  compile rc=1: ./main.go:6:9: invalid operation: a && b (mismatched types bool and uint64)
  go__op_708                               REFUSED  compile rc=1: ./main.go:6:9: invalid operation: operator || not defined on a (variable of type int32)
  go__op_712                               REFUSED  compile rc=1: ./main.go:6:9: invalid operation: a || b (mismatched types int32 and float64)
  go__op_716                               REFUSED  compile rc=1: ./main.go:6:9: invalid operation: a || b (mismatched types int64 and uint64)
  go__op_720                               REFUSED  compile rc=1: ./main.go:6:9: invalid operation: a || b (mismatched types uint64 and int32)
  go__op_724                               REFUSED  compile rc=1: ./main.go:6:9: invalid operation: a || b (mismatched types uint64 and float64)
  go__op_728                               REFUSED  compile rc=1: ./main.go:6:9: invalid operation: a || b (mismatched types float32 and uint64)
  go__op_732                               REFUSED  compile rc=1: ./main.go:6:9: invalid operation: a || b (mismatched types float64 and int32)
  go__op_736                               REFUSED  compile rc=1: ./main.go:6:9: invalid operation: operator || not defined on a (variable of type float64)
  go__op_740                               REFUSED  compile rc=1: ./main.go:6:9: invalid operation: a || b (mismatched types bool and uint64)
  go__op_0                                 CERTIFIED   16.4s  a
  go__op_4                                 CERTIFIED   15.4s  a
  go__op_8                                 CERTIFIED   15.4s  (pure_RTYPE (zero_reg) (a) (LeanIM.rop.SUB))
  go__op_20                                CERTIFIED   15.3s  (pure_ITYPE (a) (0xfff#12) (LeanIM.iop.XORI))
  go__op_60                                CERTIFIED   15.5s  (pure_MULW (a) (b))
  go__op_528                               CERTIFIED   15.4s  (pure_RTYPE ((pure_ADDIW (a) (0x000#12))) ((pure_ADDIW (b) (0x000#12))) (LeanIM.rop.SLT))
  go__op_600                               CERTIFIED   14.5s  (pure_RTYPE ((pure_ADDIW (b) (0x000#12))) ((pure_ADDIW (a) (0x000#12))) (LeanIM.rop.SLT))
  walk: certified 7, failed 0, refused 179, of 186
