  proof lib LeanIM; executable lib LeanIMPrExecutable; decoder state: s0
  emitted definitions scanned: 4750; lean-sail definitions indexed: 149
  decode: 68 words, lean rc=0, 25.6s
  register expressions evaluated: 3 of 3 (3.3s)
  certifying with 1 Lean job(s) at a time
  go__op_11                                REFUSED  compile rc=1: ./main.go:6:10: invalid operation: operator - not defined on a (variable of type bool)
  go__op_15                                REFUSED  compile rc=1: ./main.go:6:10: invalid operation: operator ! not defined on a (variable of type float32)
  go__op_23                                REFUSED  compile rc=1: ./main.go:6:10: invalid operation: operator ^ not defined on a (variable of type bool)
  go__op_27                                REFUSED  compile rc=1: ./main.go:6:10: invalid operation: cannot indirect a (variable of type float32)
  go__op_31                                REFUSED  no certified pure form for LOAD (an element the rule does not know: assert (width ≤b xlen_bytes) "extensions/I
  go__op_35                                REFUSED  no certified pure form for LOAD (an element the rule does not know: assert (width ≤b xlen_bytes) "extensions/I
  go__op_39                                REFUSED  compile rc=1: ./main.go:6:11: invalid operation: cannot receive from non-channel float32 a (variable of type float32)
  go__op_43                                REFUSED  compile rc=1: ./main.go:6:10: syntax error: unexpected ++ at end of statement
  go__op_47                                REFUSED  compile rc=1: ./main.go:6:10: syntax error: unexpected ++ at end of statement
  go__op_51                                REFUSED  compile rc=1: ./main.go:6:10: syntax error: unexpected -- at end of statement
  go__op_55                                REFUSED  compile rc=1: ./main.go:6:10: syntax error: unexpected ... at end of statement
  go__op_59                                REFUSED  compile rc=1: ./main.go:6:10: syntax error: unexpected ... at end of statement
  go__op_63                                REFUSED  compile rc=1: ./main.go:6:9: invalid operation: a * b (mismatched types int32 and float32)
  go__op_71                                REFUSED  compile rc=1: ./main.go:6:9: invalid operation: a * b (mismatched types int64 and bool)
  go__op_75                                REFUSED  compile rc=1: ./main.go:6:9: invalid operation: a * b (mismatched types uint64 and float32)
  go__op_79                                REFUSED  compile rc=1: ./main.go:6:9: invalid operation: a * b (mismatched types float32 and int64)
  go__op_83                                REFUSED  compile rc=1: ./main.go:6:9: invalid operation: a * b (mismatched types float32 and bool)
  go__op_87                                REFUSED  compile rc=1: ./main.go:6:9: invalid operation: a * b (mismatched types float64 and float32)
  go__op_91                                REFUSED  compile rc=1: ./main.go:6:9: invalid operation: a * b (mismatched types bool and int64)
  go__op_95                                REFUSED  compile rc=1: ./main.go:6:9: invalid operation: operator * not defined on a (variable of type bool)
  go__op_99                                REFUSED  compile rc=1: ./main.go:6:9: invalid operation: a / b (mismatched types int32 and float32)
  go__op_103                               REFUSED  no certified pure form for LOAD (an element the rule does not know: assert (width ≤b xlen_bytes) "extensions/I
  go__op_107                               REFUSED  compile rc=1: ./main.go:6:9: invalid operation: a / b (mismatched types int64 and bool)
  go__op_111                               REFUSED  compile rc=1: ./main.go:6:9: invalid operation: a / b (mismatched types uint64 and float32)
  go__op_115                               REFUSED  compile rc=1: ./main.go:6:9: invalid operation: a / b (mismatched types float32 and int64)
  go__op_119                               REFUSED  compile rc=1: ./main.go:6:9: invalid operation: a / b (mismatched types float32 and bool)
  go__op_123                               REFUSED  compile rc=1: ./main.go:6:9: invalid operation: a / b (mismatched types float64 and float32)
  go__op_127                               REFUSED  compile rc=1: ./main.go:6:9: invalid operation: a / b (mismatched types bool and int64)
  go__op_131                               REFUSED  compile rc=1: ./main.go:6:9: invalid operation: operator / not defined on a (variable of type bool)
  go__op_135                               REFUSED  compile rc=1: ./main.go:6:9: invalid operation: a % b (mismatched types int32 and float32)
  go__op_139                               REFUSED  no certified pure form for LOAD (an element the rule does not know: assert (width ≤b xlen_bytes) "extensions/I
  go__op_143                               REFUSED  compile rc=1: ./main.go:6:9: invalid operation: a % b (mismatched types int64 and bool)
  go__op_147                               REFUSED  compile rc=1: ./main.go:6:9: invalid operation: a % b (mismatched types uint64 and float32)
  go__op_151                               REFUSED  compile rc=1: ./main.go:6:9: invalid operation: a % b (mismatched types float32 and int64)
  go__op_155                               REFUSED  compile rc=1: ./main.go:6:9: invalid operation: a % b (mismatched types float32 and bool)
  go__op_159                               REFUSED  compile rc=1: ./main.go:6:9: invalid operation: a % b (mismatched types float64 and float32)
  go__op_163                               REFUSED  compile rc=1: ./main.go:6:9: invalid operation: a % b (mismatched types bool and int64)
  go__op_167                               REFUSED  compile rc=1: ./main.go:6:9: invalid operation: operator % not defined on a (variable of type bool)
  go__op_171                               REFUSED  compile rc=1: ./main.go:6:14: invalid operation: shift count b (variable of type float32) must be integer
  go__op_175                               REFUSED  no certified pure form for LOAD (an element the rule does not know: assert (width ≤b xlen_bytes) "extensions/I
  go__op_179                               REFUSED  compile rc=1: ./main.go:6:14: invalid operation: shift count b (variable of type bool) must be integer
  go__op_183                               REFUSED  compile rc=1: ./main.go:6:14: invalid operation: shift count b (variable of type float32) must be integer
  go__op_187                               REFUSED  compile rc=1: ./main.go:6:9: invalid operation: shifted operand a (variable of type float32) must be integer
  go__op_191                               REFUSED  compile rc=1: ./main.go:6:9: invalid operation: shifted operand a (variable of type float32) must be integer
  go__op_195                               REFUSED  compile rc=1: ./main.go:6:9: invalid operation: shifted operand a (variable of type float64) must be integer
  go__op_199                               REFUSED  compile rc=1: ./main.go:6:9: invalid operation: shifted operand a (variable of type bool) must be integer
  go__op_203                               REFUSED  compile rc=1: ./main.go:6:9: invalid operation: shifted operand a (variable of type bool) must be integer
  go__op_207                               REFUSED  compile rc=1: ./main.go:6:14: invalid operation: shift count b (variable of type float32) must be integer
  go__op_211                               REFUSED  no certified pure form for LOAD (an element the rule does not know: assert (width ≤b xlen_bytes) "extensions/I
  go__op_215                               REFUSED  compile rc=1: ./main.go:6:14: invalid operation: shift count b (variable of type bool) must be integer
  go__op_219                               REFUSED  compile rc=1: ./main.go:6:14: invalid operation: shift count b (variable of type float32) must be integer
  go__op_223                               REFUSED  compile rc=1: ./main.go:6:9: invalid operation: shifted operand a (variable of type float32) must be integer
  go__op_227                               REFUSED  compile rc=1: ./main.go:6:9: invalid operation: shifted operand a (variable of type float32) must be integer
  go__op_231                               REFUSED  compile rc=1: ./main.go:6:9: invalid operation: shifted operand a (variable of type float64) must be integer
  go__op_235                               REFUSED  compile rc=1: ./main.go:6:9: invalid operation: shifted operand a (variable of type bool) must be integer
  go__op_239                               REFUSED  compile rc=1: ./main.go:6:9: invalid operation: shifted operand a (variable of type bool) must be integer
  go__op_243                               REFUSED  compile rc=1: ./main.go:6:9: invalid operation: a & b (mismatched types int32 and float32)
  go__op_247                               REFUSED  no certified pure form for JALR (an element the rule does not know: (update_elp_state rs1))
  go__op_251                               REFUSED  compile rc=1: ./main.go:6:9: invalid operation: a & b (mismatched types int64 and bool)
  go__op_255                               REFUSED  compile rc=1: ./main.go:6:9: invalid operation: a & b (mismatched types uint64 and float32)
  go__op_259                               REFUSED  compile rc=1: ./main.go:6:9: invalid operation: a & b (mismatched types float32 and int64)
  go__op_263                               REFUSED  compile rc=1: ./main.go:6:9: invalid operation: a & b (mismatched types float32 and bool)
  go__op_267                               REFUSED  compile rc=1: ./main.go:6:9: invalid operation: a & b (mismatched types float64 and float32)
  go__op_271                               REFUSED  compile rc=1: ./main.go:6:9: invalid operation: a & b (mismatched types bool and int64)
  go__op_275                               REFUSED  compile rc=1: ./main.go:6:9: invalid operation: operator & not defined on a (variable of type bool)
  go__op_279                               REFUSED  compile rc=1: ./main.go:6:9: invalid operation: a &^ b (mismatched types int32 and float32)
  go__op_283                               REFUSED  no certified pure form for JALR (an element the rule does not know: (update_elp_state rs1))
  go__op_287                               REFUSED  compile rc=1: ./main.go:6:9: invalid operation: a &^ b (mismatched types int64 and bool)
  go__op_291                               REFUSED  compile rc=1: ./main.go:6:9: invalid operation: a &^ b (mismatched types uint64 and float32)
  go__op_295                               REFUSED  compile rc=1: ./main.go:6:9: invalid operation: a &^ b (mismatched types float32 and int64)
  go__op_299                               REFUSED  compile rc=1: ./main.go:6:9: invalid operation: a &^ b (mismatched types float32 and bool)
  go__op_303                               REFUSED  compile rc=1: ./main.go:6:9: invalid operation: a &^ b (mismatched types float64 and float32)
  go__op_307                               REFUSED  compile rc=1: ./main.go:6:9: invalid operation: a &^ b (mismatched types bool and int64)
  go__op_311                               REFUSED  compile rc=1: ./main.go:6:9: invalid operation: operator &^ not defined on a (variable of type bool)
  go__op_315                               REFUSED  compile rc=1: ./main.go:6:9: invalid operation: a + b (mismatched types int32 and float32)
  go__op_319                               REFUSED  no certified pure form for JALR (an element the rule does not know: (update_elp_state rs1))
  go__op_323                               REFUSED  compile rc=1: ./main.go:6:9: invalid operation: a + b (mismatched types int64 and bool)
  go__op_327                               REFUSED  compile rc=1: ./main.go:6:9: invalid operation: a + b (mismatched types uint64 and float32)
  go__op_331                               REFUSED  compile rc=1: ./main.go:6:9: invalid operation: a + b (mismatched types float32 and int64)
  go__op_335                               REFUSED  compile rc=1: ./main.go:6:9: invalid operation: a + b (mismatched types float32 and bool)
  go__op_339                               REFUSED  compile rc=1: ./main.go:6:9: invalid operation: a + b (mismatched types float64 and float32)
  go__op_343                               REFUSED  compile rc=1: ./main.go:6:9: invalid operation: a + b (mismatched types bool and int64)
  go__op_347                               REFUSED  compile rc=1: ./main.go:6:9: invalid operation: operator + not defined on a (variable of type bool)
  go__op_351                               REFUSED  compile rc=1: ./main.go:6:9: invalid operation: a - b (mismatched types int32 and float32)
  go__op_355                               REFUSED  no certified pure form for JALR (an element the rule does not know: (update_elp_state rs1))
  go__op_359                               REFUSED  compile rc=1: ./main.go:6:9: invalid operation: a - b (mismatched types int64 and bool)
  go__op_363                               REFUSED  compile rc=1: ./main.go:6:9: invalid operation: a - b (mismatched types uint64 and float32)
  go__op_367                               REFUSED  compile rc=1: ./main.go:6:9: invalid operation: a - b (mismatched types float32 and int64)
  go__op_371                               REFUSED  compile rc=1: ./main.go:6:9: invalid operation: a - b (mismatched types float32 and bool)
  go__op_375                               REFUSED  compile rc=1: ./main.go:6:9: invalid operation: a - b (mismatched types float64 and float32)
  go__op_379                               REFUSED  compile rc=1: ./main.go:6:9: invalid operation: a - b (mismatched types bool and int64)
  go__op_383                               REFUSED  compile rc=1: ./main.go:6:9: invalid operation: operator - not defined on a (variable of type bool)
  go__op_387                               REFUSED  compile rc=1: ./main.go:6:9: invalid operation: a | b (mismatched types int32 and float32)
  go__op_391                               REFUSED  no certified pure form for JALR (an element the rule does not know: (update_elp_state rs1))
  go__op_395                               REFUSED  compile rc=1: ./main.go:6:9: invalid operation: a | b (mismatched types int64 and bool)
  go__op_399                               REFUSED  compile rc=1: ./main.go:6:9: invalid operation: a | b (mismatched types uint64 and float32)
  go__op_403                               REFUSED  compile rc=1: ./main.go:6:9: invalid operation: a | b (mismatched types float32 and int64)
  go__op_407                               REFUSED  compile rc=1: ./main.go:6:9: invalid operation: a | b (mismatched types float32 and bool)
  go__op_411                               REFUSED  compile rc=1: ./main.go:6:9: invalid operation: a | b (mismatched types float64 and float32)
  go__op_415                               REFUSED  compile rc=1: ./main.go:6:9: invalid operation: a | b (mismatched types bool and int64)
  go__op_419                               REFUSED  compile rc=1: ./main.go:6:9: invalid operation: operator | not defined on a (variable of type bool)
  go__op_423                               REFUSED  compile rc=1: ./main.go:6:9: invalid operation: a ^ b (mismatched types int32 and float32)
  go__op_427                               REFUSED  no certified pure form for JALR (an element the rule does not know: (update_elp_state rs1))
  go__op_431                               REFUSED  compile rc=1: ./main.go:6:9: invalid operation: a ^ b (mismatched types int64 and bool)
  go__op_435                               REFUSED  compile rc=1: ./main.go:6:9: invalid operation: a ^ b (mismatched types uint64 and float32)
  go__op_439                               REFUSED  compile rc=1: ./main.go:6:9: invalid operation: a ^ b (mismatched types float32 and int64)
  go__op_443                               REFUSED  compile rc=1: ./main.go:6:9: invalid operation: a ^ b (mismatched types float32 and bool)
  go__op_447                               REFUSED  compile rc=1: ./main.go:6:9: invalid operation: a ^ b (mismatched types float64 and float32)
  go__op_451                               REFUSED  compile rc=1: ./main.go:6:9: invalid operation: a ^ b (mismatched types bool and int64)
  go__op_455                               REFUSED  compile rc=1: ./main.go:6:9: invalid operation: operator ^ not defined on a (variable of type bool)
  go__op_459                               REFUSED  compile rc=1: ./main.go:6:14: invalid operation: a == b (mismatched types int32 and float32)
  go__op_463                               REFUSED  no certified pure form for JALR (an element the rule does not know: (update_elp_state rs1))
  go__op_467                               REFUSED  compile rc=1: ./main.go:6:14: invalid operation: a == b (mismatched types int64 and bool)
  go__op_471                               REFUSED  compile rc=1: ./main.go:6:14: invalid operation: a == b (mismatched types uint64 and float32)
  go__op_475                               REFUSED  compile rc=1: ./main.go:6:14: invalid operation: a == b (mismatched types float32 and int64)
  go__op_479                               REFUSED  compile rc=1: ./main.go:6:14: invalid operation: a == b (mismatched types float32 and bool)
  go__op_483                               REFUSED  compile rc=1: ./main.go:6:14: invalid operation: a == b (mismatched types float64 and float32)
  go__op_487                               REFUSED  compile rc=1: ./main.go:6:14: invalid operation: a == b (mismatched types bool and int64)
  go__op_491                               REFUSED  no certified pure form for JALR (an element the rule does not know: (update_elp_state rs1))
  go__op_495                               REFUSED  compile rc=1: ./main.go:6:14: invalid operation: a != b (mismatched types int32 and float32)
  go__op_499                               REFUSED  no certified pure form for JALR (an element the rule does not know: (update_elp_state rs1))
  go__op_503                               REFUSED  compile rc=1: ./main.go:6:14: invalid operation: a != b (mismatched types int64 and bool)
  go__op_507                               REFUSED  compile rc=1: ./main.go:6:14: invalid operation: a != b (mismatched types uint64 and float32)
  go__op_511                               REFUSED  compile rc=1: ./main.go:6:14: invalid operation: a != b (mismatched types float32 and int64)
  go__op_515                               REFUSED  compile rc=1: ./main.go:6:14: invalid operation: a != b (mismatched types float32 and bool)
  go__op_519                               REFUSED  compile rc=1: ./main.go:6:14: invalid operation: a != b (mismatched types float64 and float32)
  go__op_523                               REFUSED  compile rc=1: ./main.go:6:14: invalid operation: a != b (mismatched types bool and int64)
  go__op_527                               REFUSED  no certified pure form for JALR (an element the rule does not know: (update_elp_state rs1))
  go__op_531                               REFUSED  compile rc=1: ./main.go:6:13: invalid operation: a < b (mismatched types int32 and float32)
  go__op_539                               REFUSED  compile rc=1: ./main.go:6:13: invalid operation: a < b (mismatched types int64 and bool)
  go__op_543                               REFUSED  compile rc=1: ./main.go:6:13: invalid operation: a < b (mismatched types uint64 and float32)
  go__op_547                               REFUSED  compile rc=1: ./main.go:6:13: invalid operation: a < b (mismatched types float32 and int64)
  go__op_551                               REFUSED  compile rc=1: ./main.go:6:13: invalid operation: a < b (mismatched types float32 and bool)
  go__op_555                               REFUSED  compile rc=1: ./main.go:6:13: invalid operation: a < b (mismatched types float64 and float32)
  go__op_559                               REFUSED  compile rc=1: ./main.go:6:13: invalid operation: a < b (mismatched types bool and int64)
  go__op_563                               REFUSED  compile rc=1: ./main.go:6:9: invalid operation: a < b (operator < not defined on bool)
  go__op_567                               REFUSED  compile rc=1: ./main.go:6:14: invalid operation: a <= b (mismatched types int32 and float32)
  go__op_571                               REFUSED  no certified pure form for JALR (an element the rule does not know: (update_elp_state rs1))
  go__op_575                               REFUSED  compile rc=1: ./main.go:6:14: invalid operation: a <= b (mismatched types int64 and bool)
  go__op_579                               REFUSED  compile rc=1: ./main.go:6:14: invalid operation: a <= b (mismatched types uint64 and float32)
  go__op_583                               REFUSED  compile rc=1: ./main.go:6:14: invalid operation: a <= b (mismatched types float32 and int64)
  go__op_587                               REFUSED  compile rc=1: ./main.go:6:14: invalid operation: a <= b (mismatched types float32 and bool)
  go__op_591                               REFUSED  compile rc=1: ./main.go:6:14: invalid operation: a <= b (mismatched types float64 and float32)
  go__op_595                               REFUSED  compile rc=1: ./main.go:6:14: invalid operation: a <= b (mismatched types bool and int64)
  go__op_599                               REFUSED  compile rc=1: ./main.go:6:9: invalid operation: a <= b (operator <= not defined on bool)
  go__op_603                               REFUSED  compile rc=1: ./main.go:6:13: invalid operation: a > b (mismatched types int32 and float32)
  go__op_611                               REFUSED  compile rc=1: ./main.go:6:13: invalid operation: a > b (mismatched types int64 and bool)
  go__op_615                               REFUSED  compile rc=1: ./main.go:6:13: invalid operation: a > b (mismatched types uint64 and float32)
  go__op_619                               REFUSED  compile rc=1: ./main.go:6:13: invalid operation: a > b (mismatched types float32 and int64)
  go__op_623                               REFUSED  compile rc=1: ./main.go:6:13: invalid operation: a > b (mismatched types float32 and bool)
  go__op_627                               REFUSED  compile rc=1: ./main.go:6:13: invalid operation: a > b (mismatched types float64 and float32)
  go__op_631                               REFUSED  compile rc=1: ./main.go:6:13: invalid operation: a > b (mismatched types bool and int64)
  go__op_635                               REFUSED  compile rc=1: ./main.go:6:9: invalid operation: a > b (operator > not defined on bool)
  go__op_639                               REFUSED  compile rc=1: ./main.go:6:14: invalid operation: a >= b (mismatched types int32 and float32)
  go__op_643                               REFUSED  no certified pure form for JALR (an element the rule does not know: (update_elp_state rs1))
  go__op_647                               REFUSED  compile rc=1: ./main.go:6:14: invalid operation: a >= b (mismatched types int64 and bool)
  go__op_651                               REFUSED  compile rc=1: ./main.go:6:14: invalid operation: a >= b (mismatched types uint64 and float32)
  go__op_655                               REFUSED  compile rc=1: ./main.go:6:14: invalid operation: a >= b (mismatched types float32 and int64)
  go__op_659                               REFUSED  compile rc=1: ./main.go:6:14: invalid operation: a >= b (mismatched types float32 and bool)
  go__op_663                               REFUSED  compile rc=1: ./main.go:6:14: invalid operation: a >= b (mismatched types float64 and float32)
  go__op_667                               REFUSED  compile rc=1: ./main.go:6:14: invalid operation: a >= b (mismatched types bool and int64)
  go__op_671                               REFUSED  compile rc=1: ./main.go:6:9: invalid operation: a >= b (operator >= not defined on bool)
  go__op_675                               REFUSED  compile rc=1: ./main.go:6:9: invalid operation: a && b (mismatched types int32 and float32)
  go__op_679                               REFUSED  compile rc=1: ./main.go:6:9: invalid operation: operator && not defined on a (variable of type int64)
  go__op_683                               REFUSED  compile rc=1: ./main.go:6:9: invalid operation: a && b (mismatched types int64 and bool)
  go__op_687                               REFUSED  compile rc=1: ./main.go:6:9: invalid operation: a && b (mismatched types uint64 and float32)
  go__op_691                               REFUSED  compile rc=1: ./main.go:6:9: invalid operation: a && b (mismatched types float32 and int64)
  go__op_695                               REFUSED  compile rc=1: ./main.go:6:9: invalid operation: a && b (mismatched types float32 and bool)
  go__op_699                               REFUSED  compile rc=1: ./main.go:6:9: invalid operation: a && b (mismatched types float64 and float32)
  go__op_703                               REFUSED  compile rc=1: ./main.go:6:9: invalid operation: a && b (mismatched types bool and int64)
  go__op_707                               REFUSED  no certified pure form for JALR (an element the rule does not know: (update_elp_state rs1))
  go__op_711                               REFUSED  compile rc=1: ./main.go:6:9: invalid operation: a || b (mismatched types int32 and float32)
  go__op_715                               REFUSED  compile rc=1: ./main.go:6:9: invalid operation: operator || not defined on a (variable of type int64)
  go__op_719                               REFUSED  compile rc=1: ./main.go:6:9: invalid operation: a || b (mismatched types int64 and bool)
  go__op_723                               REFUSED  compile rc=1: ./main.go:6:9: invalid operation: a || b (mismatched types uint64 and float32)
  go__op_727                               REFUSED  compile rc=1: ./main.go:6:9: invalid operation: a || b (mismatched types float32 and int64)
  go__op_731                               REFUSED  compile rc=1: ./main.go:6:9: invalid operation: a || b (mismatched types float32 and bool)
  go__op_735                               REFUSED  compile rc=1: ./main.go:6:9: invalid operation: a || b (mismatched types float64 and float32)
  go__op_739                               REFUSED  compile rc=1: ./main.go:6:9: invalid operation: a || b (mismatched types bool and int64)
  go__op_743                               REFUSED  no certified pure form for JALR (an element the rule does not know: (update_elp_state rs1))
  go__op_3                                 CERTIFIED   16.5s  a
  go__op_7                                 CERTIFIED   16.0s  (pure_RTYPE (zero_reg) (a) (LeanIM.rop.SUB))
  go__op_19                                CERTIFIED   15.5s  (pure_ITYPE (a) (0xfff#12) (LeanIM.iop.XORI))
  go__op_67                                CERTIFIED   15.6s  (pure_MUL (a) (b) ({ result_part := LeanIM.VectorHalf.Low, signed_rs1 := LeanIM.Signedness
  go__op_535                               CERTIFIED   15.5s  (pure_RTYPE (a) (b) (LeanIM.rop.SLT))
  go__op_607                               CERTIFIED   15.5s  (pure_RTYPE (b) (a) (LeanIM.rop.SLT))
  walk: certified 6, failed 0, refused 180, of 186
