  emitted definitions scanned: 4750; lean-sail definitions indexed: 149
  SHIFTIOP__SLLI__rust                         F over ['a', 'b']; 52 candidates
      same_text      over 52 candidates, one Lean run: 2.3s
      RTYPE          rop.SLL                                  PROVED    same_text
  SHIFTIOP__SRAI__rust                         F over ['a', 'b']; 52 candidates
      same_text      over 52 candidates, one Lean run: 2.3s
      RTYPE          rop.SRA                                  PROVED    same_text
  RTYPE__SLTU__rust                            F over ['a', 'b']; 52 candidates
      same_text      over 52 candidates, one Lean run: 2.3s
      RTYPE          rop.SLTU                                 PROVED    same_text
  RTYPE__AND__rust                             F over ['a', 'b']; 52 candidates
      same_text      over 52 candidates, one Lean run: 2.3s
      RTYPE          rop.AND                                  PROVED    same_text
  RTYPE__SLL__rust                             F over ['a', 'b']; 52 candidates
      same_text      over 52 candidates, one Lean run: 2.3s
      RTYPE          rop.SLL                                  PROVED    same_text
  RTYPE__SRA__rust                             F over ['a', 'b']; 52 candidates
      same_text      over 52 candidates, one Lean run: 2.3s
      RTYPE          rop.SRA                                  PROVED    same_text
  equals: 6 units, 6 with a proved definition
