region: 86 files
{
  "files_parsed": 86,
  "nodes": 182935,
  "edges": 234312,
  "frontier": 34996,
  "parse_errors": 0,
  "node_kinds": {
    "assembly_file": 2,
    "call": 19392,
    "func": 746,
    "generated_code": 5,
    "local_const": 16,
    "local_var": 6793,
    "method": 803,
    "package_const": 8753,
    "package_var": 171,
    "param": 4841,
    "receiver": 799,
    "ref": 105367,
    "result_param": 60,
    "rules_file": 27,
    "type": 198,
    "unresolved_import": 31102,
    "unresolved_indirect": 3860
  },
  "edge_types": {
    "calls/cross_package_in_region": 114,
    "calls/direct": 3179,
    "calls/indirect": 18754,
    "contains": 31877,
    "flows_into/argument": 29795,
    "flows_into/call_result": 4803,
    "flows_into/selector_base": 25161,
    "flows_into/value": 10423,
    "resolves_to": 54140,
    "resolves_to/cross_package_in_region": 8705,
    "resolves_to/cross_package_type_in_region": 2011,
    "resolves_to/frontier": 29626,
    "resolves_to/method_candidate": 10832,
    "resolves_to/type": 4892
  },
  "frontier_kinds": {
    "assembly_file": 2,
    "generated_code": 5,
    "rules_file": 27,
    "unresolved_import": 31102,
    "unresolved_indirect": 3860
  }
}
wrote PseudoCoupHQ/Research/compiler_graph/graph_go_lapone.json
