  emitted definitions scanned: 4750; lean-sail definitions indexed: 149
  RTYPEW__ADDW__c                              F over ['a', 'b']; 52 candidates
      same_text      over 52 candidates, one Lean run: 2.3s
      RTYPEW         ropw.ADDW                                PROVED    same_text
  RTYPEW__SUBW__c                              F over ['a', 'b']; 52 candidates
      same_text      over 52 candidates, one Lean run: 2.4s
      RTYPEW         ropw.SUBW                                PROVED    same_text
  RTYPEW__SLLW__c                              F over ['a', 'b']; 52 candidates
      same_text      over 52 candidates, one Lean run: 2.3s
      RTYPEW         ropw.SLLW                                PROVED    same_text
  RTYPEW__SRAW__c                              F over ['a', 'b']; 52 candidates
      same_text      over 52 candidates, one Lean run: 2.3s
      RTYPEW         ropw.SRAW                                PROVED    same_text
  RTYPE__ADD__c                                F over ['a', 'b']; 52 candidates
      same_text      over 52 candidates, one Lean run: 2.4s
      RTYPE          rop.ADD                                  PROVED    same_text
  RTYPE__SUB__c                                F over ['a', 'b']; 52 candidates
      same_text      over 52 candidates, one Lean run: 2.3s
      RTYPE          rop.SUB                                  PROVED    same_text
  REMW__false__c                               F over ['a', 'b']; 52 candidates
      same_text      over 52 candidates, one Lean run: 2.4s
      REMW           false                                    PROVED    same_text
  MULW__one__c                                 F over ['a', 'b']; 52 candidates
      same_text      over 52 candidates, one Lean run: 2.2s
      MULW                                                    PROVED    same_text
  MUL__Low_Signed_Signed__c                    F over ['a', 'b']; 52 candidates
      same_text      over 52 candidates, one Lean run: 2.7s
      MUL            { result_part := VectorHalf.Low, signed_ PROVED    same_text
  DIVW__false__c                               F over ['a', 'b']; 52 candidates
      same_text      over 52 candidates, one Lean run: 2.4s
      DIVW           false                                    PROVED    same_text
  DIV__false__c                                F over ['a', 'b']; 52 candidates
      same_text      over 52 candidates, one Lean run: 2.4s
      DIV            false                                    PROVED    same_text
  equals: 11 units, 11 with a proved definition
