  emitted definitions scanned: 4750; lean-sail definitions indexed: 149
  SHIFTIOP__SLLI__c                            F over ['a', 'b']; 52 candidates
      same_text      over 52 candidates, one Lean run: 2.3s
      RTYPE          rop.SLL                                  PROVED    same_text
  SHIFTIOP__SRLI__c                            F over ['a', 'b']; 52 candidates
      same_text      over 52 candidates, one Lean run: 2.4s
      RTYPE          rop.SRL                                  PROVED    same_text
  SHIFTIOP__SRAI__c                            F over ['a', 'b']; 52 candidates
      same_text      over 52 candidates, one Lean run: 2.3s
      RTYPE          rop.SRA                                  PROVED    same_text
  RTYPEW__ADDW__c                              F over ['a', 'b']; 52 candidates
      same_text      over 52 candidates, one Lean run: 2.4s
      RTYPEW         ropw.ADDW                                PROVED    same_text
  RTYPEW__SUBW__c                              F over ['a', 'b']; 52 candidates
      same_text      over 52 candidates, one Lean run: 2.3s
      RTYPEW         ropw.SUBW                                PROVED    same_text
  RTYPEW__SLLW__c                              F over ['a', 'b']; 52 candidates
      same_text      over 52 candidates, one Lean run: 2.4s
      RTYPEW         ropw.SLLW                                PROVED    same_text
  RTYPEW__SRAW__c                              F over ['a', 'b']; 52 candidates
      same_text      over 52 candidates, one Lean run: 2.4s
      RTYPEW         ropw.SRAW                                PROVED    same_text
  RTYPE__ADD__c                                F over ['a', 'b']; 52 candidates
      same_text      over 52 candidates, one Lean run: 2.3s
      RTYPE          rop.ADD                                  PROVED    same_text
  RTYPE__SUB__c                                F over ['a', 'b']; 52 candidates
      same_text      over 52 candidates, one Lean run: 2.3s
      RTYPE          rop.SUB                                  PROVED    same_text
  RTYPE__SLL__c                                F over ['a', 'b']; 52 candidates
      same_text      over 52 candidates, one Lean run: 2.4s
      RTYPE          rop.SLL                                  PROVED    same_text
  RTYPE__SLT__c                                F over ['a', 'b']; 52 candidates
      same_text      over 52 candidates, one Lean run: 2.3s
      RTYPE          rop.SLT                                  PROVED    same_text
  RTYPE__SLTU__c                               F over ['a', 'b']; 52 candidates
      same_text      over 52 candidates, one Lean run: 2.3s
      RTYPE          rop.SLTU                                 PROVED    same_text
  RTYPE__XOR__c                                F over ['a', 'b']; 52 candidates
      same_text      over 52 candidates, one Lean run: 2.3s
      RTYPE          rop.XOR                                  PROVED    same_text
  RTYPE__SRL__c                                F over ['a', 'b']; 52 candidates
      same_text      over 52 candidates, one Lean run: 2.3s
      RTYPE          rop.SRL                                  PROVED    same_text
  RTYPE__SRA__c                                F over ['a', 'b']; 52 candidates
      same_text      over 52 candidates, one Lean run: 2.3s
      RTYPE          rop.SRA                                  PROVED    same_text
  RTYPE__OR__c                                 F over ['a', 'b']; 52 candidates
      same_text      over 52 candidates, one Lean run: 2.3s
      RTYPE          rop.OR                                   PROVED    same_text
  RTYPE__AND__c                                F over ['a', 'b']; 52 candidates
      same_text      over 52 candidates, one Lean run: 2.3s
      RTYPE          rop.AND                                  PROVED    same_text
  REMW__false__c                               F over ['a', 'b']; 52 candidates
      same_text      over 52 candidates, one Lean run: 2.4s
      REMW           false                                    PROVED    same_text
  REM__false__c                                F over ['a', 'b']; 52 candidates
      same_text      over 52 candidates, one Lean run: 2.3s
      REM            false                                    PROVED    same_text
  REM__true__c                                 F over ['a', 'b']; 52 candidates
      same_text      over 52 candidates, one Lean run: 2.4s
      REM            true                                     PROVED    same_text
  MULW__one__c                                 F over ['a', 'b']; 52 candidates
      same_text      over 52 candidates, one Lean run: 2.1s
      MULW                                                    PROVED    same_text
  MUL__Low_Signed_Signed__c                    F over ['a', 'b']; 52 candidates
      same_text      over 52 candidates, one Lean run: 2.7s
      MUL            { result_part := VectorHalf.Low, signed_ PROVED    same_text
  DIVW__false__c                               F over ['a', 'b']; 52 candidates
      same_text      over 52 candidates, one Lean run: 2.4s
      DIVW           false                                    PROVED    same_text
  DIV__false__c                                F over ['a', 'b']; 52 candidates
      same_text      over 52 candidates, one Lean run: 2.4s
      DIV            false                                    PROVED    same_text
  DIV__true__c                                 F over ['a', 'b']; 52 candidates
      same_text      over 52 candidates, one Lean run: 2.4s
      DIV            true                                     PROVED    same_text
  equals: 25 units, 25 with a proved definition
