  proof lib LeanIM; executable lib LeanIMPrExecutable; decoder state: s0
  no-effect clauses (the body is the retire): 5
  emitted definitions scanned: 4750; lean-sail definitions indexed: 149
  decode: 23 words, lean rc=0, 9.7s
  register expressions evaluated: 2 of 2 (2.9s)
  certifying with 2 Lean job(s) at a time
  SHIFTIOP__SLLI__c                        CERTIFIED   15.9s  (pure_RTYPE (a) (b) (LeanIM.rop.SLL))
  SHIFTIOP__SRLI__c                        CERTIFIED   15.9s  (pure_RTYPE (a) (b) (LeanIM.rop.SRL))
  SHIFTIOP__SRAI__c                        CERTIFIED   15.1s  (pure_RTYPE (a) (b) (LeanIM.rop.SRA))
  RTYPEW__ADDW__c                          CERTIFIED   15.2s  (pure_RTYPEW (a) (b) (ADDW))
  RTYPEW__SUBW__c                          CERTIFIED   15.1s  (pure_RTYPEW (a) (b) (SUBW))
  RTYPEW__SLLW__c                          CERTIFIED   14.9s  (pure_RTYPEW (a) (b) (LeanIM.ropw.SLLW))
  RTYPEW__SRAW__c                          CERTIFIED   15.0s  (pure_RTYPEW (a) (b) (LeanIM.ropw.SRAW))
  RTYPE__ADD__c                            CERTIFIED   15.1s  (pure_RTYPE (a) (b) (ADD))
  RTYPE__SUB__c                            CERTIFIED   15.2s  (pure_RTYPE (a) (b) (SUB))
  RTYPE__SLL__c                            CERTIFIED   15.2s  (pure_RTYPE (a) (b) (LeanIM.rop.SLL))
  RTYPE__SLT__c                            CERTIFIED   15.2s  (pure_RTYPE (a) (b) (LeanIM.rop.SLT))
  RTYPE__SLTU__c                           CERTIFIED   15.1s  (pure_RTYPE (a) (b) (LeanIM.rop.SLTU))
  RTYPE__XOR__c                            CERTIFIED   15.6s  (pure_RTYPE (a) (b) (XOR))
  RTYPE__SRL__c                            CERTIFIED   15.2s  (pure_RTYPE (a) (b) (LeanIM.rop.SRL))
  RTYPE__SRA__c                            CERTIFIED   15.1s  (pure_RTYPE (a) (b) (LeanIM.rop.SRA))
  RTYPE__OR__c                             CERTIFIED   15.1s  (pure_RTYPE (a) (b) (OR))
  RTYPE__AND__c                            CERTIFIED   15.3s  (pure_RTYPE (a) (b) (AND))
  REMW__false__c                           CERTIFIED   15.3s  (pure_REMW (a) (b) (false))
  REM__false__c                            CERTIFIED   15.2s  (pure_REM (a) (b) (false))
  REM__true__c                             CERTIFIED   15.3s  (pure_REM (a) (b) (true))
  MULW__one__c                             CERTIFIED   14.8s  (pure_MULW (a) (b))
  MUL__Low_Signed_Signed__c                CERTIFIED   15.0s  (pure_MUL (a) (b) ({ result_part := Low, signed_rs1 := Signed, signed_rs2 := Signed }))
  DIVW__false__c                           CERTIFIED   14.8s  (pure_DIVW (a) (b) (false))
  DIV__false__c                            CERTIFIED   14.8s  (pure_DIV (a) (b) (false))
  DIV__true__c                             CERTIFIED   14.4s  (pure_DIV (a) (b) (true))
  walk: certified 25, failed 0, refused 0, of 25
