  emitted definitions scanned: 4750; lean-sail definitions indexed: 149
  ZBB_RTYPE__ANDN__rust                        F over ['a', 'b']; 52 candidates
      same_text      over 52 candidates, one Lean run: 2.7s
      evaluation over 52 candidates on 4 samples, one Lean run: 4.8s; 1 survive
      integer_level  over  1 candidates, one Lean run: 3.2s
      ZBB_RTYPE      brop_zbb.ANDN                            PROVED    fixed_width 4.7s
  ZBB_RTYPE__ORN__rust                         F over ['a', 'b']; 52 candidates
      same_text      over 52 candidates, one Lean run: 2.7s
      evaluation over 52 candidates on 4 samples, one Lean run: 4.8s; 1 survive
      integer_level  over  1 candidates, one Lean run: 3.1s
      ZBB_RTYPE      brop_zbb.ORN                             PROVED    fixed_width 4.5s
  ZBB_RTYPE__XNOR__rust                        F over ['a', 'b']; 52 candidates
      same_text      over 52 candidates, one Lean run: 2.7s
      evaluation over 52 candidates on 4 samples, one Lean run: 4.8s; 1 survive
      integer_level  over  1 candidates, one Lean run: 2.8s
      ZBB_RTYPE      brop_zbb.XNOR                            PROVED    fixed_width 4.4s
  SHIFTIOP__SLLI__rust                         F over ['a', 'b']; 52 candidates
      same_text      over 52 candidates, one Lean run: 2.3s
      RTYPE          rop.SLL                                  PROVED    same_text
  SHIFTIOP__SRLI__rust                         F over ['a', 'b']; 52 candidates
      same_text      over 52 candidates, one Lean run: 2.3s
      RTYPE          rop.SRL                                  PROVED    same_text
  SHIFTIOP__SRAI__rust                         F over ['a', 'b']; 52 candidates
      same_text      over 52 candidates, one Lean run: 2.3s
      RTYPE          rop.SRA                                  PROVED    same_text
  RTYPE__ADD__rust                             F over ['a', 'b']; 52 candidates
      same_text      over 52 candidates, one Lean run: 2.4s
      RTYPE          rop.ADD                                  PROVED    same_text
  RTYPE__SUB__rust                             F over ['a', 'b']; 52 candidates
      same_text      over 52 candidates, one Lean run: 2.3s
      RTYPE          rop.SUB                                  PROVED    same_text
  RTYPE__SLL__rust                             F over ['a', 'b']; 52 candidates
      same_text      over 52 candidates, one Lean run: 2.3s
      RTYPE          rop.SLL                                  PROVED    same_text
  RTYPE__SLT__rust                             F over ['a', 'b']; 52 candidates
      same_text      over 52 candidates, one Lean run: 2.3s
      RTYPE          rop.SLT                                  PROVED    same_text
  RTYPE__SLTU__rust                            F over ['a', 'b']; 52 candidates
      same_text      over 52 candidates, one Lean run: 2.4s
      RTYPE          rop.SLTU                                 PROVED    same_text
  RTYPE__XOR__rust                             F over ['a', 'b']; 52 candidates
      same_text      over 52 candidates, one Lean run: 2.3s
      RTYPE          rop.XOR                                  PROVED    same_text
  RTYPE__SRL__rust                             F over ['a', 'b']; 52 candidates
      same_text      over 52 candidates, one Lean run: 2.3s
      RTYPE          rop.SRL                                  PROVED    same_text
  RTYPE__SRA__rust                             F over ['a', 'b']; 52 candidates
      same_text      over 52 candidates, one Lean run: 2.3s
      RTYPE          rop.SRA                                  PROVED    same_text
  RTYPE__OR__rust                              F over ['a', 'b']; 52 candidates
      same_text      over 52 candidates, one Lean run: 2.3s
      RTYPE          rop.OR                                   PROVED    same_text
  RTYPE__AND__rust                             F over ['a', 'b']; 52 candidates
      same_text      over 52 candidates, one Lean run: 2.3s
      RTYPE          rop.AND                                  PROVED    same_text
  MUL__Low_Signed_Signed__rust                 F over ['a', 'b']; 52 candidates
      same_text      over 52 candidates, one Lean run: 2.7s
      evaluation over 52 candidates on 4 samples, one Lean run: 4.7s; 4 survive
      integer_level  over  4 candidates, one Lean run: 9.4s
      MUL            { result_part := VectorHalf.Low, signed_ PROVED    integer_level
  C_NOT__one__rust                             F over ['a']; 9 candidates
      same_text      over  9 candidates, one Lean run: 1.3s
      evaluation over 9 candidates on 4 samples, one Lean run: 2.5s; 0 survive
  equals: 18 units, 17 with a proved definition
