  operator_for keys usable in rust: 12
  ZIMOP_MOP_RR__one            REFUSED  no key of operator_for matches: (zeros (n := 64))
  ZIMOP_MOP_R__one             REFUSED  no key of operator_for matches: (zeros (n := 64))
  ZBS_RTYPE__BCLR              REFUSED  no key of operator_for matches: (shift_bits_left (zero_extend (m := 64) 1#1) (Sa
  ZBS_RTYPE__BEXT              REFUSED  no key of operator_for matches: (zero_extend (m := 64) (bool_to_bit ((rs1_val &&
  ZBS_RTYPE__BINV              REFUSED  no key of operator_for matches: (shift_bits_left (zero_extend (m := 64) 1#1) (Sa
  ZBS_RTYPE__BSET              REFUSED  no key of operator_for matches: (shift_bits_left (zero_extend (m := 64) 1#1) (Sa
  ZBS_IOP__BCLRI               REFUSED  no key of operator_for matches: (shift_bits_left (zero_extend (m := 64) 1#1) sha
  ZBS_IOP__BEXTI               REFUSED  no key of operator_for matches: (zero_extend (m := 64) (bool_to_bit ((rs1_val &&
  ZBS_IOP__BINVI               REFUSED  no key of operator_for matches: (shift_bits_left (zero_extend (m := 64) 1#1) sha
  ZBS_IOP__BSETI               REFUSED  no key of operator_for matches: (shift_bits_left (zero_extend (m := 64) 1#1) sha
  ZBKB_RTYPE__PACK             REFUSED  no key of operator_for matches: ((Sail.BitVec.extractLsb rs2_val ((xlen_bytes *i
  ZBKB_RTYPE__PACKH            REFUSED  no key of operator_for matches: (zero_extend (m := 64) ((Sail.BitVec.extractLsb 
  ZBB_RTYPEW__ROLW             REFUSED  no key of operator_for matches: (sign_extend (m := 64) (rotate_bits_left (Sail.B
  ZBB_RTYPEW__RORW             REFUSED  no key of operator_for matches: (sign_extend (m := 64) (rotate_bits_right (Sail.
  ZBB_RTYPE__ANDN              ((op_152((a) as u64, (((op_13((b) as i64)) as u64)) as u64)) as u64)
  ZBB_RTYPE__ORN               ((op_188((a) as u64, (((op_13((b) as i64)) as u64)) as u64)) as u64)
  ZBB_RTYPE__XNOR              ((op_13((((op_224((a) as u64, (b) as u64)) as u64)) as i64)) as u64)
  ZBB_RTYPE__MAX               REFUSED  no key of operator_for matches: (if ((zopz0zK_s rs1_val rs2_val) : Bool) then rs
  ZBB_RTYPE__MAXU              REFUSED  no key of operator_for matches: (if ((zopz0zK_u rs1_val rs2_val) : Bool) then rs
  ZBB_RTYPE__MIN               REFUSED  no key of operator_for matches: (if ((zopz0zI_s rs1_val rs2_val) : Bool) then rs
  ZBB_RTYPE__MINU              REFUSED  no key of operator_for matches: (if ((zopz0zI_u rs1_val rs2_val) : Bool) then rs
  ZBB_RTYPE__ROL               REFUSED  no key of operator_for matches: (rotate_bits_left rs1_val (Sail.BitVec.extractLs
  ZBB_RTYPE__ROR               REFUSED  no key of operator_for matches: (rotate_bits_right rs1_val (Sail.BitVec.extractL
  ZBB_EXTOP__SEXTB             REFUSED  no key of operator_for matches: (sign_extend (m := 64) (Sail.BitVec.extractLsb r
  ZBB_EXTOP__SEXTH             REFUSED  no key of operator_for matches: (sign_extend (m := 64) (Sail.BitVec.extractLsb r
  ZBB_EXTOP__ZEXTH             REFUSED  no key of operator_for matches: (zero_extend (m := 64) (Sail.BitVec.extractLsb r
  ZBA_RTYPEUW__one             REFUSED  no key of operator_for matches: (shift_bits_left (zero_extend (m := 64) (Sail.Bi
  ZBA_RTYPE__one               REFUSED  no key of operator_for matches: (shift_bits_left v_rs1 shamt)
  SLLIUW__one                  REFUSED  no key of operator_for matches: (shift_bits_left (zero_extend (m := 64) (Sail.Bi
  SHIFTIWOP__SLLIW             REFUSED  no key of operator_for matches: (sign_extend (m := 64) (shift_bits_left (Sail.Bi
  SHIFTIWOP__SRLIW             REFUSED  no key of operator_for matches: (sign_extend (m := 64) (shift_bits_right (Sail.B
  SHIFTIWOP__SRAIW             REFUSED  no key of operator_for matches: (sign_extend (m := 64) (shift_bits_right_arith (
  SHIFTIOP__SLLI               ((op_476((a) as u64, (shamt) as u64)) as u64)
  SHIFTIOP__SRLI               ((op_512((a) as u64, (shamt) as u64)) as u64)
  SHIFTIOP__SRAI               ((op_505((a) as i64, (shamt) as i64)) as u64)
  SHA512SUM1R__one             REFUSED  no key of operator_for matches: (sign_extend (m := 64) ((v_rs1 <<< 23) ^^^ ((v_r
  SHA512SUM0R__one             REFUSED  no key of operator_for matches: (sign_extend (m := 64) ((v_rs1 <<< 25) ^^^ ((v_r
  SHA512SIG1L__one             REFUSED  no key of operator_for matches: (sign_extend (m := 64) ((v_rs1 <<< 3) ^^^ ((v_rs
  SHA512SIG1H__one             REFUSED  no key of operator_for matches: (sign_extend (m := 64) ((v_rs1 <<< 3) ^^^ ((v_rs
  SHA512SIG0L__one             REFUSED  no key of operator_for matches: (sign_extend (m := 64) ((v_rs1 >>> 1) ^^^ ((v_rs
  SHA512SIG0H__one             REFUSED  no key of operator_for matches: (sign_extend (m := 64) ((v_rs1 >>> 1) ^^^ ((v_rs
  RTYPEW__ADDW                 REFUSED  (sign_extend (m := 64) ((Sail.BitVec.extractLsb a 31 0) + (Sail.BitVec.extractLs
  RTYPEW__SUBW                 REFUSED  (sign_extend (m := 64) ((Sail.BitVec.extractLsb a 31 0) - (Sail.BitVec.extractLs
  RTYPEW__SLLW                 REFUSED  (sign_extend (m := 64) (shift_bits_left (Sail.BitVec.extractLsb a 31 0) (Sail.Bi
  RTYPEW__SRLW                 REFUSED  no key of operator_for matches: (sign_extend (m := 64) (shift_bits_right (Sail.B
  RTYPEW__SRAW                 REFUSED  (sign_extend (m := 64) (shift_bits_right_arith (Sail.BitVec.extractLsb a 31 0) (
  RTYPE__ADD                   ((op_548((a) as u64, (b) as u64)) as u64)
  RTYPE__SUB                   ((op_584((a) as u64, (b) as u64)) as u64)
  RTYPE__SLL                   ((op_476((a) as u64, (b) as u64)) as u64)
  RTYPE__SLT                   ((op_325((a) as i64, (b) as i64)) as u64)
  RTYPE__SLTU                  ((op_332((a) as u64, (b) as u64)) as u64)
  RTYPE__XOR                   ((op_224((a) as u64, (b) as u64)) as u64)
  RTYPE__SRL                   ((op_512((a) as u64, (b) as u64)) as u64)
  RTYPE__SRA                   ((op_505((a) as i64, (b) as i64)) as u64)
  RTYPE__OR                    ((op_188((a) as u64, (b) as u64)) as u64)
  RTYPE__AND                   ((op_152((a) as u64, (b) as u64)) as u64)
  RORIW__one                   REFUSED  no key of operator_for matches: (sign_extend (m := 64) (rotate_bits_right (Sail.
  RORI__one                    REFUSED  no key of operator_for matches: (rotate_bits_right v_rs1 (Sail.BitVec.extractLsb
  REV8__one                    REFUSED  no key of operator_for matches: (rev8 v_rs1)
  REMW__false                  REFUSED  no key of operator_for matches: (sign_extend (m := 64) (to_bits_truncate (l := 3
  REMW__true                   REFUSED  no key of operator_for matches: (sign_extend (m := 64) (to_bits_truncate (l := 3
  REM__false                   REFUSED  no key of operator_for matches: (to_bits_truncate (l := 64) (if (((BitVec.toInt 
  REM__true                    REFUSED  no key of operator_for matches: (to_bits_truncate (l := 64) (if (((BitVec.toNatI
  MULW__one                    REFUSED  (sign_extend (m := 64) (to_bits_truncate (l := 32) ((BitVec.toInt (Sail.BitVec.e
  MUL__High_Signed_Signed      REFUSED  no key of operator_for matches: (mult_to_bits_half (l := xlen) Signedness.Signed
  MUL__High_Signed_Unsigned    REFUSED  no key of operator_for matches: (mult_to_bits_half (l := xlen) Signedness.Signed
  MUL__High_Unsigned_Signed    REFUSED  no key of operator_for matches: (mult_to_bits_half (l := xlen) Signedness.Unsign
  MUL__High_Unsigned_Unsigned  REFUSED  no key of operator_for matches: (mult_to_bits_half (l := xlen) Signedness.Unsign
  MUL__Low_Signed_Signed       ((op_620((a) as u64, (b) as u64)) as u64)
  MUL__Low_Signed_Unsigned     REFUSED  no key of operator_for matches: (mult_to_bits_half (l := xlen) Signedness.Signed
  MUL__Low_Unsigned_Signed     REFUSED  no key of operator_for matches: (mult_to_bits_half (l := xlen) Signedness.Unsign
  MUL__Low_Unsigned_Unsigned   REFUSED  no key of operator_for matches: (mult_to_bits_half (l := xlen) Signedness.Unsign
  ITYPE__ADDI                  REFUSED  no key of operator_for matches: (sign_extend (m := 64) imm)
  ITYPE__SLTI                  REFUSED  no key of operator_for matches: (sign_extend (m := 64) imm)
  ITYPE__SLTIU                 REFUSED  no key of operator_for matches: (sign_extend (m := 64) imm)
  ITYPE__XORI                  REFUSED  no key of operator_for matches: (sign_extend (m := 64) imm)
  ITYPE__ORI                   REFUSED  no key of operator_for matches: (sign_extend (m := 64) imm)
  ITYPE__ANDI                  REFUSED  no key of operator_for matches: (sign_extend (m := 64) imm)
  DIVW__false                  REFUSED  no key of operator_for matches: (sign_extend (m := 64) (to_bits_truncate (l := 3
  DIVW__true                   REFUSED  no key of operator_for matches: (sign_extend (m := 64) (to_bits_truncate (l := 3
  DIV__false                   REFUSED  no key of operator_for matches: (to_bits_truncate (l := 64) (if (((if (((BitVec.
  DIV__true                    REFUSED  no key of operator_for matches: (to_bits_truncate (l := 64) (if (((BitVec.toNatI
  C_ZEXT_B__one                REFUSED  no key of operator_for matches: (zero_extend (m := 64) (Sail.BitVec.extractLsb v
  C_NOT__one                   ((op_13((a) as i64)) as u64)
  CTZW__one                    REFUSED  no key of operator_for matches: (to_bits (l := 64) (BitVec.countTrailingZeros (S
  CTZ__one                     REFUSED  no key of operator_for matches: (to_bits (l := 64) (BitVec.countTrailingZeros v_
  CLZW__one                    REFUSED  no key of operator_for matches: (to_bits (l := 64) (BitVec.countLeadingZeros (Sa
  CLZ__one                     REFUSED  no key of operator_for matches: (to_bits (l := 64) (BitVec.countLeadingZeros v_r
  CLMULR__one                  REFUSED  no key of operator_for matches: (carryless_mulr v_rs1 v_rs2)
  CLMULH__one                  REFUSED  no key of operator_for matches: (Sail.BitVec.extractLsb (carryless_mul v_rs1 v_r
  CLMUL__one                   REFUSED  no key of operator_for matches: (Sail.BitVec.extractLsb (carryless_mul v_rs1 v_r
  BREV8__one                   REFUSED  no key of operator_for matches: (brev8 v_rs1)
  ADDIW__one                   REFUSED  no key of operator_for matches: (sign_extend (m := 64) (Sail.BitVec.extractLsb (
  render: 18 emulations written, 75 refused
