  proof lib LeanIM; executable lib LeanIMPrExecutable; decoder state: s0
  no-effect clauses (the body is the retire): 5
  emitted definitions scanned: 4750; lean-sail definitions indexed: 149
  decode: 14 words, lean rc=0, 6.8s
  register expressions evaluated: 2 of 2 (2.9s)
  certifying with 2 Lean job(s) at a time
  ZBB_RTYPE__ANDN__rust                    CERTIFIED   15.4s  (pure_RTYPE (a) ((pure_ITYPE (b) (0xfff#12) (LeanIM.iop.XORI))) (AND))
  ZBB_RTYPE__ORN__rust                     CERTIFIED   15.3s  (pure_RTYPE (a) ((pure_ITYPE (b) (0xfff#12) (LeanIM.iop.XORI))) (OR))
  ZBB_RTYPE__XNOR__rust                    CERTIFIED   14.8s  (pure_ITYPE ((pure_RTYPE (a) (b) (XOR))) (0xfff#12) (LeanIM.iop.XORI))
  SHIFTIOP__SLLI__rust                     CERTIFIED   14.8s  (pure_RTYPE (a) (b) (LeanIM.rop.SLL))
  SHIFTIOP__SRLI__rust                     CERTIFIED   14.7s  (pure_RTYPE (a) (b) (LeanIM.rop.SRL))
  SHIFTIOP__SRAI__rust                     CERTIFIED   14.7s  (pure_RTYPE (a) (b) (LeanIM.rop.SRA))
  RTYPE__ADD__rust                         CERTIFIED   14.8s  (pure_RTYPE (a) (b) (ADD))
  RTYPE__SUB__rust                         CERTIFIED   14.8s  (pure_RTYPE (a) (b) (SUB))
  RTYPE__SLL__rust                         CERTIFIED   14.8s  (pure_RTYPE (a) (b) (LeanIM.rop.SLL))
  RTYPE__SLT__rust                         CERTIFIED   14.8s  (pure_RTYPE (a) (b) (LeanIM.rop.SLT))
  RTYPE__SLTU__rust                        CERTIFIED   14.8s  (pure_RTYPE (a) (b) (LeanIM.rop.SLTU))
  RTYPE__XOR__rust                         CERTIFIED   14.8s  (pure_RTYPE (a) (b) (XOR))
  RTYPE__SRL__rust                         CERTIFIED   14.8s  (pure_RTYPE (a) (b) (LeanIM.rop.SRL))
  RTYPE__SRA__rust                         CERTIFIED   14.7s  (pure_RTYPE (a) (b) (LeanIM.rop.SRA))
  RTYPE__OR__rust                          CERTIFIED   14.9s  (pure_RTYPE (a) (b) (OR))
  RTYPE__AND__rust                         CERTIFIED   14.9s  (pure_RTYPE (a) (b) (AND))
  MUL__Low_Signed_Signed__rust             CERTIFIED   14.8s  (pure_MUL (b) (a) ({ result_part := LeanIM.VectorHalf.Low, signed_rs1 := LeanIM.Signedness
  C_NOT__one__rust                         CERTIFIED   14.9s  (pure_ITYPE (a) (0xfff#12) (LeanIM.iop.XORI))
  walk: certified 18, failed 0, refused 0, of 18
