=== op pipeline -- cpp -- 400 candidate probes ===
2026-09-02T05:47:25Z
Ubuntu clang version 21.1.8 (6ubuntu1)
Target: x86_64-pc-linux-gnu
GNU objdump (GNU Binutils for Ubuntu) 2.46
free /work: 4050 MB
payload bytes: 96736
op lane cpp: 400 candidate probes
[progress] cpp [25/400] elapsed 1.8s mean 0.07s  REFUSED 10 ACCEPTED 15 SHIP_OK 15 ANCHOR_OK 15 DWARF 15
[progress] cpp [50/400] elapsed 3.3s mean 0.07s  REFUSED 25 ACCEPTED 25 SHIP_OK 25 ANCHOR_OK 25 DWARF 25
[progress] cpp [75/400] elapsed 5.0s mean 0.07s  REFUSED 34 ACCEPTED 41 SHIP_OK 41 ANCHOR_OK 41 DWARF 41
[progress] cpp [100/400] elapsed 6.3s mean 0.06s  REFUSED 53 ACCEPTED 47 SHIP_OK 47 ANCHOR_OK 47 DWARF 47
[progress] cpp [125/400] elapsed 8.1s mean 0.07s  REFUSED 60 ACCEPTED 65 SHIP_OK 65 ANCHOR_OK 65 DWARF 65
[progress] cpp [275/400] elapsed 14.8s mean 0.05s  REFUSED 193 ACCEPTED 82 SHIP_OK 82 ANCHOR_OK 82 DWARF 82
[progress] cpp [325/400] elapsed 18.1s mean 0.06s  REFUSED 221 ACCEPTED 104 SHIP_OK 104 ANCHOR_OK 104 DWARF 104
[progress] cpp [350/400] elapsed 19.9s mean 0.06s  REFUSED 228 ACCEPTED 122 SHIP_OK 122 ANCHOR_OK 122 DWARF 122
[progress] cpp [375/400] elapsed 21.3s mean 0.06s  REFUSED 247 ACCEPTED 128 SHIP_OK 128 ANCHOR_OK 128 DWARF 128
[progress] cpp [400/400] elapsed 23.4s mean 0.06s  REFUSED 254 ACCEPTED 146 SHIP_OK 146 ANCHOR_OK 146 DWARF 146
done: {"REFUSED": 254, "ACCEPTED": 146, "ANCHOR_OK": 146, "SHIP_OK": 146, "DWARF": 146} -> /out/regen_cpp_c0016.txt
--- lane finished, rc=0
2026-09-02T05:47:48Z
