=== op pipeline -- cpp -- 400 candidate probes ===
2026-09-02T05:47:50Z
Ubuntu clang version 21.1.8 (6ubuntu1)
Target: x86_64-pc-linux-gnu
GNU objdump (GNU Binutils for Ubuntu) 2.46
free /work: 4049 MB
payload bytes: 95586
op lane cpp: 400 candidate probes
[progress] cpp [25/400] elapsed 1.6s mean 0.07s  REFUSED 10 ACCEPTED 15 SHIP_OK 15 ANCHOR_OK 15 DWARF 15
[progress] cpp [50/400] elapsed 3.1s mean 0.06s  REFUSED 25 ACCEPTED 25 SHIP_OK 25 ANCHOR_OK 25 DWARF 25
[progress] cpp [75/400] elapsed 4.9s mean 0.07s  REFUSED 34 ACCEPTED 41 SHIP_OK 41 ANCHOR_OK 41 DWARF 41
[progress] cpp [225/400] elapsed 11.7s mean 0.05s  REFUSED 168 ACCEPTED 57 SHIP_OK 57 ANCHOR_OK 57 DWARF 57
[progress] cpp [275/400] elapsed 15.0s mean 0.05s  REFUSED 193 ACCEPTED 82 SHIP_OK 82 ANCHOR_OK 82 DWARF 82
[progress] cpp [325/400] elapsed 18.2s mean 0.06s  REFUSED 221 ACCEPTED 104 SHIP_OK 104 ANCHOR_OK 104 DWARF 104
[progress] cpp [350/400] elapsed 20.2s mean 0.06s  REFUSED 228 ACCEPTED 122 SHIP_OK 122 ANCHOR_OK 122 DWARF 122
[progress] cpp [375/400] elapsed 21.5s mean 0.06s  REFUSED 247 ACCEPTED 128 SHIP_OK 128 ANCHOR_OK 128 DWARF 128
[progress] cpp [400/400] elapsed 23.4s mean 0.06s  REFUSED 254 ACCEPTED 146 SHIP_OK 146 ANCHOR_OK 146 DWARF 146
done: {"REFUSED": 254, "ACCEPTED": 146, "ANCHOR_OK": 146, "SHIP_OK": 146, "DWARF": 146} -> /out/regen_cpp_c0023.txt
--- lane finished, rc=0
2026-09-02T05:48:13Z
