=== op pipeline -- swift -- 400 candidate probes ===
2026-09-02T05:57:47Z
Swift version 6.0.3 (swift-6.0.3-RELEASE)
Target: x86_64-unknown-linux-gnu
GNU objdump (GNU Binutils for Ubuntu) 2.46
free /work: 4014 MB
payload bytes: 78259
op lane swift: 400 candidate probes
[progress] swift [25/400] elapsed 11.3s mean 0.45s  REFUSED 3 ACCEPTED 22 SHIP_OK 22 ANCHOR_OK 22 DWARF 22
[progress] swift [75/400] elapsed 30.7s mean 0.41s  REFUSED 22 ACCEPTED 53 SHIP_OK 53 ANCHOR_OK 53 DWARF 53
[progress] swift [100/400] elapsed 41.7s mean 0.42s  REFUSED 26 ACCEPTED 74 SHIP_OK 74 ANCHOR_OK 74 DWARF 74
[progress] swift [125/400] elapsed 49.1s mean 0.39s  REFUSED 40 ACCEPTED 85 SHIP_OK 85 ANCHOR_OK 85 DWARF 85
[progress] swift [150/400] elapsed 59.5s mean 0.40s  REFUSED 44 ACCEPTED 106 SHIP_OK 106 ANCHOR_OK 106 DWARF 106
[progress] swift [200/400] elapsed 76.4s mean 0.38s  REFUSED 62 ACCEPTED 138 SHIP_OK 138 ANCHOR_OK 138 DWARF 138
[progress] swift [225/400] elapsed 86.8s mean 0.39s  REFUSED 66 ACCEPTED 159 SHIP_OK 159 ANCHOR_OK 159 DWARF 159
[progress] swift [250/400] elapsed 97.1s mean 0.39s  REFUSED 70 ACCEPTED 180 SHIP_OK 180 ANCHOR_OK 180 DWARF 180
[progress] swift [275/400] elapsed 104.6s mean 0.38s  REFUSED 84 ACCEPTED 191 SHIP_OK 191 ANCHOR_OK 191 DWARF 191
[progress] swift [300/400] elapsed 115.2s mean 0.38s  REFUSED 88 ACCEPTED 212 SHIP_OK 212 ANCHOR_OK 212 DWARF 212
done: {"REFUSED": 179, "ACCEPTED": 221, "ANCHOR_OK": 221, "SHIP_OK": 221, "DWARF": 221} -> /out/regen_swift_c0002.txt
--- lane finished, rc=0
2026-09-02T06:00:02Z
