=== op pipeline -- cpp -- 400 candidate probes ===
2026-09-02T05:48:23Z
Ubuntu clang version 21.1.8 (6ubuntu1)
Target: x86_64-pc-linux-gnu
GNU objdump (GNU Binutils for Ubuntu) 2.46
free /work: 4048 MB
payload bytes: 95942
op lane cpp: 400 candidate probes
[progress] cpp [25/400] elapsed 1.1s mean 0.05s  REFUSED 24 ACCEPTED 1 SHIP_OK 1 ANCHOR_OK 1 DWARF 1
[progress] cpp [50/400] elapsed 2.7s mean 0.05s  REFUSED 39 ACCEPTED 11 SHIP_OK 11 ANCHOR_OK 11 DWARF 11
[progress] cpp [75/400] elapsed 4.6s mean 0.06s  REFUSED 48 ACCEPTED 27 SHIP_OK 27 ANCHOR_OK 27 DWARF 27
[progress] cpp [100/400] elapsed 6.0s mean 0.06s  REFUSED 67 ACCEPTED 33 SHIP_OK 33 ANCHOR_OK 33 DWARF 33
[progress] cpp [125/400] elapsed 7.9s mean 0.06s  REFUSED 74 ACCEPTED 51 SHIP_OK 51 ANCHOR_OK 51 DWARF 51
[progress] cpp [275/400] elapsed 14.8s mean 0.05s  REFUSED 207 ACCEPTED 68 SHIP_OK 68 ANCHOR_OK 68 DWARF 68
[progress] cpp [325/400] elapsed 17.8s mean 0.05s  REFUSED 235 ACCEPTED 90 SHIP_OK 90 ANCHOR_OK 90 DWARF 90
[progress] cpp [350/400] elapsed 19.7s mean 0.06s  REFUSED 242 ACCEPTED 108 SHIP_OK 108 ANCHOR_OK 108 DWARF 108
[progress] cpp [375/400] elapsed 21.0s mean 0.06s  REFUSED 261 ACCEPTED 114 SHIP_OK 114 ANCHOR_OK 114 DWARF 114
[progress] cpp [400/400] elapsed 22.9s mean 0.06s  REFUSED 268 ACCEPTED 132 SHIP_OK 132 ANCHOR_OK 132 DWARF 132
done: {"REFUSED": 268, "ACCEPTED": 132, "ANCHOR_OK": 132, "SHIP_OK": 132, "DWARF": 132} -> /out/regen_cpp_c0030.txt
--- lane finished, rc=0
2026-09-02T05:48:46Z
