=== op pipeline -- cpp -- 400 candidate probes ===
2026-09-02T05:55:42Z
Ubuntu clang version 21.1.8 (6ubuntu1)
Target: x86_64-pc-linux-gnu
GNU objdump (GNU Binutils for Ubuntu) 2.46
free /work: 4037 MB
payload bytes: 98555
op lane cpp: 400 candidate probes
[progress] cpp [25/400] elapsed 1.7s mean 0.07s  REFUSED 14 ACCEPTED 11 SHIP_OK 11 ANCHOR_OK 11 DWARF 11
[progress] cpp [75/400] elapsed 4.8s mean 0.06s  REFUSED 42 ACCEPTED 33 SHIP_OK 33 ANCHOR_OK 33 DWARF 33
[progress] cpp [100/400] elapsed 6.7s mean 0.07s  REFUSED 49 ACCEPTED 51 SHIP_OK 51 ANCHOR_OK 51 DWARF 51
[progress] cpp [125/400] elapsed 8.0s mean 0.06s  REFUSED 68 ACCEPTED 57 SHIP_OK 57 ANCHOR_OK 57 DWARF 57
[progress] cpp [150/400] elapsed 9.9s mean 0.07s  REFUSED 75 ACCEPTED 75 SHIP_OK 75 ANCHOR_OK 75 DWARF 75
[progress] cpp [300/400] elapsed 16.8s mean 0.06s  REFUSED 210 ACCEPTED 90 SHIP_OK 90 ANCHOR_OK 90 DWARF 90
[progress] cpp [325/400] elapsed 18.6s mean 0.06s  REFUSED 217 ACCEPTED 108 SHIP_OK 108 ANCHOR_OK 108 DWARF 108
[progress] cpp [350/400] elapsed 19.8s mean 0.06s  REFUSED 236 ACCEPTED 114 SHIP_OK 114 ANCHOR_OK 114 DWARF 114
[progress] cpp [375/400] elapsed 21.6s mean 0.06s  REFUSED 243 ACCEPTED 132 SHIP_OK 132 ANCHOR_OK 132 DWARF 132
done: {"REFUSED": 260, "ACCEPTED": 140, "ANCHOR_OK": 140, "SHIP_OK": 140, "DWARF": 140} -> /out/regen_cpp_c0150.txt
--- lane finished, rc=0
2026-09-02T05:56:05Z
