=== op pipeline -- cpp -- 400 candidate probes ===
2026-09-02T05:52:32Z
Ubuntu clang version 21.1.8 (6ubuntu1)
Target: x86_64-pc-linux-gnu
GNU objdump (GNU Binutils for Ubuntu) 2.46
free /work: 4042 MB
payload bytes: 96233
op lane cpp: 400 candidate probes
[progress] cpp [50/400] elapsed 3.2s mean 0.06s  REFUSED 27 ACCEPTED 23 SHIP_OK 23 ANCHOR_OK 23 DWARF 23
[progress] cpp [75/400] elapsed 5.1s mean 0.07s  REFUSED 34 ACCEPTED 41 SHIP_OK 41 ANCHOR_OK 41 DWARF 41
[progress] cpp [100/400] elapsed 6.4s mean 0.06s  REFUSED 53 ACCEPTED 47 SHIP_OK 47 ANCHOR_OK 47 DWARF 47
[progress] cpp [125/400] elapsed 8.4s mean 0.07s  REFUSED 60 ACCEPTED 65 SHIP_OK 65 ANCHOR_OK 65 DWARF 65
[progress] cpp [175/400] elapsed 11.4s mean 0.07s  REFUSED 86 ACCEPTED 89 SHIP_OK 89 ANCHOR_OK 89 DWARF 89
[progress] cpp [225/400] elapsed 14.7s mean 0.07s  REFUSED 112 ACCEPTED 113 SHIP_OK 113 ANCHOR_OK 113 DWARF 113
[progress] cpp [250/400] elapsed 16.5s mean 0.07s  REFUSED 122 ACCEPTED 128 SHIP_OK 128 ANCHOR_OK 128 DWARF 128
[progress] cpp [275/400] elapsed 17.9s mean 0.06s  REFUSED 139 ACCEPTED 136 SHIP_OK 136 ANCHOR_OK 136 DWARF 136
[progress] cpp [350/400] elapsed 23.1s mean 0.07s  REFUSED 172 ACCEPTED 178 SHIP_OK 178 ANCHOR_OK 178 DWARF 178
done: {"REFUSED": 199, "ACCEPTED": 201, "ANCHOR_OK": 201, "SHIP_OK": 201, "DWARF": 201} -> /out/regen_cpp_c0098.txt
--- lane finished, rc=0
2026-09-02T05:52:58Z
