=== op pipeline -- go -- 400 candidate probes ===
2026-09-02T05:40:44Z
go version go1.26.0 linux/amd64
GNU objdump (GNU Binutils for Ubuntu) 2.46
free /work: 4096 MB
payload bytes: 115425
op lane go: 400 candidate probes
[progress] go [25/400] elapsed 7.9s mean 0.32s  REFUSED 0 ACCEPTED 25 SHIP_OK 25 ANCHOR_OK 25 DWARF 25
[progress] go [125/400] elapsed 16.7s mean 0.13s  REFUSED 70 ACCEPTED 55 SHIP_OK 55 ANCHOR_OK 55 DWARF 55
[progress] go [150/400] elapsed 22.7s mean 0.15s  REFUSED 70 ACCEPTED 80 SHIP_OK 80 ANCHOR_OK 80 DWARF 80
[progress] go [175/400] elapsed 28.7s mean 0.16s  REFUSED 70 ACCEPTED 105 SHIP_OK 105 ANCHOR_OK 105 DWARF 105
[progress] go [200/400] elapsed 34.8s mean 0.17s  REFUSED 70 ACCEPTED 130 SHIP_OK 130 ANCHOR_OK 130 DWARF 130
[progress] go [225/400] elapsed 40.7s mean 0.18s  REFUSED 70 ACCEPTED 155 SHIP_OK 155 ANCHOR_OK 155 DWARF 155
[progress] go [250/400] elapsed 46.8s mean 0.19s  REFUSED 70 ACCEPTED 180 SHIP_OK 180 ANCHOR_OK 180 DWARF 180
[progress] go [275/400] elapsed 52.8s mean 0.19s  REFUSED 70 ACCEPTED 205 SHIP_OK 205 ANCHOR_OK 205 DWARF 205
[progress] go [300/400] elapsed 58.9s mean 0.20s  REFUSED 70 ACCEPTED 230 SHIP_OK 230 ANCHOR_OK 230 DWARF 230
[progress] go [325/400] elapsed 64.9s mean 0.20s  REFUSED 70 ACCEPTED 255 SHIP_OK 255 ANCHOR_OK 255 DWARF 255
[progress] go [350/400] elapsed 70.8s mean 0.20s  REFUSED 70 ACCEPTED 280 SHIP_OK 280 ANCHOR_OK 280 DWARF 280
[progress] go [375/400] elapsed 77.0s mean 0.21s  REFUSED 70 ACCEPTED 305 SHIP_OK 305 ANCHOR_OK 305 DWARF 305
[progress] go [400/400] elapsed 83.0s mean 0.21s  REFUSED 70 ACCEPTED 330 SHIP_OK 330 ANCHOR_OK 330 DWARF 330
done: {"REFUSED": 70, "ACCEPTED": 330, "ANCHOR_OK": 330, "SHIP_OK": 330, "DWARF": 330} -> /out/regen_go_c0000.txt
--- lane finished, rc=0
2026-09-02T05:42:07Z
