=== op pipeline -- c -- 400 candidate probes ===
2026-09-02T05:45:34Z
Ubuntu clang version 21.1.8 (6ubuntu1)
Target: x86_64-pc-linux-gnu
GNU objdump (GNU Binutils for Ubuntu) 2.46
free /work: 4055 MB
payload bytes: 104900
op lane c: 400 candidate probes
[progress] c [50/400] elapsed 1.4s mean 0.03s  REFUSED 28 ACCEPTED 22 SHIP_OK 22 ANCHOR_OK 22 DWARF 22
[progress] c [75/400] elapsed 2.2s mean 0.03s  REFUSED 38 ACCEPTED 37 SHIP_OK 37 ANCHOR_OK 37 DWARF 37
[progress] c [100/400] elapsed 2.8s mean 0.03s  REFUSED 57 ACCEPTED 43 SHIP_OK 43 ANCHOR_OK 43 DWARF 43
[progress] c [125/400] elapsed 3.7s mean 0.03s  REFUSED 67 ACCEPTED 58 SHIP_OK 58 ANCHOR_OK 58 DWARF 58
[progress] c [275/400] elapsed 6.6s mean 0.02s  REFUSED 202 ACCEPTED 73 SHIP_OK 73 ANCHOR_OK 73 DWARF 73
[progress] c [300/400] elapsed 7.4s mean 0.02s  REFUSED 212 ACCEPTED 88 SHIP_OK 88 ANCHOR_OK 88 DWARF 88
[progress] c [325/400] elapsed 8.0s mean 0.02s  REFUSED 231 ACCEPTED 94 SHIP_OK 94 ANCHOR_OK 94 DWARF 94
[progress] c [350/400] elapsed 8.8s mean 0.03s  REFUSED 241 ACCEPTED 109 SHIP_OK 109 ANCHOR_OK 109 DWARF 109
[progress] c [400/400] elapsed 10.2s mean 0.03s  REFUSED 270 ACCEPTED 130 SHIP_OK 130 ANCHOR_OK 130 DWARF 130
done: {"REFUSED": 270, "ACCEPTED": 130, "ANCHOR_OK": 130, "SHIP_OK": 130, "DWARF": 130} -> /out/regen_c_c0092.txt
--- lane finished, rc=0
2026-09-02T05:45:45Z
