=== op pipeline -- rust -- 400 candidate probes ===
2026-09-02T05:57:32Z
rustc 1.96.1 (31fca3adb 2026-06-26)
GNU objdump (GNU Binutils for Ubuntu) 2.46
free /work: 4014 MB
payload bytes: 78419
op lane rust: 400 candidate probes
[progress] rust [25/400] elapsed 1.4s mean 0.05s  REFUSED 0 ACCEPTED 25 SHIP_OK 25 ANCHOR_OK 25 DWARF 25
[progress] rust [50/400] elapsed 2.7s mean 0.05s  REFUSED 0 ACCEPTED 50 SHIP_OK 50 ANCHOR_OK 50 DWARF 50
[progress] rust [75/400] elapsed 4.0s mean 0.05s  REFUSED 0 ACCEPTED 75 SHIP_OK 75 ANCHOR_OK 75 DWARF 75
[progress] rust [100/400] elapsed 5.4s mean 0.05s  REFUSED 0 ACCEPTED 100 SHIP_OK 100 ANCHOR_OK 100 DWARF 100
[progress] rust [125/400] elapsed 6.7s mean 0.05s  REFUSED 0 ACCEPTED 125 SHIP_OK 125 ANCHOR_OK 125 DWARF 125
[progress] rust [150/400] elapsed 8.0s mean 0.05s  REFUSED 0 ACCEPTED 150 SHIP_OK 150 ANCHOR_OK 150 DWARF 150
[progress] rust [175/400] elapsed 9.3s mean 0.05s  REFUSED 0 ACCEPTED 175 SHIP_OK 175 ANCHOR_OK 175 DWARF 175
[progress] rust [200/400] elapsed 10.6s mean 0.05s  REFUSED 0 ACCEPTED 200 SHIP_OK 200 ANCHOR_OK 200 DWARF 200
[progress] rust [225/400] elapsed 11.9s mean 0.05s  REFUSED 0 ACCEPTED 225 SHIP_OK 225 ANCHOR_OK 225 DWARF 225
[progress] rust [250/400] elapsed 13.2s mean 0.05s  REFUSED 0 ACCEPTED 250 SHIP_OK 250 ANCHOR_OK 250 DWARF 250
[progress] rust [275/400] elapsed 14.7s mean 0.05s  REFUSED 0 ACCEPTED 275 SHIP_OK 275 ANCHOR_OK 275 DWARF 275
done: {"REFUSED": 100, "ACCEPTED": 300, "ANCHOR_OK": 300, "SHIP_OK": 300, "DWARF": 300} -> /out/regen_rust_c0002.txt
--- lane finished, rc=0
2026-09-02T05:57:51Z
