=== op pipeline -- c -- 400 candidate probes ===
2026-09-02T05:42:26Z
Ubuntu clang version 21.1.8 (6ubuntu1)
Target: x86_64-pc-linux-gnu
GNU objdump (GNU Binutils for Ubuntu) 2.46
free /work: 4065 MB
payload bytes: 87741
op lane c: 400 candidate probes
[progress] c [75/400] elapsed 2.2s mean 0.03s  REFUSED 45 ACCEPTED 30 SHIP_OK 30 ANCHOR_OK 30 DWARF 30
[progress] c [100/400] elapsed 3.0s mean 0.03s  REFUSED 56 ACCEPTED 44 SHIP_OK 44 ANCHOR_OK 44 DWARF 44
[progress] c [125/400] elapsed 3.6s mean 0.03s  REFUSED 75 ACCEPTED 50 SHIP_OK 50 ANCHOR_OK 50 DWARF 50
[progress] c [150/400] elapsed 4.4s mean 0.03s  REFUSED 85 ACCEPTED 65 SHIP_OK 65 ANCHOR_OK 65 DWARF 65
[progress] c [200/400] elapsed 5.7s mean 0.03s  REFUSED 114 ACCEPTED 86 SHIP_OK 86 ANCHOR_OK 86 DWARF 86
[progress] c [300/400] elapsed 7.8s mean 0.03s  REFUSED 196 ACCEPTED 104 SHIP_OK 104 ANCHOR_OK 104 DWARF 104
[progress] c [350/400] elapsed 9.3s mean 0.03s  REFUSED 224 ACCEPTED 126 SHIP_OK 126 ANCHOR_OK 126 DWARF 126
[progress] c [375/400] elapsed 10.1s mean 0.03s  REFUSED 234 ACCEPTED 141 SHIP_OK 141 ANCHOR_OK 141 DWARF 141
[progress] c [400/400] elapsed 10.7s mean 0.03s  REFUSED 253 ACCEPTED 147 SHIP_OK 147 ANCHOR_OK 147 DWARF 147
done: {"REFUSED": 253, "ACCEPTED": 147, "ANCHOR_OK": 147, "SHIP_OK": 147, "DWARF": 147} -> /out/regen_c_c0000.txt
--- lane finished, rc=0
2026-09-02T05:42:36Z
