=== op pipeline -- cpp -- 400 candidate probes ===
2026-09-02T05:51:55Z
Ubuntu clang version 21.1.8 (6ubuntu1)
Target: x86_64-pc-linux-gnu
GNU objdump (GNU Binutils for Ubuntu) 2.46
free /work: 4043 MB
payload bytes: 95737
op lane cpp: 400 candidate probes
[progress] cpp [25/400] elapsed 2.0s mean 0.08s  REFUSED 7 ACCEPTED 18 SHIP_OK 18 ANCHOR_OK 18 DWARF 18
[progress] cpp [75/400] elapsed 5.2s mean 0.07s  REFUSED 33 ACCEPTED 42 SHIP_OK 42 ANCHOR_OK 42 DWARF 42
[progress] cpp [125/400] elapsed 8.4s mean 0.07s  REFUSED 59 ACCEPTED 66 SHIP_OK 66 ANCHOR_OK 66 DWARF 66
[progress] cpp [175/400] elapsed 11.6s mean 0.07s  REFUSED 84 ACCEPTED 91 SHIP_OK 91 ANCHOR_OK 91 DWARF 91
[progress] cpp [225/400] elapsed 14.7s mean 0.07s  REFUSED 112 ACCEPTED 113 SHIP_OK 113 ANCHOR_OK 113 DWARF 113
[progress] cpp [250/400] elapsed 16.5s mean 0.07s  REFUSED 119 ACCEPTED 131 SHIP_OK 131 ANCHOR_OK 131 DWARF 131
[progress] cpp [275/400] elapsed 17.8s mean 0.06s  REFUSED 138 ACCEPTED 137 SHIP_OK 137 ANCHOR_OK 137 DWARF 137
[progress] cpp [300/400] elapsed 19.8s mean 0.07s  REFUSED 145 ACCEPTED 155 SHIP_OK 155 ANCHOR_OK 155 DWARF 155
[progress] cpp [350/400] elapsed 23.2s mean 0.07s  REFUSED 171 ACCEPTED 179 SHIP_OK 179 ANCHOR_OK 179 DWARF 179
done: {"REFUSED": 197, "ACCEPTED": 203, "ANCHOR_OK": 203, "SHIP_OK": 203, "DWARF": 203} -> /out/regen_cpp_c0090.txt
--- lane finished, rc=0
2026-09-02T05:52:22Z
