=== op pipeline -- cpp -- 400 candidate probes ===
2026-09-02T05:47:23Z
Ubuntu clang version 21.1.8 (6ubuntu1)
Target: x86_64-pc-linux-gnu
GNU objdump (GNU Binutils for Ubuntu) 2.46
free /work: 4050 MB
payload bytes: 94297
op lane cpp: 400 candidate probes
[progress] cpp [25/400] elapsed 1.7s mean 0.07s  REFUSED 11 ACCEPTED 14 SHIP_OK 14 ANCHOR_OK 14 DWARF 14
[progress] cpp [75/400] elapsed 5.1s mean 0.07s  REFUSED 36 ACCEPTED 39 SHIP_OK 39 ANCHOR_OK 39 DWARF 39
[progress] cpp [125/400] elapsed 8.2s mean 0.07s  REFUSED 64 ACCEPTED 61 SHIP_OK 61 ANCHOR_OK 61 DWARF 61
[progress] cpp [150/400] elapsed 10.1s mean 0.07s  REFUSED 71 ACCEPTED 79 SHIP_OK 79 ANCHOR_OK 79 DWARF 79
[progress] cpp [175/400] elapsed 11.4s mean 0.07s  REFUSED 90 ACCEPTED 85 SHIP_OK 85 ANCHOR_OK 85 DWARF 85
[progress] cpp [200/400] elapsed 13.2s mean 0.07s  REFUSED 97 ACCEPTED 103 SHIP_OK 103 ANCHOR_OK 103 DWARF 103
[progress] cpp [250/400] elapsed 16.3s mean 0.07s  REFUSED 123 ACCEPTED 127 SHIP_OK 127 ANCHOR_OK 127 DWARF 127
[progress] cpp [350/400] elapsed 22.7s mean 0.06s  REFUSED 176 ACCEPTED 174 SHIP_OK 174 ANCHOR_OK 174 DWARF 174
[progress] cpp [375/400] elapsed 24.8s mean 0.07s  REFUSED 183 ACCEPTED 192 SHIP_OK 192 ANCHOR_OK 192 DWARF 192
[progress] cpp [400/400] elapsed 26.0s mean 0.07s  REFUSED 202 ACCEPTED 198 SHIP_OK 198 ANCHOR_OK 198 DWARF 198
done: {"REFUSED": 202, "ACCEPTED": 198, "ANCHOR_OK": 198, "SHIP_OK": 198, "DWARF": 198} -> /out/regen_cpp_c0013.txt
--- lane finished, rc=0
2026-09-02T05:47:49Z
