=== op pipeline -- cpp -- 400 candidate probes ===
2026-09-02T05:49:10Z
Ubuntu clang version 21.1.8 (6ubuntu1)
Target: x86_64-pc-linux-gnu
GNU objdump (GNU Binutils for Ubuntu) 2.46
free /work: 4047 MB
payload bytes: 97792
op lane cpp: 400 candidate probes
[progress] cpp [50/400] elapsed 3.5s mean 0.07s  REFUSED 22 ACCEPTED 28 SHIP_OK 28 ANCHOR_OK 28 DWARF 28
[progress] cpp [75/400] elapsed 5.1s mean 0.07s  REFUSED 37 ACCEPTED 38 SHIP_OK 38 ANCHOR_OK 38 DWARF 38
[progress] cpp [100/400] elapsed 6.9s mean 0.07s  REFUSED 46 ACCEPTED 54 SHIP_OK 54 ANCHOR_OK 54 DWARF 54
[progress] cpp [125/400] elapsed 8.2s mean 0.07s  REFUSED 65 ACCEPTED 60 SHIP_OK 60 ANCHOR_OK 60 DWARF 60
[progress] cpp [150/400] elapsed 10.1s mean 0.07s  REFUSED 72 ACCEPTED 78 SHIP_OK 78 ANCHOR_OK 78 DWARF 78
[progress] cpp [300/400] elapsed 17.1s mean 0.06s  REFUSED 205 ACCEPTED 95 SHIP_OK 95 ANCHOR_OK 95 DWARF 95
[progress] cpp [350/400] elapsed 20.2s mean 0.06s  REFUSED 233 ACCEPTED 117 SHIP_OK 117 ANCHOR_OK 117 DWARF 117
[progress] cpp [375/400] elapsed 22.2s mean 0.06s  REFUSED 240 ACCEPTED 135 SHIP_OK 135 ANCHOR_OK 135 DWARF 135
[progress] cpp [400/400] elapsed 23.5s mean 0.06s  REFUSED 259 ACCEPTED 141 SHIP_OK 141 ANCHOR_OK 141 DWARF 141
done: {"REFUSED": 259, "ACCEPTED": 141, "ANCHOR_OK": 141, "SHIP_OK": 141, "DWARF": 141} -> /out/regen_cpp_c0044.txt
--- lane finished, rc=0
2026-09-02T05:49:34Z
