=== op pipeline -- cpp -- 400 candidate probes ===
2026-09-02T05:55:06Z
Ubuntu clang version 21.1.8 (6ubuntu1)
Target: x86_64-pc-linux-gnu
GNU objdump (GNU Binutils for Ubuntu) 2.46
free /work: 4038 MB
payload bytes: 96700
op lane cpp: 400 candidate probes
[progress] cpp [100/400] elapsed 4.4s mean 0.04s  REFUSED 93 ACCEPTED 7 SHIP_OK 7 ANCHOR_OK 7 DWARF 7
[progress] cpp [125/400] elapsed 6.3s mean 0.05s  REFUSED 100 ACCEPTED 25 SHIP_OK 25 ANCHOR_OK 25 DWARF 25
[progress] cpp [150/400] elapsed 7.6s mean 0.05s  REFUSED 119 ACCEPTED 31 SHIP_OK 31 ANCHOR_OK 31 DWARF 31
[progress] cpp [175/400] elapsed 9.6s mean 0.05s  REFUSED 126 ACCEPTED 49 SHIP_OK 49 ANCHOR_OK 49 DWARF 49
[progress] cpp [225/400] elapsed 12.9s mean 0.06s  REFUSED 152 ACCEPTED 73 SHIP_OK 73 ANCHOR_OK 73 DWARF 73
[progress] cpp [275/400] elapsed 16.2s mean 0.06s  REFUSED 178 ACCEPTED 97 SHIP_OK 97 ANCHOR_OK 97 DWARF 97
[progress] cpp [300/400] elapsed 18.1s mean 0.06s  REFUSED 188 ACCEPTED 112 SHIP_OK 112 ANCHOR_OK 112 DWARF 112
[progress] cpp [325/400] elapsed 19.4s mean 0.06s  REFUSED 205 ACCEPTED 120 SHIP_OK 120 ANCHOR_OK 120 DWARF 120
[progress] cpp [400/400] elapsed 24.6s mean 0.06s  REFUSED 238 ACCEPTED 162 SHIP_OK 162 ANCHOR_OK 162 DWARF 162
done: {"REFUSED": 238, "ACCEPTED": 162, "ANCHOR_OK": 162, "SHIP_OK": 162, "DWARF": 162} -> /out/regen_cpp_c0140.txt
--- lane finished, rc=0
2026-09-02T05:55:31Z
