=== op pipeline -- swift -- 400 candidate probes ===
2026-09-02T05:57:46Z
Swift version 6.0.3 (swift-6.0.3-RELEASE)
Target: x86_64-unknown-linux-gnu
GNU objdump (GNU Binutils for Ubuntu) 2.46
free /work: 4010 MB
payload bytes: 76506
op lane swift: 400 candidate probes
[progress] swift [25/400] elapsed 11.1s mean 0.44s  REFUSED 4 ACCEPTED 21 SHIP_OK 21 ANCHOR_OK 21 DWARF 21
[progress] swift [50/400] elapsed 22.6s mean 0.45s  REFUSED 8 ACCEPTED 42 SHIP_OK 42 ANCHOR_OK 42 DWARF 42
[progress] swift [75/400] elapsed 31.5s mean 0.42s  REFUSED 22 ACCEPTED 53 SHIP_OK 53 ANCHOR_OK 53 DWARF 53
[progress] swift [100/400] elapsed 43.1s mean 0.43s  REFUSED 26 ACCEPTED 74 SHIP_OK 74 ANCHOR_OK 74 DWARF 74
[progress] swift [125/400] elapsed 52.5s mean 0.42s  REFUSED 30 ACCEPTED 95 SHIP_OK 95 ANCHOR_OK 95 DWARF 95
[progress] swift [150/400] elapsed 60.0s mean 0.40s  REFUSED 44 ACCEPTED 106 SHIP_OK 106 ANCHOR_OK 106 DWARF 106
[progress] swift [175/400] elapsed 70.2s mean 0.40s  REFUSED 48 ACCEPTED 127 SHIP_OK 127 ANCHOR_OK 127 DWARF 127
[progress] swift [200/400] elapsed 80.5s mean 0.40s  REFUSED 52 ACCEPTED 148 SHIP_OK 148 ANCHOR_OK 148 DWARF 148
[progress] swift [225/400] elapsed 87.7s mean 0.39s  REFUSED 66 ACCEPTED 159 SHIP_OK 159 ANCHOR_OK 159 DWARF 159
[progress] swift [275/400] elapsed 107.6s mean 0.39s  REFUSED 74 ACCEPTED 201 SHIP_OK 201 ANCHOR_OK 201 DWARF 201
[progress] swift [300/400] elapsed 114.7s mean 0.38s  REFUSED 88 ACCEPTED 212 SHIP_OK 212 ANCHOR_OK 212 DWARF 212
[progress] swift [325/400] elapsed 125.3s mean 0.39s  REFUSED 92 ACCEPTED 233 SHIP_OK 233 ANCHOR_OK 233 DWARF 233
[progress] swift [375/400] elapsed 142.7s mean 0.38s  REFUSED 111 ACCEPTED 264 SHIP_OK 264 ANCHOR_OK 264 DWARF 264
[progress] swift [400/400] elapsed 153.2s mean 0.38s  REFUSED 115 ACCEPTED 285 SHIP_OK 285 ANCHOR_OK 285 DWARF 285
done: {"REFUSED": 115, "ACCEPTED": 285, "ANCHOR_OK": 285, "SHIP_OK": 285, "DWARF": 285} -> /out/regen_swift_c0001.txt
--- lane finished, rc=0
2026-09-02T06:00:20Z
