=== op pipeline -- c -- 400 candidate probes ===
2026-09-02T05:44:45Z
Ubuntu clang version 21.1.8 (6ubuntu1)
Target: x86_64-pc-linux-gnu
GNU objdump (GNU Binutils for Ubuntu) 2.46
free /work: 4058 MB
payload bytes: 103592
op lane c: 400 candidate probes
[progress] c [50/400] elapsed 0.9s mean 0.02s  REFUSED 48 ACCEPTED 2 SHIP_OK 2 ANCHOR_OK 2 DWARF 2
[progress] c [75/400] elapsed 1.5s mean 0.02s  REFUSED 66 ACCEPTED 9 SHIP_OK 9 ANCHOR_OK 9 DWARF 9
[progress] c [100/400] elapsed 2.4s mean 0.02s  REFUSED 75 ACCEPTED 25 SHIP_OK 25 ANCHOR_OK 25 DWARF 25
[progress] c [125/400] elapsed 2.9s mean 0.02s  REFUSED 94 ACCEPTED 31 SHIP_OK 31 ANCHOR_OK 31 DWARF 31
[progress] c [150/400] elapsed 3.7s mean 0.02s  REFUSED 104 ACCEPTED 46 SHIP_OK 46 ANCHOR_OK 46 DWARF 46
[progress] c [200/400] elapsed 5.1s mean 0.03s  REFUSED 133 ACCEPTED 67 SHIP_OK 67 ANCHOR_OK 67 DWARF 67
[progress] c [350/400] elapsed 8.0s mean 0.02s  REFUSED 268 ACCEPTED 82 SHIP_OK 82 ANCHOR_OK 82 DWARF 82
[progress] c [375/400] elapsed 8.8s mean 0.02s  REFUSED 278 ACCEPTED 97 SHIP_OK 97 ANCHOR_OK 97 DWARF 97
[progress] c [400/400] elapsed 9.4s mean 0.02s  REFUSED 297 ACCEPTED 103 SHIP_OK 103 ANCHOR_OK 103 DWARF 103
done: {"REFUSED": 297, "ACCEPTED": 103, "ANCHOR_OK": 103, "SHIP_OK": 103, "DWARF": 103} -> /out/regen_c_c0007.txt
--- lane finished, rc=0
2026-09-02T05:44:55Z
