clauses 339; emitted definitions 4750; lean-sail indexed 149
classes that were UNDECIDED: 35
reaching equals: 35; of those the bridge applies to: 33
  au_174_c_not_i32               UNDECIDED none            12.1s  bridge=2  covers 3
  au_271_c_mul_i32_i32           UNDECIDED none            11.0s  bridge=0  covers 3
  au_311_c_lor_i32_i32           UNDECIDED none            16.3s  bridge=2  covers 3
  au_312_c_lor_i32_i64           UNDECIDED none            13.1s  bridge=2  covers 6
  au_314_c_lor_i32_bool          UNDECIDED none            17.3s  bridge=2  covers 3
  au_315_c_lor_i64_i32           UNDECIDED none            13.2s  bridge=2  covers 6
  au_323_c_lor_bool_i32          UNDECIDED none            16.8s  bridge=2  covers 3
  au_327_c_land_i32_i32          UNDECIDED none            20.1s  bridge=2  covers 3
  au_328_c_land_i32_i64          UNDECIDED none            17.0s  bridge=2  covers 6
  au_331_c_land_i64_i32          UNDECIDED none            16.8s  bridge=2  covers 6
  au_391_c_eq_i32_i32            UNDECIDED none            14.9s  bridge=2  covers 3
  au_392_c_eq_i32_i64            UNDECIDED none            12.9s  bridge=2  covers 4
  au_394_c_eq_i32_bool           UNDECIDED none            14.1s  bridge=2  covers 2
  au_395_c_eq_i64_i32            UNDECIDED none            13.0s  bridge=2  covers 4
  au_403_c_eq_bool_i32           UNDECIDED none            14.0s  bridge=2  covers 2
  au_407_c_ne_i32_i32            UNDECIDED none            18.2s  bridge=2  covers 4
  au_408_c_ne_i32_i64            UNDECIDED none            13.1s  bridge=2  covers 5
  au_417_go_not_bool             UNDECIDED none             9.0s  bridge=4  covers 1
  au_425_go_mul_i32_i32          UNDECIDED none            11.3s  bridge=0  covers 1
  au_445_go_shr_i32_u64          UNDECIDED none             9.5s  bridge=4  covers 1
  au_448_go_shr_i64_u64          UNDECIDED none             9.2s  bridge=4  covers 1
  au_470_go_eq_i32_i32           UNDECIDED none            17.7s  bridge=2  covers 1
  au_471_go_eq_i64_i64           UNDECIDED none            10.3s  bridge=2  covers 2
  au_473_go_eq_bool_bool         UNDECIDED none            12.8s  bridge=4  covers 1
  au_474_go_ne_i32_i32           UNDECIDED none            19.3s  bridge=2  covers 1
  au_475_go_ne_i64_i64           UNDECIDED none            10.0s  bridge=2  covers 2
  au_477_go_ne_bool_bool         UNDECIDED none            13.2s  bridge=2  covers 1
  au_478_go_lt_i32_i32           UNDECIDED none             8.3s  bridge=2  covers 1
  au_481_go_le_i32_i32           UNDECIDED none             8.5s  bridge=2  covers 1
  au_482_go_le_i64_i64           UNDECIDED none            15.6s  bridge=2  covers 1
  au_483_go_le_u64_u64           UNDECIDED none            16.1s  bridge=2  covers 1
  au_484_go_gt_i32_i32           UNDECIDED none             8.0s  bridge=2  covers 1
  au_487_go_ge_i32_i32           UNDECIDED none             8.5s  bridge=2  covers 1
  au_488_go_ge_i64_i64           UNDECIDED none            15.0s  bridge=2  covers 1
  au_489_go_ge_u64_u64           UNDECIDED none            15.5s  bridge=2  covers 1

OF THE 35 THAT WERE UNDECIDED:
  UNDECIDED     35 classes  covering  86 arch-units

MOVED by the bridge: 0 classes, 0 arch-units
guard: clean
