  operator_for keys usable in cpp: 3
  ZIMOP_MOP_RR__one            REFUSED  no key of operator_for matches: (zeros (n := 64))
  ZIMOP_MOP_R__one             REFUSED  no key of operator_for matches: (zeros (n := 64))
  ZBS_RTYPE__BCLR              REFUSED  no key of operator_for matches: (rs1_val &&& (Complement.complement (shift_bits_
  ZBS_RTYPE__BEXT              REFUSED  no key of operator_for matches: (zero_extend (m := 64) (bool_to_bit ((rs1_val &&
  ZBS_RTYPE__BINV              REFUSED  no key of operator_for matches: (shift_bits_left (zero_extend (m := 64) 1#1) (Sa
  ZBS_RTYPE__BSET              REFUSED  no key of operator_for matches: (rs1_val ||| (shift_bits_left (zero_extend (m :=
  ZBS_IOP__BCLRI               REFUSED  no key of operator_for matches: (rs1_val &&& (Complement.complement (shift_bits_
  ZBS_IOP__BEXTI               REFUSED  no key of operator_for matches: (zero_extend (m := 64) (bool_to_bit ((rs1_val &&
  ZBS_IOP__BINVI               REFUSED  no key of operator_for matches: (shift_bits_left (zero_extend (m := 64) 1#1) sha
  ZBS_IOP__BSETI               REFUSED  no key of operator_for matches: (rs1_val ||| (shift_bits_left (zero_extend (m :=
  ZBKB_RTYPE__PACK             REFUSED  no key of operator_for matches: ((Sail.BitVec.extractLsb rs2_val ((xlen_bytes *i
  ZBKB_RTYPE__PACKH            REFUSED  no key of operator_for matches: (zero_extend (m := 64) ((Sail.BitVec.extractLsb 
  ZBB_RTYPEW__one              REFUSED  no key of operator_for matches: (sign_extend (m := 64) (match op with | .ROLW =>
  ZBB_RTYPE__ANDN              REFUSED  no key of operator_for matches: (rs1_val &&& (Complement.complement rs2_val))
  ZBB_RTYPE__ORN               REFUSED  no key of operator_for matches: (rs1_val ||| (Complement.complement rs2_val))
  ZBB_RTYPE__XNOR              REFUSED  no key of operator_for matches: (Complement.complement (rs1_val ^^^ rs2_val))
  ZBB_RTYPE__MAX               REFUSED  no key of operator_for matches: (if ((zopz0zK_s rs1_val rs2_val) : Bool) then rs
  ZBB_RTYPE__MAXU              REFUSED  no key of operator_for matches: (if ((zopz0zK_u rs1_val rs2_val) : Bool) then rs
  ZBB_RTYPE__MIN               REFUSED  no key of operator_for matches: (if ((zopz0zI_s rs1_val rs2_val) : Bool) then rs
  ZBB_RTYPE__MINU              REFUSED  no key of operator_for matches: (if ((zopz0zI_u rs1_val rs2_val) : Bool) then rs
  ZBB_RTYPE__ROL               REFUSED  no key of operator_for matches: (rotate_bits_left rs1_val (Sail.BitVec.extractLs
  ZBB_RTYPE__ROR               REFUSED  no key of operator_for matches: (rotate_bits_right rs1_val (Sail.BitVec.extractL
  ZBB_EXTOP__SEXTB             REFUSED  no key of operator_for matches: (sign_extend (m := 64) (Sail.BitVec.extractLsb r
  ZBB_EXTOP__SEXTH             REFUSED  no key of operator_for matches: (sign_extend (m := 64) (Sail.BitVec.extractLsb r
  ZBB_EXTOP__ZEXTH             REFUSED  no key of operator_for matches: (zero_extend (m := 64) (Sail.BitVec.extractLsb r
  ZBA_RTYPEUW__one             REFUSED  no key of operator_for matches: ((shift_bits_left (zero_extend (m := 64) (Sail.B
  ZBA_RTYPE__one               REFUSED  no key of operator_for matches: ((shift_bits_left v_rs1 shamt) + v_rs2)
  SLLIUW__one                  REFUSED  no key of operator_for matches: (shift_bits_left (zero_extend (m := 64) (Sail.Bi
  SHIFTIWOP__one               REFUSED  no key of operator_for matches: (sign_extend (m := 64) (match op with | .SLLIW =
  SHIFTIOP__SLLI               REFUSED  no key of operator_for matches: (shift_bits_left v_rs1 (Sail.BitVec.extractLsb s
  SHIFTIOP__SRLI               REFUSED  no key of operator_for matches: (shift_bits_right v_rs1 (Sail.BitVec.extractLsb 
  SHIFTIOP__SRAI               op_721(a, shamt)
  SHA512SUM1R__one             REFUSED  no key of operator_for matches: (sign_extend (m := 64) ((v_rs1 <<< 23) ^^^ ((v_r
  SHA512SUM0R__one             REFUSED  no key of operator_for matches: (sign_extend (m := 64) ((v_rs1 <<< 25) ^^^ ((v_r
  SHA512SIG1L__one             REFUSED  no key of operator_for matches: (sign_extend (m := 64) ((v_rs1 <<< 3) ^^^ ((v_rs
  SHA512SIG1H__one             REFUSED  no key of operator_for matches: (sign_extend (m := 64) ((v_rs1 <<< 3) ^^^ ((v_rs
  SHA512SIG0L__one             REFUSED  no key of operator_for matches: (sign_extend (m := 64) ((v_rs1 >>> 1) ^^^ ((v_rs
  SHA512SIG0H__one             REFUSED  no key of operator_for matches: (sign_extend (m := 64) ((v_rs1 >>> 1) ^^^ ((v_rs
  RTYPEW__one                  REFUSED  no key of operator_for matches: (sign_extend (m := 64) (match op with | .ADDW =>
  RTYPE__ADD                   REFUSED  no key of operator_for matches: (v_rs1 + v_rs2)
  RTYPE__SLT                   REFUSED  no key of operator_for matches: (zero_extend (m := 64) (bool_to_bit (zopz0zI_s v
  RTYPE__SLTU                  REFUSED  no key of operator_for matches: (zero_extend (m := 64) (bool_to_bit (zopz0zI_u v
  RTYPE__AND                   REFUSED  no key of operator_for matches: (v_rs1 &&& v_rs2)
  RTYPE__OR                    REFUSED  no key of operator_for matches: (v_rs1 ||| v_rs2)
  RTYPE__XOR                   op_397(a, b)
  RTYPE__SLL                   REFUSED  no key of operator_for matches: (shift_bits_left v_rs1 (Sail.BitVec.extractLsb v
  RTYPE__SRL                   REFUSED  no key of operator_for matches: (shift_bits_right v_rs1 (Sail.BitVec.extractLsb 
  RTYPE__SUB                   op_146(a, b)
  RTYPE__SRA                   op_721(a, b)
  RORIW__one                   REFUSED  no key of operator_for matches: (sign_extend (m := 64) (rotate_bits_right (Sail.
  RORI__one                    REFUSED  no key of operator_for matches: (rotate_bits_right v_rs1 (Sail.BitVec.extractLsb
  REV8__one                    REFUSED  no key of operator_for matches: (rev8 v_rs1)
  REMW__one                    REFUSED  no key of operator_for matches: (sign_extend (m := 64) (to_bits_truncate (l := 3
  REM__one                     REFUSED  no key of operator_for matches: (to_bits_truncate (l := 64) (if (((if (is_unsign
  MULW__one                    REFUSED  no key of operator_for matches: (sign_extend (m := 64) (to_bits_truncate (l := 3
  MUL__one                     REFUSED  no key of operator_for matches: (mult_to_bits_half (l := xlen) mul_op.signed_rs1
  ITYPE__ADDI                  REFUSED  no key of operator_for matches: (v_rs1 + (sign_extend (m := 64) imm))
  ITYPE__SLTI                  REFUSED  no key of operator_for matches: (zero_extend (m := 64) (bool_to_bit (zopz0zI_s v
  ITYPE__SLTIU                 REFUSED  no key of operator_for matches: (zero_extend (m := 64) (bool_to_bit (zopz0zI_u v
  ITYPE__ANDI                  REFUSED  no key of operator_for matches: (v_rs1 &&& (sign_extend (m := 64) imm))
  ITYPE__ORI                   REFUSED  no key of operator_for matches: (v_rs1 ||| (sign_extend (m := 64) imm))
  ITYPE__XORI                  REFUSED  no key of operator_for matches: (sign_extend (m := 64) imm)
  DIVW__one                    REFUSED  no key of operator_for matches: (sign_extend (m := 64) (to_bits_truncate (l := 3
  DIV__one                     REFUSED  no key of operator_for matches: (to_bits_truncate (l := 64) (if (((not is_unsign
  C_ZEXT_B__one                REFUSED  no key of operator_for matches: (zero_extend (m := 64) (Sail.BitVec.extractLsb v
  C_NOT__one                   REFUSED  no key of operator_for matches: (Complement.complement v_r)
  CTZW__one                    REFUSED  no key of operator_for matches: (to_bits (l := 64) (BitVec.countTrailingZeros (S
  CTZ__one                     REFUSED  no key of operator_for matches: (to_bits (l := 64) (BitVec.countTrailingZeros v_
  CLZW__one                    REFUSED  no key of operator_for matches: (to_bits (l := 64) (BitVec.countLeadingZeros (Sa
  CLZ__one                     REFUSED  no key of operator_for matches: (to_bits (l := 64) (BitVec.countLeadingZeros v_r
  CLMULR__one                  REFUSED  no key of operator_for matches: (carryless_mulr v_rs1 v_rs2)
  CLMULH__one                  REFUSED  no key of operator_for matches: (Sail.BitVec.extractLsb (carryless_mul v_rs1 v_r
  CLMUL__one                   REFUSED  no key of operator_for matches: (Sail.BitVec.extractLsb (carryless_mul v_rs1 v_r
  BREV8__one                   REFUSED  no key of operator_for matches: (brev8 v_rs1)
  ADDIW__one                   REFUSED  no key of operator_for matches: (sign_extend (m := 64) (Sail.BitVec.extractLsb (
  render: 4 emulations written, 71 refused
