[1/7] this lane fetches nothing: http_proxy=unset; the sail it uses, LITERAL
  at 2026-09-14T00:03:19Z
  which sail: /persist/opam/default/bin/sail
  sail --version: Sail 0.20.2 (HEAD @ 5745ea9e5369ab4fc51de6f8b773dd8ebc323357)
  sail --dir: /persist/opam/default/bin/../share/sail
  z3: /opt/venv/bin/z3 Z3 version 5.1.0 - 64 bit
  the model: /opt/sail-riscv-src (the image's configured clone)
  model commit 3243f93905c1de3504e910f76c07f96fef1394d7 2026-09-09 21:47:21 +0000 Refactor the `vmem_utils` public API to require the effective privilege and pointer masking width.  (#1932)
  /sources/sail-riscv (the mounted source, for the record): 3243f93 2026-09-09 21:47:21 +0000
  config: /opt/sail-riscv-src/build/config/rv64d_v256_e64.json (33598 bytes)
  the cache folder this lane writes: PseudoCoupHQ/Research/oracle/riscv/leanpath/cache/sail-riscv_3243f93_sail_5745ea9e_I_insts_M_insts_postlude_main
  the first cache folder, NOT touched: PseudoCoupHQ/Research/oracle/riscv/leanpath/cache/sail-riscv_3243f93_I_insts_M_insts_postlude_main (116 Lean files)
[2/7] sail --list-files I_insts M_insts postlude main riscv.sail_project (seconds; LEAF names, checked first)
  at 2026-09-14T00:03:19Z
  files resolved: 91
    extensions/I/base_insts.sail
    extensions/M/mext_insts.sail
    postlude/insts_end.sail
[3/7] the emit: sail --lean, the invocation of log 274 §3 verbatim, timed (no /work/smtcache is made beforehand; the sail process peak resident is the largest-descendant figure)
  at 2026-09-14T00:03:19Z
[93mWarning[0m: Incomplete pattern match statement at
[96mextensions/M/mext_insts.sail[0m:14.0-8:
14[96m |[0mfunction clause currentlyEnabled(Ext_Zmmul) = hartSupports(Ext_Zmmul) | currentlyEnabled(Ext_M)
  [91m |[0m[91m^------^[0m
  [91m |[0m The following expression is unmatched: [93mExt_A[0m

[93mWarning[0m: Incomplete pattern match statement at
[96mpostlude/insts_end.sail[0m:23.0-8:
23[96m |[0mfunction clause execute C_ILLEGAL(_s) = Illegal_Instruction()
  [91m |[0m[91m^------^[0m
  [91m |[0m The following expression is unmatched: [93mAES32DSI(undefined)[0m

  rc=0 wall=216.5s largest-descendant peak resident=552432 kB
  emit rc=0
  cgroup memory.peak: 7172833280 bytes; memory.current: 5877911552
[4/7] what the backend wrote (LITERAL sizes), and the two facts the first launch flagged: the leak count and execute_DIV's line
  at 2026-09-14T00:06:56Z
    total 32
    drwxr-xr-x 3 root root   160 Sep 14 00:06 .
    drwxr-xr-x 3 root root    60 Sep 14 00:06 ..
    -rw-r--r-- 1 root root     6 Sep 14 00:06 .gitignore
    drwxr-xr-x 2 root root  2380 Sep 14 00:06 LeanIM
    -rw-r--r-- 1 root root 13739 Sep 14 00:06 LeanIM.lean
    -rw-r--r-- 1 root root   113 Sep 14 00:06 lake-manifest.json
    -rw-r--r-- 1 root root   284 Sep 14 00:06 lakefile.toml
    -rw-r--r-- 1 root root    24 Sep 14 00:06 lean-toolchain
  Lean files: 117; lines: 63066; bytes: 2346480
  lakefile.toml (LITERAL):
    name = "Lean_IM"
    defaultTargets = ["LeanIM"]
    moreLeanArgs = ["--tstack=400000"]
    
    [[lean_lib]]
    name = "LeanIM"
    leanOptions.weak.linter.style.nameCheck = false
    moreLeancArgs= ["-fbracket-depth=500"]
    
    [[require]]
    name = "Sail"
    git = "https://github.com/rems-project/lean-sail"
    rev = "v5"  lean-toolchain (LITERAL): leanprover/lean4:v4.29.0
  lake-manifest.json (LITERAL):
    {"version": "1.1.0",
     "packagesDir": ".lake/packages",
     "packages": [],
     "name": "Lean_IM",
     "lakeDir": ".lake"}
  occurrences of 'is_sv32_mode(' (the first emit's leak, 3 sites in Defs.lean): 3
  the same three abbrevs now (LITERAL, grep -n 'vpn_level_size\|abbrev pte_bits\|abbrev ppn_bits'):
    /work/leanout/Lean_IM/LeanIM/Defs.lean:626:abbrev vpn_level_size : Int := (12 - if ( is_sv32_mode(k_v)  : Bool) then 2 else 3)
    /work/leanout/Lean_IM/LeanIM/Defs.lean:628:abbrev pte_bits k_v := (BitVec (if ( is_sv32_mode(k_v)  : Bool) then 32 else 64))
    /work/leanout/Lean_IM/LeanIM/Defs.lean:630:abbrev ppn_bits k_v := (BitVec (if ( is_sv32_mode(k_v)  : Bool) then 22 else 44))
  execute clauses: 29
  execute_DIV at: /work/leanout/Lean_IM/LeanIM/InstsEnd.lean:4386
  the DIV clause as this sail wrote it (LITERAL):
    def execute_DIV (rs2 : regidx) (rs1 : regidx) (rd : regidx) (is_unsigned : Bool) : SailM ExecutionResult := do
      let rs1_bits ← do (rX_bits rs1)
      let rs2_bits ← do (rX_bits rs2)
      let rs1_int :=
        if (is_unsigned : Bool)
        then (BitVec.toNatInt rs1_bits)
        else (BitVec.toInt rs1_bits)
      let rs2_int :=
        if (is_unsigned : Bool)
        then (BitVec.toNatInt rs2_bits)
        else (BitVec.toInt rs2_bits)
      let quotient :=
        if ((rs2_int == 0) : Bool)
        then (Neg.neg 1)
        else (Int.tdiv rs1_int rs2_int)
      let quotient :=
        if (((not is_unsigned) && (quotient ≥b (2 ^i (xlen -i 1)))) : Bool)
        then (Neg.neg (2 ^i (xlen -i 1)))
        else quotient
      (wX_bits rd (to_bits_truncate (l := 64) quotient))
      (pure RETIRE_SUCCESS)
[5/7] copy the emit into the cache folder (a build product; nobody edits a file in it)
  at 2026-09-14T00:06:56Z
    total 64
    drwxr-xr-x 3 root root  4096 Sep 14 00:06 .
    drwxrwxr-x 4 root root  4096 Sep 13 23:00 ..
    -rw-r--r-- 1 root root     6 Sep 14 00:06 .gitignore
    drwxr-xr-x 2 root root  4096 Sep 14 00:06 LeanIM
    -rw-r--r-- 1 root root 13739 Sep 14 00:06 LeanIM.lean
    -rw-r--r-- 1 root root  1674 Sep 13 23:52 MANIFEST.md
    -rw-r--r-- 1 root root  5170 Sep 14 00:06 emit_lane.log
    -rw-r--r-- 1 root root  8078 Sep 13 23:52 emit_lane_l7_rc2.log
    -rw-r--r-- 1 root root   113 Sep 14 00:06 lake-manifest.json
    -rw-r--r-- 1 root root   284 Sep 14 00:06 lakefile.toml
    -rw-r--r-- 1 root root    24 Sep 14 00:06 lean-toolchain
  Lean files in the cache: 117; lines: 63066
[6/7] MANIFEST.md, in the shape of the first cache's
  at 2026-09-14T00:06:56Z
    # the cached emit: Sail's Lean output for the RISC-V model (second emit, sail built from source)
    
    - model: `sail-riscv` commit 3243f93 (2026-09-09 21:47:21 +0000), the
      image's clone `/opt/sail-riscv-src`, config
      `build/config/rv64d_v256_e64.json`
    - sail: Sail 0.20.2 (HEAD @ 5745ea9e5369ab4fc51de6f8b773dd8ebc323357), built from source in lane
      `lp1_l6_build_sail_from_source.sh` (branch `sail2`, the head before the
      model's own commit of 2026-09-09; the model's CI builds its Lean with
      sail "latest" by this recipe), Lean backend; the opam root is the copy
      `/persist/opam` on the tower instance `lp1`'s persistent volume
    - modules handed to sail (LEAF names): `I_insts M_insts postlude main`,
      resolved to 91 source files, `base_insts.sail` and `mext_insts.sail`
      among them
    - lane: `lp1_l7_emit_with_sail_5745ea9e.sh`, tower instance `lp1`,
      2026-09-13/14, 20 GB cap; the lane's own output is beside this file as
      `emit_lane.log`; the invocation is in log 274 §3, verbatim
    - product: `LeanIM/*.lean`, 63066 lines; `execute_DIV` at
      `LeanIM/InstsEnd.lean:4386`; the lake project requires [[require]] name = "Sail" git = "https://github.com/rems-project/lean-sail" rev = "v5"  and toolchain
      `leanprover/lean4:v4.29.0` (`lean-toolchain`)
    - the first emit (sail 0.20.2 from opam) is the co-folder
      `sail-riscv_3243f93_I_insts_M_insts_postlude_main/`, kept as the record
      of the build failure log 275 §4.2 flags; nothing in it is edited
    - this folder is a BUILD PRODUCT, cached by the model commit, the sail
      commit and the module list in its name; the regeneration test deletes
      it and gets it back by running lanes 6 and 7. Nobody edits a file in it.
[7/7] sizes, the cgroup peak, and the work volume
  at 2026-09-14T00:06:56Z
    2.5M	PseudoCoupHQ/Research/oracle/riscv/leanpath/cache/sail-riscv_3243f93_sail_5745ea9e_I_insts_M_insts_postlude_main
    2.5M	/work/leanout
    152K	/work/smtcache
    tmpfs           8.0G  2.6M  8.0G   1% /work
  cgroup memory.peak: 7172833280 bytes; memory.current: 5880754176
lane lp1_l7b done at 2026-09-14T00:06:56Z
