  emitted definitions scanned: 4750; lean-sail definitions indexed: 149
  RTYPE__ADD__c                                F over ['a', 'b']; 52 candidates
      same_text      over 52 candidates, one Lean run: 2.3s
      RTYPE          rop.ADD                                  PROVED    same_text
  RTYPE__SUB__c                                F over ['a', 'b']; 52 candidates
      same_text      over 52 candidates, one Lean run: 2.3s
      RTYPE          rop.SUB                                  PROVED    same_text
  RTYPE__XOR__c                                F over ['a', 'b']; 52 candidates
      same_text      over 52 candidates, one Lean run: 2.4s
      RTYPE          rop.XOR                                  PROVED    same_text
  RTYPE__OR__c                                 F over ['a', 'b']; 52 candidates
      same_text      over 52 candidates, one Lean run: 2.3s
      RTYPE          rop.OR                                   PROVED    same_text
  RTYPE__AND__c                                F over ['a', 'b']; 52 candidates
      same_text      over 52 candidates, one Lean run: 2.4s
      RTYPE          rop.AND                                  PROVED    same_text
  REM__false__c                                F over ['a', 'b']; 52 candidates
      same_text      over 52 candidates, one Lean run: 2.4s
      REM            false                                    PROVED    same_text
  REM__true__c                                 F over ['a', 'b']; 52 candidates
      same_text      over 52 candidates, one Lean run: 2.4s
      REM            true                                     PROVED    same_text
  MUL__Low_Signed_Signed__c                    F over ['a', 'b']; 52 candidates
      same_text      over 52 candidates, one Lean run: 2.7s
      MUL            { result_part := VectorHalf.Low, signed_ PROVED    same_text
  DIV__false__c                                F over ['a', 'b']; 52 candidates
      same_text      over 52 candidates, one Lean run: 2.4s
      DIV            false                                    PROVED    same_text
  DIV__true__c                                 F over ['a', 'b']; 52 candidates
      same_text      over 52 candidates, one Lean run: 2.4s
      DIV            true                                     PROVED    same_text
  equals: 10 units, 10 with a proved definition
