   the x86 reference imported: PseudoCoupHQ/Research/op_pipeline/reference.py
   its sha256: 40df3b55455f8d7a6e35ef04b7219701b957af65ad08f4d81fd550d911525e72
   condition_table: PseudoCoupHQ/Research/op_pipeline/condition_table.py
[worker 1/8] 25 pairs, setup took 0.1 s, deadline in 539.8 s
Traceback (most recent call last):
  File "PseudoCoupHQ/Research/oracle/riscv/rv4_off.py", line 349, in decide_with_the_text_first
    same = holder.normalize(left) == holder.normalize(right)
           ~~~~~~~~~~~~~~~~^^^^^^
  File "PseudoCoupHQ/Research/op_pipeline/term.py", line 972, in normalize
    return one_line(simplified)
  File "PseudoCoupHQ/Research/op_pipeline/term.py", line 1323, in one_line
    text = str(term)
  File "/opt/venv/lib/python3.13/site-packages/z3/z3.py", line 386, in __str__
    return obj_to_string(self)
  File "/opt/venv/lib/python3.13/site-packages/z3/z3printer.py", line 1457, in obj_to_string
    _PP(out, _Formatter(a))
             ~~~~~~~~~~^^^
  File "/opt/venv/lib/python3.13/site-packages/z3/z3printer.py", line 1348, in __call__
    return self.main(a)
           ~~~~~~~~~^^^
  File "/opt/venv/lib/python3.13/site-packages/z3/z3printer.py", line 1322, in main
    return self.pp_expr(a, 0, [])
           ~~~~~~~~~~~~^^^^^^^^^^
  File "/opt/venv/lib/python3.13/site-packages/z3/z3printer.py", line 1219, in pp_expr
    return self.pp_app(a, d, xs)
           ~~~~~~~~~~~^^^^^^^^^^
  File "/opt/venv/lib/python3.13/site-packages/z3/z3printer.py", line 1188, in pp_app
    return self.pp_prefix(a, d, xs)
           ~~~~~~~~~~~~~~^^^^^^^^^^
  File "/opt/venv/lib/python3.13/site-packages/z3/z3printer.py", line 943, in pp_prefix
    r.append(self.pp_expr(child, d + 1, xs))
             ~~~~~~~~~~~~^^^^^^^^^^^^^^^^^^
  File "/opt/venv/lib/python3.13/site-packages/z3/z3printer.py", line 1219, in pp_expr
    return self.pp_app(a, d, xs)
           ~~~~~~~~~~~^^^^^^^^^^
  File "/opt/venv/lib/python3.13/site-packages/z3/z3printer.py", line 1162, in pp_app
    return self.pp_extract(a, d, xs)
           ~~~~~~~~~~~~~~~^^^^^^^^^^
  File "/opt/venv/lib/python3.13/site-packages/z3/z3printer.py", line 1066, in pp_extract
    arg = self.pp_expr(a.arg(0), d + 1, xs)
  File "/opt/venv/lib/python3.13/site-packages/z3/z3printer.py", line 1219, in pp_expr
    return self.pp_app(a, d, xs)
           ~~~~~~~~~~~^^^^^^^^^^
  File "/opt/venv/lib/python3.13/site-packages/z3/z3printer.py", line 1149, in pp_app
    return self.pp_const(a)
           ~~~~~~~~~~~~~^^^
  File "/opt/venv/lib/python3.13/site-packages/z3/z3printer.py", line 778, in pp_const
    return self.pp_name(a)
           ~~~~~~~~~~~~^^^
  File "/opt/venv/lib/python3.13/site-packages/z3/z3printer.py", line 728, in pp_name
    return to_format(_op_name(a))
                     ~~~~~~~~^^^
  File "/opt/venv/lib/python3.13/site-packages/z3/z3printer.py", line 353, in _op_name
    f = a.decl()
  File "/opt/venv/lib/python3.13/site-packages/z3/z3.py", line 1115, in decl
    return FuncDeclRef(Z3_get_app_decl(self.ctx_ref(), self.as_ast()), self.ctx)
  File "/opt/venv/lib/python3.13/site-packages/z3/z3.py", line 375, in __init__
    Z3_inc_ref(self.ctx.ref(), self.as_ast())
                               ~~~~~~~~~~~^^
  File "/opt/venv/lib/python3.13/site-packages/z3/z3.py", line 786, in as_ast
    return Z3_func_decl_to_ast(self.ctx_ref(), self.ast)
  File "/opt/venv/lib/python3.13/site-packages/z3/z3core.py", line 3135, in Z3_func_decl_to_ast
    _elems.Check(a0)
    ~~~~~~~~~~~~^^^^
  File "/opt/venv/lib/python3.13/site-packages/z3/z3core.py", line 1627, in Check
    err = self.get_error_code(ctx)
ctypes.ArgumentError: argument 1: RecursionError: maximum recursion depth exceeded

During handling of the above exception, another exception occurred:

Traceback (most recent call last):
  File "PseudoCoupHQ/Research/oracle/riscv/rv4_off.py", line 349, in decide_with_the_text_first
    same = holder.normalize(left) == holder.normalize(right)
           ~~~~~~~~~~~~~~~~^^^^^^
  File "PseudoCoupHQ/Research/op_pipeline/term.py", line 972, in normalize
    return one_line(simplified)
  File "PseudoCoupHQ/Research/op_pipeline/term.py", line 1323, in one_line
    text = str(term)
  File "/opt/venv/lib/python3.13/site-packages/z3/z3.py", line 386, in __str__
    return obj_to_string(self)
  File "/opt/venv/lib/python3.13/site-packages/z3/z3printer.py", line 1457, in obj_to_string
    _PP(out, _Formatter(a))
             ~~~~~~~~~~^^^
  File "/opt/venv/lib/python3.13/site-packages/z3/z3printer.py", line 1348, in __call__
    return self.main(a)
           ~~~~~~~~~^^^
  File "/opt/venv/lib/python3.13/site-packages/z3/z3printer.py", line 1322, in main
    return self.pp_expr(a, 0, [])
           ~~~~~~~~~~~~^^^^^^^^^^
  File "/opt/venv/lib/python3.13/site-packages/z3/z3printer.py", line 1219, in pp_expr
    return self.pp_app(a, d, xs)
           ~~~~~~~~~~~^^^^^^^^^^
  File "/opt/venv/lib/python3.13/site-packages/z3/z3printer.py", line 1188, in pp_app
    return self.pp_prefix(a, d, xs)
           ~~~~~~~~~~~~~~^^^^^^^^^^
  File "/opt/venv/lib/python3.13/site-packages/z3/z3printer.py", line 943, in pp_prefix
    r.append(self.pp_expr(child, d + 1, xs))
             ~~~~~~~~~~~~^^^^^^^^^^^^^^^^^^
  File "/opt/venv/lib/python3.13/site-packages/z3/z3printer.py", line 1219, in pp_expr
    return self.pp_app(a, d, xs)
           ~~~~~~~~~~~^^^^^^^^^^
  File "/opt/venv/lib/python3.13/site-packages/z3/z3printer.py", line 1162, in pp_app
    return self.pp_extract(a, d, xs)
           ~~~~~~~~~~~~~~~^^^^^^^^^^
  File "/opt/venv/lib/python3.13/site-packages/z3/z3printer.py", line 1066, in pp_extract
    arg = self.pp_expr(a.arg(0), d + 1, xs)
  File "/opt/venv/lib/python3.13/site-packages/z3/z3printer.py", line 1219, in pp_expr
    return self.pp_app(a, d, xs)
           ~~~~~~~~~~~^^^^^^^^^^
  File "/opt/venv/lib/python3.13/site-packages/z3/z3printer.py", line 1149, in pp_app
    return self.pp_const(a)
           ~~~~~~~~~~~~~^^^
  File "/opt/venv/lib/python3.13/site-packages/z3/z3printer.py", line 778, in pp_const
    return self.pp_name(a)
           ~~~~~~~~~~~~^^^
  File "/opt/venv/lib/python3.13/site-packages/z3/z3printer.py", line 728, in pp_name
    return to_format(_op_name(a))
                     ~~~~~~~~^^^
  File "/opt/venv/lib/python3.13/site-packages/z3/z3printer.py", line 353, in _op_name
    f = a.decl()
  File "/opt/venv/lib/python3.13/site-packages/z3/z3.py", line 1114, in decl
    _z3_assert(is_app(self), "Z3 application expected")
               ~~~~~~^^^^^^
  File "/opt/venv/lib/python3.13/site-packages/z3/z3.py", line 1396, in is_app
    k = _ast_kind(a.ctx, a)
  File "/opt/venv/lib/python3.13/site-packages/z3/z3.py", line 525, in _ast_kind
    return Z3_get_ast_kind(ctx.ref(), a)
  File "/opt/venv/lib/python3.13/site-packages/z3/z3core.py", line 3280, in Z3_get_ast_kind
    _elems.Check(a0)
    ~~~~~~~~~~~~^^^^
  File "/opt/venv/lib/python3.13/site-packages/z3/z3core.py", line 1627, in Check
    err = self.get_error_code(ctx)
ctypes.ArgumentError: argument 1: RecursionError: maximum recursion depth exceeded

During handling of the above exception, another exception occurred:

Traceback (most recent call last):
  File "PseudoCoupHQ/Research/oracle/riscv/rv4_off.py", line 349, in decide_with_the_text_first
    same = holder.normalize(left) == holder.normalize(right)
           ~~~~~~~~~~~~~~~~^^^^^^
  File "PseudoCoupHQ/Research/op_pipeline/term.py", line 972, in normalize
    return one_line(simplified)
  File "PseudoCoupHQ/Research/op_pipeline/term.py", line 1323, in one_line
    text = str(term)
  File "/opt/venv/lib/python3.13/site-packages/z3/z3.py", line 386, in __str__
    return obj_to_string(self)
  File "/opt/venv/lib/python3.13/site-packages/z3/z3printer.py", line 1457, in obj_to_string
    _PP(out, _Formatter(a))
             ~~~~~~~~~~^^^
  File "/opt/venv/lib/python3.13/site-packages/z3/z3printer.py", line 1348, in __call__
    return self.main(a)
           ~~~~~~~~~^^^
  File "/opt/venv/lib/python3.13/site-packages/z3/z3printer.py", line 1322, in main
    return self.pp_expr(a, 0, [])
           ~~~~~~~~~~~~^^^^^^^^^^
  File "/opt/venv/lib/python3.13/site-packages/z3/z3printer.py", line 1219, in pp_expr
    return self.pp_app(a, d, xs)
           ~~~~~~~~~~~^^^^^^^^^^
  File "/opt/venv/lib/python3.13/site-packages/z3/z3printer.py", line 1188, in pp_app
    return self.pp_prefix(a, d, xs)
           ~~~~~~~~~~~~~~^^^^^^^^^^
  File "/opt/venv/lib/python3.13/site-packages/z3/z3printer.py", line 943, in pp_prefix
    r.append(self.pp_expr(child, d + 1, xs))
             ~~~~~~~~~~~~^^^^^^^^^^^^^^^^^^
  File "/opt/venv/lib/python3.13/site-packages/z3/z3printer.py", line 1219, in pp_expr
    return self.pp_app(a, d, xs)
           ~~~~~~~~~~~^^^^^^^^^^
  File "/opt/venv/lib/python3.13/site-packages/z3/z3printer.py", line 1162, in pp_app
    return self.pp_extract(a, d, xs)
           ~~~~~~~~~~~~~~~^^^^^^^^^^
  File "/opt/venv/lib/python3.13/site-packages/z3/z3printer.py", line 1066, in pp_extract
    arg = self.pp_expr(a.arg(0), d + 1, xs)
  File "/opt/venv/lib/python3.13/site-packages/z3/z3printer.py", line 1219, in pp_expr
    return self.pp_app(a, d, xs)
           ~~~~~~~~~~~^^^^^^^^^^
  File "/opt/venv/lib/python3.13/site-packages/z3/z3printer.py", line 1149, in pp_app
    return self.pp_const(a)
           ~~~~~~~~~~~~~^^^
  File "/opt/venv/lib/python3.13/site-packages/z3/z3printer.py", line 769, in pp_const
    k = a.decl().kind()
        ~~~~~~^^
  File "/opt/venv/lib/python3.13/site-packages/z3/z3.py", line 1115, in decl
    return FuncDeclRef(Z3_get_app_decl(self.ctx_ref(), self.as_ast()), self.ctx)
  File "/opt/venv/lib/python3.13/site-packages/z3/z3.py", line 375, in __init__
    Z3_inc_ref(self.ctx.ref(), self.as_ast())
                               ~~~~~~~~~~~^^
  File "/opt/venv/lib/python3.13/site-packages/z3/z3.py", line 786, in as_ast
    return Z3_func_decl_to_ast(self.ctx_ref(), self.ast)
  File "/opt/venv/lib/python3.13/site-packages/z3/z3core.py", line 3135, in Z3_func_decl_to_ast
    _elems.Check(a0)
    ~~~~~~~~~~~~^^^^
  File "/opt/venv/lib/python3.13/site-packages/z3/z3core.py", line 1627, in Check
    err = self.get_error_code(ctx)
ctypes.ArgumentError: argument 1: RecursionError: maximum recursion depth exceeded

During handling of the above exception, another exception occurred:

Traceback (most recent call last):
  File "PseudoCoupHQ/Research/oracle/riscv/rv4_off.py", line 349, in decide_with_the_text_first
    same = holder.normalize(left) == holder.normalize(right)
           ~~~~~~~~~~~~~~~~^^^^^^
  File "PseudoCoupHQ/Research/op_pipeline/term.py", line 972, in normalize
    return one_line(simplified)
  File "PseudoCoupHQ/Research/op_pipeline/term.py", line 1323, in one_line
    text = str(term)
  File "/opt/venv/lib/python3.13/site-packages/z3/z3.py", line 386, in __str__
    return obj_to_string(self)
  File "/opt/venv/lib/python3.13/site-packages/z3/z3printer.py", line 1457, in obj_to_string
    _PP(out, _Formatter(a))
             ~~~~~~~~~~^^^
  File "/opt/venv/lib/python3.13/site-packages/z3/z3printer.py", line 1348, in __call__
    return self.main(a)
           ~~~~~~~~~^^^
  File "/opt/venv/lib/python3.13/site-packages/z3/z3printer.py", line 1322, in main
    return self.pp_expr(a, 0, [])
           ~~~~~~~~~~~~^^^^^^^^^^
  File "/opt/venv/lib/python3.13/site-packages/z3/z3printer.py", line 1219, in pp_expr
    return self.pp_app(a, d, xs)
           ~~~~~~~~~~~^^^^^^^^^^
  File "/opt/venv/lib/python3.13/site-packages/z3/z3printer.py", line 1188, in pp_app
    return self.pp_prefix(a, d, xs)
           ~~~~~~~~~~~~~~^^^^^^^^^^
  File "/opt/venv/lib/python3.13/site-packages/z3/z3printer.py", line 943, in pp_prefix
    r.append(self.pp_expr(child, d + 1, xs))
             ~~~~~~~~~~~~^^^^^^^^^^^^^^^^^^
  File "/opt/venv/lib/python3.13/site-packages/z3/z3printer.py", line 1219, in pp_expr
    return self.pp_app(a, d, xs)
           ~~~~~~~~~~~^^^^^^^^^^
  File "/opt/venv/lib/python3.13/site-packages/z3/z3printer.py", line 1162, in pp_app
    return self.pp_extract(a, d, xs)
           ~~~~~~~~~~~~~~~^^^^^^^^^^
  File "/opt/venv/lib/python3.13/site-packages/z3/z3printer.py", line 1066, in pp_extract
    arg = self.pp_expr(a.arg(0), d + 1, xs)
  File "/opt/venv/lib/python3.13/site-packages/z3/z3printer.py", line 1219, in pp_expr
    return self.pp_app(a, d, xs)
           ~~~~~~~~~~~^^^^^^^^^^
  File "/opt/venv/lib/python3.13/site-packages/z3/z3printer.py", line 1148, in pp_app
    elif z3.is_const(a):
         ~~~~~~~~~~~^^^
  File "/opt/venv/lib/python3.13/site-packages/z3/z3.py", line 1416, in is_const
    return is_app(a) and a.num_args() == 0
                         ~~~~~~~~~~^^
  File "/opt/venv/lib/python3.13/site-packages/z3/z3.py", line 1137, in num_args
    _z3_assert(is_app(self), "Z3 application expected")
               ~~~~~~^^^^^^
  File "/opt/venv/lib/python3.13/site-packages/z3/z3.py", line 1396, in is_app
    k = _ast_kind(a.ctx, a)
  File "/opt/venv/lib/python3.13/site-packages/z3/z3.py", line 525, in _ast_kind
    return Z3_get_ast_kind(ctx.ref(), a)
  File "/opt/venv/lib/python3.13/site-packages/z3/z3core.py", line 3280, in Z3_get_ast_kind
    _elems.Check(a0)
    ~~~~~~~~~~~~^^^^
  File "/opt/venv/lib/python3.13/site-packages/z3/z3core.py", line 1627, in Check
    err = self.get_error_code(ctx)
ctypes.ArgumentError: argument 1: RecursionError: maximum recursion depth exceeded

During handling of the above exception, another exception occurred:

Traceback (most recent call last):
  File "PseudoCoupHQ/Research/oracle/riscv/rv4_off.py", line 349, in decide_with_the_text_first
    same = holder.normalize(left) == holder.normalize(right)
           ~~~~~~~~~~~~~~~~^^^^^^
  File "PseudoCoupHQ/Research/op_pipeline/term.py", line 972, in normalize
    return one_line(simplified)
  File "PseudoCoupHQ/Research/op_pipeline/term.py", line 1323, in one_line
    text = str(term)
  File "/opt/venv/lib/python3.13/site-packages/z3/z3.py", line 386, in __str__
    return obj_to_string(self)
  File "/opt/venv/lib/python3.13/site-packages/z3/z3printer.py", line 1457, in obj_to_string
    _PP(out, _Formatter(a))
             ~~~~~~~~~~^^^
  File "/opt/venv/lib/python3.13/site-packages/z3/z3printer.py", line 1348, in __call__
    return self.main(a)
           ~~~~~~~~~^^^
  File "/opt/venv/lib/python3.13/site-packages/z3/z3printer.py", line 1322, in main
    return self.pp_expr(a, 0, [])
           ~~~~~~~~~~~~^^^^^^^^^^
  File "/opt/venv/lib/python3.13/site-packages/z3/z3printer.py", line 1219, in pp_expr
    return self.pp_app(a, d, xs)
           ~~~~~~~~~~~^^^^^^^^^^
  File "/opt/venv/lib/python3.13/site-packages/z3/z3printer.py", line 1188, in pp_app
    return self.pp_prefix(a, d, xs)
           ~~~~~~~~~~~~~~^^^^^^^^^^
  File "/opt/venv/lib/python3.13/site-packages/z3/z3printer.py", line 943, in pp_prefix
    r.append(self.pp_expr(child, d + 1, xs))
             ~~~~~~~~~~~~^^^^^^^^^^^^^^^^^^
  File "/opt/venv/lib/python3.13/site-packages/z3/z3printer.py", line 1219, in pp_expr
    return self.pp_app(a, d, xs)
           ~~~~~~~~~~~^^^^^^^^^^
  File "/opt/venv/lib/python3.13/site-packages/z3/z3printer.py", line 1162, in pp_app
    return self.pp_extract(a, d, xs)
           ~~~~~~~~~~~~~~~^^^^^^^^^^
  File "/opt/venv/lib/python3.13/site-packages/z3/z3printer.py", line 1066, in pp_extract
    arg = self.pp_expr(a.arg(0), d + 1, xs)
  File "/opt/venv/lib/python3.13/site-packages/z3/z3printer.py", line 1219, in pp_expr
    return self.pp_app(a, d, xs)
           ~~~~~~~~~~~^^^^^^^^^^
  File "/opt/venv/lib/python3.13/site-packages/z3/z3printer.py", line 1148, in pp_app
    elif z3.is_const(a):
         ~~~~~~~~~~~^^^
  File "/opt/venv/lib/python3.13/site-packages/z3/z3.py", line 1416, in is_const
    return is_app(a) and a.num_args() == 0
           ~~~~~~^^^
  File "/opt/venv/lib/python3.13/site-packages/z3/z3.py", line 1396, in is_app
    k = _ast_kind(a.ctx, a)
  File "/opt/venv/lib/python3.13/site-packages/z3/z3.py", line 525, in _ast_kind
    return Z3_get_ast_kind(ctx.ref(), a)
  File "/opt/venv/lib/python3.13/site-packages/z3/z3core.py", line 3280, in Z3_get_ast_kind
    _elems.Check(a0)
    ~~~~~~~~~~~~^^^^
  File "/opt/venv/lib/python3.13/site-packages/z3/z3core.py", line 1627, in Check
    err = self.get_error_code(ctx)
ctypes.ArgumentError: argument 1: RecursionError: maximum recursion depth exceeded

During handling of the above exception, another exception occurred:

Traceback (most recent call last):
  File "PseudoCoupHQ/Research/oracle/riscv/rv4_off.py", line 349, in decide_with_the_text_first
    same = holder.normalize(left) == holder.normalize(right)
           ~~~~~~~~~~~~~~~~^^^^^^
  File "PseudoCoupHQ/Research/op_pipeline/term.py", line 972, in normalize
    return one_line(simplified)
  File "PseudoCoupHQ/Research/op_pipeline/term.py", line 1323, in one_line
    text = str(term)
  File "/opt/venv/lib/python3.13/site-packages/z3/z3.py", line 386, in __str__
    return obj_to_string(self)
  File "/opt/venv/lib/python3.13/site-packages/z3/z3printer.py", line 1457, in obj_to_string
    _PP(out, _Formatter(a))
             ~~~~~~~~~~^^^
  File "/opt/venv/lib/python3.13/site-packages/z3/z3printer.py", line 1348, in __call__
    return self.main(a)
           ~~~~~~~~~^^^
  File "/opt/venv/lib/python3.13/site-packages/z3/z3printer.py", line 1322, in main
    return self.pp_expr(a, 0, [])
           ~~~~~~~~~~~~^^^^^^^^^^
  File "/opt/venv/lib/python3.13/site-packages/z3/z3printer.py", line 1219, in pp_expr
    return self.pp_app(a, d, xs)
           ~~~~~~~~~~~^^^^^^^^^^
  File "/opt/venv/lib/python3.13/site-packages/z3/z3printer.py", line 1188, in pp_app
    return self.pp_prefix(a, d, xs)
           ~~~~~~~~~~~~~~^^^^^^^^^^
  File "/opt/venv/lib/python3.13/site-packages/z3/z3printer.py", line 943, in pp_prefix
    r.append(self.pp_expr(child, d + 1, xs))
             ~~~~~~~~~~~~^^^^^^^^^^^^^^^^^^
  File "/opt/venv/lib/python3.13/site-packages/z3/z3printer.py", line 1219, in pp_expr
    return self.pp_app(a, d, xs)
           ~~~~~~~~~~~^^^^^^^^^^
  File "/opt/venv/lib/python3.13/site-packages/z3/z3printer.py", line 1162, in pp_app
    return self.pp_extract(a, d, xs)
           ~~~~~~~~~~~~~~~^^^^^^^^^^
  File "/opt/venv/lib/python3.13/site-packages/z3/z3printer.py", line 1064, in pp_extract
    high = Z3_get_decl_int_parameter(a.ctx_ref(), a.decl().ast, 0)
                                                  ~~~~~~^^
  File "/opt/venv/lib/python3.13/site-packages/z3/z3.py", line 1115, in decl
    return FuncDeclRef(Z3_get_app_decl(self.ctx_ref(), self.as_ast()), self.ctx)
  File "/opt/venv/lib/python3.13/site-packages/z3/z3.py", line 375, in __init__
    Z3_inc_ref(self.ctx.ref(), self.as_ast())
                               ~~~~~~~~~~~^^
  File "/opt/venv/lib/python3.13/site-packages/z3/z3.py", line 786, in as_ast
    return Z3_func_decl_to_ast(self.ctx_ref(), self.ast)
  File "/opt/venv/lib/python3.13/site-packages/z3/z3core.py", line 3135, in Z3_func_decl_to_ast
    _elems.Check(a0)
    ~~~~~~~~~~~~^^^^
  File "/opt/venv/lib/python3.13/site-packages/z3/z3core.py", line 1627, in Check
    err = self.get_error_code(ctx)
ctypes.ArgumentError: argument 1: RecursionError: maximum recursion depth exceeded

During handling of the above exception, another exception occurred:

Traceback (most recent call last):
  File "PseudoCoupHQ/Research/oracle/riscv/rv4_off.py", line 349, in decide_with_the_text_first
    same = holder.normalize(left) == holder.normalize(right)
           ~~~~~~~~~~~~~~~~^^^^^^
  File "PseudoCoupHQ/Research/op_pipeline/term.py", line 972, in normalize
    return one_line(simplified)
  File "PseudoCoupHQ/Research/op_pipeline/term.py", line 1323, in one_line
    text = str(term)
  File "/opt/venv/lib/python3.13/site-packages/z3/z3.py", line 386, in __str__
    return obj_to_string(self)
  File "/opt/venv/lib/python3.13/site-packages/z3/z3printer.py", line 1457, in obj_to_string
    _PP(out, _Formatter(a))
             ~~~~~~~~~~^^^
  File "/opt/venv/lib/python3.13/site-packages/z3/z3printer.py", line 1348, in __call__
    return self.main(a)
           ~~~~~~~~~^^^
  File "/opt/venv/lib/python3.13/site-packages/z3/z3printer.py", line 1322, in main
    return self.pp_expr(a, 0, [])
           ~~~~~~~~~~~~^^^^^^^^^^
  File "/opt/venv/lib/python3.13/site-packages/z3/z3printer.py", line 1219, in pp_expr
    return self.pp_app(a, d, xs)
           ~~~~~~~~~~~^^^^^^^^^^
  File "/opt/venv/lib/python3.13/site-packages/z3/z3printer.py", line 1188, in pp_app
    return self.pp_prefix(a, d, xs)
           ~~~~~~~~~~~~~~^^^^^^^^^^
  File "/opt/venv/lib/python3.13/site-packages/z3/z3printer.py", line 943, in pp_prefix
    r.append(self.pp_expr(child, d + 1, xs))
             ~~~~~~~~~~~~^^^^^^^^^^^^^^^^^^
  File "/opt/venv/lib/python3.13/site-packages/z3/z3printer.py", line 1219, in pp_expr
    return self.pp_app(a, d, xs)
           ~~~~~~~~~~~^^^^^^^^^^
  File "/opt/venv/lib/python3.13/site-packages/z3/z3printer.py", line 1148, in pp_app
    elif z3.is_const(a):
         ~~~~~~~~~~~^^^
  File "/opt/venv/lib/python3.13/site-packages/z3/z3.py", line 1416, in is_const
    return is_app(a) and a.num_args() == 0
                         ~~~~~~~~~~^^
  File "/opt/venv/lib/python3.13/site-packages/z3/z3.py", line 1137, in num_args
    _z3_assert(is_app(self), "Z3 application expected")
               ~~~~~~^^^^^^
  File "/opt/venv/lib/python3.13/site-packages/z3/z3.py", line 1396, in is_app
    k = _ast_kind(a.ctx, a)
  File "/opt/venv/lib/python3.13/site-packages/z3/z3.py", line 525, in _ast_kind
    return Z3_get_ast_kind(ctx.ref(), a)
  File "/opt/venv/lib/python3.13/site-packages/z3/z3core.py", line 3280, in Z3_get_ast_kind
    _elems.Check(a0)
    ~~~~~~~~~~~~^^^^
  File "/opt/venv/lib/python3.13/site-packages/z3/z3core.py", line 1627, in Check
    err = self.get_error_code(ctx)
ctypes.ArgumentError: argument 1: RecursionError: maximum recursion depth exceeded

During handling of the above exception, another exception occurred:

Traceback (most recent call last):
  File "PseudoCoupHQ/Research/oracle/riscv/rv4_off.py", line 349, in decide_with_the_text_first
    same = holder.normalize(left) == holder.normalize(right)
           ~~~~~~~~~~~~~~~~^^^^^^
  File "PseudoCoupHQ/Research/op_pipeline/term.py", line 972, in normalize
    return one_line(simplified)
  File "PseudoCoupHQ/Research/op_pipeline/term.py", line 1323, in one_line
    text = str(term)
  File "/opt/venv/lib/python3.13/site-packages/z3/z3.py", line 386, in __str__
    return obj_to_string(self)
  File "/opt/venv/lib/python3.13/site-packages/z3/z3printer.py", line 1457, in obj_to_string
    _PP(out, _Formatter(a))
             ~~~~~~~~~~^^^
  File "/opt/venv/lib/python3.13/site-packages/z3/z3printer.py", line 1348, in __call__
    return self.main(a)
           ~~~~~~~~~^^^
  File "/opt/venv/lib/python3.13/site-packages/z3/z3printer.py", line 1322, in main
    return self.pp_expr(a, 0, [])
           ~~~~~~~~~~~~^^^^^^^^^^
  File "/opt/venv/lib/python3.13/site-packages/z3/z3printer.py", line 1219, in pp_expr
    return self.pp_app(a, d, xs)
           ~~~~~~~~~~~^^^^^^^^^^
  File "/opt/venv/lib/python3.13/site-packages/z3/z3printer.py", line 1188, in pp_app
    return self.pp_prefix(a, d, xs)
           ~~~~~~~~~~~~~~^^^^^^^^^^
  File "/opt/venv/lib/python3.13/site-packages/z3/z3printer.py", line 942, in pp_prefix
    for child in a.children():
                 ~~~~~~~~~~^^
  File "/opt/venv/lib/python3.13/site-packages/z3/z3.py", line 1172, in children
    return [self.arg(i) for i in range(self.num_args())]
            ~~~~~~~~^^^
  File "/opt/venv/lib/python3.13/site-packages/z3/z3.py", line 1158, in arg
    _z3_assert(idx < self.num_args(), "Invalid argument index")
                     ~~~~~~~~~~~~~^^
  File "/opt/venv/lib/python3.13/site-packages/z3/z3.py", line 1137, in num_args
    _z3_assert(is_app(self), "Z3 application expected")
               ~~~~~~^^^^^^
  File "/opt/venv/lib/python3.13/site-packages/z3/z3.py", line 1396, in is_app
    k = _ast_kind(a.ctx, a)
  File "/opt/venv/lib/python3.13/site-packages/z3/z3.py", line 525, in _ast_kind
    return Z3_get_ast_kind(ctx.ref(), a)
  File "/opt/venv/lib/python3.13/site-packages/z3/z3core.py", line 3280, in Z3_get_ast_kind
    _elems.Check(a0)
    ~~~~~~~~~~~~^^^^
  File "/opt/venv/lib/python3.13/site-packages/z3/z3core.py", line 1627, in Check
    err = self.get_error_code(ctx)
ctypes.ArgumentError: argument 1: RecursionError: maximum recursion depth exceeded

During handling of the above exception, another exception occurred:

Traceback (most recent call last):
  File "PseudoCoupHQ/Research/oracle/riscv/rv4_off.py", line 349, in decide_with_the_text_first
    same = holder.normalize(left) == holder.normalize(right)
           ~~~~~~~~~~~~~~~~^^^^^^
  File "PseudoCoupHQ/Research/op_pipeline/term.py", line 972, in normalize
    return one_line(simplified)
  File "PseudoCoupHQ/Research/op_pipeline/term.py", line 1323, in one_line
    text = str(term)
  File "/opt/venv/lib/python3.13/site-packages/z3/z3.py", line 386, in __str__
    return obj_to_string(self)
  File "/opt/venv/lib/python3.13/site-packages/z3/z3printer.py", line 1457, in obj_to_string
    _PP(out, _Formatter(a))
             ~~~~~~~~~~^^^
  File "/opt/venv/lib/python3.13/site-packages/z3/z3printer.py", line 1348, in __call__
    return self.main(a)
           ~~~~~~~~~^^^
  File "/opt/venv/lib/python3.13/site-packages/z3/z3printer.py", line 1322, in main
    return self.pp_expr(a, 0, [])
           ~~~~~~~~~~~~^^^^^^^^^^
  File "/opt/venv/lib/python3.13/site-packages/z3/z3printer.py", line 1219, in pp_expr
    return self.pp_app(a, d, xs)
           ~~~~~~~~~~~^^^^^^^^^^
  File "/opt/venv/lib/python3.13/site-packages/z3/z3printer.py", line 1188, in pp_app
    return self.pp_prefix(a, d, xs)
           ~~~~~~~~~~~~~~^^^^^^^^^^
  File "/opt/venv/lib/python3.13/site-packages/z3/z3printer.py", line 942, in pp_prefix
    for child in a.children():
                 ~~~~~~~~~~^^
  File "/opt/venv/lib/python3.13/site-packages/z3/z3.py", line 1172, in children
    return [self.arg(i) for i in range(self.num_args())]
                                       ~~~~~~~~~~~~~^^
  File "/opt/venv/lib/python3.13/site-packages/z3/z3.py", line 1137, in num_args
    _z3_assert(is_app(self), "Z3 application expected")
               ~~~~~~^^^^^^
  File "/opt/venv/lib/python3.13/site-packages/z3/z3.py", line 1396, in is_app
    k = _ast_kind(a.ctx, a)
  File "/opt/venv/lib/python3.13/site-packages/z3/z3.py", line 525, in _ast_kind
    return Z3_get_ast_kind(ctx.ref(), a)
  File "/opt/venv/lib/python3.13/site-packages/z3/z3core.py", line 3280, in Z3_get_ast_kind
    _elems.Check(a0)
    ~~~~~~~~~~~~^^^^
  File "/opt/venv/lib/python3.13/site-packages/z3/z3core.py", line 1627, in Check
    err = self.get_error_code(ctx)
ctypes.ArgumentError: argument 1: RecursionError: maximum recursion depth exceeded

During handling of the above exception, another exception occurred:

Traceback (most recent call last):
  File "PseudoCoupHQ/Research/oracle/riscv/rv4_off.py", line 349, in decide_with_the_text_first
    same = holder.normalize(left) == holder.normalize(right)
           ~~~~~~~~~~~~~~~~^^^^^^
  File "PseudoCoupHQ/Research/op_pipeline/term.py", line 972, in normalize
    return one_line(simplified)
  File "PseudoCoupHQ/Research/op_pipeline/term.py", line 1323, in one_line
    text = str(term)
  File "/opt/venv/lib/python3.13/site-packages/z3/z3.py", line 386, in __str__
    return obj_to_string(self)
  File "/opt/venv/lib/python3.13/site-packages/z3/z3printer.py", line 1457, in obj_to_string
    _PP(out, _Formatter(a))
             ~~~~~~~~~~^^^
  File "/opt/venv/lib/python3.13/site-packages/z3/z3printer.py", line 1348, in __call__
    return self.main(a)
           ~~~~~~~~~^^^
  File "/opt/venv/lib/python3.13/site-packages/z3/z3printer.py", line 1322, in main
    return self.pp_expr(a, 0, [])
           ~~~~~~~~~~~~^^^^^^^^^^
  File "/opt/venv/lib/python3.13/site-packages/z3/z3printer.py", line 1219, in pp_expr
    return self.pp_app(a, d, xs)
           ~~~~~~~~~~~^^^^^^^^^^
  File "/opt/venv/lib/python3.13/site-packages/z3/z3printer.py", line 1148, in pp_app
    elif z3.is_const(a):
         ~~~~~~~~~~~^^^
  File "/opt/venv/lib/python3.13/site-packages/z3/z3.py", line 1416, in is_const
    return is_app(a) and a.num_args() == 0
                         ~~~~~~~~~~^^
  File "/opt/venv/lib/python3.13/site-packages/z3/z3.py", line 1137, in num_args
    _z3_assert(is_app(self), "Z3 application expected")
               ~~~~~~^^^^^^
  File "/opt/venv/lib/python3.13/site-packages/z3/z3.py", line 1396, in is_app
    k = _ast_kind(a.ctx, a)
  File "/opt/venv/lib/python3.13/site-packages/z3/z3.py", line 525, in _ast_kind
    return Z3_get_ast_kind(ctx.ref(), a)
  File "/opt/venv/lib/python3.13/site-packages/z3/z3core.py", line 3280, in Z3_get_ast_kind
    _elems.Check(a0)
    ~~~~~~~~~~~~^^^^
  File "/opt/venv/lib/python3.13/site-packages/z3/z3core.py", line 1627, in Check
    err = self.get_error_code(ctx)
ctypes.ArgumentError: argument 1: RecursionError: maximum recursion depth exceeded

During handling of the above exception, another exception occurred:

Traceback (most recent call last):
  File "PseudoCoupHQ/Research/oracle/riscv/rv4_off.py", line 349, in decide_with_the_text_first
    same = holder.normalize(left) == holder.normalize(right)
           ~~~~~~~~~~~~~~~~^^^^^^
  File "PseudoCoupHQ/Research/op_pipeline/term.py", line 972, in normalize
    return one_line(simplified)
  File "PseudoCoupHQ/Research/op_pipeline/term.py", line 1323, in one_line
    text = str(term)
  File "/opt/venv/lib/python3.13/site-packages/z3/z3.py", line 386, in __str__
    return obj_to_string(self)
  File "/opt/venv/lib/python3.13/site-packages/z3/z3printer.py", line 1457, in obj_to_string
    _PP(out, _Formatter(a))
             ~~~~~~~~~~^^^
  File "/opt/venv/lib/python3.13/site-packages/z3/z3printer.py", line 1348, in __call__
    return self.main(a)
           ~~~~~~~~~^^^
  File "/opt/venv/lib/python3.13/site-packages/z3/z3printer.py", line 1322, in main
    return self.pp_expr(a, 0, [])
           ~~~~~~~~~~~~^^^^^^^^^^
  File "/opt/venv/lib/python3.13/site-packages/z3/z3printer.py", line 1219, in pp_expr
    return self.pp_app(a, d, xs)
           ~~~~~~~~~~~^^^^^^^^^^
  File "/opt/venv/lib/python3.13/site-packages/z3/z3printer.py", line 1148, in pp_app
    elif z3.is_const(a):
         ~~~~~~~~~~~^^^
  File "/opt/venv/lib/python3.13/site-packages/z3/z3.py", line 1416, in is_const
    return is_app(a) and a.num_args() == 0
           ~~~~~~^^^
  File "/opt/venv/lib/python3.13/site-packages/z3/z3.py", line 1396, in is_app
    k = _ast_kind(a.ctx, a)
  File "/opt/venv/lib/python3.13/site-packages/z3/z3.py", line 525, in _ast_kind
    return Z3_get_ast_kind(ctx.ref(), a)
  File "/opt/venv/lib/python3.13/site-packages/z3/z3core.py", line 3280, in Z3_get_ast_kind
    _elems.Check(a0)
    ~~~~~~~~~~~~^^^^
  File "/opt/venv/lib/python3.13/site-packages/z3/z3core.py", line 1627, in Check
    err = self.get_error_code(ctx)
ctypes.ArgumentError: argument 1: RecursionError: maximum recursion depth exceeded

During handling of the above exception, another exception occurred:

Traceback (most recent call last):
  File "PseudoCoupHQ/Research/oracle/riscv/rv4_off.py", line 349, in decide_with_the_text_first
    same = holder.normalize(left) == holder.normalize(right)
           ~~~~~~~~~~~~~~~~^^^^^^
  File "PseudoCoupHQ/Research/op_pipeline/term.py", line 957, in normalize
    simplified = order_commutative(term)
  File "PseudoCoupHQ/Research/op_pipeline/term.py", line 1316, in order_commutative
    answer = ordering_key(term, cache)
  File "PseudoCoupHQ/Research/op_pipeline/term.py", line 1257, in ordering_key
    cache[key] = rebuilt_node(current, cache)
                 ~~~~~~~~~~~~^^^^^^^^^^^^^^^^
  File "PseudoCoupHQ/Research/op_pipeline/term.py", line 1293, in rebuilt_node
    rebuilt = declaration(*arguments)
  File "/opt/venv/lib/python3.13/site-packages/z3/z3.py", line 903, in __call__
    tmp = self.domain(i).cast(args[i])
          ~~~~~~~~~~~^^^
  File "/opt/venv/lib/python3.13/site-packages/z3/z3.py", line 825, in domain
    return _to_sort_ref(Z3_get_domain(self.ctx_ref(), self.ast, i), self.ctx)
  File "/opt/venv/lib/python3.13/site-packages/z3/z3.py", line 706, in _to_sort_ref
    return BitVecSortRef(s, ctx)
  File "/opt/venv/lib/python3.13/site-packages/z3/z3.py", line 375, in __init__
    Z3_inc_ref(self.ctx.ref(), self.as_ast())
                               ~~~~~~~~~~~^^
  File "/opt/venv/lib/python3.13/site-packages/z3/z3.py", line 594, in as_ast
    return Z3_sort_to_ast(self.ctx_ref(), self.ast)
  File "/opt/venv/lib/python3.13/site-packages/z3/z3core.py", line 3010, in Z3_sort_to_ast
    _elems.Check(a0)
    ~~~~~~~~~~~~^^^^
  File "/opt/venv/lib/python3.13/site-packages/z3/z3core.py", line 1627, in Check
    err = self.get_error_code(ctx)
ctypes.ArgumentError: argument 1: RecursionError: maximum recursion depth exceeded

During handling of the above exception, another exception occurred:

Traceback (most recent call last):
  File "PseudoCoupHQ/Research/oracle/riscv/rv4_off.py", line 349, in decide_with_the_text_first
    same = holder.normalize(left) == holder.normalize(right)
           ~~~~~~~~~~~~~~~~^^^^^^
  File "PseudoCoupHQ/Research/op_pipeline/term.py", line 957, in normalize
    simplified = order_commutative(term)
  File "PseudoCoupHQ/Research/op_pipeline/term.py", line 1316, in order_commutative
    answer = ordering_key(term, cache)
  File "PseudoCoupHQ/Research/op_pipeline/term.py", line 1257, in ordering_key
    cache[key] = rebuilt_node(current, cache)
                 ~~~~~~~~~~~~^^^^^^^^^^^^^^^^
  File "PseudoCoupHQ/Research/op_pipeline/term.py", line 1266, in rebuilt_node
    name = operator_name(current)
  File "PseudoCoupHQ/Research/op_pipeline/term.py", line 1217, in operator_name
    declaration = node.decl()
  File "/opt/venv/lib/python3.13/site-packages/z3/z3.py", line 1115, in decl
    return FuncDeclRef(Z3_get_app_decl(self.ctx_ref(), self.as_ast()), self.ctx)
  File "/opt/venv/lib/python3.13/site-packages/z3/z3.py", line 375, in __init__
    Z3_inc_ref(self.ctx.ref(), self.as_ast())
                               ~~~~~~~~~~~^^
  File "/opt/venv/lib/python3.13/site-packages/z3/z3.py", line 786, in as_ast
    return Z3_func_decl_to_ast(self.ctx_ref(), self.ast)
  File "/opt/venv/lib/python3.13/site-packages/z3/z3core.py", line 3135, in Z3_func_decl_to_ast
    _elems.Check(a0)
    ~~~~~~~~~~~~^^^^
  File "/opt/venv/lib/python3.13/site-packages/z3/z3core.py", line 1627, in Check
    err = self.get_error_code(ctx)
ctypes.ArgumentError: argument 1: RecursionError: maximum recursion depth exceeded

During handling of the above exception, another exception occurred:

Traceback (most recent call last):
  File "PseudoCoupHQ/Research/oracle/riscv/rv4_off.py", line 349, in decide_with_the_text_first
    same = holder.normalize(left) == holder.normalize(right)
           ~~~~~~~~~~~~~~~~^^^^^^
  File "PseudoCoupHQ/Research/op_pipeline/term.py", line 957, in normalize
    simplified = order_commutative(term)
  File "PseudoCoupHQ/Research/op_pipeline/term.py", line 1316, in order_commutative
    answer = ordering_key(term, cache)
  File "PseudoCoupHQ/Research/op_pipeline/term.py", line 1257, in ordering_key
    cache[key] = rebuilt_node(current, cache)
                 ~~~~~~~~~~~~^^^^^^^^^^^^^^^^
  File "PseudoCoupHQ/Research/op_pipeline/term.py", line 1264, in rebuilt_node
    declaration = current.decl()
  File "/opt/venv/lib/python3.13/site-packages/z3/z3.py", line 1115, in decl
    return FuncDeclRef(Z3_get_app_decl(self.ctx_ref(), self.as_ast()), self.ctx)
  File "/opt/venv/lib/python3.13/site-packages/z3/z3.py", line 375, in __init__
    Z3_inc_ref(self.ctx.ref(), self.as_ast())
                               ~~~~~~~~~~~^^
  File "/opt/venv/lib/python3.13/site-packages/z3/z3.py", line 786, in as_ast
    return Z3_func_decl_to_ast(self.ctx_ref(), self.ast)
  File "/opt/venv/lib/python3.13/site-packages/z3/z3core.py", line 3135, in Z3_func_decl_to_ast
    _elems.Check(a0)
    ~~~~~~~~~~~~^^^^
  File "/opt/venv/lib/python3.13/site-packages/z3/z3core.py", line 1627, in Check
    err = self.get_error_code(ctx)
ctypes.ArgumentError: argument 1: RecursionError: maximum recursion depth exceeded

During handling of the above exception, another exception occurred:

Traceback (most recent call last):
  File "PseudoCoupHQ/Research/oracle/riscv/rv4_off.py", line 349, in decide_with_the_text_first
    same = holder.normalize(left) == holder.normalize(right)
           ~~~~~~~~~~~~~~~~^^^^^^
  File "PseudoCoupHQ/Research/op_pipeline/term.py", line 957, in normalize
    simplified = order_commutative(term)
  File "PseudoCoupHQ/Research/op_pipeline/term.py", line 1316, in order_commutative
    answer = ordering_key(term, cache)
  File "PseudoCoupHQ/Research/op_pipeline/term.py", line 1255, in ordering_key
    stack.append((current.arg(index), False))
                  ~~~~~~~~~~~^^^^^^^
  File "/opt/venv/lib/python3.13/site-packages/z3/z3.py", line 1158, in arg
    _z3_assert(idx < self.num_args(), "Invalid argument index")
                     ~~~~~~~~~~~~~^^
  File "/opt/venv/lib/python3.13/site-packages/z3/z3.py", line 1137, in num_args
    _z3_assert(is_app(self), "Z3 application expected")
               ~~~~~~^^^^^^
  File "/opt/venv/lib/python3.13/site-packages/z3/z3.py", line 1396, in is_app
    k = _ast_kind(a.ctx, a)
  File "/opt/venv/lib/python3.13/site-packages/z3/z3.py", line 525, in _ast_kind
    return Z3_get_ast_kind(ctx.ref(), a)
  File "/opt/venv/lib/python3.13/site-packages/z3/z3core.py", line 3280, in Z3_get_ast_kind
    _elems.Check(a0)
    ~~~~~~~~~~~~^^^^
  File "/opt/venv/lib/python3.13/site-packages/z3/z3core.py", line 1627, in Check
    err = self.get_error_code(ctx)
ctypes.ArgumentError: argument 1: RecursionError: maximum recursion depth exceeded

During handling of the above exception, another exception occurred:

Traceback (most recent call last):
  File "PseudoCoupHQ/Research/oracle/riscv/rv4_off.py", line 349, in decide_with_the_text_first
    same = holder.normalize(left) == holder.normalize(right)
           ~~~~~~~~~~~~~~~~^^^^^^
  File "PseudoCoupHQ/Research/op_pipeline/term.py", line 957, in normalize
    simplified = order_commutative(term)
  File "PseudoCoupHQ/Research/op_pipeline/term.py", line 1316, in order_commutative
    answer = ordering_key(term, cache)
  File "PseudoCoupHQ/Research/op_pipeline/term.py", line 1254, in ordering_key
    for index in range(current.num_args()):
                       ~~~~~~~~~~~~~~~~^^
  File "/opt/venv/lib/python3.13/site-packages/z3/z3.py", line 1137, in num_args
    _z3_assert(is_app(self), "Z3 application expected")
               ~~~~~~^^^^^^
  File "/opt/venv/lib/python3.13/site-packages/z3/z3.py", line 1396, in is_app
    k = _ast_kind(a.ctx, a)
  File "/opt/venv/lib/python3.13/site-packages/z3/z3.py", line 525, in _ast_kind
    return Z3_get_ast_kind(ctx.ref(), a)
  File "/opt/venv/lib/python3.13/site-packages/z3/z3core.py", line 3280, in Z3_get_ast_kind
    _elems.Check(a0)
    ~~~~~~~~~~~~^^^^
  File "/opt/venv/lib/python3.13/site-packages/z3/z3core.py", line 1627, in Check
    err = self.get_error_code(ctx)
ctypes.ArgumentError: argument 1: RecursionError: maximum recursion depth exceeded

During handling of the above exception, another exception occurred:

Traceback (most recent call last):
  File "PseudoCoupHQ/Research/oracle/riscv/rv4_off.py", line 349, in decide_with_the_text_first
    same = holder.normalize(left) == holder.normalize(right)
           ~~~~~~~~~~~~~~~~^^^^^^
  File "PseudoCoupHQ/Research/op_pipeline/term.py", line 957, in normalize
    simplified = order_commutative(term)
  File "PseudoCoupHQ/Research/op_pipeline/term.py", line 1316, in order_commutative
    answer = ordering_key(term, cache)
  File "PseudoCoupHQ/Research/op_pipeline/term.py", line 1248, in ordering_key
    if not z3.is_app(current):
           ~~~~~~~~~^^^^^^^^^
  File "/opt/venv/lib/python3.13/site-packages/z3/z3.py", line 1396, in is_app
    k = _ast_kind(a.ctx, a)
  File "/opt/venv/lib/python3.13/site-packages/z3/z3.py", line 525, in _ast_kind
    return Z3_get_ast_kind(ctx.ref(), a)
  File "/opt/venv/lib/python3.13/site-packages/z3/z3core.py", line 3280, in Z3_get_ast_kind
    _elems.Check(a0)
    ~~~~~~~~~~~~^^^^
  File "/opt/venv/lib/python3.13/site-packages/z3/z3core.py", line 1627, in Check
    err = self.get_error_code(ctx)
ctypes.ArgumentError: argument 1: RecursionError: maximum recursion depth exceeded

During handling of the above exception, another exception occurred:

Traceback (most recent call last):
  File "PseudoCoupHQ/Research/oracle/riscv/rv4_off.py", line 349, in decide_with_the_text_first
    same = holder.normalize(left) == holder.normalize(right)
           ~~~~~~~~~~~~~~~~^^^^^^
  File "PseudoCoupHQ/Research/op_pipeline/term.py", line 957, in normalize
    simplified = order_commutative(term)
  File "PseudoCoupHQ/Research/op_pipeline/term.py", line 1316, in order_commutative
    answer = ordering_key(term, cache)
  File "PseudoCoupHQ/Research/op_pipeline/term.py", line 1245, in ordering_key
    key = current.get_id()
  File "/opt/venv/lib/python3.13/site-packages/z3/z3.py", line 1035, in get_id
    return Z3_get_ast_id(self.ctx_ref(), self.as_ast())
  File "/opt/venv/lib/python3.13/site-packages/z3/z3core.py", line 3255, in Z3_get_ast_id
    _elems.Check(a0)
    ~~~~~~~~~~~~^^^^
  File "/opt/venv/lib/python3.13/site-packages/z3/z3core.py", line 1627, in Check
    err = self.get_error_code(ctx)
ctypes.ArgumentError: argument 1: RecursionError: maximum recursion depth exceeded

During handling of the above exception, another exception occurred:

Traceback (most recent call last):
  File "PseudoCoupHQ/Research/oracle/riscv/rv4_off.py", line 1366, in <module>
    sys.exit(main())
             ~~~~^^
  File "PseudoCoupHQ/Research/oracle/riscv/rv4_off.py", line 1353, in main
    return shard_command(sys.argv[2], sys.argv[3], int(sys.argv[4]),
                         int(sys.argv[5]), float(sys.argv[6]),
                         sys.argv[7], sys.argv[8], sys.argv[9])
  File "PseudoCoupHQ/Research/oracle/riscv/rv4_off.py", line 902, in shard_command
    row = one_pair(held, reference, pair, terms, work_root,
                   pair["number"])
  File "PseudoCoupHQ/Research/oracle/riscv/rv4_off.py", line 726, in one_pair
    row = RVG.one_run(H, RL, INH, CONS, reference, cell,
                      pair["place"], term, pair["target"],
                      work_root, number)
  File "PseudoCoupHQ/Research/oracle/cross_construction/emulation/construct/general/rv_general.py", line 227, in one_run
    attempts.append(one_attempt(H, RL, INH, reference, cell,
                    ~~~~~~~~~~~^^^^^^^^^^^^^^^^^^^^^^^^^^^^^
                                place_name, term, target, record,
                                ^^^^^^^^^^^^^^^^^^^^^^^^^^^^^^^^^
                                word, policy, work_root, number))
                                ^^^^^^^^^^^^^^^^^^^^^^^^^^^^^^^^
  File "PseudoCoupHQ/Research/oracle/cross_construction/emulation/construct/general/rv_general.py", line 177, in one_attempt
    outcome, counterexample = INH.decide(INH.at_width(answer, width),
                              ~~~~~~~~~~^^^^^^^^^^^^^^^^^^^^^^^^^^^^^
                                         INH.at_width(term, width),
                                         ^^^^^^^^^^^^^^^^^^^^^^^^^^
                                         SOLVER_MS)
                                         ^^^^^^^^^^
  File "PseudoCoupHQ/Research/oracle/riscv/rv4_off.py", line 363, in decide_with_the_text_first
    return INH.decide(left, right, timeout_ms)
           ~~~~~~~~~~^^^^^^^^^^^^^^^^^^^^^^^^^
  File "PseudoCoupHQ/Research/oracle/riscv/rv4_off.py", line 363, in decide_with_the_text_first
    return INH.decide(left, right, timeout_ms)
           ~~~~~~~~~~^^^^^^^^^^^^^^^^^^^^^^^^^
  File "PseudoCoupHQ/Research/oracle/riscv/rv4_off.py", line 363, in decide_with_the_text_first
    return INH.decide(left, right, timeout_ms)
           ~~~~~~~~~~^^^^^^^^^^^^^^^^^^^^^^^^^
  [Previous line repeated 29967 more times]
  File "PseudoCoupHQ/Research/oracle/riscv/rv4_off.py", line 355, in decide_with_the_text_first
    return INH.decide(left, right, timeout_ms)
           ~~~~~~~~~~^^^^^^^^^^^^^^^^^^^^^^^^^
  File "PseudoCoupHQ/Research/oracle/riscv/rv4_off.py", line 355, in decide_with_the_text_first
    return INH.decide(left, right, timeout_ms)
           ~~~~~~~~~~^^^^^^^^^^^^^^^^^^^^^^^^^
  File "PseudoCoupHQ/Research/oracle/riscv/rv4_off.py", line 355, in decide_with_the_text_first
    return INH.decide(left, right, timeout_ms)
           ~~~~~~~~~~^^^^^^^^^^^^^^^^^^^^^^^^^
  [Previous line repeated 15 more times]
  File "PseudoCoupHQ/Research/oracle/riscv/rv4_off.py", line 347, in decide_with_the_text_first
    holder = TERMS.Term()
  File "PseudoCoupHQ/Research/op_pipeline/term.py", line 372, in __init__
    runtime_answers = CF.runtime_answer_readings()
  File "PseudoCoupHQ/Research/op_pipeline/canonical_form.py", line 216, in runtime_answer_readings
    document = json.load(open(path))
  File "/opt/python/cpython-3.13.15-linux-x86_64-gnu/lib/python3.13/json/__init__.py", line 298, in load
    return loads(fp.read(),
        cls=cls, object_hook=object_hook,
        parse_float=parse_float, parse_int=parse_int,
        parse_constant=parse_constant, object_pairs_hook=object_pairs_hook, **kw)
  File "/opt/python/cpython-3.13.15-linux-x86_64-gnu/lib/python3.13/json/__init__.py", line 352, in loads
    return _default_decoder.decode(s)
           ~~~~~~~~~~~~~~~~~~~~~~~^^^
  File "/opt/python/cpython-3.13.15-linux-x86_64-gnu/lib/python3.13/json/decoder.py", line 345, in decode
    obj, end = self.raw_decode(s, idx=_w(s, 0).end())
               ~~~~~~~~~~~~~~~^^^^^^^^^^^^^^^^^^^^^^^
RecursionError: maximum recursion depth exceeded
