  proof lib LeanIM; executable lib LeanIMPrExecutable; decoder state: s0
  emitted definitions scanned: 4750; lean-sail definitions indexed: 137
  decode: 2110 words, lean rc=0, 655.8s
  register expressions evaluated: 10 of 11 (5.0s)
  certifying with 1 Lean job(s) at a time
  ZIMOP_MOP_RR__one__rd__c__all_constructed COMPOSED  (pure_ITYPE (zero_reg) (((sign_extend (m := 12) (0x00#6)))) (ADDI))
  ZIMOP_MOP_RR__one__rd__rust__all_constructed COMPOSED  (pure_ITYPE (zero_reg) (((sign_extend (m := 12) (0x00#6)))) (ADDI))
  ZIMOP_MOP_R__one__rd__c__all_constructed COMPOSED  (pure_ITYPE (zero_reg) (((sign_extend (m := 12) (0x00#6)))) (ADDI))
  ZIMOP_MOP_R__one__rd__rust__all_constructed COMPOSED  (pure_ITYPE (zero_reg) (((sign_extend (m := 12) (0x00#6)))) (ADDI))
  ZBS_RTYPE__op_BCLR__rd__c__all_constructed COMPOSED  (pure_ZBB_RTYPE (b) ((pure_RTYPE ((pure_RTYPE ((pure_RTYPE ((pure_RTYPE ((pure_RTYPE ((pur
  ZBS_RTYPE__op_BCLR__rd__rust__all_constructed COMPOSED  (pure_RTYPE ((pure_ITYPE ((pure_RTYPE ((pure_RTYPE ((pure_RTYPE ((pure_RTYPE ((pure_RTYPE 
  ZBS_RTYPE__op_BEXT__rd__c__all_constructed COMPOSED  (pure_ITYPE ((pure_RTYPE ((pure_RTYPE ((pure_RTYPE ((pure_RTYPE ((pure_RTYPE ((pure_RTYPE 
  ZBS_RTYPE__op_BEXT__rd__rust__all_constructed COMPOSED  (pure_ITYPE ((pure_RTYPE ((pure_RTYPE ((pure_RTYPE ((pure_RTYPE ((pure_RTYPE ((pure_RTYPE 
  ZBS_RTYPE__op_BINV__rd__c__all_constructed COMPOSED  (pure_RTYPE (a) ((pure_RTYPE ((pure_RTYPE ((pure_RTYPE ((pure_RTYPE ((pure_RTYPE ((pure_IT
  ZBS_RTYPE__op_BINV__rd__rust__all_constructed COMPOSED  (pure_RTYPE (a) ((pure_RTYPE ((pure_RTYPE ((pure_RTYPE ((pure_RTYPE ((pure_RTYPE ((pure_IT
  ZBS_RTYPE__op_BSET__rd__c__all_constructed COMPOSED  (pure_RTYPE (a) ((pure_RTYPE ((pure_RTYPE ((pure_RTYPE ((pure_RTYPE ((pure_RTYPE ((pure_IT
  ZBS_RTYPE__op_BSET__rd__rust__all_constructed COMPOSED  (pure_RTYPE (a) ((pure_RTYPE ((pure_RTYPE ((pure_RTYPE ((pure_RTYPE ((pure_RTYPE ((pure_IT
  ZBS_IOP__op_BCLRI__rd__c__all_constructed COMPOSED  (pure_ZBB_RTYPE (b) ((pure_RTYPE ((pure_RTYPE ((pure_RTYPE ((pure_RTYPE ((pure_RTYPE ((pur
  ZBS_IOP__op_BCLRI__rd__rust__all_constructed COMPOSED  (pure_RTYPE ((pure_ITYPE ((pure_RTYPE ((pure_RTYPE ((pure_RTYPE ((pure_RTYPE ((pure_RTYPE 
  ZBS_IOP__op_BEXTI__rd__c__all_constructed COMPOSED  (pure_ITYPE ((pure_RTYPE ((pure_RTYPE ((pure_RTYPE ((pure_RTYPE ((pure_RTYPE ((pure_RTYPE 
  ZBS_IOP__op_BEXTI__rd__rust__all_constructed COMPOSED  (pure_ITYPE ((pure_RTYPE ((pure_RTYPE ((pure_RTYPE ((pure_RTYPE ((pure_RTYPE ((pure_RTYPE 
  ZBS_IOP__op_BINVI__rd__c__all_constructed COMPOSED  (pure_RTYPE (a) ((pure_RTYPE ((pure_RTYPE ((pure_RTYPE ((pure_RTYPE ((pure_RTYPE ((pure_IT
  ZBS_IOP__op_BINVI__rd__rust__all_constructed COMPOSED  (pure_RTYPE (a) ((pure_RTYPE ((pure_RTYPE ((pure_RTYPE ((pure_RTYPE ((pure_RTYPE ((pure_IT
  ZBS_IOP__op_BSETI__rd__c__all_constructed COMPOSED  (pure_RTYPE (a) ((pure_RTYPE ((pure_RTYPE ((pure_RTYPE ((pure_RTYPE ((pure_RTYPE ((pure_IT
  ZBS_IOP__op_BSETI__rd__rust__all_constructed COMPOSED  (pure_RTYPE (a) ((pure_RTYPE ((pure_RTYPE ((pure_RTYPE ((pure_RTYPE ((pure_RTYPE ((pure_IT
  ZBKB_RTYPE__op_PACK__rd__c__all_constructed COMPOSED  (pure_ZBA_RTYPEUW (b) ((pure_SHIFTIOP (a) ((0x20#6)) (SLLI))) (0x0#2))
  ZBKB_RTYPE__op_PACK__rd__rust__all_constructed COMPOSED  (pure_RTYPE ((pure_SHIFTIOP (a) ((0x20#6)) (SLLI))) ((pure_SHIFTIOP ((pure_SHIFTIOP (b) ((
  ZBKB_RTYPE__op_PACKH__rd__c__all_constructed COMPOSED  (pure_RTYPE ((pure_SHIFTIOP (a) ((0x08#6)) (SLLI))) (b) (OR))
  ZBKB_RTYPE__op_PACKH__rd__rust__all_constructed COMPOSED  (pure_RTYPE ((pure_SHIFTIOP (a) ((0x08#6)) (SLLI))) (b) (OR))
  ZBB_RTYPEW__op_ROLW__rd__c__all_constructed REFUSED  no certified pure form for ZICOND_RTYPE (an element the rule does not know: let condition ← (( do)
  ZBB_RTYPEW__op_ROLW__rd__rust__all_constructed COMPOSED  (pure_RTYPE ((pure_RTYPE ((pure_SHIFTIOP ((pure_SHIFTIOP ((pure_RTYPE ((pure_RTYPE ((pure_
  ZBB_RTYPEW__op_RORW__rd__c__all_constructed REFUSED  no certified pure form for ZICOND_RTYPE (an element the rule does not know: let condition ← (( do)
  ZBB_RTYPEW__op_RORW__rd__rust__all_constructed COMPOSED  (pure_RTYPE ((pure_RTYPE ((pure_SHIFTIOP ((pure_SHIFTIOP ((pure_RTYPE ((pure_RTYPE ((pure_
  ZBB_RTYPE__op_ANDN__rd__c__all_constructed COMPOSED  (pure_ZBB_RTYPE (a) (b) (LeanIM.brop_zbb.ANDN))
  ZBB_RTYPE__op_ANDN__rd__rust__all_constructed COMPOSED  (pure_RTYPE (a) ((pure_ITYPE (b) (0xfff#12) (LeanIM.iop.XORI))) (AND))
  ZBB_RTYPE__op_ORN__rd__c__all_constructed COMPOSED  (pure_ZBB_RTYPE (a) (b) (LeanIM.brop_zbb.ORN))
  ZBB_RTYPE__op_ORN__rd__rust__all_constructed COMPOSED  (pure_RTYPE (a) ((pure_ITYPE (b) (0xfff#12) (LeanIM.iop.XORI))) (OR))
  ZBB_RTYPE__op_XNOR__rd__c__all_constructed COMPOSED  (pure_ZBB_RTYPE (a) (b) (LeanIM.brop_zbb.XNOR))
  ZBB_RTYPE__op_XNOR__rd__rust__all_constructed COMPOSED  (pure_ITYPE ((pure_RTYPE (a) (b) (XOR))) (0xfff#12) (LeanIM.iop.XORI))
  ZBB_RTYPE__op_MAX__rd__c__all_constructed REFUSED  no certified pure form for ZICOND_RTYPE (an element the rule does not know: let condition ← (( do)
  ZBB_RTYPE__op_MAX__rd__rust__all_constructed REFUSED  no certified pure form for BTYPE (an element the rule does not know: let taken ← (( do)
  ZBB_RTYPE__op_MAXU__rd__c__all_constructed REFUSED  no certified pure form for ZICOND_RTYPE (an element the rule does not know: let condition ← (( do)
  ZBB_RTYPE__op_MAXU__rd__rust__all_constructed REFUSED  no certified pure form for BTYPE (an element the rule does not know: let taken ← (( do)
  ZBB_RTYPE__op_MIN__rd__c__all_constructed REFUSED  no certified pure form for ZICOND_RTYPE (an element the rule does not know: let condition ← (( do)
  ZBB_RTYPE__op_MIN__rd__rust__all_constructed REFUSED  no certified pure form for BTYPE (an element the rule does not know: let taken ← (( do)
  ZBB_RTYPE__op_MINU__rd__c__all_constructed REFUSED  no certified pure form for ZICOND_RTYPE (an element the rule does not know: let condition ← (( do)
  ZBB_RTYPE__op_MINU__rd__rust__all_constructed REFUSED  no certified pure form for BTYPE (an element the rule does not know: let taken ← (( do)
  ZBB_RTYPE__op_ROL__rd__c__all_constructed REFUSED  no certified pure form for ZICOND_RTYPE (an element the rule does not know: let condition ← (( do)
  ZBB_RTYPE__op_ROL__rd__rust__all_constructed COMPOSED  (pure_RTYPE ((pure_RTYPE ((pure_ITYPE ((pure_SHIFTIOP ((pure_RTYPE ((pure_RTYPE ((pure_SHI
  ZBB_RTYPE__op_ROR__rd__c__all_constructed REFUSED  no certified pure form for ZICOND_RTYPE (an element the rule does not know: let condition ← (( do)
  ZBB_RTYPE__op_ROR__rd__rust__all_constructed COMPOSED  (pure_RTYPE ((pure_RTYPE ((pure_ITYPE ((pure_SHIFTIOP ((pure_RTYPE ((pure_RTYPE ((pure_SHI
  ZBB_EXTOP__op_SEXTB__rd__c__all_constructed COMPOSED  (pure_RTYPE (a) ((pure_SHIFTIOP ((pure_RTYPE ((pure_ZBA_RTYPE ((pure_RTYPE ((pure_ZBA_RTYP
  ZBB_EXTOP__op_SEXTB__rd__rust__all_constructed COMPOSED  (pure_RTYPE (a) ((pure_SHIFTIOP ((pure_RTYPE ((pure_SHIFTIOP ((pure_RTYPE ((pure_SHIFTIOP 
  ZBB_EXTOP__op_SEXTH__rd__c__all_constructed COMPOSED  (pure_RTYPE (a) ((pure_SHIFTIOP ((pure_RTYPE ((pure_ZBA_RTYPE ((pure_RTYPE ((pure_ZBA_RTYP
  ZBB_EXTOP__op_SEXTH__rd__rust__all_constructed COMPOSED  (pure_RTYPE (a) ((pure_SHIFTIOP ((pure_RTYPE ((pure_SHIFTIOP ((pure_RTYPE ((pure_SHIFTIOP 
  ZBB_EXTOP__op_ZEXTH__rd__c__all_constructed COMPOSED  a
  ZBB_EXTOP__op_ZEXTH__rd__rust__all_constructed COMPOSED  a
  ZBA_RTYPEUW__one__rd__c__all_constructed COMPOSED  (pure_RTYPE ((pure_RTYPE ((pure_RTYPE ((pure_RTYPE ((pure_ZBA_RTYPEUW (a) (zero_reg) (0b00
  ZBA_RTYPEUW__one__rd__rust__all_constructed COMPOSED  (pure_RTYPE ((pure_RTYPE ((pure_RTYPE ((pure_RTYPE ((pure_SHIFTIOP ((pure_SHIFTIOP (a) ((0
  ZBA_RTYPE__one__rd__c__all_constructed   COMPOSED  (pure_RTYPE ((pure_RTYPE ((pure_RTYPE ((pure_RTYPE (a) ((pure_ITYPE (b) (0x001#12) (LeanIM
  ZBA_RTYPE__one__rd__rust__all_constructed COMPOSED  (pure_RTYPE ((pure_RTYPE ((pure_RTYPE ((pure_RTYPE (a) ((pure_ITYPE (b) (0x001#12) (LeanIM
  UTYPE__op_LUI__rd__c__all_constructed    COMPOSED  (pure_SHIFTIWOP (a) (0x0c#5) (LeanIM.sopw.SLLIW))
  UTYPE__op_LUI__rd__rust__all_constructed COMPOSED  (pure_SHIFTIWOP (a) (0x0c#5) (LeanIM.sopw.SLLIW))
  UTYPE__op_AUIPC__rd__c__all_constructed  COMPOSED  (pure_RTYPE ((pure_RTYPE (a) ((pure_SHIFTIWOP (b) (0x0c#5) (LeanIM.sopw.SLLIW))) (XOR))) (
  UTYPE__op_AUIPC__rd__rust__all_constructed COMPOSED  (pure_RTYPE ((pure_RTYPE (a) ((pure_SHIFTIWOP (b) (0x0c#5) (LeanIM.sopw.SLLIW))) (XOR))) (
  STORE__width_1__mem_addr__c__all_constructed COMPOSED  (pure_RTYPE ((pure_RTYPE (a) ((pure_RTYPE ((pure_SHIFTIOP ((pure_RTYPE ((pure_ZBS_IOP (b) 
  STORE__width_1__mem_addr__rust__all_constructed COMPOSED  (pure_RTYPE ((pure_RTYPE (a) ((pure_RTYPE ((pure_SHIFTIOP ((pure_RTYPE ((pure_RTYPE ((pure
  STORE__width_1__mem_data__c__all_constructed COMPOSED  a
  STORE__width_1__mem_data__rust__all_constructed COMPOSED  a
  STORE__width_2__mem_addr__c__all_constructed COMPOSED  (pure_RTYPE ((pure_RTYPE (a) ((pure_RTYPE ((pure_SHIFTIOP ((pure_RTYPE ((pure_ZBS_IOP (b) 
  STORE__width_2__mem_addr__rust__all_constructed COMPOSED  (pure_RTYPE ((pure_RTYPE (a) ((pure_RTYPE ((pure_SHIFTIOP ((pure_RTYPE ((pure_RTYPE ((pure
  STORE__width_2__mem_data__c__all_constructed COMPOSED  a
  STORE__width_2__mem_data__rust__all_constructed COMPOSED  a
  STORE__width_4__mem_addr__c__all_constructed COMPOSED  (pure_RTYPE ((pure_RTYPE (a) ((pure_RTYPE ((pure_SHIFTIOP ((pure_RTYPE ((pure_ZBS_IOP (b) 
  STORE__width_4__mem_addr__rust__all_constructed COMPOSED  (pure_RTYPE ((pure_RTYPE (a) ((pure_RTYPE ((pure_SHIFTIOP ((pure_RTYPE ((pure_RTYPE ((pure
  STORE__width_4__mem_data__c__all_constructed COMPOSED  a
  STORE__width_4__mem_data__rust__all_constructed COMPOSED  a
  STORE__width_8__mem_addr__c__all_constructed COMPOSED  (pure_RTYPE ((pure_RTYPE (a) ((pure_RTYPE ((pure_SHIFTIOP ((pure_RTYPE ((pure_ZBS_IOP (b) 
  STORE__width_8__mem_addr__rust__all_constructed COMPOSED  (pure_RTYPE ((pure_RTYPE (a) ((pure_RTYPE ((pure_SHIFTIOP ((pure_RTYPE ((pure_RTYPE ((pure
  STORE__width_8__mem_data__c__all_constructed COMPOSED  a
  STORE__width_8__mem_data__rust__all_constructed COMPOSED  a
  SLLIUW__one__rd__c__all_constructed      COMPOSED  (pure_RTYPE ((pure_RTYPE ((pure_RTYPE ((pure_RTYPE ((pure_RTYPE ((pure_RTYPE ((pure_ZBA_RT
  SLLIUW__one__rd__rust__all_constructed   COMPOSED  (pure_RTYPE ((pure_RTYPE ((pure_RTYPE ((pure_RTYPE ((pure_RTYPE ((pure_RTYPE ((pure_SHIFTI
  SHIFTIWOP__op_SLLIW__rd__c__all_constructed COMPOSED  (pure_ZBA_RTYPEUW ((pure_RTYPEW ((pure_RTYPEW ((pure_RTYPEW ((pure_RTYPEW ((pure_RTYPEW (a
  SHIFTIWOP__op_SLLIW__rd__rust__all_constructed COMPOSED  (pure_RTYPE ((pure_RTYPE ((pure_SHIFTIOP ((pure_SHIFTIOP ((pure_RTYPEW ((pure_RTYPEW ((pur
  SHIFTIWOP__op_SRLIW__rd__c__all_constructed COMPOSED  (pure_ZBA_RTYPEUW ((pure_RTYPEW ((pure_RTYPEW ((pure_RTYPEW ((pure_RTYPEW ((pure_RTYPEW (a
  SHIFTIWOP__op_SRLIW__rd__rust__all_constructed COMPOSED  (pure_RTYPE ((pure_RTYPE ((pure_SHIFTIOP ((pure_SHIFTIOP ((pure_RTYPEW ((pure_RTYPEW ((pur
  SHIFTIWOP__op_SRAIW__rd__c__all_constructed REFUSED  no certified pure form for UTYPE (an effect in an arm beyond register reads: ((← (get_arch_pc ())) + off))
  SHIFTIWOP__op_SRAIW__rd__rust__all_constructed REFUSED  no certified pure form for BTYPE (an element the rule does not know: let taken ← (( do)
  SHIFTIOP__op_SLLI__rd__c__all_constructed COMPOSED  (pure_RTYPE ((pure_RTYPE ((pure_RTYPE ((pure_RTYPE ((pure_RTYPE ((pure_RTYPE (a) ((pure_IT
  SHIFTIOP__op_SLLI__rd__rust__all_constructed COMPOSED  (pure_RTYPE ((pure_RTYPE ((pure_RTYPE ((pure_RTYPE ((pure_RTYPE ((pure_RTYPE (a) ((pure_IT
  SHIFTIOP__op_SRLI__rd__c__all_constructed COMPOSED  (pure_RTYPE ((pure_RTYPE ((pure_RTYPE ((pure_RTYPE ((pure_RTYPE ((pure_RTYPE (a) ((pure_IT
  SHIFTIOP__op_SRLI__rd__rust__all_constructed COMPOSED  (pure_RTYPE ((pure_RTYPE ((pure_RTYPE ((pure_RTYPE ((pure_RTYPE ((pure_RTYPE (a) ((pure_IT
  SHIFTIOP__op_SRAI__rd__c__all_constructed REFUSED  no certified pure form for ZICOND_RTYPE (an element the rule does not know: let condition ← (( do)
  SHIFTIOP__op_SRAI__rd__rust__all_constructed REFUSED  no certified pure form for BTYPE (an element the rule does not know: let taken ← (( do)
  SHA512SUM1R__one__rd__c__all_constructed REFUSED  reads x2, outside the ABI arguments
  SHA512SUM1R__one__rd__rust__all_constructed REFUSED  reads x2, outside the ABI arguments
  SHA512SUM0R__one__rd__c__all_constructed REFUSED  reads x2, outside the ABI arguments
  SHA512SUM0R__one__rd__rust__all_constructed REFUSED  reads x2, outside the ABI arguments
  SHA512SIG1L__one__rd__c__all_constructed REFUSED  reads x2, outside the ABI arguments
  SHA512SIG1L__one__rd__rust__all_constructed REFUSED  reads x2, outside the ABI arguments
  SHA512SIG1H__one__rd__c__all_constructed COMPOSED  (pure_ZBA_RTYPE ((pure_RTYPE ((pure_ZBA_RTYPEUW ((pure_SHIFTIOP ((pure_RTYPE ((pure_RTYPE 
  SHA512SIG1H__one__rd__rust__all_constructed COMPOSED  (pure_RTYPE ((pure_SHIFTIOP ((pure_RTYPE ((pure_RTYPE ((pure_SHIFTIOP ((pure_RTYPE ((pure_
  SHA512SIG0L__one__rd__c__all_constructed REFUSED  reads x2, outside the ABI arguments
  SHA512SIG0L__one__rd__rust__all_constructed REFUSED  reads x2, outside the ABI arguments
  SHA512SIG0H__one__rd__c__all_constructed COMPOSED  (pure_RTYPE ((pure_SHIFTIOP ((pure_RTYPE ((pure_RTYPE ((pure_RTYPE ((pure_SHIFTIOP ((pure_
  SHA512SIG0H__one__rd__rust__all_constructed COMPOSED  (pure_RTYPE ((pure_SHIFTIOP ((pure_RTYPE ((pure_RTYPE ((pure_RTYPE ((pure_SHIFTIOP ((pure_
  RTYPEW__op_ADDW__rd__c__all_constructed  COMPOSED  (pure_ZBA_RTYPEUW ((pure_RTYPE ((pure_RTYPE (a) (b) (XOR))) ((pure_SHIFTIWOP ((pure_RTYPE 
  RTYPEW__op_ADDW__rd__rust__all_constructed COMPOSED  (pure_RTYPE ((pure_RTYPE ((pure_SHIFTIOP ((pure_SHIFTIOP ((pure_RTYPE ((pure_RTYPE (a) (b)
  RTYPEW__op_SUBW__rd__c__all_constructed  REFUSED  870 instructions, above the walk's bound of 400
  RTYPEW__op_SUBW__rd__rust__all_constructed REFUSED  867 instructions, above the walk's bound of 400
  RTYPEW__op_SLLW__rd__c__all_constructed  COMPOSED  (pure_ZBA_RTYPEUW ((pure_RTYPEW ((pure_RTYPEW ((pure_RTYPEW ((pure_RTYPEW ((pure_RTYPEW (a
  RTYPEW__op_SLLW__rd__rust__all_constructed COMPOSED  (pure_RTYPE ((pure_RTYPE ((pure_SHIFTIOP ((pure_SHIFTIOP ((pure_RTYPEW ((pure_RTYPEW ((pur
  RTYPEW__op_SRLW__rd__c__all_constructed  COMPOSED  (pure_ZBA_RTYPEUW ((pure_RTYPEW ((pure_RTYPEW ((pure_RTYPEW ((pure_RTYPEW ((pure_RTYPEW (a
  RTYPEW__op_SRLW__rd__rust__all_constructed COMPOSED  (pure_RTYPE ((pure_RTYPE ((pure_SHIFTIOP ((pure_SHIFTIOP ((pure_RTYPEW ((pure_RTYPEW ((pur
  RTYPEW__op_SRAW__rd__c__all_constructed  REFUSED  no certified pure form for UTYPE (an effect in an arm beyond register reads: ((← (get_arch_pc ())) + off))
  RTYPEW__op_SRAW__rd__rust__all_constructed REFUSED  no certified pure form for BTYPE (an element the rule does not know: let taken ← (( do)
  RTYPE__op_ADD__rd__c__all_constructed    COMPOSED  (pure_RTYPE ((pure_RTYPE (a) (b) (XOR))) ((pure_SHIFTIOP ((pure_RTYPE ((pure_RTYPE ((pure_
  RTYPE__op_ADD__rd__rust__all_constructed COMPOSED  (pure_RTYPE ((pure_RTYPE (a) (b) (XOR))) ((pure_SHIFTIOP ((pure_RTYPE ((pure_RTYPE ((pure_
  RTYPE__op_SUB__rd__c__all_constructed    REFUSED  2028 instructions, above the walk's bound of 400
  RTYPE__op_SUB__rd__rust__all_constructed REFUSED  2028 instructions, above the walk's bound of 400
  RTYPE__op_SLL__rd__c__all_constructed    COMPOSED  (pure_RTYPE ((pure_RTYPE ((pure_RTYPE ((pure_RTYPE ((pure_RTYPE ((pure_RTYPE (a) ((pure_IT
  RTYPE__op_SLL__rd__rust__all_constructed COMPOSED  (pure_RTYPE ((pure_RTYPE ((pure_RTYPE ((pure_RTYPE ((pure_RTYPE ((pure_RTYPE (a) ((pure_IT
  RTYPE__op_SLT__rd__c__all_constructed    REFUSED  register of read r not resolved
  RTYPE__op_SLT__rd__rust__all_constructed COMPOSED  (pure_SHIFTIOP ((pure_ITYPE ((pure_RTYPE ((pure_RTYPE ((pure_RTYPE ((pure_RTYPE ((pure_RTY
  RTYPE__op_SLTU__rd__c__all_constructed   REFUSED  register of read r not resolved
  RTYPE__op_SLTU__rd__rust__all_constructed COMPOSED  (pure_SHIFTIOP ((pure_ITYPE ((pure_RTYPE ((pure_RTYPE ((pure_RTYPE ((pure_RTYPE ((pure_RTY
  RTYPE__op_XOR__rd__c__all_constructed    COMPOSED  (pure_RTYPE (a) (b) (XOR))
  RTYPE__op_XOR__rd__rust__all_constructed COMPOSED  (pure_RTYPE (a) (b) (XOR))
  RTYPE__op_SRL__rd__c__all_constructed    COMPOSED  (pure_RTYPE ((pure_RTYPE ((pure_RTYPE ((pure_RTYPE ((pure_RTYPE ((pure_RTYPE (a) ((pure_IT
  RTYPE__op_SRL__rd__rust__all_constructed COMPOSED  (pure_RTYPE ((pure_RTYPE ((pure_RTYPE ((pure_RTYPE ((pure_RTYPE ((pure_RTYPE (a) ((pure_IT
  RTYPE__op_SRA__rd__c__all_constructed    REFUSED  no certified pure form for ZICOND_RTYPE (an element the rule does not know: let condition ← (( do)
  RTYPE__op_SRA__rd__rust__all_constructed REFUSED  no certified pure form for BTYPE (an element the rule does not know: let taken ← (( do)
  RTYPE__op_OR__rd__c__all_constructed     COMPOSED  (pure_RTYPE (a) (b) (OR))
  RTYPE__op_OR__rd__rust__all_constructed  COMPOSED  (pure_RTYPE (a) (b) (OR))
  RTYPE__op_AND__rd__c__all_constructed    COMPOSED  (pure_RTYPE (a) (b) (AND))
  RTYPE__op_AND__rd__rust__all_constructed COMPOSED  (pure_RTYPE (a) (b) (AND))
  RORIW__one__rd__c__all_constructed       REFUSED  no certified pure form for ZICOND_RTYPE (an element the rule does not know: let condition ← (( do)
  RORIW__one__rd__rust__all_constructed    COMPOSED  (pure_RTYPE ((pure_RTYPE ((pure_SHIFTIOP ((pure_SHIFTIOP ((pure_RTYPE ((pure_RTYPE ((pure_
  RORI__one__rd__c__all_constructed        REFUSED  no certified pure form for ZICOND_RTYPE (an element the rule does not know: let condition ← (( do)
  RORI__one__rd__rust__all_constructed     COMPOSED  (pure_RTYPE ((pure_RTYPE ((pure_ITYPE ((pure_SHIFTIOP ((pure_RTYPE ((pure_RTYPE ((pure_SHI
  REV8__one__rd__c__all_constructed        COMPOSED  (pure_REV8 (a))
  REV8__one__rd__rust__all_constructed     REFUSED  no certified pure form for UTYPE (an effect in an arm beyond register reads: ((← (get_arch_pc ())) + off))
  REMW__is_unsigned_False__rd__c__all_constructed REFUSED  17300 instructions, above the walk's bound of 400
  REMW__is_unsigned_False__rd__rust__all_constructed REFUSED  18547 instructions, above the walk's bound of 400
  REMW__is_unsigned_True__rd__c__all_constructed REFUSED  16620 instructions, above the walk's bound of 400
  REMW__is_unsigned_True__rd__rust__all_constructed REFUSED  17425 instructions, above the walk's bound of 400
  REM__is_unsigned_False__rd__cpp__all_constructed REFUSED  17289 instructions, above the walk's bound of 400
  REM__is_unsigned_False__rd__go__all_constructed REFUSED  carve found no instructions for main.main.emu_REM__is_unsigned_False__rd__go__all_constructed
  REM__is_unsigned_True__rd__cpp__all_constructed REFUSED  16614 instructions, above the walk's bound of 400
  REM__is_unsigned_True__rd__go__all_constructed REFUSED  carve found no instructions for main.main.emu_REM__is_unsigned_True__rd__go__all_constructed
  MULW__one__rd__cpp__all_constructed      REFUSED  971 instructions, above the walk's bound of 400
  MULW__one__rd__go__all_constructed       REFUSED  carve found no instructions for main.main.emu_MULW__one__rd__go__all_constructed
  MUL__mul_op_High_Signed_Signed__rd__cpp__all_constructed REFUSED  10283 instructions, above the walk's bound of 400
  MUL__mul_op_High_Signed_Signed__rd__go__all_constructed REFUSED  carve found no instructions for main.main.emu_MUL__mul_op_High_Signed_Signed__rd__go__all_constructed
  MUL__mul_op_High_Signed_Unsigned__rd__cpp__all_constructed REFUSED  7807 instructions, above the walk's bound of 400
  MUL__mul_op_High_Signed_Unsigned__rd__go__all_constructed REFUSED  carve found no instructions for main.main.emu_MUL__mul_op_High_Signed_Unsigned__rd__go__all_constructed
  MUL__mul_op_High_Unsigned_Signed__rd__cpp__all_constructed REFUSED  7807 instructions, above the walk's bound of 400
  MUL__mul_op_High_Unsigned_Signed__rd__go__all_constructed REFUSED  carve found no instructions for main.main.emu_MUL__mul_op_High_Unsigned_Signed__rd__go__all_constructed
  MUL__mul_op_High_Unsigned_Unsigned__rd__cpp__all_constructed REFUSED  7086 instructions, above the walk's bound of 400
  MUL__mul_op_High_Unsigned_Unsigned__rd__go__all_constructed REFUSED  carve found no instructions for main.main.emu_MUL__mul_op_High_Unsigned_Unsigned__rd__go__all_constructed
  MUL__mul_op_Low_Signed_Signed__rd__cpp__all_constructed REFUSED  2255 instructions, above the walk's bound of 400
  MUL__mul_op_Low_Signed_Signed__rd__go__all_constructed REFUSED  carve found no instructions for main.main.emu_MUL__mul_op_Low_Signed_Signed__rd__go__all_constructed
  MUL__mul_op_Low_Signed_Unsigned__rd__cpp__all_constructed REFUSED  2255 instructions, above the walk's bound of 400
  MUL__mul_op_Low_Signed_Unsigned__rd__go__all_constructed REFUSED  carve found no instructions for main.main.emu_MUL__mul_op_Low_Signed_Unsigned__rd__go__all_constructed
  MUL__mul_op_Low_Unsigned_Signed__rd__cpp__all_constructed REFUSED  2255 instructions, above the walk's bound of 400
  MUL__mul_op_Low_Unsigned_Signed__rd__go__all_constructed REFUSED  carve found no instructions for main.main.emu_MUL__mul_op_Low_Unsigned_Signed__rd__go__all_constructed
  MUL__mul_op_Low_Unsigned_Unsigned__rd__cpp__all_constructed REFUSED  2255 instructions, above the walk's bound of 400
  MUL__mul_op_Low_Unsigned_Unsigned__rd__go__all_constructed REFUSED  carve found no instructions for main.main.emu_MUL__mul_op_Low_Unsigned_Unsigned__rd__go__all_constructed
  LOAD__is_unsigned_False__width_1__mem_addr__cpp__all_constructed COMPOSED  (pure_RTYPE ((pure_RTYPE (a) ((pure_RTYPE ((pure_SHIFTIOP ((pure_RTYPE ((pure_ZBS_IOP (b) 
  LOAD__is_unsigned_False__width_1__mem_addr__go__all_constructed REFUSED  carve found no instructions for main.main.emu_LOAD__is_unsigned_False__width_1__mem_addr__go__all_constructed
  LOAD__is_unsigned_False__width_1__rd__cpp__all_constructed COMPOSED  (pure_RTYPE (a) ((pure_SHIFTIOP ((pure_RTYPE ((pure_ZBA_RTYPE ((pure_RTYPE ((pure_ZBA_RTYP
  LOAD__is_unsigned_False__width_1__rd__go__all_constructed REFUSED  carve found no instructions for main.main.emu_LOAD__is_unsigned_False__width_1__rd__go__all_constructed
  LOAD__is_unsigned_False__width_2__mem_addr__cpp__all_constructed COMPOSED  (pure_RTYPE ((pure_RTYPE (a) ((pure_RTYPE ((pure_SHIFTIOP ((pure_RTYPE ((pure_ZBS_IOP (b) 
  LOAD__is_unsigned_False__width_2__mem_addr__go__all_constructed REFUSED  carve found no instructions for main.main.emu_LOAD__is_unsigned_False__width_2__mem_addr__go__all_constructed
  LOAD__is_unsigned_False__width_2__rd__cpp__all_constructed COMPOSED  (pure_RTYPE (a) ((pure_SHIFTIOP ((pure_RTYPE ((pure_ZBA_RTYPE ((pure_RTYPE ((pure_ZBA_RTYP
  LOAD__is_unsigned_False__width_2__rd__go__all_constructed REFUSED  carve found no instructions for main.main.emu_LOAD__is_unsigned_False__width_2__rd__go__all_constructed
  LOAD__is_unsigned_False__width_4__mem_addr__cpp__all_constructed COMPOSED  (pure_RTYPE ((pure_RTYPE (a) ((pure_RTYPE ((pure_SHIFTIOP ((pure_RTYPE ((pure_ZBS_IOP (b) 
  LOAD__is_unsigned_False__width_4__mem_addr__go__all_constructed REFUSED  carve found no instructions for main.main.emu_LOAD__is_unsigned_False__width_4__mem_addr__go__all_constructed
  LOAD__is_unsigned_False__width_4__rd__cpp__all_constructed COMPOSED  (pure_ZBA_RTYPEUW (a) ((pure_RTYPE ((pure_SHIFTIOP ((pure_SHIFTIWOP (a) (0x1f#5) (LeanIM.s
  LOAD__is_unsigned_False__width_4__rd__go__all_constructed REFUSED  carve found no instructions for main.main.emu_LOAD__is_unsigned_False__width_4__rd__go__all_constructed
  LOAD__is_unsigned_False__width_8__mem_addr__cpp__all_constructed COMPOSED  (pure_RTYPE ((pure_RTYPE (a) ((pure_RTYPE ((pure_SHIFTIOP ((pure_RTYPE ((pure_ZBS_IOP (b) 
  LOAD__is_unsigned_False__width_8__mem_addr__go__all_constructed REFUSED  carve found no instructions for main.main.emu_LOAD__is_unsigned_False__width_8__mem_addr__go__all_constructed
  LOAD__is_unsigned_False__width_8__rd__cpp__all_constructed COMPOSED  a
  LOAD__is_unsigned_False__width_8__rd__go__all_constructed REFUSED  carve found no instructions for main.main.emu_LOAD__is_unsigned_False__width_8__rd__go__all_constructed
  LOAD__is_unsigned_True__width_1__mem_addr__cpp__all_constructed COMPOSED  (pure_RTYPE ((pure_RTYPE (a) ((pure_RTYPE ((pure_SHIFTIOP ((pure_RTYPE ((pure_ZBS_IOP (b) 
  LOAD__is_unsigned_True__width_1__mem_addr__go__all_constructed REFUSED  carve found no instructions for main.main.emu_LOAD__is_unsigned_True__width_1__mem_addr__go__all_constructed
  LOAD__is_unsigned_True__width_1__rd__cpp__all_constructed COMPOSED  a
  LOAD__is_unsigned_True__width_1__rd__go__all_constructed REFUSED  carve found no instructions for main.main.emu_LOAD__is_unsigned_True__width_1__rd__go__all_constructed
  LOAD__is_unsigned_True__width_2__mem_addr__cpp__all_constructed COMPOSED  (pure_RTYPE ((pure_RTYPE (a) ((pure_RTYPE ((pure_SHIFTIOP ((pure_RTYPE ((pure_ZBS_IOP (b) 
  LOAD__is_unsigned_True__width_2__mem_addr__go__all_constructed REFUSED  carve found no instructions for main.main.emu_LOAD__is_unsigned_True__width_2__mem_addr__go__all_constructed
  LOAD__is_unsigned_True__width_2__rd__cpp__all_constructed COMPOSED  a
  LOAD__is_unsigned_True__width_2__rd__go__all_constructed REFUSED  carve found no instructions for main.main.emu_LOAD__is_unsigned_True__width_2__rd__go__all_constructed
  LOAD__is_unsigned_True__width_4__mem_addr__cpp__all_constructed COMPOSED  (pure_RTYPE ((pure_RTYPE (a) ((pure_RTYPE ((pure_SHIFTIOP ((pure_RTYPE ((pure_ZBS_IOP (b) 
  LOAD__is_unsigned_True__width_4__mem_addr__go__all_constructed REFUSED  carve found no instructions for main.main.emu_LOAD__is_unsigned_True__width_4__mem_addr__go__all_constructed
  LOAD__is_unsigned_True__width_4__rd__cpp__all_constructed COMPOSED  (pure_ZBA_RTYPEUW (a) (zero_reg) (0b00#2))
  LOAD__is_unsigned_True__width_4__rd__go__all_constructed REFUSED  carve found no instructions for main.main.emu_LOAD__is_unsigned_True__width_4__rd__go__all_constructed
  LOAD__is_unsigned_True__width_8__mem_addr__cpp__all_constructed COMPOSED  (pure_RTYPE ((pure_RTYPE (a) ((pure_RTYPE ((pure_SHIFTIOP ((pure_RTYPE ((pure_ZBS_IOP (b) 
  LOAD__is_unsigned_True__width_8__mem_addr__go__all_constructed REFUSED  carve found no instructions for main.main.emu_LOAD__is_unsigned_True__width_8__mem_addr__go__all_constructed
  LOAD__is_unsigned_True__width_8__rd__cpp__all_constructed COMPOSED  a
  LOAD__is_unsigned_True__width_8__rd__go__all_constructed REFUSED  carve found no instructions for main.main.emu_LOAD__is_unsigned_True__width_8__rd__go__all_constructed
  JALR__one__pc__cpp__all_constructed      COMPOSED  (pure_RTYPE ((pure_ITYPE ((pure_RTYPE (a) ((pure_RTYPE ((pure_SHIFTIOP ((pure_RTYPE ((pure
  JALR__one__pc__go__all_constructed       REFUSED  carve found no instructions for main.main.emu_JALR__one__pc__go__all_constructed
  JALR__one__rd__cpp__all_constructed      COMPOSED  a
  JALR__one__rd__go__all_constructed       REFUSED  carve found no instructions for main.main.emu_JALR__one__rd__go__all_constructed
  JAL__one__pc__cpp__all_constructed       COMPOSED  (pure_RTYPE ((pure_RTYPE (a) ((pure_RTYPE ((pure_RTYPE ((pure_SHIFTIOP ((pure_SHIFTIOP (b)
  JAL__one__pc__go__all_constructed        REFUSED  carve found no instructions for main.main.emu_JAL__one__pc__go__all_constructed
  JAL__one__rd__cpp__all_constructed       COMPOSED  a
  JAL__one__rd__go__all_constructed        REFUSED  carve found no instructions for main.main.emu_JAL__one__rd__go__all_constructed
  ITYPE__op_ADDI__rd__cpp__all_constructed COMPOSED  (pure_RTYPE ((pure_RTYPE (a) ((pure_RTYPE ((pure_SHIFTIOP ((pure_RTYPE ((pure_ZBS_IOP (b) 
  ITYPE__op_ADDI__rd__go__all_constructed  REFUSED  carve found no instructions for main.main.emu_ITYPE__op_ADDI__rd__go__all_constructed
  ITYPE__op_SLTI__rd__cpp__all_constructed REFUSED  register of read r not resolved
  ITYPE__op_SLTI__rd__go__all_constructed  REFUSED  carve found no instructions for main.main.emu_ITYPE__op_SLTI__rd__go__all_constructed
  ITYPE__op_SLTIU__rd__cpp__all_constructed REFUSED  register of read r not resolved
  ITYPE__op_SLTIU__rd__go__all_constructed REFUSED  carve found no instructions for main.main.emu_ITYPE__op_SLTIU__rd__go__all_constructed
  ITYPE__op_XORI__rd__cpp__all_constructed REFUSED  reads x2, outside the ABI arguments
  ITYPE__op_XORI__rd__go__all_constructed  REFUSED  carve found no instructions for main.main.emu_ITYPE__op_XORI__rd__go__all_constructed
  ITYPE__op_ORI__rd__cpp__all_constructed  COMPOSED  (pure_RTYPE ((pure_RTYPE ((pure_RTYPE ((pure_SHIFTIOP ((pure_RTYPE ((pure_SHIFTIOP (a) ((0
  ITYPE__op_ORI__rd__go__all_constructed   REFUSED  carve found no instructions for main.main.emu_ITYPE__op_ORI__rd__go__all_constructed
  ITYPE__op_ANDI__rd__cpp__all_constructed REFUSED  no certified pure form for UTYPE (an effect in an arm beyond register reads: ((← (get_arch_pc ())) + off))
  ITYPE__op_ANDI__rd__go__all_constructed  REFUSED  carve found no instructions for main.main.emu_ITYPE__op_ANDI__rd__go__all_constructed
  DIVW__is_unsigned_False__rd__cpp__all_constructed REFUSED  17821 instructions, above the walk's bound of 400
  DIVW__is_unsigned_True__rd__c__all_constructed REFUSED  16834 instructions, above the walk's bound of 400
  DIVW__is_unsigned_True__rd__rust__all_constructed REFUSED  17532 instructions, above the walk's bound of 400
  DIV__is_unsigned_False__rd__cpp__all_constructed REFUSED  17803 instructions, above the walk's bound of 400
  DIV__is_unsigned_True__rd__c__all_constructed REFUSED  16859 instructions, above the walk's bound of 400
  DIV__is_unsigned_True__rd__rust__all_constructed REFUSED  17781 instructions, above the walk's bound of 400
  CTZW__one__rd__c__all_constructed        REFUSED  reads x2, outside the ABI arguments
  CTZW__one__rd__rust__all_constructed     REFUSED  no certified pure form for BTYPE (an element the rule does not know: let taken ← (( do)
  CTZ__one__rd__c__all_constructed         REFUSED  no certified pure form for ZICOND_RTYPE (an element the rule does not know: let condition ← (( do)
  CTZ__one__rd__rust__all_constructed      REFUSED  no certified pure form for BTYPE (an element the rule does not know: let taken ← (( do)
  CPOP__one__rd__c__all_constructed        REFUSED  2028 instructions, above the walk's bound of 400
  CPOP__one__rd__rust__all_constructed     REFUSED  2089 instructions, above the walk's bound of 400
  CLZW__one__rd__c__all_constructed        REFUSED  no certified pure form for ZICOND_RTYPE (an element the rule does not know: let condition ← (( do)
  CLZW__one__rd__rust__all_constructed     REFUSED  no certified pure form for BTYPE (an element the rule does not know: let taken ← (( do)
  CLZ__one__rd__c__all_constructed         REFUSED  no certified pure form for ZICOND_RTYPE (an element the rule does not know: let condition ← (( do)
  CLZ__one__rd__rust__all_constructed      REFUSED  no certified pure form for BTYPE (an element the rule does not know: let taken ← (( do)
  BTYPE__op_BEQ__branch_condition__c__all_constructed COMPOSED  (pure_ZBB_RTYPE ((pure_ITYPE (zero_reg) (((sign_extend (m := 12) (0x01#6)))) (ADDI))) ((pu
  BTYPE__op_BEQ__branch_condition__rust__all_constructed COMPOSED  (pure_ITYPE ((pure_ITYPE ((pure_RTYPE ((pure_RTYPE ((pure_RTYPE ((pure_RTYPE ((pure_RTYPE 
  BTYPE__op_BEQ__pc__c__all_constructed    COMPOSED  (pure_RTYPE ((pure_RTYPE (a) ((pure_RTYPE ((pure_SHIFTIOP ((pure_RTYPE ((pure_ZBS_IOP (b) 
  BTYPE__op_BEQ__pc__rust__all_constructed COMPOSED  (pure_RTYPE ((pure_RTYPE (a) ((pure_RTYPE ((pure_RTYPE ((pure_SHIFTIOP ((pure_SHIFTIOP ((p
  BTYPE__op_BNE__branch_condition__c__all_constructed COMPOSED  (pure_ITYPE ((pure_RTYPE ((pure_RTYPE ((pure_RTYPE ((pure_RTYPE ((pure_RTYPE ((pure_RTYPE 
  BTYPE__op_BNE__branch_condition__rust__all_constructed COMPOSED  (pure_ITYPE ((pure_RTYPE ((pure_RTYPE ((pure_RTYPE ((pure_RTYPE ((pure_RTYPE ((pure_RTYPE 
  BTYPE__op_BNE__pc__c__all_constructed    COMPOSED  (pure_RTYPE ((pure_RTYPE (a) ((pure_RTYPE ((pure_SHIFTIOP ((pure_RTYPE ((pure_ZBS_IOP (b) 
  BTYPE__op_BNE__pc__rust__all_constructed COMPOSED  (pure_RTYPE ((pure_RTYPE (a) ((pure_RTYPE ((pure_RTYPE ((pure_SHIFTIOP ((pure_SHIFTIOP ((p
  BTYPE__op_BLT__branch_condition__c__all_constructed REFUSED  register of read r not resolved
  BTYPE__op_BLT__branch_condition__rust__all_constructed COMPOSED  (pure_SHIFTIOP ((pure_ITYPE ((pure_RTYPE ((pure_RTYPE ((pure_RTYPE ((pure_RTYPE ((pure_RTY
  BTYPE__op_BLT__pc__c__all_constructed    COMPOSED  (pure_RTYPE ((pure_RTYPE (a) ((pure_RTYPE ((pure_SHIFTIOP ((pure_RTYPE ((pure_ZBS_IOP (b) 
  BTYPE__op_BLT__pc__rust__all_constructed COMPOSED  (pure_RTYPE ((pure_RTYPE (a) ((pure_RTYPE ((pure_RTYPE ((pure_SHIFTIOP ((pure_SHIFTIOP ((p
  BTYPE__op_BGE__branch_condition__c__all_constructed COMPOSED  (pure_SHIFTIOP ((pure_RTYPE ((pure_RTYPE ((pure_RTYPE ((pure_RTYPE ((pure_RTYPE ((pure_RTY
  BTYPE__op_BGE__branch_condition__rust__all_constructed COMPOSED  (pure_SHIFTIOP ((pure_RTYPE ((pure_RTYPE ((pure_RTYPE ((pure_RTYPE ((pure_RTYPE ((pure_RTY
  BTYPE__op_BGE__pc__c__all_constructed    COMPOSED  (pure_RTYPE ((pure_RTYPE (a) ((pure_RTYPE ((pure_SHIFTIOP ((pure_RTYPE ((pure_ZBS_IOP (b) 
  BTYPE__op_BGE__pc__rust__all_constructed COMPOSED  (pure_RTYPE ((pure_RTYPE (a) ((pure_RTYPE ((pure_RTYPE ((pure_SHIFTIOP ((pure_SHIFTIOP ((p
  BTYPE__op_BLTU__branch_condition__c__all_constructed REFUSED  register of read r not resolved
  BTYPE__op_BLTU__branch_condition__rust__all_constructed COMPOSED  (pure_SHIFTIOP ((pure_ITYPE ((pure_RTYPE ((pure_RTYPE ((pure_RTYPE ((pure_RTYPE ((pure_RTY
  BTYPE__op_BLTU__pc__c__all_constructed   COMPOSED  (pure_RTYPE ((pure_RTYPE (a) ((pure_RTYPE ((pure_SHIFTIOP ((pure_RTYPE ((pure_ZBS_IOP (b) 
  BTYPE__op_BLTU__pc__rust__all_constructed COMPOSED  (pure_RTYPE ((pure_RTYPE (a) ((pure_RTYPE ((pure_RTYPE ((pure_SHIFTIOP ((pure_SHIFTIOP ((p
  BTYPE__op_BGEU__branch_condition__c__all_constructed COMPOSED  (pure_SHIFTIOP ((pure_RTYPE ((pure_RTYPE ((pure_RTYPE ((pure_RTYPE ((pure_RTYPE ((pure_RTY
  BTYPE__op_BGEU__branch_condition__rust__all_constructed COMPOSED  (pure_SHIFTIOP ((pure_RTYPE ((pure_RTYPE ((pure_RTYPE ((pure_RTYPE ((pure_RTYPE ((pure_RTY
  BTYPE__op_BGEU__pc__c__all_constructed   COMPOSED  (pure_RTYPE ((pure_RTYPE (a) ((pure_RTYPE ((pure_SHIFTIOP ((pure_RTYPE ((pure_ZBS_IOP (b) 
  BTYPE__op_BGEU__pc__rust__all_constructed COMPOSED  (pure_RTYPE ((pure_RTYPE (a) ((pure_RTYPE ((pure_RTYPE ((pure_SHIFTIOP ((pure_SHIFTIOP ((p
  BREV8__one__rd__c__all_constructed       COMPOSED  (pure_ZBA_RTYPE ((pure_RTYPE ((pure_ZBA_RTYPE ((pure_RTYPE ((pure_RTYPE ((pure_ZBS_IOP (a)
  BREV8__one__rd__rust__all_constructed    REFUSED  reads x2, outside the ABI arguments
  ADDIW__one__rd__c__all_constructed       COMPOSED  (pure_ZBA_RTYPEUW ((pure_RTYPE ((pure_RTYPE (a) ((pure_RTYPE ((pure_ZBS_IOP ((pure_ITYPE (
  ADDIW__one__rd__rust__all_constructed    REFUSED  no certified pure form for UTYPE (an effect in an arm beyond register reads: ((← (get_arch_pc ())) + off))
  walk: certified 0, failed 0, refused 113, of 260
