  proof lib LeanIM; executable lib LeanIMPrExecutable; decoder state: s0
  emitted definitions scanned: 4750; lean-sail definitions indexed: 137
  decode: 3387 words, lean rc=-1, 900.0s
  certifying with 1 Lean job(s) at a time
  ZIMOP_MOP_RR__one__rd__c__native_first   REFUSED  a word Sail's decoder did not give a constructor for: 
  ZIMOP_MOP_RR__one__rd__rust__native_first REFUSED  a word Sail's decoder did not give a constructor for: 
  ZIMOP_MOP_R__one__rd__c__native_first    REFUSED  a word Sail's decoder did not give a constructor for: 
  ZIMOP_MOP_R__one__rd__rust__native_first REFUSED  a word Sail's decoder did not give a constructor for: 
  ZBS_RTYPE__op_BCLR__rd__c__native_first  REFUSED  a word Sail's decoder did not give a constructor for: 
  ZBS_RTYPE__op_BCLR__rd__rust__native_first REFUSED  a word Sail's decoder did not give a constructor for: 
  ZBS_RTYPE__op_BEXT__rd__c__native_first  REFUSED  a word Sail's decoder did not give a constructor for: 
  ZBS_RTYPE__op_BEXT__rd__rust__native_first REFUSED  a word Sail's decoder did not give a constructor for: 
  ZBS_RTYPE__op_BINV__rd__c__native_first  REFUSED  a word Sail's decoder did not give a constructor for: 
  ZBS_RTYPE__op_BINV__rd__rust__native_first REFUSED  a word Sail's decoder did not give a constructor for: 
  ZBS_RTYPE__op_BSET__rd__c__native_first  REFUSED  a word Sail's decoder did not give a constructor for: 
  ZBS_RTYPE__op_BSET__rd__rust__native_first REFUSED  a word Sail's decoder did not give a constructor for: 
  ZBS_IOP__op_BCLRI__rd__c__native_first   REFUSED  a word Sail's decoder did not give a constructor for: 
  ZBS_IOP__op_BCLRI__rd__rust__native_first REFUSED  a word Sail's decoder did not give a constructor for: 
  ZBS_IOP__op_BEXTI__rd__c__native_first   REFUSED  a word Sail's decoder did not give a constructor for: 
  ZBS_IOP__op_BEXTI__rd__rust__native_first REFUSED  a word Sail's decoder did not give a constructor for: 
  ZBS_IOP__op_BINVI__rd__c__native_first   REFUSED  a word Sail's decoder did not give a constructor for: 
  ZBS_IOP__op_BINVI__rd__rust__native_first REFUSED  a word Sail's decoder did not give a constructor for: 
  ZBS_IOP__op_BSETI__rd__c__native_first   REFUSED  a word Sail's decoder did not give a constructor for: 
  ZBS_IOP__op_BSETI__rd__rust__native_first REFUSED  a word Sail's decoder did not give a constructor for: 
  ZBKB_RTYPE__op_PACK__rd__c__native_first REFUSED  a word Sail's decoder did not give a constructor for: 
  ZBKB_RTYPE__op_PACK__rd__rust__native_first REFUSED  a word Sail's decoder did not give a constructor for: 
  ZBKB_RTYPE__op_PACKH__rd__c__native_first REFUSED  a word Sail's decoder did not give a constructor for: 
  ZBKB_RTYPE__op_PACKH__rd__rust__native_first REFUSED  a word Sail's decoder did not give a constructor for: 
  ZBB_RTYPEW__op_ROLW__rd__c__native_first REFUSED  a word Sail's decoder did not give a constructor for: 
  ZBB_RTYPEW__op_ROLW__rd__rust__native_first REFUSED  a word Sail's decoder did not give a constructor for: 
  ZBB_RTYPEW__op_RORW__rd__c__native_first REFUSED  a word Sail's decoder did not give a constructor for: 
  ZBB_RTYPEW__op_RORW__rd__rust__native_first REFUSED  a word Sail's decoder did not give a constructor for: 
  ZBB_RTYPE__op_ANDN__rd__c__native_first  REFUSED  a word Sail's decoder did not give a constructor for: 
  ZBB_RTYPE__op_ANDN__rd__rust__native_first REFUSED  a word Sail's decoder did not give a constructor for: 
  ZBB_RTYPE__op_ORN__rd__c__native_first   REFUSED  a word Sail's decoder did not give a constructor for: 
  ZBB_RTYPE__op_ORN__rd__rust__native_first REFUSED  a word Sail's decoder did not give a constructor for: 
  ZBB_RTYPE__op_XNOR__rd__c__native_first  REFUSED  a word Sail's decoder did not give a constructor for: 
  ZBB_RTYPE__op_XNOR__rd__rust__native_first REFUSED  a word Sail's decoder did not give a constructor for: 
  ZBB_RTYPE__op_MAX__rd__c__native_first   REFUSED  a word Sail's decoder did not give a constructor for: 
  ZBB_RTYPE__op_MAX__rd__rust__native_first REFUSED  a word Sail's decoder did not give a constructor for: 
  ZBB_RTYPE__op_MAXU__rd__c__native_first  REFUSED  a word Sail's decoder did not give a constructor for: 
  ZBB_RTYPE__op_MAXU__rd__rust__native_first REFUSED  a word Sail's decoder did not give a constructor for: 
  ZBB_RTYPE__op_MIN__rd__c__native_first   REFUSED  a word Sail's decoder did not give a constructor for: 
  ZBB_RTYPE__op_MIN__rd__rust__native_first REFUSED  a word Sail's decoder did not give a constructor for: 
  ZBB_RTYPE__op_MINU__rd__c__native_first  REFUSED  a word Sail's decoder did not give a constructor for: 
  ZBB_RTYPE__op_MINU__rd__rust__native_first REFUSED  a word Sail's decoder did not give a constructor for: 
  ZBB_RTYPE__op_ROL__rd__c__native_first   REFUSED  a word Sail's decoder did not give a constructor for: 
  ZBB_RTYPE__op_ROL__rd__rust__native_first REFUSED  a word Sail's decoder did not give a constructor for: 
  ZBB_RTYPE__op_ROR__rd__c__native_first   REFUSED  a word Sail's decoder did not give a constructor for: 
  ZBB_RTYPE__op_ROR__rd__rust__native_first REFUSED  a word Sail's decoder did not give a constructor for: 
  ZBB_EXTOP__op_SEXTB__rd__c__native_first REFUSED  a word Sail's decoder did not give a constructor for: 
  ZBB_EXTOP__op_SEXTB__rd__rust__native_first REFUSED  a word Sail's decoder did not give a constructor for: 
  ZBB_EXTOP__op_SEXTH__rd__c__native_first REFUSED  a word Sail's decoder did not give a constructor for: 
  ZBB_EXTOP__op_SEXTH__rd__rust__native_first REFUSED  a word Sail's decoder did not give a constructor for: 
  ZBB_EXTOP__op_ZEXTH__rd__c__native_first REFUSED  a word Sail's decoder did not give a constructor for: 
  ZBB_EXTOP__op_ZEXTH__rd__rust__native_first REFUSED  a word Sail's decoder did not give a constructor for: 
  ZBA_RTYPEUW__one__rd__c__native_first    REFUSED  a word Sail's decoder did not give a constructor for: 
  ZBA_RTYPEUW__one__rd__rust__native_first REFUSED  a word Sail's decoder did not give a constructor for: 
  ZBA_RTYPE__one__rd__c__native_first      REFUSED  a word Sail's decoder did not give a constructor for: 
  ZBA_RTYPE__one__rd__rust__native_first   REFUSED  a word Sail's decoder did not give a constructor for: 
  UTYPE__op_LUI__rd__c__native_first       REFUSED  a word Sail's decoder did not give a constructor for: 
  UTYPE__op_LUI__rd__rust__native_first    REFUSED  a word Sail's decoder did not give a constructor for: 
  UTYPE__op_AUIPC__rd__c__native_first     REFUSED  a word Sail's decoder did not give a constructor for: 
  UTYPE__op_AUIPC__rd__rust__native_first  REFUSED  a word Sail's decoder did not give a constructor for: 
  STORE__width_1__mem_addr__c__native_first REFUSED  a word Sail's decoder did not give a constructor for: 
  STORE__width_1__mem_addr__rust__native_first REFUSED  a word Sail's decoder did not give a constructor for: 
  STORE__width_1__mem_data__c__native_first REFUSED  a word Sail's decoder did not give a constructor for: 
  STORE__width_1__mem_data__rust__native_first REFUSED  a word Sail's decoder did not give a constructor for: 
  STORE__width_2__mem_addr__c__native_first REFUSED  a word Sail's decoder did not give a constructor for: 
  STORE__width_2__mem_addr__rust__native_first REFUSED  a word Sail's decoder did not give a constructor for: 
  STORE__width_2__mem_data__c__native_first REFUSED  a word Sail's decoder did not give a constructor for: 
  STORE__width_2__mem_data__rust__native_first REFUSED  a word Sail's decoder did not give a constructor for: 
  STORE__width_4__mem_addr__c__native_first REFUSED  a word Sail's decoder did not give a constructor for: 
  STORE__width_4__mem_addr__rust__native_first REFUSED  a word Sail's decoder did not give a constructor for: 
  STORE__width_4__mem_data__c__native_first REFUSED  a word Sail's decoder did not give a constructor for: 
  STORE__width_4__mem_data__rust__native_first REFUSED  a word Sail's decoder did not give a constructor for: 
  STORE__width_8__mem_addr__c__native_first REFUSED  a word Sail's decoder did not give a constructor for: 
  STORE__width_8__mem_addr__rust__native_first REFUSED  a word Sail's decoder did not give a constructor for: 
  STORE__width_8__mem_data__c__native_first REFUSED  a word Sail's decoder did not give a constructor for: 
  STORE__width_8__mem_data__rust__native_first REFUSED  a word Sail's decoder did not give a constructor for: 
  SLLIUW__one__rd__c__native_first         REFUSED  a word Sail's decoder did not give a constructor for: 
  SLLIUW__one__rd__rust__native_first      REFUSED  a word Sail's decoder did not give a constructor for: 
  SHIFTIWOP__op_SLLIW__rd__c__native_first REFUSED  a word Sail's decoder did not give a constructor for: 
  SHIFTIWOP__op_SLLIW__rd__rust__native_first REFUSED  a word Sail's decoder did not give a constructor for: 
  SHIFTIWOP__op_SRLIW__rd__c__native_first REFUSED  a word Sail's decoder did not give a constructor for: 
  SHIFTIWOP__op_SRLIW__rd__rust__native_first REFUSED  a word Sail's decoder did not give a constructor for: 
  SHIFTIWOP__op_SRAIW__rd__c__native_first REFUSED  a word Sail's decoder did not give a constructor for: 
  SHIFTIWOP__op_SRAIW__rd__rust__native_first REFUSED  a word Sail's decoder did not give a constructor for: 
  SHIFTIOP__op_SLLI__rd__c__native_first   REFUSED  a word Sail's decoder did not give a constructor for: 
  SHIFTIOP__op_SLLI__rd__rust__native_first REFUSED  a word Sail's decoder did not give a constructor for: 
  SHIFTIOP__op_SRLI__rd__c__native_first   REFUSED  a word Sail's decoder did not give a constructor for: 
  SHIFTIOP__op_SRLI__rd__rust__native_first REFUSED  a word Sail's decoder did not give a constructor for: 
  SHIFTIOP__op_SRAI__rd__c__native_first   REFUSED  a word Sail's decoder did not give a constructor for: 
  SHIFTIOP__op_SRAI__rd__rust__native_first REFUSED  a word Sail's decoder did not give a constructor for: 
  SHA512SUM1R__one__rd__c__native_first    REFUSED  a word Sail's decoder did not give a constructor for: 
  SHA512SUM1R__one__rd__rust__native_first REFUSED  a word Sail's decoder did not give a constructor for: 
  SHA512SUM0R__one__rd__c__native_first    REFUSED  a word Sail's decoder did not give a constructor for: 
  SHA512SUM0R__one__rd__rust__native_first REFUSED  a word Sail's decoder did not give a constructor for: 
  SHA512SIG1L__one__rd__c__native_first    REFUSED  a word Sail's decoder did not give a constructor for: 
  SHA512SIG1L__one__rd__rust__native_first REFUSED  a word Sail's decoder did not give a constructor for: 
  SHA512SIG1H__one__rd__c__native_first    REFUSED  a word Sail's decoder did not give a constructor for: 
  SHA512SIG1H__one__rd__rust__native_first REFUSED  a word Sail's decoder did not give a constructor for: 
  SHA512SIG0L__one__rd__c__native_first    REFUSED  a word Sail's decoder did not give a constructor for: 
  SHA512SIG0L__one__rd__rust__native_first REFUSED  a word Sail's decoder did not give a constructor for: 
  SHA512SIG0H__one__rd__c__native_first    REFUSED  a word Sail's decoder did not give a constructor for: 
  SHA512SIG0H__one__rd__rust__native_first REFUSED  a word Sail's decoder did not give a constructor for: 
  RTYPEW__op_ADDW__rd__c__native_first     REFUSED  a word Sail's decoder did not give a constructor for: 
  RTYPEW__op_ADDW__rd__rust__native_first  REFUSED  a word Sail's decoder did not give a constructor for: 
  RTYPEW__op_SUBW__rd__c__native_first     REFUSED  a word Sail's decoder did not give a constructor for: 
  RTYPEW__op_SUBW__rd__rust__native_first  REFUSED  a word Sail's decoder did not give a constructor for: 
  RTYPEW__op_SLLW__rd__c__native_first     REFUSED  a word Sail's decoder did not give a constructor for: 
  RTYPEW__op_SLLW__rd__rust__native_first  REFUSED  a word Sail's decoder did not give a constructor for: 
  RTYPEW__op_SRLW__rd__c__native_first     REFUSED  a word Sail's decoder did not give a constructor for: 
  RTYPEW__op_SRLW__rd__rust__native_first  REFUSED  a word Sail's decoder did not give a constructor for: 
  RTYPEW__op_SRAW__rd__c__native_first     REFUSED  a word Sail's decoder did not give a constructor for: 
  RTYPEW__op_SRAW__rd__rust__native_first  REFUSED  a word Sail's decoder did not give a constructor for: 
  RTYPE__op_ADD__rd__c__native_first       REFUSED  a word Sail's decoder did not give a constructor for: 
  RTYPE__op_ADD__rd__rust__native_first    REFUSED  a word Sail's decoder did not give a constructor for: 
  RTYPE__op_SUB__rd__c__native_first       REFUSED  a word Sail's decoder did not give a constructor for: 
  RTYPE__op_SUB__rd__rust__native_first    REFUSED  a word Sail's decoder did not give a constructor for: 
  RTYPE__op_SLL__rd__c__native_first       REFUSED  a word Sail's decoder did not give a constructor for: 
  RTYPE__op_SLL__rd__rust__native_first    REFUSED  a word Sail's decoder did not give a constructor for: 
  RTYPE__op_SLT__rd__c__native_first       REFUSED  a word Sail's decoder did not give a constructor for: 
  RTYPE__op_SLT__rd__rust__native_first    REFUSED  a word Sail's decoder did not give a constructor for: 
  RTYPE__op_SLTU__rd__c__native_first      REFUSED  a word Sail's decoder did not give a constructor for: 
  RTYPE__op_SLTU__rd__rust__native_first   REFUSED  a word Sail's decoder did not give a constructor for: 
  RTYPE__op_XOR__rd__c__native_first       REFUSED  a word Sail's decoder did not give a constructor for: 
  RTYPE__op_XOR__rd__rust__native_first    REFUSED  a word Sail's decoder did not give a constructor for: 
  RTYPE__op_SRL__rd__c__native_first       REFUSED  a word Sail's decoder did not give a constructor for: 
  RTYPE__op_SRL__rd__rust__native_first    REFUSED  a word Sail's decoder did not give a constructor for: 
  RTYPE__op_SRA__rd__c__native_first       REFUSED  a word Sail's decoder did not give a constructor for: 
  RTYPE__op_SRA__rd__rust__native_first    REFUSED  a word Sail's decoder did not give a constructor for: 
  RTYPE__op_OR__rd__c__native_first        REFUSED  a word Sail's decoder did not give a constructor for: 
  RTYPE__op_OR__rd__rust__native_first     REFUSED  a word Sail's decoder did not give a constructor for: 
  RTYPE__op_AND__rd__c__native_first       REFUSED  a word Sail's decoder did not give a constructor for: 
  RTYPE__op_AND__rd__rust__native_first    REFUSED  a word Sail's decoder did not give a constructor for: 
  RORIW__one__rd__c__native_first          REFUSED  a word Sail's decoder did not give a constructor for: 
  RORIW__one__rd__rust__native_first       REFUSED  a word Sail's decoder did not give a constructor for: 
  RORI__one__rd__c__native_first           REFUSED  a word Sail's decoder did not give a constructor for: 
  RORI__one__rd__rust__native_first        REFUSED  a word Sail's decoder did not give a constructor for: 
  REV8__one__rd__c__native_first           REFUSED  a word Sail's decoder did not give a constructor for: 
  REV8__one__rd__rust__native_first        REFUSED  a word Sail's decoder did not give a constructor for: 
  REMW__is_unsigned_False__rd__c__native_first REFUSED  483 instructions, above the walk's bound of 400
  REMW__is_unsigned_False__rd__rust__native_first REFUSED  473 instructions, above the walk's bound of 400
  REMW__is_unsigned_True__rd__c__native_first REFUSED  a word Sail's decoder did not give a constructor for: 
  REMW__is_unsigned_True__rd__rust__native_first REFUSED  a word Sail's decoder did not give a constructor for: 
  REM__is_unsigned_False__rd__cpp__native_first REFUSED  a word Sail's decoder did not give a constructor for: 
  REM__is_unsigned_False__rd__go__native_first REFUSED  compile rc=1: ./main.go:19:62: undefined: v27602
  REM__is_unsigned_True__rd__cpp__native_first REFUSED  a word Sail's decoder did not give a constructor for: 
  REM__is_unsigned_True__rd__go__native_first REFUSED  compile rc=1: ./main.go:16:62: undefined: v27466
  MULW__one__rd__cpp__native_first         REFUSED  a word Sail's decoder did not give a constructor for: 
  MULW__one__rd__go__native_first          REFUSED  carve found no instructions for main.main.emu_MULW__one__rd__go__native_first
  MUL__mul_op_High_Signed_Signed__rd__cpp__native_first REFUSED  a word Sail's decoder did not give a constructor for: 
  MUL__mul_op_High_Signed_Signed__rd__go__native_first REFUSED  carve found no instructions for main.main.emu_MUL__mul_op_High_Signed_Signed__rd__go__native_first
  MUL__mul_op_High_Signed_Unsigned__rd__cpp__native_first REFUSED  a word Sail's decoder did not give a constructor for: 
  MUL__mul_op_High_Signed_Unsigned__rd__go__native_first REFUSED  carve found no instructions for main.main.emu_MUL__mul_op_High_Signed_Unsigned__rd__go__native_first
  MUL__mul_op_High_Unsigned_Signed__rd__cpp__native_first REFUSED  a word Sail's decoder did not give a constructor for: 
  MUL__mul_op_High_Unsigned_Signed__rd__go__native_first REFUSED  carve found no instructions for main.main.emu_MUL__mul_op_High_Unsigned_Signed__rd__go__native_first
  MUL__mul_op_High_Unsigned_Unsigned__rd__cpp__native_first REFUSED  a word Sail's decoder did not give a constructor for: 
  MUL__mul_op_High_Unsigned_Unsigned__rd__go__native_first REFUSED  carve found no instructions for main.main.emu_MUL__mul_op_High_Unsigned_Unsigned__rd__go__native_first
  MUL__mul_op_Low_Signed_Signed__rd__cpp__native_first REFUSED  a word Sail's decoder did not give a constructor for: 
  MUL__mul_op_Low_Signed_Signed__rd__go__native_first REFUSED  carve found no instructions for main.main.emu_MUL__mul_op_Low_Signed_Signed__rd__go__native_first
  MUL__mul_op_Low_Signed_Unsigned__rd__cpp__native_first REFUSED  a word Sail's decoder did not give a constructor for: 
  MUL__mul_op_Low_Signed_Unsigned__rd__go__native_first REFUSED  carve found no instructions for main.main.emu_MUL__mul_op_Low_Signed_Unsigned__rd__go__native_first
  MUL__mul_op_Low_Unsigned_Signed__rd__cpp__native_first REFUSED  a word Sail's decoder did not give a constructor for: 
  MUL__mul_op_Low_Unsigned_Signed__rd__go__native_first REFUSED  carve found no instructions for main.main.emu_MUL__mul_op_Low_Unsigned_Signed__rd__go__native_first
  MUL__mul_op_Low_Unsigned_Unsigned__rd__cpp__native_first REFUSED  a word Sail's decoder did not give a constructor for: 
  MUL__mul_op_Low_Unsigned_Unsigned__rd__go__native_first REFUSED  carve found no instructions for main.main.emu_MUL__mul_op_Low_Unsigned_Unsigned__rd__go__native_first
  LOAD__is_unsigned_False__width_1__mem_addr__cpp__native_first REFUSED  a word Sail's decoder did not give a constructor for: 
  LOAD__is_unsigned_False__width_1__mem_addr__go__native_first REFUSED  carve found no instructions for main.main.emu_LOAD__is_unsigned_False__width_1__mem_addr__go__native_first
  LOAD__is_unsigned_False__width_1__rd__cpp__native_first REFUSED  a word Sail's decoder did not give a constructor for: 
  LOAD__is_unsigned_False__width_1__rd__go__native_first REFUSED  carve found no instructions for main.main.emu_LOAD__is_unsigned_False__width_1__rd__go__native_first
  LOAD__is_unsigned_False__width_2__mem_addr__cpp__native_first REFUSED  a word Sail's decoder did not give a constructor for: 
  LOAD__is_unsigned_False__width_2__mem_addr__go__native_first REFUSED  carve found no instructions for main.main.emu_LOAD__is_unsigned_False__width_2__mem_addr__go__native_first
  LOAD__is_unsigned_False__width_2__rd__cpp__native_first REFUSED  a word Sail's decoder did not give a constructor for: 
  LOAD__is_unsigned_False__width_2__rd__go__native_first REFUSED  carve found no instructions for main.main.emu_LOAD__is_unsigned_False__width_2__rd__go__native_first
  LOAD__is_unsigned_False__width_4__mem_addr__cpp__native_first REFUSED  a word Sail's decoder did not give a constructor for: 
  LOAD__is_unsigned_False__width_4__mem_addr__go__native_first REFUSED  carve found no instructions for main.main.emu_LOAD__is_unsigned_False__width_4__mem_addr__go__native_first
  LOAD__is_unsigned_False__width_4__rd__cpp__native_first REFUSED  a word Sail's decoder did not give a constructor for: 
  LOAD__is_unsigned_False__width_4__rd__go__native_first REFUSED  carve found no instructions for main.main.emu_LOAD__is_unsigned_False__width_4__rd__go__native_first
  LOAD__is_unsigned_False__width_8__mem_addr__cpp__native_first REFUSED  a word Sail's decoder did not give a constructor for: 
  LOAD__is_unsigned_False__width_8__mem_addr__go__native_first REFUSED  carve found no instructions for main.main.emu_LOAD__is_unsigned_False__width_8__mem_addr__go__native_first
  LOAD__is_unsigned_False__width_8__rd__cpp__native_first REFUSED  a word Sail's decoder did not give a constructor for: 
  LOAD__is_unsigned_False__width_8__rd__go__native_first REFUSED  carve found no instructions for main.main.emu_LOAD__is_unsigned_False__width_8__rd__go__native_first
  LOAD__is_unsigned_True__width_1__mem_addr__cpp__native_first REFUSED  a word Sail's decoder did not give a constructor for: 
  LOAD__is_unsigned_True__width_1__mem_addr__go__native_first REFUSED  carve found no instructions for main.main.emu_LOAD__is_unsigned_True__width_1__mem_addr__go__native_first
  LOAD__is_unsigned_True__width_1__rd__cpp__native_first REFUSED  a word Sail's decoder did not give a constructor for: 
  LOAD__is_unsigned_True__width_1__rd__go__native_first REFUSED  carve found no instructions for main.main.emu_LOAD__is_unsigned_True__width_1__rd__go__native_first
  LOAD__is_unsigned_True__width_2__mem_addr__cpp__native_first REFUSED  a word Sail's decoder did not give a constructor for: 
  LOAD__is_unsigned_True__width_2__mem_addr__go__native_first REFUSED  carve found no instructions for main.main.emu_LOAD__is_unsigned_True__width_2__mem_addr__go__native_first
  LOAD__is_unsigned_True__width_2__rd__cpp__native_first REFUSED  a word Sail's decoder did not give a constructor for: 
  LOAD__is_unsigned_True__width_2__rd__go__native_first REFUSED  carve found no instructions for main.main.emu_LOAD__is_unsigned_True__width_2__rd__go__native_first
  LOAD__is_unsigned_True__width_4__mem_addr__cpp__native_first REFUSED  a word Sail's decoder did not give a constructor for: 
  LOAD__is_unsigned_True__width_4__mem_addr__go__native_first REFUSED  carve found no instructions for main.main.emu_LOAD__is_unsigned_True__width_4__mem_addr__go__native_first
  LOAD__is_unsigned_True__width_4__rd__cpp__native_first REFUSED  a word Sail's decoder did not give a constructor for: 
  LOAD__is_unsigned_True__width_4__rd__go__native_first REFUSED  carve found no instructions for main.main.emu_LOAD__is_unsigned_True__width_4__rd__go__native_first
  LOAD__is_unsigned_True__width_8__mem_addr__cpp__native_first REFUSED  a word Sail's decoder did not give a constructor for: 
  LOAD__is_unsigned_True__width_8__mem_addr__go__native_first REFUSED  carve found no instructions for main.main.emu_LOAD__is_unsigned_True__width_8__mem_addr__go__native_first
  LOAD__is_unsigned_True__width_8__rd__cpp__native_first REFUSED  a word Sail's decoder did not give a constructor for: 
  LOAD__is_unsigned_True__width_8__rd__go__native_first REFUSED  carve found no instructions for main.main.emu_LOAD__is_unsigned_True__width_8__rd__go__native_first
  JALR__one__pc__cpp__native_first         REFUSED  a word Sail's decoder did not give a constructor for: 
  JALR__one__pc__go__native_first          REFUSED  carve found no instructions for main.main.emu_JALR__one__pc__go__native_first
  JALR__one__rd__cpp__native_first         REFUSED  a word Sail's decoder did not give a constructor for: 
  JALR__one__rd__go__native_first          REFUSED  carve found no instructions for main.main.emu_JALR__one__rd__go__native_first
  JAL__one__pc__cpp__native_first          REFUSED  a word Sail's decoder did not give a constructor for: 
  JAL__one__pc__go__native_first           REFUSED  carve found no instructions for main.main.emu_JAL__one__pc__go__native_first
  JAL__one__rd__cpp__native_first          REFUSED  a word Sail's decoder did not give a constructor for: 
  JAL__one__rd__go__native_first           REFUSED  carve found no instructions for main.main.emu_JAL__one__rd__go__native_first
  ITYPE__op_ADDI__rd__cpp__native_first    REFUSED  a word Sail's decoder did not give a constructor for: 
  ITYPE__op_ADDI__rd__go__native_first     REFUSED  carve found no instructions for main.main.emu_ITYPE__op_ADDI__rd__go__native_first
  ITYPE__op_SLTI__rd__cpp__native_first    REFUSED  a word Sail's decoder did not give a constructor for: 
  ITYPE__op_SLTI__rd__go__native_first     REFUSED  carve found no instructions for main.main.emu_ITYPE__op_SLTI__rd__go__native_first
  ITYPE__op_SLTIU__rd__cpp__native_first   REFUSED  a word Sail's decoder did not give a constructor for: 
  ITYPE__op_SLTIU__rd__go__native_first    REFUSED  carve found no instructions for main.main.emu_ITYPE__op_SLTIU__rd__go__native_first
  ITYPE__op_XORI__rd__cpp__native_first    REFUSED  410 instructions, above the walk's bound of 400
  ITYPE__op_XORI__rd__go__native_first     REFUSED  carve found no instructions for main.main.emu_ITYPE__op_XORI__rd__go__native_first
  ITYPE__op_ORI__rd__cpp__native_first     REFUSED  a word Sail's decoder did not give a constructor for: 
  ITYPE__op_ORI__rd__go__native_first      REFUSED  carve found no instructions for main.main.emu_ITYPE__op_ORI__rd__go__native_first
  ITYPE__op_ANDI__rd__cpp__native_first    REFUSED  a word Sail's decoder did not give a constructor for: 
  ITYPE__op_ANDI__rd__go__native_first     REFUSED  carve found no instructions for main.main.emu_ITYPE__op_ANDI__rd__go__native_first
  DIVW__is_unsigned_False__rd__cpp__native_first REFUSED  497 instructions, above the walk's bound of 400
  DIVW__is_unsigned_True__rd__c__native_first REFUSED  a word Sail's decoder did not give a constructor for: 
  DIVW__is_unsigned_True__rd__rust__native_first REFUSED  a word Sail's decoder did not give a constructor for: 
  DIV__is_unsigned_False__rd__cpp__native_first REFUSED  a word Sail's decoder did not give a constructor for: 
  DIV__is_unsigned_True__rd__c__native_first REFUSED  a word Sail's decoder did not give a constructor for: 
  DIV__is_unsigned_True__rd__rust__native_first REFUSED  a word Sail's decoder did not give a constructor for: 
  CTZW__one__rd__c__native_first           REFUSED  a word Sail's decoder did not give a constructor for: 
  CTZW__one__rd__rust__native_first        REFUSED  a word Sail's decoder did not give a constructor for: 
  CTZ__one__rd__c__native_first            REFUSED  a word Sail's decoder did not give a constructor for: 
  CTZ__one__rd__rust__native_first         REFUSED  a word Sail's decoder did not give a constructor for: 
  CPOP__one__rd__c__native_first           REFUSED  a word Sail's decoder did not give a constructor for: 
  CPOP__one__rd__rust__native_first        REFUSED  a word Sail's decoder did not give a constructor for: 
  CLZW__one__rd__c__native_first           REFUSED  a word Sail's decoder did not give a constructor for: 
  CLZW__one__rd__rust__native_first        REFUSED  a word Sail's decoder did not give a constructor for: 
  CLZ__one__rd__c__native_first            REFUSED  a word Sail's decoder did not give a constructor for: 
  CLZ__one__rd__rust__native_first         REFUSED  a word Sail's decoder did not give a constructor for: 
  BTYPE__op_BEQ__branch_condition__c__native_first REFUSED  a word Sail's decoder did not give a constructor for: 
  BTYPE__op_BEQ__branch_condition__rust__native_first REFUSED  a word Sail's decoder did not give a constructor for: 
  BTYPE__op_BEQ__pc__c__native_first       REFUSED  a word Sail's decoder did not give a constructor for: 
  BTYPE__op_BEQ__pc__rust__native_first    REFUSED  a word Sail's decoder did not give a constructor for: 
  BTYPE__op_BNE__branch_condition__c__native_first REFUSED  a word Sail's decoder did not give a constructor for: 
  BTYPE__op_BNE__branch_condition__rust__native_first REFUSED  a word Sail's decoder did not give a constructor for: 
  BTYPE__op_BNE__pc__c__native_first       REFUSED  a word Sail's decoder did not give a constructor for: 
  BTYPE__op_BNE__pc__rust__native_first    REFUSED  a word Sail's decoder did not give a constructor for: 
  BTYPE__op_BLT__branch_condition__c__native_first REFUSED  a word Sail's decoder did not give a constructor for: 
  BTYPE__op_BLT__branch_condition__rust__native_first REFUSED  a word Sail's decoder did not give a constructor for: 
  BTYPE__op_BLT__pc__c__native_first       REFUSED  a word Sail's decoder did not give a constructor for: 
  BTYPE__op_BLT__pc__rust__native_first    REFUSED  a word Sail's decoder did not give a constructor for: 
  BTYPE__op_BGE__branch_condition__c__native_first REFUSED  a word Sail's decoder did not give a constructor for: 
  BTYPE__op_BGE__branch_condition__rust__native_first REFUSED  a word Sail's decoder did not give a constructor for: 
  BTYPE__op_BGE__pc__c__native_first       REFUSED  a word Sail's decoder did not give a constructor for: 
  BTYPE__op_BGE__pc__rust__native_first    REFUSED  a word Sail's decoder did not give a constructor for: 
  BTYPE__op_BLTU__branch_condition__c__native_first REFUSED  a word Sail's decoder did not give a constructor for: 
  BTYPE__op_BLTU__branch_condition__rust__native_first REFUSED  a word Sail's decoder did not give a constructor for: 
  BTYPE__op_BLTU__pc__c__native_first      REFUSED  a word Sail's decoder did not give a constructor for: 
  BTYPE__op_BLTU__pc__rust__native_first   REFUSED  a word Sail's decoder did not give a constructor for: 
  BTYPE__op_BGEU__branch_condition__c__native_first REFUSED  a word Sail's decoder did not give a constructor for: 
  BTYPE__op_BGEU__branch_condition__rust__native_first REFUSED  a word Sail's decoder did not give a constructor for: 
  BTYPE__op_BGEU__pc__c__native_first      REFUSED  a word Sail's decoder did not give a constructor for: 
  BTYPE__op_BGEU__pc__rust__native_first   REFUSED  a word Sail's decoder did not give a constructor for: 
  BREV8__one__rd__c__native_first          REFUSED  a word Sail's decoder did not give a constructor for: 
  BREV8__one__rd__rust__native_first       REFUSED  a word Sail's decoder did not give a constructor for: 
  ADDIW__one__rd__c__native_first          REFUSED  a word Sail's decoder did not give a constructor for: 
  ADDIW__one__rd__rust__native_first       REFUSED  a word Sail's decoder did not give a constructor for: 
  walk: certified 0, failed 0, refused 260, of 260
