  proof lib LeanIM; executable lib LeanIMPrExecutable; decoder state: s0
  emitted definitions scanned: 4750; lean-sail definitions indexed: 137
  decode: 1210 words, lean rc=0, 376.3s
  register expressions evaluated: 10 of 11 (5.1s)
  certifying with 1 Lean job(s) at a time
  ZIMOP_MOP_RR__one__rd__cpp__all_constructed COMPOSED  (pure_ITYPE (zero_reg) (((sign_extend (m := 12) (0x00#6)))) (ADDI))
  ZIMOP_MOP_RR__one__rd__go__all_constructed REFUSED  carve found no instructions for main.main.emu_ZIMOP_MOP_RR__one__rd__go__all_constructed
  ZIMOP_MOP_R__one__rd__cpp__all_constructed COMPOSED  (pure_ITYPE (zero_reg) (((sign_extend (m := 12) (0x00#6)))) (ADDI))
  ZIMOP_MOP_R__one__rd__go__all_constructed REFUSED  carve found no instructions for main.main.emu_ZIMOP_MOP_R__one__rd__go__all_constructed
  ZBS_RTYPE__op_BCLR__rd__cpp__all_constructed COMPOSED  (pure_ZBB_RTYPE (b) ((pure_RTYPE ((pure_RTYPE ((pure_RTYPE ((pure_RTYPE ((pure_RTYPE ((pur
  ZBS_RTYPE__op_BCLR__rd__go__all_constructed REFUSED  carve found no instructions for main.main.emu_ZBS_RTYPE__op_BCLR__rd__go__all_constructed
  ZBS_RTYPE__op_BEXT__rd__cpp__all_constructed COMPOSED  (pure_ITYPE ((pure_RTYPE ((pure_RTYPE ((pure_RTYPE ((pure_RTYPE ((pure_RTYPE ((pure_RTYPE 
  ZBS_RTYPE__op_BEXT__rd__go__all_constructed REFUSED  carve found no instructions for main.main.emu_ZBS_RTYPE__op_BEXT__rd__go__all_constructed
  ZBS_RTYPE__op_BINV__rd__cpp__all_constructed COMPOSED  (pure_RTYPE (a) ((pure_RTYPE ((pure_RTYPE ((pure_RTYPE ((pure_RTYPE ((pure_RTYPE ((pure_IT
  ZBS_RTYPE__op_BINV__rd__go__all_constructed REFUSED  carve found no instructions for main.main.emu_ZBS_RTYPE__op_BINV__rd__go__all_constructed
  ZBS_RTYPE__op_BSET__rd__cpp__all_constructed COMPOSED  (pure_RTYPE (a) ((pure_RTYPE ((pure_RTYPE ((pure_RTYPE ((pure_RTYPE ((pure_RTYPE ((pure_IT
  ZBS_RTYPE__op_BSET__rd__go__all_constructed REFUSED  carve found no instructions for main.main.emu_ZBS_RTYPE__op_BSET__rd__go__all_constructed
  ZBS_IOP__op_BCLRI__rd__cpp__all_constructed COMPOSED  (pure_ZBB_RTYPE (b) ((pure_RTYPE ((pure_RTYPE ((pure_RTYPE ((pure_RTYPE ((pure_RTYPE ((pur
  ZBS_IOP__op_BCLRI__rd__go__all_constructed REFUSED  carve found no instructions for main.main.emu_ZBS_IOP__op_BCLRI__rd__go__all_constructed
  ZBS_IOP__op_BEXTI__rd__cpp__all_constructed COMPOSED  (pure_ITYPE ((pure_RTYPE ((pure_RTYPE ((pure_RTYPE ((pure_RTYPE ((pure_RTYPE ((pure_RTYPE 
  ZBS_IOP__op_BEXTI__rd__go__all_constructed REFUSED  carve found no instructions for main.main.emu_ZBS_IOP__op_BEXTI__rd__go__all_constructed
  ZBS_IOP__op_BINVI__rd__cpp__all_constructed COMPOSED  (pure_RTYPE (a) ((pure_RTYPE ((pure_RTYPE ((pure_RTYPE ((pure_RTYPE ((pure_RTYPE ((pure_IT
  ZBS_IOP__op_BINVI__rd__go__all_constructed REFUSED  carve found no instructions for main.main.emu_ZBS_IOP__op_BINVI__rd__go__all_constructed
  ZBS_IOP__op_BSETI__rd__cpp__all_constructed COMPOSED  (pure_RTYPE (a) ((pure_RTYPE ((pure_RTYPE ((pure_RTYPE ((pure_RTYPE ((pure_RTYPE ((pure_IT
  ZBS_IOP__op_BSETI__rd__go__all_constructed REFUSED  carve found no instructions for main.main.emu_ZBS_IOP__op_BSETI__rd__go__all_constructed
  ZBKB_RTYPE__op_PACK__rd__cpp__all_constructed COMPOSED  (pure_ZBA_RTYPEUW (b) ((pure_SHIFTIOP (a) ((0x20#6)) (SLLI))) (0x0#2))
  ZBKB_RTYPE__op_PACK__rd__go__all_constructed REFUSED  carve found no instructions for main.main.emu_ZBKB_RTYPE__op_PACK__rd__go__all_constructed
  ZBKB_RTYPE__op_PACKH__rd__cpp__all_constructed COMPOSED  (pure_RTYPE ((pure_SHIFTIOP (a) ((0x08#6)) (SLLI))) (b) (OR))
  ZBKB_RTYPE__op_PACKH__rd__go__all_constructed REFUSED  carve found no instructions for main.main.emu_ZBKB_RTYPE__op_PACKH__rd__go__all_constructed
  ZBB_RTYPEW__op_ROLW__rd__cpp__all_constructed REFUSED  no certified pure form for ZICOND_RTYPE (an element the rule does not know: let condition ← (( do)
  ZBB_RTYPEW__op_ROLW__rd__go__all_constructed REFUSED  carve found no instructions for main.main.emu_ZBB_RTYPEW__op_ROLW__rd__go__all_constructed
  ZBB_RTYPEW__op_RORW__rd__cpp__all_constructed REFUSED  no certified pure form for ZICOND_RTYPE (an element the rule does not know: let condition ← (( do)
  ZBB_RTYPEW__op_RORW__rd__go__all_constructed REFUSED  carve found no instructions for main.main.emu_ZBB_RTYPEW__op_RORW__rd__go__all_constructed
  ZBB_RTYPE__op_ANDN__rd__cpp__all_constructed COMPOSED  (pure_ZBB_RTYPE (a) (b) (LeanIM.brop_zbb.ANDN))
  ZBB_RTYPE__op_ANDN__rd__go__all_constructed REFUSED  carve found no instructions for main.main.emu_ZBB_RTYPE__op_ANDN__rd__go__all_constructed
  ZBB_RTYPE__op_ORN__rd__cpp__all_constructed COMPOSED  (pure_ZBB_RTYPE (a) (b) (LeanIM.brop_zbb.ORN))
  ZBB_RTYPE__op_ORN__rd__go__all_constructed REFUSED  carve found no instructions for main.main.emu_ZBB_RTYPE__op_ORN__rd__go__all_constructed
  ZBB_RTYPE__op_XNOR__rd__cpp__all_constructed COMPOSED  (pure_ZBB_RTYPE (a) (b) (LeanIM.brop_zbb.XNOR))
  ZBB_RTYPE__op_XNOR__rd__go__all_constructed REFUSED  carve found no instructions for main.main.emu_ZBB_RTYPE__op_XNOR__rd__go__all_constructed
  ZBB_RTYPE__op_MAX__rd__cpp__all_constructed REFUSED  no certified pure form for ZICOND_RTYPE (an element the rule does not know: let condition ← (( do)
  ZBB_RTYPE__op_MAX__rd__go__all_constructed REFUSED  carve found no instructions for main.main.emu_ZBB_RTYPE__op_MAX__rd__go__all_constructed
  ZBB_RTYPE__op_MAXU__rd__cpp__all_constructed REFUSED  no certified pure form for ZICOND_RTYPE (an element the rule does not know: let condition ← (( do)
  ZBB_RTYPE__op_MAXU__rd__go__all_constructed REFUSED  carve found no instructions for main.main.emu_ZBB_RTYPE__op_MAXU__rd__go__all_constructed
  ZBB_RTYPE__op_MIN__rd__cpp__all_constructed REFUSED  no certified pure form for ZICOND_RTYPE (an element the rule does not know: let condition ← (( do)
  ZBB_RTYPE__op_MIN__rd__go__all_constructed REFUSED  carve found no instructions for main.main.emu_ZBB_RTYPE__op_MIN__rd__go__all_constructed
  ZBB_RTYPE__op_MINU__rd__cpp__all_constructed REFUSED  no certified pure form for ZICOND_RTYPE (an element the rule does not know: let condition ← (( do)
  ZBB_RTYPE__op_MINU__rd__go__all_constructed REFUSED  carve found no instructions for main.main.emu_ZBB_RTYPE__op_MINU__rd__go__all_constructed
  ZBB_RTYPE__op_ROL__rd__cpp__all_constructed REFUSED  no certified pure form for ZICOND_RTYPE (an element the rule does not know: let condition ← (( do)
  ZBB_RTYPE__op_ROL__rd__go__all_constructed REFUSED  carve found no instructions for main.main.emu_ZBB_RTYPE__op_ROL__rd__go__all_constructed
  ZBB_RTYPE__op_ROR__rd__cpp__all_constructed REFUSED  no certified pure form for ZICOND_RTYPE (an element the rule does not know: let condition ← (( do)
  ZBB_RTYPE__op_ROR__rd__go__all_constructed REFUSED  carve found no instructions for main.main.emu_ZBB_RTYPE__op_ROR__rd__go__all_constructed
  ZBB_EXTOP__op_SEXTB__rd__cpp__all_constructed COMPOSED  (pure_RTYPE (a) ((pure_SHIFTIOP ((pure_RTYPE ((pure_ZBA_RTYPE ((pure_RTYPE ((pure_ZBA_RTYP
  ZBB_EXTOP__op_SEXTB__rd__go__all_constructed REFUSED  carve found no instructions for main.main.emu_ZBB_EXTOP__op_SEXTB__rd__go__all_constructed
  ZBB_EXTOP__op_SEXTH__rd__cpp__all_constructed COMPOSED  (pure_RTYPE (a) ((pure_SHIFTIOP ((pure_RTYPE ((pure_ZBA_RTYPE ((pure_RTYPE ((pure_ZBA_RTYP
  ZBB_EXTOP__op_SEXTH__rd__go__all_constructed REFUSED  carve found no instructions for main.main.emu_ZBB_EXTOP__op_SEXTH__rd__go__all_constructed
  ZBB_EXTOP__op_ZEXTH__rd__cpp__all_constructed COMPOSED  a
  ZBB_EXTOP__op_ZEXTH__rd__go__all_constructed REFUSED  carve found no instructions for main.main.emu_ZBB_EXTOP__op_ZEXTH__rd__go__all_constructed
  ZBA_RTYPEUW__one__rd__cpp__all_constructed COMPOSED  (pure_RTYPE ((pure_RTYPE ((pure_RTYPE ((pure_RTYPE ((pure_ZBA_RTYPEUW (a) (zero_reg) (0b00
  ZBA_RTYPEUW__one__rd__go__all_constructed REFUSED  carve found no instructions for main.main.emu_ZBA_RTYPEUW__one__rd__go__all_constructed
  ZBA_RTYPE__one__rd__cpp__all_constructed COMPOSED  (pure_RTYPE ((pure_RTYPE ((pure_RTYPE ((pure_RTYPE (a) ((pure_ITYPE (b) (0x001#12) (LeanIM
  ZBA_RTYPE__one__rd__go__all_constructed  REFUSED  carve found no instructions for main.main.emu_ZBA_RTYPE__one__rd__go__all_constructed
  UTYPE__op_LUI__rd__cpp__all_constructed  COMPOSED  (pure_SHIFTIWOP (a) (0x0c#5) (LeanIM.sopw.SLLIW))
  UTYPE__op_LUI__rd__go__all_constructed   REFUSED  carve found no instructions for main.main.emu_UTYPE__op_LUI__rd__go__all_constructed
  UTYPE__op_AUIPC__rd__cpp__all_constructed COMPOSED  (pure_RTYPE ((pure_RTYPE (a) ((pure_SHIFTIWOP (b) (0x0c#5) (LeanIM.sopw.SLLIW))) (XOR))) (
  UTYPE__op_AUIPC__rd__go__all_constructed REFUSED  carve found no instructions for main.main.emu_UTYPE__op_AUIPC__rd__go__all_constructed
  STORE__width_1__mem_addr__cpp__all_constructed COMPOSED  (pure_RTYPE ((pure_RTYPE (a) ((pure_RTYPE ((pure_SHIFTIOP ((pure_RTYPE ((pure_ZBS_IOP (b) 
  STORE__width_1__mem_addr__go__all_constructed REFUSED  carve found no instructions for main.main.emu_STORE__width_1__mem_addr__go__all_constructed
  STORE__width_1__mem_data__cpp__all_constructed COMPOSED  a
  STORE__width_1__mem_data__go__all_constructed REFUSED  carve found no instructions for main.main.emu_STORE__width_1__mem_data__go__all_constructed
  STORE__width_2__mem_addr__cpp__all_constructed COMPOSED  (pure_RTYPE ((pure_RTYPE (a) ((pure_RTYPE ((pure_SHIFTIOP ((pure_RTYPE ((pure_ZBS_IOP (b) 
  STORE__width_2__mem_addr__go__all_constructed REFUSED  carve found no instructions for main.main.emu_STORE__width_2__mem_addr__go__all_constructed
  STORE__width_2__mem_data__cpp__all_constructed COMPOSED  a
  STORE__width_2__mem_data__go__all_constructed REFUSED  carve found no instructions for main.main.emu_STORE__width_2__mem_data__go__all_constructed
  STORE__width_4__mem_addr__cpp__all_constructed COMPOSED  (pure_RTYPE ((pure_RTYPE (a) ((pure_RTYPE ((pure_SHIFTIOP ((pure_RTYPE ((pure_ZBS_IOP (b) 
  STORE__width_4__mem_addr__go__all_constructed REFUSED  carve found no instructions for main.main.emu_STORE__width_4__mem_addr__go__all_constructed
  STORE__width_4__mem_data__cpp__all_constructed COMPOSED  a
  STORE__width_4__mem_data__go__all_constructed REFUSED  carve found no instructions for main.main.emu_STORE__width_4__mem_data__go__all_constructed
  STORE__width_8__mem_addr__cpp__all_constructed COMPOSED  (pure_RTYPE ((pure_RTYPE (a) ((pure_RTYPE ((pure_SHIFTIOP ((pure_RTYPE ((pure_ZBS_IOP (b) 
  STORE__width_8__mem_addr__go__all_constructed REFUSED  carve found no instructions for main.main.emu_STORE__width_8__mem_addr__go__all_constructed
  STORE__width_8__mem_data__cpp__all_constructed COMPOSED  a
  STORE__width_8__mem_data__go__all_constructed REFUSED  carve found no instructions for main.main.emu_STORE__width_8__mem_data__go__all_constructed
  SLLIUW__one__rd__cpp__all_constructed    COMPOSED  (pure_RTYPE ((pure_RTYPE ((pure_RTYPE ((pure_RTYPE ((pure_RTYPE ((pure_RTYPE ((pure_ZBA_RT
  SLLIUW__one__rd__go__all_constructed     REFUSED  carve found no instructions for main.main.emu_SLLIUW__one__rd__go__all_constructed
  SHIFTIWOP__op_SLLIW__rd__cpp__all_constructed COMPOSED  (pure_ZBA_RTYPEUW ((pure_RTYPEW ((pure_RTYPEW ((pure_RTYPEW ((pure_RTYPEW ((pure_RTYPEW (a
  SHIFTIWOP__op_SLLIW__rd__go__all_constructed REFUSED  carve found no instructions for main.main.emu_SHIFTIWOP__op_SLLIW__rd__go__all_constructed
  SHIFTIWOP__op_SRLIW__rd__cpp__all_constructed COMPOSED  (pure_ZBA_RTYPEUW ((pure_RTYPEW ((pure_RTYPEW ((pure_RTYPEW ((pure_RTYPEW ((pure_RTYPEW (a
  SHIFTIWOP__op_SRLIW__rd__go__all_constructed REFUSED  carve found no instructions for main.main.emu_SHIFTIWOP__op_SRLIW__rd__go__all_constructed
  SHIFTIWOP__op_SRAIW__rd__cpp__all_constructed REFUSED  no certified pure form for UTYPE (an effect in an arm beyond register reads: ((← (get_arch_pc ())) + off))
  SHIFTIWOP__op_SRAIW__rd__go__all_constructed REFUSED  carve found no instructions for main.main.emu_SHIFTIWOP__op_SRAIW__rd__go__all_constructed
  SHIFTIOP__op_SLLI__rd__cpp__all_constructed COMPOSED  (pure_RTYPE ((pure_RTYPE ((pure_RTYPE ((pure_RTYPE ((pure_RTYPE ((pure_RTYPE (a) ((pure_IT
  SHIFTIOP__op_SLLI__rd__go__all_constructed REFUSED  carve found no instructions for main.main.emu_SHIFTIOP__op_SLLI__rd__go__all_constructed
  SHIFTIOP__op_SRLI__rd__cpp__all_constructed COMPOSED  (pure_RTYPE ((pure_RTYPE ((pure_RTYPE ((pure_RTYPE ((pure_RTYPE ((pure_RTYPE (a) ((pure_IT
  SHIFTIOP__op_SRLI__rd__go__all_constructed REFUSED  carve found no instructions for main.main.emu_SHIFTIOP__op_SRLI__rd__go__all_constructed
  SHIFTIOP__op_SRAI__rd__cpp__all_constructed REFUSED  no certified pure form for ZICOND_RTYPE (an element the rule does not know: let condition ← (( do)
  SHIFTIOP__op_SRAI__rd__go__all_constructed REFUSED  carve found no instructions for main.main.emu_SHIFTIOP__op_SRAI__rd__go__all_constructed
  SHA512SUM1R__one__rd__cpp__all_constructed REFUSED  reads x2, outside the ABI arguments
  SHA512SUM1R__one__rd__go__all_constructed REFUSED  carve found no instructions for main.main.emu_SHA512SUM1R__one__rd__go__all_constructed
  SHA512SUM0R__one__rd__cpp__all_constructed REFUSED  reads x2, outside the ABI arguments
  SHA512SUM0R__one__rd__go__all_constructed REFUSED  carve found no instructions for main.main.emu_SHA512SUM0R__one__rd__go__all_constructed
  SHA512SIG1L__one__rd__cpp__all_constructed REFUSED  reads x2, outside the ABI arguments
  SHA512SIG1L__one__rd__go__all_constructed REFUSED  carve found no instructions for main.main.emu_SHA512SIG1L__one__rd__go__all_constructed
  SHA512SIG1H__one__rd__cpp__all_constructed COMPOSED  (pure_ZBA_RTYPE ((pure_RTYPE ((pure_ZBA_RTYPEUW ((pure_SHIFTIOP ((pure_RTYPE ((pure_RTYPE 
  SHA512SIG1H__one__rd__go__all_constructed REFUSED  carve found no instructions for main.main.emu_SHA512SIG1H__one__rd__go__all_constructed
  SHA512SIG0L__one__rd__cpp__all_constructed REFUSED  reads x2, outside the ABI arguments
  SHA512SIG0L__one__rd__go__all_constructed REFUSED  carve found no instructions for main.main.emu_SHA512SIG0L__one__rd__go__all_constructed
  SHA512SIG0H__one__rd__cpp__all_constructed COMPOSED  (pure_RTYPE ((pure_SHIFTIOP ((pure_RTYPE ((pure_RTYPE ((pure_RTYPE ((pure_SHIFTIOP ((pure_
  SHA512SIG0H__one__rd__go__all_constructed REFUSED  carve found no instructions for main.main.emu_SHA512SIG0H__one__rd__go__all_constructed
  RTYPEW__op_ADDW__rd__cpp__all_constructed COMPOSED  (pure_ZBA_RTYPEUW ((pure_RTYPE ((pure_RTYPE (a) (b) (XOR))) ((pure_SHIFTIWOP ((pure_RTYPE 
  RTYPEW__op_ADDW__rd__go__all_constructed REFUSED  carve found no instructions for main.main.emu_RTYPEW__op_ADDW__rd__go__all_constructed
  RTYPEW__op_SUBW__rd__cpp__all_constructed REFUSED  870 instructions, above the walk's bound of 400
  RTYPEW__op_SUBW__rd__go__all_constructed REFUSED  carve found no instructions for main.main.emu_RTYPEW__op_SUBW__rd__go__all_constructed
  RTYPEW__op_SLLW__rd__cpp__all_constructed COMPOSED  (pure_ZBA_RTYPEUW ((pure_RTYPEW ((pure_RTYPEW ((pure_RTYPEW ((pure_RTYPEW ((pure_RTYPEW (a
  RTYPEW__op_SLLW__rd__go__all_constructed REFUSED  carve found no instructions for main.main.emu_RTYPEW__op_SLLW__rd__go__all_constructed
  RTYPEW__op_SRLW__rd__cpp__all_constructed COMPOSED  (pure_ZBA_RTYPEUW ((pure_RTYPEW ((pure_RTYPEW ((pure_RTYPEW ((pure_RTYPEW ((pure_RTYPEW (a
  RTYPEW__op_SRLW__rd__go__all_constructed REFUSED  carve found no instructions for main.main.emu_RTYPEW__op_SRLW__rd__go__all_constructed
  RTYPEW__op_SRAW__rd__cpp__all_constructed REFUSED  no certified pure form for UTYPE (an effect in an arm beyond register reads: ((← (get_arch_pc ())) + off))
  RTYPEW__op_SRAW__rd__go__all_constructed REFUSED  carve found no instructions for main.main.emu_RTYPEW__op_SRAW__rd__go__all_constructed
  RTYPE__op_ADD__rd__cpp__all_constructed  COMPOSED  (pure_RTYPE ((pure_RTYPE (a) (b) (XOR))) ((pure_SHIFTIOP ((pure_RTYPE ((pure_RTYPE ((pure_
  RTYPE__op_ADD__rd__go__all_constructed   REFUSED  carve found no instructions for main.main.emu_RTYPE__op_ADD__rd__go__all_constructed
  RTYPE__op_SUB__rd__cpp__all_constructed  REFUSED  2028 instructions, above the walk's bound of 400
  RTYPE__op_SUB__rd__go__all_constructed   REFUSED  compile rc=1: ./main.go:220:29: too many errors
  RTYPE__op_SLL__rd__cpp__all_constructed  COMPOSED  (pure_RTYPE ((pure_RTYPE ((pure_RTYPE ((pure_RTYPE ((pure_RTYPE ((pure_RTYPE (a) ((pure_IT
  RTYPE__op_SLL__rd__go__all_constructed   REFUSED  carve found no instructions for main.main.emu_RTYPE__op_SLL__rd__go__all_constructed
  RTYPE__op_SLT__rd__cpp__all_constructed  REFUSED  register of read r not resolved
  RTYPE__op_SLT__rd__go__all_constructed   REFUSED  carve found no instructions for main.main.emu_RTYPE__op_SLT__rd__go__all_constructed
  RTYPE__op_SLTU__rd__cpp__all_constructed REFUSED  register of read r not resolved
  RTYPE__op_SLTU__rd__go__all_constructed  REFUSED  carve found no instructions for main.main.emu_RTYPE__op_SLTU__rd__go__all_constructed
  RTYPE__op_XOR__rd__cpp__all_constructed  COMPOSED  (pure_RTYPE (a) (b) (XOR))
  RTYPE__op_XOR__rd__go__all_constructed   REFUSED  carve found no instructions for main.main.emu_RTYPE__op_XOR__rd__go__all_constructed
  RTYPE__op_SRL__rd__cpp__all_constructed  COMPOSED  (pure_RTYPE ((pure_RTYPE ((pure_RTYPE ((pure_RTYPE ((pure_RTYPE ((pure_RTYPE (a) ((pure_IT
  RTYPE__op_SRL__rd__go__all_constructed   REFUSED  carve found no instructions for main.main.emu_RTYPE__op_SRL__rd__go__all_constructed
  RTYPE__op_SRA__rd__cpp__all_constructed  REFUSED  no certified pure form for ZICOND_RTYPE (an element the rule does not know: let condition ← (( do)
  RTYPE__op_SRA__rd__go__all_constructed   REFUSED  carve found no instructions for main.main.emu_RTYPE__op_SRA__rd__go__all_constructed
  RTYPE__op_OR__rd__cpp__all_constructed   COMPOSED  (pure_RTYPE (a) (b) (OR))
  RTYPE__op_OR__rd__go__all_constructed    REFUSED  carve found no instructions for main.main.emu_RTYPE__op_OR__rd__go__all_constructed
  RTYPE__op_AND__rd__cpp__all_constructed  COMPOSED  (pure_RTYPE (a) (b) (AND))
  RTYPE__op_AND__rd__go__all_constructed   REFUSED  carve found no instructions for main.main.emu_RTYPE__op_AND__rd__go__all_constructed
  RORIW__one__rd__cpp__all_constructed     REFUSED  no certified pure form for ZICOND_RTYPE (an element the rule does not know: let condition ← (( do)
  RORIW__one__rd__go__all_constructed      REFUSED  carve found no instructions for main.main.emu_RORIW__one__rd__go__all_constructed
  RORI__one__rd__cpp__all_constructed      REFUSED  no certified pure form for ZICOND_RTYPE (an element the rule does not know: let condition ← (( do)
  RORI__one__rd__go__all_constructed       REFUSED  carve found no instructions for main.main.emu_RORI__one__rd__go__all_constructed
  REV8__one__rd__cpp__all_constructed      COMPOSED  (pure_REV8 (a))
  REV8__one__rd__go__all_constructed       REFUSED  carve found no instructions for main.main.emu_REV8__one__rd__go__all_constructed
  REMW__is_unsigned_False__rd__cpp__all_constructed REFUSED  17300 instructions, above the walk's bound of 400
  REMW__is_unsigned_False__rd__go__all_constructed REFUSED  carve found no instructions for main.main.emu_REMW__is_unsigned_False__rd__go__all_constructed
  REMW__is_unsigned_True__rd__cpp__all_constructed REFUSED  16620 instructions, above the walk's bound of 400
  REM__is_unsigned_False__rd__c__all_constructed REFUSED  17289 instructions, above the walk's bound of 400
  REM__is_unsigned_False__rd__rust__all_constructed REFUSED  18551 instructions, above the walk's bound of 400
  REM__is_unsigned_True__rd__c__all_constructed REFUSED  16614 instructions, above the walk's bound of 400
  REM__is_unsigned_True__rd__rust__all_constructed REFUSED  17519 instructions, above the walk's bound of 400
  MULW__one__rd__c__all_constructed        REFUSED  971 instructions, above the walk's bound of 400
  MULW__one__rd__rust__all_constructed     REFUSED  1002 instructions, above the walk's bound of 400
  MUL__mul_op_High_Signed_Signed__rd__c__all_constructed REFUSED  10283 instructions, above the walk's bound of 400
  MUL__mul_op_High_Signed_Signed__rd__rust__all_constructed REFUSED  11270 instructions, above the walk's bound of 400
  MUL__mul_op_High_Signed_Unsigned__rd__c__all_constructed REFUSED  7807 instructions, above the walk's bound of 400
  MUL__mul_op_High_Signed_Unsigned__rd__rust__all_constructed REFUSED  8296 instructions, above the walk's bound of 400
  MUL__mul_op_High_Unsigned_Signed__rd__c__all_constructed REFUSED  7807 instructions, above the walk's bound of 400
  MUL__mul_op_High_Unsigned_Signed__rd__rust__all_constructed REFUSED  8296 instructions, above the walk's bound of 400
  MUL__mul_op_High_Unsigned_Unsigned__rd__c__all_constructed REFUSED  7086 instructions, above the walk's bound of 400
  MUL__mul_op_High_Unsigned_Unsigned__rd__rust__all_constructed REFUSED  7681 instructions, above the walk's bound of 400
  MUL__mul_op_Low_Signed_Signed__rd__c__all_constructed REFUSED  2255 instructions, above the walk's bound of 400
  MUL__mul_op_Low_Signed_Signed__rd__rust__all_constructed REFUSED  2323 instructions, above the walk's bound of 400
  MUL__mul_op_Low_Signed_Unsigned__rd__c__all_constructed REFUSED  2255 instructions, above the walk's bound of 400
  MUL__mul_op_Low_Signed_Unsigned__rd__rust__all_constructed REFUSED  2323 instructions, above the walk's bound of 400
  MUL__mul_op_Low_Unsigned_Signed__rd__c__all_constructed REFUSED  2255 instructions, above the walk's bound of 400
  MUL__mul_op_Low_Unsigned_Signed__rd__rust__all_constructed REFUSED  2323 instructions, above the walk's bound of 400
  MUL__mul_op_Low_Unsigned_Unsigned__rd__c__all_constructed REFUSED  2255 instructions, above the walk's bound of 400
  MUL__mul_op_Low_Unsigned_Unsigned__rd__rust__all_constructed REFUSED  2323 instructions, above the walk's bound of 400
  LOAD__is_unsigned_False__width_1__mem_addr__c__all_constructed COMPOSED  (pure_RTYPE ((pure_RTYPE (a) ((pure_RTYPE ((pure_SHIFTIOP ((pure_RTYPE ((pure_ZBS_IOP (b) 
  LOAD__is_unsigned_False__width_1__mem_addr__rust__all_constructed COMPOSED  (pure_RTYPE ((pure_RTYPE (a) ((pure_RTYPE ((pure_SHIFTIOP ((pure_RTYPE ((pure_RTYPE ((pure
  LOAD__is_unsigned_False__width_1__rd__c__all_constructed COMPOSED  (pure_RTYPE (a) ((pure_SHIFTIOP ((pure_RTYPE ((pure_ZBA_RTYPE ((pure_RTYPE ((pure_ZBA_RTYP
  LOAD__is_unsigned_False__width_1__rd__rust__all_constructed COMPOSED  (pure_RTYPE (a) ((pure_SHIFTIOP ((pure_RTYPE ((pure_SHIFTIOP ((pure_RTYPE ((pure_SHIFTIOP 
  LOAD__is_unsigned_False__width_2__mem_addr__c__all_constructed COMPOSED  (pure_RTYPE ((pure_RTYPE (a) ((pure_RTYPE ((pure_SHIFTIOP ((pure_RTYPE ((pure_ZBS_IOP (b) 
  LOAD__is_unsigned_False__width_2__mem_addr__rust__all_constructed COMPOSED  (pure_RTYPE ((pure_RTYPE (a) ((pure_RTYPE ((pure_SHIFTIOP ((pure_RTYPE ((pure_RTYPE ((pure
  LOAD__is_unsigned_False__width_2__rd__c__all_constructed COMPOSED  (pure_RTYPE (a) ((pure_SHIFTIOP ((pure_RTYPE ((pure_ZBA_RTYPE ((pure_RTYPE ((pure_ZBA_RTYP
  LOAD__is_unsigned_False__width_2__rd__rust__all_constructed COMPOSED  (pure_RTYPE (a) ((pure_SHIFTIOP ((pure_RTYPE ((pure_SHIFTIOP ((pure_RTYPE ((pure_SHIFTIOP 
  LOAD__is_unsigned_False__width_4__mem_addr__c__all_constructed COMPOSED  (pure_RTYPE ((pure_RTYPE (a) ((pure_RTYPE ((pure_SHIFTIOP ((pure_RTYPE ((pure_ZBS_IOP (b) 
  LOAD__is_unsigned_False__width_4__mem_addr__rust__all_constructed COMPOSED  (pure_RTYPE ((pure_RTYPE (a) ((pure_RTYPE ((pure_SHIFTIOP ((pure_RTYPE ((pure_RTYPE ((pure
  LOAD__is_unsigned_False__width_4__rd__c__all_constructed COMPOSED  (pure_ZBA_RTYPEUW (a) ((pure_RTYPE ((pure_SHIFTIOP ((pure_SHIFTIWOP (a) (0x1f#5) (LeanIM.s
  LOAD__is_unsigned_False__width_4__rd__rust__all_constructed COMPOSED  (pure_RTYPE ((pure_RTYPE ((pure_SHIFTIOP ((pure_SHIFTIOP (a) ((0x20#6)) (SLLI))) ((0x20#6)
  LOAD__is_unsigned_False__width_8__mem_addr__c__all_constructed COMPOSED  (pure_RTYPE ((pure_RTYPE (a) ((pure_RTYPE ((pure_SHIFTIOP ((pure_RTYPE ((pure_ZBS_IOP (b) 
  LOAD__is_unsigned_False__width_8__mem_addr__rust__all_constructed COMPOSED  (pure_RTYPE ((pure_RTYPE (a) ((pure_RTYPE ((pure_SHIFTIOP ((pure_RTYPE ((pure_RTYPE ((pure
  LOAD__is_unsigned_False__width_8__rd__c__all_constructed COMPOSED  a
  LOAD__is_unsigned_False__width_8__rd__rust__all_constructed COMPOSED  a
  LOAD__is_unsigned_True__width_1__mem_addr__c__all_constructed COMPOSED  (pure_RTYPE ((pure_RTYPE (a) ((pure_RTYPE ((pure_SHIFTIOP ((pure_RTYPE ((pure_ZBS_IOP (b) 
  LOAD__is_unsigned_True__width_1__mem_addr__rust__all_constructed COMPOSED  (pure_RTYPE ((pure_RTYPE (a) ((pure_RTYPE ((pure_SHIFTIOP ((pure_RTYPE ((pure_RTYPE ((pure
  LOAD__is_unsigned_True__width_1__rd__c__all_constructed COMPOSED  a
  LOAD__is_unsigned_True__width_1__rd__rust__all_constructed COMPOSED  a
  LOAD__is_unsigned_True__width_2__mem_addr__c__all_constructed COMPOSED  (pure_RTYPE ((pure_RTYPE (a) ((pure_RTYPE ((pure_SHIFTIOP ((pure_RTYPE ((pure_ZBS_IOP (b) 
  LOAD__is_unsigned_True__width_2__mem_addr__rust__all_constructed COMPOSED  (pure_RTYPE ((pure_RTYPE (a) ((pure_RTYPE ((pure_SHIFTIOP ((pure_RTYPE ((pure_RTYPE ((pure
  LOAD__is_unsigned_True__width_2__rd__c__all_constructed COMPOSED  a
  LOAD__is_unsigned_True__width_2__rd__rust__all_constructed COMPOSED  a
  LOAD__is_unsigned_True__width_4__mem_addr__c__all_constructed COMPOSED  (pure_RTYPE ((pure_RTYPE (a) ((pure_RTYPE ((pure_SHIFTIOP ((pure_RTYPE ((pure_ZBS_IOP (b) 
  LOAD__is_unsigned_True__width_4__mem_addr__rust__all_constructed COMPOSED  (pure_RTYPE ((pure_RTYPE (a) ((pure_RTYPE ((pure_SHIFTIOP ((pure_RTYPE ((pure_RTYPE ((pure
  LOAD__is_unsigned_True__width_4__rd__c__all_constructed COMPOSED  (pure_ZBA_RTYPEUW (a) (zero_reg) (0b00#2))
  LOAD__is_unsigned_True__width_4__rd__rust__all_constructed COMPOSED  (pure_SHIFTIOP ((pure_SHIFTIOP (a) ((0x20#6)) (SLLI))) ((0x20#6)) (SRLI))
  LOAD__is_unsigned_True__width_8__mem_addr__c__all_constructed COMPOSED  (pure_RTYPE ((pure_RTYPE (a) ((pure_RTYPE ((pure_SHIFTIOP ((pure_RTYPE ((pure_ZBS_IOP (b) 
  LOAD__is_unsigned_True__width_8__mem_addr__rust__all_constructed COMPOSED  (pure_RTYPE ((pure_RTYPE (a) ((pure_RTYPE ((pure_SHIFTIOP ((pure_RTYPE ((pure_RTYPE ((pure
  LOAD__is_unsigned_True__width_8__rd__c__all_constructed COMPOSED  a
  LOAD__is_unsigned_True__width_8__rd__rust__all_constructed COMPOSED  a
  JALR__one__pc__c__all_constructed        COMPOSED  (pure_RTYPE ((pure_ITYPE ((pure_RTYPE (a) ((pure_RTYPE ((pure_SHIFTIOP ((pure_RTYPE ((pure
  JALR__one__pc__rust__all_constructed     COMPOSED  (pure_RTYPE ((pure_ITYPE ((pure_RTYPE (a) ((pure_RTYPE ((pure_SHIFTIOP ((pure_RTYPE ((pure
  JALR__one__rd__c__all_constructed        COMPOSED  a
  JALR__one__rd__rust__all_constructed     COMPOSED  a
  JAL__one__pc__c__all_constructed         COMPOSED  (pure_RTYPE ((pure_RTYPE (a) ((pure_RTYPE ((pure_RTYPE ((pure_SHIFTIOP ((pure_SHIFTIOP (b)
  JAL__one__pc__rust__all_constructed      COMPOSED  (pure_RTYPE ((pure_RTYPE (a) ((pure_RTYPE ((pure_RTYPE ((pure_SHIFTIOP ((pure_SHIFTIOP (b)
  JAL__one__rd__c__all_constructed         COMPOSED  a
  JAL__one__rd__rust__all_constructed      COMPOSED  a
  ITYPE__op_ADDI__rd__c__all_constructed   COMPOSED  (pure_RTYPE ((pure_RTYPE (a) ((pure_RTYPE ((pure_SHIFTIOP ((pure_RTYPE ((pure_ZBS_IOP (b) 
  ITYPE__op_ADDI__rd__rust__all_constructed COMPOSED  (pure_RTYPE ((pure_RTYPE (a) ((pure_RTYPE ((pure_SHIFTIOP ((pure_RTYPE ((pure_RTYPE ((pure
  ITYPE__op_SLTI__rd__c__all_constructed   REFUSED  register of read r not resolved
  ITYPE__op_SLTI__rd__rust__all_constructed COMPOSED  (pure_SHIFTIOP ((pure_ITYPE ((pure_RTYPE ((pure_RTYPE ((pure_RTYPE ((pure_RTYPE ((pure_RTY
  ITYPE__op_SLTIU__rd__c__all_constructed  REFUSED  register of read r not resolved
  ITYPE__op_SLTIU__rd__rust__all_constructed COMPOSED  (pure_SHIFTIOP ((pure_ITYPE ((pure_RTYPE ((pure_RTYPE ((pure_RTYPE ((pure_RTYPE ((pure_RTY
  ITYPE__op_XORI__rd__c__all_constructed   REFUSED  reads x2, outside the ABI arguments
  ITYPE__op_XORI__rd__rust__all_constructed REFUSED  407 instructions, above the walk's bound of 400
  ITYPE__op_ORI__rd__c__all_constructed    COMPOSED  (pure_RTYPE ((pure_RTYPE ((pure_RTYPE ((pure_SHIFTIOP ((pure_RTYPE ((pure_SHIFTIOP (a) ((0
  ITYPE__op_ORI__rd__rust__all_constructed COMPOSED  (pure_RTYPE ((pure_RTYPE ((pure_RTYPE ((pure_SHIFTIOP ((pure_RTYPE ((pure_SHIFTIOP (a) ((0
  ITYPE__op_ANDI__rd__c__all_constructed   REFUSED  no certified pure form for UTYPE (an effect in an arm beyond register reads: ((← (get_arch_pc ())) + off))
  ITYPE__op_ANDI__rd__rust__all_constructed COMPOSED  (pure_RTYPE ((pure_SHIFTIOP ((pure_SHIFTIOP ((pure_RTYPE (a) ((pure_ITYPE ((pure_RTYPE ((p
  DIVW__is_unsigned_False__rd__c__all_constructed REFUSED  17821 instructions, above the walk's bound of 400
  DIVW__is_unsigned_False__rd__rust__all_constructed REFUSED  19308 instructions, above the walk's bound of 400
  DIVW__is_unsigned_True__rd__cpp__all_constructed REFUSED  16834 instructions, above the walk's bound of 400
  DIV__is_unsigned_False__rd__c__all_constructed REFUSED  17803 instructions, above the walk's bound of 400
  DIV__is_unsigned_False__rd__rust__all_constructed REFUSED  19292 instructions, above the walk's bound of 400
  DIV__is_unsigned_True__rd__cpp__all_constructed REFUSED  16859 instructions, above the walk's bound of 400
  DIV__is_unsigned_True__rd__go__all_constructed REFUSED  carve found no instructions for main.main.emu_DIV__is_unsigned_True__rd__go__all_constructed
  CTZW__one__rd__cpp__all_constructed      REFUSED  reads x2, outside the ABI arguments
  CTZW__one__rd__go__all_constructed       REFUSED  carve found no instructions for main.main.emu_CTZW__one__rd__go__all_constructed
  CTZ__one__rd__cpp__all_constructed       REFUSED  no certified pure form for ZICOND_RTYPE (an element the rule does not know: let condition ← (( do)
  CTZ__one__rd__go__all_constructed        REFUSED  carve found no instructions for main.main.emu_CTZ__one__rd__go__all_constructed
  CPOP__one__rd__cpp__all_constructed      REFUSED  2028 instructions, above the walk's bound of 400
  CPOP__one__rd__go__all_constructed       REFUSED  carve found no instructions for main.main.emu_CPOP__one__rd__go__all_constructed
  CLZW__one__rd__cpp__all_constructed      REFUSED  no certified pure form for ZICOND_RTYPE (an element the rule does not know: let condition ← (( do)
  CLZW__one__rd__go__all_constructed       REFUSED  carve found no instructions for main.main.emu_CLZW__one__rd__go__all_constructed
  CLZ__one__rd__cpp__all_constructed       REFUSED  no certified pure form for ZICOND_RTYPE (an element the rule does not know: let condition ← (( do)
  CLZ__one__rd__go__all_constructed        REFUSED  carve found no instructions for main.main.emu_CLZ__one__rd__go__all_constructed
  BTYPE__op_BEQ__branch_condition__cpp__all_constructed COMPOSED  (pure_ZBB_RTYPE ((pure_ITYPE (zero_reg) (((sign_extend (m := 12) (0x01#6)))) (ADDI))) ((pu
  BTYPE__op_BEQ__branch_condition__go__all_constructed REFUSED  carve found no instructions for main.main.emu_BTYPE__op_BEQ__branch_condition__go__all_constructed
  BTYPE__op_BEQ__pc__cpp__all_constructed  COMPOSED  (pure_RTYPE ((pure_RTYPE (a) ((pure_RTYPE ((pure_SHIFTIOP ((pure_RTYPE ((pure_ZBS_IOP (b) 
  BTYPE__op_BEQ__pc__go__all_constructed   REFUSED  carve found no instructions for main.main.emu_BTYPE__op_BEQ__pc__go__all_constructed
  BTYPE__op_BNE__branch_condition__cpp__all_constructed COMPOSED  (pure_ITYPE ((pure_RTYPE ((pure_RTYPE ((pure_RTYPE ((pure_RTYPE ((pure_RTYPE ((pure_RTYPE 
  BTYPE__op_BNE__branch_condition__go__all_constructed REFUSED  carve found no instructions for main.main.emu_BTYPE__op_BNE__branch_condition__go__all_constructed
  BTYPE__op_BNE__pc__cpp__all_constructed  COMPOSED  (pure_RTYPE ((pure_RTYPE (a) ((pure_RTYPE ((pure_SHIFTIOP ((pure_RTYPE ((pure_ZBS_IOP (b) 
  BTYPE__op_BNE__pc__go__all_constructed   REFUSED  carve found no instructions for main.main.emu_BTYPE__op_BNE__pc__go__all_constructed
  BTYPE__op_BLT__branch_condition__cpp__all_constructed REFUSED  register of read r not resolved
  BTYPE__op_BLT__branch_condition__go__all_constructed REFUSED  carve found no instructions for main.main.emu_BTYPE__op_BLT__branch_condition__go__all_constructed
  BTYPE__op_BLT__pc__cpp__all_constructed  COMPOSED  (pure_RTYPE ((pure_RTYPE (a) ((pure_RTYPE ((pure_SHIFTIOP ((pure_RTYPE ((pure_ZBS_IOP (b) 
  BTYPE__op_BLT__pc__go__all_constructed   REFUSED  carve found no instructions for main.main.emu_BTYPE__op_BLT__pc__go__all_constructed
  BTYPE__op_BGE__branch_condition__cpp__all_constructed COMPOSED  (pure_SHIFTIOP ((pure_RTYPE ((pure_RTYPE ((pure_RTYPE ((pure_RTYPE ((pure_RTYPE ((pure_RTY
  BTYPE__op_BGE__branch_condition__go__all_constructed REFUSED  carve found no instructions for main.main.emu_BTYPE__op_BGE__branch_condition__go__all_constructed
  BTYPE__op_BGE__pc__cpp__all_constructed  COMPOSED  (pure_RTYPE ((pure_RTYPE (a) ((pure_RTYPE ((pure_SHIFTIOP ((pure_RTYPE ((pure_ZBS_IOP (b) 
  BTYPE__op_BGE__pc__go__all_constructed   REFUSED  carve found no instructions for main.main.emu_BTYPE__op_BGE__pc__go__all_constructed
  BTYPE__op_BLTU__branch_condition__cpp__all_constructed REFUSED  register of read r not resolved
  BTYPE__op_BLTU__branch_condition__go__all_constructed REFUSED  carve found no instructions for main.main.emu_BTYPE__op_BLTU__branch_condition__go__all_constructed
  BTYPE__op_BLTU__pc__cpp__all_constructed COMPOSED  (pure_RTYPE ((pure_RTYPE (a) ((pure_RTYPE ((pure_SHIFTIOP ((pure_RTYPE ((pure_ZBS_IOP (b) 
  BTYPE__op_BLTU__pc__go__all_constructed  REFUSED  carve found no instructions for main.main.emu_BTYPE__op_BLTU__pc__go__all_constructed
  BTYPE__op_BGEU__branch_condition__cpp__all_constructed COMPOSED  (pure_SHIFTIOP ((pure_RTYPE ((pure_RTYPE ((pure_RTYPE ((pure_RTYPE ((pure_RTYPE ((pure_RTY
  BTYPE__op_BGEU__branch_condition__go__all_constructed REFUSED  carve found no instructions for main.main.emu_BTYPE__op_BGEU__branch_condition__go__all_constructed
  BTYPE__op_BGEU__pc__cpp__all_constructed COMPOSED  (pure_RTYPE ((pure_RTYPE (a) ((pure_RTYPE ((pure_SHIFTIOP ((pure_RTYPE ((pure_ZBS_IOP (b) 
  BTYPE__op_BGEU__pc__go__all_constructed  REFUSED  carve found no instructions for main.main.emu_BTYPE__op_BGEU__pc__go__all_constructed
  BREV8__one__rd__cpp__all_constructed     COMPOSED  (pure_ZBA_RTYPE ((pure_RTYPE ((pure_ZBA_RTYPE ((pure_RTYPE ((pure_RTYPE ((pure_ZBS_IOP (a)
  BREV8__one__rd__go__all_constructed      REFUSED  carve found no instructions for main.main.emu_BREV8__one__rd__go__all_constructed
  ADDIW__one__rd__cpp__all_constructed     COMPOSED  (pure_ZBA_RTYPEUW ((pure_RTYPE ((pure_RTYPE (a) ((pure_RTYPE ((pure_ZBS_IOP ((pure_ITYPE (
  ADDIW__one__rd__go__all_constructed      REFUSED  carve found no instructions for main.main.emu_ADDIW__one__rd__go__all_constructed
  walk: certified 0, failed 0, refused 154, of 260
