  proof lib LeanIM; executable lib LeanIMPrExecutable; decoder state: s0
  emitted definitions scanned: 4750; lean-sail definitions indexed: 137
  decode: 2628 words, lean rc=0, 823.2s
  register expressions evaluated: 10 of 10 (5.1s)
  certifying with 1 Lean job(s) at a time
  ZIMOP_MOP_RR__one__rd__cpp__native_first COMPOSED  (pure_ITYPE (zero_reg) (((sign_extend (m := 12) (0x00#6)))) (ADDI))
  ZIMOP_MOP_RR__one__rd__go__native_first  REFUSED  carve found no instructions for main.main.emu_ZIMOP_MOP_RR__one__rd__go__native_first
  ZIMOP_MOP_R__one__rd__cpp__native_first  COMPOSED  (pure_ITYPE (zero_reg) (((sign_extend (m := 12) (0x00#6)))) (ADDI))
  ZIMOP_MOP_R__one__rd__go__native_first   REFUSED  carve found no instructions for main.main.emu_ZIMOP_MOP_R__one__rd__go__native_first
  ZBS_RTYPE__op_BCLR__rd__cpp__native_first COMPOSED  (pure_ZBS_RTYPE (b) (a) (LeanIM.brop_zbs.BCLR))
  ZBS_RTYPE__op_BCLR__rd__go__native_first REFUSED  carve found no instructions for main.main.emu_ZBS_RTYPE__op_BCLR__rd__go__native_first
  ZBS_RTYPE__op_BEXT__rd__cpp__native_first COMPOSED  (pure_ZBS_RTYPE (a) (b) (LeanIM.brop_zbs.BEXT))
  ZBS_RTYPE__op_BEXT__rd__go__native_first REFUSED  carve found no instructions for main.main.emu_ZBS_RTYPE__op_BEXT__rd__go__native_first
  ZBS_RTYPE__op_BINV__rd__cpp__native_first COMPOSED  (pure_ZBS_RTYPE (a) (b) (LeanIM.brop_zbs.BINV))
  ZBS_RTYPE__op_BINV__rd__go__native_first REFUSED  carve found no instructions for main.main.emu_ZBS_RTYPE__op_BINV__rd__go__native_first
  ZBS_RTYPE__op_BSET__rd__cpp__native_first COMPOSED  (pure_ZBS_RTYPE (a) (b) (LeanIM.brop_zbs.BSET))
  ZBS_RTYPE__op_BSET__rd__go__native_first REFUSED  carve found no instructions for main.main.emu_ZBS_RTYPE__op_BSET__rd__go__native_first
  ZBS_IOP__op_BCLRI__rd__cpp__native_first COMPOSED  (pure_ZBS_RTYPE (b) (a) (LeanIM.brop_zbs.BCLR))
  ZBS_IOP__op_BCLRI__rd__go__native_first  REFUSED  carve found no instructions for main.main.emu_ZBS_IOP__op_BCLRI__rd__go__native_first
  ZBS_IOP__op_BEXTI__rd__cpp__native_first COMPOSED  (pure_ZBS_RTYPE (a) (b) (LeanIM.brop_zbs.BEXT))
  ZBS_IOP__op_BEXTI__rd__go__native_first  REFUSED  carve found no instructions for main.main.emu_ZBS_IOP__op_BEXTI__rd__go__native_first
  ZBS_IOP__op_BINVI__rd__cpp__native_first COMPOSED  (pure_ZBS_RTYPE (a) (b) (LeanIM.brop_zbs.BINV))
  ZBS_IOP__op_BINVI__rd__go__native_first  REFUSED  carve found no instructions for main.main.emu_ZBS_IOP__op_BINVI__rd__go__native_first
  ZBS_IOP__op_BSETI__rd__cpp__native_first COMPOSED  (pure_ZBS_RTYPE (a) (b) (LeanIM.brop_zbs.BSET))
  ZBS_IOP__op_BSETI__rd__go__native_first  REFUSED  carve found no instructions for main.main.emu_ZBS_IOP__op_BSETI__rd__go__native_first
  ZBKB_RTYPE__op_PACK__rd__cpp__native_first COMPOSED  (pure_ZBA_RTYPEUW (b) ((pure_SHIFTIOP (a) ((0x20#6)) (SLLI))) (0x0#2))
  ZBKB_RTYPE__op_PACK__rd__go__native_first REFUSED  carve found no instructions for main.main.emu_ZBKB_RTYPE__op_PACK__rd__go__native_first
  ZBKB_RTYPE__op_PACKH__rd__cpp__native_first COMPOSED  (pure_RTYPE ((pure_SHIFTIOP (a) ((0x08#6)) (SLLI))) (b) (OR))
  ZBKB_RTYPE__op_PACKH__rd__go__native_first REFUSED  carve found no instructions for main.main.emu_ZBKB_RTYPE__op_PACKH__rd__go__native_first
  ZBB_RTYPEW__op_ROLW__rd__cpp__native_first REFUSED  no certified pure form for ZICOND_RTYPE (an element the rule does not know: let condition ← (( do)
  ZBB_RTYPEW__op_ROLW__rd__go__native_first REFUSED  carve found no instructions for main.main.emu_ZBB_RTYPEW__op_ROLW__rd__go__native_first
  ZBB_RTYPEW__op_RORW__rd__cpp__native_first REFUSED  no certified pure form for ZICOND_RTYPE (an element the rule does not know: let condition ← (( do)
  ZBB_RTYPEW__op_RORW__rd__go__native_first REFUSED  carve found no instructions for main.main.emu_ZBB_RTYPEW__op_RORW__rd__go__native_first
  ZBB_RTYPE__op_ANDN__rd__cpp__native_first COMPOSED  (pure_ZBB_RTYPE (a) (b) (LeanIM.brop_zbb.ANDN))
  ZBB_RTYPE__op_ANDN__rd__go__native_first REFUSED  carve found no instructions for main.main.emu_ZBB_RTYPE__op_ANDN__rd__go__native_first
  ZBB_RTYPE__op_ORN__rd__cpp__native_first COMPOSED  (pure_ZBB_RTYPE (a) (b) (LeanIM.brop_zbb.ORN))
  ZBB_RTYPE__op_ORN__rd__go__native_first  REFUSED  carve found no instructions for main.main.emu_ZBB_RTYPE__op_ORN__rd__go__native_first
  ZBB_RTYPE__op_XNOR__rd__cpp__native_first COMPOSED  (pure_ZBB_RTYPE (a) (b) (LeanIM.brop_zbb.XNOR))
  ZBB_RTYPE__op_XNOR__rd__go__native_first REFUSED  carve found no instructions for main.main.emu_ZBB_RTYPE__op_XNOR__rd__go__native_first
  ZBB_RTYPE__op_MAX__rd__cpp__native_first COMPOSED  (pure_ZBB_RTYPE (a) (b) (LeanIM.brop_zbb.MAX))
  ZBB_RTYPE__op_MAX__rd__go__native_first  REFUSED  carve found no instructions for main.main.emu_ZBB_RTYPE__op_MAX__rd__go__native_first
  ZBB_RTYPE__op_MAXU__rd__cpp__native_first COMPOSED  (pure_ZBB_RTYPE (a) (b) (LeanIM.brop_zbb.MAXU))
  ZBB_RTYPE__op_MAXU__rd__go__native_first REFUSED  carve found no instructions for main.main.emu_ZBB_RTYPE__op_MAXU__rd__go__native_first
  ZBB_RTYPE__op_MIN__rd__cpp__native_first COMPOSED  (pure_ZBB_RTYPE (b) (a) (LeanIM.brop_zbb.MIN))
  ZBB_RTYPE__op_MIN__rd__go__native_first  REFUSED  carve found no instructions for main.main.emu_ZBB_RTYPE__op_MIN__rd__go__native_first
  ZBB_RTYPE__op_MINU__rd__cpp__native_first COMPOSED  (pure_ZBB_RTYPE (b) (a) (LeanIM.brop_zbb.MINU))
  ZBB_RTYPE__op_MINU__rd__go__native_first REFUSED  carve found no instructions for main.main.emu_ZBB_RTYPE__op_MINU__rd__go__native_first
  ZBB_RTYPE__op_ROL__rd__cpp__native_first REFUSED  no certified pure form for ZICOND_RTYPE (an element the rule does not know: let condition ← (( do)
  ZBB_RTYPE__op_ROL__rd__go__native_first  REFUSED  carve found no instructions for main.main.emu_ZBB_RTYPE__op_ROL__rd__go__native_first
  ZBB_RTYPE__op_ROR__rd__cpp__native_first REFUSED  no certified pure form for ZICOND_RTYPE (an element the rule does not know: let condition ← (( do)
  ZBB_RTYPE__op_ROR__rd__go__native_first  REFUSED  carve found no instructions for main.main.emu_ZBB_RTYPE__op_ROR__rd__go__native_first
  ZBB_EXTOP__op_SEXTB__rd__cpp__native_first REFUSED  reads x2, outside the ABI arguments
  ZBB_EXTOP__op_SEXTB__rd__go__native_first REFUSED  carve found no instructions for main.main.emu_ZBB_EXTOP__op_SEXTB__rd__go__native_first
  ZBB_EXTOP__op_SEXTH__rd__cpp__native_first REFUSED  reads x2, outside the ABI arguments
  ZBB_EXTOP__op_SEXTH__rd__go__native_first REFUSED  carve found no instructions for main.main.emu_ZBB_EXTOP__op_SEXTH__rd__go__native_first
  ZBB_EXTOP__op_ZEXTH__rd__cpp__native_first COMPOSED  a
  ZBB_EXTOP__op_ZEXTH__rd__go__native_first REFUSED  carve found no instructions for main.main.emu_ZBB_EXTOP__op_ZEXTH__rd__go__native_first
  ZBA_RTYPEUW__one__rd__cpp__native_first  COMPOSED  (pure_RTYPE ((pure_RTYPE ((pure_ZBA_RTYPEUW (a) (zero_reg) (0b00#2))) ((pure_ITYPE (b) ((s
  ZBA_RTYPEUW__one__rd__go__native_first   REFUSED  carve found no instructions for main.main.emu_ZBA_RTYPEUW__one__rd__go__native_first
  ZBA_RTYPE__one__rd__cpp__native_first    COMPOSED  (pure_RTYPE ((pure_RTYPE (a) ((pure_ITYPE (b) ((sign_extend (m := 12) (0x03#6))) (ANDI))) 
  ZBA_RTYPE__one__rd__go__native_first     REFUSED  carve found no instructions for main.main.emu_ZBA_RTYPE__one__rd__go__native_first
  UTYPE__op_LUI__rd__cpp__native_first     REFUSED  reads x2, outside the ABI arguments
  UTYPE__op_LUI__rd__go__native_first      REFUSED  carve found no instructions for main.main.emu_UTYPE__op_LUI__rd__go__native_first
  UTYPE__op_AUIPC__rd__cpp__native_first   REFUSED  reads x2, outside the ABI arguments
  UTYPE__op_AUIPC__rd__go__native_first    REFUSED  carve found no instructions for main.main.emu_UTYPE__op_AUIPC__rd__go__native_first
  STORE__width_1__mem_addr__cpp__native_first REFUSED  reads x2, outside the ABI arguments
  STORE__width_1__mem_addr__go__native_first REFUSED  carve found no instructions for main.main.emu_STORE__width_1__mem_addr__go__native_first
  STORE__width_1__mem_data__cpp__native_first COMPOSED  a
  STORE__width_1__mem_data__go__native_first REFUSED  carve found no instructions for main.main.emu_STORE__width_1__mem_data__go__native_first
  STORE__width_2__mem_addr__cpp__native_first REFUSED  reads x2, outside the ABI arguments
  STORE__width_2__mem_addr__go__native_first REFUSED  carve found no instructions for main.main.emu_STORE__width_2__mem_addr__go__native_first
  STORE__width_2__mem_data__cpp__native_first COMPOSED  a
  STORE__width_2__mem_data__go__native_first REFUSED  carve found no instructions for main.main.emu_STORE__width_2__mem_data__go__native_first
  STORE__width_4__mem_addr__cpp__native_first REFUSED  reads x2, outside the ABI arguments
  STORE__width_4__mem_addr__go__native_first REFUSED  carve found no instructions for main.main.emu_STORE__width_4__mem_addr__go__native_first
  STORE__width_4__mem_data__cpp__native_first COMPOSED  a
  STORE__width_4__mem_data__go__native_first REFUSED  carve found no instructions for main.main.emu_STORE__width_4__mem_data__go__native_first
  STORE__width_8__mem_addr__cpp__native_first REFUSED  reads x2, outside the ABI arguments
  STORE__width_8__mem_addr__go__native_first REFUSED  carve found no instructions for main.main.emu_STORE__width_8__mem_addr__go__native_first
  STORE__width_8__mem_data__cpp__native_first COMPOSED  a
  STORE__width_8__mem_data__go__native_first REFUSED  carve found no instructions for main.main.emu_STORE__width_8__mem_data__go__native_first
  SLLIUW__one__rd__cpp__native_first       COMPOSED  (pure_RTYPE ((pure_ZBA_RTYPEUW (a) (zero_reg) (0b00#2))) (b) (LeanIM.rop.SLL))
  SLLIUW__one__rd__go__native_first        REFUSED  carve found no instructions for main.main.emu_SLLIUW__one__rd__go__native_first
  SHIFTIWOP__op_SLLIW__rd__cpp__native_first REFUSED  reads x2, outside the ABI arguments
  SHIFTIWOP__op_SLLIW__rd__go__native_first REFUSED  carve found no instructions for main.main.emu_SHIFTIWOP__op_SLLIW__rd__go__native_first
  SHIFTIWOP__op_SRLIW__rd__cpp__native_first REFUSED  reads x2, outside the ABI arguments
  SHIFTIWOP__op_SRLIW__rd__go__native_first REFUSED  carve found no instructions for main.main.emu_SHIFTIWOP__op_SRLIW__rd__go__native_first
  SHIFTIWOP__op_SRAIW__rd__cpp__native_first REFUSED  reads x2, outside the ABI arguments
  SHIFTIWOP__op_SRAIW__rd__go__native_first REFUSED  carve found no instructions for main.main.emu_SHIFTIWOP__op_SRAIW__rd__go__native_first
  SHIFTIOP__op_SLLI__rd__cpp__native_first COMPOSED  (pure_RTYPE (a) (b) (LeanIM.rop.SLL))
  SHIFTIOP__op_SLLI__rd__go__native_first  REFUSED  carve found no instructions for main.main.emu_SHIFTIOP__op_SLLI__rd__go__native_first
  SHIFTIOP__op_SRLI__rd__cpp__native_first COMPOSED  (pure_RTYPE (a) (b) (LeanIM.rop.SRL))
  SHIFTIOP__op_SRLI__rd__go__native_first  REFUSED  carve found no instructions for main.main.emu_SHIFTIOP__op_SRLI__rd__go__native_first
  SHIFTIOP__op_SRAI__rd__cpp__native_first COMPOSED  (pure_RTYPE (a) (b) (LeanIM.rop.SRA))
  SHIFTIOP__op_SRAI__rd__go__native_first  REFUSED  carve found no instructions for main.main.emu_SHIFTIOP__op_SRAI__rd__go__native_first
  SHA512SUM1R__one__rd__cpp__native_first  COMPOSED  (pure_RTYPE ((pure_RTYPE ((pure_RTYPE ((pure_RTYPE ((pure_RTYPE ((pure_SHIFTIOP ((pure_SHI
  SHA512SUM1R__one__rd__go__native_first   REFUSED  carve found no instructions for main.main.emu_SHA512SUM1R__one__rd__go__native_first
  SHA512SUM0R__one__rd__cpp__native_first  REFUSED  reads x2, outside the ABI arguments
  SHA512SUM0R__one__rd__go__native_first   REFUSED  carve found no instructions for main.main.emu_SHA512SUM0R__one__rd__go__native_first
  SHA512SIG1L__one__rd__cpp__native_first  REFUSED  reads x2, outside the ABI arguments
  SHA512SIG1L__one__rd__go__native_first   REFUSED  carve found no instructions for main.main.emu_SHA512SIG1L__one__rd__go__native_first
  SHA512SIG1H__one__rd__cpp__native_first  REFUSED  no certified pure form for UTYPE (an effect in an arm beyond register reads: ((← (get_arch_pc ())) + off))
  SHA512SIG1H__one__rd__go__native_first   REFUSED  carve found no instructions for main.main.emu_SHA512SIG1H__one__rd__go__native_first
  SHA512SIG0L__one__rd__cpp__native_first  REFUSED  reads x2, outside the ABI arguments
  SHA512SIG0L__one__rd__go__native_first   REFUSED  carve found no instructions for main.main.emu_SHA512SIG0L__one__rd__go__native_first
  SHA512SIG0H__one__rd__cpp__native_first  COMPOSED  (pure_RTYPE ((pure_RTYPE ((pure_RTYPE ((pure_SHIFTIOP ((pure_RTYPE ((pure_SHIFTIOP (a) ((0
  SHA512SIG0H__one__rd__go__native_first   REFUSED  carve found no instructions for main.main.emu_SHA512SIG0H__one__rd__go__native_first
  RTYPEW__op_ADDW__rd__cpp__native_first   REFUSED  reads x2, outside the ABI arguments
  RTYPEW__op_ADDW__rd__go__native_first    REFUSED  carve found no instructions for main.main.emu_RTYPEW__op_ADDW__rd__go__native_first
  RTYPEW__op_SUBW__rd__cpp__native_first   REFUSED  reads x2, outside the ABI arguments
  RTYPEW__op_SUBW__rd__go__native_first    REFUSED  carve found no instructions for main.main.emu_RTYPEW__op_SUBW__rd__go__native_first
  RTYPEW__op_SLLW__rd__cpp__native_first   REFUSED  reads x2, outside the ABI arguments
  RTYPEW__op_SLLW__rd__go__native_first    REFUSED  carve found no instructions for main.main.emu_RTYPEW__op_SLLW__rd__go__native_first
  RTYPEW__op_SRLW__rd__cpp__native_first   REFUSED  reads x2, outside the ABI arguments
  RTYPEW__op_SRLW__rd__go__native_first    REFUSED  carve found no instructions for main.main.emu_RTYPEW__op_SRLW__rd__go__native_first
  RTYPEW__op_SRAW__rd__cpp__native_first   REFUSED  reads x2, outside the ABI arguments
  RTYPEW__op_SRAW__rd__go__native_first    REFUSED  carve found no instructions for main.main.emu_RTYPEW__op_SRAW__rd__go__native_first
  RTYPE__op_ADD__rd__cpp__native_first     COMPOSED  (pure_RTYPE (a) (b) (ADD))
  RTYPE__op_ADD__rd__go__native_first      REFUSED  carve found no instructions for main.main.emu_RTYPE__op_ADD__rd__go__native_first
  RTYPE__op_SUB__rd__cpp__native_first     COMPOSED  (pure_RTYPE (a) (b) (SUB))
  RTYPE__op_SUB__rd__go__native_first      REFUSED  carve found no instructions for main.main.emu_RTYPE__op_SUB__rd__go__native_first
  RTYPE__op_SLL__rd__cpp__native_first     COMPOSED  (pure_RTYPE (a) (b) (LeanIM.rop.SLL))
  RTYPE__op_SLL__rd__go__native_first      REFUSED  carve found no instructions for main.main.emu_RTYPE__op_SLL__rd__go__native_first
  RTYPE__op_SLT__rd__cpp__native_first     COMPOSED  (pure_RTYPE (a) (b) (LeanIM.rop.SLT))
  RTYPE__op_SLT__rd__go__native_first      REFUSED  carve found no instructions for main.main.emu_RTYPE__op_SLT__rd__go__native_first
  RTYPE__op_SLTU__rd__cpp__native_first    COMPOSED  (pure_RTYPE (a) (b) (LeanIM.rop.SLTU))
  RTYPE__op_SLTU__rd__go__native_first     REFUSED  carve found no instructions for main.main.emu_RTYPE__op_SLTU__rd__go__native_first
  RTYPE__op_XOR__rd__cpp__native_first     COMPOSED  (pure_RTYPE (a) (b) (XOR))
  RTYPE__op_XOR__rd__go__native_first      REFUSED  carve found no instructions for main.main.emu_RTYPE__op_XOR__rd__go__native_first
  RTYPE__op_SRL__rd__cpp__native_first     COMPOSED  (pure_RTYPE (a) (b) (LeanIM.rop.SRL))
  RTYPE__op_SRL__rd__go__native_first      REFUSED  carve found no instructions for main.main.emu_RTYPE__op_SRL__rd__go__native_first
  RTYPE__op_SRA__rd__cpp__native_first     COMPOSED  (pure_RTYPE (a) (b) (LeanIM.rop.SRA))
  RTYPE__op_SRA__rd__go__native_first      REFUSED  carve found no instructions for main.main.emu_RTYPE__op_SRA__rd__go__native_first
  RTYPE__op_OR__rd__cpp__native_first      COMPOSED  (pure_RTYPE (a) (b) (OR))
  RTYPE__op_OR__rd__go__native_first       REFUSED  carve found no instructions for main.main.emu_RTYPE__op_OR__rd__go__native_first
  RTYPE__op_AND__rd__cpp__native_first     COMPOSED  (pure_RTYPE (a) (b) (AND))
  RTYPE__op_AND__rd__go__native_first      REFUSED  carve found no instructions for main.main.emu_RTYPE__op_AND__rd__go__native_first
  RORIW__one__rd__cpp__native_first        REFUSED  no certified pure form for ZICOND_RTYPE (an element the rule does not know: let condition ← (( do)
  RORIW__one__rd__go__native_first         REFUSED  carve found no instructions for main.main.emu_RORIW__one__rd__go__native_first
  RORI__one__rd__cpp__native_first         REFUSED  no certified pure form for ZICOND_RTYPE (an element the rule does not know: let condition ← (( do)
  RORI__one__rd__go__native_first          REFUSED  carve found no instructions for main.main.emu_RORI__one__rd__go__native_first
  REV8__one__rd__cpp__native_first         COMPOSED  (pure_REV8 (a))
  REV8__one__rd__go__native_first          REFUSED  carve found no instructions for main.main.emu_REV8__one__rd__go__native_first
  REMW__is_unsigned_False__rd__cpp__native_first REFUSED  483 instructions, above the walk's bound of 400
  REMW__is_unsigned_False__rd__go__native_first REFUSED  compile rc=1: ./main.go:27554:56: undefined: v27611
  REMW__is_unsigned_True__rd__cpp__native_first REFUSED  reads x2, outside the ABI arguments
  REM__is_unsigned_False__rd__c__native_first REFUSED  reads x2, outside the ABI arguments
  REM__is_unsigned_False__rd__rust__native_first REFUSED  reads x2, outside the ABI arguments
  REM__is_unsigned_True__rd__c__native_first COMPOSED  (pure_REM (b) (a) (true))
  REM__is_unsigned_True__rd__rust__native_first COMPOSED  (pure_REM (b) (a) (true))
  MULW__one__rd__c__native_first           REFUSED  reads x2, outside the ABI arguments
  MULW__one__rd__rust__native_first        REFUSED  reads x2, outside the ABI arguments
  MUL__mul_op_High_Signed_Signed__rd__c__native_first REFUSED  reads x2, outside the ABI arguments
  MUL__mul_op_High_Signed_Signed__rd__rust__native_first REFUSED  reads x2, outside the ABI arguments
  MUL__mul_op_High_Signed_Unsigned__rd__c__native_first REFUSED  reads x2, outside the ABI arguments
  MUL__mul_op_High_Signed_Unsigned__rd__rust__native_first REFUSED  reads x2, outside the ABI arguments
  MUL__mul_op_High_Unsigned_Signed__rd__c__native_first REFUSED  reads x2, outside the ABI arguments
  MUL__mul_op_High_Unsigned_Signed__rd__rust__native_first REFUSED  reads x2, outside the ABI arguments
  MUL__mul_op_High_Unsigned_Unsigned__rd__c__native_first COMPOSED  (pure_MUL (b) (a) ({ result_part := LeanIM.VectorHalf.High, signed_rs1 := LeanIM.Signednes
  MUL__mul_op_High_Unsigned_Unsigned__rd__rust__native_first COMPOSED  (pure_MUL (b) (a) ({ result_part := LeanIM.VectorHalf.High, signed_rs1 := LeanIM.Signednes
  MUL__mul_op_Low_Signed_Signed__rd__c__native_first COMPOSED  (pure_MUL (a) (b) ({ result_part := Low, signed_rs1 := Signed, signed_rs2 := Signed }))
  MUL__mul_op_Low_Signed_Signed__rd__rust__native_first COMPOSED  (pure_MUL (b) (a) ({ result_part := LeanIM.VectorHalf.Low, signed_rs1 := LeanIM.Signedness
  MUL__mul_op_Low_Signed_Unsigned__rd__c__native_first COMPOSED  (pure_MUL (a) (b) ({ result_part := Low, signed_rs1 := Signed, signed_rs2 := Signed }))
  MUL__mul_op_Low_Signed_Unsigned__rd__rust__native_first COMPOSED  (pure_MUL (b) (a) ({ result_part := LeanIM.VectorHalf.Low, signed_rs1 := LeanIM.Signedness
  MUL__mul_op_Low_Unsigned_Signed__rd__c__native_first COMPOSED  (pure_MUL (a) (b) ({ result_part := Low, signed_rs1 := Signed, signed_rs2 := Signed }))
  MUL__mul_op_Low_Unsigned_Signed__rd__rust__native_first COMPOSED  (pure_MUL (b) (a) ({ result_part := LeanIM.VectorHalf.Low, signed_rs1 := LeanIM.Signedness
  MUL__mul_op_Low_Unsigned_Unsigned__rd__c__native_first COMPOSED  (pure_MUL (a) (b) ({ result_part := Low, signed_rs1 := Signed, signed_rs2 := Signed }))
  MUL__mul_op_Low_Unsigned_Unsigned__rd__rust__native_first COMPOSED  (pure_MUL (b) (a) ({ result_part := LeanIM.VectorHalf.Low, signed_rs1 := LeanIM.Signedness
  LOAD__is_unsigned_False__width_1__mem_addr__c__native_first REFUSED  reads x2, outside the ABI arguments
  LOAD__is_unsigned_False__width_1__mem_addr__rust__native_first REFUSED  reads x2, outside the ABI arguments
  LOAD__is_unsigned_False__width_1__rd__c__native_first REFUSED  reads x2, outside the ABI arguments
  LOAD__is_unsigned_False__width_1__rd__rust__native_first REFUSED  reads x2, outside the ABI arguments
  LOAD__is_unsigned_False__width_2__mem_addr__c__native_first REFUSED  reads x2, outside the ABI arguments
  LOAD__is_unsigned_False__width_2__mem_addr__rust__native_first REFUSED  reads x2, outside the ABI arguments
  LOAD__is_unsigned_False__width_2__rd__c__native_first REFUSED  reads x2, outside the ABI arguments
  LOAD__is_unsigned_False__width_2__rd__rust__native_first REFUSED  reads x2, outside the ABI arguments
  LOAD__is_unsigned_False__width_4__mem_addr__c__native_first REFUSED  reads x2, outside the ABI arguments
  LOAD__is_unsigned_False__width_4__mem_addr__rust__native_first REFUSED  reads x2, outside the ABI arguments
  LOAD__is_unsigned_False__width_4__rd__c__native_first REFUSED  reads x2, outside the ABI arguments
  LOAD__is_unsigned_False__width_4__rd__rust__native_first REFUSED  reads x2, outside the ABI arguments
  LOAD__is_unsigned_False__width_8__mem_addr__c__native_first REFUSED  reads x2, outside the ABI arguments
  LOAD__is_unsigned_False__width_8__mem_addr__rust__native_first REFUSED  reads x2, outside the ABI arguments
  LOAD__is_unsigned_False__width_8__rd__c__native_first COMPOSED  a
  LOAD__is_unsigned_False__width_8__rd__rust__native_first COMPOSED  a
  LOAD__is_unsigned_True__width_1__mem_addr__c__native_first REFUSED  reads x2, outside the ABI arguments
  LOAD__is_unsigned_True__width_1__mem_addr__rust__native_first REFUSED  reads x2, outside the ABI arguments
  LOAD__is_unsigned_True__width_1__rd__c__native_first COMPOSED  a
  LOAD__is_unsigned_True__width_1__rd__rust__native_first COMPOSED  a
  LOAD__is_unsigned_True__width_2__mem_addr__c__native_first REFUSED  reads x2, outside the ABI arguments
  LOAD__is_unsigned_True__width_2__mem_addr__rust__native_first REFUSED  reads x2, outside the ABI arguments
  LOAD__is_unsigned_True__width_2__rd__c__native_first COMPOSED  a
  LOAD__is_unsigned_True__width_2__rd__rust__native_first COMPOSED  a
  LOAD__is_unsigned_True__width_4__mem_addr__c__native_first REFUSED  reads x2, outside the ABI arguments
  LOAD__is_unsigned_True__width_4__mem_addr__rust__native_first REFUSED  reads x2, outside the ABI arguments
  LOAD__is_unsigned_True__width_4__rd__c__native_first COMPOSED  (pure_ZBA_RTYPEUW (a) (zero_reg) (0b00#2))
  LOAD__is_unsigned_True__width_4__rd__rust__native_first COMPOSED  (pure_SHIFTIOP ((pure_SHIFTIOP (a) ((0x20#6)) (SLLI))) ((0x20#6)) (SRLI))
  LOAD__is_unsigned_True__width_8__mem_addr__c__native_first REFUSED  reads x2, outside the ABI arguments
  LOAD__is_unsigned_True__width_8__mem_addr__rust__native_first REFUSED  reads x2, outside the ABI arguments
  LOAD__is_unsigned_True__width_8__rd__c__native_first COMPOSED  a
  LOAD__is_unsigned_True__width_8__rd__rust__native_first COMPOSED  a
  JALR__one__pc__c__native_first           REFUSED  reads x2, outside the ABI arguments
  JALR__one__pc__rust__native_first        REFUSED  reads x2, outside the ABI arguments
  JALR__one__rd__c__native_first           COMPOSED  a
  JALR__one__rd__rust__native_first        COMPOSED  a
  JAL__one__pc__c__native_first            REFUSED  reads x2, outside the ABI arguments
  JAL__one__pc__rust__native_first         REFUSED  reads x2, outside the ABI arguments
  JAL__one__rd__c__native_first            COMPOSED  a
  JAL__one__rd__rust__native_first         COMPOSED  a
  ITYPE__op_ADDI__rd__c__native_first      REFUSED  reads x2, outside the ABI arguments
  ITYPE__op_ADDI__rd__rust__native_first   REFUSED  reads x2, outside the ABI arguments
  ITYPE__op_SLTI__rd__c__native_first      REFUSED  reads x2, outside the ABI arguments
  ITYPE__op_SLTI__rd__rust__native_first   REFUSED  reads x2, outside the ABI arguments
  ITYPE__op_SLTIU__rd__c__native_first     REFUSED  reads x2, outside the ABI arguments
  ITYPE__op_SLTIU__rd__rust__native_first  REFUSED  reads x2, outside the ABI arguments
  ITYPE__op_XORI__rd__c__native_first      REFUSED  410 instructions, above the walk's bound of 400
  ITYPE__op_XORI__rd__rust__native_first   REFUSED  410 instructions, above the walk's bound of 400
  ITYPE__op_ORI__rd__c__native_first       REFUSED  reads x2, outside the ABI arguments
  ITYPE__op_ORI__rd__rust__native_first    REFUSED  reads x2, outside the ABI arguments
  ITYPE__op_ANDI__rd__c__native_first      REFUSED  reads x2, outside the ABI arguments
  ITYPE__op_ANDI__rd__rust__native_first   REFUSED  reads x2, outside the ABI arguments
  DIVW__is_unsigned_False__rd__c__native_first REFUSED  497 instructions, above the walk's bound of 400
  DIVW__is_unsigned_False__rd__rust__native_first REFUSED  496 instructions, above the walk's bound of 400
  DIVW__is_unsigned_True__rd__cpp__native_first REFUSED  reads x2, outside the ABI arguments
  DIV__is_unsigned_False__rd__c__native_first REFUSED  reads x2, outside the ABI arguments
  DIV__is_unsigned_False__rd__rust__native_first REFUSED  reads x2, outside the ABI arguments
  DIV__is_unsigned_True__rd__cpp__native_first COMPOSED  (pure_DIV (b) (a) (true))
  DIV__is_unsigned_True__rd__go__native_first REFUSED  compile rc=1: ./main.go:16:79: undefined: v27826
  CTZW__one__rd__cpp__native_first         REFUSED  reads x2, outside the ABI arguments
  CTZW__one__rd__go__native_first          REFUSED  carve found no instructions for main.main.emu_CTZW__one__rd__go__native_first
  CTZ__one__rd__cpp__native_first          REFUSED  no certified pure form for ZICOND_RTYPE (an element the rule does not know: let condition ← (( do)
  CTZ__one__rd__go__native_first           REFUSED  carve found no instructions for main.main.emu_CTZ__one__rd__go__native_first
  CPOP__one__rd__cpp__native_first         REFUSED  reads x2, outside the ABI arguments
  CPOP__one__rd__go__native_first          REFUSED  carve found no instructions for main.main.emu_CPOP__one__rd__go__native_first
  CLZW__one__rd__cpp__native_first         REFUSED  no certified pure form for ZICOND_RTYPE (an element the rule does not know: let condition ← (( do)
  CLZW__one__rd__go__native_first          REFUSED  carve found no instructions for main.main.emu_CLZW__one__rd__go__native_first
  CLZ__one__rd__cpp__native_first          REFUSED  no certified pure form for ZICOND_RTYPE (an element the rule does not know: let condition ← (( do)
  CLZ__one__rd__go__native_first           REFUSED  carve found no instructions for main.main.emu_CLZ__one__rd__go__native_first
  BTYPE__op_BEQ__branch_condition__cpp__native_first COMPOSED  (pure_ITYPE ((pure_RTYPE (a) (b) (XOR))) (0x001#12) (LeanIM.iop.SLTIU))
  BTYPE__op_BEQ__branch_condition__go__native_first REFUSED  carve found no instructions for main.main.emu_BTYPE__op_BEQ__branch_condition__go__native_first
  BTYPE__op_BEQ__pc__cpp__native_first     REFUSED  reads x2, outside the ABI arguments
  BTYPE__op_BEQ__pc__go__native_first      REFUSED  carve found no instructions for main.main.emu_BTYPE__op_BEQ__pc__go__native_first
  BTYPE__op_BNE__branch_condition__cpp__native_first COMPOSED  (pure_RTYPE (zero_reg) ((pure_RTYPE (a) (b) (XOR))) (LeanIM.rop.SLTU))
  BTYPE__op_BNE__branch_condition__go__native_first REFUSED  carve found no instructions for main.main.emu_BTYPE__op_BNE__branch_condition__go__native_first
  BTYPE__op_BNE__pc__cpp__native_first     REFUSED  reads x2, outside the ABI arguments
  BTYPE__op_BNE__pc__go__native_first      REFUSED  carve found no instructions for main.main.emu_BTYPE__op_BNE__pc__go__native_first
  BTYPE__op_BLT__branch_condition__cpp__native_first COMPOSED  (pure_RTYPE (a) (b) (LeanIM.rop.SLT))
  BTYPE__op_BLT__branch_condition__go__native_first REFUSED  carve found no instructions for main.main.emu_BTYPE__op_BLT__branch_condition__go__native_first
  BTYPE__op_BLT__pc__cpp__native_first     REFUSED  reads x2, outside the ABI arguments
  BTYPE__op_BLT__pc__go__native_first      REFUSED  carve found no instructions for main.main.emu_BTYPE__op_BLT__pc__go__native_first
  BTYPE__op_BGE__branch_condition__cpp__native_first COMPOSED  (pure_ITYPE ((pure_RTYPE (a) (b) (LeanIM.rop.SLT))) (0x001#12) (LeanIM.iop.XORI))
  BTYPE__op_BGE__branch_condition__go__native_first REFUSED  carve found no instructions for main.main.emu_BTYPE__op_BGE__branch_condition__go__native_first
  BTYPE__op_BGE__pc__cpp__native_first     REFUSED  reads x2, outside the ABI arguments
  BTYPE__op_BGE__pc__go__native_first      REFUSED  carve found no instructions for main.main.emu_BTYPE__op_BGE__pc__go__native_first
  BTYPE__op_BLTU__branch_condition__cpp__native_first COMPOSED  (pure_RTYPE (a) (b) (LeanIM.rop.SLTU))
  BTYPE__op_BLTU__branch_condition__go__native_first REFUSED  carve found no instructions for main.main.emu_BTYPE__op_BLTU__branch_condition__go__native_first
  BTYPE__op_BLTU__pc__cpp__native_first    REFUSED  reads x2, outside the ABI arguments
  BTYPE__op_BLTU__pc__go__native_first     REFUSED  carve found no instructions for main.main.emu_BTYPE__op_BLTU__pc__go__native_first
  BTYPE__op_BGEU__branch_condition__cpp__native_first COMPOSED  (pure_ITYPE ((pure_RTYPE (a) (b) (LeanIM.rop.SLTU))) (0x001#12) (LeanIM.iop.XORI))
  BTYPE__op_BGEU__branch_condition__go__native_first REFUSED  carve found no instructions for main.main.emu_BTYPE__op_BGEU__branch_condition__go__native_first
  BTYPE__op_BGEU__pc__cpp__native_first    REFUSED  reads x2, outside the ABI arguments
  BTYPE__op_BGEU__pc__go__native_first     REFUSED  carve found no instructions for main.main.emu_BTYPE__op_BGEU__pc__go__native_first
  BREV8__one__rd__cpp__native_first        REFUSED  reads x2, outside the ABI arguments
  BREV8__one__rd__go__native_first         REFUSED  carve found no instructions for main.main.emu_BREV8__one__rd__go__native_first
  ADDIW__one__rd__cpp__native_first        REFUSED  reads x2, outside the ABI arguments
  ADDIW__one__rd__go__native_first         REFUSED  carve found no instructions for main.main.emu_ADDIW__one__rd__go__native_first
  walk: certified 0, failed 0, refused 184, of 260
